74.125.210.179 - - [21/Jun/2022:16:57:04 +0000] "GET /feed HTTP/1.1" 404 134 "-" "FeedFetcher-Google; (+http://www.google.com/feedfetcher.html)"
185.191.171.22 - - [21/Jun/2022:16:57:33 +0000] "GET /node/194 HTTP/1.1" 302 154 "-" "Mozilla/5.0 (compatible; SemrushBot/7~bl; +http://www.semrush.com/bot.html)"
185.191.171.26 - - [21/Jun/2022:16:57:34 +0000] "GET /node/194 HTTP/1.1" 301 178 "-" "Mozilla/5.0 (compatible; SemrushBot/7~bl; +http://www.semrush.com/bot.html)"
185.191.171.6 - - [21/Jun/2022:16:57:38 +0000] "GET /node/194/ HTTP/1.1" 200 8255 "-" "Mozilla/5.0 (compatible; SemrushBot/7~bl; +http://www.semrush.com/bot.html)"
114.119.150.196 - - [21/Jun/2022:16:57:55 +0000] "GET /robots.txt HTTP/1.1" 404 134 "-" "Mozilla/5.0 (compatible;PetalBot;+https://webmaster.petalsearch.com/site/petalbot)"
114.119.147.75 - - [21/Jun/2022:16:58:52 +0000] "GET /node/467?share=twitter HTTP/1.1" 302 154 "https://mrchoke.org/node/467?replytocom=567" "Mozilla/5.0 (Linux; Android 7.0;) AppleWebKit/537.36 (KHTML, like Gecko) Mobile Safari/537.36 (compatible; PetalBot;+https://webmaster.petalsearch.com/site/petalbot)"
185.7.214.104 - - [21/Jun/2022:16:59:01 +0000] "POST /mifs/.;/services/LogService HTTP/1.1" 301 178 "https://188.166.238.131:443" "Mozilla/5.0 (Windows NT 10.0; Win64; x64) AppleWebKit/537.36 (KHTML, like Gecko) Chrome/78.0.3904.108 Safari/537.36"
114.119.147.75 - - [21/Jun/2022:16:59:04 +0000] "GET /node/467?share=twitter HTTP/1.1" 301 178 "https://mrchoke.org/node/467?replytocom=567" "Mozilla/5.0 (Linux; Android 7.0;) AppleWebKit/537.36 (KHTML, like Gecko) Mobile Safari/537.36 (compatible; PetalBot;+https://webmaster.petalsearch.com/site/petalbot)"
216.244.66.229 - - [21/Jun/2022:16:59:09 +0000] "GET /node/tag/trip/page/3 HTTP/1.1" 404 162 "-" "Mozilla/5.0 (compatible; DotBot/1.2; +https://opensiteexplorer.org/dotbot; help@moz.com)"
114.119.147.75 - - [21/Jun/2022:16:59:13 +0000] "GET /node/467/?share=twitter HTTP/1.1" 200 9044 "https://mrchoke.org/node/467?replytocom=567" "Mozilla/5.0 (Linux; Android 7.0;) AppleWebKit/537.36 (KHTML, like Gecko) Mobile Safari/537.36 (compatible; PetalBot;+https://webmaster.petalsearch.com/site/petalbot)"
114.119.147.86 - - [21/Jun/2022:16:59:54 +0000] "GET /node/1862/ch7_6455?share=reddit HTTP/1.1" 302 154 "https://mrchoke.org/node/1862/ch7_6455?ak_action=accept_mobile" "Mozilla/5.0 (Linux; Android 7.0;) AppleWebKit/537.36 (KHTML, like Gecko) Mobile Safari/537.36 (compatible; PetalBot;+https://webmaster.petalsearch.com/site/petalbot)"
114.119.147.86 - - [21/Jun/2022:17:00:00 +0000] "GET /node/1862/ch7_6455?share=reddit HTTP/1.1" 301 178 "https://mrchoke.org/node/1862/ch7_6455?ak_action=accept_mobile" "Mozilla/5.0 (Linux; Android 7.0;) AppleWebKit/537.36 (KHTML, like Gecko) Mobile Safari/537.36 (compatible; PetalBot;+https://webmaster.petalsearch.com/site/petalbot)"
114.119.147.86 - - [21/Jun/2022:17:00:07 +0000] "GET /node/1862/ch7_6455/?share=reddit HTTP/1.1" 200 7897 "https://mrchoke.org/node/1862/ch7_6455?ak_action=accept_mobile" "Mozilla/5.0 (Linux; Android 7.0;) AppleWebKit/537.36 (KHTML, like Gecko) Mobile Safari/537.36 (compatible; PetalBot;+https://webmaster.petalsearch.com/site/petalbot)"
185.191.171.8 - - [21/Jun/2022:17:01:33 +0000] "GET /node/13 HTTP/1.1" 301 178 "-" "Mozilla/5.0 (compatible; SemrushBot/7~bl; +http://www.semrush.com/bot.html)"
185.191.171.11 - - [21/Jun/2022:17:01:36 +0000] "GET /node/13/ HTTP/1.1" 200 8317 "-" "Mozilla/5.0 (compatible; SemrushBot/7~bl; +http://www.semrush.com/bot.html)"
114.119.147.75 - - [21/Jun/2022:17:02:57 +0000] "GET /node/234?share=linkedin HTTP/1.1" 302 154 "https://mrchoke.org/node/234?ak_action=reject_mobile" "Mozilla/5.0 (Linux; Android 7.0;) AppleWebKit/537.36 (KHTML, like Gecko) Mobile Safari/537.36 (compatible; PetalBot;+https://webmaster.petalsearch.com/site/petalbot)"
114.119.147.75 - - [21/Jun/2022:17:03:08 +0000] "GET /node/234?share=linkedin HTTP/1.1" 301 178 "https://mrchoke.org/node/234?ak_action=reject_mobile" "Mozilla/5.0 (Linux; Android 7.0;) AppleWebKit/537.36 (KHTML, like Gecko) Mobile Safari/537.36 (compatible; PetalBot;+https://webmaster.petalsearch.com/site/petalbot)"
114.119.147.74 - - [21/Jun/2022:17:03:25 +0000] "GET /node/14?share=linkedin HTTP/1.1" 302 154 "https://mrchoke.org/node/14?ak_action=reject_mobile" "Mozilla/5.0 (Linux; Android 7.0;) AppleWebKit/537.36 (KHTML, like Gecko) Mobile Safari/537.36 (compatible; PetalBot;+https://webmaster.petalsearch.com/site/petalbot)"
114.119.147.74 - - [21/Jun/2022:17:03:32 +0000] "GET /node/14?share=linkedin HTTP/1.1" 301 178 "https://mrchoke.org/node/14?ak_action=reject_mobile" "Mozilla/5.0 (Linux; Android 7.0;) AppleWebKit/537.36 (KHTML, like Gecko) Mobile Safari/537.36 (compatible; PetalBot;+https://webmaster.petalsearch.com/site/petalbot)"
114.119.147.74 - - [21/Jun/2022:17:03:44 +0000] "GET /node/14/?share=linkedin HTTP/1.1" 200 9151 "https://mrchoke.org/node/14?ak_action=reject_mobile" "Mozilla/5.0 (Linux; Android 7.0;) AppleWebKit/537.36 (KHTML, like Gecko) Mobile Safari/537.36 (compatible; PetalBot;+https://webmaster.petalsearch.com/site/petalbot)"
216.244.66.229 - - [21/Jun/2022:17:03:59 +0000] "GET /img_7324/ HTTP/1.1" 404 162 "-" "Mozilla/5.0 (compatible; DotBot/1.2; +https://opensiteexplorer.org/dotbot; help@moz.com)"
114.119.147.81 - - [21/Jun/2022:17:05:15 +0000] "GET /wp-content/uploads/2014/01/IMG_7255-300x225.jpg HTTP/1.1" 200 30808 "https://mrchoke.org/page/8?ak_action=reject_mobile" "Mozilla/5.0 (Linux; Android 7.0;) AppleWebKit/537.36 (KHTML, like Gecko) Mobile Safari/537.36 (compatible; PetalBot;+https://webmaster.petalsearch.com/site/petalbot)"
114.119.147.86 - - [21/Jun/2022:17:06:59 +0000] "GET /node/790/img_6126?share=linkedin HTTP/1.1" 302 154 "http://mrchoke.org/node/790/img_6126" "Mozilla/5.0 (Linux; Android 7.0;) AppleWebKit/537.36 (KHTML, like Gecko) Mobile Safari/537.36 (compatible; PetalBot;+https://webmaster.petalsearch.com/site/petalbot)"
185.21.216.169 - - [21/Jun/2022:17:07:01 +0000] "GET / HTTP/1.1" 200 396 "-" "Mozilla/5.0 (Macintosh; Intel Mac OS X 10_15_7) AppleWebKit/537.36 (KHTML, like Gecko) Chrome/102.0.0.0 Safari/537.36"
114.119.147.86 - - [21/Jun/2022:17:07:10 +0000] "GET /node/790/img_6126?share=linkedin HTTP/1.1" 301 178 "http://mrchoke.org/node/790/img_6126" "Mozilla/5.0 (Linux; Android 7.0;) AppleWebKit/537.36 (KHTML, like Gecko) Mobile Safari/537.36 (compatible; PetalBot;+https://webmaster.petalsearch.com/site/petalbot)"
51.222.253.20 - - [21/Jun/2022:17:08:29 +0000] "GET /node/date/2014/01/16/ HTTP/2.0" 200 9321 "-" "Mozilla/5.0 (compatible; AhrefsBot/7.0; +http://ahrefs.com/robot/)"
114.119.147.87 - - [21/Jun/2022:17:08:39 +0000] "GET /node/179 HTTP/1.1" 301 178 "https://static.mrchoke.org/node/178" "Mozilla/5.0 (Linux; Android 7.0;) AppleWebKit/537.36 (KHTML, like Gecko) Mobile Safari/537.36 (compatible; PetalBot;+https://webmaster.petalsearch.com/site/petalbot)"
114.119.147.87 - - [21/Jun/2022:17:08:45 +0000] "GET /node/179/ HTTP/1.1" 200 10452 "https://static.mrchoke.org/node/178" "Mozilla/5.0 (Linux; Android 7.0;) AppleWebKit/537.36 (KHTML, like Gecko) Mobile Safari/537.36 (compatible; PetalBot;+https://webmaster.petalsearch.com/site/petalbot)"
34.78.96.74 - - [21/Jun/2022:17:08:49 +0000] "GET / HTTP/1.1" 200 612 "-" "Mozilla/5.0 (Windows NT 10.0; Win64; x64) AppleWebKit/537.36 (KHTML, like Gecko) Chrome/84.0.4147.105 Safari/537.36"
114.119.147.97 - - [21/Jun/2022:17:10:03 +0000] "GET /node/83?share=twitter HTTP/1.1" 302 154 "https://mrchoke.org/node/83" "Mozilla/5.0 (Linux; Android 7.0;) AppleWebKit/537.36 (KHTML, like Gecko) Mobile Safari/537.36 (compatible; PetalBot;+https://webmaster.petalsearch.com/site/petalbot)"
114.119.147.97 - - [21/Jun/2022:17:10:09 +0000] "GET /node/83?share=twitter HTTP/1.1" 301 178 "https://mrchoke.org/node/83" "Mozilla/5.0 (Linux; Android 7.0;) AppleWebKit/537.36 (KHTML, like Gecko) Mobile Safari/537.36 (compatible; PetalBot;+https://webmaster.petalsearch.com/site/petalbot)"
114.119.147.97 - - [21/Jun/2022:17:10:12 +0000] "GET /node/83/?share=twitter HTTP/1.1" 200 9008 "https://mrchoke.org/node/83" "Mozilla/5.0 (Linux; Android 7.0;) AppleWebKit/537.36 (KHTML, like Gecko) Mobile Safari/537.36 (compatible; PetalBot;+https://webmaster.petalsearch.com/site/petalbot)"
66.249.71.28 - - [21/Jun/2022:17:10:14 +0000] "GET /node/category/sniff HTTP/1.1" 301 178 "-" "Mozilla/5.0 (Linux; Android 6.0.1; Nexus 5X Build/MMB29P) AppleWebKit/537.36 (KHTML, like Gecko) Chrome/102.0.5005.115 Mobile Safari/537.36 (compatible; Googlebot/2.1; +http://www.google.com/bot.html)"
66.249.71.25 - - [21/Jun/2022:17:10:15 +0000] "GET /node/category/sniff/ HTTP/1.1" 200 7947 "-" "Mozilla/5.0 (Linux; Android 6.0.1; Nexus 5X Build/MMB29P) AppleWebKit/537.36 (KHTML, like Gecko) Chrome/102.0.5005.115 Mobile Safari/537.36 (compatible; Googlebot/2.1; +http://www.google.com/bot.html)"
66.249.71.25 - - [21/Jun/2022:17:10:37 +0000] "GET /wp-includes/js/wp-emoji-release.min.js?ver=5.7.1 HTTP/1.1" 200 14229 "https://static.mrchoke.org/node/category/sniff/" "Mozilla/5.0 (Linux; Android 6.0.1; Nexus 5X Build/MMB29P) AppleWebKit/537.36 (KHTML, like Gecko) Chrome/102.0.5005.115 Mobile Safari/537.36 (compatible; Googlebot/2.1; +http://www.google.com/bot.html)"
185.191.171.36 - - [21/Jun/2022:17:10:39 +0000] "GET /node/date/2012/04/13 HTTP/1.1" 301 178 "-" "Mozilla/5.0 (compatible; SemrushBot/7~bl; +http://www.semrush.com/bot.html)"
185.191.171.26 - - [21/Jun/2022:17:10:42 +0000] "GET /node/date/2012/04/13/ HTTP/1.1" 200 2025 "-" "Mozilla/5.0 (compatible; SemrushBot/7~bl; +http://www.semrush.com/bot.html)"
114.119.147.97 - - [21/Jun/2022:17:11:30 +0000] "GET /node/343 HTTP/1.1" 301 178 "https://mrchoke.org/node/210?share=twitter" "Mozilla/5.0 (Linux; Android 7.0;) AppleWebKit/537.36 (KHTML, like Gecko) Mobile Safari/537.36 (compatible; PetalBot;+https://webmaster.petalsearch.com/site/petalbot)"
114.119.147.97 - - [21/Jun/2022:17:11:32 +0000] "GET /node/343/ HTTP/1.1" 200 9367 "https://mrchoke.org/node/210?share=twitter" "Mozilla/5.0 (Linux; Android 7.0;) AppleWebKit/537.36 (KHTML, like Gecko) Mobile Safari/537.36 (compatible; PetalBot;+https://webmaster.petalsearch.com/site/petalbot)"
185.191.171.16 - - [21/Jun/2022:17:11:41 +0000] "GET /robots.txt HTTP/1.1" 404 134 "-" "Mozilla/5.0 (compatible; SemrushBot/7~bl; +http://www.semrush.com/bot.html)"
185.191.171.2 - - [21/Jun/2022:17:11:42 +0000] "GET /node/date/2010/05 HTTP/1.1" 302 154 "-" "Mozilla/5.0 (compatible; SemrushBot/7~bl; +http://www.semrush.com/bot.html)"
185.191.171.12 - - [21/Jun/2022:17:11:44 +0000] "GET /node/date/2010/05 HTTP/1.1" 301 178 "-" "Mozilla/5.0 (compatible; SemrushBot/7~bl; +http://www.semrush.com/bot.html)"
185.191.171.22 - - [21/Jun/2022:17:11:47 +0000] "GET /node/date/2010/05/ HTTP/1.1" 200 8256 "-" "Mozilla/5.0 (compatible; SemrushBot/7~bl; +http://www.semrush.com/bot.html)"
114.119.147.86 - - [21/Jun/2022:17:12:37 +0000] "GET /node/date/2006/05/01 HTTP/1.1" 301 178 "https://mrchoke.org/node/438" "Mozilla/5.0 (Linux; Android 7.0;) AppleWebKit/537.36 (KHTML, like Gecko) Mobile Safari/537.36 (compatible; PetalBot;+https://webmaster.petalsearch.com/site/petalbot)"
114.119.147.86 - - [21/Jun/2022:17:12:44 +0000] "GET /node/date/2006/05/01/ HTTP/1.1" 200 8292 "https://mrchoke.org/node/438" "Mozilla/5.0 (Linux; Android 7.0;) AppleWebKit/537.36 (KHTML, like Gecko) Mobile Safari/537.36 (compatible; PetalBot;+https://webmaster.petalsearch.com/site/petalbot)"
114.119.147.73 - - [21/Jun/2022:17:14:50 +0000] "GET /img_7517 HTTP/1.1" 301 178 "https://mrchoke.org/page/6?ak_action=accept_mobile" "Mozilla/5.0 (Linux; Android 7.0;) AppleWebKit/537.36 (KHTML, like Gecko) Mobile Safari/537.36 (compatible; PetalBot;+https://webmaster.petalsearch.com/site/petalbot)"
114.119.147.73 - - [21/Jun/2022:17:14:55 +0000] "GET /img_7517/ HTTP/1.1" 200 7883 "https://mrchoke.org/page/6?ak_action=accept_mobile" "Mozilla/5.0 (Linux; Android 7.0;) AppleWebKit/537.36 (KHTML, like Gecko) Mobile Safari/537.36 (compatible; PetalBot;+https://webmaster.petalsearch.com/site/petalbot)"
114.119.147.75 - - [21/Jun/2022:17:16:36 +0000] "GET /node/35?ak_action=reject_mobile HTTP/1.1" 302 154 "https://mrchoke.org/node/35?ak_action=accept_mobile" "Mozilla/5.0 (Linux; Android 7.0;) AppleWebKit/537.36 (KHTML, like Gecko) Mobile Safari/537.36 (compatible; PetalBot;+https://webmaster.petalsearch.com/site/petalbot)"
114.119.147.75 - - [21/Jun/2022:17:16:46 +0000] "GET /node/35?ak_action=reject_mobile HTTP/1.1" 301 178 "https://mrchoke.org/node/35?ak_action=accept_mobile" "Mozilla/5.0 (Linux; Android 7.0;) AppleWebKit/537.36 (KHTML, like Gecko) Mobile Safari/537.36 (compatible; PetalBot;+https://webmaster.petalsearch.com/site/petalbot)"
185.191.171.40 - - [21/Jun/2022:17:17:59 +0000] "GET /node/date/2005/03/02 HTTP/1.1" 301 178 "-" "Mozilla/5.0 (compatible; SemrushBot/7~bl; +http://www.semrush.com/bot.html)"
185.191.171.9 - - [21/Jun/2022:17:18:03 +0000] "GET /node/date/2005/03/02/ HTTP/1.1" 200 8673 "-" "Mozilla/5.0 (compatible; SemrushBot/7~bl; +http://www.semrush.com/bot.html)"
114.119.147.74 - - [21/Jun/2022:17:18:12 +0000] "GET /node/category/cloud HTTP/1.1" 404 134 "http://www.mrchoke.org/node/28" "Mozilla/5.0 (Linux; Android 7.0;) AppleWebKit/537.36 (KHTML, like Gecko) Mobile Safari/537.36 (compatible; PetalBot;+https://webmaster.petalsearch.com/site/petalbot)"
185.191.171.43 - - [21/Jun/2022:17:18:40 +0000] "GET /node/tag/osm HTTP/1.1" 302 154 "-" "Mozilla/5.0 (compatible; SemrushBot/7~bl; +http://www.semrush.com/bot.html)"
185.191.171.3 - - [21/Jun/2022:17:18:41 +0000] "GET /node/tag/osm HTTP/1.1" 301 178 "-" "Mozilla/5.0 (compatible; SemrushBot/7~bl; +http://www.semrush.com/bot.html)"
185.191.171.6 - - [21/Jun/2022:17:18:43 +0000] "GET /node/tag/osm/ HTTP/1.1" 200 8094 "-" "Mozilla/5.0 (compatible; SemrushBot/7~bl; +http://www.semrush.com/bot.html)"
114.119.147.86 - - [21/Jun/2022:17:20:11 +0000] "GET /node/790/img_6172 HTTP/1.1" 301 178 "https://static.mrchoke.org/node/790/img_6171" "Mozilla/5.0 (Linux; Android 7.0;) AppleWebKit/537.36 (KHTML, like Gecko) Mobile Safari/537.36 (compatible; PetalBot;+https://webmaster.petalsearch.com/site/petalbot)"
114.119.147.86 - - [21/Jun/2022:17:20:14 +0000] "GET /node/790/img_6172/ HTTP/1.1" 200 7884 "https://static.mrchoke.org/node/790/img_6171" "Mozilla/5.0 (Linux; Android 7.0;) AppleWebKit/537.36 (KHTML, like Gecko) Mobile Safari/537.36 (compatible; PetalBot;+https://webmaster.petalsearch.com/site/petalbot)"
185.191.171.12 - - [21/Jun/2022:17:20:49 +0000] "GET /node/tag/%E0%B8%AB%E0%B8%A1%E0%B8%B2 HTTP/1.1" 404 134 "-" "Mozilla/5.0 (compatible; SemrushBot/7~bl; +http://www.semrush.com/bot.html)"
51.222.253.17 - - [21/Jun/2022:17:21:01 +0000] "GET /node/1255/img_6804/ HTTP/2.0" 200 7970 "-" "Mozilla/5.0 (compatible; AhrefsBot/7.0; +http://ahrefs.com/robot/)"
114.119.147.97 - - [21/Jun/2022:17:22:27 +0000] "GET /node/1348/img_7228 HTTP/1.1" 302 154 "https://mrchoke.org/node/1348?ak_action=accept_mobile" "Mozilla/5.0 (Linux; Android 7.0;) AppleWebKit/537.36 (KHTML, like Gecko) Mobile Safari/537.36 (compatible; PetalBot;+https://webmaster.petalsearch.com/site/petalbot)"
114.119.147.97 - - [21/Jun/2022:17:22:36 +0000] "GET /node/1348/img_7228 HTTP/1.1" 301 178 "https://mrchoke.org/node/1348?ak_action=accept_mobile" "Mozilla/5.0 (Linux; Android 7.0;) AppleWebKit/537.36 (KHTML, like Gecko) Mobile Safari/537.36 (compatible; PetalBot;+https://webmaster.petalsearch.com/site/petalbot)"
114.119.147.97 - - [21/Jun/2022:17:22:46 +0000] "GET /node/1348/img_7228/ HTTP/1.1" 200 7891 "https://mrchoke.org/node/1348?ak_action=accept_mobile" "Mozilla/5.0 (Linux; Android 7.0;) AppleWebKit/537.36 (KHTML, like Gecko) Mobile Safari/537.36 (compatible; PetalBot;+https://webmaster.petalsearch.com/site/petalbot)"
114.119.147.81 - - [21/Jun/2022:17:23:15 +0000] "GET /node/category/iiimf HTTP/1.1" 302 154 "https://mrchoke.org/node/939/img_6419" "Mozilla/5.0 (Linux; Android 7.0;) AppleWebKit/537.36 (KHTML, like Gecko) Mobile Safari/537.36 (compatible; PetalBot;+https://webmaster.petalsearch.com/site/petalbot)"
114.119.147.81 - - [21/Jun/2022:17:23:21 +0000] "GET /node/category/iiimf HTTP/1.1" 301 178 "https://mrchoke.org/node/939/img_6419" "Mozilla/5.0 (Linux; Android 7.0;) AppleWebKit/537.36 (KHTML, like Gecko) Mobile Safari/537.36 (compatible; PetalBot;+https://webmaster.petalsearch.com/site/petalbot)"
114.119.147.81 - - [21/Jun/2022:17:23:29 +0000] "GET /node/category/iiimf/ HTTP/1.1" 200 9910 "https://mrchoke.org/node/939/img_6419" "Mozilla/5.0 (Linux; Android 7.0;) AppleWebKit/537.36 (KHTML, like Gecko) Mobile Safari/537.36 (compatible; PetalBot;+https://webmaster.petalsearch.com/site/petalbot)"
114.119.147.86 - - [21/Jun/2022:17:26:01 +0000] "GET /node/238?share=linkedin HTTP/1.1" 302 154 "https://mrchoke.org/node/238?ak_action=reject_mobile" "Mozilla/5.0 (Linux; Android 7.0;) AppleWebKit/537.36 (KHTML, like Gecko) Mobile Safari/537.36 (compatible; PetalBot;+https://webmaster.petalsearch.com/site/petalbot)"
114.119.147.86 - - [21/Jun/2022:17:26:08 +0000] "GET /node/238?share=linkedin HTTP/1.1" 301 178 "https://mrchoke.org/node/238?ak_action=reject_mobile" "Mozilla/5.0 (Linux; Android 7.0;) AppleWebKit/537.36 (KHTML, like Gecko) Mobile Safari/537.36 (compatible; PetalBot;+https://webmaster.petalsearch.com/site/petalbot)"
114.119.147.86 - - [21/Jun/2022:17:26:11 +0000] "GET /node/238/?share=linkedin HTTP/1.1" 200 8637 "https://mrchoke.org/node/238?ak_action=reject_mobile" "Mozilla/5.0 (Linux; Android 7.0;) AppleWebKit/537.36 (KHTML, like Gecko) Mobile Safari/537.36 (compatible; PetalBot;+https://webmaster.petalsearch.com/site/petalbot)"
114.119.147.81 - - [21/Jun/2022:17:27:44 +0000] "GET /ch7_3301 HTTP/1.1" 301 178 "https://mrchoke.org/node/1101" "Mozilla/5.0 (Linux; Android 7.0;) AppleWebKit/537.36 (KHTML, like Gecko) Mobile Safari/537.36 (compatible; PetalBot;+https://webmaster.petalsearch.com/site/petalbot)"
114.119.147.81 - - [21/Jun/2022:17:27:54 +0000] "GET /ch7_3301/ HTTP/1.1" 200 7877 "https://mrchoke.org/node/1101" "Mozilla/5.0 (Linux; Android 7.0;) AppleWebKit/537.36 (KHTML, like Gecko) Mobile Safari/537.36 (compatible; PetalBot;+https://webmaster.petalsearch.com/site/petalbot)"
114.119.147.73 - - [21/Jun/2022:17:29:03 +0000] "GET /node/243?share=facebook HTTP/1.1" 302 154 "https://mrchoke.org/node/243?ak_action=accept_mobile" "Mozilla/5.0 (Linux; Android 7.0;) AppleWebKit/537.36 (KHTML, like Gecko) Mobile Safari/537.36 (compatible; PetalBot;+https://webmaster.petalsearch.com/site/petalbot)"
114.119.147.73 - - [21/Jun/2022:17:29:09 +0000] "GET /node/243?share=facebook HTTP/1.1" 301 178 "https://mrchoke.org/node/243?ak_action=accept_mobile" "Mozilla/5.0 (Linux; Android 7.0;) AppleWebKit/537.36 (KHTML, like Gecko) Mobile Safari/537.36 (compatible; PetalBot;+https://webmaster.petalsearch.com/site/petalbot)"
114.119.147.73 - - [21/Jun/2022:17:29:14 +0000] "GET /node/243/?share=facebook HTTP/1.1" 200 8081 "https://mrchoke.org/node/243?ak_action=accept_mobile" "Mozilla/5.0 (Linux; Android 7.0;) AppleWebKit/537.36 (KHTML, like Gecko) Mobile Safari/537.36 (compatible; PetalBot;+https://webmaster.petalsearch.com/site/petalbot)"
114.119.147.74 - - [21/Jun/2022:17:30:36 +0000] "GET /node/date/2006/11/14 HTTP/1.1" 302 154 "https://mrchoke.org/node/124?ak_action=accept_mobile" "Mozilla/5.0 (Linux; Android 7.0;) AppleWebKit/537.36 (KHTML, like Gecko) Mobile Safari/537.36 (compatible; PetalBot;+https://webmaster.petalsearch.com/site/petalbot)"
114.119.147.74 - - [21/Jun/2022:17:30:43 +0000] "GET /node/date/2006/11/14 HTTP/1.1" 301 178 "https://mrchoke.org/node/124?ak_action=accept_mobile" "Mozilla/5.0 (Linux; Android 7.0;) AppleWebKit/537.36 (KHTML, like Gecko) Mobile Safari/537.36 (compatible; PetalBot;+https://webmaster.petalsearch.com/site/petalbot)"
114.119.147.74 - - [21/Jun/2022:17:30:49 +0000] "GET /node/date/2006/11/14/ HTTP/1.1" 200 9258 "https://mrchoke.org/node/124?ak_action=accept_mobile" "Mozilla/5.0 (Linux; Android 7.0;) AppleWebKit/537.36 (KHTML, like Gecko) Mobile Safari/537.36 (compatible; PetalBot;+https://webmaster.petalsearch.com/site/petalbot)"
185.191.171.13 - - [21/Jun/2022:17:30:53 +0000] "GET /robots.txt HTTP/1.1" 404 134 "-" "Mozilla/5.0 (compatible; SemrushBot/7~bl; +http://www.semrush.com/bot.html)"
185.191.171.26 - - [21/Jun/2022:17:30:54 +0000] "GET /node/178 HTTP/1.1" 301 178 "-" "Mozilla/5.0 (compatible; SemrushBot/7~bl; +http://www.semrush.com/bot.html)"
185.191.171.40 - - [21/Jun/2022:17:30:57 +0000] "GET /node/178/ HTTP/1.1" 200 8585 "-" "Mozilla/5.0 (compatible; SemrushBot/7~bl; +http://www.semrush.com/bot.html)"
114.119.147.97 - - [21/Jun/2022:17:32:54 +0000] "GET /node/627?share=linkedin HTTP/1.1" 302 154 "https://mrchoke.org/node/627?ak_action=accept_mobile" "Mozilla/5.0 (Linux; Android 7.0;) AppleWebKit/537.36 (KHTML, like Gecko) Mobile Safari/537.36 (compatible; PetalBot;+https://webmaster.petalsearch.com/site/petalbot)"
114.119.147.97 - - [21/Jun/2022:17:33:01 +0000] "GET /node/627?share=linkedin HTTP/1.1" 301 178 "https://mrchoke.org/node/627?ak_action=accept_mobile" "Mozilla/5.0 (Linux; Android 7.0;) AppleWebKit/537.36 (KHTML, like Gecko) Mobile Safari/537.36 (compatible; PetalBot;+https://webmaster.petalsearch.com/site/petalbot)"
114.119.147.97 - - [21/Jun/2022:17:33:09 +0000] "GET /node/627/?share=linkedin HTTP/1.1" 200 8797 "https://mrchoke.org/node/627?ak_action=accept_mobile" "Mozilla/5.0 (Linux; Android 7.0;) AppleWebKit/537.36 (KHTML, like Gecko) Mobile Safari/537.36 (compatible; PetalBot;+https://webmaster.petalsearch.com/site/petalbot)"
185.191.171.14 - - [21/Jun/2022:17:33:40 +0000] "GET /node/1316/img_7204 HTTP/1.1" 302 154 "-" "Mozilla/5.0 (compatible; SemrushBot/7~bl; +http://www.semrush.com/bot.html)"
185.191.171.1 - - [21/Jun/2022:17:33:42 +0000] "GET /node/1316/img_7204 HTTP/1.1" 301 178 "-" "Mozilla/5.0 (compatible; SemrushBot/7~bl; +http://www.semrush.com/bot.html)"
185.191.171.35 - - [21/Jun/2022:17:33:44 +0000] "GET /node/1316/img_7204/ HTTP/1.1" 200 7920 "-" "Mozilla/5.0 (compatible; SemrushBot/7~bl; +http://www.semrush.com/bot.html)"
51.222.253.4 - - [21/Jun/2022:17:34:09 +0000] "GET /node/441/ HTTP/2.0" 200 7956 "-" "Mozilla/5.0 (compatible; AhrefsBot/7.0; +http://ahrefs.com/robot/)"
185.191.171.23 - - [21/Jun/2022:17:34:25 +0000] "GET /node/date/2012/05/05 HTTP/1.1" 404 134 "-" "Mozilla/5.0 (compatible; SemrushBot/7~bl; +http://www.semrush.com/bot.html)"
114.119.147.81 - - [21/Jun/2022:17:34:56 +0000] "GET /node/939/img_6371?share=reddit HTTP/1.1" 302 154 "https://mrchoke.org/node/939/img_6371?ak_action=accept_mobile" "Mozilla/5.0 (Linux; Android 7.0;) AppleWebKit/537.36 (KHTML, like Gecko) Mobile Safari/537.36 (compatible; PetalBot;+https://webmaster.petalsearch.com/site/petalbot)"
114.119.147.81 - - [21/Jun/2022:17:35:10 +0000] "GET /node/939/img_6371?share=reddit HTTP/1.1" 301 178 "https://mrchoke.org/node/939/img_6371?ak_action=accept_mobile" "Mozilla/5.0 (Linux; Android 7.0;) AppleWebKit/537.36 (KHTML, like Gecko) Mobile Safari/537.36 (compatible; PetalBot;+https://webmaster.petalsearch.com/site/petalbot)"
114.119.147.86 - - [21/Jun/2022:17:36:19 +0000] "GET /node/483 HTTP/1.1" 302 154 "https://mrchoke.org/node/date/2004/07/09" "Mozilla/5.0 (Linux; Android 7.0;) AppleWebKit/537.36 (KHTML, like Gecko) Mobile Safari/537.36 (compatible; PetalBot;+https://webmaster.petalsearch.com/site/petalbot)"
114.119.147.86 - - [21/Jun/2022:17:36:26 +0000] "GET /node/483 HTTP/1.1" 301 178 "https://mrchoke.org/node/date/2004/07/09" "Mozilla/5.0 (Linux; Android 7.0;) AppleWebKit/537.36 (KHTML, like Gecko) Mobile Safari/537.36 (compatible; PetalBot;+https://webmaster.petalsearch.com/site/petalbot)"
114.119.147.81 - - [21/Jun/2022:17:36:37 +0000] "GET /node/939/img_6371?share=reddit HTTP/1.1" 302 154 "https://mrchoke.org/node/939/img_6371?ak_action=accept_mobile" "Mozilla/5.0 (Linux; Android 7.0;) AppleWebKit/537.36 (KHTML, like Gecko) Mobile Safari/537.36 (compatible; PetalBot;+https://webmaster.petalsearch.com/site/petalbot)"
114.119.147.86 - - [21/Jun/2022:17:36:37 +0000] "GET /node/483/ HTTP/1.1" 200 8786 "https://mrchoke.org/node/date/2004/07/09" "Mozilla/5.0 (Linux; Android 7.0;) AppleWebKit/537.36 (KHTML, like Gecko) Mobile Safari/537.36 (compatible; PetalBot;+https://webmaster.petalsearch.com/site/petalbot)"
114.119.147.81 - - [21/Jun/2022:17:36:50 +0000] "GET /node/939/img_6371?share=reddit HTTP/1.1" 301 178 "https://mrchoke.org/node/939/img_6371?ak_action=accept_mobile" "Mozilla/5.0 (Linux; Android 7.0;) AppleWebKit/537.36 (KHTML, like Gecko) Mobile Safari/537.36 (compatible; PetalBot;+https://webmaster.petalsearch.com/site/petalbot)"
114.119.147.73 - - [21/Jun/2022:17:37:23 +0000] "GET /node/date/2004/11/page/2 HTTP/1.1" 301 178 "https://static.mrchoke.org/node/date/2004/11/" "Mozilla/5.0 (Linux; Android 7.0;) AppleWebKit/537.36 (KHTML, like Gecko) Mobile Safari/537.36 (compatible; PetalBot;+https://webmaster.petalsearch.com/site/petalbot)"
114.119.147.73 - - [21/Jun/2022:17:37:30 +0000] "GET /node/date/2004/11/page/2/ HTTP/1.1" 200 10339 "https://static.mrchoke.org/node/date/2004/11/" "Mozilla/5.0 (Linux; Android 7.0;) AppleWebKit/537.36 (KHTML, like Gecko) Mobile Safari/537.36 (compatible; PetalBot;+https://webmaster.petalsearch.com/site/petalbot)"
42.83.147.34 - - [21/Jun/2022:17:39:48 +0000] "GET / HTTP/1.1" 200 396 "-" "Mozilla/5.0 (Windows NT 6.1; Win64; x64) AppleWebKit/537.36 (KHTML, like Gecko)Chrome/74.0.3729.169 Safari/537.36"
114.119.147.87 - - [21/Jun/2022:17:39:49 +0000] "GET /node/date/2014/01/25 HTTP/1.1" 301 178 "https://mrchoke.org/node/1356?ak_action=reject_mobile" "Mozilla/5.0 (Linux; Android 7.0;) AppleWebKit/537.36 (KHTML, like Gecko) Mobile Safari/537.36 (compatible; PetalBot;+https://webmaster.petalsearch.com/site/petalbot)"
40.77.167.43 - - [21/Jun/2022:17:39:54 +0000] "GET /node/446/ HTTP/2.0" 304 0 "-" "Mozilla/5.0 (compatible; bingbot/2.0; +http://www.bing.com/bingbot.htm)"
114.119.147.87 - - [21/Jun/2022:17:40:00 +0000] "GET /node/date/2014/01/25/ HTTP/1.1" 200 9874 "https://mrchoke.org/node/1356?ak_action=reject_mobile" "Mozilla/5.0 (Linux; Android 7.0;) AppleWebKit/537.36 (KHTML, like Gecko) Mobile Safari/537.36 (compatible; PetalBot;+https://webmaster.petalsearch.com/site/petalbot)"
185.191.171.19 - - [21/Jun/2022:17:41:00 +0000] "GET /node/71/ HTTP/1.1" 200 8891 "-" "Mozilla/5.0 (compatible; SemrushBot/7~bl; +http://www.semrush.com/bot.html)"
185.191.171.14 - - [21/Jun/2022:17:41:02 +0000] "GET /node/71 HTTP/1.1" 301 178 "-" "Mozilla/5.0 (compatible; SemrushBot/7~bl; +http://www.semrush.com/bot.html)"
114.119.147.74 - - [21/Jun/2022:17:41:08 +0000] "GET /node/1255/img_6804?ak_action=reject_mobile HTTP/1.1" 302 154 "https://mrchoke.org/node/1255/img_6804?ak_action=accept_mobile" "Mozilla/5.0 (Linux; Android 7.0;) AppleWebKit/537.36 (KHTML, like Gecko) Mobile Safari/537.36 (compatible; PetalBot;+https://webmaster.petalsearch.com/site/petalbot)"
114.119.147.74 - - [21/Jun/2022:17:41:14 +0000] "GET /node/1255/img_6804?ak_action=reject_mobile HTTP/1.1" 301 178 "https://mrchoke.org/node/1255/img_6804?ak_action=accept_mobile" "Mozilla/5.0 (Linux; Android 7.0;) AppleWebKit/537.36 (KHTML, like Gecko) Mobile Safari/537.36 (compatible; PetalBot;+https://webmaster.petalsearch.com/site/petalbot)"
114.119.147.74 - - [21/Jun/2022:17:41:20 +0000] "GET /node/1255/img_6804/?ak_action=reject_mobile HTTP/1.1" 200 7983 "https://mrchoke.org/node/1255/img_6804?ak_action=accept_mobile" "Mozilla/5.0 (Linux; Android 7.0;) AppleWebKit/537.36 (KHTML, like Gecko) Mobile Safari/537.36 (compatible; PetalBot;+https://webmaster.petalsearch.com/site/petalbot)"
216.244.66.229 - - [21/Jun/2022:17:41:48 +0000] "GET /robots.txt HTTP/1.1" 404 162 "-" "Mozilla/5.0 (compatible; DotBot/1.2; +https://opensiteexplorer.org/dotbot; help@moz.com)"
216.244.66.229 - - [21/Jun/2022:17:41:48 +0000] "GET /robots.txt HTTP/1.1" 404 162 "-" "Mozilla/5.0 (compatible; DotBot/1.2; +https://opensiteexplorer.org/dotbot; help@moz.com)"
216.244.66.229 - - [21/Jun/2022:17:41:48 +0000] "GET /robots.txt HTTP/1.1" 404 162 "-" "Mozilla/5.0 (compatible; DotBot/1.2; +https://opensiteexplorer.org/dotbot; help@moz.com)"
156.155.145.5 - - [21/Jun/2022:17:41:58 +0000] "GET / HTTP/1.0" 200 612 "-" "Mozilla/5.0 (compatible; MSIE 9.0; Windows NT 6.1; WOW64; Trident/5.0)"
185.191.171.15 - - [21/Jun/2022:17:42:33 +0000] "GET /ch7_5835 HTTP/1.1" 301 178 "-" "Mozilla/5.0 (compatible; SemrushBot/7~bl; +http://www.semrush.com/bot.html)"
185.191.171.45 - - [21/Jun/2022:17:42:35 +0000] "GET /ch7_5835/ HTTP/1.1" 200 7886 "-" "Mozilla/5.0 (compatible; SemrushBot/7~bl; +http://www.semrush.com/bot.html)"
114.119.147.87 - - [21/Jun/2022:17:42:37 +0000] "GET /page/15?ak_action=reject_mobile HTTP/1.1" 302 154 "https://mrchoke.org/page/14?ak_action=reject_mobile" "Mozilla/5.0 (Linux; Android 7.0;) AppleWebKit/537.36 (KHTML, like Gecko) Mobile Safari/537.36 (compatible; PetalBot;+https://webmaster.petalsearch.com/site/petalbot)"
114.119.147.87 - - [21/Jun/2022:17:42:42 +0000] "GET /page/15?ak_action=reject_mobile HTTP/1.1" 301 178 "https://mrchoke.org/page/14?ak_action=reject_mobile" "Mozilla/5.0 (Linux; Android 7.0;) AppleWebKit/537.36 (KHTML, like Gecko) Mobile Safari/537.36 (compatible; PetalBot;+https://webmaster.petalsearch.com/site/petalbot)"
114.119.147.87 - - [21/Jun/2022:17:42:48 +0000] "GET /page/15/?ak_action=reject_mobile HTTP/1.1" 200 12798 "https://mrchoke.org/page/14?ak_action=reject_mobile" "Mozilla/5.0 (Linux; Android 7.0;) AppleWebKit/537.36 (KHTML, like Gecko) Mobile Safari/537.36 (compatible; PetalBot;+https://webmaster.petalsearch.com/site/petalbot)"
114.119.147.86 - - [21/Jun/2022:17:44:42 +0000] "GET /node/1302/screenshot-2014-01-21-21-20-55 HTTP/1.1" 301 178 "https://static.mrchoke.org/node/date/2014/01/page/3" "Mozilla/5.0 (Linux; Android 7.0;) AppleWebKit/537.36 (KHTML, like Gecko) Mobile Safari/537.36 (compatible; PetalBot;+https://webmaster.petalsearch.com/site/petalbot)"
114.119.147.86 - - [21/Jun/2022:17:44:51 +0000] "GET /node/1302/screenshot-2014-01-21-21-20-55/ HTTP/1.1" 200 7755 "https://static.mrchoke.org/node/date/2014/01/page/3" "Mozilla/5.0 (Linux; Android 7.0;) AppleWebKit/537.36 (KHTML, like Gecko) Mobile Safari/537.36 (compatible; PetalBot;+https://webmaster.petalsearch.com/site/petalbot)"
185.191.171.1 - - [21/Jun/2022:17:45:18 +0000] "GET /node/200 HTTP/1.1" 302 154 "-" "Mozilla/5.0 (compatible; SemrushBot/7~bl; +http://www.semrush.com/bot.html)"
185.191.171.18 - - [21/Jun/2022:17:45:19 +0000] "GET /node/200 HTTP/1.1" 301 178 "-" "Mozilla/5.0 (compatible; SemrushBot/7~bl; +http://www.semrush.com/bot.html)"
185.191.171.21 - - [21/Jun/2022:17:45:21 +0000] "GET /node/200/ HTTP/1.1" 200 8410 "-" "Mozilla/5.0 (compatible; SemrushBot/7~bl; +http://www.semrush.com/bot.html)"
216.244.66.229 - - [21/Jun/2022:17:46:12 +0000] "GET /node/1255/feed HTTP/1.1" 404 162 "-" "Mozilla/5.0 (compatible; DotBot/1.2; +https://opensiteexplorer.org/dotbot; help@moz.com)"
216.244.66.229 - - [21/Jun/2022:17:46:16 +0000] "GET /node/1558/screenshot-2014-02-06-23-34-14 HTTP/1.1" 404 162 "-" "Mozilla/5.0 (compatible; DotBot/1.2; +https://opensiteexplorer.org/dotbot; help@moz.com)"
216.244.66.229 - - [21/Jun/2022:17:46:21 +0000] "GET /node/322/feed HTTP/1.1" 404 162 "-" "Mozilla/5.0 (compatible; DotBot/1.2; +https://opensiteexplorer.org/dotbot; help@moz.com)"
216.244.66.229 - - [21/Jun/2022:17:46:25 +0000] "GET /node/444/feed HTTP/1.1" 404 162 "-" "Mozilla/5.0 (compatible; DotBot/1.2; +https://opensiteexplorer.org/dotbot; help@moz.com)"
216.244.66.229 - - [21/Jun/2022:17:46:30 +0000] "GET /node/745/feed HTTP/1.1" 404 162 "-" "Mozilla/5.0 (compatible; DotBot/1.2; +https://opensiteexplorer.org/dotbot; help@moz.com)"
51.222.253.15 - - [21/Jun/2022:17:46:32 +0000] "GET /node/1583/ HTTP/2.0" 200 10702 "-" "Mozilla/5.0 (compatible; AhrefsBot/7.0; +http://ahrefs.com/robot/)"
216.244.66.229 - - [21/Jun/2022:17:46:32 +0000] "GET /node/790/img_6179 HTTP/1.1" 404 162 "-" "Mozilla/5.0 (compatible; DotBot/1.2; +https://opensiteexplorer.org/dotbot; help@moz.com)"
216.244.66.229 - - [21/Jun/2022:17:46:35 +0000] "GET /node/144 HTTP/1.1" 404 162 "-" "Mozilla/5.0 (compatible; DotBot/1.2; +https://opensiteexplorer.org/dotbot; help@moz.com)"
216.244.66.229 - - [21/Jun/2022:17:46:38 +0000] "GET /page/9 HTTP/1.1" 404 162 "-" "Mozilla/5.0 (compatible; DotBot/1.2; +https://opensiteexplorer.org/dotbot; help@moz.com)"
216.244.66.229 - - [21/Jun/2022:17:47:18 +0000] "GET /node/1208/img_6786/feed HTTP/1.1" 404 162 "-" "Mozilla/5.0 (compatible; DotBot/1.2; +https://opensiteexplorer.org/dotbot; help@moz.com)"
216.244.66.229 - - [21/Jun/2022:17:48:23 +0000] "GET /node/118/feed HTTP/1.1" 404 162 "-" "Mozilla/5.0 (compatible; DotBot/1.2; +https://opensiteexplorer.org/dotbot; help@moz.com)"
185.191.171.43 - - [21/Jun/2022:17:48:57 +0000] "GET /node/1428/img_7298 HTTP/1.1" 301 178 "-" "Mozilla/5.0 (compatible; SemrushBot/7~bl; +http://www.semrush.com/bot.html)"
185.191.171.38 - - [21/Jun/2022:17:49:00 +0000] "GET /node/1428/img_7298/ HTTP/1.1" 200 7890 "-" "Mozilla/5.0 (compatible; SemrushBot/7~bl; +http://www.semrush.com/bot.html)"
66.249.79.212 - - [21/Jun/2022:17:49:06 +0000] "GET /robots.txt HTTP/1.1" 404 134 "-" "Mozilla/5.0 (compatible; Googlebot/2.1; +http://www.google.com/bot.html)"
66.249.79.212 - - [21/Jun/2022:17:49:07 +0000] "GET /node/category/music/%E0%B9%80%E0%B8%9E%E0%B8%A5%E0%B8%87%E0%B9%83%E0%B8%95%E0%B9%89/%E0%B8%AB%E0%B8%A5%E0%B8%87_%E0%B8%A5%E0%B8%87%E0%B8%A5%E0%B8%B2%E0%B8%A2/%E0%B8%95%E0%B8%B3%E0%B8%99%E0%B8%B2%E0%B8%99%E0%B8%A3%E0%B8%B1%E0%B8%81%E0%B8%AA%E0%B8%B0%E0%B8%97%E0%B9%89%E0%B8%B2%E0%B8%99%E0%B9%82%E0%B8%A5%E0%B8%81%E0%B8%B21/feed HTTP/1.1" 302 154 "-" "Mozilla/5.0 (Linux; Android 6.0.1; Nexus 5X Build/MMB29P) AppleWebKit/537.36 (KHTML, like Gecko) Chrome/102.0.5005.115 Mobile Safari/537.36 (compatible; Googlebot/2.1; +http://www.google.com/bot.html)"
66.249.71.25 - - [21/Jun/2022:17:49:08 +0000] "GET /node/category/music/%E0%B9%80%E0%B8%9E%E0%B8%A5%E0%B8%87%E0%B9%83%E0%B8%95%E0%B9%89/%E0%B8%AB%E0%B8%A5%E0%B8%87_%E0%B8%A5%E0%B8%87%E0%B8%A5%E0%B8%B2%E0%B8%A2/%E0%B8%95%E0%B8%B3%E0%B8%99%E0%B8%B2%E0%B8%99%E0%B8%A3%E0%B8%B1%E0%B8%81%E0%B8%AA%E0%B8%B0%E0%B8%97%E0%B9%89%E0%B8%B2%E0%B8%99%E0%B9%82%E0%B8%A5%E0%B8%81%E0%B8%B21/feed HTTP/1.1" 404 197 "-" "Mozilla/5.0 (Linux; Android 6.0.1; Nexus 5X Build/MMB29P) AppleWebKit/537.36 (KHTML, like Gecko) Chrome/102.0.5005.115 Mobile Safari/537.36 (compatible; Googlebot/2.1; +http://www.google.com/bot.html)"
216.244.66.229 - - [21/Jun/2022:17:50:06 +0000] "GET /book/export/html/95 HTTP/1.1" 404 162 "-" "Mozilla/5.0 (compatible; DotBot/1.2; +https://opensiteexplorer.org/dotbot; help@moz.com)"
66.249.71.28 - - [21/Jun/2022:17:56:06 +0000] "GET /wp-content/uploads/2016/05/img_1362.jpg HTTP/1.1" 200 2038204 "-" "Googlebot-Image/1.0"
216.244.66.229 - - [21/Jun/2022:17:57:55 +0000] "GET /img_7224 HTTP/1.1" 404 162 "-" "Mozilla/5.0 (compatible; DotBot/1.2; +https://opensiteexplorer.org/dotbot; help@moz.com)"
66.249.71.168 - - [21/Jun/2022:17:57:59 +0000] "GET /node/date/2014/02/page/2 HTTP/1.1" 302 154 "-" "Mozilla/5.0 (Linux; Android 6.0.1; Nexus 5X Build/MMB29P) AppleWebKit/537.36 (KHTML, like Gecko) Chrome/102.0.5005.115 Mobile Safari/537.36 (compatible; Googlebot/2.1; +http://www.google.com/bot.html)"
66.249.71.25 - - [21/Jun/2022:17:57:59 +0000] "GET /node/date/2014/02/page/2 HTTP/1.1" 301 178 "-" "Mozilla/5.0 (Linux; Android 6.0.1; Nexus 5X Build/MMB29P) AppleWebKit/537.36 (KHTML, like Gecko) Chrome/102.0.5005.115 Mobile Safari/537.36 (compatible; Googlebot/2.1; +http://www.google.com/bot.html)"
66.249.71.25 - - [21/Jun/2022:17:57:59 +0000] "GET /node/date/2014/02/page/2/ HTTP/1.1" 200 12603 "-" "Mozilla/5.0 (Linux; Android 6.0.1; Nexus 5X Build/MMB29P) AppleWebKit/537.36 (KHTML, like Gecko) Chrome/102.0.5005.115 Mobile Safari/537.36 (compatible; Googlebot/2.1; +http://www.google.com/bot.html)"
216.244.66.229 - - [21/Jun/2022:17:59:10 +0000] "GET /ch7_3478/ HTTP/1.1" 404 162 "-" "Mozilla/5.0 (compatible; DotBot/1.2; +https://opensiteexplorer.org/dotbot; help@moz.com)"
216.244.66.229 - - [21/Jun/2022:17:59:11 +0000] "GET /ch7_4061/ HTTP/1.1" 404 162 "-" "Mozilla/5.0 (compatible; DotBot/1.2; +https://opensiteexplorer.org/dotbot; help@moz.com)"
114.119.147.71 - - [21/Jun/2022:18:00:08 +0000] "GET /robots.txt HTTP/1.1" 404 134 "-" "Mozilla/5.0 (compatible;PetalBot;+https://webmaster.petalsearch.com/site/petalbot)"
216.244.66.229 - - [21/Jun/2022:18:01:34 +0000] "GET /ch7_3633 HTTP/1.1" 404 162 "-" "Mozilla/5.0 (compatible; DotBot/1.2; +https://opensiteexplorer.org/dotbot; help@moz.com)"
114.119.147.97 - - [21/Jun/2022:18:02:42 +0000] "GET /img_7291 HTTP/1.1" 301 178 "https://mrchoke.org/node/1428?share=linkedin" "Mozilla/5.0 (Linux; Android 7.0;) AppleWebKit/537.36 (KHTML, like Gecko) Mobile Safari/537.36 (compatible; PetalBot;+https://webmaster.petalsearch.com/site/petalbot)"
114.119.147.97 - - [21/Jun/2022:18:02:52 +0000] "GET /img_7291/ HTTP/1.1" 200 7885 "https://mrchoke.org/node/1428?share=linkedin" "Mozilla/5.0 (Linux; Android 7.0;) AppleWebKit/537.36 (KHTML, like Gecko) Mobile Safari/537.36 (compatible; PetalBot;+https://webmaster.petalsearch.com/site/petalbot)"
66.249.71.168 - - [21/Jun/2022:18:04:38 +0000] "GET /node/category/music/%E0%B9%80%E0%B8%9E%E0%B8%A5%E0%B8%87%E0%B9%83%E0%B8%95%E0%B9%89/%E0%B8%AB%E0%B8%A5%E0%B8%87_%E0%B8%A5%E0%B8%87%E0%B8%A5%E0%B8%B2%E0%B8%A2/%E0%B8%95%E0%B8%B3%E0%B8%99%E0%B8%B2%E0%B8%99%E0%B8%A3%E0%B8%B1%E0%B8%81%E0%B8%AA%E0%B8%B0%E0%B8%97%E0%B9%89%E0%B8%B2%E0%B8%99%E0%B9%82%E0%B8%A5%E0%B8%81%E0%B8%B21/feed HTTP/1.1" 302 154 "-" "Mozilla/5.0 (compatible; Googlebot/2.1; +http://www.google.com/bot.html)"
66.249.71.31 - - [21/Jun/2022:18:04:39 +0000] "GET /node/category/music/%E0%B9%80%E0%B8%9E%E0%B8%A5%E0%B8%87%E0%B9%83%E0%B8%95%E0%B9%89/%E0%B8%AB%E0%B8%A5%E0%B8%87_%E0%B8%A5%E0%B8%87%E0%B8%A5%E0%B8%B2%E0%B8%A2/%E0%B8%95%E0%B8%B3%E0%B8%99%E0%B8%B2%E0%B8%99%E0%B8%A3%E0%B8%B1%E0%B8%81%E0%B8%AA%E0%B8%B0%E0%B8%97%E0%B9%89%E0%B8%B2%E0%B8%99%E0%B9%82%E0%B8%A5%E0%B8%81%E0%B8%B21/feed HTTP/1.1" 404 134 "-" "Mozilla/5.0 (compatible; Googlebot/2.1; +http://www.google.com/bot.html)"
223.204.255.137 - - [21/Jun/2022:18:06:20 +0000] "GET / HTTP/2.0" 200 282 "-" "Mozilla/5.0 (Macintosh; Intel Mac OS X 10_11_1) AppleWebKit/601.2.4 (KHTML, like Gecko) Version/9.0.1 Safari/601.2.4 facebookexternalhit/1.1 Facebot Twitterbot/1.0"
223.204.255.137 - - [21/Jun/2022:18:06:20 +0000] "GET /apple-touch-icon-precomposed.png HTTP/2.0" 404 123 "-" "com.apple.WebKit.Networking/8614.1.14.0.14 CFNetwork/1378.1 Darwin/22.0.0"
223.204.255.137 - - [21/Jun/2022:18:06:20 +0000] "GET /apple-touch-icon.png HTTP/2.0" 404 123 "-" "com.apple.WebKit.Networking/8614.1.14.0.14 CFNetwork/1378.1 Darwin/22.0.0"
223.204.255.137 - - [21/Jun/2022:18:06:20 +0000] "GET /favicon.ico HTTP/2.0" 200 1150 "-" "com.apple.WebKit.Networking/8614.1.14.0.14 CFNetwork/1378.1 Darwin/22.0.0"
223.204.255.137 - - [21/Jun/2022:18:06:20 +0000] "GET /apple-touch-icon-precomposed.png HTTP/2.0" 404 123 "-" "com.apple.WebKit.Networking/8614.1.14.0.14 CFNetwork/1378.1 Darwin/22.0.0"
223.204.255.137 - - [21/Jun/2022:18:06:20 +0000] "GET /apple-touch-icon.png HTTP/2.0" 404 123 "-" "com.apple.WebKit.Networking/8614.1.14.0.14 CFNetwork/1378.1 Darwin/22.0.0"
223.204.255.137 - - [21/Jun/2022:18:06:20 +0000] "GET /favicon.ico HTTP/2.0" 200 1150 "-" "com.apple.WebKit.Networking/8614.1.14.0.14 CFNetwork/1378.1 Darwin/22.0.0"
223.204.255.137 - - [21/Jun/2022:18:06:20 +0000] "GET / HTTP/2.0" 200 282 "-" "Mozilla/5.0 (Macintosh; Intel Mac OS X 10_11_1) AppleWebKit/601.2.4 (KHTML, like Gecko) Version/9.0.1 Safari/601.2.4 facebookexternalhit/1.1 Facebot Twitterbot/1.0"
223.204.255.137 - - [21/Jun/2022:18:12:02 +0000] "GET /apple-touch-icon-precomposed.png HTTP/2.0" 404 123 "-" "com.apple.WebKit.Networking/8614.1.14.0.14 CFNetwork/1378.1 Darwin/22.0.0"
223.204.255.137 - - [21/Jun/2022:18:12:02 +0000] "GET /apple-touch-icon.png HTTP/2.0" 404 123 "-" "com.apple.WebKit.Networking/8614.1.14.0.14 CFNetwork/1378.1 Darwin/22.0.0"
223.204.255.137 - - [21/Jun/2022:18:12:02 +0000] "GET /favicon.ico HTTP/2.0" 200 1150 "-" "com.apple.WebKit.Networking/8614.1.14.0.14 CFNetwork/1378.1 Darwin/22.0.0"
223.204.255.137 - - [21/Jun/2022:18:12:02 +0000] "GET / HTTP/2.0" 200 282 "-" "Mozilla/5.0 (Macintosh; Intel Mac OS X 10_11_1) AppleWebKit/601.2.4 (KHTML, like Gecko) Version/9.0.1 Safari/601.2.4 facebookexternalhit/1.1 Facebot Twitterbot/1.0"
223.204.255.137 - - [21/Jun/2022:18:12:02 +0000] "GET / HTTP/2.0" 200 282 "-" "Mozilla/5.0 (Macintosh; Intel Mac OS X 10_11_1) AppleWebKit/601.2.4 (KHTML, like Gecko) Version/9.0.1 Safari/601.2.4 facebookexternalhit/1.1 Facebot Twitterbot/1.0"
223.204.255.137 - - [21/Jun/2022:18:12:02 +0000] "GET /apple-touch-icon-precomposed.png HTTP/2.0" 404 123 "-" "com.apple.WebKit.Networking/8614.1.14.0.14 CFNetwork/1378.1 Darwin/22.0.0"
223.204.255.137 - - [21/Jun/2022:18:12:02 +0000] "GET /apple-touch-icon.png HTTP/2.0" 404 123 "-" "com.apple.WebKit.Networking/8614.1.14.0.14 CFNetwork/1378.1 Darwin/22.0.0"
223.204.255.137 - - [21/Jun/2022:18:12:02 +0000] "GET /favicon.ico HTTP/2.0" 200 1150 "-" "com.apple.WebKit.Networking/8614.1.14.0.14 CFNetwork/1378.1 Darwin/22.0.0"
185.191.171.21 - - [21/Jun/2022:18:15:06 +0000] "GET /img_7706 HTTP/1.1" 301 178 "-" "Mozilla/5.0 (compatible; SemrushBot/7~bl; +http://www.semrush.com/bot.html)"
185.191.171.45 - - [21/Jun/2022:18:15:08 +0000] "GET /img_7706/ HTTP/1.1" 200 7886 "-" "Mozilla/5.0 (compatible; SemrushBot/7~bl; +http://www.semrush.com/bot.html)"
185.191.171.1 - - [21/Jun/2022:18:15:58 +0000] "GET /robots.txt HTTP/1.1" 404 134 "-" "Mozilla/5.0 (compatible; SemrushBot/7~bl; +http://www.semrush.com/bot.html)"
185.191.171.22 - - [21/Jun/2022:18:15:59 +0000] "GET /gallery/?g2_itemId=2706 HTTP/1.1" 404 134 "-" "Mozilla/5.0 (compatible; SemrushBot/7~bl; +http://www.semrush.com/bot.html)"
185.191.171.1 - - [21/Jun/2022:18:16:17 +0000] "GET /robots.txt HTTP/1.1" 404 134 "-" "Mozilla/5.0 (compatible; SemrushBot/7~bl; +http://www.semrush.com/bot.html)"
185.191.171.7 - - [21/Jun/2022:18:16:20 +0000] "GET /node/1583/img_7563 HTTP/1.1" 302 154 "-" "Mozilla/5.0 (compatible; SemrushBot/7~bl; +http://www.semrush.com/bot.html)"
185.191.171.44 - - [21/Jun/2022:18:16:21 +0000] "GET /node/1583/img_7563 HTTP/1.1" 301 178 "-" "Mozilla/5.0 (compatible; SemrushBot/7~bl; +http://www.semrush.com/bot.html)"
185.191.171.19 - - [21/Jun/2022:18:16:23 +0000] "GET /node/1583/img_7563/ HTTP/1.1" 200 7918 "-" "Mozilla/5.0 (compatible; SemrushBot/7~bl; +http://www.semrush.com/bot.html)"
185.191.171.21 - - [21/Jun/2022:18:16:52 +0000] "GET /node/category/pidgin HTTP/1.1" 302 154 "-" "Mozilla/5.0 (compatible; SemrushBot/7~bl; +http://www.semrush.com/bot.html)"
185.191.171.42 - - [21/Jun/2022:18:16:54 +0000] "GET /node/category/pidgin HTTP/1.1" 301 178 "-" "Mozilla/5.0 (compatible; SemrushBot/7~bl; +http://www.semrush.com/bot.html)"
185.191.171.44 - - [21/Jun/2022:18:16:56 +0000] "GET /node/category/pidgin/ HTTP/1.1" 200 11205 "-" "Mozilla/5.0 (compatible; SemrushBot/7~bl; +http://www.semrush.com/bot.html)"
66.249.71.31 - - [21/Jun/2022:18:18:36 +0000] "GET /wp-content/uploads/2014/01/CH7_3303-150x150.jpg HTTP/1.1" 200 85339 "-" "Googlebot-Image/1.0"
185.191.171.42 - - [21/Jun/2022:18:19:02 +0000] "GET /node/301 HTTP/1.1" 301 178 "-" "Mozilla/5.0 (compatible; SemrushBot/7~bl; +http://www.semrush.com/bot.html)"
185.191.171.3 - - [21/Jun/2022:18:19:05 +0000] "GET /node/301/ HTTP/1.1" 200 8741 "-" "Mozilla/5.0 (compatible; SemrushBot/7~bl; +http://www.semrush.com/bot.html)"
87.250.224.4 - - [21/Jun/2022:18:19:40 +0000] "GET /robots.txt HTTP/1.1" 404 162 "-" "Mozilla/5.0 (compatible; YandexBot/3.0; +http://yandex.com/bots)"
87.250.224.4 - - [21/Jun/2022:18:19:43 +0000] "GET /node/1862/ch7_6085 HTTP/1.1" 302 154 "-" "Mozilla/5.0 (compatible; YandexBot/3.0; +http://yandex.com/bots)"
5.45.207.72 - - [21/Jun/2022:18:20:13 +0000] "GET /node/1862/ch7_6085 HTTP/1.1" 301 178 "-" "Mozilla/5.0 (compatible; YandexBot/3.0; +http://yandex.com/bots)"
5.45.207.92 - - [21/Jun/2022:18:20:17 +0000] "GET /node/1862/ch7_6085/ HTTP/1.1" 200 7929 "-" "Mozilla/5.0 (compatible; YandexBot/3.0; +http://yandex.com/bots)"
185.191.171.16 - - [21/Jun/2022:18:20:39 +0000] "GET /node/date/2005/05/page/4 HTTP/1.1" 301 178 "-" "Mozilla/5.0 (compatible; SemrushBot/7~bl; +http://www.semrush.com/bot.html)"
185.191.171.45 - - [21/Jun/2022:18:20:42 +0000] "GET /node/date/2005/05/page/4/ HTTP/1.1" 200 10839 "-" "Mozilla/5.0 (compatible; SemrushBot/7~bl; +http://www.semrush.com/bot.html)"
5.255.253.163 - - [21/Jun/2022:18:22:58 +0000] "GET /myweight/feed HTTP/1.1" 404 134 "-" "Mozilla/5.0 (compatible; YandexBot/3.0; +http://yandex.com/bots)"
2a01:4f9:1a:9226::2 - - [21/Jun/2022:18:24:50 +0000] "GET /robots.txt HTTP/1.1" 404 162 "-" "Mozilla/5.0 (compatible; MJ12bot/v1.4.8; http://mj12bot.com/)"
2a01:4f9:1a:9226::2 - - [21/Jun/2022:18:24:59 +0000] "GET /node/category/music/%E0%B9%80%E0%B8%9E%E0%B8%A5%E0%B8%87%E0%B9%83%E0%B8%95%E0%B9%89/page/10 HTTP/1.1" 302 154 "-" "Mozilla/5.0 (compatible; MJ12bot/v1.4.8; http://mj12bot.com/)"
114.119.147.74 - - [21/Jun/2022:18:26:17 +0000] "GET /node/187?share=facebook HTTP/1.1" 302 154 "https://mrchoke.org/node/187?ak_action=reject_mobile" "Mozilla/5.0 (Linux; Android 7.0;) AppleWebKit/537.36 (KHTML, like Gecko) Mobile Safari/537.36 (compatible; PetalBot;+https://webmaster.petalsearch.com/site/petalbot)"
114.119.147.74 - - [21/Jun/2022:18:26:30 +0000] "GET /node/187?share=facebook HTTP/1.1" 301 178 "https://mrchoke.org/node/187?ak_action=reject_mobile" "Mozilla/5.0 (Linux; Android 7.0;) AppleWebKit/537.36 (KHTML, like Gecko) Mobile Safari/537.36 (compatible; PetalBot;+https://webmaster.petalsearch.com/site/petalbot)"
114.119.147.74 - - [21/Jun/2022:18:26:32 +0000] "GET /node/187/?share=facebook HTTP/1.1" 200 9676 "https://mrchoke.org/node/187?ak_action=reject_mobile" "Mozilla/5.0 (Linux; Android 7.0;) AppleWebKit/537.36 (KHTML, like Gecko) Mobile Safari/537.36 (compatible; PetalBot;+https://webmaster.petalsearch.com/site/petalbot)"
114.119.147.86 - - [21/Jun/2022:18:28:28 +0000] "GET /node/443 HTTP/1.1" 302 154 "https://mrchoke.org/node/25?ak_action=reject_mobile" "Mozilla/5.0 (Linux; Android 7.0;) AppleWebKit/537.36 (KHTML, like Gecko) Mobile Safari/537.36 (compatible; PetalBot;+https://webmaster.petalsearch.com/site/petalbot)"
114.119.147.86 - - [21/Jun/2022:18:28:36 +0000] "GET /node/443 HTTP/1.1" 301 178 "https://mrchoke.org/node/25?ak_action=reject_mobile" "Mozilla/5.0 (Linux; Android 7.0;) AppleWebKit/537.36 (KHTML, like Gecko) Mobile Safari/537.36 (compatible; PetalBot;+https://webmaster.petalsearch.com/site/petalbot)"
114.119.147.86 - - [21/Jun/2022:18:28:40 +0000] "GET /node/443/ HTTP/1.1" 200 8857 "https://mrchoke.org/node/25?ak_action=reject_mobile" "Mozilla/5.0 (Linux; Android 7.0;) AppleWebKit/537.36 (KHTML, like Gecko) Mobile Safari/537.36 (compatible; PetalBot;+https://webmaster.petalsearch.com/site/petalbot)"
137.184.234.114 - - [21/Jun/2022:18:36:05 +0000] "GET /script HTTP/1.1" 400 166 "-" "-"
194.163.156.168 - - [21/Jun/2022:18:38:40 +0000] "GET /wp-login.php HTTP/1.1" 404 134 "-" "Mozilla/5.0 (Windows NT 10.0; Win64; x64; rv:96.0) Gecko/20100101 Firefox/96"
216.244.66.229 - - [21/Jun/2022:18:39:08 +0000] "GET /robots.txt HTTP/1.1" 404 162 "-" "Mozilla/5.0 (compatible; DotBot/1.2; +https://opensiteexplorer.org/dotbot; help@moz.com)"
216.244.66.229 - - [21/Jun/2022:18:39:08 +0000] "GET /robots.txt HTTP/1.1" 404 162 "-" "Mozilla/5.0 (compatible; DotBot/1.2; +https://opensiteexplorer.org/dotbot; help@moz.com)"
66.249.71.31 - - [21/Jun/2022:18:40:14 +0000] "GET /robots.txt HTTP/1.1" 404 134 "-" "Mozilla/5.0 (compatible; Googlebot/2.1; +http://www.google.com/bot.html)"
66.249.71.25 - - [21/Jun/2022:18:40:14 +0000] "GET /node/245 HTTP/1.1" 301 178 "-" "Mozilla/5.0 (Linux; Android 6.0.1; Nexus 5X Build/MMB29P) AppleWebKit/537.36 (KHTML, like Gecko) Chrome/102.0.5005.115 Mobile Safari/537.36 (compatible; Googlebot/2.1; +http://www.google.com/bot.html)"
66.249.71.31 - - [21/Jun/2022:18:40:15 +0000] "GET /node/245/ HTTP/1.1" 200 10623 "-" "Mozilla/5.0 (Linux; Android 6.0.1; Nexus 5X Build/MMB29P) AppleWebKit/537.36 (KHTML, like Gecko) Chrome/102.0.5005.115 Mobile Safari/537.36 (compatible; Googlebot/2.1; +http://www.google.com/bot.html)"
66.249.79.243 - - [21/Jun/2022:18:40:18 +0000] "GET /wp-includes/js/comment-reply.min.js?ver=5.7.1 HTTP/1.1" 200 2984 "https://static.mrchoke.org/node/245/" "Mozilla/5.0 (Linux; Android 6.0.1; Nexus 5X Build/MMB29P) AppleWebKit/537.36 (KHTML, like Gecko) Chrome/102.0.5005.115 Mobile Safari/537.36 (compatible; Googlebot/2.1; +http://www.google.com/bot.html)"
66.249.71.31 - - [21/Jun/2022:18:41:06 +0000] "GET /wp-content/uploads/2016/05/img_1368.jpg HTTP/1.1" 200 2523297 "-" "Googlebot-Image/1.0"
216.244.66.229 - - [21/Jun/2022:18:42:04 +0000] "GET /node/54/feed HTTP/1.1" 404 162 "-" "Mozilla/5.0 (compatible; DotBot/1.2; +https://opensiteexplorer.org/dotbot; help@moz.com)"
216.244.66.229 - - [21/Jun/2022:18:42:09 +0000] "GET /node/432/feed HTTP/1.1" 404 162 "-" "Mozilla/5.0 (compatible; DotBot/1.2; +https://opensiteexplorer.org/dotbot; help@moz.com)"
51.222.253.13 - - [21/Jun/2022:18:42:22 +0000] "GET / HTTP/1.1" 200 396 "-" "Mozilla/5.0 (compatible; AhrefsBot/7.0; +http://ahrefs.com/robot/)"
216.244.66.229 - - [21/Jun/2022:18:42:46 +0000] "GET /node/865/ch7_3238/feed HTTP/1.1" 404 162 "-" "Mozilla/5.0 (compatible; DotBot/1.2; +https://opensiteexplorer.org/dotbot; help@moz.com)"
216.244.66.229 - - [21/Jun/2022:18:43:45 +0000] "GET /wp-content/uploads/2014/01/IMG_6621.jpg HTTP/1.1" 404 162 "-" "Mozilla/5.0 (compatible; DotBot/1.2; +https://opensiteexplorer.org/dotbot; help@moz.com)"
216.244.66.229 - - [21/Jun/2022:18:43:48 +0000] "GET /wp-content/uploads/2014/02/IMG_7751.png HTTP/1.1" 404 162 "-" "Mozilla/5.0 (compatible; DotBot/1.2; +https://opensiteexplorer.org/dotbot; help@moz.com)"
