114.119.147.97 - - [28/Jun/2022:06:50:54 +0000] "GET /node/511/?share=linkedin HTTP/1.1" 200 9136 "https://mrchoke.org/node/511?replytocom=617&ak_action=accept_mobile" "Mozilla/5.0 (Linux; Android 7.0;) AppleWebKit/537.36 (KHTML, like Gecko) Mobile Safari/537.36 (compatible; PetalBot;+https://webmaster.petalsearch.com/site/petalbot)"
216.244.66.229 - - [28/Jun/2022:06:52:41 +0000] "GET /node/98/?share=google-plus-1 HTTP/1.1" 404 162 "-" "Mozilla/5.0 (compatible; DotBot/1.2; +https://opensiteexplorer.org/dotbot; help@moz.com)"
51.222.253.8 - - [28/Jun/2022:06:53:28 +0000] "GET /node/1839/ch7_4625_2/ HTTP/2.0" 200 7907 "-" "Mozilla/5.0 (compatible; AhrefsBot/7.0; +http://ahrefs.com/robot/)"
114.119.147.74 - - [28/Jun/2022:06:53:49 +0000] "GET /node/category/blog/page/4?ak_action=reject_mobile HTTP/1.1" 302 154 "https://mrchoke.org/node/category/blog/page/5?ak_action=reject_mobile" "Mozilla/5.0 (Linux; Android 7.0;) AppleWebKit/537.36 (KHTML, like Gecko) Mobile Safari/537.36 (compatible; PetalBot;+https://webmaster.petalsearch.com/site/petalbot)"
114.119.147.74 - - [28/Jun/2022:06:53:50 +0000] "GET /node/category/blog/page/4?ak_action=reject_mobile HTTP/1.1" 301 178 "https://mrchoke.org/node/category/blog/page/5?ak_action=reject_mobile" "Mozilla/5.0 (Linux; Android 7.0;) AppleWebKit/537.36 (KHTML, like Gecko) Mobile Safari/537.36 (compatible; PetalBot;+https://webmaster.petalsearch.com/site/petalbot)"
114.119.147.74 - - [28/Jun/2022:06:53:51 +0000] "GET /node/category/blog/page/4/?ak_action=reject_mobile HTTP/1.1" 200 12893 "https://mrchoke.org/node/category/blog/page/5?ak_action=reject_mobile" "Mozilla/5.0 (Linux; Android 7.0;) AppleWebKit/537.36 (KHTML, like Gecko) Mobile Safari/537.36 (compatible; PetalBot;+https://webmaster.petalsearch.com/site/petalbot)"
185.191.171.15 - - [28/Jun/2022:06:54:04 +0000] "GET /node/210 HTTP/1.1" 301 178 "-" "Mozilla/5.0 (compatible; SemrushBot/7~bl; +http://www.semrush.com/bot.html)"
185.191.171.2 - - [28/Jun/2022:06:54:07 +0000] "GET /node/210/ HTTP/1.1" 200 8139 "-" "Mozilla/5.0 (compatible; SemrushBot/7~bl; +http://www.semrush.com/bot.html)"
66.249.71.180 - - [28/Jun/2022:06:54:20 +0000] "GET / HTTP/1.1" 200 294 "-" "Mozilla/5.0 (compatible; Googlebot/2.1; +http://www.google.com/bot.html)"
114.119.147.97 - - [28/Jun/2022:06:56:50 +0000] "GET /node/category/domain/page/11?ak_action=accept_mobile HTTP/1.1" 302 154 "https://mrchoke.org/node/category/domain/page/12?ak_action=accept_mobile" "Mozilla/5.0 (Linux; Android 7.0;) AppleWebKit/537.36 (KHTML, like Gecko) Mobile Safari/537.36 (compatible; PetalBot;+https://webmaster.petalsearch.com/site/petalbot)"
114.119.147.97 - - [28/Jun/2022:06:56:51 +0000] "GET /node/category/domain/page/11?ak_action=accept_mobile HTTP/1.1" 301 178 "https://mrchoke.org/node/category/domain/page/12?ak_action=accept_mobile" "Mozilla/5.0 (Linux; Android 7.0;) AppleWebKit/537.36 (KHTML, like Gecko) Mobile Safari/537.36 (compatible; PetalBot;+https://webmaster.petalsearch.com/site/petalbot)"
114.119.147.97 - - [28/Jun/2022:06:56:51 +0000] "GET /node/category/domain/page/11/?ak_action=accept_mobile HTTP/1.1" 200 13595 "https://mrchoke.org/node/category/domain/page/12?ak_action=accept_mobile" "Mozilla/5.0 (Linux; Android 7.0;) AppleWebKit/537.36 (KHTML, like Gecko) Mobile Safari/537.36 (compatible; PetalBot;+https://webmaster.petalsearch.com/site/petalbot)"
216.244.66.229 - - [28/Jun/2022:06:56:54 +0000] "GET /node/353/?share=google-plus-1 HTTP/1.1" 404 162 "-" "Mozilla/5.0 (compatible; DotBot/1.2; +https://opensiteexplorer.org/dotbot; help@moz.com)"
216.244.66.229 - - [28/Jun/2022:06:56:59 +0000] "GET /node/473/ HTTP/1.1" 404 162 "-" "Mozilla/5.0 (compatible; DotBot/1.2; +https://opensiteexplorer.org/dotbot; help@moz.com)"
51.222.253.11 - - [28/Jun/2022:06:59:16 +0000] "GET /ch7_3361/ HTTP/2.0" 200 7875 "-" "Mozilla/5.0 (compatible; AhrefsBot/7.0; +http://ahrefs.com/robot/)"
185.191.171.44 - - [28/Jun/2022:06:59:38 +0000] "GET /node/338 HTTP/1.1" 301 178 "-" "Mozilla/5.0 (compatible; SemrushBot/7~bl; +http://www.semrush.com/bot.html)"
185.191.171.5 - - [28/Jun/2022:06:59:43 +0000] "GET /node/338/ HTTP/1.1" 200 8689 "-" "Mozilla/5.0 (compatible; SemrushBot/7~bl; +http://www.semrush.com/bot.html)"
66.249.71.28 - - [28/Jun/2022:06:59:45 +0000] "GET /wp-content/uploads/2016/05/img_1369.jpg HTTP/1.1" 200 878302 "-" "Googlebot-Image/1.0"
2a01:4f8:c010:531d::1 - - [28/Jun/2022:07:02:57 +0000] "GET /feed HTTP/1.1" 404 134 "-" "Mozilla/5.0 (Windows NT 10.0; rv:45.0) Gecko/20100101 Firefox/45.0"
114.119.147.97 - - [28/Jun/2022:07:03:07 +0000] "GET /node/date/2014/01/13 HTTP/1.1" 301 178 "https://mrchoke.org/node/1120?share=facebook" "Mozilla/5.0 (Linux; Android 7.0;) AppleWebKit/537.36 (KHTML, like Gecko) Mobile Safari/537.36 (compatible; PetalBot;+https://webmaster.petalsearch.com/site/petalbot)"
114.119.147.97 - - [28/Jun/2022:07:03:08 +0000] "GET /node/date/2014/01/13/ HTTP/1.1" 200 9264 "https://mrchoke.org/node/1120?share=facebook" "Mozilla/5.0 (Linux; Android 7.0;) AppleWebKit/537.36 (KHTML, like Gecko) Mobile Safari/537.36 (compatible; PetalBot;+https://webmaster.petalsearch.com/site/petalbot)"
51.222.253.3 - - [28/Jun/2022:07:04:48 +0000] "GET /node/date/2006/11/page/3/ HTTP/2.0" 200 12408 "-" "Mozilla/5.0 (compatible; AhrefsBot/7.0; +http://ahrefs.com/robot/)"
185.191.171.36 - - [28/Jun/2022:07:07:53 +0000] "GET /node/category/blog/page/8 HTTP/1.1" 301 178 "-" "Mozilla/5.0 (compatible; SemrushBot/7~bl; +http://www.semrush.com/bot.html)"
185.191.171.26 - - [28/Jun/2022:07:07:55 +0000] "GET /node/category/blog/page/8/ HTTP/1.1" 200 17705 "-" "Mozilla/5.0 (compatible; SemrushBot/7~bl; +http://www.semrush.com/bot.html)"
185.191.171.9 - - [28/Jun/2022:07:08:02 +0000] "GET /node/date/2005/03 HTTP/1.1" 302 154 "-" "Mozilla/5.0 (compatible; SemrushBot/7~bl; +http://www.semrush.com/bot.html)"
185.191.171.3 - - [28/Jun/2022:07:08:03 +0000] "GET /node/date/2005/03 HTTP/1.1" 301 178 "-" "Mozilla/5.0 (compatible; SemrushBot/7~bl; +http://www.semrush.com/bot.html)"
185.191.171.9 - - [28/Jun/2022:07:08:05 +0000] "GET /node/date/2005/03/ HTTP/1.1" 200 10942 "-" "Mozilla/5.0 (compatible; SemrushBot/7~bl; +http://www.semrush.com/bot.html)"
114.119.147.81 - - [28/Jun/2022:07:08:38 +0000] "GET /node/505?share=facebook HTTP/1.1" 302 154 "https://mrchoke.org/node/505?ak_action=accept_mobile" "Mozilla/5.0 (Linux; Android 7.0;) AppleWebKit/537.36 (KHTML, like Gecko) Mobile Safari/537.36 (compatible; PetalBot;+https://webmaster.petalsearch.com/site/petalbot)"
114.119.147.81 - - [28/Jun/2022:07:08:43 +0000] "GET /node/505?share=facebook HTTP/1.1" 301 178 "https://mrchoke.org/node/505?ak_action=accept_mobile" "Mozilla/5.0 (Linux; Android 7.0;) AppleWebKit/537.36 (KHTML, like Gecko) Mobile Safari/537.36 (compatible; PetalBot;+https://webmaster.petalsearch.com/site/petalbot)"
114.119.147.81 - - [28/Jun/2022:07:08:45 +0000] "GET /node/505/?share=facebook HTTP/1.1" 200 8101 "https://mrchoke.org/node/505?ak_action=accept_mobile" "Mozilla/5.0 (Linux; Android 7.0;) AppleWebKit/537.36 (KHTML, like Gecko) Mobile Safari/537.36 (compatible; PetalBot;+https://webmaster.petalsearch.com/site/petalbot)"
66.249.71.28 - - [28/Jun/2022:07:09:20 +0000] "GET /node/category/oss/ HTTP/1.1" 200 14621 "-" "Mozilla/5.0 (compatible; Googlebot/2.1; +http://www.google.com/bot.html)"
185.191.171.19 - - [28/Jun/2022:07:09:41 +0000] "GET /robots.txt HTTP/1.1" 404 134 "-" "Mozilla/5.0 (compatible; SemrushBot/7~bl; +http://www.semrush.com/bot.html)"
185.191.171.17 - - [28/Jun/2022:07:09:41 +0000] "GET /gallery/?g2_itemId=3861 HTTP/1.1" 404 134 "-" "Mozilla/5.0 (compatible; SemrushBot/7~bl; +http://www.semrush.com/bot.html)"
51.222.253.1 - - [28/Jun/2022:07:10:18 +0000] "GET /node/category/uncategorized/page/5/ HTTP/2.0" 200 11813 "-" "Mozilla/5.0 (compatible; AhrefsBot/7.0; +http://ahrefs.com/robot/)"
114.119.147.86 - - [28/Jun/2022:07:11:33 +0000] "GET /node/320?share=twitter HTTP/1.1" 302 154 "https://mrchoke.org/node/320?replytocom=344" "Mozilla/5.0 (Linux; Android 7.0;) AppleWebKit/537.36 (KHTML, like Gecko) Mobile Safari/537.36 (compatible; PetalBot;+https://webmaster.petalsearch.com/site/petalbot)"
114.119.147.86 - - [28/Jun/2022:07:11:38 +0000] "GET /node/320?share=twitter HTTP/1.1" 301 178 "https://mrchoke.org/node/320?replytocom=344" "Mozilla/5.0 (Linux; Android 7.0;) AppleWebKit/537.36 (KHTML, like Gecko) Mobile Safari/537.36 (compatible; PetalBot;+https://webmaster.petalsearch.com/site/petalbot)"
114.119.147.86 - - [28/Jun/2022:07:11:39 +0000] "GET /node/320/?share=twitter HTTP/1.1" 200 11094 "https://mrchoke.org/node/320?replytocom=344" "Mozilla/5.0 (Linux; Android 7.0;) AppleWebKit/537.36 (KHTML, like Gecko) Mobile Safari/537.36 (compatible; PetalBot;+https://webmaster.petalsearch.com/site/petalbot)"
66.249.64.214 - - [28/Jun/2022:07:12:21 +0000] "GET /node/235/feed HTTP/1.1" 301 178 "-" "Mozilla/5.0 (Linux; Android 6.0.1; Nexus 5X Build/MMB29P) AppleWebKit/537.36 (KHTML, like Gecko) Chrome/103.0.5060.53 Mobile Safari/537.36 (compatible; Googlebot/2.1; +http://www.google.com/bot.html)"
66.249.71.28 - - [28/Jun/2022:07:12:22 +0000] "GET /node/235/feed/ HTTP/1.1" 403 196 "-" "Mozilla/5.0 (Linux; Android 6.0.1; Nexus 5X Build/MMB29P) AppleWebKit/537.36 (KHTML, like Gecko) Chrome/103.0.5060.53 Mobile Safari/537.36 (compatible; Googlebot/2.1; +http://www.google.com/bot.html)"
114.119.147.97 - - [28/Jun/2022:07:14:28 +0000] "GET /node/755?share=linkedin HTTP/1.1" 302 154 "https://mrchoke.org/node/755?ak_action=reject_mobile" "Mozilla/5.0 (Linux; Android 7.0;) AppleWebKit/537.36 (KHTML, like Gecko) Mobile Safari/537.36 (compatible; PetalBot;+https://webmaster.petalsearch.com/site/petalbot)"
114.119.147.97 - - [28/Jun/2022:07:14:31 +0000] "GET /node/755?share=linkedin HTTP/1.1" 301 178 "https://mrchoke.org/node/755?ak_action=reject_mobile" "Mozilla/5.0 (Linux; Android 7.0;) AppleWebKit/537.36 (KHTML, like Gecko) Mobile Safari/537.36 (compatible; PetalBot;+https://webmaster.petalsearch.com/site/petalbot)"
114.119.147.97 - - [28/Jun/2022:07:14:32 +0000] "GET /node/755/?share=linkedin HTTP/1.1" 200 11681 "https://mrchoke.org/node/755?ak_action=reject_mobile" "Mozilla/5.0 (Linux; Android 7.0;) AppleWebKit/537.36 (KHTML, like Gecko) Mobile Safari/537.36 (compatible; PetalBot;+https://webmaster.petalsearch.com/site/petalbot)"
185.7.214.104 - - [28/Jun/2022:07:15:32 +0000] "POST /vendor/phpunit/phpunit/src/Util/PHP/eval-stdin.php HTTP/1.1" 404 197 "-" "Mozilla/5.0 (Windows NT 10.0; Win64; x64) AppleWebKit/537.36 (KHTML, like Gecko) Chrome/78.0.3904.108 Safari/537.36"
51.222.253.6 - - [28/Jun/2022:07:17:12 +0000] "GET /node/category/domain/page/5/ HTTP/2.0" 200 11638 "-" "Mozilla/5.0 (compatible; AhrefsBot/7.0; +http://ahrefs.com/robot/)"
114.119.147.86 - - [28/Jun/2022:07:17:30 +0000] "GET /node/939/img_6420?share=facebook HTTP/1.1" 302 154 "https://mrchoke.org/node/939/img_6420?ak_action=accept_mobile" "Mozilla/5.0 (Linux; Android 7.0;) AppleWebKit/537.36 (KHTML, like Gecko) Mobile Safari/537.36 (compatible; PetalBot;+https://webmaster.petalsearch.com/site/petalbot)"
114.119.147.86 - - [28/Jun/2022:07:17:31 +0000] "GET /node/939/img_6420?share=facebook HTTP/1.1" 301 178 "https://mrchoke.org/node/939/img_6420?ak_action=accept_mobile" "Mozilla/5.0 (Linux; Android 7.0;) AppleWebKit/537.36 (KHTML, like Gecko) Mobile Safari/537.36 (compatible; PetalBot;+https://webmaster.petalsearch.com/site/petalbot)"
114.119.147.86 - - [28/Jun/2022:07:17:31 +0000] "GET /node/939/img_6420/?share=facebook HTTP/1.1" 200 7889 "https://mrchoke.org/node/939/img_6420?ak_action=accept_mobile" "Mozilla/5.0 (Linux; Android 7.0;) AppleWebKit/537.36 (KHTML, like Gecko) Mobile Safari/537.36 (compatible; PetalBot;+https://webmaster.petalsearch.com/site/petalbot)"
114.119.147.73 - - [28/Jun/2022:07:20:28 +0000] "GET /node/82?share=reddit HTTP/1.1" 302 154 "https://mrchoke.org/node/82?ak_action=accept_mobile" "Mozilla/5.0 (Linux; Android 7.0;) AppleWebKit/537.36 (KHTML, like Gecko) Mobile Safari/537.36 (compatible; PetalBot;+https://webmaster.petalsearch.com/site/petalbot)"
114.119.147.73 - - [28/Jun/2022:07:20:30 +0000] "GET /node/82?share=reddit HTTP/1.1" 301 178 "https://mrchoke.org/node/82?ak_action=accept_mobile" "Mozilla/5.0 (Linux; Android 7.0;) AppleWebKit/537.36 (KHTML, like Gecko) Mobile Safari/537.36 (compatible; PetalBot;+https://webmaster.petalsearch.com/site/petalbot)"
114.119.147.73 - - [28/Jun/2022:07:20:30 +0000] "GET /node/82/?share=reddit HTTP/1.1" 200 8941 "https://mrchoke.org/node/82?ak_action=accept_mobile" "Mozilla/5.0 (Linux; Android 7.0;) AppleWebKit/537.36 (KHTML, like Gecko) Mobile Safari/537.36 (compatible; PetalBot;+https://webmaster.petalsearch.com/site/petalbot)"
2604:9a00:2010:a014:3::25 - - [28/Jun/2022:07:22:42 +0000] "GET /robots.txt HTTP/1.1" 404 162 "-" "Mozilla/5.0 (compatible; MJ12bot/v1.4.8; http://mj12bot.com/)"
2604:9a00:2010:a014:3::25 - - [28/Jun/2022:07:22:52 +0000] "GET / HTTP/1.1" 200 396 "-" "Mozilla/5.0 (compatible; MJ12bot/v1.4.8; http://mj12bot.com/)"
114.119.147.87 - - [28/Jun/2022:07:23:28 +0000] "GET /node/1815/ch7_4291 HTTP/1.1" 302 154 "https://mrchoke.org/node/1815/ch7_4335" "Mozilla/5.0 (Linux; Android 7.0;) AppleWebKit/537.36 (KHTML, like Gecko) Mobile Safari/537.36 (compatible; PetalBot;+https://webmaster.petalsearch.com/site/petalbot)"
114.119.147.87 - - [28/Jun/2022:07:23:29 +0000] "GET /node/1815/ch7_4291 HTTP/1.1" 301 178 "https://mrchoke.org/node/1815/ch7_4335" "Mozilla/5.0 (Linux; Android 7.0;) AppleWebKit/537.36 (KHTML, like Gecko) Mobile Safari/537.36 (compatible; PetalBot;+https://webmaster.petalsearch.com/site/petalbot)"
114.119.147.87 - - [28/Jun/2022:07:23:30 +0000] "GET /node/1815/ch7_4291/ HTTP/1.1" 200 7886 "https://mrchoke.org/node/1815/ch7_4335" "Mozilla/5.0 (Linux; Android 7.0;) AppleWebKit/537.36 (KHTML, like Gecko) Mobile Safari/537.36 (compatible; PetalBot;+https://webmaster.petalsearch.com/site/petalbot)"
40.77.167.43 - - [28/Jun/2022:07:23:37 +0000] "GET /node/category/gaim/feed HTTP/2.0" 301 178 "-" "Mozilla/5.0 (compatible; bingbot/2.0; +http://www.bing.com/bingbot.htm)"
40.77.167.43 - - [28/Jun/2022:07:23:47 +0000] "GET /node/category/gaim/feed/ HTTP/2.0" 403 123 "-" "Mozilla/5.0 (compatible; bingbot/2.0; +http://www.bing.com/bingbot.htm)"
51.222.253.11 - - [28/Jun/2022:07:24:01 +0000] "GET /node/1786 HTTP/2.0" 301 178 "-" "Mozilla/5.0 (compatible; AhrefsBot/7.0; +http://ahrefs.com/robot/)"
66.249.71.31 - - [28/Jun/2022:07:24:20 +0000] "GET /node/1885 HTTP/1.1" 301 178 "-" "Mozilla/5.0 (Linux; Android 6.0.1; Nexus 5X Build/MMB29P) AppleWebKit/537.36 (KHTML, like Gecko) Chrome/103.0.5060.53 Mobile Safari/537.36 (compatible; Googlebot/2.1; +http://www.google.com/bot.html)"
66.249.71.25 - - [28/Jun/2022:07:24:21 +0000] "GET /node/1885/ HTTP/1.1" 200 9827 "-" "Mozilla/5.0 (Linux; Android 6.0.1; Nexus 5X Build/MMB29P) AppleWebKit/537.36 (KHTML, like Gecko) Chrome/103.0.5060.53 Mobile Safari/537.36 (compatible; Googlebot/2.1; +http://www.google.com/bot.html)"
216.244.66.229 - - [28/Jun/2022:07:24:46 +0000] "GET /robots.txt HTTP/1.1" 404 162 "-" "Mozilla/5.0 (compatible; DotBot/1.2; +https://opensiteexplorer.org/dotbot; help@moz.com)"
185.191.171.37 - - [28/Jun/2022:07:25:59 +0000] "GET /node/date/2004/06/21 HTTP/1.1" 301 178 "-" "Mozilla/5.0 (compatible; SemrushBot/7~bl; +http://www.semrush.com/bot.html)"
185.191.171.23 - - [28/Jun/2022:07:26:01 +0000] "GET /node/date/2004/06/21/ HTTP/1.1" 200 7973 "-" "Mozilla/5.0 (compatible; SemrushBot/7~bl; +http://www.semrush.com/bot.html)"
114.119.147.87 - - [28/Jun/2022:07:26:19 +0000] "GET /node/category/xfce HTTP/1.1" 404 134 "http://www.mrchoke.org/node/28" "Mozilla/5.0 (Linux; Android 7.0;) AppleWebKit/537.36 (KHTML, like Gecko) Mobile Safari/537.36 (compatible; PetalBot;+https://webmaster.petalsearch.com/site/petalbot)"
216.244.66.229 - - [28/Jun/2022:07:30:32 +0000] "GET /node/1997?share=linkedin HTTP/1.1" 404 162 "-" "Mozilla/5.0 (compatible; DotBot/1.2; +https://opensiteexplorer.org/dotbot; help@moz.com)"
51.222.253.15 - - [28/Jun/2022:07:30:53 +0000] "GET /node/1839/ch7_5475_2/ HTTP/2.0" 200 7851 "-" "Mozilla/5.0 (compatible; AhrefsBot/7.0; +http://ahrefs.com/robot/)"
114.119.147.73 - - [28/Jun/2022:07:33:16 +0000] "GET /node/57?ak_action=reject_mobile HTTP/1.1" 302 154 "https://mrchoke.org/node/57?ak_action=accept_mobile" "Mozilla/5.0 (Linux; Android 7.0;) AppleWebKit/537.36 (KHTML, like Gecko) Mobile Safari/537.36 (compatible; PetalBot;+https://webmaster.petalsearch.com/site/petalbot)"
114.119.147.73 - - [28/Jun/2022:07:33:17 +0000] "GET /node/57?ak_action=reject_mobile HTTP/1.1" 301 178 "https://mrchoke.org/node/57?ak_action=accept_mobile" "Mozilla/5.0 (Linux; Android 7.0;) AppleWebKit/537.36 (KHTML, like Gecko) Mobile Safari/537.36 (compatible; PetalBot;+https://webmaster.petalsearch.com/site/petalbot)"
114.119.147.73 - - [28/Jun/2022:07:33:18 +0000] "GET /node/57/?ak_action=reject_mobile HTTP/1.1" 200 9700 "https://mrchoke.org/node/57?ak_action=accept_mobile" "Mozilla/5.0 (Linux; Android 7.0;) AppleWebKit/537.36 (KHTML, like Gecko) Mobile Safari/537.36 (compatible; PetalBot;+https://webmaster.petalsearch.com/site/petalbot)"
49.7.21.90 - - [28/Jun/2022:07:33:35 +0000] "GET / HTTP/1.1" 200 294 "-" "Sogou web spider/4.0(+http://www.sogou.com/docs/help/webmasters.htm#07)"
54.198.46.51 - - [28/Jun/2022:07:33:42 +0000] "GET /robots.txt HTTP/1.1" 404 197 "https://www.google.com/" "Mozilla/5.0 (Windows NT 10.0; Win64; x64) AppleWebKit/537.36 (KHTML, like Gecko) Chrome/95.0.4638.69 Safari/537.36"
54.198.46.51 - - [28/Jun/2022:07:33:43 +0000] "GET /robots.txt HTTP/1.1" 301 178 "https://www.google.com/" "Mozilla/5.0 (Windows NT 10.0; Win64; x64) AppleWebKit/537.36 (KHTML, like Gecko) Chrome/95.0.4638.69 Safari/537.36"
54.198.46.51 - - [28/Jun/2022:07:33:44 +0000] "GET /robots.txt HTTP/1.1" 404 197 "https://www.google.com/" "Mozilla/5.0 (Windows NT 10.0; Win64; x64) AppleWebKit/537.36 (KHTML, like Gecko) Chrome/95.0.4638.69 Safari/537.36"
54.198.46.51 - - [28/Jun/2022:07:33:45 +0000] "GET /feed HTTP/1.1" 404 134 "-" "Rome Client (http://tinyurl.com/64t5n) Ver: UNKNOWN"
145.224.94.126 - - [28/Jun/2022:07:36:12 +0000] "GET /wp-content/uploads/2013/12/virtualbox_logo.png HTTP/2.0" 302 154 "https://www.sitepoint.com/" "Mozilla/5.0 (X11; Ubuntu; Linux x86_64; rv:101.0) Gecko/20100101 Firefox/101.0"
145.224.94.126 - - [28/Jun/2022:07:36:13 +0000] "GET /wp-content/uploads/2013/12/virtualbox_logo.png HTTP/2.0" 404 123 "https://www.sitepoint.com/" "Mozilla/5.0 (X11; Ubuntu; Linux x86_64; rv:101.0) Gecko/20100101 Firefox/101.0"
51.222.253.10 - - [28/Jun/2022:07:37:46 +0000] "GET /node/date/2006/10/page/5/ HTTP/2.0" 200 11803 "-" "Mozilla/5.0 (compatible; AhrefsBot/7.0; +http://ahrefs.com/robot/)"
185.191.171.3 - - [28/Jun/2022:07:38:25 +0000] "GET /robots.txt HTTP/1.1" 404 134 "-" "Mozilla/5.0 (compatible; SemrushBot/7~bl; +http://www.semrush.com/bot.html)"
185.191.171.26 - - [28/Jun/2022:07:38:26 +0000] "GET /node/939/img_6396 HTTP/1.1" 301 178 "-" "Mozilla/5.0 (compatible; SemrushBot/7~bl; +http://www.semrush.com/bot.html)"
185.191.171.17 - - [28/Jun/2022:07:38:29 +0000] "GET /node/939/img_6396/ HTTP/1.1" 200 7886 "-" "Mozilla/5.0 (compatible; SemrushBot/7~bl; +http://www.semrush.com/bot.html)"
216.244.66.229 - - [28/Jun/2022:07:40:24 +0000] "GET /node/99/?share=google-plus-1 HTTP/1.1" 404 162 "-" "Mozilla/5.0 (compatible; DotBot/1.2; +https://opensiteexplorer.org/dotbot; help@moz.com)"
220.181.51.113 - - [28/Jun/2022:07:40:57 +0000] "GET /robots.txt HTTP/1.1" 404 197 "-" "Mozilla/5.0 (Windows NT 10.0; WOW64) AppleWebKit/537.36 (KHTML, like Gecko) Chrome/48.0.2564.116 Safari/537.36"
116.179.32.215 - - [28/Jun/2022:07:40:59 +0000] "GET / HTTP/1.1" 304 0 "-" "Mozilla/5.0 (compatible; Baiduspider/2.0; +http://www.baidu.com/search/spider.html)"
51.222.253.14 - - [28/Jun/2022:07:44:21 +0000] "GET /node/1101/ch7_3296/ HTTP/2.0" 200 7853 "-" "Mozilla/5.0 (compatible; AhrefsBot/7.0; +http://ahrefs.com/robot/)"
216.244.66.229 - - [28/Jun/2022:07:44:58 +0000] "GET /node/292/?share=google-plus-1 HTTP/1.1" 404 162 "-" "Mozilla/5.0 (compatible; DotBot/1.2; +https://opensiteexplorer.org/dotbot; help@moz.com)"
216.244.66.229 - - [28/Jun/2022:07:45:02 +0000] "GET /node/358/?share=google-plus-1 HTTP/1.1" 404 162 "-" "Mozilla/5.0 (compatible; DotBot/1.2; +https://opensiteexplorer.org/dotbot; help@moz.com)"
216.244.66.229 - - [28/Jun/2022:07:45:06 +0000] "GET /node/451/?share=google-plus-1 HTTP/1.1" 404 162 "-" "Mozilla/5.0 (compatible; DotBot/1.2; +https://opensiteexplorer.org/dotbot; help@moz.com)"
216.244.66.229 - - [28/Jun/2022:07:45:08 +0000] "GET /node/481/ HTTP/1.1" 404 162 "-" "Mozilla/5.0 (compatible; DotBot/1.2; +https://opensiteexplorer.org/dotbot; help@moz.com)"
216.244.66.229 - - [28/Jun/2022:07:45:12 +0000] "GET /node/86/ HTTP/1.1" 404 162 "-" "Mozilla/5.0 (compatible; DotBot/1.2; +https://opensiteexplorer.org/dotbot; help@moz.com)"
66.249.71.25 - - [28/Jun/2022:07:45:56 +0000] "GET /node/245 HTTP/1.1" 301 178 "-" "Mozilla/5.0 (Linux; Android 6.0.1; Nexus 5X Build/MMB29P) AppleWebKit/537.36 (KHTML, like Gecko) Chrome/103.0.5060.53 Mobile Safari/537.36 (compatible; Googlebot/2.1; +http://www.google.com/bot.html)"
185.7.214.104 - - [28/Jun/2022:07:47:17 +0000] "GET /vendor/phpunit/phpunit/src/Util/PHP/eval-stdin.php HTTP/1.1" 404 197 "-" "Mozilla/5.0 (Windows NT 10.0; Win64; x64) AppleWebKit/537.36 (KHTML, like Gecko) Chrome/78.0.3904.108 Safari/537.36"
51.222.253.3 - - [28/Jun/2022:07:51:05 +0000] "GET /node/date/2006/10/page/7/ HTTP/2.0" 200 10902 "-" "Mozilla/5.0 (compatible; AhrefsBot/7.0; +http://ahrefs.com/robot/)"
145.224.94.126 - - [28/Jun/2022:07:51:34 +0000] "GET /wp-content/uploads/2013/12/virtualbox_logo.png HTTP/2.0" 302 154 "https://www.sitepoint.com/" "Mozilla/5.0 (X11; Linux x86_64; rv:101.0) Gecko/20100101 Firefox/101.0"
145.224.94.126 - - [28/Jun/2022:07:51:34 +0000] "GET /wp-content/uploads/2013/12/virtualbox_logo.png HTTP/2.0" 404 123 "https://www.sitepoint.com/" "Mozilla/5.0 (X11; Linux x86_64; rv:101.0) Gecko/20100101 Firefox/101.0"
114.119.147.73 - - [28/Jun/2022:07:51:38 +0000] "GET /node/tag/ios-2 HTTP/1.1" 302 154 "https://mrchoke.org/node/1731?share=facebook" "Mozilla/5.0 (Linux; Android 7.0;) AppleWebKit/537.36 (KHTML, like Gecko) Mobile Safari/537.36 (compatible; PetalBot;+https://webmaster.petalsearch.com/site/petalbot)"
114.119.147.73 - - [28/Jun/2022:07:51:39 +0000] "GET /node/tag/ios-2 HTTP/1.1" 301 178 "https://mrchoke.org/node/1731?share=facebook" "Mozilla/5.0 (Linux; Android 7.0;) AppleWebKit/537.36 (KHTML, like Gecko) Mobile Safari/537.36 (compatible; PetalBot;+https://webmaster.petalsearch.com/site/petalbot)"
114.119.147.73 - - [28/Jun/2022:07:51:41 +0000] "GET /node/tag/ios-2/ HTTP/1.1" 200 9660 "https://mrchoke.org/node/1731?share=facebook" "Mozilla/5.0 (Linux; Android 7.0;) AppleWebKit/537.36 (KHTML, like Gecko) Mobile Safari/537.36 (compatible; PetalBot;+https://webmaster.petalsearch.com/site/petalbot)"
66.249.71.25 - - [28/Jun/2022:07:54:20 +0000] "GET /node/119 HTTP/1.1" 301 178 "-" "Mozilla/5.0 (Linux; Android 6.0.1; Nexus 5X Build/MMB29P) AppleWebKit/537.36 (KHTML, like Gecko) Chrome/103.0.5060.53 Mobile Safari/537.36 (compatible; Googlebot/2.1; +http://www.google.com/bot.html)"
66.249.71.25 - - [28/Jun/2022:07:54:21 +0000] "GET /node/119/ HTTP/1.1" 200 8880 "-" "Mozilla/5.0 (Linux; Android 6.0.1; Nexus 5X Build/MMB29P) AppleWebKit/537.36 (KHTML, like Gecko) Chrome/103.0.5060.53 Mobile Safari/537.36 (compatible; Googlebot/2.1; +http://www.google.com/bot.html)"
72.46.141.34 - - [28/Jun/2022:07:54:58 +0000] "GET / HTTP/1.1" 200 612 "-" "Mozilla/5.0 (Windows NT 6.1; WOW64) AppleWebKit/537.36 (KHTML, like Gecko) Chrome/51.0.2704.103 Safari/537.36"
51.222.253.2 - - [28/Jun/2022:07:57:52 +0000] "GET /node/category/uncategorized/page/6/ HTTP/2.0" 200 18956 "-" "Mozilla/5.0 (compatible; AhrefsBot/7.0; +http://ahrefs.com/robot/)"
40.77.167.46 - - [28/Jun/2022:07:59:23 +0000] "GET /node/66/ HTTP/2.0" 304 0 "-" "Mozilla/5.0 (compatible; bingbot/2.0; +http://www.bing.com/bingbot.htm)"
66.249.71.31 - - [28/Jun/2022:07:59:45 +0000] "GET /wp-content/uploads/2012/04/maliwan_ratree.jpg HTTP/1.1" 200 71088 "-" "Googlebot-Image/1.0"
104.208.64.99 - - [28/Jun/2022:08:02:46 +0000] "GET /robots.txt HTTP/1.1" 404 134 "-" "python-requests/2.27.1"
51.222.253.6 - - [28/Jun/2022:08:04:18 +0000] "GET /node/category/domain/page/7/ HTTP/2.0" 200 11145 "-" "Mozilla/5.0 (compatible; AhrefsBot/7.0; +http://ahrefs.com/robot/)"
20.29.70.157 - - [28/Jun/2022:08:05:33 +0000] "GET /.env HTTP/1.1" 404 134 "-" "Mozilla/5.0 (Linux; U; Android 4.4.2; en-US; HM NOTE 1W Build/KOT49H) AppleWebKit/534.30 (KHTML, like Gecko) Version/4.0 UCBrowser/11.0.5.850 U3/0.8.0 Mobile Safari/534.30"
20.29.70.157 - - [28/Jun/2022:08:05:33 +0000] "POST / HTTP/1.1" 405 166 "-" "Mozilla/5.0 (Linux; U; Android 4.4.2; en-US; HM NOTE 1W Build/KOT49H) AppleWebKit/534.30 (KHTML, like Gecko) Version/4.0 UCBrowser/11.0.5.850 U3/0.8.0 Mobile Safari/534.30"
20.29.70.157 - - [28/Jun/2022:08:05:34 +0000] "GET /.env HTTP/1.1" 301 178 "-" "Mozilla/5.0 (Linux; U; Android 4.4.2; en-US; HM NOTE 1W Build/KOT49H) AppleWebKit/534.30 (KHTML, like Gecko) Version/4.0 UCBrowser/11.0.5.850 U3/0.8.0 Mobile Safari/534.30"
20.29.70.157 - - [28/Jun/2022:08:05:35 +0000] "POST / HTTP/1.1" 301 178 "-" "Mozilla/5.0 (Linux; U; Android 4.4.2; en-US; HM NOTE 1W Build/KOT49H) AppleWebKit/534.30 (KHTML, like Gecko) Version/4.0 UCBrowser/11.0.5.850 U3/0.8.0 Mobile Safari/534.30"
20.29.70.157 - - [28/Jun/2022:08:05:42 +0000] "GET /vendor/phpunit/phpunit/src/Util/PHP/eval-stdin.php HTTP/1.1" 404 134 "-" "python-requests/2.24.0"
185.191.171.38 - - [28/Jun/2022:08:09:34 +0000] "GET /node/356 HTTP/1.1" 301 178 "-" "Mozilla/5.0 (compatible; SemrushBot/7~bl; +http://www.semrush.com/bot.html)"
185.191.171.6 - - [28/Jun/2022:08:09:37 +0000] "GET /node/356/ HTTP/1.1" 200 8915 "-" "Mozilla/5.0 (compatible; SemrushBot/7~bl; +http://www.semrush.com/bot.html)"
51.222.253.6 - - [28/Jun/2022:08:10:26 +0000] "GET /img_1351/ HTTP/2.0" 200 7859 "-" "Mozilla/5.0 (compatible; AhrefsBot/7.0; +http://ahrefs.com/robot/)"
216.244.66.229 - - [28/Jun/2022:08:14:18 +0000] "GET /robots.txt HTTP/1.1" 404 162 "-" "Mozilla/5.0 (compatible; DotBot/1.2; +https://opensiteexplorer.org/dotbot; help@moz.com)"
51.222.253.13 - - [28/Jun/2022:08:16:44 +0000] "GET /node/1908/gm21000_3/ HTTP/2.0" 200 7881 "-" "Mozilla/5.0 (compatible; AhrefsBot/7.0; +http://ahrefs.com/robot/)"
216.244.66.229 - - [28/Jun/2022:08:17:02 +0000] "GET /node/1006/img_6487 HTTP/1.1" 404 162 "-" "Mozilla/5.0 (compatible; DotBot/1.2; +https://opensiteexplorer.org/dotbot; help@moz.com)"
114.119.147.74 - - [28/Jun/2022:08:17:22 +0000] "GET /node/464 HTTP/1.1" 302 154 "https://mrchoke.org/node/378?share=twitter" "Mozilla/5.0 (Linux; Android 7.0;) AppleWebKit/537.36 (KHTML, like Gecko) Mobile Safari/537.36 (compatible; PetalBot;+https://webmaster.petalsearch.com/site/petalbot)"
114.119.147.74 - - [28/Jun/2022:08:17:23 +0000] "GET /node/464 HTTP/1.1" 301 178 "https://mrchoke.org/node/378?share=twitter" "Mozilla/5.0 (Linux; Android 7.0;) AppleWebKit/537.36 (KHTML, like Gecko) Mobile Safari/537.36 (compatible; PetalBot;+https://webmaster.petalsearch.com/site/petalbot)"
114.119.147.74 - - [28/Jun/2022:08:17:24 +0000] "GET /node/464/ HTTP/1.1" 200 8475 "https://mrchoke.org/node/378?share=twitter" "Mozilla/5.0 (Linux; Android 7.0;) AppleWebKit/537.36 (KHTML, like Gecko) Mobile Safari/537.36 (compatible; PetalBot;+https://webmaster.petalsearch.com/site/petalbot)"
114.119.147.74 - - [28/Jun/2022:08:20:27 +0000] "GET /node/tag/trip/page/3 HTTP/1.1" 404 134 "http://www.mrchoke.org/node/tag/trip/page/2" "Mozilla/5.0 (Linux; Android 7.0;) AppleWebKit/537.36 (KHTML, like Gecko) Mobile Safari/537.36 (compatible; PetalBot;+https://webmaster.petalsearch.com/site/petalbot)"
51.222.253.4 - - [28/Jun/2022:08:22:43 +0000] "GET /node/category/domain/page/6/ HTTP/2.0" 200 12127 "-" "Mozilla/5.0 (compatible; AhrefsBot/7.0; +http://ahrefs.com/robot/)"
114.119.147.73 - - [28/Jun/2022:08:23:25 +0000] "GET /node/tag/bike HTTP/1.1" 301 178 "https://mrchoke.org/node/1607?share=linkedin" "Mozilla/5.0 (Linux; Android 7.0;) AppleWebKit/537.36 (KHTML, like Gecko) Mobile Safari/537.36 (compatible; PetalBot;+https://webmaster.petalsearch.com/site/petalbot)"
114.119.147.73 - - [28/Jun/2022:08:23:26 +0000] "GET /node/tag/bike/ HTTP/1.1" 200 12763 "https://mrchoke.org/node/1607?share=linkedin" "Mozilla/5.0 (Linux; Android 7.0;) AppleWebKit/537.36 (KHTML, like Gecko) Mobile Safari/537.36 (compatible; PetalBot;+https://webmaster.petalsearch.com/site/petalbot)"
104.208.64.99 - - [28/Jun/2022:08:25:18 +0000] "GET /data/admin/allowurl.txt HTTP/1.1" 404 134 "-" "Mozilla/5.0 (Windows NT 10.0; WOW64; rv:48.0) Gecko/20100101 Firefox/48.0"
51.222.253.14 - - [28/Jun/2022:08:27:44 +0000] "GET /node/date/2006/10/page/6/ HTTP/2.0" 200 11269 "-" "Mozilla/5.0 (compatible; AhrefsBot/7.0; +http://ahrefs.com/robot/)"
87.250.224.3 - - [28/Jun/2022:08:29:08 +0000] "GET /node/category/compiz/page/2/ HTTP/1.1" 200 9766 "-" "Mozilla/5.0 (compatible; YandexBot/3.0; +http://yandex.com/bots)"
66.249.71.31 - - [28/Jun/2022:08:30:55 +0000] "GET /node/date/2006/06/ HTTP/1.1" 200 8502 "-" "Mozilla/5.0 (Linux; Android 6.0.1; Nexus 5X Build/MMB29P) AppleWebKit/537.36 (KHTML, like Gecko) Chrome/103.0.5060.53 Mobile Safari/537.36 (compatible; Googlebot/2.1; +http://www.google.com/bot.html)"
154.3.62.10 - - [28/Jun/2022:08:30:57 +0000] "GET / HTTP/1.1" 200 294 "-" "Mozilla/5.0 (compatible; MixrankBot; crawler@mixrank.com)"
154.3.62.10 - - [28/Jun/2022:08:31:08 +0000] "GET / HTTP/1.1" 200 16008 "-" "Mozilla/5.0 (compatible; MixrankBot; crawler@mixrank.com)"
51.222.253.5 - - [28/Jun/2022:08:32:19 +0000] "GET /node/49 HTTP/2.0" 301 178 "-" "Mozilla/5.0 (compatible; AhrefsBot/7.0; +http://ahrefs.com/robot/)"
104.208.64.99 - - [28/Jun/2022:08:32:56 +0000] "GET /css/album.css HTTP/1.1" 404 134 "-" "Mozilla/5.0 (Windows NT 10.0; WOW64; rv:48.0) Gecko/20100101 Firefox/48.0"
114.119.147.97 - - [28/Jun/2022:08:33:37 +0000] "GET /node/1135/img_6618?share=linkedin HTTP/1.1" 302 154 "https://mrchoke.org/node/1135/img_6618" "Mozilla/5.0 (Linux; Android 7.0;) AppleWebKit/537.36 (KHTML, like Gecko) Mobile Safari/537.36 (compatible; PetalBot;+https://webmaster.petalsearch.com/site/petalbot)"
114.119.147.97 - - [28/Jun/2022:08:33:38 +0000] "GET /node/1135/img_6618?share=linkedin HTTP/1.1" 301 178 "https://mrchoke.org/node/1135/img_6618" "Mozilla/5.0 (Linux; Android 7.0;) AppleWebKit/537.36 (KHTML, like Gecko) Mobile Safari/537.36 (compatible; PetalBot;+https://webmaster.petalsearch.com/site/petalbot)"
114.119.147.97 - - [28/Jun/2022:08:33:41 +0000] "GET /node/1135/img_6618/?share=linkedin HTTP/1.1" 200 7863 "https://mrchoke.org/node/1135/img_6618" "Mozilla/5.0 (Linux; Android 7.0;) AppleWebKit/537.36 (KHTML, like Gecko) Mobile Safari/537.36 (compatible; PetalBot;+https://webmaster.petalsearch.com/site/petalbot)"
5.161.135.176 - - [28/Jun/2022:08:34:03 +0000] "GET / HTTP/1.1" 200 396 "http://188.166.238.131:80/left.html" "Mozilla/5.0 (X11; Ubuntu; Linux x86_64; rv:77.0) Gecko/20100101 Firefox/77.0"
216.244.66.229 - - [28/Jun/2022:08:34:40 +0000] "GET /node/482/ HTTP/1.1" 404 162 "-" "Mozilla/5.0 (compatible; DotBot/1.2; +https://opensiteexplorer.org/dotbot; help@moz.com)"
216.244.66.229 - - [28/Jun/2022:08:34:46 +0000] "GET /node/503/?share=google-plus-1 HTTP/1.1" 404 162 "-" "Mozilla/5.0 (compatible; DotBot/1.2; +https://opensiteexplorer.org/dotbot; help@moz.com)"
51.222.253.9 - - [28/Jun/2022:08:37:09 +0000] "GET /node/1298/img_7028 HTTP/2.0" 301 178 "-" "Mozilla/5.0 (compatible; AhrefsBot/7.0; +http://ahrefs.com/robot/)"
42.236.10.109 - - [28/Jun/2022:08:38:41 +0000] "GET / HTTP/1.1" 200 294 "https://mrchoke.org/" "Mozilla/5.0 (Windows NT 6.1; WOW64) AppleWebKit/537.36 (KHTML, like Gecko) Chrome/50.0.2661.102 Safari/537.36; 360Spider"
51.222.253.13 - - [28/Jun/2022:08:43:01 +0000] "GET /node/date/2008/06/01/ HTTP/2.0" 200 8227 "-" "Mozilla/5.0 (compatible; AhrefsBot/7.0; +http://ahrefs.com/robot/)"
51.222.253.5 - - [28/Jun/2022:08:47:36 +0000] "GET /node/category/linux/page/5/ HTTP/2.0" 200 13352 "-" "Mozilla/5.0 (compatible; AhrefsBot/7.0; +http://ahrefs.com/robot/)"
185.191.171.7 - - [28/Jun/2022:08:47:41 +0000] "GET /robots.txt HTTP/1.1" 404 134 "-" "Mozilla/5.0 (compatible; SemrushBot/7~bl; +http://www.semrush.com/bot.html)"
185.191.171.6 - - [28/Jun/2022:08:47:41 +0000] "GET /gallery/?g2_itemId=2571 HTTP/1.1" 404 134 "-" "Mozilla/5.0 (compatible; SemrushBot/7~bl; +http://www.semrush.com/bot.html)"
114.119.147.86 - - [28/Jun/2022:08:48:30 +0000] "GET /node/216 HTTP/1.1" 302 154 "https://mrchoke.org/node/category/debianclub" "Mozilla/5.0 (Linux; Android 7.0;) AppleWebKit/537.36 (KHTML, like Gecko) Mobile Safari/537.36 (compatible; PetalBot;+https://webmaster.petalsearch.com/site/petalbot)"
114.119.147.86 - - [28/Jun/2022:08:48:30 +0000] "GET /node/216 HTTP/1.1" 301 178 "https://mrchoke.org/node/category/debianclub" "Mozilla/5.0 (Linux; Android 7.0;) AppleWebKit/537.36 (KHTML, like Gecko) Mobile Safari/537.36 (compatible; PetalBot;+https://webmaster.petalsearch.com/site/petalbot)"
114.119.147.86 - - [28/Jun/2022:08:48:30 +0000] "GET /node/216/ HTTP/1.1" 200 8476 "https://mrchoke.org/node/category/debianclub" "Mozilla/5.0 (Linux; Android 7.0;) AppleWebKit/537.36 (KHTML, like Gecko) Mobile Safari/537.36 (compatible; PetalBot;+https://webmaster.petalsearch.com/site/petalbot)"
185.196.220.81 - - [28/Jun/2022:08:50:38 +0000] "POST /boaform/admin/formLogin HTTP/1.1" 404 134 "http://188.166.238.131:80/admin/login.asp" "Mozilla/5.0 (Windows NT 10.0; Win64; x64) Gecko/20100101 Firefox/71.0"
185.196.220.81 - - [28/Jun/2022:08:50:38 +0000] "" 400 0 "-" "-"
185.191.171.12 - - [28/Jun/2022:08:51:08 +0000] "GET /robots.txt HTTP/1.1" 404 134 "-" "Mozilla/5.0 (compatible; SemrushBot/7~bl; +http://www.semrush.com/bot.html)"
185.191.171.12 - - [28/Jun/2022:08:51:09 +0000] "GET /node/date/2014/02/03 HTTP/1.1" 301 178 "-" "Mozilla/5.0 (compatible; SemrushBot/7~bl; +http://www.semrush.com/bot.html)"
185.191.171.17 - - [28/Jun/2022:08:51:11 +0000] "GET /node/date/2014/02/03/ HTTP/1.1" 200 10231 "-" "Mozilla/5.0 (compatible; SemrushBot/7~bl; +http://www.semrush.com/bot.html)"
51.222.253.13 - - [28/Jun/2022:08:52:35 +0000] "GET /node/date/2005/05/page/4/ HTTP/2.0" 200 10826 "-" "Mozilla/5.0 (compatible; AhrefsBot/7.0; +http://ahrefs.com/robot/)"
17.121.115.21 - - [28/Jun/2022:08:53:18 +0000] "GET /node/201/ HTTP/1.1" 200 8443 "-" "Mozilla/5.0 (Macintosh; Intel Mac OS X 10_15_5) AppleWebKit/605.1.15 (KHTML, like Gecko) Version/13.1.1 Safari/605.1.15 (Applebot/0.1; +http://www.apple.com/go/applebot)"
51.222.253.18 - - [28/Jun/2022:08:57:40 +0000] "GET /node/124 HTTP/2.0" 301 178 "-" "Mozilla/5.0 (compatible; AhrefsBot/7.0; +http://ahrefs.com/robot/)"
170.231.236.42 - - [28/Jun/2022:08:58:40 +0000] "GET / HTTP/1.1" 200 612 "-" "-"
170.231.236.42 - - [28/Jun/2022:08:58:40 +0000] "POST /HNAP1/ HTTP/1.1" 404 134 "-" "Mozila/5.0"
185.191.171.22 - - [28/Jun/2022:09:00:28 +0000] "GET /node/tag/app HTTP/1.1" 301 178 "-" "Mozilla/5.0 (compatible; SemrushBot/7~bl; +http://www.semrush.com/bot.html)"
185.191.171.44 - - [28/Jun/2022:09:00:30 +0000] "GET /node/tag/app/ HTTP/1.1" 200 9018 "-" "Mozilla/5.0 (compatible; SemrushBot/7~bl; +http://www.semrush.com/bot.html)"
185.191.171.10 - - [28/Jun/2022:09:02:03 +0000] "GET /node/category/wine HTTP/1.1" 301 178 "-" "Mozilla/5.0 (compatible; SemrushBot/7~bl; +http://www.semrush.com/bot.html)"
185.191.171.4 - - [28/Jun/2022:09:02:06 +0000] "GET /node/category/wine/ HTTP/1.1" 200 8464 "-" "Mozilla/5.0 (compatible; SemrushBot/7~bl; +http://www.semrush.com/bot.html)"
51.222.253.9 - - [28/Jun/2022:09:02:25 +0000] "GET /node/date/2014/02/page/5/ HTTP/2.0" 200 16950 "-" "Mozilla/5.0 (compatible; AhrefsBot/7.0; +http://ahrefs.com/robot/)"
51.222.253.7 - - [28/Jun/2022:09:02:29 +0000] "GET /wp-content/uploads/2014/02/20140201-203235.jpg HTTP/2.0" 200 132743 "-" "Mozilla/5.0 (compatible; AhrefsBot/7.0; +http://ahrefs.com/robot/)"
51.222.253.6 - - [28/Jun/2022:09:02:31 +0000] "GET /wp-content/uploads/2014/02/Screenshot-2014-02-04-22.43.44.png HTTP/2.0" 200 97718 "-" "Mozilla/5.0 (compatible; AhrefsBot/7.0; +http://ahrefs.com/robot/)"
51.222.253.12 - - [28/Jun/2022:09:02:33 +0000] "GET /wp-content/uploads/2014/02/Screenshot-2014-02-04-22.44.59.png HTTP/2.0" 200 145096 "-" "Mozilla/5.0 (compatible; AhrefsBot/7.0; +http://ahrefs.com/robot/)"
51.222.253.17 - - [28/Jun/2022:09:02:35 +0000] "GET /wp-content/uploads/2014/02/20140201-203214.jpg HTTP/2.0" 200 146939 "-" "Mozilla/5.0 (compatible; AhrefsBot/7.0; +http://ahrefs.com/robot/)"
51.222.253.12 - - [28/Jun/2022:09:02:38 +0000] "GET /wp-content/uploads/2014/02/Screenshot-2014-02-04-22.26.52.png HTTP/2.0" 200 109420 "-" "Mozilla/5.0 (compatible; AhrefsBot/7.0; +http://ahrefs.com/robot/)"
51.222.253.20 - - [28/Jun/2022:09:02:40 +0000] "GET /wp-content/uploads/2014/02/20140201-203433.jpg HTTP/2.0" 200 294660 "-" "Mozilla/5.0 (compatible; AhrefsBot/7.0; +http://ahrefs.com/robot/)"
216.244.66.229 - - [28/Jun/2022:09:02:41 +0000] "GET /robots.txt HTTP/1.1" 404 162 "-" "Mozilla/5.0 (compatible; DotBot/1.2; +https://opensiteexplorer.org/dotbot; help@moz.com)"
216.244.66.229 - - [28/Jun/2022:09:02:41 +0000] "GET /robots.txt HTTP/1.1" 404 162 "-" "Mozilla/5.0 (compatible; DotBot/1.2; +https://opensiteexplorer.org/dotbot; help@moz.com)"
51.222.253.16 - - [28/Jun/2022:09:02:42 +0000] "GET /wp-content/uploads/2014/02/20140202-214928-225x300.jpg HTTP/2.0" 200 22334 "-" "Mozilla/5.0 (compatible; AhrefsBot/7.0; +http://ahrefs.com/robot/)"
51.222.253.11 - - [28/Jun/2022:09:02:44 +0000] "GET /wp-content/uploads/2014/02/20140202-214917-169x300.jpg HTTP/2.0" 200 12940 "-" "Mozilla/5.0 (compatible; AhrefsBot/7.0; +http://ahrefs.com/robot/)"
51.222.253.6 - - [28/Jun/2022:09:02:45 +0000] "GET /wp-content/uploads/2014/02/20140201-203148.jpg HTTP/2.0" 200 244059 "-" "Mozilla/5.0 (compatible; AhrefsBot/7.0; +http://ahrefs.com/robot/)"
51.222.253.12 - - [28/Jun/2022:09:02:48 +0000] "GET /wp-content/uploads/2014/02/20140201-203159.jpg HTTP/2.0" 200 226282 "-" "Mozilla/5.0 (compatible; AhrefsBot/7.0; +http://ahrefs.com/robot/)"
51.222.253.9 - - [28/Jun/2022:09:02:51 +0000] "GET /wp-content/uploads/2014/02/20140201-203502.jpg HTTP/2.0" 200 319347 "-" "Mozilla/5.0 (compatible; AhrefsBot/7.0; +http://ahrefs.com/robot/)"
51.222.253.1 - - [28/Jun/2022:09:02:53 +0000] "GET /wp-content/uploads/2014/02/IMG_7450-e1391442671683-225x300.jpg HTTP/2.0" 200 40049 "-" "Mozilla/5.0 (compatible; AhrefsBot/7.0; +http://ahrefs.com/robot/)"
51.222.253.2 - - [28/Jun/2022:09:03:04 +0000] "GET /wp-content/uploads/2014/02/20140201-203113.jpg HTTP/2.0" 200 306031 "-" "Mozilla/5.0 (compatible; AhrefsBot/7.0; +http://ahrefs.com/robot/)"
51.222.253.10 - - [28/Jun/2022:09:03:23 +0000] "GET /wp-content/uploads/2014/02/Screenshot-2014-02-04-22.23.40.png HTTP/2.0" 200 45913 "-" "Mozilla/5.0 (compatible; AhrefsBot/7.0; +http://ahrefs.com/robot/)"
51.222.253.15 - - [28/Jun/2022:09:03:25 +0000] "GET /wp-content/uploads/2014/02/Screenshot-2014-02-04-22.22.59.png HTTP/2.0" 200 71996 "-" "Mozilla/5.0 (compatible; AhrefsBot/7.0; +http://ahrefs.com/robot/)"
51.222.253.9 - - [28/Jun/2022:09:03:28 +0000] "GET /wp-content/uploads/2014/02/20140202-214944-1024x1024.jpg HTTP/2.0" 200 229775 "-" "Mozilla/5.0 (compatible; AhrefsBot/7.0; +http://ahrefs.com/robot/)"
193.201.9.157 - - [28/Jun/2022:09:03:28 +0000] "GET / HTTP/1.0" 200 612 "-" "masscan/1.3 (https://github.com/robertdavidgraham/masscan)"
51.222.253.9 - - [28/Jun/2022:09:03:30 +0000] "GET /wp-content/uploads/2014/02/Screenshot-2014-02-04-22.27.04.png HTTP/2.0" 200 82996 "-" "Mozilla/5.0 (compatible; AhrefsBot/7.0; +http://ahrefs.com/robot/)"
51.222.253.17 - - [28/Jun/2022:09:03:42 +0000] "GET /wp-content/uploads/2014/02/CH7_3659-1024x1024.jpg HTTP/2.0" 200 158514 "-" "Mozilla/5.0 (compatible; AhrefsBot/7.0; +http://ahrefs.com/robot/)"
51.222.253.4 - - [28/Jun/2022:09:03:47 +0000] "GET /wp-content/uploads/2014/02/20140201-203343.jpg HTTP/2.0" 200 356190 "-" "Mozilla/5.0 (compatible; AhrefsBot/7.0; +http://ahrefs.com/robot/)"
51.222.253.8 - - [28/Jun/2022:09:03:50 +0000] "GET /wp-content/uploads/2014/02/20140201-203325.jpg HTTP/2.0" 200 404552 "-" "Mozilla/5.0 (compatible; AhrefsBot/7.0; +http://ahrefs.com/robot/)"
51.222.253.14 - - [28/Jun/2022:09:04:22 +0000] "GET /wp-content/uploads/2014/02/20140201-203255.jpg HTTP/2.0" 200 286720 "-" "Mozilla/5.0 (compatible; AhrefsBot/7.0; +http://ahrefs.com/robot/)"
51.222.253.8 - - [28/Jun/2022:09:04:23 +0000] "GET /wp-content/uploads/2014/02/Screenshot-2014-02-04-22.44.30.png HTTP/2.0" 200 71373 "-" "Mozilla/5.0 (compatible; AhrefsBot/7.0; +http://ahrefs.com/robot/)"
51.222.253.2 - - [28/Jun/2022:09:04:25 +0000] "GET /wp-content/uploads/2014/02/IMG_7457-169x300.png HTTP/2.0" 200 18267 "-" "Mozilla/5.0 (compatible; AhrefsBot/7.0; +http://ahrefs.com/robot/)"
51.222.253.20 - - [28/Jun/2022:09:04:27 +0000] "GET /wp-content/uploads/2014/02/20140202-214937-1024x1024.jpg HTTP/2.0" 200 244811 "-" "Mozilla/5.0 (compatible; AhrefsBot/7.0; +http://ahrefs.com/robot/)"
51.222.253.10 - - [28/Jun/2022:09:04:29 +0000] "GET /wp-content/uploads/2014/02/IMG_7452-e1391442616234-225x300.jpg HTTP/2.0" 200 21652 "-" "Mozilla/5.0 (compatible; AhrefsBot/7.0; +http://ahrefs.com/robot/)"
51.222.253.19 - - [28/Jun/2022:09:04:31 +0000] "GET /wp-content/uploads/2014/02/20140201-203420.jpg HTTP/2.0" 200 388653 "-" "Mozilla/5.0 (compatible; AhrefsBot/7.0; +http://ahrefs.com/robot/)"
51.222.253.17 - - [28/Jun/2022:09:04:34 +0000] "GET /wp-content/uploads/2014/02/20140201-203355.jpg HTTP/2.0" 200 320662 "-" "Mozilla/5.0 (compatible; AhrefsBot/7.0; +http://ahrefs.com/robot/)"
51.222.253.4 - - [28/Jun/2022:09:04:36 +0000] "GET /wp-content/uploads/2014/02/20140201-204502.jpg HTTP/2.0" 200 229836 "-" "Mozilla/5.0 (compatible; AhrefsBot/7.0; +http://ahrefs.com/robot/)"
216.244.66.229 - - [28/Jun/2022:09:05:55 +0000] "GET /node/865/ch7_3264 HTTP/1.1" 404 162 "-" "Mozilla/5.0 (compatible; DotBot/1.2; +https://opensiteexplorer.org/dotbot; help@moz.com)"
185.191.171.8 - - [28/Jun/2022:09:06:36 +0000] "GET /node/1862/ch7_6085 HTTP/1.1" 301 178 "-" "Mozilla/5.0 (compatible; SemrushBot/7~bl; +http://www.semrush.com/bot.html)"
185.191.171.10 - - [28/Jun/2022:09:06:38 +0000] "GET /node/1862/ch7_6085/ HTTP/1.1" 200 7929 "-" "Mozilla/5.0 (compatible; SemrushBot/7~bl; +http://www.semrush.com/bot.html)"
51.222.253.20 - - [28/Jun/2022:09:07:07 +0000] "GET /node/date/2014/01/page/7/ HTTP/2.0" 200 10171 "-" "Mozilla/5.0 (compatible; AhrefsBot/7.0; +http://ahrefs.com/robot/)"
216.244.66.229 - - [28/Jun/2022:09:07:09 +0000] "GET /node/1724/feed HTTP/1.1" 404 162 "-" "Mozilla/5.0 (compatible; DotBot/1.2; +https://opensiteexplorer.org/dotbot; help@moz.com)"
216.244.66.229 - - [28/Jun/2022:09:07:13 +0000] "GET /node/372/feed HTTP/1.1" 404 162 "-" "Mozilla/5.0 (compatible; DotBot/1.2; +https://opensiteexplorer.org/dotbot; help@moz.com)"
216.244.66.229 - - [28/Jun/2022:09:07:17 +0000] "GET /page/11/ HTTP/1.1" 404 162 "-" "Mozilla/5.0 (compatible; DotBot/1.2; +https://opensiteexplorer.org/dotbot; help@moz.com)"
216.244.66.229 - - [28/Jun/2022:09:07:31 +0000] "GET /wp-content/uploads/2014/01/IMG_6420.jpg HTTP/1.1" 404 162 "-" "Mozilla/5.0 (compatible; DotBot/1.2; +https://opensiteexplorer.org/dotbot; help@moz.com)"
216.244.66.229 - - [28/Jun/2022:09:07:35 +0000] "GET /feed/?attachment_id=1698 HTTP/1.1" 404 162 "-" "Mozilla/5.0 (compatible; DotBot/1.2; +https://opensiteexplorer.org/dotbot; help@moz.com)"
2a03:2880:23ff:14::face:b00c - - [28/Jun/2022:09:08:34 +0000] "GET / HTTP/1.1" 200 396 "-" "facebookexternalhit/1.1 (+http://www.facebook.com/externalhit_uatext.php)"
2a03:2880:23ff:78::face:b00c - - [28/Jun/2022:09:08:34 +0000] "GET / HTTP/1.1" 200 396 "-" "facebookexternalhit/1.1 (+http://www.facebook.com/externalhit_uatext.php)"
2a03:2880:23ff:78::face:b00c - - [28/Jun/2022:09:08:38 +0000] "GET / HTTP/1.1" 200 396 "-" "facebookexternalhit/1.1 (+http://www.facebook.com/externalhit_uatext.php)"
51.222.253.2 - - [28/Jun/2022:09:12:21 +0000] "GET /node/date/2006/04/28/page/2/ HTTP/2.0" 200 8662 "-" "Mozilla/5.0 (compatible; AhrefsBot/7.0; +http://ahrefs.com/robot/)"
216.244.66.229 - - [28/Jun/2022:09:12:23 +0000] "GET /img_7557/ HTTP/1.1" 404 162 "-" "Mozilla/5.0 (compatible; DotBot/1.2; +https://opensiteexplorer.org/dotbot; help@moz.com)"
173.239.197.201 - - [28/Jun/2022:09:13:24 +0000] "GET / HTTP/1.0" 200 612 "http://mrchoke.org/" "Mozilla/5.0 (Windows NT 6.3; Win64; x64) AppleWebKit/537.36 (KHTML, like Gecko) Chrome/90.0.4430.85 Safari/537.36 Edg/90.0.818.49"
66.249.71.25 - - [28/Jun/2022:09:15:55 +0000] "GET /node/date/2011/07/ HTTP/1.1" 200 8019 "-" "Mozilla/5.0 (compatible; Googlebot/2.1; +http://www.google.com/bot.html)"
51.222.253.7 - - [28/Jun/2022:09:17:31 +0000] "GET /node/221/ HTTP/2.0" 200 9396 "-" "Mozilla/5.0 (compatible; AhrefsBot/7.0; +http://ahrefs.com/robot/)"
51.222.253.4 - - [28/Jun/2022:09:23:03 +0000] "GET /node/date/2007/03/19/ HTTP/2.0" 200 8720 "-" "Mozilla/5.0 (compatible; AhrefsBot/7.0; +http://ahrefs.com/robot/)"
216.244.66.229 - - [28/Jun/2022:09:26:24 +0000] "GET /node/230/?share=google-plus-1 HTTP/1.1" 404 162 "-" "Mozilla/5.0 (compatible; DotBot/1.2; +https://opensiteexplorer.org/dotbot; help@moz.com)"
216.244.66.229 - - [28/Jun/2022:09:26:26 +0000] "GET /node/239/?share=google-plus-1 HTTP/1.1" 404 162 "-" "Mozilla/5.0 (compatible; DotBot/1.2; +https://opensiteexplorer.org/dotbot; help@moz.com)"
216.244.66.229 - - [28/Jun/2022:09:26:27 +0000] "GET /node/333/?share=google-plus-1 HTTP/1.1" 404 162 "-" "Mozilla/5.0 (compatible; DotBot/1.2; +https://opensiteexplorer.org/dotbot; help@moz.com)"
216.244.66.229 - - [28/Jun/2022:09:26:29 +0000] "GET /node/352/?share=google-plus-1 HTTP/1.1" 404 162 "-" "Mozilla/5.0 (compatible; DotBot/1.2; +https://opensiteexplorer.org/dotbot; help@moz.com)"
216.244.66.229 - - [28/Jun/2022:09:26:31 +0000] "GET /node/447/?share=google-plus-1 HTTP/1.1" 404 162 "-" "Mozilla/5.0 (compatible; DotBot/1.2; +https://opensiteexplorer.org/dotbot; help@moz.com)"
216.244.66.229 - - [28/Jun/2022:09:26:32 +0000] "GET /node/450/?share=google-plus-1 HTTP/1.1" 404 162 "-" "Mozilla/5.0 (compatible; DotBot/1.2; +https://opensiteexplorer.org/dotbot; help@moz.com)"
216.244.66.229 - - [28/Jun/2022:09:26:33 +0000] "GET /node/638/?share=google-plus-1 HTTP/1.1" 404 162 "-" "Mozilla/5.0 (compatible; DotBot/1.2; +https://opensiteexplorer.org/dotbot; help@moz.com)"
51.222.253.5 - - [28/Jun/2022:09:28:10 +0000] "GET /node/date/2014/01/26/ HTTP/2.0" 200 10266 "-" "Mozilla/5.0 (compatible; AhrefsBot/7.0; +http://ahrefs.com/robot/)"
159.192.42.138 - - [28/Jun/2022:09:31:28 +0000] "GET /?fbclid=IwAR1IcCncPEzMMU5f_Ayb_a0925m8Mo03McmV3XsuAmQIbcSFxyYid72FtuY HTTP/2.0" 200 282 "https://l.facebook.com/" "Mozilla/5.0 (Macintosh; Intel Mac OS X 10_15_7) AppleWebKit/537.36 (KHTML, like Gecko) Chrome/103.0.0.0 Safari/537.36"
159.192.42.138 - - [28/Jun/2022:09:31:29 +0000] "GET /favicon.ico HTTP/2.0" 200 1150 "https://mrchoke.org/?fbclid=IwAR1IcCncPEzMMU5f_Ayb_a0925m8Mo03McmV3XsuAmQIbcSFxyYid72FtuY" "Mozilla/5.0 (Macintosh; Intel Mac OS X 10_15_7) AppleWebKit/537.36 (KHTML, like Gecko) Chrome/103.0.0.0 Safari/537.36"
51.222.253.20 - - [28/Jun/2022:09:33:48 +0000] "GET /node/date/2016/08/31/ HTTP/2.0" 200 9187 "-" "Mozilla/5.0 (compatible; AhrefsBot/7.0; +http://ahrefs.com/robot/)"
159.192.42.138 - - [28/Jun/2022:09:34:02 +0000] "GET / HTTP/2.0" 200 15995 "https://mrchoke.org/" "Mozilla/5.0 (Macintosh; Intel Mac OS X 10_15_7) AppleWebKit/537.36 (KHTML, like Gecko) Chrome/103.0.0.0 Safari/537.36"
159.192.42.138 - - [28/Jun/2022:09:34:02 +0000] "GET /wp-content/themes/manifest/style.css HTTP/2.0" 200 21725 "https://static.mrchoke.org/" "Mozilla/5.0 (Macintosh; Intel Mac OS X 10_15_7) AppleWebKit/537.36 (KHTML, like Gecko) Chrome/103.0.0.0 Safari/537.36"
159.192.42.138 - - [28/Jun/2022:09:34:02 +0000] "GET /wp-includes/css/dist/block-library/style.min.css?ver=5.7.1 HTTP/2.0" 200 58171 "https://static.mrchoke.org/" "Mozilla/5.0 (Macintosh; Intel Mac OS X 10_15_7) AppleWebKit/537.36 (KHTML, like Gecko) Chrome/103.0.0.0 Safari/537.36"
159.192.42.138 - - [28/Jun/2022:09:34:02 +0000] "GET /wp-includes/js/wp-embed.min.js?ver=5.7.1 HTTP/2.0" 200 1426 "https://static.mrchoke.org/" "Mozilla/5.0 (Macintosh; Intel Mac OS X 10_15_7) AppleWebKit/537.36 (KHTML, like Gecko) Chrome/103.0.0.0 Safari/537.36"
159.192.42.138 - - [28/Jun/2022:09:34:02 +0000] "GET /wp-includes/js/wp-emoji-release.min.js?ver=5.7.1 HTTP/2.0" 200 14229 "https://static.mrchoke.org/" "Mozilla/5.0 (Macintosh; Intel Mac OS X 10_15_7) AppleWebKit/537.36 (KHTML, like Gecko) Chrome/103.0.0.0 Safari/537.36"
159.192.42.138 - - [28/Jun/2022:09:34:03 +0000] "GET /wp-content/uploads/2016/05/img_1267.jpg HTTP/2.0" 200 2169396 "https://static.mrchoke.org/" "Mozilla/5.0 (Macintosh; Intel Mac OS X 10_15_7) AppleWebKit/537.36 (KHTML, like Gecko) Chrome/103.0.0.0 Safari/537.36"
159.192.42.138 - - [28/Jun/2022:09:34:05 +0000] "GET /wp-content/uploads/2016/05/img_1381.jpg HTTP/2.0" 200 358079 "https://static.mrchoke.org/" "Mozilla/5.0 (Macintosh; Intel Mac OS X 10_15_7) AppleWebKit/537.36 (KHTML, like Gecko) Chrome/103.0.0.0 Safari/537.36"
159.192.42.138 - - [28/Jun/2022:09:34:05 +0000] "GET /wp-content/uploads/2016/05/img_1380.jpg HTTP/2.0" 200 719448 "https://static.mrchoke.org/" "Mozilla/5.0 (Macintosh; Intel Mac OS X 10_15_7) AppleWebKit/537.36 (KHTML, like Gecko) Chrome/103.0.0.0 Safari/537.36"
51.222.253.4 - - [28/Jun/2022:09:39:22 +0000] "GET /node/date/2006/11/06/ HTTP/2.0" 200 8386 "-" "Mozilla/5.0 (compatible; AhrefsBot/7.0; +http://ahrefs.com/robot/)"
193.201.9.157 - - [28/Jun/2022:09:39:37 +0000] "GET / HTTP/1.0" 200 612 "-" "masscan/1.3 (https://github.com/robertdavidgraham/masscan)"
