178.79.144.202 - - [01/Jul/2022:00:01:17 +0000] "GET / HTTP/1.1" 200 396 "-" "Mozilla/5.0 (Windows NT 6.1; WOW64; rv:8.0) Gecko/20100101 Firefox/8.0"
114.119.147.97 - - [01/Jul/2022:00:01:23 +0000] "GET /node/251?share=twitter HTTP/1.1" 302 154 "https://mrchoke.org/node/251?ak_action=reject_mobile" "Mozilla/5.0 (Linux; Android 7.0;) AppleWebKit/537.36 (KHTML, like Gecko) Mobile Safari/537.36 (compatible; PetalBot;+https://webmaster.petalsearch.com/site/petalbot)"
114.119.147.97 - - [01/Jul/2022:00:01:32 +0000] "GET /node/251?share=twitter HTTP/1.1" 301 178 "https://mrchoke.org/node/251?ak_action=reject_mobile" "Mozilla/5.0 (Linux; Android 7.0;) AppleWebKit/537.36 (KHTML, like Gecko) Mobile Safari/537.36 (compatible; PetalBot;+https://webmaster.petalsearch.com/site/petalbot)"
114.119.147.97 - - [01/Jul/2022:00:01:35 +0000] "GET /node/251/?share=twitter HTTP/1.1" 200 8600 "https://mrchoke.org/node/251?ak_action=reject_mobile" "Mozilla/5.0 (Linux; Android 7.0;) AppleWebKit/537.36 (KHTML, like Gecko) Mobile Safari/537.36 (compatible; PetalBot;+https://webmaster.petalsearch.com/site/petalbot)"
40.77.167.43 - - [01/Jul/2022:00:01:59 +0000] "GET /node/category/%E0%B8%81%E0%B8%A7%E0%B8%B5 HTTP/2.0" 302 154 "-" "Mozilla/5.0 (compatible; bingbot/2.0; +http://www.bing.com/bingbot.htm)"
40.77.167.43 - - [01/Jul/2022:00:02:08 +0000] "GET /node/category/%E0%B8%81%E0%B8%A7%E0%B8%B5 HTTP/2.0" 404 123 "-" "Mozilla/5.0 (compatible; bingbot/2.0; +http://www.bing.com/bingbot.htm)"
114.119.147.86 - - [01/Jul/2022:00:03:24 +0000] "GET /node/1006/img_6489?share=reddit HTTP/1.1" 302 154 "https://mrchoke.org/node/1006/img_6489?ak_action=accept_mobile" "Mozilla/5.0 (Linux; Android 7.0;) AppleWebKit/537.36 (KHTML, like Gecko) Mobile Safari/537.36 (compatible; PetalBot;+https://webmaster.petalsearch.com/site/petalbot)"
114.119.147.86 - - [01/Jul/2022:00:03:30 +0000] "GET /node/1006/img_6489?share=reddit HTTP/1.1" 301 178 "https://mrchoke.org/node/1006/img_6489?ak_action=accept_mobile" "Mozilla/5.0 (Linux; Android 7.0;) AppleWebKit/537.36 (KHTML, like Gecko) Mobile Safari/537.36 (compatible; PetalBot;+https://webmaster.petalsearch.com/site/petalbot)"
114.119.147.86 - - [01/Jul/2022:00:03:41 +0000] "GET /node/1006/img_6489/?share=reddit HTTP/1.1" 200 7885 "https://mrchoke.org/node/1006/img_6489?ak_action=accept_mobile" "Mozilla/5.0 (Linux; Android 7.0;) AppleWebKit/537.36 (KHTML, like Gecko) Mobile Safari/537.36 (compatible; PetalBot;+https://webmaster.petalsearch.com/site/petalbot)"
114.119.147.73 - - [01/Jul/2022:00:05:47 +0000] "GET /node/205?ak_action=accept_mobile HTTP/1.1" 302 154 "https://mrchoke.org/node/205?ak_action=reject_mobile" "Mozilla/5.0 (Linux; Android 7.0;) AppleWebKit/537.36 (KHTML, like Gecko) Mobile Safari/537.36 (compatible; PetalBot;+https://webmaster.petalsearch.com/site/petalbot)"
114.119.147.73 - - [01/Jul/2022:00:05:56 +0000] "GET /node/205?ak_action=accept_mobile HTTP/1.1" 301 178 "https://mrchoke.org/node/205?ak_action=reject_mobile" "Mozilla/5.0 (Linux; Android 7.0;) AppleWebKit/537.36 (KHTML, like Gecko) Mobile Safari/537.36 (compatible; PetalBot;+https://webmaster.petalsearch.com/site/petalbot)"
114.119.147.87 - - [01/Jul/2022:00:07:15 +0000] "GET /node/939 HTTP/1.1" 301 178 "https://static.mrchoke.org/node/939/img_6380" "Mozilla/5.0 (Linux; Android 7.0;) AppleWebKit/537.36 (KHTML, like Gecko) Mobile Safari/537.36 (compatible; PetalBot;+https://webmaster.petalsearch.com/site/petalbot)"
114.119.147.87 - - [01/Jul/2022:00:07:21 +0000] "GET /node/939/ HTTP/1.1" 200 11162 "https://static.mrchoke.org/node/939/img_6380" "Mozilla/5.0 (Linux; Android 7.0;) AppleWebKit/537.36 (KHTML, like Gecko) Mobile Safari/537.36 (compatible; PetalBot;+https://webmaster.petalsearch.com/site/petalbot)"
185.191.171.7 - - [01/Jul/2022:00:08:03 +0000] "GET /node/367 HTTP/1.1" 302 154 "-" "Mozilla/5.0 (compatible; SemrushBot/7~bl; +http://www.semrush.com/bot.html)"
185.191.171.37 - - [01/Jul/2022:00:08:04 +0000] "GET /node/367 HTTP/1.1" 301 178 "-" "Mozilla/5.0 (compatible; SemrushBot/7~bl; +http://www.semrush.com/bot.html)"
185.191.171.15 - - [01/Jul/2022:00:08:08 +0000] "GET /node/367/ HTTP/1.1" 200 9436 "-" "Mozilla/5.0 (compatible; SemrushBot/7~bl; +http://www.semrush.com/bot.html)"
114.119.147.86 - - [01/Jul/2022:00:08:53 +0000] "GET /node/tag/polar?ak_action=accept_mobile HTTP/1.1" 302 154 "https://mrchoke.org/node/tag/polar?ak_action=reject_mobile" "Mozilla/5.0 (Linux; Android 7.0;) AppleWebKit/537.36 (KHTML, like Gecko) Mobile Safari/537.36 (compatible; PetalBot;+https://webmaster.petalsearch.com/site/petalbot)"
114.119.147.86 - - [01/Jul/2022:00:09:13 +0000] "GET /node/tag/polar?ak_action=accept_mobile HTTP/1.1" 301 178 "https://mrchoke.org/node/tag/polar?ak_action=reject_mobile" "Mozilla/5.0 (Linux; Android 7.0;) AppleWebKit/537.36 (KHTML, like Gecko) Mobile Safari/537.36 (compatible; PetalBot;+https://webmaster.petalsearch.com/site/petalbot)"
66.249.71.28 - - [01/Jul/2022:00:10:32 +0000] "GET /node/1101 HTTP/1.1" 301 178 "-" "Mozilla/5.0 (Linux; Android 6.0.1; Nexus 5X Build/MMB29P) AppleWebKit/537.36 (KHTML, like Gecko) Chrome/103.0.5060.53 Mobile Safari/537.36 (compatible; Googlebot/2.1; +http://www.google.com/bot.html)"
185.191.171.40 - - [01/Jul/2022:00:10:33 +0000] "GET /node/926/img_6344 HTTP/1.1" 301 178 "-" "Mozilla/5.0 (compatible; SemrushBot/7~bl; +http://www.semrush.com/bot.html)"
66.249.71.25 - - [01/Jul/2022:00:10:33 +0000] "GET /node/1101/ HTTP/1.1" 200 10676 "-" "Mozilla/5.0 (Linux; Android 6.0.1; Nexus 5X Build/MMB29P) AppleWebKit/537.36 (KHTML, like Gecko) Chrome/103.0.5060.53 Mobile Safari/537.36 (compatible; Googlebot/2.1; +http://www.google.com/bot.html)"
185.191.171.5 - - [01/Jul/2022:00:10:35 +0000] "GET /node/926/img_6344/ HTTP/1.1" 200 7939 "-" "Mozilla/5.0 (compatible; SemrushBot/7~bl; +http://www.semrush.com/bot.html)"
114.119.147.74 - - [01/Jul/2022:00:13:13 +0000] "GET /node/46 HTTP/1.1" 302 154 "https://mrchoke.org/node/45?share=facebook" "Mozilla/5.0 (Linux; Android 7.0;) AppleWebKit/537.36 (KHTML, like Gecko) Mobile Safari/537.36 (compatible; PetalBot;+https://webmaster.petalsearch.com/site/petalbot)"
114.119.147.74 - - [01/Jul/2022:00:13:20 +0000] "GET /node/46 HTTP/1.1" 301 178 "https://mrchoke.org/node/45?share=facebook" "Mozilla/5.0 (Linux; Android 7.0;) AppleWebKit/537.36 (KHTML, like Gecko) Mobile Safari/537.36 (compatible; PetalBot;+https://webmaster.petalsearch.com/site/petalbot)"
114.119.147.74 - - [01/Jul/2022:00:13:27 +0000] "GET /node/46/ HTTP/1.1" 200 8625 "https://mrchoke.org/node/45?share=facebook" "Mozilla/5.0 (Linux; Android 7.0;) AppleWebKit/537.36 (KHTML, like Gecko) Mobile Safari/537.36 (compatible; PetalBot;+https://webmaster.petalsearch.com/site/petalbot)"
114.119.147.87 - - [01/Jul/2022:00:15:21 +0000] "GET /node/506 HTTP/1.1" 301 178 "https://static.mrchoke.org/node/date/2004/12/13" "Mozilla/5.0 (Linux; Android 7.0;) AppleWebKit/537.36 (KHTML, like Gecko) Mobile Safari/537.36 (compatible; PetalBot;+https://webmaster.petalsearch.com/site/petalbot)"
114.119.147.87 - - [01/Jul/2022:00:15:25 +0000] "GET /node/506/ HTTP/1.1" 200 9051 "https://static.mrchoke.org/node/date/2004/12/13" "Mozilla/5.0 (Linux; Android 7.0;) AppleWebKit/537.36 (KHTML, like Gecko) Mobile Safari/537.36 (compatible; PetalBot;+https://webmaster.petalsearch.com/site/petalbot)"
114.119.147.87 - - [01/Jul/2022:00:16:57 +0000] "GET /node/5 HTTP/1.1" 301 178 "https://static.mrchoke.org/node/315" "Mozilla/5.0 (Linux; Android 7.0;) AppleWebKit/537.36 (KHTML, like Gecko) Mobile Safari/537.36 (compatible; PetalBot;+https://webmaster.petalsearch.com/site/petalbot)"
114.119.147.87 - - [01/Jul/2022:00:17:03 +0000] "GET /node/5/ HTTP/1.1" 200 8202 "https://static.mrchoke.org/node/315" "Mozilla/5.0 (Linux; Android 7.0;) AppleWebKit/537.36 (KHTML, like Gecko) Mobile Safari/537.36 (compatible; PetalBot;+https://webmaster.petalsearch.com/site/petalbot)"
114.119.147.87 - - [01/Jul/2022:00:18:51 +0000] "GET /node/1367?ak_action=reject_mobile HTTP/1.1" 302 154 "https://mrchoke.org/node/1367?ak_action=accept_mobile" "Mozilla/5.0 (Linux; Android 7.0;) AppleWebKit/537.36 (KHTML, like Gecko) Mobile Safari/537.36 (compatible; PetalBot;+https://webmaster.petalsearch.com/site/petalbot)"
114.119.147.87 - - [01/Jul/2022:00:18:56 +0000] "GET /node/1367?ak_action=reject_mobile HTTP/1.1" 301 178 "https://mrchoke.org/node/1367?ak_action=accept_mobile" "Mozilla/5.0 (Linux; Android 7.0;) AppleWebKit/537.36 (KHTML, like Gecko) Mobile Safari/537.36 (compatible; PetalBot;+https://webmaster.petalsearch.com/site/petalbot)"
114.119.147.87 - - [01/Jul/2022:00:19:02 +0000] "GET /node/1367/?ak_action=reject_mobile HTTP/1.1" 200 10942 "https://mrchoke.org/node/1367?ak_action=accept_mobile" "Mozilla/5.0 (Linux; Android 7.0;) AppleWebKit/537.36 (KHTML, like Gecko) Mobile Safari/537.36 (compatible; PetalBot;+https://webmaster.petalsearch.com/site/petalbot)"
114.119.147.81 - - [01/Jul/2022:00:20:59 +0000] "GET /node/tag/audax HTTP/1.1" 302 154 "https://mrchoke.org/node/1992?share=reddit" "Mozilla/5.0 (Linux; Android 7.0;) AppleWebKit/537.36 (KHTML, like Gecko) Mobile Safari/537.36 (compatible; PetalBot;+https://webmaster.petalsearch.com/site/petalbot)"
114.119.147.81 - - [01/Jul/2022:00:21:15 +0000] "GET /node/tag/audax HTTP/1.1" 301 178 "https://mrchoke.org/node/1992?share=reddit" "Mozilla/5.0 (Linux; Android 7.0;) AppleWebKit/537.36 (KHTML, like Gecko) Mobile Safari/537.36 (compatible; PetalBot;+https://webmaster.petalsearch.com/site/petalbot)"
114.119.147.86 - - [01/Jul/2022:00:22:25 +0000] "GET /node/1815/ch7_4336 HTTP/1.1" 302 154 "https://mrchoke.org/node/1815/ch7_4335" "Mozilla/5.0 (Linux; Android 7.0;) AppleWebKit/537.36 (KHTML, like Gecko) Mobile Safari/537.36 (compatible; PetalBot;+https://webmaster.petalsearch.com/site/petalbot)"
114.119.147.97 - - [01/Jul/2022:00:22:29 +0000] "GET /node/tag/audax HTTP/1.1" 302 154 "https://mrchoke.org/node/1992?share=reddit" "Mozilla/5.0 (Linux; Android 7.0;) AppleWebKit/537.36 (KHTML, like Gecko) Mobile Safari/537.36 (compatible; PetalBot;+https://webmaster.petalsearch.com/site/petalbot)"
114.119.147.86 - - [01/Jul/2022:00:22:32 +0000] "GET /node/1815/ch7_4336 HTTP/1.1" 301 178 "https://mrchoke.org/node/1815/ch7_4335" "Mozilla/5.0 (Linux; Android 7.0;) AppleWebKit/537.36 (KHTML, like Gecko) Mobile Safari/537.36 (compatible; PetalBot;+https://webmaster.petalsearch.com/site/petalbot)"
40.77.167.43 - - [01/Jul/2022:00:22:39 +0000] "GET /node/153/feed HTTP/2.0" 301 178 "-" "Mozilla/5.0 (compatible; bingbot/2.0; +http://www.bing.com/bingbot.htm)"
114.119.147.97 - - [01/Jul/2022:00:22:39 +0000] "GET /node/tag/audax HTTP/1.1" 301 178 "https://mrchoke.org/node/1992?share=reddit" "Mozilla/5.0 (Linux; Android 7.0;) AppleWebKit/537.36 (KHTML, like Gecko) Mobile Safari/537.36 (compatible; PetalBot;+https://webmaster.petalsearch.com/site/petalbot)"
114.119.147.86 - - [01/Jul/2022:00:22:40 +0000] "GET /node/1815/ch7_4336/ HTTP/1.1" 200 7887 "https://mrchoke.org/node/1815/ch7_4335" "Mozilla/5.0 (Linux; Android 7.0;) AppleWebKit/537.36 (KHTML, like Gecko) Mobile Safari/537.36 (compatible; PetalBot;+https://webmaster.petalsearch.com/site/petalbot)"
40.77.167.43 - - [01/Jul/2022:00:22:49 +0000] "GET /node/153/feed/ HTTP/2.0" 403 123 "-" "Mozilla/5.0 (compatible; bingbot/2.0; +http://www.bing.com/bingbot.htm)"
114.119.147.97 - - [01/Jul/2022:00:22:53 +0000] "GET /node/tag/audax/ HTTP/1.1" 200 10369 "https://mrchoke.org/node/1992?share=reddit" "Mozilla/5.0 (Linux; Android 7.0;) AppleWebKit/537.36 (KHTML, like Gecko) Mobile Safari/537.36 (compatible; PetalBot;+https://webmaster.petalsearch.com/site/petalbot)"
185.7.214.104 - - [01/Jul/2022:00:24:29 +0000] "GET /index.php?s=/Index/\x5Cthink\x5Capp/invokefunction&function=call_user_func_array&vars[0]=md5&vars[1][]=HelloThinkPHP21 HTTP/1.1" 404 197 "-" "Mozilla/5.0 (Windows NT 10.0; Win64; x64) AppleWebKit/537.36 (KHTML, like Gecko) Chrome/78.0.3904.108 Safari/537.36"
114.119.147.73 - - [01/Jul/2022:00:24:32 +0000] "GET /node/926 HTTP/1.1" 404 134 "http://www.mrchoke.org/node/939" "Mozilla/5.0 (Linux; Android 7.0;) AppleWebKit/537.36 (KHTML, like Gecko) Mobile Safari/537.36 (compatible; PetalBot;+https://webmaster.petalsearch.com/site/petalbot)"
5.255.253.174 - - [01/Jul/2022:00:25:46 +0000] "GET /robots.txt HTTP/1.1" 404 162 "-" "Mozilla/5.0 (compatible; YandexBot/3.0; +http://yandex.com/bots)"
5.255.253.174 - - [01/Jul/2022:00:25:49 +0000] "GET /node/251/ HTTP/1.1" 200 8600 "-" "Mozilla/5.0 (compatible; YandexBot/3.0; +http://yandex.com/bots)"
114.119.147.87 - - [01/Jul/2022:00:26:47 +0000] "GET /node/category/ubuntucluib?ak_action=accept_mobile HTTP/1.1" 302 154 "https://mrchoke.org/node/category/ubuntucluib?ak_action=reject_mobile" "Mozilla/5.0 (Linux; Android 7.0;) AppleWebKit/537.36 (KHTML, like Gecko) Mobile Safari/537.36 (compatible; PetalBot;+https://webmaster.petalsearch.com/site/petalbot)"
114.119.147.87 - - [01/Jul/2022:00:26:57 +0000] "GET /node/category/ubuntucluib?ak_action=accept_mobile HTTP/1.1" 301 178 "https://mrchoke.org/node/category/ubuntucluib?ak_action=reject_mobile" "Mozilla/5.0 (Linux; Android 7.0;) AppleWebKit/537.36 (KHTML, like Gecko) Mobile Safari/537.36 (compatible; PetalBot;+https://webmaster.petalsearch.com/site/petalbot)"
114.119.147.87 - - [01/Jul/2022:00:27:09 +0000] "GET /node/category/ubuntucluib/?ak_action=accept_mobile HTTP/1.1" 200 8534 "https://mrchoke.org/node/category/ubuntucluib?ak_action=reject_mobile" "Mozilla/5.0 (Linux; Android 7.0;) AppleWebKit/537.36 (KHTML, like Gecko) Mobile Safari/537.36 (compatible; PetalBot;+https://webmaster.petalsearch.com/site/petalbot)"
114.119.147.87 - - [01/Jul/2022:00:27:44 +0000] "GET /node/236?share=facebook HTTP/1.1" 302 154 "https://mrchoke.org/node/236?ak_action=accept_mobile" "Mozilla/5.0 (Linux; Android 7.0;) AppleWebKit/537.36 (KHTML, like Gecko) Mobile Safari/537.36 (compatible; PetalBot;+https://webmaster.petalsearch.com/site/petalbot)"
114.119.147.87 - - [01/Jul/2022:00:27:51 +0000] "GET /node/236?share=facebook HTTP/1.1" 301 178 "https://mrchoke.org/node/236?ak_action=accept_mobile" "Mozilla/5.0 (Linux; Android 7.0;) AppleWebKit/537.36 (KHTML, like Gecko) Mobile Safari/537.36 (compatible; PetalBot;+https://webmaster.petalsearch.com/site/petalbot)"
114.119.147.87 - - [01/Jul/2022:00:27:58 +0000] "GET /node/236/?share=facebook HTTP/1.1" 200 9120 "https://mrchoke.org/node/236?ak_action=accept_mobile" "Mozilla/5.0 (Linux; Android 7.0;) AppleWebKit/537.36 (KHTML, like Gecko) Mobile Safari/537.36 (compatible; PetalBot;+https://webmaster.petalsearch.com/site/petalbot)"
114.119.147.81 - - [01/Jul/2022:00:30:01 +0000] "GET /node/4?share=twitter HTTP/1.1" 302 154 "https://mrchoke.org/node/4?ak_action=accept_mobile" "Mozilla/5.0 (Linux; Android 7.0;) AppleWebKit/537.36 (KHTML, like Gecko) Mobile Safari/537.36 (compatible; PetalBot;+https://webmaster.petalsearch.com/site/petalbot)"
114.119.147.81 - - [01/Jul/2022:00:30:13 +0000] "GET /node/4?share=twitter HTTP/1.1" 301 178 "https://mrchoke.org/node/4?ak_action=accept_mobile" "Mozilla/5.0 (Linux; Android 7.0;) AppleWebKit/537.36 (KHTML, like Gecko) Mobile Safari/537.36 (compatible; PetalBot;+https://webmaster.petalsearch.com/site/petalbot)"
114.119.147.74 - - [01/Jul/2022:00:31:51 +0000] "GET /node/246 HTTP/1.1" 302 154 "https://mrchoke.org/node/date/2010/01" "Mozilla/5.0 (Linux; Android 7.0;) AppleWebKit/537.36 (KHTML, like Gecko) Mobile Safari/537.36 (compatible; PetalBot;+https://webmaster.petalsearch.com/site/petalbot)"
114.119.147.74 - - [01/Jul/2022:00:32:04 +0000] "GET /node/246 HTTP/1.1" 301 178 "https://mrchoke.org/node/date/2010/01" "Mozilla/5.0 (Linux; Android 7.0;) AppleWebKit/537.36 (KHTML, like Gecko) Mobile Safari/537.36 (compatible; PetalBot;+https://webmaster.petalsearch.com/site/petalbot)"
114.119.147.73 - - [01/Jul/2022:00:33:23 +0000] "GET /node/36?share=linkedin HTTP/1.1" 302 154 "https://mrchoke.org/node/36?ak_action=reject_mobile" "Mozilla/5.0 (Linux; Android 7.0;) AppleWebKit/537.36 (KHTML, like Gecko) Mobile Safari/537.36 (compatible; PetalBot;+https://webmaster.petalsearch.com/site/petalbot)"
114.119.147.73 - - [01/Jul/2022:00:33:30 +0000] "GET /node/36?share=linkedin HTTP/1.1" 301 178 "https://mrchoke.org/node/36?ak_action=reject_mobile" "Mozilla/5.0 (Linux; Android 7.0;) AppleWebKit/537.36 (KHTML, like Gecko) Mobile Safari/537.36 (compatible; PetalBot;+https://webmaster.petalsearch.com/site/petalbot)"
114.119.147.73 - - [01/Jul/2022:00:33:36 +0000] "GET /node/36/?share=linkedin HTTP/1.1" 200 9389 "https://mrchoke.org/node/36?ak_action=reject_mobile" "Mozilla/5.0 (Linux; Android 7.0;) AppleWebKit/537.36 (KHTML, like Gecko) Mobile Safari/537.36 (compatible; PetalBot;+https://webmaster.petalsearch.com/site/petalbot)"
185.191.171.1 - - [01/Jul/2022:00:34:52 +0000] "GET /robots.txt HTTP/1.1" 404 134 "-" "Mozilla/5.0 (compatible; SemrushBot/7~bl; +http://www.semrush.com/bot.html)"
185.191.171.38 - - [01/Jul/2022:00:34:53 +0000] "GET /node/tag/nikon HTTP/1.1" 302 154 "-" "Mozilla/5.0 (compatible; SemrushBot/7~bl; +http://www.semrush.com/bot.html)"
185.191.171.7 - - [01/Jul/2022:00:34:54 +0000] "GET /robots.txt HTTP/1.1" 404 134 "-" "Mozilla/5.0 (compatible; SemrushBot/7~bl; +http://www.semrush.com/bot.html)"
185.191.171.39 - - [01/Jul/2022:00:34:55 +0000] "GET /node/tag/nikon HTTP/1.1" 301 178 "-" "Mozilla/5.0 (compatible; SemrushBot/7~bl; +http://www.semrush.com/bot.html)"
114.119.147.87 - - [01/Jul/2022:00:35:09 +0000] "GET /node/tag/lomo HTTP/1.1" 301 178 "https://mrchoke.org/node/519?share=reddit" "Mozilla/5.0 (Linux; Android 7.0;) AppleWebKit/537.36 (KHTML, like Gecko) Mobile Safari/537.36 (compatible; PetalBot;+https://webmaster.petalsearch.com/site/petalbot)"
114.119.147.87 - - [01/Jul/2022:00:35:14 +0000] "GET /node/tag/lomo/ HTTP/1.1" 200 8067 "https://mrchoke.org/node/519?share=reddit" "Mozilla/5.0 (Linux; Android 7.0;) AppleWebKit/537.36 (KHTML, like Gecko) Mobile Safari/537.36 (compatible; PetalBot;+https://webmaster.petalsearch.com/site/petalbot)"
207.46.13.149 - - [01/Jul/2022:00:37:14 +0000] "GET /node/74 HTTP/2.0" 302 154 "-" "Mozilla/5.0 (compatible; bingbot/2.0; +http://www.bing.com/bingbot.htm)"
207.46.13.149 - - [01/Jul/2022:00:37:24 +0000] "GET /node/74 HTTP/2.0" 301 178 "-" "Mozilla/5.0 (compatible; bingbot/2.0; +http://www.bing.com/bingbot.htm)"
114.119.147.87 - - [01/Jul/2022:00:37:30 +0000] "GET /node/category/promo_code?ak_action=accept_mobile HTTP/1.1" 302 154 "https://mrchoke.org/node/category/promo_code?ak_action=reject_mobile" "Mozilla/5.0 (Linux; Android 7.0;) AppleWebKit/537.36 (KHTML, like Gecko) Mobile Safari/537.36 (compatible; PetalBot;+https://webmaster.petalsearch.com/site/petalbot)"
207.46.13.149 - - [01/Jul/2022:00:37:33 +0000] "GET /node/74/ HTTP/2.0" 200 9021 "-" "Mozilla/5.0 (compatible; bingbot/2.0; +http://www.bing.com/bingbot.htm)"
114.119.147.87 - - [01/Jul/2022:00:37:40 +0000] "GET /node/category/promo_code?ak_action=accept_mobile HTTP/1.1" 301 178 "https://mrchoke.org/node/category/promo_code?ak_action=reject_mobile" "Mozilla/5.0 (Linux; Android 7.0;) AppleWebKit/537.36 (KHTML, like Gecko) Mobile Safari/537.36 (compatible; PetalBot;+https://webmaster.petalsearch.com/site/petalbot)"
13.66.139.2 - - [01/Jul/2022:00:37:59 +0000] "GET /robots.txt HTTP/2.0" 404 123 "-" "Mozilla/5.0 (compatible; bingbot/2.0; +http://www.bing.com/bingbot.htm)"
13.66.139.15 - - [01/Jul/2022:00:38:09 +0000] "GET /node/tag/%E0%B8%AA%E0%B8%A7%E0%B8%97%E0%B8%8A HTTP/2.0" 404 123 "-" "Mozilla/5.0 (compatible; bingbot/2.0; +http://www.bing.com/bingbot.htm)"
114.119.147.87 - - [01/Jul/2022:00:38:48 +0000] "GET /node/category/weight HTTP/1.1" 301 178 "https://mrchoke.org/node/363?share=reddit" "Mozilla/5.0 (Linux; Android 7.0;) AppleWebKit/537.36 (KHTML, like Gecko) Mobile Safari/537.36 (compatible; PetalBot;+https://webmaster.petalsearch.com/site/petalbot)"
114.119.147.87 - - [01/Jul/2022:00:38:54 +0000] "GET /node/category/weight/ HTTP/1.1" 200 7710 "https://mrchoke.org/node/363?share=reddit" "Mozilla/5.0 (Linux; Android 7.0;) AppleWebKit/537.36 (KHTML, like Gecko) Mobile Safari/537.36 (compatible; PetalBot;+https://webmaster.petalsearch.com/site/petalbot)"
114.119.147.81 - - [01/Jul/2022:00:41:07 +0000] "GET /node/date/2014/01/page/6 HTTP/1.1" 301 178 "https://mrchoke.org/node/date/2014/01/page/7" "Mozilla/5.0 (Linux; Android 7.0;) AppleWebKit/537.36 (KHTML, like Gecko) Mobile Safari/537.36 (compatible; PetalBot;+https://webmaster.petalsearch.com/site/petalbot)"
114.119.147.81 - - [01/Jul/2022:00:41:13 +0000] "GET /node/date/2014/01/page/6/ HTTP/1.1" 200 14000 "https://mrchoke.org/node/date/2014/01/page/7" "Mozilla/5.0 (Linux; Android 7.0;) AppleWebKit/537.36 (KHTML, like Gecko) Mobile Safari/537.36 (compatible; PetalBot;+https://webmaster.petalsearch.com/site/petalbot)"
114.119.147.81 - - [01/Jul/2022:00:42:36 +0000] "GET /node/70?ak_action=reject_mobile HTTP/1.1" 302 154 "https://mrchoke.org/node/70" "Mozilla/5.0 (Linux; Android 7.0;) AppleWebKit/537.36 (KHTML, like Gecko) Mobile Safari/537.36 (compatible; PetalBot;+https://webmaster.petalsearch.com/site/petalbot)"
114.119.147.81 - - [01/Jul/2022:00:42:43 +0000] "GET /node/70?ak_action=reject_mobile HTTP/1.1" 301 178 "https://mrchoke.org/node/70" "Mozilla/5.0 (Linux; Android 7.0;) AppleWebKit/537.36 (KHTML, like Gecko) Mobile Safari/537.36 (compatible; PetalBot;+https://webmaster.petalsearch.com/site/petalbot)"
114.119.147.81 - - [01/Jul/2022:00:42:51 +0000] "GET /node/70/?ak_action=reject_mobile HTTP/1.1" 200 9002 "https://mrchoke.org/node/70" "Mozilla/5.0 (Linux; Android 7.0;) AppleWebKit/537.36 (KHTML, like Gecko) Mobile Safari/537.36 (compatible; PetalBot;+https://webmaster.petalsearch.com/site/petalbot)"
216.244.66.229 - - [01/Jul/2022:00:42:59 +0000] "GET /robots.txt HTTP/1.1" 404 162 "-" "Mozilla/5.0 (compatible; DotBot/1.2; +https://opensiteexplorer.org/dotbot; help@moz.com)"
185.191.171.21 - - [01/Jul/2022:00:44:04 +0000] "GET /page/2 HTTP/1.1" 302 154 "-" "Mozilla/5.0 (compatible; SemrushBot/7~bl; +http://www.semrush.com/bot.html)"
185.191.171.17 - - [01/Jul/2022:00:44:05 +0000] "GET /page/2 HTTP/1.1" 301 178 "-" "Mozilla/5.0 (compatible; SemrushBot/7~bl; +http://www.semrush.com/bot.html)"
185.191.171.25 - - [01/Jul/2022:00:44:08 +0000] "GET /page/2/ HTTP/1.1" 200 10828 "-" "Mozilla/5.0 (compatible; SemrushBot/7~bl; +http://www.semrush.com/bot.html)"
114.119.147.87 - - [01/Jul/2022:00:44:10 +0000] "GET /node/category/exif HTTP/1.1" 404 134 "http://www.mrchoke.org/node/28" "Mozilla/5.0 (Linux; Android 7.0;) AppleWebKit/537.36 (KHTML, like Gecko) Mobile Safari/537.36 (compatible; PetalBot;+https://webmaster.petalsearch.com/site/petalbot)"
66.249.71.28 - - [01/Jul/2022:00:44:25 +0000] "GET / HTTP/1.1" 200 16008 "-" "Mozilla/5.0 (Linux; Android 6.0.1; Nexus 5X Build/MMB29P) AppleWebKit/537.36 (KHTML, like Gecko) Chrome/103.0.5060.53 Mobile Safari/537.36 (compatible; Googlebot/2.1; +http://www.google.com/bot.html)"
185.191.171.4 - - [01/Jul/2022:00:44:44 +0000] "GET /node/tag/tu HTTP/1.1" 302 154 "-" "Mozilla/5.0 (compatible; SemrushBot/7~bl; +http://www.semrush.com/bot.html)"
185.191.171.17 - - [01/Jul/2022:00:44:46 +0000] "GET /node/tag/tu HTTP/1.1" 301 178 "-" "Mozilla/5.0 (compatible; SemrushBot/7~bl; +http://www.semrush.com/bot.html)"
185.191.171.1 - - [01/Jul/2022:00:44:48 +0000] "GET /node/tag/tu/ HTTP/1.1" 200 10496 "-" "Mozilla/5.0 (compatible; SemrushBot/7~bl; +http://www.semrush.com/bot.html)"
216.244.66.229 - - [01/Jul/2022:00:45:23 +0000] "GET /node/249 HTTP/1.1" 404 162 "-" "Mozilla/5.0 (compatible; DotBot/1.2; +https://opensiteexplorer.org/dotbot; help@moz.com)"
216.244.66.229 - - [01/Jul/2022:00:45:57 +0000] "GET /node/192/feed HTTP/1.1" 404 162 "-" "Mozilla/5.0 (compatible; DotBot/1.2; +https://opensiteexplorer.org/dotbot; help@moz.com)"
216.244.66.229 - - [01/Jul/2022:00:46:02 +0000] "GET /node/86/feed HTTP/1.1" 404 162 "-" "Mozilla/5.0 (compatible; DotBot/1.2; +https://opensiteexplorer.org/dotbot; help@moz.com)"
216.244.66.229 - - [01/Jul/2022:00:46:05 +0000] "GET /node/581/img_1727 HTTP/1.1" 404 162 "-" "Mozilla/5.0 (compatible; DotBot/1.2; +https://opensiteexplorer.org/dotbot; help@moz.com)"
216.244.66.229 - - [01/Jul/2022:00:46:09 +0000] "GET /node/790/img_6179 HTTP/1.1" 404 162 "-" "Mozilla/5.0 (compatible; DotBot/1.2; +https://opensiteexplorer.org/dotbot; help@moz.com)"
216.244.66.229 - - [01/Jul/2022:00:46:12 +0000] "GET /node/865/ch7_3153 HTTP/1.1" 404 162 "-" "Mozilla/5.0 (compatible; DotBot/1.2; +https://opensiteexplorer.org/dotbot; help@moz.com)"
114.119.147.87 - - [01/Jul/2022:00:46:14 +0000] "GET /node/tag/tsp?ak_action=reject_mobile HTTP/1.1" 302 154 "https://mrchoke.org/node/tag/tsp?ak_action=accept_mobile" "Mozilla/5.0 (Linux; Android 7.0;) AppleWebKit/537.36 (KHTML, like Gecko) Mobile Safari/537.36 (compatible; PetalBot;+https://webmaster.petalsearch.com/site/petalbot)"
216.244.66.229 - - [01/Jul/2022:00:46:14 +0000] "GET /node/939/img_6376 HTTP/1.1" 404 162 "-" "Mozilla/5.0 (compatible; DotBot/1.2; +https://opensiteexplorer.org/dotbot; help@moz.com)"
114.119.147.87 - - [01/Jul/2022:00:46:18 +0000] "GET /node/tag/tsp?ak_action=reject_mobile HTTP/1.1" 301 178 "https://mrchoke.org/node/tag/tsp?ak_action=accept_mobile" "Mozilla/5.0 (Linux; Android 7.0;) AppleWebKit/537.36 (KHTML, like Gecko) Mobile Safari/537.36 (compatible; PetalBot;+https://webmaster.petalsearch.com/site/petalbot)"
114.119.147.87 - - [01/Jul/2022:00:46:24 +0000] "GET /node/tag/tsp/?ak_action=reject_mobile HTTP/1.1" 200 9286 "https://mrchoke.org/node/tag/tsp?ak_action=accept_mobile" "Mozilla/5.0 (Linux; Android 7.0;) AppleWebKit/537.36 (KHTML, like Gecko) Mobile Safari/537.36 (compatible; PetalBot;+https://webmaster.petalsearch.com/site/petalbot)"
114.119.147.87 - - [01/Jul/2022:00:48:16 +0000] "GET /node/69?ak_action=accept_mobile HTTP/1.1" 301 178 "https://mrchoke.org/node/69?ak_action=accept_mobile" "Mozilla/5.0 (Linux; Android 7.0;) AppleWebKit/537.36 (KHTML, like Gecko) Mobile Safari/537.36 (compatible; PetalBot;+https://webmaster.petalsearch.com/site/petalbot)"
114.119.147.87 - - [01/Jul/2022:00:48:20 +0000] "GET /node/69/?ak_action=accept_mobile HTTP/1.1" 200 8948 "https://mrchoke.org/node/69?ak_action=accept_mobile" "Mozilla/5.0 (Linux; Android 7.0;) AppleWebKit/537.36 (KHTML, like Gecko) Mobile Safari/537.36 (compatible; PetalBot;+https://webmaster.petalsearch.com/site/petalbot)"
114.119.147.74 - - [01/Jul/2022:00:50:13 +0000] "GET /img_7324 HTTP/1.1" 301 178 "https://static.mrchoke.org/node/1437" "Mozilla/5.0 (Linux; Android 7.0;) AppleWebKit/537.36 (KHTML, like Gecko) Mobile Safari/537.36 (compatible; PetalBot;+https://webmaster.petalsearch.com/site/petalbot)"
54.36.148.117 - - [01/Jul/2022:00:50:16 +0000] "GET / HTTP/1.1" 200 396 "-" "Mozilla/5.0 (compatible; AhrefsBot/7.0; +http://ahrefs.com/robot/)"
114.119.147.74 - - [01/Jul/2022:00:50:17 +0000] "GET /img_7324/ HTTP/1.1" 200 7921 "https://static.mrchoke.org/node/1437" "Mozilla/5.0 (Linux; Android 7.0;) AppleWebKit/537.36 (KHTML, like Gecko) Mobile Safari/537.36 (compatible; PetalBot;+https://webmaster.petalsearch.com/site/petalbot)"
114.119.147.74 - - [01/Jul/2022:00:52:22 +0000] "GET /node/488 HTTP/1.1" 302 154 "https://mrchoke.org/node/414?share=linkedin" "Mozilla/5.0 (Linux; Android 7.0;) AppleWebKit/537.36 (KHTML, like Gecko) Mobile Safari/537.36 (compatible; PetalBot;+https://webmaster.petalsearch.com/site/petalbot)"
114.119.147.74 - - [01/Jul/2022:00:52:28 +0000] "GET /node/488 HTTP/1.1" 301 178 "https://mrchoke.org/node/414?share=linkedin" "Mozilla/5.0 (Linux; Android 7.0;) AppleWebKit/537.36 (KHTML, like Gecko) Mobile Safari/537.36 (compatible; PetalBot;+https://webmaster.petalsearch.com/site/petalbot)"
114.119.147.74 - - [01/Jul/2022:00:52:36 +0000] "GET /node/488/ HTTP/1.1" 200 9553 "https://mrchoke.org/node/414?share=linkedin" "Mozilla/5.0 (Linux; Android 7.0;) AppleWebKit/537.36 (KHTML, like Gecko) Mobile Safari/537.36 (compatible; PetalBot;+https://webmaster.petalsearch.com/site/petalbot)"
185.191.171.10 - - [01/Jul/2022:00:53:22 +0000] "GET /node/date/2004/12/03 HTTP/1.1" 301 178 "-" "Mozilla/5.0 (compatible; SemrushBot/7~bl; +http://www.semrush.com/bot.html)"
185.191.171.3 - - [01/Jul/2022:00:53:25 +0000] "GET /node/date/2004/12/03/ HTTP/1.1" 200 8159 "-" "Mozilla/5.0 (compatible; SemrushBot/7~bl; +http://www.semrush.com/bot.html)"
216.244.66.229 - - [01/Jul/2022:00:54:02 +0000] "GET /node/790/img_6163 HTTP/1.1" 404 162 "-" "Mozilla/5.0 (compatible; DotBot/1.2; +https://opensiteexplorer.org/dotbot; help@moz.com)"
114.119.147.87 - - [01/Jul/2022:00:54:27 +0000] "GET /node/date/2006/04/29 HTTP/1.1" 301 178 "https://mrchoke.org/node/493?share=reddit" "Mozilla/5.0 (Linux; Android 7.0;) AppleWebKit/537.36 (KHTML, like Gecko) Mobile Safari/537.36 (compatible; PetalBot;+https://webmaster.petalsearch.com/site/petalbot)"
114.119.147.87 - - [01/Jul/2022:00:54:38 +0000] "GET /node/date/2006/04/29/ HTTP/1.1" 200 8029 "https://mrchoke.org/node/493?share=reddit" "Mozilla/5.0 (Linux; Android 7.0;) AppleWebKit/537.36 (KHTML, like Gecko) Mobile Safari/537.36 (compatible; PetalBot;+https://webmaster.petalsearch.com/site/petalbot)"
194.223.45.250 - - [01/Jul/2022:00:55:43 +0000] "GET /wp-content/uploads/2013/12/virtualbox_logo.png HTTP/2.0" 302 154 "https://www.sitepoint.com/" "Mozilla/5.0 (Macintosh; Intel Mac OS X 10_15_7) AppleWebKit/537.36 (KHTML, like Gecko) Chrome/103.0.0.0 Safari/537.36"
194.223.45.250 - - [01/Jul/2022:00:55:43 +0000] "GET /wp-content/uploads/2013/12/virtualbox_logo.png HTTP/2.0" 404 186 "https://www.sitepoint.com/" "Mozilla/5.0 (Macintosh; Intel Mac OS X 10_15_7) AppleWebKit/537.36 (KHTML, like Gecko) Chrome/103.0.0.0 Safari/537.36"
101.68.211.2 - - [01/Jul/2022:00:56:02 +0000] "GET / HTTP/1.1" 301 178 "-" "Mozilla/5.0 (Macintosh; Intel Mac OS X 10.11; rv:47.0) Gecko/20100101 Firefox/47.0"
101.68.211.2 - - [01/Jul/2022:00:56:03 +0000] "GET / HTTP/1.1" 200 384 "-" "Mozilla/5.0 (Macintosh; Intel Mac OS X 10.11; rv:47.0) Gecko/20100101 Firefox/47.0"
114.119.147.74 - - [01/Jul/2022:00:56:33 +0000] "GET /img_6862 HTTP/1.1" 301 178 "https://mrchoke.org/node/1255?share=reddit" "Mozilla/5.0 (Linux; Android 7.0;) AppleWebKit/537.36 (KHTML, like Gecko) Mobile Safari/537.36 (compatible; PetalBot;+https://webmaster.petalsearch.com/site/petalbot)"
194.223.45.250 - - [01/Jul/2022:00:56:45 +0000] "GET /wp-content/uploads/2013/12/virtualbox_logo.png HTTP/2.0" 302 154 "https://www.sitepoint.com/" "Mozilla/5.0 (Macintosh; Intel Mac OS X 10_15_7) AppleWebKit/537.36 (KHTML, like Gecko) Chrome/103.0.0.0 Safari/537.36"
194.223.45.250 - - [01/Jul/2022:00:56:45 +0000] "GET /wp-content/uploads/2013/12/virtualbox_logo.png HTTP/2.0" 404 186 "https://www.sitepoint.com/" "Mozilla/5.0 (Macintosh; Intel Mac OS X 10_15_7) AppleWebKit/537.36 (KHTML, like Gecko) Chrome/103.0.0.0 Safari/537.36"
114.119.147.74 - - [01/Jul/2022:00:56:47 +0000] "GET /img_6862/ HTTP/1.1" 200 7923 "https://mrchoke.org/node/1255?share=reddit" "Mozilla/5.0 (Linux; Android 7.0;) AppleWebKit/537.36 (KHTML, like Gecko) Mobile Safari/537.36 (compatible; PetalBot;+https://webmaster.petalsearch.com/site/petalbot)"
194.223.45.250 - - [01/Jul/2022:00:57:05 +0000] "GET /wp-content/uploads/2013/12/virtualbox_logo.png HTTP/2.0" 302 154 "https://www.sitepoint.com/" "Mozilla/5.0 (Macintosh; Intel Mac OS X 10_15_7) AppleWebKit/537.36 (KHTML, like Gecko) Chrome/103.0.0.0 Safari/537.36"
194.223.45.250 - - [01/Jul/2022:00:57:05 +0000] "GET /wp-content/uploads/2013/12/virtualbox_logo.png HTTP/2.0" 404 186 "https://www.sitepoint.com/" "Mozilla/5.0 (Macintosh; Intel Mac OS X 10_15_7) AppleWebKit/537.36 (KHTML, like Gecko) Chrome/103.0.0.0 Safari/537.36"
51.222.253.5 - - [01/Jul/2022:00:57:15 +0000] "GET /robots.txt HTTP/2.0" 301 178 "-" "Mozilla/5.0 (compatible; AhrefsBot/7.0; +http://ahrefs.com/robot/)"
51.222.253.5 - - [01/Jul/2022:00:57:16 +0000] "GET /robots.txt HTTP/2.0" 404 123 "-" "Mozilla/5.0 (compatible; AhrefsBot/7.0; +http://ahrefs.com/robot/)"
114.119.147.74 - - [01/Jul/2022:00:58:01 +0000] "GET /img_7277 HTTP/1.1" 301 178 "https://static.mrchoke.org/node/1428" "Mozilla/5.0 (Linux; Android 7.0;) AppleWebKit/537.36 (KHTML, like Gecko) Mobile Safari/537.36 (compatible; PetalBot;+https://webmaster.petalsearch.com/site/petalbot)"
114.119.147.74 - - [01/Jul/2022:00:58:14 +0000] "GET /img_7277/ HTTP/1.1" 200 7885 "https://static.mrchoke.org/node/1428" "Mozilla/5.0 (Linux; Android 7.0;) AppleWebKit/537.36 (KHTML, like Gecko) Mobile Safari/537.36 (compatible; PetalBot;+https://webmaster.petalsearch.com/site/petalbot)"
101.68.211.2 - - [01/Jul/2022:00:58:39 +0000] "GET / HTTP/1.1" 301 178 "-" "Mozilla/5.0 (Windows NT 6.1; WOW64) AppleWebKit/537.36 (KHTML, like Gecko) Chrome/63.0.3239.132 Safari/537.36 QIHU 360SE"
101.68.211.2 - - [01/Jul/2022:00:58:41 +0000] "GET / HTTP/1.1" 200 294 "https://188.166.238.131:443" "Mozilla/5.0 (Windows NT 6.1; WOW64) AppleWebKit/537.36 (KHTML, like Gecko) Chrome/63.0.3239.132 Safari/537.36 QIHU 360SE"
101.68.211.2 - - [01/Jul/2022:00:58:42 +0000] "GET /favicon.ico HTTP/1.1" 301 178 "-" "Mozilla/5.0 (Windows NT 6.1; WOW64) AppleWebKit/537.36 (KHTML, like Gecko) Chrome/63.0.3239.132 Safari/537.36 QIHU 360SE"
101.68.211.2 - - [01/Jul/2022:00:58:43 +0000] "GET /favicon.ico HTTP/1.1" 200 1150 "https://188.166.238.131:443/favicon.ico" "Mozilla/5.0 (Windows NT 6.1; WOW64) AppleWebKit/537.36 (KHTML, like Gecko) Chrome/63.0.3239.132 Safari/537.36 QIHU 360SE"
101.68.211.2 - - [01/Jul/2022:00:58:43 +0000] "GET /robots.txt HTTP/1.1" 301 178 "-" "Mozilla/5.0 (Windows NT 6.1; WOW64) AppleWebKit/537.36 (KHTML, like Gecko) Chrome/63.0.3239.132 Safari/537.36 QIHU 360SE"
207.46.13.174 - - [01/Jul/2022:00:59:18 +0000] "GET /node/244/feed HTTP/2.0" 301 178 "-" "Mozilla/5.0 (compatible; bingbot/2.0; +http://www.bing.com/bingbot.htm)"
207.46.13.174 - - [01/Jul/2022:00:59:28 +0000] "GET /node/244/feed/ HTTP/2.0" 403 123 "-" "Mozilla/5.0 (compatible; bingbot/2.0; +http://www.bing.com/bingbot.htm)"
114.119.147.74 - - [01/Jul/2022:00:59:56 +0000] "GET /node/485?share=facebook HTTP/1.1" 302 154 "https://mrchoke.org/node/485?ak_action=reject_mobile" "Mozilla/5.0 (Linux; Android 7.0;) AppleWebKit/537.36 (KHTML, like Gecko) Mobile Safari/537.36 (compatible; PetalBot;+https://webmaster.petalsearch.com/site/petalbot)"
114.119.147.74 - - [01/Jul/2022:01:00:02 +0000] "GET /node/485?share=facebook HTTP/1.1" 301 178 "https://mrchoke.org/node/485?ak_action=reject_mobile" "Mozilla/5.0 (Linux; Android 7.0;) AppleWebKit/537.36 (KHTML, like Gecko) Mobile Safari/537.36 (compatible; PetalBot;+https://webmaster.petalsearch.com/site/petalbot)"
114.119.147.74 - - [01/Jul/2022:01:00:05 +0000] "GET /node/485/?share=facebook HTTP/1.1" 200 8145 "https://mrchoke.org/node/485?ak_action=reject_mobile" "Mozilla/5.0 (Linux; Android 7.0;) AppleWebKit/537.36 (KHTML, like Gecko) Mobile Safari/537.36 (compatible; PetalBot;+https://webmaster.petalsearch.com/site/petalbot)"
101.68.211.2 - - [01/Jul/2022:01:01:15 +0000] "GET / HTTP/1.1" 200 612 "-" "Mozilla/5.0 (Macintosh; Intel Mac OS X 10.11; rv:47.0) Gecko/20100101 Firefox/47.0"
101.68.211.2 - - [01/Jul/2022:01:01:37 +0000] "GET / HTTP/1.1" 200 396 "-" "Mozilla/5.0 (Windows NT 6.1; WOW64) AppleWebKit/537.36 (KHTML, like Gecko) Chrome/63.0.3239.132 Safari/537.36 QIHU 360SE"
101.68.211.2 - - [01/Jul/2022:01:01:37 +0000] "GET /favicon.ico HTTP/1.1" 404 197 "-" "Mozilla/5.0 (Windows NT 6.1; WOW64) AppleWebKit/537.36 (KHTML, like Gecko) Chrome/63.0.3239.132 Safari/537.36 QIHU 360SE"
101.68.211.2 - - [01/Jul/2022:01:01:37 +0000] "GET /robots.txt HTTP/1.1" 404 197 "-" "Mozilla/5.0 (Windows NT 6.1; WOW64) AppleWebKit/537.36 (KHTML, like Gecko) Chrome/63.0.3239.132 Safari/537.36 QIHU 360SE"
114.119.147.87 - - [01/Jul/2022:01:01:52 +0000] "GET /node/199 HTTP/1.1" 302 154 "https://mrchoke.org/node/198?share=facebook" "Mozilla/5.0 (Linux; Android 7.0;) AppleWebKit/537.36 (KHTML, like Gecko) Mobile Safari/537.36 (compatible; PetalBot;+https://webmaster.petalsearch.com/site/petalbot)"
114.119.147.87 - - [01/Jul/2022:01:01:55 +0000] "GET /node/199 HTTP/1.1" 301 178 "https://mrchoke.org/node/198?share=facebook" "Mozilla/5.0 (Linux; Android 7.0;) AppleWebKit/537.36 (KHTML, like Gecko) Mobile Safari/537.36 (compatible; PetalBot;+https://webmaster.petalsearch.com/site/petalbot)"
114.119.147.87 - - [01/Jul/2022:01:01:56 +0000] "GET /node/199/ HTTP/1.1" 200 8404 "https://mrchoke.org/node/198?share=facebook" "Mozilla/5.0 (Linux; Android 7.0;) AppleWebKit/537.36 (KHTML, like Gecko) Mobile Safari/537.36 (compatible; PetalBot;+https://webmaster.petalsearch.com/site/petalbot)"
185.191.171.24 - - [01/Jul/2022:01:02:08 +0000] "GET /img_7040 HTTP/1.1" 301 178 "-" "Mozilla/5.0 (compatible; SemrushBot/7~bl; +http://www.semrush.com/bot.html)"
185.191.171.22 - - [01/Jul/2022:01:02:10 +0000] "GET /img_7040/ HTTP/1.1" 200 7890 "-" "Mozilla/5.0 (compatible; SemrushBot/7~bl; +http://www.semrush.com/bot.html)"
185.191.171.6 - - [01/Jul/2022:01:03:02 +0000] "GET /node/865/ch7_3166 HTTP/1.1" 301 178 "-" "Mozilla/5.0 (compatible; SemrushBot/7~bl; +http://www.semrush.com/bot.html)"
185.191.171.36 - - [01/Jul/2022:01:03:05 +0000] "GET /node/865/ch7_3166/ HTTP/1.1" 200 7890 "-" "Mozilla/5.0 (compatible; SemrushBot/7~bl; +http://www.semrush.com/bot.html)"
216.244.66.229 - - [01/Jul/2022:01:03:47 +0000] "GET /node/category/uncategorized/page/9/ HTTP/1.1" 404 162 "-" "Mozilla/5.0 (compatible; DotBot/1.2; +https://opensiteexplorer.org/dotbot; help@moz.com)"
114.119.147.87 - - [01/Jul/2022:01:04:00 +0000] "GET /node/date/2009/06/07 HTTP/1.1" 301 178 "https://mrchoke.org/node/231?share=twitter" "Mozilla/5.0 (Linux; Android 7.0;) AppleWebKit/537.36 (KHTML, like Gecko) Mobile Safari/537.36 (compatible; PetalBot;+https://webmaster.petalsearch.com/site/petalbot)"
114.119.147.87 - - [01/Jul/2022:01:04:01 +0000] "GET /node/date/2009/06/07/ HTTP/1.1" 200 8739 "https://mrchoke.org/node/231?share=twitter" "Mozilla/5.0 (Linux; Android 7.0;) AppleWebKit/537.36 (KHTML, like Gecko) Mobile Safari/537.36 (compatible; PetalBot;+https://webmaster.petalsearch.com/site/petalbot)"
185.191.171.23 - - [01/Jul/2022:01:04:35 +0000] "GET /node/865/ch7_3265 HTTP/1.1" 302 154 "-" "Mozilla/5.0 (compatible; SemrushBot/7~bl; +http://www.semrush.com/bot.html)"
185.191.171.22 - - [01/Jul/2022:01:04:36 +0000] "GET /node/865/ch7_3265 HTTP/1.1" 301 178 "-" "Mozilla/5.0 (compatible; SemrushBot/7~bl; +http://www.semrush.com/bot.html)"
185.191.171.1 - - [01/Jul/2022:01:04:38 +0000] "GET /node/865/ch7_3265/ HTTP/1.1" 200 7889 "-" "Mozilla/5.0 (compatible; SemrushBot/7~bl; +http://www.semrush.com/bot.html)"
65.108.128.54 - - [01/Jul/2022:01:05:50 +0000] "GET /robots.txt HTTP/1.1" 404 162 "-" "Mozilla/5.0 (compatible; MJ12bot/v1.4.8; http://mj12bot.com/)"
65.108.128.54 - - [01/Jul/2022:01:05:53 +0000] "GET /node/category/ubuntu/edgy HTTP/1.1" 302 154 "-" "Mozilla/5.0 (compatible; MJ12bot/v1.4.8; http://mj12bot.com/)"
65.108.128.54 - - [01/Jul/2022:01:05:54 +0000] "GET /robots.txt HTTP/1.1" 404 162 "-" "Mozilla/5.0 (compatible; MJ12bot/v1.4.8; http://mj12bot.com/)"
65.108.128.54 - - [01/Jul/2022:01:05:56 +0000] "GET /node/category/ubuntu/edgy HTTP/1.1" 301 178 "-" "Mozilla/5.0 (compatible; MJ12bot/v1.4.8; http://mj12bot.com/)"
114.119.147.73 - - [01/Jul/2022:01:05:57 +0000] "GET /page/16?ak_action=reject_mobile HTTP/1.1" 302 154 "https://mrchoke.org/page/15?ak_action=reject_mobile" "Mozilla/5.0 (Linux; Android 7.0;) AppleWebKit/537.36 (KHTML, like Gecko) Mobile Safari/537.36 (compatible; PetalBot;+https://webmaster.petalsearch.com/site/petalbot)"
65.108.128.54 - - [01/Jul/2022:01:06:00 +0000] "GET /node/category/ubuntu/edgy/ HTTP/1.1" 200 9451 "-" "Mozilla/5.0 (compatible; MJ12bot/v1.4.8; http://mj12bot.com/)"
65.108.128.54 - - [01/Jul/2022:01:06:02 +0000] "GET /node/category/ubuntucluib HTTP/1.1" 302 154 "-" "Mozilla/5.0 (compatible; MJ12bot/v1.4.8; http://mj12bot.com/)"
65.108.128.54 - - [01/Jul/2022:01:06:05 +0000] "GET /node/category/ubuntucluib HTTP/1.1" 301 178 "-" "Mozilla/5.0 (compatible; MJ12bot/v1.4.8; http://mj12bot.com/)"
114.119.147.73 - - [01/Jul/2022:01:06:06 +0000] "GET /page/16?ak_action=reject_mobile HTTP/1.1" 301 178 "https://mrchoke.org/page/15?ak_action=reject_mobile" "Mozilla/5.0 (Linux; Android 7.0;) AppleWebKit/537.36 (KHTML, like Gecko) Mobile Safari/537.36 (compatible; PetalBot;+https://webmaster.petalsearch.com/site/petalbot)"
65.108.128.54 - - [01/Jul/2022:01:06:07 +0000] "GET /node/category/ubuntucluib/ HTTP/1.1" 200 8534 "-" "Mozilla/5.0 (compatible; MJ12bot/v1.4.8; http://mj12bot.com/)"
65.108.128.54 - - [01/Jul/2022:01:06:09 +0000] "GET /node/category/vbox HTTP/1.1" 302 154 "-" "Mozilla/5.0 (compatible; MJ12bot/v1.4.8; http://mj12bot.com/)"
65.108.128.54 - - [01/Jul/2022:01:06:12 +0000] "GET /node/category/vbox HTTP/1.1" 301 178 "-" "Mozilla/5.0 (compatible; MJ12bot/v1.4.8; http://mj12bot.com/)"
65.108.128.54 - - [01/Jul/2022:01:06:14 +0000] "GET /node/category/vbox/ HTTP/1.1" 200 12371 "-" "Mozilla/5.0 (compatible; MJ12bot/v1.4.8; http://mj12bot.com/)"
65.108.128.54 - - [01/Jul/2022:01:06:16 +0000] "GET /node/category/vmware HTTP/1.1" 302 154 "-" "Mozilla/5.0 (compatible; MJ12bot/v1.4.8; http://mj12bot.com/)"
65.108.128.54 - - [01/Jul/2022:01:06:19 +0000] "GET /node/category/vmware HTTP/1.1" 301 178 "-" "Mozilla/5.0 (compatible; MJ12bot/v1.4.8; http://mj12bot.com/)"
65.108.128.54 - - [01/Jul/2022:01:06:22 +0000] "GET /node/category/vmware/ HTTP/1.1" 200 9655 "-" "Mozilla/5.0 (compatible; MJ12bot/v1.4.8; http://mj12bot.com/)"
65.108.128.54 - - [01/Jul/2022:01:06:24 +0000] "GET /node/category/webpage/ HTTP/1.1" 302 154 "-" "Mozilla/5.0 (compatible; MJ12bot/v1.4.8; http://mj12bot.com/)"
65.108.128.54 - - [01/Jul/2022:01:06:26 +0000] "GET /node/category/webpage/ HTTP/1.1" 200 11728 "-" "Mozilla/5.0 (compatible; MJ12bot/v1.4.8; http://mj12bot.com/)"
65.108.128.54 - - [01/Jul/2022:01:06:29 +0000] "GET /node/category/webpage/page/2 HTTP/1.1" 302 154 "-" "Mozilla/5.0 (compatible; MJ12bot/v1.4.8; http://mj12bot.com/)"
65.108.128.54 - - [01/Jul/2022:01:06:31 +0000] "GET /node/category/webpage/page/2 HTTP/1.1" 301 178 "-" "Mozilla/5.0 (compatible; MJ12bot/v1.4.8; http://mj12bot.com/)"
65.108.128.54 - - [01/Jul/2022:01:06:33 +0000] "GET /node/category/webpage/page/2/ HTTP/1.1" 200 8201 "-" "Mozilla/5.0 (compatible; MJ12bot/v1.4.8; http://mj12bot.com/)"
65.108.128.54 - - [01/Jul/2022:01:06:35 +0000] "GET /node/category/weight HTTP/1.1" 302 154 "-" "Mozilla/5.0 (compatible; MJ12bot/v1.4.8; http://mj12bot.com/)"
65.108.128.54 - - [01/Jul/2022:01:06:37 +0000] "GET /node/category/weight HTTP/1.1" 301 178 "-" "Mozilla/5.0 (compatible; MJ12bot/v1.4.8; http://mj12bot.com/)"
65.108.128.54 - - [01/Jul/2022:01:06:39 +0000] "GET /node/category/weight/ HTTP/1.1" 200 7710 "-" "Mozilla/5.0 (compatible; MJ12bot/v1.4.8; http://mj12bot.com/)"
65.108.128.54 - - [01/Jul/2022:01:06:42 +0000] "GET /node/category/wellcom HTTP/1.1" 302 154 "-" "Mozilla/5.0 (compatible; MJ12bot/v1.4.8; http://mj12bot.com/)"
185.191.171.3 - - [01/Jul/2022:01:06:43 +0000] "GET /node/1120/img_6622 HTTP/1.1" 301 178 "-" "Mozilla/5.0 (compatible; SemrushBot/7~bl; +http://www.semrush.com/bot.html)"
65.108.128.54 - - [01/Jul/2022:01:06:44 +0000] "GET /node/category/wellcom HTTP/1.1" 301 178 "-" "Mozilla/5.0 (compatible; MJ12bot/v1.4.8; http://mj12bot.com/)"
185.191.171.9 - - [01/Jul/2022:01:06:46 +0000] "GET /node/1120/img_6622/ HTTP/1.1" 200 7881 "-" "Mozilla/5.0 (compatible; SemrushBot/7~bl; +http://www.semrush.com/bot.html)"
65.108.128.54 - - [01/Jul/2022:01:06:46 +0000] "GET /node/category/wellcom/ HTTP/1.1" 200 8646 "-" "Mozilla/5.0 (compatible; MJ12bot/v1.4.8; http://mj12bot.com/)"
65.108.128.54 - - [01/Jul/2022:01:06:49 +0000] "GET /node/category/wine HTTP/1.1" 302 154 "-" "Mozilla/5.0 (compatible; MJ12bot/v1.4.8; http://mj12bot.com/)"
65.108.128.54 - - [01/Jul/2022:01:06:50 +0000] "GET /node/category/wine HTTP/1.1" 301 178 "-" "Mozilla/5.0 (compatible; MJ12bot/v1.4.8; http://mj12bot.com/)"
65.108.128.54 - - [01/Jul/2022:01:06:52 +0000] "GET /node/category/wine/ HTTP/1.1" 200 8464 "-" "Mozilla/5.0 (compatible; MJ12bot/v1.4.8; http://mj12bot.com/)"
65.108.128.54 - - [01/Jul/2022:01:06:55 +0000] "GET /node/category/wireless_mouse HTTP/1.1" 302 154 "-" "Mozilla/5.0 (compatible; MJ12bot/v1.4.8; http://mj12bot.com/)"
65.108.128.54 - - [01/Jul/2022:01:06:56 +0000] "GET /node/category/wireless_mouse HTTP/1.1" 301 178 "-" "Mozilla/5.0 (compatible; MJ12bot/v1.4.8; http://mj12bot.com/)"
65.108.128.54 - - [01/Jul/2022:01:06:59 +0000] "GET /node/category/wireless_mouse/ HTTP/1.1" 200 8536 "-" "Mozilla/5.0 (compatible; MJ12bot/v1.4.8; http://mj12bot.com/)"
65.108.128.54 - - [01/Jul/2022:01:07:01 +0000] "GET /node/category/wordpress HTTP/1.1" 302 154 "-" "Mozilla/5.0 (compatible; MJ12bot/v1.4.8; http://mj12bot.com/)"
65.108.128.54 - - [01/Jul/2022:01:07:03 +0000] "GET /node/category/wordpress HTTP/1.1" 301 178 "-" "Mozilla/5.0 (compatible; MJ12bot/v1.4.8; http://mj12bot.com/)"
65.108.128.54 - - [01/Jul/2022:01:07:05 +0000] "GET /node/category/wordpress/ HTTP/1.1" 200 11873 "-" "Mozilla/5.0 (compatible; MJ12bot/v1.4.8; http://mj12bot.com/)"
65.108.128.54 - - [01/Jul/2022:01:07:08 +0000] "GET /node/category/x11 HTTP/1.1" 302 154 "-" "Mozilla/5.0 (compatible; MJ12bot/v1.4.8; http://mj12bot.com/)"
65.108.128.54 - - [01/Jul/2022:01:07:10 +0000] "GET /node/category/x11 HTTP/1.1" 301 178 "-" "Mozilla/5.0 (compatible; MJ12bot/v1.4.8; http://mj12bot.com/)"
65.108.128.54 - - [01/Jul/2022:01:07:12 +0000] "GET /node/category/x11/ HTTP/1.1" 200 8886 "-" "Mozilla/5.0 (compatible; MJ12bot/v1.4.8; http://mj12bot.com/)"
65.108.128.54 - - [01/Jul/2022:01:07:15 +0000] "GET /node/category/xfce HTTP/1.1" 302 154 "-" "Mozilla/5.0 (compatible; MJ12bot/v1.4.8; http://mj12bot.com/)"
65.108.128.54 - - [01/Jul/2022:01:07:16 +0000] "GET /node/category/xfce HTTP/1.1" 301 178 "-" "Mozilla/5.0 (compatible; MJ12bot/v1.4.8; http://mj12bot.com/)"
65.108.128.54 - - [01/Jul/2022:01:07:19 +0000] "GET /node/category/xfce/ HTTP/1.1" 200 10802 "-" "Mozilla/5.0 (compatible; MJ12bot/v1.4.8; http://mj12bot.com/)"
65.108.128.54 - - [01/Jul/2022:01:07:21 +0000] "GET /node/category/xfce/feed HTTP/1.1" 302 154 "-" "Mozilla/5.0 (compatible; MJ12bot/v1.4.8; http://mj12bot.com/)"
65.108.128.54 - - [01/Jul/2022:01:07:22 +0000] "GET /node/category/xfce/feed HTTP/1.1" 301 178 "-" "Mozilla/5.0 (compatible; MJ12bot/v1.4.8; http://mj12bot.com/)"
65.108.128.54 - - [01/Jul/2022:01:07:24 +0000] "GET /node/category/xfce/feed/ HTTP/1.1" 403 134 "-" "Mozilla/5.0 (compatible; MJ12bot/v1.4.8; http://mj12bot.com/)"
65.108.128.54 - - [01/Jul/2022:01:07:27 +0000] "GET /node/category/xorg/ HTTP/1.1" 302 154 "-" "Mozilla/5.0 (compatible; MJ12bot/v1.4.8; http://mj12bot.com/)"
65.108.128.54 - - [01/Jul/2022:01:07:29 +0000] "GET /node/category/xorg/ HTTP/1.1" 200 15057 "-" "Mozilla/5.0 (compatible; MJ12bot/v1.4.8; http://mj12bot.com/)"
65.108.128.54 - - [01/Jul/2022:01:07:31 +0000] "GET /node/date/2004 HTTP/1.1" 302 154 "-" "Mozilla/5.0 (compatible; MJ12bot/v1.4.8; http://mj12bot.com/)"
65.108.128.54 - - [01/Jul/2022:01:07:32 +0000] "GET /node/date/2004 HTTP/1.1" 301 178 "-" "Mozilla/5.0 (compatible; MJ12bot/v1.4.8; http://mj12bot.com/)"
65.108.128.54 - - [01/Jul/2022:01:07:35 +0000] "GET /node/date/2004/ HTTP/1.1" 403 134 "-" "Mozilla/5.0 (compatible; MJ12bot/v1.4.8; http://mj12bot.com/)"
65.108.128.54 - - [01/Jul/2022:01:07:38 +0000] "GET /node/date/2004/05/ HTTP/1.1" 302 154 "-" "Mozilla/5.0 (compatible; MJ12bot/v1.4.8; http://mj12bot.com/)"
65.108.128.54 - - [01/Jul/2022:01:07:40 +0000] "GET /node/date/2004/05/ HTTP/1.1" 200 11162 "-" "Mozilla/5.0 (compatible; MJ12bot/v1.4.8; http://mj12bot.com/)"
65.108.128.54 - - [01/Jul/2022:01:07:43 +0000] "GET /node/date/2004/06/page/3 HTTP/1.1" 302 154 "-" "Mozilla/5.0 (compatible; MJ12bot/v1.4.8; http://mj12bot.com/)"
65.108.128.54 - - [01/Jul/2022:01:07:45 +0000] "GET /node/date/2004/06/page/3 HTTP/1.1" 301 178 "-" "Mozilla/5.0 (compatible; MJ12bot/v1.4.8; http://mj12bot.com/)"
65.108.128.54 - - [01/Jul/2022:01:07:49 +0000] "GET /node/date/2004/06/page/3/ HTTP/1.1" 200 12329 "-" "Mozilla/5.0 (compatible; MJ12bot/v1.4.8; http://mj12bot.com/)"
65.108.128.54 - - [01/Jul/2022:01:07:52 +0000] "GET /node/date/2004/06/page/4 HTTP/1.1" 302 154 "-" "Mozilla/5.0 (compatible; MJ12bot/v1.4.8; http://mj12bot.com/)"
65.108.128.54 - - [01/Jul/2022:01:07:54 +0000] "GET /node/date/2004/06/page/4 HTTP/1.1" 301 178 "-" "Mozilla/5.0 (compatible; MJ12bot/v1.4.8; http://mj12bot.com/)"
65.108.128.54 - - [01/Jul/2022:01:07:56 +0000] "GET /node/date/2004/06/page/4/ HTTP/1.1" 200 9923 "-" "Mozilla/5.0 (compatible; MJ12bot/v1.4.8; http://mj12bot.com/)"
65.108.128.54 - - [01/Jul/2022:01:07:58 +0000] "GET /node/date/2004/07 HTTP/1.1" 302 154 "-" "Mozilla/5.0 (compatible; MJ12bot/v1.4.8; http://mj12bot.com/)"
65.108.128.54 - - [01/Jul/2022:01:08:00 +0000] "GET /node/date/2004/07 HTTP/1.1" 301 178 "-" "Mozilla/5.0 (compatible; MJ12bot/v1.4.8; http://mj12bot.com/)"
65.108.128.54 - - [01/Jul/2022:01:08:02 +0000] "GET /node/date/2004/07/ HTTP/1.1" 200 12927 "-" "Mozilla/5.0 (compatible; MJ12bot/v1.4.8; http://mj12bot.com/)"
65.108.128.54 - - [01/Jul/2022:01:08:06 +0000] "GET /node/date/2004/08/ HTTP/1.1" 302 154 "-" "Mozilla/5.0 (compatible; MJ12bot/v1.4.8; http://mj12bot.com/)"
65.108.128.54 - - [01/Jul/2022:01:08:08 +0000] "GET /node/date/2004/08/ HTTP/1.1" 200 10239 "-" "Mozilla/5.0 (compatible; MJ12bot/v1.4.8; http://mj12bot.com/)"
65.108.128.54 - - [01/Jul/2022:01:08:09 +0000] "GET /node/date/2004/08/page/2 HTTP/1.1" 302 154 "-" "Mozilla/5.0 (compatible; MJ12bot/v1.4.8; http://mj12bot.com/)"
65.108.128.54 - - [01/Jul/2022:01:08:11 +0000] "GET /node/date/2004/08/page/2 HTTP/1.1" 301 178 "-" "Mozilla/5.0 (compatible; MJ12bot/v1.4.8; http://mj12bot.com/)"
65.108.128.54 - - [01/Jul/2022:01:08:13 +0000] "GET /node/date/2004/08/page/2/ HTTP/1.1" 200 10353 "-" "Mozilla/5.0 (compatible; MJ12bot/v1.4.8; http://mj12bot.com/)"
