114.119.147.81 - - [20/Jun/2022:12:23:53 +0000] "GET /node/tag/iphone-2?ak_action=reject_mobile HTTP/1.1" 302 154 "https://mrchoke.org/node/tag/iphone-2?ak_action=accept_mobile" "Mozilla/5.0 (Linux; Android 7.0;) AppleWebKit/537.36 (KHTML, like Gecko) Mobile Safari/537.36 (compatible; PetalBot;+https://webmaster.petalsearch.com/site/petalbot)"
114.119.147.81 - - [20/Jun/2022:12:23:58 +0000] "GET /node/tag/iphone-2?ak_action=reject_mobile HTTP/1.1" 301 178 "https://mrchoke.org/node/tag/iphone-2?ak_action=accept_mobile" "Mozilla/5.0 (Linux; Android 7.0;) AppleWebKit/537.36 (KHTML, like Gecko) Mobile Safari/537.36 (compatible; PetalBot;+https://webmaster.petalsearch.com/site/petalbot)"
114.119.147.81 - - [20/Jun/2022:12:24:01 +0000] "GET /node/tag/iphone-2/?ak_action=reject_mobile HTTP/1.1" 200 14499 "https://mrchoke.org/node/tag/iphone-2?ak_action=accept_mobile" "Mozilla/5.0 (Linux; Android 7.0;) AppleWebKit/537.36 (KHTML, like Gecko) Mobile Safari/537.36 (compatible; PetalBot;+https://webmaster.petalsearch.com/site/petalbot)"
114.119.147.73 - - [20/Jun/2022:12:25:09 +0000] "GET /node/date/2014/01/page/3 HTTP/1.1" 301 178 "https://static.mrchoke.org/node/date/2014/01/page/2" "Mozilla/5.0 (Linux; Android 7.0;) AppleWebKit/537.36 (KHTML, like Gecko) Mobile Safari/537.36 (compatible; PetalBot;+https://webmaster.petalsearch.com/site/petalbot)"
114.119.147.73 - - [20/Jun/2022:12:25:18 +0000] "GET /node/date/2014/01/page/3/ HTTP/1.1" 200 17529 "https://static.mrchoke.org/node/date/2014/01/page/2" "Mozilla/5.0 (Linux; Android 7.0;) AppleWebKit/537.36 (KHTML, like Gecko) Mobile Safari/537.36 (compatible; PetalBot;+https://webmaster.petalsearch.com/site/petalbot)"
108.59.8.70 - - [20/Jun/2022:12:26:23 +0000] "GET /robots.txt HTTP/1.1" 404 162 "-" "Mozilla/5.0 (compatible; MJ12bot/v1.4.8; http://mj12bot.com/)"
108.59.8.70 - - [20/Jun/2022:12:26:51 +0000] "GET / HTTP/1.1" 200 396 "-" "Mozilla/5.0 (compatible; MJ12bot/v1.4.8; http://mj12bot.com/)"
114.119.147.74 - - [20/Jun/2022:12:26:57 +0000] "GET /node/85 HTTP/1.1" 301 178 "https://mrchoke.org/node/84?share=linkedin" "Mozilla/5.0 (Linux; Android 7.0;) AppleWebKit/537.36 (KHTML, like Gecko) Mobile Safari/537.36 (compatible; PetalBot;+https://webmaster.petalsearch.com/site/petalbot)"
114.119.147.74 - - [20/Jun/2022:12:27:11 +0000] "GET /node/85/ HTTP/1.1" 200 8835 "https://mrchoke.org/node/84?share=linkedin" "Mozilla/5.0 (Linux; Android 7.0;) AppleWebKit/537.36 (KHTML, like Gecko) Mobile Safari/537.36 (compatible; PetalBot;+https://webmaster.petalsearch.com/site/petalbot)"
114.119.147.74 - - [20/Jun/2022:12:28:11 +0000] "GET /node/1657/img_7626 HTTP/1.1" 404 134 "https://mrchoke.org/node/tag/valentine?ak_action=accept_mobile" "Mozilla/5.0 (Linux; Android 7.0;) AppleWebKit/537.36 (KHTML, like Gecko) Mobile Safari/537.36 (compatible; PetalBot;+https://webmaster.petalsearch.com/site/petalbot)"
114.119.147.81 - - [20/Jun/2022:12:29:54 +0000] "GET /node/477?share=linkedin HTTP/1.1" 302 154 "https://mrchoke.org/node/477?replytocom=580&ak_action=accept_mobile" "Mozilla/5.0 (Linux; Android 7.0;) AppleWebKit/537.36 (KHTML, like Gecko) Mobile Safari/537.36 (compatible; PetalBot;+https://webmaster.petalsearch.com/site/petalbot)"
114.119.147.81 - - [20/Jun/2022:12:30:02 +0000] "GET /node/477?share=linkedin HTTP/1.1" 301 178 "https://mrchoke.org/node/477?replytocom=580&ak_action=accept_mobile" "Mozilla/5.0 (Linux; Android 7.0;) AppleWebKit/537.36 (KHTML, like Gecko) Mobile Safari/537.36 (compatible; PetalBot;+https://webmaster.petalsearch.com/site/petalbot)"
114.119.147.81 - - [20/Jun/2022:12:30:09 +0000] "GET /node/477/?share=linkedin HTTP/1.1" 200 9904 "https://mrchoke.org/node/477?replytocom=580&ak_action=accept_mobile" "Mozilla/5.0 (Linux; Android 7.0;) AppleWebKit/537.36 (KHTML, like Gecko) Mobile Safari/537.36 (compatible; PetalBot;+https://webmaster.petalsearch.com/site/petalbot)"
114.119.147.97 - - [20/Jun/2022:12:31:26 +0000] "GET /node/1786/photo-25-2-14-20-19-51?share=twitter HTTP/1.1" 302 154 "https://mrchoke.org/node/1786/photo-25-2-14-20-19-51" "Mozilla/5.0 (Linux; Android 7.0;) AppleWebKit/537.36 (KHTML, like Gecko) Mobile Safari/537.36 (compatible; PetalBot;+https://webmaster.petalsearch.com/site/petalbot)"
114.119.147.97 - - [20/Jun/2022:12:31:35 +0000] "GET /node/1786/photo-25-2-14-20-19-51?share=twitter HTTP/1.1" 301 178 "https://mrchoke.org/node/1786/photo-25-2-14-20-19-51" "Mozilla/5.0 (Linux; Android 7.0;) AppleWebKit/537.36 (KHTML, like Gecko) Mobile Safari/537.36 (compatible; PetalBot;+https://webmaster.petalsearch.com/site/petalbot)"
114.119.147.97 - - [20/Jun/2022:12:31:42 +0000] "GET /node/1786/photo-25-2-14-20-19-51/?share=twitter HTTP/1.1" 200 7931 "https://mrchoke.org/node/1786/photo-25-2-14-20-19-51" "Mozilla/5.0 (Linux; Android 7.0;) AppleWebKit/537.36 (KHTML, like Gecko) Mobile Safari/537.36 (compatible; PetalBot;+https://webmaster.petalsearch.com/site/petalbot)"
114.119.147.75 - - [20/Jun/2022:12:33:59 +0000] "GET /node/453?share=reddit HTTP/1.1" 302 154 "https://mrchoke.org/node/453" "Mozilla/5.0 (Linux; Android 7.0;) AppleWebKit/537.36 (KHTML, like Gecko) Mobile Safari/537.36 (compatible; PetalBot;+https://webmaster.petalsearch.com/site/petalbot)"
114.119.147.75 - - [20/Jun/2022:12:33:59 +0000] "GET /node/453?share=reddit HTTP/1.1" 301 178 "https://mrchoke.org/node/453" "Mozilla/5.0 (Linux; Android 7.0;) AppleWebKit/537.36 (KHTML, like Gecko) Mobile Safari/537.36 (compatible; PetalBot;+https://webmaster.petalsearch.com/site/petalbot)"
114.119.147.75 - - [20/Jun/2022:12:33:59 +0000] "GET /node/453/?share=reddit HTTP/1.1" 200 8908 "https://mrchoke.org/node/453" "Mozilla/5.0 (Linux; Android 7.0;) AppleWebKit/537.36 (KHTML, like Gecko) Mobile Safari/537.36 (compatible; PetalBot;+https://webmaster.petalsearch.com/site/petalbot)"
114.119.147.81 - - [20/Jun/2022:12:35:39 +0000] "GET /node/312?share=twitter HTTP/1.1" 302 154 "https://mrchoke.org/node/312?replytocom=320&ak_action=accept_mobile" "Mozilla/5.0 (Linux; Android 7.0;) AppleWebKit/537.36 (KHTML, like Gecko) Mobile Safari/537.36 (compatible; PetalBot;+https://webmaster.petalsearch.com/site/petalbot)"
114.119.147.81 - - [20/Jun/2022:12:35:39 +0000] "GET /node/312?share=twitter HTTP/1.1" 301 178 "https://mrchoke.org/node/312?replytocom=320&ak_action=accept_mobile" "Mozilla/5.0 (Linux; Android 7.0;) AppleWebKit/537.36 (KHTML, like Gecko) Mobile Safari/537.36 (compatible; PetalBot;+https://webmaster.petalsearch.com/site/petalbot)"
114.119.147.81 - - [20/Jun/2022:12:35:39 +0000] "GET /node/312/?share=twitter HTTP/1.1" 200 9083 "https://mrchoke.org/node/312?replytocom=320&ak_action=accept_mobile" "Mozilla/5.0 (Linux; Android 7.0;) AppleWebKit/537.36 (KHTML, like Gecko) Mobile Safari/537.36 (compatible; PetalBot;+https://webmaster.petalsearch.com/site/petalbot)"
114.119.147.75 - - [20/Jun/2022:12:36:27 +0000] "GET /node/441?share=reddit HTTP/1.1" 302 154 "https://mrchoke.org/node/441?ak_action=accept_mobile" "Mozilla/5.0 (Linux; Android 7.0;) AppleWebKit/537.36 (KHTML, like Gecko) Mobile Safari/537.36 (compatible; PetalBot;+https://webmaster.petalsearch.com/site/petalbot)"
114.119.147.75 - - [20/Jun/2022:12:36:29 +0000] "GET /node/441?share=reddit HTTP/1.1" 301 178 "https://mrchoke.org/node/441?ak_action=accept_mobile" "Mozilla/5.0 (Linux; Android 7.0;) AppleWebKit/537.36 (KHTML, like Gecko) Mobile Safari/537.36 (compatible; PetalBot;+https://webmaster.petalsearch.com/site/petalbot)"
114.119.147.75 - - [20/Jun/2022:12:36:31 +0000] "GET /node/441/?share=reddit HTTP/1.1" 200 7969 "https://mrchoke.org/node/441?ak_action=accept_mobile" "Mozilla/5.0 (Linux; Android 7.0;) AppleWebKit/537.36 (KHTML, like Gecko) Mobile Safari/537.36 (compatible; PetalBot;+https://webmaster.petalsearch.com/site/petalbot)"
51.222.253.7 - - [20/Jun/2022:12:37:38 +0000] "GET /node/865/ch7_3234/ HTTP/2.0" 200 7869 "-" "Mozilla/5.0 (compatible; AhrefsBot/7.0; +http://ahrefs.com/robot/)"
114.119.147.81 - - [20/Jun/2022:12:38:57 +0000] "GET /node/50 HTTP/1.1" 302 154 "https://mrchoke.org/node/49?ak_action=reject_mobile" "Mozilla/5.0 (Linux; Android 7.0;) AppleWebKit/537.36 (KHTML, like Gecko) Mobile Safari/537.36 (compatible; PetalBot;+https://webmaster.petalsearch.com/site/petalbot)"
114.119.147.81 - - [20/Jun/2022:12:39:00 +0000] "GET /node/50 HTTP/1.1" 301 178 "https://mrchoke.org/node/49?ak_action=reject_mobile" "Mozilla/5.0 (Linux; Android 7.0;) AppleWebKit/537.36 (KHTML, like Gecko) Mobile Safari/537.36 (compatible; PetalBot;+https://webmaster.petalsearch.com/site/petalbot)"
114.119.147.81 - - [20/Jun/2022:12:39:08 +0000] "GET /node/50/ HTTP/1.1" 200 8551 "https://mrchoke.org/node/49?ak_action=reject_mobile" "Mozilla/5.0 (Linux; Android 7.0;) AppleWebKit/537.36 (KHTML, like Gecko) Mobile Safari/537.36 (compatible; PetalBot;+https://webmaster.petalsearch.com/site/petalbot)"
114.119.147.74 - - [20/Jun/2022:12:40:34 +0000] "GET /node/date/2006/09/02 HTTP/1.1" 302 154 "https://mrchoke.org/node/26?share=twitter" "Mozilla/5.0 (Linux; Android 7.0;) AppleWebKit/537.36 (KHTML, like Gecko) Mobile Safari/537.36 (compatible; PetalBot;+https://webmaster.petalsearch.com/site/petalbot)"
114.119.147.74 - - [20/Jun/2022:12:40:40 +0000] "GET /node/date/2006/09/02 HTTP/1.1" 301 178 "https://mrchoke.org/node/26?share=twitter" "Mozilla/5.0 (Linux; Android 7.0;) AppleWebKit/537.36 (KHTML, like Gecko) Mobile Safari/537.36 (compatible; PetalBot;+https://webmaster.petalsearch.com/site/petalbot)"
114.119.147.74 - - [20/Jun/2022:12:40:51 +0000] "GET /node/date/2006/09/02/ HTTP/1.1" 200 9720 "https://mrchoke.org/node/26?share=twitter" "Mozilla/5.0 (Linux; Android 7.0;) AppleWebKit/537.36 (KHTML, like Gecko) Mobile Safari/537.36 (compatible; PetalBot;+https://webmaster.petalsearch.com/site/petalbot)"
114.119.147.74 - - [20/Jun/2022:12:42:09 +0000] "GET /node/category/compiz/ HTTP/1.1" 302 154 "https://mrchoke.org/node/category/compiz/page/2?ak_action=reject_mobile" "Mozilla/5.0 (Linux; Android 7.0;) AppleWebKit/537.36 (KHTML, like Gecko) Mobile Safari/537.36 (compatible; PetalBot;+https://webmaster.petalsearch.com/site/petalbot)"
114.119.147.74 - - [20/Jun/2022:12:42:15 +0000] "GET /node/category/compiz/ HTTP/1.1" 200 13812 "https://mrchoke.org/node/category/compiz/page/2?ak_action=reject_mobile" "Mozilla/5.0 (Linux; Android 7.0;) AppleWebKit/537.36 (KHTML, like Gecko) Mobile Safari/537.36 (compatible; PetalBot;+https://webmaster.petalsearch.com/site/petalbot)"
66.249.71.28 - - [20/Jun/2022:12:42:30 +0000] "GET /node/1731 HTTP/1.1" 301 178 "-" "Mozilla/5.0 (Linux; Android 6.0.1; Nexus 5X Build/MMB29P) AppleWebKit/537.36 (KHTML, like Gecko) Chrome/102.0.5005.115 Mobile Safari/537.36 (compatible; Googlebot/2.1; +http://www.google.com/bot.html)"
66.249.79.243 - - [20/Jun/2022:12:42:32 +0000] "GET /node/1731/ HTTP/1.1" 200 11413 "-" "Mozilla/5.0 (Linux; Android 6.0.1; Nexus 5X Build/MMB29P) AppleWebKit/537.36 (KHTML, like Gecko) Chrome/102.0.5005.115 Mobile Safari/537.36 (compatible; Googlebot/2.1; +http://www.google.com/bot.html)"
114.119.147.74 - - [20/Jun/2022:12:43:46 +0000] "GET /node/58?share=linkedin HTTP/1.1" 302 154 "https://mrchoke.org/node/58?ak_action=accept_mobile" "Mozilla/5.0 (Linux; Android 7.0;) AppleWebKit/537.36 (KHTML, like Gecko) Mobile Safari/537.36 (compatible; PetalBot;+https://webmaster.petalsearch.com/site/petalbot)"
114.119.147.74 - - [20/Jun/2022:12:43:51 +0000] "GET /node/58?share=linkedin HTTP/1.1" 301 178 "https://mrchoke.org/node/58?ak_action=accept_mobile" "Mozilla/5.0 (Linux; Android 7.0;) AppleWebKit/537.36 (KHTML, like Gecko) Mobile Safari/537.36 (compatible; PetalBot;+https://webmaster.petalsearch.com/site/petalbot)"
114.119.147.74 - - [20/Jun/2022:12:43:56 +0000] "GET /node/58/?share=linkedin HTTP/1.1" 200 8874 "https://mrchoke.org/node/58?ak_action=accept_mobile" "Mozilla/5.0 (Linux; Android 7.0;) AppleWebKit/537.36 (KHTML, like Gecko) Mobile Safari/537.36 (compatible; PetalBot;+https://webmaster.petalsearch.com/site/petalbot)"
216.244.66.229 - - [20/Jun/2022:12:43:56 +0000] "GET /robots.txt HTTP/1.1" 404 162 "-" "Mozilla/5.0 (compatible; DotBot/1.2; +https://opensiteexplorer.org/dotbot; help@moz.com)"
114.119.147.73 - - [20/Jun/2022:12:46:01 +0000] "GET /node/date/2006/10/page/8 HTTP/1.1" 301 178 "https://static.mrchoke.org/node/date/2006/10/page/9" "Mozilla/5.0 (Linux; Android 7.0;) AppleWebKit/537.36 (KHTML, like Gecko) Mobile Safari/537.36 (compatible; PetalBot;+https://webmaster.petalsearch.com/site/petalbot)"
114.119.147.73 - - [20/Jun/2022:12:46:09 +0000] "GET /node/date/2006/10/page/8/ HTTP/1.1" 200 12594 "https://static.mrchoke.org/node/date/2006/10/page/9" "Mozilla/5.0 (Linux; Android 7.0;) AppleWebKit/537.36 (KHTML, like Gecko) Mobile Safari/537.36 (compatible; PetalBot;+https://webmaster.petalsearch.com/site/petalbot)"
216.244.66.229 - - [20/Jun/2022:12:47:24 +0000] "GET /node/351?share=google-plus-1 HTTP/1.1" 404 162 "-" "Mozilla/5.0 (compatible; DotBot/1.2; +https://opensiteexplorer.org/dotbot; help@moz.com)"
114.119.147.81 - - [20/Jun/2022:12:48:11 +0000] "GET /node/category/webpage/page/2 HTTP/1.1" 302 154 "https://mrchoke.org/node/category/webpage" "Mozilla/5.0 (Linux; Android 7.0;) AppleWebKit/537.36 (KHTML, like Gecko) Mobile Safari/537.36 (compatible; PetalBot;+https://webmaster.petalsearch.com/site/petalbot)"
114.119.147.81 - - [20/Jun/2022:12:48:23 +0000] "GET /node/category/webpage/page/2 HTTP/1.1" 301 178 "https://mrchoke.org/node/category/webpage" "Mozilla/5.0 (Linux; Android 7.0;) AppleWebKit/537.36 (KHTML, like Gecko) Mobile Safari/537.36 (compatible; PetalBot;+https://webmaster.petalsearch.com/site/petalbot)"
114.119.147.81 - - [20/Jun/2022:12:48:35 +0000] "GET /node/category/webpage/page/2/ HTTP/1.1" 200 8201 "https://mrchoke.org/node/category/webpage" "Mozilla/5.0 (Linux; Android 7.0;) AppleWebKit/537.36 (KHTML, like Gecko) Mobile Safari/537.36 (compatible; PetalBot;+https://webmaster.petalsearch.com/site/petalbot)"
114.119.147.97 - - [20/Jun/2022:12:49:33 +0000] "GET /node/1255/img_6804?share=linkedin HTTP/1.1" 302 154 "https://mrchoke.org/node/1255/img_6804?ak_action=accept_mobile" "Mozilla/5.0 (Linux; Android 7.0;) AppleWebKit/537.36 (KHTML, like Gecko) Mobile Safari/537.36 (compatible; PetalBot;+https://webmaster.petalsearch.com/site/petalbot)"
114.119.147.97 - - [20/Jun/2022:12:49:58 +0000] "GET /node/1255/img_6804?share=linkedin HTTP/1.1" 301 178 "https://mrchoke.org/node/1255/img_6804?ak_action=accept_mobile" "Mozilla/5.0 (Linux; Android 7.0;) AppleWebKit/537.36 (KHTML, like Gecko) Mobile Safari/537.36 (compatible; PetalBot;+https://webmaster.petalsearch.com/site/petalbot)"
114.119.147.97 - - [20/Jun/2022:12:50:38 +0000] "GET /node/835?ak_action=accept_mobile HTTP/1.1" 302 154 "https://mrchoke.org/node/835?ak_action=reject_mobile" "Mozilla/5.0 (Linux; Android 7.0;) AppleWebKit/537.36 (KHTML, like Gecko) Mobile Safari/537.36 (compatible; PetalBot;+https://webmaster.petalsearch.com/site/petalbot)"
114.119.147.97 - - [20/Jun/2022:12:50:45 +0000] "GET /node/835?ak_action=accept_mobile HTTP/1.1" 301 178 "https://mrchoke.org/node/835?ak_action=reject_mobile" "Mozilla/5.0 (Linux; Android 7.0;) AppleWebKit/537.36 (KHTML, like Gecko) Mobile Safari/537.36 (compatible; PetalBot;+https://webmaster.petalsearch.com/site/petalbot)"
114.119.147.97 - - [20/Jun/2022:12:50:53 +0000] "GET /node/835/?ak_action=accept_mobile HTTP/1.1" 200 9602 "https://mrchoke.org/node/835?ak_action=reject_mobile" "Mozilla/5.0 (Linux; Android 7.0;) AppleWebKit/537.36 (KHTML, like Gecko) Mobile Safari/537.36 (compatible; PetalBot;+https://webmaster.petalsearch.com/site/petalbot)"
20.111.10.151 - - [20/Jun/2022:12:50:58 +0000] "GET / HTTP/1.1" 200 612 "-" "Mozilla/5.0 (Windows NT 10.0; Win64; x64) AppleWebKit/537.36 (KHTML, like Gecko) Chrome/95.0.4638.69 Safari/537.36"
20.111.10.151 - - [20/Jun/2022:12:50:58 +0000] "GET /wp-includes/ID3/license.txt HTTP/1.1" 404 564 "-" "Mozilla/5.0 (Windows NT 10.0; Win64; x64) AppleWebKit/537.36 (KHTML, like Gecko) Chrome/95.0.4638.69 Safari/537.36"
20.111.10.151 - - [20/Jun/2022:12:50:59 +0000] "GET /feed/ HTTP/1.1" 404 564 "-" "Mozilla/5.0 (Windows NT 10.0; Win64; x64) AppleWebKit/537.36 (KHTML, like Gecko) Chrome/95.0.4638.69 Safari/537.36"
20.111.10.151 - - [20/Jun/2022:12:50:59 +0000] "GET /xmlrpc.php?rsd HTTP/1.1" 404 564 "-" "Mozilla/5.0 (Windows NT 10.0; Win64; x64) AppleWebKit/537.36 (KHTML, like Gecko) Chrome/95.0.4638.69 Safari/537.36"
20.111.10.151 - - [20/Jun/2022:12:51:00 +0000] "GET /blog/wp-includes/wlwmanifest.xml HTTP/1.1" 404 564 "-" "Mozilla/5.0 (Windows NT 10.0; Win64; x64) AppleWebKit/537.36 (KHTML, like Gecko) Chrome/95.0.4638.69 Safari/537.36"
20.111.10.151 - - [20/Jun/2022:12:51:00 +0000] "GET /web/wp-includes/wlwmanifest.xml HTTP/1.1" 404 564 "-" "Mozilla/5.0 (Windows NT 10.0; Win64; x64) AppleWebKit/537.36 (KHTML, like Gecko) Chrome/95.0.4638.69 Safari/537.36"
20.111.10.151 - - [20/Jun/2022:12:51:01 +0000] "GET /wordpress/wp-includes/wlwmanifest.xml HTTP/1.1" 404 564 "-" "Mozilla/5.0 (Windows NT 10.0; Win64; x64) AppleWebKit/537.36 (KHTML, like Gecko) Chrome/95.0.4638.69 Safari/537.36"
20.111.10.151 - - [20/Jun/2022:12:51:01 +0000] "GET /wp/wp-includes/wlwmanifest.xml HTTP/1.1" 404 564 "-" "Mozilla/5.0 (Windows NT 10.0; Win64; x64) AppleWebKit/537.36 (KHTML, like Gecko) Chrome/95.0.4638.69 Safari/537.36"
20.111.10.151 - - [20/Jun/2022:12:51:02 +0000] "GET /2020/wp-includes/wlwmanifest.xml HTTP/1.1" 404 564 "-" "Mozilla/5.0 (Windows NT 10.0; Win64; x64) AppleWebKit/537.36 (KHTML, like Gecko) Chrome/95.0.4638.69 Safari/537.36"
20.111.10.151 - - [20/Jun/2022:12:51:03 +0000] "GET /2019/wp-includes/wlwmanifest.xml HTTP/1.1" 404 564 "-" "Mozilla/5.0 (Windows NT 10.0; Win64; x64) AppleWebKit/537.36 (KHTML, like Gecko) Chrome/95.0.4638.69 Safari/537.36"
20.111.10.151 - - [20/Jun/2022:12:51:03 +0000] "GET /2021/wp-includes/wlwmanifest.xml HTTP/1.1" 404 564 "-" "Mozilla/5.0 (Windows NT 10.0; Win64; x64) AppleWebKit/537.36 (KHTML, like Gecko) Chrome/95.0.4638.69 Safari/537.36"
20.111.10.151 - - [20/Jun/2022:12:51:04 +0000] "GET /shop/wp-includes/wlwmanifest.xml HTTP/1.1" 404 564 "-" "Mozilla/5.0 (Windows NT 10.0; Win64; x64) AppleWebKit/537.36 (KHTML, like Gecko) Chrome/95.0.4638.69 Safari/537.36"
20.111.10.151 - - [20/Jun/2022:12:51:04 +0000] "GET /wp1/wp-includes/wlwmanifest.xml HTTP/1.1" 404 564 "-" "Mozilla/5.0 (Windows NT 10.0; Win64; x64) AppleWebKit/537.36 (KHTML, like Gecko) Chrome/95.0.4638.69 Safari/537.36"
20.111.10.151 - - [20/Jun/2022:12:51:05 +0000] "GET /test/wp-includes/wlwmanifest.xml HTTP/1.1" 404 564 "-" "Mozilla/5.0 (Windows NT 10.0; Win64; x64) AppleWebKit/537.36 (KHTML, like Gecko) Chrome/95.0.4638.69 Safari/537.36"
20.111.10.151 - - [20/Jun/2022:12:51:05 +0000] "GET /site/wp-includes/wlwmanifest.xml HTTP/1.1" 404 564 "-" "Mozilla/5.0 (Windows NT 10.0; Win64; x64) AppleWebKit/537.36 (KHTML, like Gecko) Chrome/95.0.4638.69 Safari/537.36"
20.111.10.151 - - [20/Jun/2022:12:51:06 +0000] "GET /cms/wp-includes/wlwmanifest.xml HTTP/1.1" 404 564 "-" "Mozilla/5.0 (Windows NT 10.0; Win64; x64) AppleWebKit/537.36 (KHTML, like Gecko) Chrome/95.0.4638.69 Safari/537.36"
20.111.10.151 - - [20/Jun/2022:12:51:06 +0000] "" 400 0 "-" "-"
100.20.64.67 - - [20/Jun/2022:12:52:00 +0000] "GET /wp-content/uploads/2013/12/Screenshot-2013-12-06-17.04.38.png HTTP/1.1" 200 110257 "-" "Mozilla/5.0 (X11; Ubuntu; Linux x86_64; rv:72.0) Gecko/20100101 Firefox/72.0"
66.249.71.25 - - [20/Jun/2022:12:52:39 +0000] "GET /node/date/2006/10/22/page/2/ HTTP/1.1" 200 12024 "-" "Mozilla/5.0 (Linux; Android 6.0.1; Nexus 5X Build/MMB29P) AppleWebKit/537.36 (KHTML, like Gecko) Chrome/102.0.5005.115 Mobile Safari/537.36 (compatible; Googlebot/2.1; +http://www.google.com/bot.html)"
114.119.147.86 - - [20/Jun/2022:12:53:07 +0000] "GET /node/date/2005/07/20 HTTP/1.1" 302 154 "https://mrchoke.org/node/501?share=reddit" "Mozilla/5.0 (Linux; Android 7.0;) AppleWebKit/537.36 (KHTML, like Gecko) Mobile Safari/537.36 (compatible; PetalBot;+https://webmaster.petalsearch.com/site/petalbot)"
216.244.66.229 - - [20/Jun/2022:12:53:10 +0000] "GET /node/115/?share=google-plus-1 HTTP/1.1" 404 162 "-" "Mozilla/5.0 (compatible; DotBot/1.2; +https://opensiteexplorer.org/dotbot; help@moz.com)"
216.244.66.229 - - [20/Jun/2022:12:53:14 +0000] "GET /node/198/?share=google-plus-1 HTTP/1.1" 404 162 "-" "Mozilla/5.0 (compatible; DotBot/1.2; +https://opensiteexplorer.org/dotbot; help@moz.com)"
216.244.66.229 - - [20/Jun/2022:12:53:18 +0000] "GET /node/31/?share=google-plus-1 HTTP/1.1" 404 162 "-" "Mozilla/5.0 (compatible; DotBot/1.2; +https://opensiteexplorer.org/dotbot; help@moz.com)"
128.135.221.175 - - [20/Jun/2022:12:54:33 +0000] "GET /wp-content/uploads/2012/04/wordpress-logo-stacked-rgb-300x186.png HTTP/1.1" 200 21012 "-" "Mozilla/5.0 (X11; Ubuntu; Linux x86_64; rv:72.0) Gecko/20100101 Firefox/72.0"
114.119.147.97 - - [20/Jun/2022:12:54:42 +0000] "GET /node/339?ak_action=accept_mobile HTTP/1.1" 302 154 "https://mrchoke.org/node/339?replytocom=408&ak_action=reject_mobile" "Mozilla/5.0 (Linux; Android 7.0;) AppleWebKit/537.36 (KHTML, like Gecko) Mobile Safari/537.36 (compatible; PetalBot;+https://webmaster.petalsearch.com/site/petalbot)"
35.203.59.188 - - [20/Jun/2022:12:55:32 +0000] "\x16\x03\x01\x00M\x01\x00\x00I\x03\x03\x5C\xF07\xF3\x1DI\x13\x1E\xC5d|\xEFH\x8C\x81|x\xED\xDAB\xB7\xFC\x84WIb 8l%D\x89 \xC6nU\xFC\x18\xAD" 400 166 "-" "-"
35.203.59.188 - - [20/Jun/2022:12:55:36 +0000] "OPTIONS / HTTP/1.0" 405 166 "-" "-"
114.119.147.75 - - [20/Jun/2022:12:56:15 +0000] "GET /node/232 HTTP/1.1" 404 134 "http://www.mrchoke.org/node/category/tiger" "Mozilla/5.0 (Linux; Android 7.0;) AppleWebKit/537.36 (KHTML, like Gecko) Mobile Safari/537.36 (compatible; PetalBot;+https://webmaster.petalsearch.com/site/petalbot)"
114.119.147.81 - - [20/Jun/2022:12:57:22 +0000] "GET /node/category/tlwg?ak_action=accept_mobile HTTP/1.1" 302 154 "https://mrchoke.org/node/category/tlwg?ak_action=reject_mobile" "Mozilla/5.0 (Linux; Android 7.0;) AppleWebKit/537.36 (KHTML, like Gecko) Mobile Safari/537.36 (compatible; PetalBot;+https://webmaster.petalsearch.com/site/petalbot)"
114.119.147.81 - - [20/Jun/2022:12:57:26 +0000] "GET /node/category/tlwg?ak_action=accept_mobile HTTP/1.1" 301 178 "https://mrchoke.org/node/category/tlwg?ak_action=reject_mobile" "Mozilla/5.0 (Linux; Android 7.0;) AppleWebKit/537.36 (KHTML, like Gecko) Mobile Safari/537.36 (compatible; PetalBot;+https://webmaster.petalsearch.com/site/petalbot)"
114.119.147.81 - - [20/Jun/2022:12:57:31 +0000] "GET /node/category/tlwg/?ak_action=accept_mobile HTTP/1.1" 200 7956 "https://mrchoke.org/node/category/tlwg?ak_action=reject_mobile" "Mozilla/5.0 (Linux; Android 7.0;) AppleWebKit/537.36 (KHTML, like Gecko) Mobile Safari/537.36 (compatible; PetalBot;+https://webmaster.petalsearch.com/site/petalbot)"
216.244.66.229 - - [20/Jun/2022:12:57:38 +0000] "GET /node/186 HTTP/1.1" 404 162 "-" "Mozilla/5.0 (compatible; DotBot/1.2; +https://opensiteexplorer.org/dotbot; help@moz.com)"
216.244.66.229 - - [20/Jun/2022:12:57:41 +0000] "GET /node/358/ HTTP/1.1" 404 162 "-" "Mozilla/5.0 (compatible; DotBot/1.2; +https://opensiteexplorer.org/dotbot; help@moz.com)"
216.244.66.229 - - [20/Jun/2022:12:57:44 +0000] "GET /node/395/ HTTP/1.1" 404 162 "-" "Mozilla/5.0 (compatible; DotBot/1.2; +https://opensiteexplorer.org/dotbot; help@moz.com)"
216.244.66.229 - - [20/Jun/2022:12:57:47 +0000] "GET /wp-content/uploads/2014/03/20140301-224301.jpg HTTP/1.1" 404 162 "-" "Mozilla/5.0 (compatible; DotBot/1.2; +https://opensiteexplorer.org/dotbot; help@moz.com)"
114.119.147.73 - - [20/Jun/2022:12:59:11 +0000] "GET /node/45?share=twitter HTTP/1.1" 302 154 "https://mrchoke.org/node/45?ak_action=accept_mobile" "Mozilla/5.0 (Linux; Android 7.0;) AppleWebKit/537.36 (KHTML, like Gecko) Mobile Safari/537.36 (compatible; PetalBot;+https://webmaster.petalsearch.com/site/petalbot)"
114.119.147.73 - - [20/Jun/2022:12:59:15 +0000] "GET /node/45?share=twitter HTTP/1.1" 301 178 "https://mrchoke.org/node/45?ak_action=accept_mobile" "Mozilla/5.0 (Linux; Android 7.0;) AppleWebKit/537.36 (KHTML, like Gecko) Mobile Safari/537.36 (compatible; PetalBot;+https://webmaster.petalsearch.com/site/petalbot)"
114.119.147.73 - - [20/Jun/2022:12:59:26 +0000] "GET /node/45/?share=twitter HTTP/1.1" 200 8852 "https://mrchoke.org/node/45?ak_action=accept_mobile" "Mozilla/5.0 (Linux; Android 7.0;) AppleWebKit/537.36 (KHTML, like Gecko) Mobile Safari/537.36 (compatible; PetalBot;+https://webmaster.petalsearch.com/site/petalbot)"
185.191.171.41 - - [20/Jun/2022:13:00:33 +0000] "GET /robots.txt HTTP/1.1" 404 134 "-" "Mozilla/5.0 (compatible; SemrushBot/7~bl; +http://www.semrush.com/bot.html)"
185.191.171.6 - - [20/Jun/2022:13:00:34 +0000] "GET /node/category/music/%E0%B9%80%E0%B8%9E%E0%B8%A5%E0%B8%87%E0%B9%83%E0%B8%95%E0%B9%89/%E0%B8%94%E0%B9%89%E0%B8%B2%E0%B8%A1%E0%B8%82%E0%B8%A7%E0%B8%B2%E0%B8%99 HTTP/1.1" 404 134 "-" "Mozilla/5.0 (compatible; SemrushBot/7~bl; +http://www.semrush.com/bot.html)"
114.119.147.74 - - [20/Jun/2022:13:00:56 +0000] "GET /node/457 HTTP/1.1" 302 154 "https://mrchoke.org/node/457?ak_action=accept_mobile" "Mozilla/5.0 (Linux; Android 7.0;) AppleWebKit/537.36 (KHTML, like Gecko) Mobile Safari/537.36 (compatible; PetalBot;+https://webmaster.petalsearch.com/site/petalbot)"
114.119.147.74 - - [20/Jun/2022:13:01:02 +0000] "GET /node/457 HTTP/1.1" 301 178 "https://mrchoke.org/node/457?ak_action=accept_mobile" "Mozilla/5.0 (Linux; Android 7.0;) AppleWebKit/537.36 (KHTML, like Gecko) Mobile Safari/537.36 (compatible; PetalBot;+https://webmaster.petalsearch.com/site/petalbot)"
114.119.147.74 - - [20/Jun/2022:13:01:08 +0000] "GET /node/457/ HTTP/1.1" 200 9717 "https://mrchoke.org/node/457?ak_action=accept_mobile" "Mozilla/5.0 (Linux; Android 7.0;) AppleWebKit/537.36 (KHTML, like Gecko) Mobile Safari/537.36 (compatible; PetalBot;+https://webmaster.petalsearch.com/site/petalbot)"
185.191.171.42 - - [20/Jun/2022:13:02:39 +0000] "GET /node/624 HTTP/1.1" 301 178 "-" "Mozilla/5.0 (compatible; SemrushBot/7~bl; +http://www.semrush.com/bot.html)"
185.191.171.43 - - [20/Jun/2022:13:02:41 +0000] "GET /node/624/ HTTP/1.1" 200 8251 "-" "Mozilla/5.0 (compatible; SemrushBot/7~bl; +http://www.semrush.com/bot.html)"
114.119.147.74 - - [20/Jun/2022:13:03:12 +0000] "GET /node/category/ads?ak_action=reject_mobile HTTP/1.1" 302 154 "https://mrchoke.org/node/category/ads" "Mozilla/5.0 (Linux; Android 7.0;) AppleWebKit/537.36 (KHTML, like Gecko) Mobile Safari/537.36 (compatible; PetalBot;+https://webmaster.petalsearch.com/site/petalbot)"
114.119.147.73 - - [20/Jun/2022:13:04:59 +0000] "GET /node/379?share=linkedin HTTP/1.1" 302 154 "https://mrchoke.org/node/379?replytocom=474" "Mozilla/5.0 (Linux; Android 7.0;) AppleWebKit/537.36 (KHTML, like Gecko) Mobile Safari/537.36 (compatible; PetalBot;+https://webmaster.petalsearch.com/site/petalbot)"
114.119.147.73 - - [20/Jun/2022:13:05:08 +0000] "GET /node/379?share=linkedin HTTP/1.1" 301 178 "https://mrchoke.org/node/379?replytocom=474" "Mozilla/5.0 (Linux; Android 7.0;) AppleWebKit/537.36 (KHTML, like Gecko) Mobile Safari/537.36 (compatible; PetalBot;+https://webmaster.petalsearch.com/site/petalbot)"
114.119.147.73 - - [20/Jun/2022:13:06:05 +0000] "GET /node/1504/ch7_3659 HTTP/1.1" 302 154 "https://mrchoke.org/node/1504/img_7457" "Mozilla/5.0 (Linux; Android 7.0;) AppleWebKit/537.36 (KHTML, like Gecko) Mobile Safari/537.36 (compatible; PetalBot;+https://webmaster.petalsearch.com/site/petalbot)"
114.119.147.73 - - [20/Jun/2022:13:06:13 +0000] "GET /node/1504/ch7_3659 HTTP/1.1" 301 178 "https://mrchoke.org/node/1504/img_7457" "Mozilla/5.0 (Linux; Android 7.0;) AppleWebKit/537.36 (KHTML, like Gecko) Mobile Safari/537.36 (compatible; PetalBot;+https://webmaster.petalsearch.com/site/petalbot)"
114.119.147.73 - - [20/Jun/2022:13:06:24 +0000] "GET /node/1504/ch7_3659/ HTTP/1.1" 200 8023 "https://mrchoke.org/node/1504/img_7457" "Mozilla/5.0 (Linux; Android 7.0;) AppleWebKit/537.36 (KHTML, like Gecko) Mobile Safari/537.36 (compatible; PetalBot;+https://webmaster.petalsearch.com/site/petalbot)"
114.119.147.74 - - [20/Jun/2022:13:08:29 +0000] "GET /node/511?ak_action=accept_mobile HTTP/1.1" 302 154 "https://mrchoke.org/node/511?ak_action=reject_mobile" "Mozilla/5.0 (Linux; Android 7.0;) AppleWebKit/537.36 (KHTML, like Gecko) Mobile Safari/537.36 (compatible; PetalBot;+https://webmaster.petalsearch.com/site/petalbot)"
114.119.147.74 - - [20/Jun/2022:13:08:40 +0000] "GET /node/511?ak_action=accept_mobile HTTP/1.1" 301 178 "https://mrchoke.org/node/511?ak_action=reject_mobile" "Mozilla/5.0 (Linux; Android 7.0;) AppleWebKit/537.36 (KHTML, like Gecko) Mobile Safari/537.36 (compatible; PetalBot;+https://webmaster.petalsearch.com/site/petalbot)"
114.119.147.74 - - [20/Jun/2022:13:08:52 +0000] "GET /node/511/?ak_action=accept_mobile HTTP/1.1" 200 9136 "https://mrchoke.org/node/511?ak_action=reject_mobile" "Mozilla/5.0 (Linux; Android 7.0;) AppleWebKit/537.36 (KHTML, like Gecko) Mobile Safari/537.36 (compatible; PetalBot;+https://webmaster.petalsearch.com/site/petalbot)"
114.119.147.97 - - [20/Jun/2022:13:10:07 +0000] "GET /node/1101 HTTP/1.1" 302 154 "https://mrchoke.org/node/1101/ch7_3350_01?share=reddit" "Mozilla/5.0 (Linux; Android 7.0;) AppleWebKit/537.36 (KHTML, like Gecko) Mobile Safari/537.36 (compatible; PetalBot;+https://webmaster.petalsearch.com/site/petalbot)"
114.119.147.97 - - [20/Jun/2022:13:10:16 +0000] "GET /node/1101 HTTP/1.1" 301 178 "https://mrchoke.org/node/1101/ch7_3350_01?share=reddit" "Mozilla/5.0 (Linux; Android 7.0;) AppleWebKit/537.36 (KHTML, like Gecko) Mobile Safari/537.36 (compatible; PetalBot;+https://webmaster.petalsearch.com/site/petalbot)"
114.119.147.97 - - [20/Jun/2022:13:10:25 +0000] "GET /node/1101/ HTTP/1.1" 200 10676 "https://mrchoke.org/node/1101/ch7_3350_01?share=reddit" "Mozilla/5.0 (Linux; Android 7.0;) AppleWebKit/537.36 (KHTML, like Gecko) Mobile Safari/537.36 (compatible; PetalBot;+https://webmaster.petalsearch.com/site/petalbot)"
114.119.147.81 - - [20/Jun/2022:13:11:01 +0000] "GET /node/302?share=linkedin&nb=1 HTTP/1.1" 302 154 "https://mrchoke.org/node/302" "Mozilla/5.0 (Linux; Android 7.0;) AppleWebKit/537.36 (KHTML, like Gecko) Mobile Safari/537.36 (compatible; PetalBot;+https://webmaster.petalsearch.com/site/petalbot)"
114.119.147.81 - - [20/Jun/2022:13:11:01 +0000] "GET /node/302?share=linkedin&nb=1 HTTP/1.1" 301 178 "https://mrchoke.org/node/302" "Mozilla/5.0 (Linux; Android 7.0;) AppleWebKit/537.36 (KHTML, like Gecko) Mobile Safari/537.36 (compatible; PetalBot;+https://webmaster.petalsearch.com/site/petalbot)"
114.119.147.81 - - [20/Jun/2022:13:11:02 +0000] "GET /node/302/?share=linkedin&nb=1 HTTP/1.1" 200 8890 "https://mrchoke.org/node/302" "Mozilla/5.0 (Linux; Android 7.0;) AppleWebKit/537.36 (KHTML, like Gecko) Mobile Safari/537.36 (compatible; PetalBot;+https://webmaster.petalsearch.com/site/petalbot)"
114.119.147.81 - - [20/Jun/2022:13:12:52 +0000] "GET /node/1101/ch7_3350_01?share=linkedin HTTP/1.1" 302 154 "https://mrchoke.org/node/1101/ch7_3350_01?ak_action=accept_mobile" "Mozilla/5.0 (Linux; Android 7.0;) AppleWebKit/537.36 (KHTML, like Gecko) Mobile Safari/537.36 (compatible; PetalBot;+https://webmaster.petalsearch.com/site/petalbot)"
66.249.71.25 - - [20/Jun/2022:13:12:56 +0000] "GET /node/1731/ HTTP/1.1" 200 11413 "-" "Mozilla/5.0 (Linux; Android 6.0.1; Nexus 5X Build/MMB29P) AppleWebKit/537.36 (KHTML, like Gecko) Chrome/102.0.5005.115 Mobile Safari/537.36 (compatible; Googlebot/2.1; +http://www.google.com/bot.html)"
114.119.147.81 - - [20/Jun/2022:13:12:56 +0000] "GET /node/1101/ch7_3350_01?share=linkedin HTTP/1.1" 301 178 "https://mrchoke.org/node/1101/ch7_3350_01?ak_action=accept_mobile" "Mozilla/5.0 (Linux; Android 7.0;) AppleWebKit/537.36 (KHTML, like Gecko) Mobile Safari/537.36 (compatible; PetalBot;+https://webmaster.petalsearch.com/site/petalbot)"
114.119.147.81 - - [20/Jun/2022:13:13:03 +0000] "GET /node/1101/ch7_3350_01/?share=linkedin HTTP/1.1" 200 7887 "https://mrchoke.org/node/1101/ch7_3350_01?ak_action=accept_mobile" "Mozilla/5.0 (Linux; Android 7.0;) AppleWebKit/537.36 (KHTML, like Gecko) Mobile Safari/537.36 (compatible; PetalBot;+https://webmaster.petalsearch.com/site/petalbot)"
114.119.147.81 - - [20/Jun/2022:13:14:21 +0000] "GET /node/400 HTTP/1.1" 301 178 "https://mrchoke.org/node/484" "Mozilla/5.0 (Linux; Android 7.0;) AppleWebKit/537.36 (KHTML, like Gecko) Mobile Safari/537.36 (compatible; PetalBot;+https://webmaster.petalsearch.com/site/petalbot)"
114.119.147.81 - - [20/Jun/2022:13:14:30 +0000] "GET /node/400/ HTTP/1.1" 200 9006 "https://mrchoke.org/node/484" "Mozilla/5.0 (Linux; Android 7.0;) AppleWebKit/537.36 (KHTML, like Gecko) Mobile Safari/537.36 (compatible; PetalBot;+https://webmaster.petalsearch.com/site/petalbot)"
114.119.147.81 - - [20/Jun/2022:13:15:28 +0000] "GET /node/384?share=reddit HTTP/1.1" 302 154 "https://mrchoke.org/node/384?ak_action=accept_mobile" "Mozilla/5.0 (Linux; Android 7.0;) AppleWebKit/537.36 (KHTML, like Gecko) Mobile Safari/537.36 (compatible; PetalBot;+https://webmaster.petalsearch.com/site/petalbot)"
114.119.147.81 - - [20/Jun/2022:13:15:28 +0000] "GET /node/384?share=reddit HTTP/1.1" 301 178 "https://mrchoke.org/node/384?ak_action=accept_mobile" "Mozilla/5.0 (Linux; Android 7.0;) AppleWebKit/537.36 (KHTML, like Gecko) Mobile Safari/537.36 (compatible; PetalBot;+https://webmaster.petalsearch.com/site/petalbot)"
114.119.147.81 - - [20/Jun/2022:13:15:30 +0000] "GET /node/384/?share=reddit HTTP/1.1" 200 8730 "https://mrchoke.org/node/384?ak_action=accept_mobile" "Mozilla/5.0 (Linux; Android 7.0;) AppleWebKit/537.36 (KHTML, like Gecko) Mobile Safari/537.36 (compatible; PetalBot;+https://webmaster.petalsearch.com/site/petalbot)"
114.119.147.86 - - [20/Jun/2022:13:17:26 +0000] "GET /node/1101/ch7_3350?share=linkedin HTTP/1.1" 302 154 "https://mrchoke.org/node/1101/ch7_3350?ak_action=accept_mobile" "Mozilla/5.0 (Linux; Android 7.0;) AppleWebKit/537.36 (KHTML, like Gecko) Mobile Safari/537.36 (compatible; PetalBot;+https://webmaster.petalsearch.com/site/petalbot)"
114.119.147.86 - - [20/Jun/2022:13:17:29 +0000] "GET /node/1101/ch7_3350?share=linkedin HTTP/1.1" 301 178 "https://mrchoke.org/node/1101/ch7_3350?ak_action=accept_mobile" "Mozilla/5.0 (Linux; Android 7.0;) AppleWebKit/537.36 (KHTML, like Gecko) Mobile Safari/537.36 (compatible; PetalBot;+https://webmaster.petalsearch.com/site/petalbot)"
114.119.147.86 - - [20/Jun/2022:13:17:34 +0000] "GET /node/1101/ch7_3350/?share=linkedin HTTP/1.1" 200 7883 "https://mrchoke.org/node/1101/ch7_3350?ak_action=accept_mobile" "Mozilla/5.0 (Linux; Android 7.0;) AppleWebKit/537.36 (KHTML, like Gecko) Mobile Safari/537.36 (compatible; PetalBot;+https://webmaster.petalsearch.com/site/petalbot)"
114.119.147.86 - - [20/Jun/2022:13:19:19 +0000] "GET /node/581/img_1730 HTTP/1.1" 301 178 "https://mrchoke.org/node/581/img_1731?share=reddit" "Mozilla/5.0 (Linux; Android 7.0;) AppleWebKit/537.36 (KHTML, like Gecko) Mobile Safari/537.36 (compatible; PetalBot;+https://webmaster.petalsearch.com/site/petalbot)"
114.119.147.86 - - [20/Jun/2022:13:19:44 +0000] "GET /node/581/img_1730 HTTP/1.1" 301 178 "https://mrchoke.org/node/581/img_1731?share=reddit" "Mozilla/5.0 (Linux; Android 7.0;) AppleWebKit/537.36 (KHTML, like Gecko) Mobile Safari/537.36 (compatible; PetalBot;+https://webmaster.petalsearch.com/site/petalbot)"
114.119.147.86 - - [20/Jun/2022:13:19:59 +0000] "GET /node/581/img_1730/ HTTP/1.1" 200 7890 "https://mrchoke.org/node/581/img_1731?share=reddit" "Mozilla/5.0 (Linux; Android 7.0;) AppleWebKit/537.36 (KHTML, like Gecko) Mobile Safari/537.36 (compatible; PetalBot;+https://webmaster.petalsearch.com/site/petalbot)"
40.77.167.46 - - [20/Jun/2022:13:20:39 +0000] "GET / HTTP/1.1" 200 396 "-" "Mozilla/5.0 (compatible; bingbot/2.0; +http://www.bing.com/bingbot.htm)"
114.119.147.81 - - [20/Jun/2022:13:20:53 +0000] "GET /node/693/6 HTTP/1.1" 302 154 "https://mrchoke.org/node/tag/centos?ak_action=reject_mobile" "Mozilla/5.0 (Linux; Android 7.0;) AppleWebKit/537.36 (KHTML, like Gecko) Mobile Safari/537.36 (compatible; PetalBot;+https://webmaster.petalsearch.com/site/petalbot)"
114.119.147.81 - - [20/Jun/2022:13:20:59 +0000] "GET /node/693/6 HTTP/1.1" 301 178 "https://mrchoke.org/node/tag/centos?ak_action=reject_mobile" "Mozilla/5.0 (Linux; Android 7.0;) AppleWebKit/537.36 (KHTML, like Gecko) Mobile Safari/537.36 (compatible; PetalBot;+https://webmaster.petalsearch.com/site/petalbot)"
114.119.147.81 - - [20/Jun/2022:13:21:07 +0000] "GET /node/693/6/ HTTP/1.1" 200 21331 "https://mrchoke.org/node/tag/centos?ak_action=reject_mobile" "Mozilla/5.0 (Linux; Android 7.0;) AppleWebKit/537.36 (KHTML, like Gecko) Mobile Safari/537.36 (compatible; PetalBot;+https://webmaster.petalsearch.com/site/petalbot)"
114.119.147.81 - - [20/Jun/2022:13:22:38 +0000] "GET /node/178 HTTP/1.1" 301 178 "https://static.mrchoke.org/node/177" "Mozilla/5.0 (Linux; Android 7.0;) AppleWebKit/537.36 (KHTML, like Gecko) Mobile Safari/537.36 (compatible; PetalBot;+https://webmaster.petalsearch.com/site/petalbot)"
114.119.147.81 - - [20/Jun/2022:13:22:46 +0000] "GET /node/178/ HTTP/1.1" 200 8585 "https://static.mrchoke.org/node/177" "Mozilla/5.0 (Linux; Android 7.0;) AppleWebKit/537.36 (KHTML, like Gecko) Mobile Safari/537.36 (compatible; PetalBot;+https://webmaster.petalsearch.com/site/petalbot)"
66.249.79.247 - - [20/Jun/2022:13:23:04 +0000] "GET /node/191 HTTP/1.1" 301 178 "-" "Mozilla/5.0 (Linux; Android 6.0.1; Nexus 5X Build/MMB29P) AppleWebKit/537.36 (KHTML, like Gecko) Chrome/102.0.5005.115 Mobile Safari/537.36 (compatible; Googlebot/2.1; +http://www.google.com/bot.html)"
66.249.71.31 - - [20/Jun/2022:13:23:05 +0000] "GET /node/191/ HTTP/1.1" 200 8645 "-" "Mozilla/5.0 (Linux; Android 6.0.1; Nexus 5X Build/MMB29P) AppleWebKit/537.36 (KHTML, like Gecko) Chrome/102.0.5005.115 Mobile Safari/537.36 (compatible; Googlebot/2.1; +http://www.google.com/bot.html)"
114.119.147.97 - - [20/Jun/2022:13:24:08 +0000] "GET /node/date/2012/04/21 HTTP/1.1" 301 178 "https://mrchoke.org/node/573?ak_action=reject_mobile" "Mozilla/5.0 (Linux; Android 7.0;) AppleWebKit/537.36 (KHTML, like Gecko) Mobile Safari/537.36 (compatible; PetalBot;+https://webmaster.petalsearch.com/site/petalbot)"
114.119.147.97 - - [20/Jun/2022:13:24:14 +0000] "GET /node/date/2012/04/21/ HTTP/1.1" 200 7611 "https://mrchoke.org/node/573?ak_action=reject_mobile" "Mozilla/5.0 (Linux; Android 7.0;) AppleWebKit/537.36 (KHTML, like Gecko) Mobile Safari/537.36 (compatible; PetalBot;+https://webmaster.petalsearch.com/site/petalbot)"
114.119.147.75 - - [20/Jun/2022:13:26:10 +0000] "GET /node/55?share=facebook HTTP/1.1" 302 154 "https://mrchoke.org/node/55?ak_action=accept_mobile" "Mozilla/5.0 (Linux; Android 7.0;) AppleWebKit/537.36 (KHTML, like Gecko) Mobile Safari/537.36 (compatible; PetalBot;+https://webmaster.petalsearch.com/site/petalbot)"
114.119.147.97 - - [20/Jun/2022:13:28:32 +0000] "GET /node/1228?ak_action=reject_mobile HTTP/1.1" 302 154 "https://mrchoke.org/node/1228?ak_action=accept_mobile" "Mozilla/5.0 (Linux; Android 7.0;) AppleWebKit/537.36 (KHTML, like Gecko) Mobile Safari/537.36 (compatible; PetalBot;+https://webmaster.petalsearch.com/site/petalbot)"
114.119.147.97 - - [20/Jun/2022:13:28:40 +0000] "GET /node/1228?ak_action=reject_mobile HTTP/1.1" 301 178 "https://mrchoke.org/node/1228?ak_action=accept_mobile" "Mozilla/5.0 (Linux; Android 7.0;) AppleWebKit/537.36 (KHTML, like Gecko) Mobile Safari/537.36 (compatible; PetalBot;+https://webmaster.petalsearch.com/site/petalbot)"
114.119.147.97 - - [20/Jun/2022:13:28:48 +0000] "GET /node/1228/?ak_action=reject_mobile HTTP/1.1" 200 10928 "https://mrchoke.org/node/1228?ak_action=accept_mobile" "Mozilla/5.0 (Linux; Android 7.0;) AppleWebKit/537.36 (KHTML, like Gecko) Mobile Safari/537.36 (compatible; PetalBot;+https://webmaster.petalsearch.com/site/petalbot)"
114.119.147.73 - - [20/Jun/2022:13:29:55 +0000] "GET /node/1428/img_7297 HTTP/1.1" 301 178 "https://mrchoke.org/node/1428/img_7289?ak_action=accept_mobile" "Mozilla/5.0 (Linux; Android 7.0;) AppleWebKit/537.36 (KHTML, like Gecko) Mobile Safari/537.36 (compatible; PetalBot;+https://webmaster.petalsearch.com/site/petalbot)"
185.191.171.21 - - [20/Jun/2022:13:31:35 +0000] "GET /node/396 HTTP/1.1" 301 178 "-" "Mozilla/5.0 (compatible; SemrushBot/7~bl; +http://www.semrush.com/bot.html)"
185.191.171.38 - - [20/Jun/2022:13:31:37 +0000] "GET /node/396/ HTTP/1.1" 200 8694 "-" "Mozilla/5.0 (compatible; SemrushBot/7~bl; +http://www.semrush.com/bot.html)"
114.119.147.81 - - [20/Jun/2022:13:31:54 +0000] "GET /node/1786/photo-25-2-14-20-19-51?ak_action=reject_mobile HTTP/1.1" 302 154 "https://mrchoke.org/node/1786/photo-25-2-14-20-19-51" "Mozilla/5.0 (Linux; Android 7.0;) AppleWebKit/537.36 (KHTML, like Gecko) Mobile Safari/537.36 (compatible; PetalBot;+https://webmaster.petalsearch.com/site/petalbot)"
114.119.147.81 - - [20/Jun/2022:13:32:04 +0000] "GET /node/1786/photo-25-2-14-20-19-51?ak_action=reject_mobile HTTP/1.1" 301 178 "https://mrchoke.org/node/1786/photo-25-2-14-20-19-51" "Mozilla/5.0 (Linux; Android 7.0;) AppleWebKit/537.36 (KHTML, like Gecko) Mobile Safari/537.36 (compatible; PetalBot;+https://webmaster.petalsearch.com/site/petalbot)"
114.119.147.81 - - [20/Jun/2022:13:32:10 +0000] "GET /node/1786/photo-25-2-14-20-19-51/?ak_action=reject_mobile HTTP/1.1" 200 7931 "https://mrchoke.org/node/1786/photo-25-2-14-20-19-51" "Mozilla/5.0 (Linux; Android 7.0;) AppleWebKit/537.36 (KHTML, like Gecko) Mobile Safari/537.36 (compatible; PetalBot;+https://webmaster.petalsearch.com/site/petalbot)"
87.250.224.3 - - [20/Jun/2022:13:32:20 +0000] "GET /robots.txt HTTP/1.1" 404 162 "-" "Mozilla/5.0 (compatible; YandexBot/3.0; +http://yandex.com/bots)"
87.250.224.3 - - [20/Jun/2022:13:32:23 +0000] "GET /node/category/wellcom/ HTTP/1.1" 200 8646 "-" "Mozilla/5.0 (compatible; YandexBot/3.0; +http://yandex.com/bots)"
114.119.147.74 - - [20/Jun/2022:13:33:11 +0000] "GET /node/category/webpage/ HTTP/1.1" 200 11728 "https://mrchoke.org/node/category/webpage/page/2?ak_action=accept_mobile" "Mozilla/5.0 (Linux; Android 7.0;) AppleWebKit/537.36 (KHTML, like Gecko) Mobile Safari/537.36 (compatible; PetalBot;+https://webmaster.petalsearch.com/site/petalbot)"
114.119.147.74 - - [20/Jun/2022:13:34:51 +0000] "GET /node/1356/img_7245?share=linkedin HTTP/1.1" 302 154 "https://mrchoke.org/node/1356/img_7245?ak_action=accept_mobile" "Mozilla/5.0 (Linux; Android 7.0;) AppleWebKit/537.36 (KHTML, like Gecko) Mobile Safari/537.36 (compatible; PetalBot;+https://webmaster.petalsearch.com/site/petalbot)"
114.119.147.74 - - [20/Jun/2022:13:34:53 +0000] "GET /node/1356/img_7245?share=linkedin HTTP/1.1" 301 178 "https://mrchoke.org/node/1356/img_7245?ak_action=accept_mobile" "Mozilla/5.0 (Linux; Android 7.0;) AppleWebKit/537.36 (KHTML, like Gecko) Mobile Safari/537.36 (compatible; PetalBot;+https://webmaster.petalsearch.com/site/petalbot)"
114.119.147.74 - - [20/Jun/2022:13:35:00 +0000] "GET /node/1356/img_7245/?share=linkedin HTTP/1.1" 200 7998 "https://mrchoke.org/node/1356/img_7245?ak_action=accept_mobile" "Mozilla/5.0 (Linux; Android 7.0;) AppleWebKit/537.36 (KHTML, like Gecko) Mobile Safari/537.36 (compatible; PetalBot;+https://webmaster.petalsearch.com/site/petalbot)"
114.119.147.73 - - [20/Jun/2022:13:36:47 +0000] "GET /node/1657/img_7627?share=linkedin HTTP/1.1" 302 154 "https://mrchoke.org/node/1657/img_7627?ak_action=accept_mobile" "Mozilla/5.0 (Linux; Android 7.0;) AppleWebKit/537.36 (KHTML, like Gecko) Mobile Safari/537.36 (compatible; PetalBot;+https://webmaster.petalsearch.com/site/petalbot)"
114.119.147.73 - - [20/Jun/2022:13:36:54 +0000] "GET /node/1657/img_7627?share=linkedin HTTP/1.1" 301 178 "https://mrchoke.org/node/1657/img_7627?ak_action=accept_mobile" "Mozilla/5.0 (Linux; Android 7.0;) AppleWebKit/537.36 (KHTML, like Gecko) Mobile Safari/537.36 (compatible; PetalBot;+https://webmaster.petalsearch.com/site/petalbot)"
114.119.147.73 - - [20/Jun/2022:13:37:00 +0000] "GET /node/1657/img_7627/?share=linkedin HTTP/1.1" 200 7886 "https://mrchoke.org/node/1657/img_7627?ak_action=accept_mobile" "Mozilla/5.0 (Linux; Android 7.0;) AppleWebKit/537.36 (KHTML, like Gecko) Mobile Safari/537.36 (compatible; PetalBot;+https://webmaster.petalsearch.com/site/petalbot)"
192.241.221.241 - - [20/Jun/2022:13:37:51 +0000] "GET /actuator/health HTTP/1.1" 301 178 "-" "Mozilla/5.0 zgrab/0.x"
114.119.147.75 - - [20/Jun/2022:13:38:06 +0000] "GET /img_6552 HTTP/1.1" 301 178 "https://mrchoke.org/node/1015?share=facebook" "Mozilla/5.0 (Linux; Android 7.0;) AppleWebKit/537.36 (KHTML, like Gecko) Mobile Safari/537.36 (compatible; PetalBot;+https://webmaster.petalsearch.com/site/petalbot)"
114.119.147.75 - - [20/Jun/2022:13:38:10 +0000] "GET /img_6552/ HTTP/1.1" 200 7919 "https://mrchoke.org/node/1015?share=facebook" "Mozilla/5.0 (Linux; Android 7.0;) AppleWebKit/537.36 (KHTML, like Gecko) Mobile Safari/537.36 (compatible; PetalBot;+https://webmaster.petalsearch.com/site/petalbot)"
216.244.66.229 - - [20/Jun/2022:13:38:29 +0000] "GET /robots.txt HTTP/1.1" 404 162 "-" "Mozilla/5.0 (compatible; DotBot/1.2; +https://opensiteexplorer.org/dotbot; help@moz.com)"
51.222.253.5 - - [20/Jun/2022:13:38:50 +0000] "GET / HTTP/1.1" 200 396 "-" "Mozilla/5.0 (compatible; AhrefsBot/7.0; +http://ahrefs.com/robot/)"
114.119.147.81 - - [20/Jun/2022:13:39:36 +0000] "GET /node/date/2005/02/27 HTTP/1.1" 302 154 "https://mrchoke.org/node/455?share=facebook" "Mozilla/5.0 (Linux; Android 7.0;) AppleWebKit/537.36 (KHTML, like Gecko) Mobile Safari/537.36 (compatible; PetalBot;+https://webmaster.petalsearch.com/site/petalbot)"
114.119.147.81 - - [20/Jun/2022:13:39:42 +0000] "GET /node/date/2005/02/27 HTTP/1.1" 301 178 "https://mrchoke.org/node/455?share=facebook" "Mozilla/5.0 (Linux; Android 7.0;) AppleWebKit/537.36 (KHTML, like Gecko) Mobile Safari/537.36 (compatible; PetalBot;+https://webmaster.petalsearch.com/site/petalbot)"
114.119.147.81 - - [20/Jun/2022:13:39:52 +0000] "GET /node/date/2005/02/27/ HTTP/1.1" 200 7954 "https://mrchoke.org/node/455?share=facebook" "Mozilla/5.0 (Linux; Android 7.0;) AppleWebKit/537.36 (KHTML, like Gecko) Mobile Safari/537.36 (compatible; PetalBot;+https://webmaster.petalsearch.com/site/petalbot)"
216.244.66.229 - - [20/Jun/2022:13:40:42 +0000] "GET /node/939/img_6377 HTTP/1.1" 404 162 "-" "Mozilla/5.0 (compatible; DotBot/1.2; +https://opensiteexplorer.org/dotbot; help@moz.com)"
216.244.66.229 - - [20/Jun/2022:13:40:47 +0000] "GET /feed/?attachment_id=1224 HTTP/1.1" 404 162 "-" "Mozilla/5.0 (compatible; DotBot/1.2; +https://opensiteexplorer.org/dotbot; help@moz.com)"
114.119.147.81 - - [20/Jun/2022:13:41:24 +0000] "GET /node/926/img_6344?share=reddit HTTP/1.1" 302 154 "https://mrchoke.org/node/926/img_6344?ak_action=accept_mobile" "Mozilla/5.0 (Linux; Android 7.0;) AppleWebKit/537.36 (KHTML, like Gecko) Mobile Safari/537.36 (compatible; PetalBot;+https://webmaster.petalsearch.com/site/petalbot)"
114.119.147.81 - - [20/Jun/2022:13:41:38 +0000] "GET /node/926/img_6344?share=reddit HTTP/1.1" 301 178 "https://mrchoke.org/node/926/img_6344?ak_action=accept_mobile" "Mozilla/5.0 (Linux; Android 7.0;) AppleWebKit/537.36 (KHTML, like Gecko) Mobile Safari/537.36 (compatible; PetalBot;+https://webmaster.petalsearch.com/site/petalbot)"
114.119.147.81 - - [20/Jun/2022:13:41:47 +0000] "GET /node/926/img_6344/?share=reddit HTTP/1.1" 200 7939 "https://mrchoke.org/node/926/img_6344?ak_action=accept_mobile" "Mozilla/5.0 (Linux; Android 7.0;) AppleWebKit/537.36 (KHTML, like Gecko) Mobile Safari/537.36 (compatible; PetalBot;+https://webmaster.petalsearch.com/site/petalbot)"
185.191.171.36 - - [20/Jun/2022:13:42:32 +0000] "GET /node/223 HTTP/1.1" 301 178 "-" "Mozilla/5.0 (compatible; SemrushBot/7~bl; +http://www.semrush.com/bot.html)"
185.191.171.13 - - [20/Jun/2022:13:42:34 +0000] "GET /node/223/ HTTP/1.1" 200 8841 "-" "Mozilla/5.0 (compatible; SemrushBot/7~bl; +http://www.semrush.com/bot.html)"
114.119.147.74 - - [20/Jun/2022:13:42:54 +0000] "GET /node/1558/screenshot-2014-02-06-23-34-14?share=twitter HTTP/1.1" 302 154 "https://mrchoke.org/node/1558/screenshot-2014-02-06-23-34-14?ak_action=accept_mobile" "Mozilla/5.0 (Linux; Android 7.0;) AppleWebKit/537.36 (KHTML, like Gecko) Mobile Safari/537.36 (compatible; PetalBot;+https://webmaster.petalsearch.com/site/petalbot)"
157.55.39.105 - - [20/Jun/2022:13:42:56 +0000] "GET /wp-includes/js/wp-embed.min.js?ver=5.7.1 HTTP/2.0" 200 1426 "-" "Mozilla/5.0 (compatible; bingbot/2.0; +http://www.bing.com/bingbot.htm)"
114.119.147.74 - - [20/Jun/2022:13:42:59 +0000] "GET /node/1558/screenshot-2014-02-06-23-34-14?share=twitter HTTP/1.1" 301 178 "https://mrchoke.org/node/1558/screenshot-2014-02-06-23-34-14?ak_action=accept_mobile" "Mozilla/5.0 (Linux; Android 7.0;) AppleWebKit/537.36 (KHTML, like Gecko) Mobile Safari/537.36 (compatible; PetalBot;+https://webmaster.petalsearch.com/site/petalbot)"
185.191.171.44 - - [20/Jun/2022:13:43:04 +0000] "GET /robots.txt HTTP/1.1" 404 134 "-" "Mozilla/5.0 (compatible; SemrushBot/7~bl; +http://www.semrush.com/bot.html)"
185.191.171.10 - - [20/Jun/2022:13:43:05 +0000] "GET /node/category/music/page/2 HTTP/1.1" 302 154 "-" "Mozilla/5.0 (compatible; SemrushBot/7~bl; +http://www.semrush.com/bot.html)"
114.119.147.74 - - [20/Jun/2022:13:43:07 +0000] "GET /node/1558/screenshot-2014-02-06-23-34-14/?share=twitter HTTP/1.1" 200 7959 "https://mrchoke.org/node/1558/screenshot-2014-02-06-23-34-14?ak_action=accept_mobile" "Mozilla/5.0 (Linux; Android 7.0;) AppleWebKit/537.36 (KHTML, like Gecko) Mobile Safari/537.36 (compatible; PetalBot;+https://webmaster.petalsearch.com/site/petalbot)"
185.191.171.3 - - [20/Jun/2022:13:43:07 +0000] "GET /node/category/music/page/2 HTTP/1.1" 301 178 "-" "Mozilla/5.0 (compatible; SemrushBot/7~bl; +http://www.semrush.com/bot.html)"
185.191.171.6 - - [20/Jun/2022:13:43:09 +0000] "GET /node/category/music/page/2/ HTTP/1.1" 200 11597 "-" "Mozilla/5.0 (compatible; SemrushBot/7~bl; +http://www.semrush.com/bot.html)"
