154.54.249.200 - - [26/Jun/2022:08:31:21 +0000] "GET /node/83?share=linkedin HTTP/1.1" 302 154 "-" "Mozilla/5.0 (compatible; Barkrowler/0.9; +https://babbar.tech/crawler)"
54.36.149.39 - - [26/Jun/2022:08:31:31 +0000] "GET /node/7/ HTTP/2.0" 200 9793 "-" "Mozilla/5.0 (compatible; AhrefsBot/7.0; +http://ahrefs.com/robot/)"
154.54.249.200 - - [26/Jun/2022:08:31:40 +0000] "GET /node/category/training HTTP/1.1" 301 178 "-" "Mozilla/5.0 (compatible; Barkrowler/0.9; +https://babbar.tech/crawler)"
154.54.249.200 - - [26/Jun/2022:08:31:54 +0000] "GET /node/83?share=twitter HTTP/1.1" 302 154 "-" "Mozilla/5.0 (compatible; Barkrowler/0.9; +https://babbar.tech/crawler)"
154.54.249.200 - - [26/Jun/2022:08:32:15 +0000] "GET /node/category/training/ HTTP/1.1" 200 12620 "-" "Mozilla/5.0 (compatible; Barkrowler/0.9; +https://babbar.tech/crawler)"
114.119.147.81 - - [26/Jun/2022:08:32:25 +0000] "GET /node/1908?ak_action=accept_mobile HTTP/1.1" 302 154 "https://mrchoke.org/node/1908?replytocom=755&ak_action=reject_mobile" "Mozilla/5.0 (Linux; Android 7.0;) AppleWebKit/537.36 (KHTML, like Gecko) Mobile Safari/537.36 (compatible; PetalBot;+https://webmaster.petalsearch.com/site/petalbot)"
114.119.147.81 - - [26/Jun/2022:08:32:32 +0000] "GET /node/1908?ak_action=accept_mobile HTTP/1.1" 301 178 "https://mrchoke.org/node/1908?replytocom=755&ak_action=reject_mobile" "Mozilla/5.0 (Linux; Android 7.0;) AppleWebKit/537.36 (KHTML, like Gecko) Mobile Safari/537.36 (compatible; PetalBot;+https://webmaster.petalsearch.com/site/petalbot)"
154.54.249.200 - - [26/Jun/2022:08:32:35 +0000] "GET /node/category/charset HTTP/1.1" 302 154 "-" "Mozilla/5.0 (compatible; Barkrowler/0.9; +https://babbar.tech/crawler)"
114.119.147.87 - - [26/Jun/2022:08:32:37 +0000] "GET /node/date/2006/02/06 HTTP/1.1" 302 154 "https://mrchoke.org/node/439?share=twitter" "Mozilla/5.0 (Linux; Android 7.0;) AppleWebKit/537.36 (KHTML, like Gecko) Mobile Safari/537.36 (compatible; PetalBot;+https://webmaster.petalsearch.com/site/petalbot)"
114.119.147.81 - - [26/Jun/2022:08:32:41 +0000] "GET /node/1908/?ak_action=accept_mobile HTTP/1.1" 200 15661 "https://mrchoke.org/node/1908?replytocom=755&ak_action=reject_mobile" "Mozilla/5.0 (Linux; Android 7.0;) AppleWebKit/537.36 (KHTML, like Gecko) Mobile Safari/537.36 (compatible; PetalBot;+https://webmaster.petalsearch.com/site/petalbot)"
114.119.147.87 - - [26/Jun/2022:08:32:44 +0000] "GET /node/date/2006/02/06 HTTP/1.1" 301 178 "https://mrchoke.org/node/439?share=twitter" "Mozilla/5.0 (Linux; Android 7.0;) AppleWebKit/537.36 (KHTML, like Gecko) Mobile Safari/537.36 (compatible; PetalBot;+https://webmaster.petalsearch.com/site/petalbot)"
114.119.147.87 - - [26/Jun/2022:08:32:49 +0000] "GET /node/date/2006/02/06/ HTTP/1.1" 200 8052 "https://mrchoke.org/node/439?share=twitter" "Mozilla/5.0 (Linux; Android 7.0;) AppleWebKit/537.36 (KHTML, like Gecko) Mobile Safari/537.36 (compatible; PetalBot;+https://webmaster.petalsearch.com/site/petalbot)"
154.54.249.200 - - [26/Jun/2022:08:33:07 +0000] "GET /node/category/thai/ HTTP/1.1" 200 8303 "-" "Mozilla/5.0 (compatible; Barkrowler/0.9; +https://babbar.tech/crawler)"
154.54.249.200 - - [26/Jun/2022:08:33:32 +0000] "GET /node/category/blog/cycling HTTP/1.1" 302 154 "-" "Mozilla/5.0 (compatible; Barkrowler/0.9; +https://babbar.tech/crawler)"
154.54.249.200 - - [26/Jun/2022:08:33:46 +0000] "GET /node/category/apache/ HTTP/1.1" 200 9791 "-" "Mozilla/5.0 (compatible; Barkrowler/0.9; +https://babbar.tech/crawler)"
154.54.249.200 - - [26/Jun/2022:08:34:00 +0000] "GET /node/category/domain/feed HTTP/1.1" 302 154 "-" "Mozilla/5.0 (compatible; Barkrowler/0.9; +https://babbar.tech/crawler)"
114.119.147.73 - - [26/Jun/2022:08:34:16 +0000] "GET /node/89?share=twitter HTTP/1.1" 302 154 "https://mrchoke.org/node/89?ak_action=accept_mobile" "Mozilla/5.0 (Linux; Android 7.0;) AppleWebKit/537.36 (KHTML, like Gecko) Mobile Safari/537.36 (compatible; PetalBot;+https://webmaster.petalsearch.com/site/petalbot)"
114.119.147.73 - - [26/Jun/2022:08:34:22 +0000] "GET /node/89?share=twitter HTTP/1.1" 301 178 "https://mrchoke.org/node/89?ak_action=accept_mobile" "Mozilla/5.0 (Linux; Android 7.0;) AppleWebKit/537.36 (KHTML, like Gecko) Mobile Safari/537.36 (compatible; PetalBot;+https://webmaster.petalsearch.com/site/petalbot)"
154.54.249.200 - - [26/Jun/2022:08:34:22 +0000] "GET /node/category/osm HTTP/1.1" 301 178 "-" "Mozilla/5.0 (compatible; Barkrowler/0.9; +https://babbar.tech/crawler)"
114.119.147.73 - - [26/Jun/2022:08:34:28 +0000] "GET /node/89/?share=twitter HTTP/1.1" 200 8968 "https://mrchoke.org/node/89?ak_action=accept_mobile" "Mozilla/5.0 (Linux; Android 7.0;) AppleWebKit/537.36 (KHTML, like Gecko) Mobile Safari/537.36 (compatible; PetalBot;+https://webmaster.petalsearch.com/site/petalbot)"
154.54.249.200 - - [26/Jun/2022:08:34:35 +0000] "GET /node/category/gaim HTTP/1.1" 302 154 "-" "Mozilla/5.0 (compatible; Barkrowler/0.9; +https://babbar.tech/crawler)"
154.54.249.200 - - [26/Jun/2022:08:34:52 +0000] "GET /node/category/904 HTTP/1.1" 301 178 "-" "Mozilla/5.0 (compatible; Barkrowler/0.9; +https://babbar.tech/crawler)"
154.54.249.200 - - [26/Jun/2022:08:35:05 +0000] "GET /node/category/iphone/feed HTTP/1.1" 302 154 "-" "Mozilla/5.0 (compatible; Barkrowler/0.9; +https://babbar.tech/crawler)"
154.54.249.200 - - [26/Jun/2022:08:35:21 +0000] "GET /node/category/904/ HTTP/1.1" 200 12760 "-" "Mozilla/5.0 (compatible; Barkrowler/0.9; +https://babbar.tech/crawler)"
154.54.249.200 - - [26/Jun/2022:08:35:36 +0000] "GET /node/category/drupal/feed HTTP/1.1" 302 154 "-" "Mozilla/5.0 (compatible; Barkrowler/0.9; +https://babbar.tech/crawler)"
154.54.249.200 - - [26/Jun/2022:08:35:53 +0000] "GET /node/category/mms HTTP/1.1" 301 178 "-" "Mozilla/5.0 (compatible; Barkrowler/0.9; +https://babbar.tech/crawler)"
154.54.249.200 - - [26/Jun/2022:08:36:06 +0000] "GET /node/category/gallery2/feed HTTP/1.1" 302 154 "-" "Mozilla/5.0 (compatible; Barkrowler/0.9; +https://babbar.tech/crawler)"
154.54.249.200 - - [26/Jun/2022:08:36:24 +0000] "GET /node/category/oss/ HTTP/1.1" 200 14621 "-" "Mozilla/5.0 (compatible; Barkrowler/0.9; +https://babbar.tech/crawler)"
94.102.61.10 - - [26/Jun/2022:08:36:28 +0000] "GET / HTTP/1.1" 200 396 "-" "python-requests/2.26.0"
154.54.249.200 - - [26/Jun/2022:08:36:43 +0000] "GET /node/category/jigdo HTTP/1.1" 302 154 "-" "Mozilla/5.0 (compatible; Barkrowler/0.9; +https://babbar.tech/crawler)"
114.119.147.97 - - [26/Jun/2022:08:36:47 +0000] "GET /node/790/img_6156?ak_action=reject_mobile HTTP/1.1" 302 154 "https://mrchoke.org/node/790/img_6156?ak_action=accept_mobile" "Mozilla/5.0 (Linux; Android 7.0;) AppleWebKit/537.36 (KHTML, like Gecko) Mobile Safari/537.36 (compatible; PetalBot;+https://webmaster.petalsearch.com/site/petalbot)"
114.119.147.97 - - [26/Jun/2022:08:36:52 +0000] "GET /node/790/img_6156?ak_action=reject_mobile HTTP/1.1" 301 178 "https://mrchoke.org/node/790/img_6156?ak_action=accept_mobile" "Mozilla/5.0 (Linux; Android 7.0;) AppleWebKit/537.36 (KHTML, like Gecko) Mobile Safari/537.36 (compatible; PetalBot;+https://webmaster.petalsearch.com/site/petalbot)"
154.54.249.200 - - [26/Jun/2022:08:36:57 +0000] "GET /node/category/airport/ HTTP/1.1" 200 9965 "-" "Mozilla/5.0 (compatible; Barkrowler/0.9; +https://babbar.tech/crawler)"
114.119.147.97 - - [26/Jun/2022:08:37:02 +0000] "GET /node/790/img_6156/?ak_action=reject_mobile HTTP/1.1" 200 7877 "https://mrchoke.org/node/790/img_6156?ak_action=accept_mobile" "Mozilla/5.0 (Linux; Android 7.0;) AppleWebKit/537.36 (KHTML, like Gecko) Mobile Safari/537.36 (compatible; PetalBot;+https://webmaster.petalsearch.com/site/petalbot)"
154.54.249.200 - - [26/Jun/2022:08:37:12 +0000] "GET /node/category/music/feed HTTP/1.1" 302 154 "-" "Mozilla/5.0 (compatible; Barkrowler/0.9; +https://babbar.tech/crawler)"
154.54.249.200 - - [26/Jun/2022:08:37:26 +0000] "GET /node/category/desktop/feed/ HTTP/1.1" 403 134 "-" "Mozilla/5.0 (compatible; Barkrowler/0.9; +https://babbar.tech/crawler)"
154.54.249.200 - - [26/Jun/2022:08:37:40 +0000] "GET /node/category/training/feed HTTP/1.1" 302 154 "-" "Mozilla/5.0 (compatible; Barkrowler/0.9; +https://babbar.tech/crawler)"
154.54.249.200 - - [26/Jun/2022:08:37:54 +0000] "GET /node/category/desktop/ HTTP/1.1" 200 8470 "-" "Mozilla/5.0 (compatible; Barkrowler/0.9; +https://babbar.tech/crawler)"
154.54.249.200 - - [26/Jun/2022:08:38:07 +0000] "GET /node/category/asus/feed HTTP/1.1" 302 154 "-" "Mozilla/5.0 (compatible; Barkrowler/0.9; +https://babbar.tech/crawler)"
185.191.171.16 - - [26/Jun/2022:08:38:08 +0000] "GET /node/865/ch7_3265 HTTP/1.1" 301 178 "-" "Mozilla/5.0 (compatible; SemrushBot/7~bl; +http://www.semrush.com/bot.html)"
185.191.171.5 - - [26/Jun/2022:08:38:11 +0000] "GET /node/865/ch7_3265/ HTTP/1.1" 200 7889 "-" "Mozilla/5.0 (compatible; SemrushBot/7~bl; +http://www.semrush.com/bot.html)"
17.121.113.73 - - [26/Jun/2022:08:38:20 +0000] "GET /robots.txt HTTP/1.1" 404 134 "-" "Mozilla/5.0 (Macintosh; Intel Mac OS X 10_15_5) AppleWebKit/605.1.15 (KHTML, like Gecko) Version/13.1.1 Safari/605.1.15 (Applebot/0.1; +http://www.apple.com/go/applebot)"
17.121.113.73 - - [26/Jun/2022:08:38:20 +0000] "GET /wp-content/uploads/2013/12/virtualbox_logo.png HTTP/1.1" 302 154 "-" "Mozilla/5.0 (Macintosh; Intel Mac OS X 10_15_5) AppleWebKit/605.1.15 (KHTML, like Gecko) Version/13.1.1 Safari/605.1.15 (Applebot/0.1; +http://www.apple.com/go/applebot)"
17.121.112.123 - - [26/Jun/2022:08:38:21 +0000] "GET /wp-content/uploads/2013/12/virtualbox_logo.png HTTP/1.1" 404 134 "-" "Mozilla/5.0 (Macintosh; Intel Mac OS X 10_15_5) AppleWebKit/605.1.15 (KHTML, like Gecko) Version/13.1.1 Safari/605.1.15 (Applebot/0.1; +http://www.apple.com/go/applebot)"
154.54.249.200 - - [26/Jun/2022:08:38:23 +0000] "GET /node/category/kernel HTTP/1.1" 301 178 "-" "Mozilla/5.0 (compatible; Barkrowler/0.9; +https://babbar.tech/crawler)"
114.119.147.73 - - [26/Jun/2022:08:38:29 +0000] "GET /node/1862/ch7_6448-copy?share=reddit HTTP/1.1" 302 154 "https://mrchoke.org/node/1862/ch7_6448-copy?ak_action=accept_mobile" "Mozilla/5.0 (Linux; Android 7.0;) AppleWebKit/537.36 (KHTML, like Gecko) Mobile Safari/537.36 (compatible; PetalBot;+https://webmaster.petalsearch.com/site/petalbot)"
114.119.147.73 - - [26/Jun/2022:08:38:34 +0000] "GET /node/1862/ch7_6448-copy?share=reddit HTTP/1.1" 301 178 "https://mrchoke.org/node/1862/ch7_6448-copy?ak_action=accept_mobile" "Mozilla/5.0 (Linux; Android 7.0;) AppleWebKit/537.36 (KHTML, like Gecko) Mobile Safari/537.36 (compatible; PetalBot;+https://webmaster.petalsearch.com/site/petalbot)"
154.54.249.200 - - [26/Jun/2022:08:38:37 +0000] "GET /node/category/thai/feed HTTP/1.1" 302 154 "-" "Mozilla/5.0 (compatible; Barkrowler/0.9; +https://babbar.tech/crawler)"
114.119.147.73 - - [26/Jun/2022:08:38:40 +0000] "GET /node/1862/ch7_6448-copy/?share=reddit HTTP/1.1" 200 7878 "https://mrchoke.org/node/1862/ch7_6448-copy?ak_action=accept_mobile" "Mozilla/5.0 (Linux; Android 7.0;) AppleWebKit/537.36 (KHTML, like Gecko) Mobile Safari/537.36 (compatible; PetalBot;+https://webmaster.petalsearch.com/site/petalbot)"
154.54.249.200 - - [26/Jun/2022:08:38:50 +0000] "GET /node/category/nikon/ HTTP/1.1" 200 8147 "-" "Mozilla/5.0 (compatible; Barkrowler/0.9; +https://babbar.tech/crawler)"
154.54.249.200 - - [26/Jun/2022:08:39:15 +0000] "GET /node/category/apache/feed HTTP/1.1" 302 154 "-" "Mozilla/5.0 (compatible; Barkrowler/0.9; +https://babbar.tech/crawler)"
154.54.249.200 - - [26/Jun/2022:08:39:28 +0000] "GET /node/category/android/feed/ HTTP/1.1" 403 134 "-" "Mozilla/5.0 (compatible; Barkrowler/0.9; +https://babbar.tech/crawler)"
154.54.249.200 - - [26/Jun/2022:08:39:43 +0000] "GET /node/category/block HTTP/1.1" 302 154 "-" "Mozilla/5.0 (compatible; Barkrowler/0.9; +https://babbar.tech/crawler)"
185.191.171.16 - - [26/Jun/2022:08:39:45 +0000] "GET /img_6677 HTTP/1.1" 301 178 "-" "Mozilla/5.0 (compatible; SemrushBot/7~bl; +http://www.semrush.com/bot.html)"
185.191.171.5 - - [26/Jun/2022:08:39:47 +0000] "GET /img_6677/ HTTP/1.1" 200 7887 "-" "Mozilla/5.0 (compatible; SemrushBot/7~bl; +http://www.semrush.com/bot.html)"
154.54.249.200 - - [26/Jun/2022:08:39:57 +0000] "GET /node/category/android/ HTTP/1.1" 200 10276 "-" "Mozilla/5.0 (compatible; Barkrowler/0.9; +https://babbar.tech/crawler)"
154.54.249.200 - - [26/Jun/2022:08:40:11 +0000] "GET /node/category/osm/feed HTTP/1.1" 302 154 "-" "Mozilla/5.0 (compatible; Barkrowler/0.9; +https://babbar.tech/crawler)"
54.36.148.231 - - [26/Jun/2022:08:40:21 +0000] "GET /ch7_5928/ HTTP/2.0" 200 7866 "-" "Mozilla/5.0 (compatible; AhrefsBot/7.0; +http://ahrefs.com/robot/)"
54.36.149.82 - - [26/Jun/2022:08:40:23 +0000] "GET /wp-content/uploads/2014/03/CH7_5888-150x150.jpg HTTP/2.0" 200 72344 "-" "Mozilla/5.0 (compatible; AhrefsBot/7.0; +http://ahrefs.com/robot/)"
154.54.249.200 - - [26/Jun/2022:08:40:25 +0000] "GET /node/category/webpage/feed/ HTTP/1.1" 403 134 "-" "Mozilla/5.0 (compatible; Barkrowler/0.9; +https://babbar.tech/crawler)"
54.36.148.40 - - [26/Jun/2022:08:40:27 +0000] "GET /wp-content/uploads/2014/03/CH7_5928.jpg HTTP/2.0" 200 5439100 "-" "Mozilla/5.0 (compatible; AhrefsBot/7.0; +http://ahrefs.com/robot/)"
54.36.149.104 - - [26/Jun/2022:08:40:29 +0000] "GET /wp-content/uploads/2014/03/CH7_6084-150x150.jpg HTTP/2.0" 200 74690 "-" "Mozilla/5.0 (compatible; AhrefsBot/7.0; +http://ahrefs.com/robot/)"
154.54.249.200 - - [26/Jun/2022:08:40:38 +0000] "GET /node/category/opensource HTTP/1.1" 302 154 "-" "Mozilla/5.0 (compatible; Barkrowler/0.9; +https://babbar.tech/crawler)"
114.119.147.86 - - [26/Jun/2022:08:40:44 +0000] "GET /node/464 HTTP/1.1" 301 178 "https://static.mrchoke.org/node/date/2004/11/page/2" "Mozilla/5.0 (Linux; Android 7.0;) AppleWebKit/537.36 (KHTML, like Gecko) Mobile Safari/537.36 (compatible; PetalBot;+https://webmaster.petalsearch.com/site/petalbot)"
114.119.147.86 - - [26/Jun/2022:08:40:50 +0000] "GET /node/464/ HTTP/1.1" 200 8475 "https://static.mrchoke.org/node/date/2004/11/page/2" "Mozilla/5.0 (Linux; Android 7.0;) AppleWebKit/537.36 (KHTML, like Gecko) Mobile Safari/537.36 (compatible; PetalBot;+https://webmaster.petalsearch.com/site/petalbot)"
154.54.249.200 - - [26/Jun/2022:08:40:54 +0000] "GET /node/category/webpage/ HTTP/1.1" 200 11728 "-" "Mozilla/5.0 (compatible; Barkrowler/0.9; +https://babbar.tech/crawler)"
154.54.249.200 - - [26/Jun/2022:08:41:07 +0000] "GET /node/category/openmaps HTTP/1.1" 302 154 "-" "Mozilla/5.0 (compatible; Barkrowler/0.9; +https://babbar.tech/crawler)"
154.54.249.200 - - [26/Jun/2022:08:41:20 +0000] "GET /node/category/network/feed/ HTTP/1.1" 403 134 "-" "Mozilla/5.0 (compatible; Barkrowler/0.9; +https://babbar.tech/crawler)"
154.54.249.200 - - [26/Jun/2022:08:41:35 +0000] "GET /node/category/review/feed HTTP/1.1" 302 154 "-" "Mozilla/5.0 (compatible; Barkrowler/0.9; +https://babbar.tech/crawler)"
154.54.249.200 - - [26/Jun/2022:08:41:49 +0000] "GET /node/category/network/ HTTP/1.1" 200 7962 "-" "Mozilla/5.0 (compatible; Barkrowler/0.9; +https://babbar.tech/crawler)"
154.54.249.200 - - [26/Jun/2022:08:42:02 +0000] "GET /node/category/904/feed HTTP/1.1" 302 154 "-" "Mozilla/5.0 (compatible; Barkrowler/0.9; +https://babbar.tech/crawler)"
154.54.249.200 - - [26/Jun/2022:08:42:17 +0000] "GET /node/category/mysql HTTP/1.1" 301 178 "-" "Mozilla/5.0 (compatible; Barkrowler/0.9; +https://babbar.tech/crawler)"
154.54.249.200 - - [26/Jun/2022:08:42:32 +0000] "GET /node/category/blognone HTTP/1.1" 302 154 "-" "Mozilla/5.0 (compatible; Barkrowler/0.9; +https://babbar.tech/crawler)"
154.54.249.200 - - [26/Jun/2022:08:42:47 +0000] "GET /node/category/mysql/ HTTP/1.1" 200 8438 "-" "Mozilla/5.0 (compatible; Barkrowler/0.9; +https://babbar.tech/crawler)"
114.119.147.74 - - [26/Jun/2022:08:42:56 +0000] "GET /node/tag/smart-bike HTTP/1.1" 301 178 "https://mrchoke.org/node/1558?share=facebook" "Mozilla/5.0 (Linux; Android 7.0;) AppleWebKit/537.36 (KHTML, like Gecko) Mobile Safari/537.36 (compatible; PetalBot;+https://webmaster.petalsearch.com/site/petalbot)"
154.54.249.200 - - [26/Jun/2022:08:43:01 +0000] "GET /node/category/oss/feed HTTP/1.1" 302 154 "-" "Mozilla/5.0 (compatible; Barkrowler/0.9; +https://babbar.tech/crawler)"
114.119.147.74 - - [26/Jun/2022:08:43:03 +0000] "GET /node/tag/smart-bike/ HTTP/1.1" 200 11956 "https://mrchoke.org/node/1558?share=facebook" "Mozilla/5.0 (Linux; Android 7.0;) AppleWebKit/537.36 (KHTML, like Gecko) Mobile Safari/537.36 (compatible; PetalBot;+https://webmaster.petalsearch.com/site/petalbot)"
154.54.249.200 - - [26/Jun/2022:08:43:14 +0000] "GET /node/category/x11 HTTP/1.1" 301 178 "-" "Mozilla/5.0 (compatible; Barkrowler/0.9; +https://babbar.tech/crawler)"
154.54.249.200 - - [26/Jun/2022:08:43:28 +0000] "GET /node/category/libiphone HTTP/1.1" 302 154 "-" "Mozilla/5.0 (compatible; Barkrowler/0.9; +https://babbar.tech/crawler)"
154.54.249.200 - - [26/Jun/2022:08:43:43 +0000] "GET /node/category/kde HTTP/1.1" 301 178 "-" "Mozilla/5.0 (compatible; Barkrowler/0.9; +https://babbar.tech/crawler)"
27.215.183.118 - - [26/Jun/2022:08:43:50 +0000] "GET /boaform/admin/formLogin?username=admin&psd=admin HTTP/1.0" 404 162 "-" "-"
154.54.249.200 - - [26/Jun/2022:08:43:57 +0000] "GET /node/category/atom/feed HTTP/1.1" 302 154 "-" "Mozilla/5.0 (compatible; Barkrowler/0.9; +https://babbar.tech/crawler)"
154.54.249.200 - - [26/Jun/2022:08:44:11 +0000] "GET /node/category/root/ HTTP/1.1" 200 9059 "-" "Mozilla/5.0 (compatible; Barkrowler/0.9; +https://babbar.tech/crawler)"
114.119.147.75 - - [26/Jun/2022:08:44:25 +0000] "GET /node/387?share=facebook HTTP/1.1" 302 154 "https://mrchoke.org/node/387?replytocom=484&ak_action=accept_mobile" "Mozilla/5.0 (Linux; Android 7.0;) AppleWebKit/537.36 (KHTML, like Gecko) Mobile Safari/537.36 (compatible; PetalBot;+https://webmaster.petalsearch.com/site/petalbot)"
154.54.249.200 - - [26/Jun/2022:08:44:25 +0000] "GET /node/category/pidgin HTTP/1.1" 302 154 "-" "Mozilla/5.0 (compatible; Barkrowler/0.9; +https://babbar.tech/crawler)"
114.119.147.75 - - [26/Jun/2022:08:44:29 +0000] "GET /node/387?share=facebook HTTP/1.1" 301 178 "https://mrchoke.org/node/387?replytocom=484&ak_action=accept_mobile" "Mozilla/5.0 (Linux; Android 7.0;) AppleWebKit/537.36 (KHTML, like Gecko) Mobile Safari/537.36 (compatible; PetalBot;+https://webmaster.petalsearch.com/site/petalbot)"
114.119.147.75 - - [26/Jun/2022:08:44:34 +0000] "GET /node/387/?share=facebook HTTP/1.1" 200 8832 "https://mrchoke.org/node/387?replytocom=484&ak_action=accept_mobile" "Mozilla/5.0 (Linux; Android 7.0;) AppleWebKit/537.36 (KHTML, like Gecko) Mobile Safari/537.36 (compatible; PetalBot;+https://webmaster.petalsearch.com/site/petalbot)"
154.54.249.200 - - [26/Jun/2022:08:44:41 +0000] "GET /node/category/ubuntu HTTP/1.1" 301 178 "-" "Mozilla/5.0 (compatible; Barkrowler/0.9; +https://babbar.tech/crawler)"
154.54.249.200 - - [26/Jun/2022:08:44:56 +0000] "GET /node/category/android/feed HTTP/1.1" 302 154 "-" "Mozilla/5.0 (compatible; Barkrowler/0.9; +https://babbar.tech/crawler)"
154.54.249.200 - - [26/Jun/2022:08:45:11 +0000] "GET /node/category/a88 HTTP/1.1" 301 178 "-" "Mozilla/5.0 (compatible; Barkrowler/0.9; +https://babbar.tech/crawler)"
154.54.249.200 - - [26/Jun/2022:08:45:32 +0000] "GET /node/category/webpage/feed HTTP/1.1" 302 154 "-" "Mozilla/5.0 (compatible; Barkrowler/0.9; +https://babbar.tech/crawler)"
154.54.249.200 - - [26/Jun/2022:08:45:47 +0000] "GET /node/category/wellcom HTTP/1.1" 301 178 "-" "Mozilla/5.0 (compatible; Barkrowler/0.9; +https://babbar.tech/crawler)"
154.54.249.200 - - [26/Jun/2022:08:46:02 +0000] "GET /node/category/network/feed HTTP/1.1" 302 154 "-" "Mozilla/5.0 (compatible; Barkrowler/0.9; +https://babbar.tech/crawler)"
114.119.147.97 - - [26/Jun/2022:08:46:15 +0000] "GET /node/1356/img_7254 HTTP/1.1" 302 154 "https://mrchoke.org/node/1356/img_7250?ak_action=accept_mobile" "Mozilla/5.0 (Linux; Android 7.0;) AppleWebKit/537.36 (KHTML, like Gecko) Mobile Safari/537.36 (compatible; PetalBot;+https://webmaster.petalsearch.com/site/petalbot)"
154.54.249.200 - - [26/Jun/2022:08:46:18 +0000] "GET /node/category/coupon/ HTTP/1.1" 200 7983 "-" "Mozilla/5.0 (compatible; Barkrowler/0.9; +https://babbar.tech/crawler)"
114.119.147.97 - - [26/Jun/2022:08:46:18 +0000] "GET /node/1356/img_7254 HTTP/1.1" 301 178 "https://mrchoke.org/node/1356/img_7250?ak_action=accept_mobile" "Mozilla/5.0 (Linux; Android 7.0;) AppleWebKit/537.36 (KHTML, like Gecko) Mobile Safari/537.36 (compatible; PetalBot;+https://webmaster.petalsearch.com/site/petalbot)"
114.119.147.97 - - [26/Jun/2022:08:46:26 +0000] "GET /node/1356/img_7254/ HTTP/1.1" 200 7923 "https://mrchoke.org/node/1356/img_7250?ak_action=accept_mobile" "Mozilla/5.0 (Linux; Android 7.0;) AppleWebKit/537.36 (KHTML, like Gecko) Mobile Safari/537.36 (compatible; PetalBot;+https://webmaster.petalsearch.com/site/petalbot)"
154.54.249.200 - - [26/Jun/2022:08:46:31 +0000] "GET /node/category/amsn HTTP/1.1" 302 154 "-" "Mozilla/5.0 (compatible; Barkrowler/0.9; +https://babbar.tech/crawler)"
154.54.249.200 - - [26/Jun/2022:08:46:46 +0000] "GET /node/category/drupal HTTP/1.1" 301 178 "-" "Mozilla/5.0 (compatible; Barkrowler/0.9; +https://babbar.tech/crawler)"
154.54.249.200 - - [26/Jun/2022:08:47:00 +0000] "GET /node/category/lexitron HTTP/1.1" 302 154 "-" "Mozilla/5.0 (compatible; Barkrowler/0.9; +https://babbar.tech/crawler)"
154.54.249.200 - - [26/Jun/2022:08:47:14 +0000] "GET /node/category/speed/ HTTP/1.1" 200 8953 "-" "Mozilla/5.0 (compatible; Barkrowler/0.9; +https://babbar.tech/crawler)"
154.54.249.200 - - [26/Jun/2022:08:47:31 +0000] "GET /node/category/dreamhost HTTP/1.1" 302 154 "-" "Mozilla/5.0 (compatible; Barkrowler/0.9; +https://babbar.tech/crawler)"
154.54.249.200 - - [26/Jun/2022:08:47:45 +0000] "GET /node/category/font/ HTTP/1.1" 200 9444 "-" "Mozilla/5.0 (compatible; Barkrowler/0.9; +https://babbar.tech/crawler)"
154.54.249.200 - - [26/Jun/2022:08:47:58 +0000] "GET /node/category/root/feed HTTP/1.1" 302 154 "-" "Mozilla/5.0 (compatible; Barkrowler/0.9; +https://babbar.tech/crawler)"
114.119.147.75 - - [26/Jun/2022:08:48:06 +0000] "GET /node/300 HTTP/1.1" 302 154 "https://mrchoke.org/node/category/uncategorized/page/10?ak_action=accept_mobile" "Mozilla/5.0 (Linux; Android 7.0;) AppleWebKit/537.36 (KHTML, like Gecko) Mobile Safari/537.36 (compatible; PetalBot;+https://webmaster.petalsearch.com/site/petalbot)"
154.54.249.200 - - [26/Jun/2022:08:48:12 +0000] "GET /node/category/debian HTTP/1.1" 301 178 "-" "Mozilla/5.0 (compatible; Barkrowler/0.9; +https://babbar.tech/crawler)"
114.119.147.75 - - [26/Jun/2022:08:48:18 +0000] "GET /node/300 HTTP/1.1" 301 178 "https://mrchoke.org/node/category/uncategorized/page/10?ak_action=accept_mobile" "Mozilla/5.0 (Linux; Android 7.0;) AppleWebKit/537.36 (KHTML, like Gecko) Mobile Safari/537.36 (compatible; PetalBot;+https://webmaster.petalsearch.com/site/petalbot)"
114.119.147.75 - - [26/Jun/2022:08:48:23 +0000] "GET /node/300/ HTTP/1.1" 200 8595 "https://mrchoke.org/node/category/uncategorized/page/10?ak_action=accept_mobile" "Mozilla/5.0 (Linux; Android 7.0;) AppleWebKit/537.36 (KHTML, like Gecko) Mobile Safari/537.36 (compatible; PetalBot;+https://webmaster.petalsearch.com/site/petalbot)"
154.54.249.200 - - [26/Jun/2022:08:48:25 +0000] "GET /node/category/postnuke HTTP/1.1" 302 154 "-" "Mozilla/5.0 (compatible; Barkrowler/0.9; +https://babbar.tech/crawler)"
154.54.249.200 - - [26/Jun/2022:08:48:45 +0000] "GET /node/category/wordpress HTTP/1.1" 301 178 "-" "Mozilla/5.0 (compatible; Barkrowler/0.9; +https://babbar.tech/crawler)"
154.54.249.200 - - [26/Jun/2022:08:48:59 +0000] "GET /node/category/smf HTTP/1.1" 302 154 "-" "Mozilla/5.0 (compatible; Barkrowler/0.9; +https://babbar.tech/crawler)"
154.54.249.200 - - [26/Jun/2022:08:49:12 +0000] "GET /node/category/weight/ HTTP/1.1" 200 7710 "-" "Mozilla/5.0 (compatible; Barkrowler/0.9; +https://babbar.tech/crawler)"
216.244.66.229 - - [26/Jun/2022:08:49:26 +0000] "GET /robots.txt HTTP/1.1" 404 162 "-" "Mozilla/5.0 (compatible; DotBot/1.2; +https://opensiteexplorer.org/dotbot; help@moz.com)"
154.54.249.200 - - [26/Jun/2022:08:49:27 +0000] "GET /node/category/invitations HTTP/1.1" 302 154 "-" "Mozilla/5.0 (compatible; Barkrowler/0.9; +https://babbar.tech/crawler)"
216.244.66.229 - - [26/Jun/2022:08:49:27 +0000] "GET /robots.txt HTTP/1.1" 404 162 "-" "Mozilla/5.0 (compatible; DotBot/1.2; +https://opensiteexplorer.org/dotbot; help@moz.com)"
216.244.66.229 - - [26/Jun/2022:08:49:27 +0000] "GET /robots.txt HTTP/1.1" 404 162 "-" "Mozilla/5.0 (compatible; DotBot/1.2; +https://opensiteexplorer.org/dotbot; help@moz.com)"
154.54.249.200 - - [26/Jun/2022:08:49:41 +0000] "GET /node/category/mac HTTP/1.1" 301 178 "-" "Mozilla/5.0 (compatible; Barkrowler/0.9; +https://babbar.tech/crawler)"
154.54.249.200 - - [26/Jun/2022:08:49:55 +0000] "GET /node/category/nlc HTTP/1.1" 302 154 "-" "Mozilla/5.0 (compatible; Barkrowler/0.9; +https://babbar.tech/crawler)"
154.54.249.200 - - [26/Jun/2022:08:50:10 +0000] "GET /node/category/rc HTTP/1.1" 301 178 "-" "Mozilla/5.0 (compatible; Barkrowler/0.9; +https://babbar.tech/crawler)"
114.119.147.74 - - [26/Jun/2022:08:50:11 +0000] "GET /node/category/linux/page/11?ak_action=accept_mobile HTTP/1.1" 302 154 "https://mrchoke.org/node/category/linux/page/12?ak_action=accept_mobile" "Mozilla/5.0 (Linux; Android 7.0;) AppleWebKit/537.36 (KHTML, like Gecko) Mobile Safari/537.36 (compatible; PetalBot;+https://webmaster.petalsearch.com/site/petalbot)"
114.119.147.74 - - [26/Jun/2022:08:50:17 +0000] "GET /node/category/linux/page/11?ak_action=accept_mobile HTTP/1.1" 301 178 "https://mrchoke.org/node/category/linux/page/12?ak_action=accept_mobile" "Mozilla/5.0 (Linux; Android 7.0;) AppleWebKit/537.36 (KHTML, like Gecko) Mobile Safari/537.36 (compatible; PetalBot;+https://webmaster.petalsearch.com/site/petalbot)"
154.54.249.200 - - [26/Jun/2022:08:50:23 +0000] "GET /node/category/nlc10 HTTP/1.1" 302 154 "-" "Mozilla/5.0 (compatible; Barkrowler/0.9; +https://babbar.tech/crawler)"
114.119.147.74 - - [26/Jun/2022:08:50:24 +0000] "GET /node/category/linux/page/11/?ak_action=accept_mobile HTTP/1.1" 200 17488 "https://mrchoke.org/node/category/linux/page/12?ak_action=accept_mobile" "Mozilla/5.0 (Linux; Android 7.0;) AppleWebKit/537.36 (KHTML, like Gecko) Mobile Safari/537.36 (compatible; PetalBot;+https://webmaster.petalsearch.com/site/petalbot)"
154.54.249.200 - - [26/Jun/2022:08:50:44 +0000] "GET /node/category/rc/ HTTP/1.1" 200 8227 "-" "Mozilla/5.0 (compatible; Barkrowler/0.9; +https://babbar.tech/crawler)"
154.54.249.200 - - [26/Jun/2022:08:50:58 +0000] "GET /node/category/compiz HTTP/1.1" 302 154 "-" "Mozilla/5.0 (compatible; Barkrowler/0.9; +https://babbar.tech/crawler)"
154.54.249.200 - - [26/Jun/2022:08:51:13 +0000] "GET /node/category/rdi HTTP/1.1" 301 178 "-" "Mozilla/5.0 (compatible; Barkrowler/0.9; +https://babbar.tech/crawler)"
154.54.249.200 - - [26/Jun/2022:08:51:30 +0000] "GET /node/category/coupon/feed HTTP/1.1" 302 154 "-" "Mozilla/5.0 (compatible; Barkrowler/0.9; +https://babbar.tech/crawler)"
154.54.249.200 - - [26/Jun/2022:08:51:45 +0000] "GET /node/category/3d/ HTTP/1.1" 200 8460 "-" "Mozilla/5.0 (compatible; Barkrowler/0.9; +https://babbar.tech/crawler)"
114.119.147.86 - - [26/Jun/2022:08:51:48 +0000] "GET /node/date/2005/03/ HTTP/1.1" 200 10942 "https://mrchoke.org/node/date/2005/03/page/2" "Mozilla/5.0 (Linux; Android 7.0;) AppleWebKit/537.36 (KHTML, like Gecko) Mobile Safari/537.36 (compatible; PetalBot;+https://webmaster.petalsearch.com/site/petalbot)"
154.54.249.200 - - [26/Jun/2022:08:52:00 +0000] "GET /node/category/leopard HTTP/1.1" 302 154 "-" "Mozilla/5.0 (compatible; Barkrowler/0.9; +https://babbar.tech/crawler)"
154.54.249.200 - - [26/Jun/2022:08:52:18 +0000] "GET /node/category/ict/ HTTP/1.1" 200 12419 "-" "Mozilla/5.0 (compatible; Barkrowler/0.9; +https://babbar.tech/crawler)"
154.54.249.200 - - [26/Jun/2022:08:52:33 +0000] "GET /node/category/cloud/feed HTTP/1.1" 302 154 "-" "Mozilla/5.0 (compatible; Barkrowler/0.9; +https://babbar.tech/crawler)"
154.54.249.200 - - [26/Jun/2022:08:52:54 +0000] "GET /node/category/firefox/ HTTP/1.1" 200 12390 "-" "Mozilla/5.0 (compatible; Barkrowler/0.9; +https://babbar.tech/crawler)"
154.54.249.200 - - [26/Jun/2022:08:53:09 +0000] "GET /node/category/debian/feed HTTP/1.1" 302 154 "-" "Mozilla/5.0 (compatible; Barkrowler/0.9; +https://babbar.tech/crawler)"
216.244.66.229 - - [26/Jun/2022:08:53:24 +0000] "GET /node/355/feed HTTP/1.1" 404 162 "-" "Mozilla/5.0 (compatible; DotBot/1.2; +https://opensiteexplorer.org/dotbot; help@moz.com)"
154.54.249.200 - - [26/Jun/2022:08:53:26 +0000] "GET /node/category/cert/ HTTP/1.1" 200 9244 "-" "Mozilla/5.0 (compatible; Barkrowler/0.9; +https://babbar.tech/crawler)"
216.244.66.229 - - [26/Jun/2022:08:53:29 +0000] "GET /node/939/img_6435 HTTP/1.1" 404 162 "-" "Mozilla/5.0 (compatible; DotBot/1.2; +https://opensiteexplorer.org/dotbot; help@moz.com)"
154.54.249.200 - - [26/Jun/2022:08:53:43 +0000] "GET /node/category/debianclub HTTP/1.1" 302 154 "-" "Mozilla/5.0 (compatible; Barkrowler/0.9; +https://babbar.tech/crawler)"
216.244.66.229 - - [26/Jun/2022:08:53:43 +0000] "GET /wp-content/uploads/2014/01/CH7_3183.jpg HTTP/1.1" 404 162 "-" "Mozilla/5.0 (compatible; DotBot/1.2; +https://opensiteexplorer.org/dotbot; help@moz.com)"
154.54.249.200 - - [26/Jun/2022:08:53:58 +0000] "GET /node/category/test/ HTTP/1.1" 200 8745 "-" "Mozilla/5.0 (compatible; Barkrowler/0.9; +https://babbar.tech/crawler)"
154.54.249.200 - - [26/Jun/2022:08:54:12 +0000] "GET /node/category/weight/feed HTTP/1.1" 302 154 "-" "Mozilla/5.0 (compatible; Barkrowler/0.9; +https://babbar.tech/crawler)"
154.54.249.200 - - [26/Jun/2022:08:54:26 +0000] "GET /node/category/tag/feed HTTP/1.1" 301 178 "-" "Mozilla/5.0 (compatible; Barkrowler/0.9; +https://babbar.tech/crawler)"
154.54.249.200 - - [26/Jun/2022:08:54:39 +0000] "GET /node/category/karmic HTTP/1.1" 302 154 "-" "Mozilla/5.0 (compatible; Barkrowler/0.9; +https://babbar.tech/crawler)"
154.54.249.200 - - [26/Jun/2022:08:54:53 +0000] "GET /node/category/d80 HTTP/1.1" 301 178 "-" "Mozilla/5.0 (compatible; Barkrowler/0.9; +https://babbar.tech/crawler)"
154.54.249.200 - - [26/Jun/2022:08:55:07 +0000] "GET /node/category/servage HTTP/1.1" 302 154 "-" "Mozilla/5.0 (compatible; Barkrowler/0.9; +https://babbar.tech/crawler)"
154.54.249.200 - - [26/Jun/2022:08:55:20 +0000] "GET /node/category/wine/ HTTP/1.1" 200 8464 "-" "Mozilla/5.0 (compatible; Barkrowler/0.9; +https://babbar.tech/crawler)"
154.54.249.200 - - [26/Jun/2022:08:55:34 +0000] "GET /node/category/microsoft HTTP/1.1" 302 154 "-" "Mozilla/5.0 (compatible; Barkrowler/0.9; +https://babbar.tech/crawler)"
154.54.249.200 - - [26/Jun/2022:08:55:47 +0000] "GET /node/category/plugins/feed/ HTTP/1.1" 403 134 "-" "Mozilla/5.0 (compatible; Barkrowler/0.9; +https://babbar.tech/crawler)"
154.54.249.200 - - [26/Jun/2022:08:56:01 +0000] "GET /node/category/hotmail HTTP/1.1" 302 154 "-" "Mozilla/5.0 (compatible; Barkrowler/0.9; +https://babbar.tech/crawler)"
114.119.147.86 - - [26/Jun/2022:08:56:04 +0000] "GET /node/date/2006/09/21 HTTP/1.1" 302 154 "https://mrchoke.org/node/35?ak_action=reject_mobile" "Mozilla/5.0 (Linux; Android 7.0;) AppleWebKit/537.36 (KHTML, like Gecko) Mobile Safari/537.36 (compatible; PetalBot;+https://webmaster.petalsearch.com/site/petalbot)"
114.119.147.86 - - [26/Jun/2022:08:56:11 +0000] "GET /node/date/2006/09/21 HTTP/1.1" 301 178 "https://mrchoke.org/node/35?ak_action=reject_mobile" "Mozilla/5.0 (Linux; Android 7.0;) AppleWebKit/537.36 (KHTML, like Gecko) Mobile Safari/537.36 (compatible; PetalBot;+https://webmaster.petalsearch.com/site/petalbot)"
154.54.249.200 - - [26/Jun/2022:08:56:14 +0000] "GET /node/category/plugins/ HTTP/1.1" 200 11672 "-" "Mozilla/5.0 (compatible; Barkrowler/0.9; +https://babbar.tech/crawler)"
114.119.147.86 - - [26/Jun/2022:08:56:17 +0000] "GET /node/date/2006/09/21/ HTTP/1.1" 200 8227 "https://mrchoke.org/node/35?ak_action=reject_mobile" "Mozilla/5.0 (Linux; Android 7.0;) AppleWebKit/537.36 (KHTML, like Gecko) Mobile Safari/537.36 (compatible; PetalBot;+https://webmaster.petalsearch.com/site/petalbot)"
154.54.249.200 - - [26/Jun/2022:08:56:27 +0000] "GET /node/category/linux/feed HTTP/1.1" 302 154 "-" "Mozilla/5.0 (compatible; Barkrowler/0.9; +https://babbar.tech/crawler)"
154.54.249.200 - - [26/Jun/2022:08:56:41 +0000] "GET /node/category/hosting/feed/ HTTP/1.1" 403 134 "-" "Mozilla/5.0 (compatible; Barkrowler/0.9; +https://babbar.tech/crawler)"
154.54.249.200 - - [26/Jun/2022:08:56:55 +0000] "GET /node/category/lpi HTTP/1.1" 302 154 "-" "Mozilla/5.0 (compatible; Barkrowler/0.9; +https://babbar.tech/crawler)"
216.244.66.229 - - [26/Jun/2022:08:56:58 +0000] "GET /gallery/?g2_itemId=2680 HTTP/1.1" 404 162 "-" "Mozilla/5.0 (compatible; DotBot/1.2; +https://opensiteexplorer.org/dotbot; help@moz.com)"
154.54.249.200 - - [26/Jun/2022:08:57:11 +0000] "GET /node/category/hosting/ HTTP/1.1" 200 17718 "-" "Mozilla/5.0 (compatible; Barkrowler/0.9; +https://babbar.tech/crawler)"
154.54.249.200 - - [26/Jun/2022:08:57:27 +0000] "GET /node/category/nvidia HTTP/1.1" 302 154 "-" "Mozilla/5.0 (compatible; Barkrowler/0.9; +https://babbar.tech/crawler)"
154.54.249.200 - - [26/Jun/2022:08:57:40 +0000] "GET /node/category/ict HTTP/1.1" 301 178 "-" "Mozilla/5.0 (compatible; Barkrowler/0.9; +https://babbar.tech/crawler)"
154.54.249.200 - - [26/Jun/2022:08:57:54 +0000] "GET /node/category/work/feed HTTP/1.1" 302 154 "-" "Mozilla/5.0 (compatible; Barkrowler/0.9; +https://babbar.tech/crawler)"
185.191.171.26 - - [26/Jun/2022:08:57:56 +0000] "GET /robots.txt HTTP/1.1" 404 134 "-" "Mozilla/5.0 (compatible; SemrushBot/7~bl; +http://www.semrush.com/bot.html)"
185.191.171.6 - - [26/Jun/2022:08:57:58 +0000] "GET /page/2?g2_itemId=15356&q=gallery HTTP/1.1" 302 154 "-" "Mozilla/5.0 (compatible; SemrushBot/7~bl; +http://www.semrush.com/bot.html)"
185.191.171.2 - - [26/Jun/2022:08:58:00 +0000] "GET /page/2?g2_itemId=15356&q=gallery HTTP/1.1" 301 178 "-" "Mozilla/5.0 (compatible; SemrushBot/7~bl; +http://www.semrush.com/bot.html)"
185.191.171.38 - - [26/Jun/2022:08:58:02 +0000] "GET /page/2/?g2_itemId=15356&q=gallery HTTP/1.1" 200 10828 "-" "Mozilla/5.0 (compatible; SemrushBot/7~bl; +http://www.semrush.com/bot.html)"
154.54.249.200 - - [26/Jun/2022:08:58:09 +0000] "GET /node/category/ios HTTP/1.1" 301 178 "-" "Mozilla/5.0 (compatible; Barkrowler/0.9; +https://babbar.tech/crawler)"
154.54.249.200 - - [26/Jun/2022:08:58:22 +0000] "GET /node/category/3d/feed HTTP/1.1" 302 154 "-" "Mozilla/5.0 (compatible; Barkrowler/0.9; +https://babbar.tech/crawler)"
114.119.147.81 - - [26/Jun/2022:08:58:34 +0000] "GET /img_6744 HTTP/1.1" 301 178 "https://static.mrchoke.org/node/category/trip/page/3" "Mozilla/5.0 (Linux; Android 7.0;) AppleWebKit/537.36 (KHTML, like Gecko) Mobile Safari/537.36 (compatible; PetalBot;+https://webmaster.petalsearch.com/site/petalbot)"
154.54.249.200 - - [26/Jun/2022:08:58:37 +0000] "GET /node/category/ads HTTP/1.1" 301 178 "-" "Mozilla/5.0 (compatible; Barkrowler/0.9; +https://babbar.tech/crawler)"
114.119.147.81 - - [26/Jun/2022:08:58:46 +0000] "GET /img_6744/ HTTP/1.1" 200 7885 "https://static.mrchoke.org/node/category/trip/page/3" "Mozilla/5.0 (Linux; Android 7.0;) AppleWebKit/537.36 (KHTML, like Gecko) Mobile Safari/537.36 (compatible; PetalBot;+https://webmaster.petalsearch.com/site/petalbot)"
154.54.249.200 - - [26/Jun/2022:08:58:55 +0000] "GET /node/category/appstore HTTP/1.1" 302 154 "-" "Mozilla/5.0 (compatible; Barkrowler/0.9; +https://babbar.tech/crawler)"
154.54.249.200 - - [26/Jun/2022:08:59:10 +0000] "GET /node/category/windows/ HTTP/1.1" 200 8949 "-" "Mozilla/5.0 (compatible; Barkrowler/0.9; +https://babbar.tech/crawler)"
154.54.249.200 - - [26/Jun/2022:08:59:25 +0000] "GET /node/category/ict/feed HTTP/1.1" 302 154 "-" "Mozilla/5.0 (compatible; Barkrowler/0.9; +https://babbar.tech/crawler)"
154.54.249.200 - - [26/Jun/2022:08:59:45 +0000] "GET /node/category/windows/feed/ HTTP/1.1" 403 134 "-" "Mozilla/5.0 (compatible; Barkrowler/0.9; +https://babbar.tech/crawler)"
154.54.249.200 - - [26/Jun/2022:08:59:59 +0000] "GET /node/category/apple/feed HTTP/1.1" 302 154 "-" "Mozilla/5.0 (compatible; Barkrowler/0.9; +https://babbar.tech/crawler)"
114.119.147.74 - - [26/Jun/2022:09:00:12 +0000] "GET /node/408?ak_action=accept_mobile HTTP/1.1" 302 154 "https://mrchoke.org/node/408?ak_action=reject_mobile" "Mozilla/5.0 (Linux; Android 7.0;) AppleWebKit/537.36 (KHTML, like Gecko) Mobile Safari/537.36 (compatible; PetalBot;+https://webmaster.petalsearch.com/site/petalbot)"
154.54.249.200 - - [26/Jun/2022:09:00:13 +0000] "GET /node/category/google/ HTTP/1.1" 200 11240 "-" "Mozilla/5.0 (compatible; Barkrowler/0.9; +https://babbar.tech/crawler)"
114.119.147.74 - - [26/Jun/2022:09:00:18 +0000] "GET /node/408?ak_action=accept_mobile HTTP/1.1" 301 178 "https://mrchoke.org/node/408?ak_action=reject_mobile" "Mozilla/5.0 (Linux; Android 7.0;) AppleWebKit/537.36 (KHTML, like Gecko) Mobile Safari/537.36 (compatible; PetalBot;+https://webmaster.petalsearch.com/site/petalbot)"
114.119.147.74 - - [26/Jun/2022:09:00:20 +0000] "GET /node/408/?ak_action=accept_mobile HTTP/1.1" 200 8412 "https://mrchoke.org/node/408?ak_action=reject_mobile" "Mozilla/5.0 (Linux; Android 7.0;) AppleWebKit/537.36 (KHTML, like Gecko) Mobile Safari/537.36 (compatible; PetalBot;+https://webmaster.petalsearch.com/site/petalbot)"
154.54.249.200 - - [26/Jun/2022:09:00:28 +0000] "GET /node/category/firefox/feed HTTP/1.1" 302 154 "-" "Mozilla/5.0 (compatible; Barkrowler/0.9; +https://babbar.tech/crawler)"
154.54.249.200 - - [26/Jun/2022:09:00:51 +0000] "GET /node/category/tiger HTTP/1.1" 301 178 "-" "Mozilla/5.0 (compatible; Barkrowler/0.9; +https://babbar.tech/crawler)"
154.54.249.200 - - [26/Jun/2022:09:01:10 +0000] "GET /node/category/cert/feed HTTP/1.1" 302 154 "-" "Mozilla/5.0 (compatible; Barkrowler/0.9; +https://babbar.tech/crawler)"
154.54.249.200 - - [26/Jun/2022:09:01:26 +0000] "GET /node/category/tiger/ HTTP/1.1" 200 8950 "-" "Mozilla/5.0 (compatible; Barkrowler/0.9; +https://babbar.tech/crawler)"
154.54.249.200 - - [26/Jun/2022:09:01:39 +0000] "GET /node/category/exif HTTP/1.1" 302 154 "-" "Mozilla/5.0 (compatible; Barkrowler/0.9; +https://babbar.tech/crawler)"
154.54.249.200 - - [26/Jun/2022:09:01:54 +0000] "GET /node/category/asus HTTP/1.1" 301 178 "-" "Mozilla/5.0 (compatible; Barkrowler/0.9; +https://babbar.tech/crawler)"
154.54.249.200 - - [26/Jun/2022:09:02:13 +0000] "GET /node/category/game/feed HTTP/1.1" 302 154 "-" "Mozilla/5.0 (compatible; Barkrowler/0.9; +https://babbar.tech/crawler)"
154.54.249.200 - - [26/Jun/2022:09:02:27 +0000] "GET /node/category/toshiba/ HTTP/1.1" 200 10633 "-" "Mozilla/5.0 (compatible; Barkrowler/0.9; +https://babbar.tech/crawler)"
154.54.249.200 - - [26/Jun/2022:09:02:42 +0000] "GET /node/category/test/feed HTTP/1.1" 302 154 "-" "Mozilla/5.0 (compatible; Barkrowler/0.9; +https://babbar.tech/crawler)"
154.54.249.200 - - [26/Jun/2022:09:02:59 +0000] "GET /node/category/twitter/feed/ HTTP/1.1" 403 134 "-" "Mozilla/5.0 (compatible; Barkrowler/0.9; +https://babbar.tech/crawler)"
154.54.249.200 - - [26/Jun/2022:09:03:14 +0000] "GET /node/category/chrome/feed HTTP/1.1" 302 154 "-" "Mozilla/5.0 (compatible; Barkrowler/0.9; +https://babbar.tech/crawler)"
154.54.249.200 - - [26/Jun/2022:09:03:27 +0000] "GET /node/category/twitter/ HTTP/1.1" 200 7966 "-" "Mozilla/5.0 (compatible; Barkrowler/0.9; +https://babbar.tech/crawler)"
154.54.249.200 - - [26/Jun/2022:09:03:43 +0000] "GET /node/category/gnome HTTP/1.1" 302 154 "-" "Mozilla/5.0 (compatible; Barkrowler/0.9; +https://babbar.tech/crawler)"
154.54.249.200 - - [26/Jun/2022:09:03:59 +0000] "GET /node/category/ipad HTTP/1.1" 301 178 "-" "Mozilla/5.0 (compatible; Barkrowler/0.9; +https://babbar.tech/crawler)"
154.54.249.200 - - [26/Jun/2022:09:04:13 +0000] "GET /node/category/vmware HTTP/1.1" 302 154 "-" "Mozilla/5.0 (compatible; Barkrowler/0.9; +https://babbar.tech/crawler)"
114.119.147.74 - - [26/Jun/2022:09:04:14 +0000] "GET /node/302 HTTP/1.1" 301 178 "https://mrchoke.org/node/302?share=twitter" "Mozilla/5.0 (Linux; Android 7.0;) AppleWebKit/537.36 (KHTML, like Gecko) Mobile Safari/537.36 (compatible; PetalBot;+https://webmaster.petalsearch.com/site/petalbot)"
114.119.147.74 - - [26/Jun/2022:09:04:21 +0000] "GET /node/302/ HTTP/1.1" 200 8890 "https://mrchoke.org/node/302?share=twitter" "Mozilla/5.0 (Linux; Android 7.0;) AppleWebKit/537.36 (KHTML, like Gecko) Mobile Safari/537.36 (compatible; PetalBot;+https://webmaster.petalsearch.com/site/petalbot)"
154.54.249.200 - - [26/Jun/2022:09:04:27 +0000] "GET /node/category/trip/ HTTP/1.1" 200 14378 "-" "Mozilla/5.0 (compatible; Barkrowler/0.9; +https://babbar.tech/crawler)"
154.54.249.200 - - [26/Jun/2022:09:04:42 +0000] "GET /node/category/dtac HTTP/1.1" 302 154 "-" "Mozilla/5.0 (compatible; Barkrowler/0.9; +https://babbar.tech/crawler)"
154.54.249.200 - - [26/Jun/2022:09:05:01 +0000] "GET /node/445/feed HTTP/1.1" 301 178 "-" "Mozilla/5.0 (compatible; Barkrowler/0.9; +https://babbar.tech/crawler)"
154.54.249.200 - - [26/Jun/2022:09:05:18 +0000] "GET /node/category/vbox HTTP/1.1" 302 154 "-" "Mozilla/5.0 (compatible; Barkrowler/0.9; +https://babbar.tech/crawler)"
154.54.249.200 - - [26/Jun/2022:09:05:32 +0000] "GET /node/445/feed/ HTTP/1.1" 403 134 "-" "Mozilla/5.0 (compatible; Barkrowler/0.9; +https://babbar.tech/crawler)"
154.54.249.200 - - [26/Jun/2022:09:05:47 +0000] "GET /node/category/ubuntu/feed HTTP/1.1" 302 154 "-" "Mozilla/5.0 (compatible; Barkrowler/0.9; +https://babbar.tech/crawler)"
154.54.249.200 - - [26/Jun/2022:09:06:03 +0000] "GET /node/365/feed HTTP/1.1" 301 178 "-" "Mozilla/5.0 (compatible; Barkrowler/0.9; +https://babbar.tech/crawler)"
154.54.249.200 - - [26/Jun/2022:09:06:20 +0000] "GET /node/category/codefest HTTP/1.1" 302 154 "-" "Mozilla/5.0 (compatible; Barkrowler/0.9; +https://babbar.tech/crawler)"
154.54.249.200 - - [26/Jun/2022:09:06:33 +0000] "GET /node/365/feed/ HTTP/1.1" 403 134 "-" "Mozilla/5.0 (compatible; Barkrowler/0.9; +https://babbar.tech/crawler)"
114.119.147.86 - - [26/Jun/2022:09:06:37 +0000] "GET /node/77 HTTP/1.1" 301 178 "https://mrchoke.org/node/category/music/page/3?ak_action=accept_mobile" "Mozilla/5.0 (Linux; Android 7.0;) AppleWebKit/537.36 (KHTML, like Gecko) Mobile Safari/537.36 (compatible; PetalBot;+https://webmaster.petalsearch.com/site/petalbot)"
114.119.147.86 - - [26/Jun/2022:09:06:45 +0000] "GET /node/77/ HTTP/1.1" 200 8940 "https://mrchoke.org/node/category/music/page/3?ak_action=accept_mobile" "Mozilla/5.0 (Linux; Android 7.0;) AppleWebKit/537.36 (KHTML, like Gecko) Mobile Safari/537.36 (compatible; PetalBot;+https://webmaster.petalsearch.com/site/petalbot)"
154.54.249.200 - - [26/Jun/2022:09:06:48 +0000] "GET /node/category/ipad/feed HTTP/1.1" 302 154 "-" "Mozilla/5.0 (compatible; Barkrowler/0.9; +https://babbar.tech/crawler)"
154.54.249.200 - - [26/Jun/2022:09:07:04 +0000] "GET /node/212/feed HTTP/1.1" 301 178 "-" "Mozilla/5.0 (compatible; Barkrowler/0.9; +https://babbar.tech/crawler)"
154.54.249.200 - - [26/Jun/2022:09:07:19 +0000] "GET /node/category/track/feed HTTP/1.1" 302 154 "-" "Mozilla/5.0 (compatible; Barkrowler/0.9; +https://babbar.tech/crawler)"
154.54.249.200 - - [26/Jun/2022:09:07:37 +0000] "GET /node/212/feed/ HTTP/1.1" 403 134 "-" "Mozilla/5.0 (compatible; Barkrowler/0.9; +https://babbar.tech/crawler)"
154.54.249.200 - - [26/Jun/2022:09:07:51 +0000] "GET /node/category/plugins/feed HTTP/1.1" 302 154 "-" "Mozilla/5.0 (compatible; Barkrowler/0.9; +https://babbar.tech/crawler)"
114.119.147.86 - - [26/Jun/2022:09:07:55 +0000] "GET /node/1120/img_6645 HTTP/1.1" 302 154 "https://mrchoke.org/node/1120?share=facebook" "Mozilla/5.0 (Linux; Android 7.0;) AppleWebKit/537.36 (KHTML, like Gecko) Mobile Safari/537.36 (compatible; PetalBot;+https://webmaster.petalsearch.com/site/petalbot)"
114.119.147.86 - - [26/Jun/2022:09:08:01 +0000] "GET /node/1120/img_6645 HTTP/1.1" 301 178 "https://mrchoke.org/node/1120?share=facebook" "Mozilla/5.0 (Linux; Android 7.0;) AppleWebKit/537.36 (KHTML, like Gecko) Mobile Safari/537.36 (compatible; PetalBot;+https://webmaster.petalsearch.com/site/petalbot)"
154.54.249.200 - - [26/Jun/2022:09:08:06 +0000] "GET /node/210/feed HTTP/1.1" 301 178 "-" "Mozilla/5.0 (compatible; Barkrowler/0.9; +https://babbar.tech/crawler)"
114.119.147.86 - - [26/Jun/2022:09:08:06 +0000] "GET /node/1120/img_6645/ HTTP/1.1" 200 7864 "https://mrchoke.org/node/1120?share=facebook" "Mozilla/5.0 (Linux; Android 7.0;) AppleWebKit/537.36 (KHTML, like Gecko) Mobile Safari/537.36 (compatible; PetalBot;+https://webmaster.petalsearch.com/site/petalbot)"
185.191.171.25 - - [26/Jun/2022:09:08:09 +0000] "GET /node/1537/screenshot-2014-02-04-22-27-04 HTTP/1.1" 302 154 "-" "Mozilla/5.0 (compatible; SemrushBot/7~bl; +http://www.semrush.com/bot.html)"
185.191.171.8 - - [26/Jun/2022:09:08:11 +0000] "GET /robots.txt HTTP/1.1" 404 134 "-" "Mozilla/5.0 (compatible; SemrushBot/7~bl; +http://www.semrush.com/bot.html)"
185.191.171.7 - - [26/Jun/2022:09:08:12 +0000] "GET /node/1537/screenshot-2014-02-04-22-27-04 HTTP/1.1" 301 178 "-" "Mozilla/5.0 (compatible; SemrushBot/7~bl; +http://www.semrush.com/bot.html)"
185.191.171.19 - - [26/Jun/2022:09:08:14 +0000] "GET /node/1537/screenshot-2014-02-04-22-27-04/ HTTP/1.1" 200 7919 "-" "Mozilla/5.0 (compatible; SemrushBot/7~bl; +http://www.semrush.com/bot.html)"
154.54.249.200 - - [26/Jun/2022:09:08:25 +0000] "GET /node/category/hosting/feed HTTP/1.1" 302 154 "-" "Mozilla/5.0 (compatible; Barkrowler/0.9; +https://babbar.tech/crawler)"
154.54.249.200 - - [26/Jun/2022:09:08:39 +0000] "GET /node/300/feed HTTP/1.1" 301 178 "-" "Mozilla/5.0 (compatible; Barkrowler/0.9; +https://babbar.tech/crawler)"
154.54.249.200 - - [26/Jun/2022:09:08:54 +0000] "GET /node/category/stardict HTTP/1.1" 302 154 "-" "Mozilla/5.0 (compatible; Barkrowler/0.9; +https://babbar.tech/crawler)"
154.54.249.200 - - [26/Jun/2022:09:09:09 +0000] "GET /node/300/feed/ HTTP/1.1" 403 134 "-" "Mozilla/5.0 (compatible; Barkrowler/0.9; +https://babbar.tech/crawler)"
154.54.249.200 - - [26/Jun/2022:09:09:25 +0000] "GET /node/category/windows/feed HTTP/1.1" 302 154 "-" "Mozilla/5.0 (compatible; Barkrowler/0.9; +https://babbar.tech/crawler)"
154.54.249.200 - - [26/Jun/2022:09:09:40 +0000] "GET /node/date/2006/10 HTTP/1.1" 301 178 "-" "Mozilla/5.0 (compatible; Barkrowler/0.9; +https://babbar.tech/crawler)"
114.119.147.81 - - [26/Jun/2022:09:09:55 +0000] "GET /node/421 HTTP/1.1" 302 154 "https://mrchoke.org/node/420?share=facebook" "Mozilla/5.0 (Linux; Android 7.0;) AppleWebKit/537.36 (KHTML, like Gecko) Mobile Safari/537.36 (compatible; PetalBot;+https://webmaster.petalsearch.com/site/petalbot)"
154.54.249.200 - - [26/Jun/2022:09:09:55 +0000] "GET /node/category/ifuse HTTP/1.1" 302 154 "-" "Mozilla/5.0 (compatible; Barkrowler/0.9; +https://babbar.tech/crawler)"
114.119.147.81 - - [26/Jun/2022:09:10:00 +0000] "GET /node/421 HTTP/1.1" 301 178 "https://mrchoke.org/node/420?share=facebook" "Mozilla/5.0 (Linux; Android 7.0;) AppleWebKit/537.36 (KHTML, like Gecko) Mobile Safari/537.36 (compatible; PetalBot;+https://webmaster.petalsearch.com/site/petalbot)"
114.119.147.81 - - [26/Jun/2022:09:10:07 +0000] "GET /node/421/ HTTP/1.1" 200 8659 "https://mrchoke.org/node/420?share=facebook" "Mozilla/5.0 (Linux; Android 7.0;) AppleWebKit/537.36 (KHTML, like Gecko) Mobile Safari/537.36 (compatible; PetalBot;+https://webmaster.petalsearch.com/site/petalbot)"
154.54.249.200 - - [26/Jun/2022:09:10:12 +0000] "GET /node/date/2005/12/ HTTP/1.1" 200 7949 "-" "Mozilla/5.0 (compatible; Barkrowler/0.9; +https://babbar.tech/crawler)"
154.54.249.200 - - [26/Jun/2022:09:10:27 +0000] "GET /node/category/php/feed HTTP/1.1" 302 154 "-" "Mozilla/5.0 (compatible; Barkrowler/0.9; +https://babbar.tech/crawler)"
154.54.249.200 - - [26/Jun/2022:09:10:49 +0000] "GET /node/date/2006/12 HTTP/1.1" 301 178 "-" "Mozilla/5.0 (compatible; Barkrowler/0.9; +https://babbar.tech/crawler)"
154.54.249.200 - - [26/Jun/2022:09:11:03 +0000] "GET /node/category/map/feed HTTP/1.1" 302 154 "-" "Mozilla/5.0 (compatible; Barkrowler/0.9; +https://babbar.tech/crawler)"
154.54.249.200 - - [26/Jun/2022:09:11:25 +0000] "GET /node/date/2005/02/ HTTP/1.1" 200 11655 "-" "Mozilla/5.0 (compatible; Barkrowler/0.9; +https://babbar.tech/crawler)"
154.54.249.200 - - [26/Jun/2022:09:11:38 +0000] "GET /node/category/google/feed HTTP/1.1" 302 154 "-" "Mozilla/5.0 (compatible; Barkrowler/0.9; +https://babbar.tech/crawler)"
114.119.147.81 - - [26/Jun/2022:09:11:39 +0000] "GET /node/306?share=facebook HTTP/1.1" 302 154 "https://mrchoke.org/node/306?replytocom=311" "Mozilla/5.0 (Linux; Android 7.0;) AppleWebKit/537.36 (KHTML, like Gecko) Mobile Safari/537.36 (compatible; PetalBot;+https://webmaster.petalsearch.com/site/petalbot)"
114.119.147.81 - - [26/Jun/2022:09:11:48 +0000] "GET /node/306?share=facebook HTTP/1.1" 301 178 "https://mrchoke.org/node/306?replytocom=311" "Mozilla/5.0 (Linux; Android 7.0;) AppleWebKit/537.36 (KHTML, like Gecko) Mobile Safari/537.36 (compatible; PetalBot;+https://webmaster.petalsearch.com/site/petalbot)"
154.54.249.200 - - [26/Jun/2022:09:11:52 +0000] "GET /node/date/2006/09/ HTTP/1.1" 200 12353 "-" "Mozilla/5.0 (compatible; Barkrowler/0.9; +https://babbar.tech/crawler)"
114.119.147.81 - - [26/Jun/2022:09:11:53 +0000] "GET /node/306/?share=facebook HTTP/1.1" 200 8927 "https://mrchoke.org/node/306?replytocom=311" "Mozilla/5.0 (Linux; Android 7.0;) AppleWebKit/537.36 (KHTML, like Gecko) Mobile Safari/537.36 (compatible; PetalBot;+https://webmaster.petalsearch.com/site/petalbot)"
154.54.249.200 - - [26/Jun/2022:09:12:07 +0000] "GET /node/category/mediawiki HTTP/1.1" 302 154 "-" "Mozilla/5.0 (compatible; Barkrowler/0.9; +https://babbar.tech/crawler)"
154.54.249.200 - - [26/Jun/2022:09:12:21 +0000] "GET /node/date/2005/07/ HTTP/1.1" 200 12184 "-" "Mozilla/5.0 (compatible; Barkrowler/0.9; +https://babbar.tech/crawler)"
