114.119.147.86 - - [29/Jun/2022:05:33:04 +0000] "GET /node/date/2014/02/07 HTTP/1.1" 301 178 "https://mrchoke.org/node/1580" "Mozilla/5.0 (Linux; Android 7.0;) AppleWebKit/537.36 (KHTML, like Gecko) Mobile Safari/537.36 (compatible; PetalBot;+https://webmaster.petalsearch.com/site/petalbot)"
114.119.147.86 - - [29/Jun/2022:05:33:09 +0000] "GET /node/date/2014/02/07/ HTTP/1.1" 200 8155 "https://mrchoke.org/node/1580" "Mozilla/5.0 (Linux; Android 7.0;) AppleWebKit/537.36 (KHTML, like Gecko) Mobile Safari/537.36 (compatible; PetalBot;+https://webmaster.petalsearch.com/site/petalbot)"
207.46.13.4 - - [29/Jun/2022:05:33:52 +0000] "GET /wp-content/uploads/2014/01/CH7_3416.jpg HTTP/2.0" 200 2392395 "-" "Mozilla/5.0 (compatible; bingbot/2.0; +http://www.bing.com/bingbot.htm)"
216.244.66.229 - - [29/Jun/2022:05:34:31 +0000] "GET /robots.txt HTTP/1.1" 404 162 "-" "Mozilla/5.0 (compatible; DotBot/1.2; +https://opensiteexplorer.org/dotbot; help@moz.com)"
216.244.66.229 - - [29/Jun/2022:05:36:21 +0000] "GET /node/17 HTTP/1.1" 404 162 "-" "Mozilla/5.0 (compatible; DotBot/1.2; +https://opensiteexplorer.org/dotbot; help@moz.com)"
114.119.147.75 - - [29/Jun/2022:05:36:24 +0000] "GET /node/1558/img_7510?share=facebook HTTP/1.1" 302 154 "https://mrchoke.org/node/1558/img_7510?ak_action=accept_mobile" "Mozilla/5.0 (Linux; Android 7.0;) AppleWebKit/537.36 (KHTML, like Gecko) Mobile Safari/537.36 (compatible; PetalBot;+https://webmaster.petalsearch.com/site/petalbot)"
114.119.147.75 - - [29/Jun/2022:05:36:25 +0000] "GET /node/1558/img_7510?share=facebook HTTP/1.1" 301 178 "https://mrchoke.org/node/1558/img_7510?ak_action=accept_mobile" "Mozilla/5.0 (Linux; Android 7.0;) AppleWebKit/537.36 (KHTML, like Gecko) Mobile Safari/537.36 (compatible; PetalBot;+https://webmaster.petalsearch.com/site/petalbot)"
216.244.66.229 - - [29/Jun/2022:05:36:26 +0000] "GET /node/573 HTTP/1.1" 404 162 "-" "Mozilla/5.0 (compatible; DotBot/1.2; +https://opensiteexplorer.org/dotbot; help@moz.com)"
114.119.147.75 - - [29/Jun/2022:05:36:27 +0000] "GET /node/1558/img_7510/?share=facebook HTTP/1.1" 200 7924 "https://mrchoke.org/node/1558/img_7510?ak_action=accept_mobile" "Mozilla/5.0 (Linux; Android 7.0;) AppleWebKit/537.36 (KHTML, like Gecko) Mobile Safari/537.36 (compatible; PetalBot;+https://webmaster.petalsearch.com/site/petalbot)"
216.244.66.229 - - [29/Jun/2022:05:36:39 +0000] "GET /node/39/feed HTTP/1.1" 404 162 "-" "Mozilla/5.0 (compatible; DotBot/1.2; +https://opensiteexplorer.org/dotbot; help@moz.com)"
216.244.66.229 - - [29/Jun/2022:05:36:42 +0000] "GET /node/61/feed HTTP/1.1" 404 162 "-" "Mozilla/5.0 (compatible; DotBot/1.2; +https://opensiteexplorer.org/dotbot; help@moz.com)"
216.244.66.229 - - [29/Jun/2022:05:36:45 +0000] "GET /node/1583/img_7564 HTTP/1.1" 404 162 "-" "Mozilla/5.0 (compatible; DotBot/1.2; +https://opensiteexplorer.org/dotbot; help@moz.com)"
66.249.71.25 - - [29/Jun/2022:05:38:19 +0000] "GET /node/573 HTTP/1.1" 301 178 "-" "Mozilla/5.0 (Linux; Android 6.0.1; Nexus 5X Build/MMB29P) AppleWebKit/537.36 (KHTML, like Gecko) Chrome/103.0.5060.53 Mobile Safari/537.36 (compatible; Googlebot/2.1; +http://www.google.com/bot.html)"
66.249.71.25 - - [29/Jun/2022:05:38:19 +0000] "GET /node/573/ HTTP/1.1" 200 8011 "-" "Mozilla/5.0 (Linux; Android 6.0.1; Nexus 5X Build/MMB29P) AppleWebKit/537.36 (KHTML, like Gecko) Chrome/103.0.5060.53 Mobile Safari/537.36 (compatible; Googlebot/2.1; +http://www.google.com/bot.html)"
114.119.147.87 - - [29/Jun/2022:05:41:57 +0000] "GET /node/926/img_6340?share=twitter HTTP/1.1" 302 154 "https://mrchoke.org/node/926/img_6340?ak_action=accept_mobile" "Mozilla/5.0 (Linux; Android 7.0;) AppleWebKit/537.36 (KHTML, like Gecko) Mobile Safari/537.36 (compatible; PetalBot;+https://webmaster.petalsearch.com/site/petalbot)"
114.119.147.87 - - [29/Jun/2022:05:41:58 +0000] "GET /node/926/img_6340?share=twitter HTTP/1.1" 301 178 "https://mrchoke.org/node/926/img_6340?ak_action=accept_mobile" "Mozilla/5.0 (Linux; Android 7.0;) AppleWebKit/537.36 (KHTML, like Gecko) Mobile Safari/537.36 (compatible; PetalBot;+https://webmaster.petalsearch.com/site/petalbot)"
114.119.147.87 - - [29/Jun/2022:05:41:58 +0000] "GET /node/926/img_6340/?share=twitter HTTP/1.1" 200 7877 "https://mrchoke.org/node/926/img_6340?ak_action=accept_mobile" "Mozilla/5.0 (Linux; Android 7.0;) AppleWebKit/537.36 (KHTML, like Gecko) Mobile Safari/537.36 (compatible; PetalBot;+https://webmaster.petalsearch.com/site/petalbot)"
114.119.147.75 - - [29/Jun/2022:05:44:58 +0000] "GET /node/209?share=reddit HTTP/1.1" 302 154 "https://mrchoke.org/node/209?ak_action=accept_mobile" "Mozilla/5.0 (Linux; Android 7.0;) AppleWebKit/537.36 (KHTML, like Gecko) Mobile Safari/537.36 (compatible; PetalBot;+https://webmaster.petalsearch.com/site/petalbot)"
114.119.147.75 - - [29/Jun/2022:05:44:59 +0000] "GET /node/209?share=reddit HTTP/1.1" 301 178 "https://mrchoke.org/node/209?ak_action=accept_mobile" "Mozilla/5.0 (Linux; Android 7.0;) AppleWebKit/537.36 (KHTML, like Gecko) Mobile Safari/537.36 (compatible; PetalBot;+https://webmaster.petalsearch.com/site/petalbot)"
114.119.147.75 - - [29/Jun/2022:05:44:59 +0000] "GET /node/209/?share=reddit HTTP/1.1" 200 8452 "https://mrchoke.org/node/209?ak_action=accept_mobile" "Mozilla/5.0 (Linux; Android 7.0;) AppleWebKit/537.36 (KHTML, like Gecko) Mobile Safari/537.36 (compatible; PetalBot;+https://webmaster.petalsearch.com/site/petalbot)"
192.241.219.53 - - [29/Jun/2022:05:45:51 +0000] "GET / HTTP/1.1" 400 264 "-" "Mozilla/5.0 zgrab/0.x"
185.191.171.6 - - [29/Jun/2022:05:46:11 +0000] "GET /node/411 HTTP/1.1" 302 154 "-" "Mozilla/5.0 (compatible; SemrushBot/7~bl; +http://www.semrush.com/bot.html)"
185.191.171.44 - - [29/Jun/2022:05:46:12 +0000] "GET /node/411 HTTP/1.1" 301 178 "-" "Mozilla/5.0 (compatible; SemrushBot/7~bl; +http://www.semrush.com/bot.html)"
185.191.171.22 - - [29/Jun/2022:05:46:15 +0000] "GET /node/411/ HTTP/1.1" 200 10164 "-" "Mozilla/5.0 (compatible; SemrushBot/7~bl; +http://www.semrush.com/bot.html)"
114.119.147.75 - - [29/Jun/2022:05:47:59 +0000] "GET /node/category/blog?ak_action=reject_mobile HTTP/1.1" 302 154 "https://mrchoke.org/node/category/blog/page/2?ak_action=reject_mobile" "Mozilla/5.0 (Linux; Android 7.0;) AppleWebKit/537.36 (KHTML, like Gecko) Mobile Safari/537.36 (compatible; PetalBot;+https://webmaster.petalsearch.com/site/petalbot)"
114.119.147.75 - - [29/Jun/2022:05:48:00 +0000] "GET /node/category/blog?ak_action=reject_mobile HTTP/1.1" 301 178 "https://mrchoke.org/node/category/blog/page/2?ak_action=reject_mobile" "Mozilla/5.0 (Linux; Android 7.0;) AppleWebKit/537.36 (KHTML, like Gecko) Mobile Safari/537.36 (compatible; PetalBot;+https://webmaster.petalsearch.com/site/petalbot)"
114.119.147.75 - - [29/Jun/2022:05:48:01 +0000] "GET /node/category/blog/?ak_action=reject_mobile HTTP/1.1" 200 16116 "https://mrchoke.org/node/category/blog/page/2?ak_action=reject_mobile" "Mozilla/5.0 (Linux; Android 7.0;) AppleWebKit/537.36 (KHTML, like Gecko) Mobile Safari/537.36 (compatible; PetalBot;+https://webmaster.petalsearch.com/site/petalbot)"
17.121.113.156 - - [29/Jun/2022:05:50:34 +0000] "GET /showcases/wscreen-nvidia.jpg HTTP/1.1" 404 134 "-" "Mozilla/5.0 (Macintosh; Intel Mac OS X 10_15_5) AppleWebKit/605.1.15 (KHTML, like Gecko) Version/13.1.1 Safari/605.1.15 (Applebot/0.1; +http://www.apple.com/go/applebot)"
114.119.147.97 - - [29/Jun/2022:05:51:04 +0000] "GET /node/97?share=twitter HTTP/1.1" 302 154 "https://mrchoke.org/node/97?ak_action=accept_mobile" "Mozilla/5.0 (Linux; Android 7.0;) AppleWebKit/537.36 (KHTML, like Gecko) Mobile Safari/537.36 (compatible; PetalBot;+https://webmaster.petalsearch.com/site/petalbot)"
114.119.147.97 - - [29/Jun/2022:05:51:04 +0000] "GET /node/97?share=twitter HTTP/1.1" 301 178 "https://mrchoke.org/node/97?ak_action=accept_mobile" "Mozilla/5.0 (Linux; Android 7.0;) AppleWebKit/537.36 (KHTML, like Gecko) Mobile Safari/537.36 (compatible; PetalBot;+https://webmaster.petalsearch.com/site/petalbot)"
114.119.147.97 - - [29/Jun/2022:05:51:05 +0000] "GET /node/97/?share=twitter HTTP/1.1" 200 8717 "https://mrchoke.org/node/97?ak_action=accept_mobile" "Mozilla/5.0 (Linux; Android 7.0;) AppleWebKit/537.36 (KHTML, like Gecko) Mobile Safari/537.36 (compatible; PetalBot;+https://webmaster.petalsearch.com/site/petalbot)"
185.191.171.38 - - [29/Jun/2022:05:52:15 +0000] "GET /node/date/2007/01/ HTTP/1.1" 302 154 "-" "Mozilla/5.0 (compatible; SemrushBot/7~bl; +http://www.semrush.com/bot.html)"
185.191.171.15 - - [29/Jun/2022:05:52:16 +0000] "GET /node/date/2007/01/ HTTP/1.1" 200 13261 "-" "Mozilla/5.0 (compatible; SemrushBot/7~bl; +http://www.semrush.com/bot.html)"
198.244.212.132 - - [29/Jun/2022:05:53:09 +0000] "GET / HTTP/1.1" 200 294 "-" "Mozilla/5.0 (Linux; U; Android 1.5; en-us; htc_bahamas Build/CRB17) AppleWebKit/528.5  (KHTML, like Gecko) Version/3.1.2 Mobile Safari/525.20.1"
198.244.212.132 - - [29/Jun/2022:05:53:09 +0000] "GET / HTTP/1.1" 200 16008 "-" "Mozilla/5.0 (Windows NT 6.1; Win64; x64; rv:25.0) Gecko/20100101 Firefox/29.0"
198.244.212.132 - - [29/Jun/2022:05:53:09 +0000] "GET / HTTP/1.1" 301 178 "-" "Mozilla/5.0 (Linux; Android 10; SAMSUNG SM-N980F) AppleWebKit/537.36 (KHTML, like Gecko) SamsungBrowser/16.2 Chrome/92.0.4515.166 Mobile Safari/537.36"
198.244.212.132 - - [29/Jun/2022:05:53:09 +0000] "GET / HTTP/1.1" 200 920 "-" "POLARIS/6.01(BREW 3.1.5;U;en-us;LG;LX265;POLARIS/6.01/WAP;)MMP/2.0 profile/MIDP-201 Configuration /CLDC-1.1"
114.119.147.87 - - [29/Jun/2022:05:54:08 +0000] "GET /node/1823?ak_action=reject_mobile HTTP/1.1" 302 154 "https://mrchoke.org/node/1823?ak_action=accept_mobile" "Mozilla/5.0 (Linux; Android 7.0;) AppleWebKit/537.36 (KHTML, like Gecko) Mobile Safari/537.36 (compatible; PetalBot;+https://webmaster.petalsearch.com/site/petalbot)"
114.119.147.87 - - [29/Jun/2022:05:54:14 +0000] "GET /node/1823?ak_action=reject_mobile HTTP/1.1" 301 178 "https://mrchoke.org/node/1823?ak_action=accept_mobile" "Mozilla/5.0 (Linux; Android 7.0;) AppleWebKit/537.36 (KHTML, like Gecko) Mobile Safari/537.36 (compatible; PetalBot;+https://webmaster.petalsearch.com/site/petalbot)"
114.119.147.87 - - [29/Jun/2022:05:54:18 +0000] "GET /node/1823/?ak_action=reject_mobile HTTP/1.1" 200 8439 "https://mrchoke.org/node/1823?ak_action=accept_mobile" "Mozilla/5.0 (Linux; Android 7.0;) AppleWebKit/537.36 (KHTML, like Gecko) Mobile Safari/537.36 (compatible; PetalBot;+https://webmaster.petalsearch.com/site/petalbot)"
185.191.171.42 - - [29/Jun/2022:05:54:23 +0000] "GET /node/tag/paper HTTP/1.1" 301 178 "-" "Mozilla/5.0 (compatible; SemrushBot/7~bl; +http://www.semrush.com/bot.html)"
185.191.171.41 - - [29/Jun/2022:05:54:25 +0000] "GET /node/tag/paper/ HTTP/1.1" 200 9013 "-" "Mozilla/5.0 (compatible; SemrushBot/7~bl; +http://www.semrush.com/bot.html)"
68.183.230.144 - - [29/Jun/2022:05:54:59 +0000] "GET / HTTP/1.1" 200 396 "-" "Mozilla/5.0 (X11; Ubuntu; Linux x86_64; rv:76.0) Gecko/20100101 Firefox/76.0"
185.191.171.10 - - [29/Jun/2022:05:56:54 +0000] "GET /node/category/%E0%B8%9A%E0%B9%88%E0%B8%99 HTTP/1.1" 404 134 "-" "Mozilla/5.0 (compatible; SemrushBot/7~bl; +http://www.semrush.com/bot.html)"
114.119.147.97 - - [29/Jun/2022:05:57:03 +0000] "GET /node/date/2012/07/31 HTTP/1.1" 301 178 "https://mrchoke.org/node/627?share=reddit" "Mozilla/5.0 (Linux; Android 7.0;) AppleWebKit/537.36 (KHTML, like Gecko) Mobile Safari/537.36 (compatible; PetalBot;+https://webmaster.petalsearch.com/site/petalbot)"
114.119.147.97 - - [29/Jun/2022:05:57:05 +0000] "GET /node/date/2012/07/31/ HTTP/1.1" 200 8440 "https://mrchoke.org/node/627?share=reddit" "Mozilla/5.0 (Linux; Android 7.0;) AppleWebKit/537.36 (KHTML, like Gecko) Mobile Safari/537.36 (compatible; PetalBot;+https://webmaster.petalsearch.com/site/petalbot)"
40.77.167.43 - - [29/Jun/2022:05:59:59 +0000] "GET /node/375 HTTP/2.0" 302 154 "-" "Mozilla/5.0 (compatible; bingbot/2.0; +http://www.bing.com/bingbot.htm)"
40.77.167.43 - - [29/Jun/2022:06:00:07 +0000] "GET /node/375 HTTP/2.0" 301 178 "-" "Mozilla/5.0 (compatible; bingbot/2.0; +http://www.bing.com/bingbot.htm)"
114.119.147.73 - - [29/Jun/2022:06:00:13 +0000] "GET /node/402 HTTP/1.1" 301 178 "https://mrchoke.org/node/403?share=facebook" "Mozilla/5.0 (Linux; Android 7.0;) AppleWebKit/537.36 (KHTML, like Gecko) Mobile Safari/537.36 (compatible; PetalBot;+https://webmaster.petalsearch.com/site/petalbot)"
114.119.147.73 - - [29/Jun/2022:06:00:13 +0000] "GET /node/402/ HTTP/1.1" 200 8274 "https://mrchoke.org/node/403?share=facebook" "Mozilla/5.0 (Linux; Android 7.0;) AppleWebKit/537.36 (KHTML, like Gecko) Mobile Safari/537.36 (compatible; PetalBot;+https://webmaster.petalsearch.com/site/petalbot)"
40.77.167.43 - - [29/Jun/2022:06:00:18 +0000] "GET /node/375/ HTTP/2.0" 200 9795 "-" "Mozilla/5.0 (compatible; bingbot/2.0; +http://www.bing.com/bingbot.htm)"
114.119.147.74 - - [29/Jun/2022:06:03:16 +0000] "GET /img_7027 HTTP/1.1" 301 178 "https://mrchoke.org/node/1298?share=facebook" "Mozilla/5.0 (Linux; Android 7.0;) AppleWebKit/537.36 (KHTML, like Gecko) Mobile Safari/537.36 (compatible; PetalBot;+https://webmaster.petalsearch.com/site/petalbot)"
114.119.147.74 - - [29/Jun/2022:06:03:20 +0000] "GET /img_7027/ HTTP/1.1" 200 7918 "https://mrchoke.org/node/1298?share=facebook" "Mozilla/5.0 (Linux; Android 7.0;) AppleWebKit/537.36 (KHTML, like Gecko) Mobile Safari/537.36 (compatible; PetalBot;+https://webmaster.petalsearch.com/site/petalbot)"
66.240.205.34 - - [29/Jun/2022:06:04:38 +0000] "Gh0st\xAD\x00\x00\x00\xE0\x00\x00\x00x\x9CKS``\x98\xC3\xC0\xC0\xC0\x06\xC4\x8C@\xBCQ\x96\x81\x81\x09H\x07\xA7\x16\x95e&\xA7*\x04$&g+\x182\x94\xF6\xB000\xAC\xA8rc\x00\x01\x11\xA0\x82\x1F\x5C`&\x83\xC7K7\x86\x19\xE5n\x0C9\x95n\x0C;\x84\x0F3\xAC\xE8sch\xA8^\xCF4'J\x97\xA9\x82\xE30\xC3\x91h]&\x90\xF8\xCE\x97S\xCBA4L?2=\xE1\xC4\x92\x86\x0B@\xF5`\x0CT\x1F\xAE\xAF]" 400 166 "-" "-"
114.119.147.74 - - [29/Jun/2022:06:06:14 +0000] "GET /node/category/feisty?ak_action=accept_mobile HTTP/1.1" 302 154 "https://mrchoke.org/node/category/feisty?ak_action=reject_mobile" "Mozilla/5.0 (Linux; Android 7.0;) AppleWebKit/537.36 (KHTML, like Gecko) Mobile Safari/537.36 (compatible; PetalBot;+https://webmaster.petalsearch.com/site/petalbot)"
114.119.147.74 - - [29/Jun/2022:06:06:18 +0000] "GET /node/category/feisty?ak_action=accept_mobile HTTP/1.1" 301 178 "https://mrchoke.org/node/category/feisty?ak_action=reject_mobile" "Mozilla/5.0 (Linux; Android 7.0;) AppleWebKit/537.36 (KHTML, like Gecko) Mobile Safari/537.36 (compatible; PetalBot;+https://webmaster.petalsearch.com/site/petalbot)"
114.119.147.74 - - [29/Jun/2022:06:06:20 +0000] "GET /node/category/feisty/?ak_action=accept_mobile HTTP/1.1" 200 8866 "https://mrchoke.org/node/category/feisty?ak_action=reject_mobile" "Mozilla/5.0 (Linux; Android 7.0;) AppleWebKit/537.36 (KHTML, like Gecko) Mobile Safari/537.36 (compatible; PetalBot;+https://webmaster.petalsearch.com/site/petalbot)"
40.77.167.43 - - [29/Jun/2022:06:07:26 +0000] "GET /wp-content/uploads/2014/02/IMG_7592.jpg HTTP/2.0" 200 3176137 "-" "Mozilla/5.0 (compatible; bingbot/2.0; +http://www.bing.com/bingbot.htm)"
185.191.171.44 - - [29/Jun/2022:06:08:45 +0000] "GET /robots.txt HTTP/1.1" 404 134 "-" "Mozilla/5.0 (compatible; SemrushBot/7~bl; +http://www.semrush.com/bot.html)"
185.191.171.16 - - [29/Jun/2022:06:08:46 +0000] "GET /node/790/img_6124 HTTP/1.1" 404 134 "-" "Mozilla/5.0 (compatible; SemrushBot/7~bl; +http://www.semrush.com/bot.html)"
114.119.147.73 - - [29/Jun/2022:06:09:19 +0000] "GET /node/1367/img_7257?ak_action=reject_mobile HTTP/1.1" 302 154 "https://mrchoke.org/node/1367/img_7257?ak_action=accept_mobile" "Mozilla/5.0 (Linux; Android 7.0;) AppleWebKit/537.36 (KHTML, like Gecko) Mobile Safari/537.36 (compatible; PetalBot;+https://webmaster.petalsearch.com/site/petalbot)"
114.119.147.73 - - [29/Jun/2022:06:09:19 +0000] "GET /node/1367/img_7257?ak_action=reject_mobile HTTP/1.1" 301 178 "https://mrchoke.org/node/1367/img_7257?ak_action=accept_mobile" "Mozilla/5.0 (Linux; Android 7.0;) AppleWebKit/537.36 (KHTML, like Gecko) Mobile Safari/537.36 (compatible; PetalBot;+https://webmaster.petalsearch.com/site/petalbot)"
114.119.147.73 - - [29/Jun/2022:06:09:21 +0000] "GET /node/1367/img_7257/?ak_action=reject_mobile HTTP/1.1" 200 7938 "https://mrchoke.org/node/1367/img_7257?ak_action=accept_mobile" "Mozilla/5.0 (Linux; Android 7.0;) AppleWebKit/537.36 (KHTML, like Gecko) Mobile Safari/537.36 (compatible; PetalBot;+https://webmaster.petalsearch.com/site/petalbot)"
114.119.147.87 - - [29/Jun/2022:06:12:08 +0000] "GET /img_7334?share=reddit HTTP/1.1" 404 134 "https://mrchoke.org/img_7334?ak_action=accept_mobile" "Mozilla/5.0 (Linux; Android 7.0;) AppleWebKit/537.36 (KHTML, like Gecko) Mobile Safari/537.36 (compatible; PetalBot;+https://webmaster.petalsearch.com/site/petalbot)"
185.191.171.10 - - [29/Jun/2022:06:13:43 +0000] "GET /node/790/img_6171 HTTP/1.1" 301 178 "-" "Mozilla/5.0 (compatible; SemrushBot/7~bl; +http://www.semrush.com/bot.html)"
185.191.171.21 - - [29/Jun/2022:06:13:45 +0000] "GET /node/790/img_6171/ HTTP/1.1" 200 7885 "-" "Mozilla/5.0 (compatible; SemrushBot/7~bl; +http://www.semrush.com/bot.html)"
212.192.241.17 - - [29/Jun/2022:06:15:03 +0000] "GET /.env HTTP/1.1" 404 134 "-" "Mozilla/5.0 (Linux; U; Android 4.4.2; en-US; HM NOTE 1W Build/KOT49H) AppleWebKit/534.30 (KHTML, like Gecko) Version/4.0 UCBrowser/11.0.5.850 U3/0.8.0 Mobile Safari/534.30"
212.192.241.17 - - [29/Jun/2022:06:15:10 +0000] "POST / HTTP/1.1" 405 166 "-" "Mozilla/5.0 (Linux; U; Android 4.4.2; en-US; HM NOTE 1W Build/KOT49H) AppleWebKit/534.30 (KHTML, like Gecko) Version/4.0 UCBrowser/11.0.5.850 U3/0.8.0 Mobile Safari/534.30"
123.125.109.114 - - [29/Jun/2022:06:15:11 +0000] "GET / HTTP/1.1" 200 396 "-" "Sogou web spider/4.0(+http://www.sogou.com/docs/help/webmasters.htm#07)"
212.192.241.17 - - [29/Jun/2022:06:15:19 +0000] "GET /.env HTTP/1.1" 404 134 "-" "Mozilla/5.0 (Linux; U; Android 4.4.2; en-US; HM NOTE 1W Build/KOT49H) AppleWebKit/534.30 (KHTML, like Gecko) Version/4.0 UCBrowser/11.0.5.850 U3/0.8.0 Mobile Safari/534.30"
212.192.241.17 - - [29/Jun/2022:06:15:30 +0000] "POST / HTTP/1.1" 405 166 "-" "Mozilla/5.0 (Linux; U; Android 4.4.2; en-US; HM NOTE 1W Build/KOT49H) AppleWebKit/534.30 (KHTML, like Gecko) Version/4.0 UCBrowser/11.0.5.850 U3/0.8.0 Mobile Safari/534.30"
212.192.241.17 - - [29/Jun/2022:06:15:36 +0000] "GET /.env.save HTTP/1.1" 404 134 "-" "Mozilla/5.0 (Linux; U; Android 4.4.2; en-US; HM NOTE 1W Build/KOT49H) AppleWebKit/534.30 (KHTML, like Gecko) Version/4.0 UCBrowser/11.0.5.850 U3/0.8.0 Mobile Safari/534.30"
212.192.241.17 - - [29/Jun/2022:06:15:43 +0000] "GET /_profiler/phpinfo HTTP/1.1" 404 134 "-" "Mozilla/5.0 (Linux; U; Android 4.4.2; en-US; HM NOTE 1W Build/KOT49H) AppleWebKit/534.30 (KHTML, like Gecko) Version/4.0 UCBrowser/11.0.5.850 U3/0.8.0 Mobile Safari/534.30"
212.192.241.17 - - [29/Jun/2022:06:15:51 +0000] "GET /debug/default/view?panel=config HTTP/1.1" 404 134 "-" "Mozilla/5.0 (Linux; U; Android 4.4.2; en-US; HM NOTE 1W Build/KOT49H) AppleWebKit/534.30 (KHTML, like Gecko) Version/4.0 UCBrowser/11.0.5.850 U3/0.8.0 Mobile Safari/534.30"
212.192.241.17 - - [29/Jun/2022:06:15:57 +0000] "GET / HTTP/1.1" 200 396 "-" "python-requests/2.25.1"
114.119.147.81 - - [29/Jun/2022:06:17:19 +0000] "GET /node/1862/ch7_6448-copy?share=facebook HTTP/1.1" 302 154 "https://mrchoke.org/node/1862/ch7_6448-copy?ak_action=accept_mobile" "Mozilla/5.0 (Linux; Android 7.0;) AppleWebKit/537.36 (KHTML, like Gecko) Mobile Safari/537.36 (compatible; PetalBot;+https://webmaster.petalsearch.com/site/petalbot)"
114.119.147.81 - - [29/Jun/2022:06:17:21 +0000] "GET /node/1862/ch7_6448-copy?share=facebook HTTP/1.1" 301 178 "https://mrchoke.org/node/1862/ch7_6448-copy?ak_action=accept_mobile" "Mozilla/5.0 (Linux; Android 7.0;) AppleWebKit/537.36 (KHTML, like Gecko) Mobile Safari/537.36 (compatible; PetalBot;+https://webmaster.petalsearch.com/site/petalbot)"
114.119.147.81 - - [29/Jun/2022:06:17:22 +0000] "GET /node/1862/ch7_6448-copy/?share=facebook HTTP/1.1" 200 7878 "https://mrchoke.org/node/1862/ch7_6448-copy?ak_action=accept_mobile" "Mozilla/5.0 (Linux; Android 7.0;) AppleWebKit/537.36 (KHTML, like Gecko) Mobile Safari/537.36 (compatible; PetalBot;+https://webmaster.petalsearch.com/site/petalbot)"
5.45.207.92 - - [29/Jun/2022:06:19:14 +0000] "GET /node/category/game HTTP/1.1" 301 178 "-" "Mozilla/5.0 (compatible; YandexBot/3.0; +http://yandex.com/bots)"
87.250.224.4 - - [29/Jun/2022:06:19:18 +0000] "GET /node/category/game/ HTTP/1.1" 200 8416 "-" "Mozilla/5.0 (compatible; YandexBot/3.0; +http://yandex.com/bots)"
114.119.147.75 - - [29/Jun/2022:06:20:08 +0000] "GET /node/date/2004/12/23 HTTP/1.1" 302 154 "https://mrchoke.org/node/505?share=twitter" "Mozilla/5.0 (Linux; Android 7.0;) AppleWebKit/537.36 (KHTML, like Gecko) Mobile Safari/537.36 (compatible; PetalBot;+https://webmaster.petalsearch.com/site/petalbot)"
114.119.147.75 - - [29/Jun/2022:06:20:08 +0000] "GET /node/date/2004/12/23 HTTP/1.1" 301 178 "https://mrchoke.org/node/505?share=twitter" "Mozilla/5.0 (Linux; Android 7.0;) AppleWebKit/537.36 (KHTML, like Gecko) Mobile Safari/537.36 (compatible; PetalBot;+https://webmaster.petalsearch.com/site/petalbot)"
114.119.147.75 - - [29/Jun/2022:06:20:08 +0000] "GET /node/date/2004/12/23/ HTTP/1.1" 200 7725 "https://mrchoke.org/node/505?share=twitter" "Mozilla/5.0 (Linux; Android 7.0;) AppleWebKit/537.36 (KHTML, like Gecko) Mobile Safari/537.36 (compatible; PetalBot;+https://webmaster.petalsearch.com/site/petalbot)"
207.46.13.174 - - [29/Jun/2022:06:22:06 +0000] "GET /node/1428/ HTTP/2.0" 200 10868 "-" "Mozilla/5.0 (compatible; bingbot/2.0; +http://www.bing.com/bingbot.htm)"
40.77.167.46 - - [29/Jun/2022:06:22:30 +0000] "GET /node/24 HTTP/2.0" 302 154 "-" "Mozilla/5.0 (compatible; bingbot/2.0; +http://www.bing.com/bingbot.htm)"
40.77.167.46 - - [29/Jun/2022:06:22:39 +0000] "GET /node/24 HTTP/2.0" 301 178 "-" "Mozilla/5.0 (compatible; bingbot/2.0; +http://www.bing.com/bingbot.htm)"
40.77.167.46 - - [29/Jun/2022:06:22:49 +0000] "GET /node/24/ HTTP/2.0" 200 8719 "-" "Mozilla/5.0 (compatible; bingbot/2.0; +http://www.bing.com/bingbot.htm)"
114.119.147.75 - - [29/Jun/2022:06:24:12 +0000] "GET /node/date/2006/10/09 HTTP/1.1" 302 154 "https://mrchoke.org/node/52" "Mozilla/5.0 (Linux; Android 7.0;) AppleWebKit/537.36 (KHTML, like Gecko) Mobile Safari/537.36 (compatible; PetalBot;+https://webmaster.petalsearch.com/site/petalbot)"
114.119.147.75 - - [29/Jun/2022:06:24:12 +0000] "GET /node/date/2006/10/09 HTTP/1.1" 301 178 "https://mrchoke.org/node/52" "Mozilla/5.0 (Linux; Android 7.0;) AppleWebKit/537.36 (KHTML, like Gecko) Mobile Safari/537.36 (compatible; PetalBot;+https://webmaster.petalsearch.com/site/petalbot)"
114.119.147.75 - - [29/Jun/2022:06:24:13 +0000] "GET /node/date/2006/10/09/ HTTP/1.1" 200 11487 "https://mrchoke.org/node/52" "Mozilla/5.0 (Linux; Android 7.0;) AppleWebKit/537.36 (KHTML, like Gecko) Mobile Safari/537.36 (compatible; PetalBot;+https://webmaster.petalsearch.com/site/petalbot)"
114.119.147.87 - - [29/Jun/2022:06:27:14 +0000] "GET /node/date/2014/02/16 HTTP/1.1" 404 134 "http://www.mrchoke.org/node/1724" "Mozilla/5.0 (Linux; Android 7.0;) AppleWebKit/537.36 (KHTML, like Gecko) Mobile Safari/537.36 (compatible; PetalBot;+https://webmaster.petalsearch.com/site/petalbot)"
185.7.214.104 - - [29/Jun/2022:06:28:11 +0000] "GET /?a=fetch&content=<php>die(@md5(HelloThinkCMF))</php> HTTP/1.1" 200 396 "-" "Mozilla/5.0 (Windows NT 10.0; Win64; x64) AppleWebKit/537.36 (KHTML, like Gecko) Chrome/78.0.3904.108 Safari/537.36"
65.108.227.178 - - [29/Jun/2022:06:28:26 +0000] "GET /robots.txt HTTP/1.1" 404 162 "-" "Mozilla/5.0 (compatible; MJ12bot/v1.4.8; http://mj12bot.com/)"
65.108.227.178 - - [29/Jun/2022:06:28:39 +0000] "GET /node/category/music/%E0%B9%80%E0%B8%9E%E0%B8%A5%E0%B8%87%E0%B9%83%E0%B8%95%E0%B9%89/page/14 HTTP/1.1" 302 154 "-" "Mozilla/5.0 (compatible; MJ12bot/v1.4.8; http://mj12bot.com/)"
65.108.227.178 - - [29/Jun/2022:06:28:50 +0000] "GET /robots.txt HTTP/1.1" 404 162 "-" "Mozilla/5.0 (compatible; MJ12bot/v1.4.8; http://mj12bot.com/)"
65.108.227.178 - - [29/Jun/2022:06:29:03 +0000] "GET /node/category/music/%E0%B9%80%E0%B8%9E%E0%B8%A5%E0%B8%87%E0%B9%83%E0%B8%95%E0%B9%89/page/14 HTTP/1.1" 404 134 "-" "Mozilla/5.0 (compatible; MJ12bot/v1.4.8; http://mj12bot.com/)"
207.46.13.4 - - [29/Jun/2022:06:29:12 +0000] "GET /node/category/nectec/nsc/feed HTTP/2.0" 301 178 "-" "Mozilla/5.0 (compatible; bingbot/2.0; +http://www.bing.com/bingbot.htm)"
207.46.13.4 - - [29/Jun/2022:06:29:22 +0000] "GET /node/category/nectec/nsc/feed/ HTTP/2.0" 403 123 "-" "Mozilla/5.0 (compatible; bingbot/2.0; +http://www.bing.com/bingbot.htm)"
65.108.227.178 - - [29/Jun/2022:06:29:29 +0000] "GET /node/category/music/%E0%B9%80%E0%B8%9E%E0%B8%A5%E0%B8%87%E0%B9%83%E0%B8%95%E0%B9%89 HTTP/1.1" 404 134 "-" "Mozilla/5.0 (compatible; MJ12bot/v1.4.8; http://mj12bot.com/)"
65.108.227.178 - - [29/Jun/2022:06:29:48 +0000] "GET /node/category/music/%E0%B9%80%E0%B8%9E%E0%B8%A5%E0%B8%87%E0%B9%83%E0%B8%95%E0%B9%89/%E0%B8%AB%E0%B8%A5%E0%B8%87_%E0%B8%A5%E0%B8%87%E0%B8%A5%E0%B8%B2%E0%B8%A2 HTTP/1.1" 404 134 "-" "Mozilla/5.0 (compatible; MJ12bot/v1.4.8; http://mj12bot.com/)"
65.108.227.178 - - [29/Jun/2022:06:30:00 +0000] "GET /node/category/music/%E0%B9%80%E0%B8%9E%E0%B8%A5%E0%B8%87%E0%B9%83%E0%B8%95%E0%B9%89/%E0%B8%94%E0%B9%89%E0%B8%B2%E0%B8%A1%E0%B8%82%E0%B8%A7%E0%B8%B2%E0%B8%99 HTTP/1.1" 404 134 "-" "Mozilla/5.0 (compatible; MJ12bot/v1.4.8; http://mj12bot.com/)"
65.108.227.178 - - [29/Jun/2022:06:30:11 +0000] "GET /node/category/music/%E0%B9%80%E0%B8%9E%E0%B8%A5%E0%B8%87%E0%B9%83%E0%B8%95%E0%B9%89/%E0%B8%99%E0%B8%B2%E0%B8%84%E0%B8%AD%E0%B8%99 HTTP/1.1" 404 134 "-" "Mozilla/5.0 (compatible; MJ12bot/v1.4.8; http://mj12bot.com/)"
216.244.66.229 - - [29/Jun/2022:06:30:19 +0000] "GET /robots.txt HTTP/1.1" 404 162 "-" "Mozilla/5.0 (compatible; DotBot/1.2; +https://opensiteexplorer.org/dotbot; help@moz.com)"
65.108.227.178 - - [29/Jun/2022:06:30:24 +0000] "GET /node/category/music/%E0%B9%80%E0%B8%9E%E0%B8%A5%E0%B8%87%E0%B9%83%E0%B8%95%E0%B9%89/%E0%B8%A1%E0%B8%B2%E0%B8%A5%E0%B8%B5%E0%B8%AE%E0%B8%A7%E0%B8%99%E0%B8%99%E0%B9%88%E0%B8%B2 HTTP/1.1" 404 134 "-" "Mozilla/5.0 (compatible; MJ12bot/v1.4.8; http://mj12bot.com/)"
114.119.147.87 - - [29/Jun/2022:06:30:25 +0000] "GET /node/tag/virtualbox?ak_action=accept_mobile HTTP/1.1" 302 154 "https://mrchoke.org/node/tag/virtualbox?ak_action=reject_mobile" "Mozilla/5.0 (Linux; Android 7.0;) AppleWebKit/537.36 (KHTML, like Gecko) Mobile Safari/537.36 (compatible; PetalBot;+https://webmaster.petalsearch.com/site/petalbot)"
114.119.147.87 - - [29/Jun/2022:06:30:26 +0000] "GET /node/tag/virtualbox?ak_action=accept_mobile HTTP/1.1" 301 178 "https://mrchoke.org/node/tag/virtualbox?ak_action=reject_mobile" "Mozilla/5.0 (Linux; Android 7.0;) AppleWebKit/537.36 (KHTML, like Gecko) Mobile Safari/537.36 (compatible; PetalBot;+https://webmaster.petalsearch.com/site/petalbot)"
114.119.147.87 - - [29/Jun/2022:06:30:27 +0000] "GET /node/tag/virtualbox/?ak_action=accept_mobile HTTP/1.1" 200 11003 "https://mrchoke.org/node/tag/virtualbox?ak_action=reject_mobile" "Mozilla/5.0 (Linux; Android 7.0;) AppleWebKit/537.36 (KHTML, like Gecko) Mobile Safari/537.36 (compatible; PetalBot;+https://webmaster.petalsearch.com/site/petalbot)"
65.108.227.178 - - [29/Jun/2022:06:30:40 +0000] "GET /node/category/music/%E0%B9%80%E0%B8%9E%E0%B8%A5%E0%B8%87%E0%B9%83%E0%B8%95%E0%B9%89/%E0%B8%A1%E0%B8%B2%E0%B8%A5%E0%B8%B5%E0%B8%AE%E0%B8%A7%E0%B8%99%E0%B8%99%E0%B9%88%E0%B8%B2/%E0%B8%9A%E0%B8%B1%E0%B8%87%E0%B9%83%E0%B8%9A%E0%B9%89 HTTP/1.1" 404 134 "-" "Mozilla/5.0 (compatible; MJ12bot/v1.4.8; http://mj12bot.com/)"
65.108.227.178 - - [29/Jun/2022:06:31:03 +0000] "GET /node/category/music/%E0%B9%80%E0%B8%9E%E0%B8%A5%E0%B8%87%E0%B9%83%E0%B8%95%E0%B9%89/%E0%B8%A1%E0%B8%B2%E0%B8%A5%E0%B8%B5%E0%B8%AE%E0%B8%A7%E0%B8%99%E0%B8%99%E0%B9%88%E0%B8%B2/%E0%B8%A5%E0%B8%A1%E0%B9%83%E0%B8%95%E0%B9%89%E0%B8%9B%E0%B8%B5%E0%B8%81 HTTP/1.1" 404 134 "-" "Mozilla/5.0 (compatible; MJ12bot/v1.4.8; http://mj12bot.com/)"
34.78.6.216 - - [29/Jun/2022:06:31:09 +0000] "GET / HTTP/1.1" 200 396 "-" "python-requests/2.28.0"
65.108.227.178 - - [29/Jun/2022:06:31:15 +0000] "GET /node/category/music/%E0%B9%80%E0%B8%9E%E0%B8%A5%E0%B8%87%E0%B9%83%E0%B8%95%E0%B9%89/%E0%B8%A1%E0%B8%B2%E0%B8%A5%E0%B8%B5%E0%B8%AE%E0%B8%A7%E0%B8%99%E0%B8%99%E0%B9%88%E0%B8%B2/%E0%B9%80%E0%B8%9E%E0%B8%B7%E0%B9%88%E0%B8%AD%E0%B8%99%E0%B9%80%E0%B8%9E HTTP/1.1" 404 134 "-" "Mozilla/5.0 (compatible; MJ12bot/v1.4.8; http://mj12bot.com/)"
65.108.227.178 - - [29/Jun/2022:06:31:32 +0000] "GET /node/category/music/%E0%B9%80%E0%B8%9E%E0%B8%A5%E0%B8%87%E0%B8%AA%E0%B8%B2%E0%B8%81%E0%B8%A5 HTTP/1.1" 404 134 "-" "Mozilla/5.0 (compatible; MJ12bot/v1.4.8; http://mj12bot.com/)"
65.108.227.178 - - [29/Jun/2022:06:31:49 +0000] "GET /node/category/music/%E0%B9%80%E0%B8%9E%E0%B8%A5%E0%B8%87%E0%B9%80%E0%B8%9E%E0%B8%B7%E0%B9%88%E0%B8%AD%E0%B8%8A%E0%B8%B5%E0%B8%A7%E0%B8%B4%E0%B8%95 HTTP/1.1" 404 134 "-" "Mozilla/5.0 (compatible; MJ12bot/v1.4.8; http://mj12bot.com/)"
65.108.227.178 - - [29/Jun/2022:06:32:09 +0000] "GET /node/category/music/%E0%B9%80%E0%B8%9E%E0%B8%A5%E0%B8%87%E0%B9%81%E0%B8%9B%E0%B8%A5%E0%B8%81 HTTP/1.1" 404 134 "-" "Mozilla/5.0 (compatible; MJ12bot/v1.4.8; http://mj12bot.com/)"
65.108.227.178 - - [29/Jun/2022:06:32:24 +0000] "GET /node/category/%E0%B8%81%E0%B8%A3%E0%B8%B8%E0%B8%87%E0%B9%80%E0%B8%97%E0%B8%9E HTTP/1.1" 404 134 "-" "Mozilla/5.0 (compatible; MJ12bot/v1.4.8; http://mj12bot.com/)"
216.244.66.229 - - [29/Jun/2022:06:32:36 +0000] "GET /feed/?attachment_id=1649 HTTP/1.1" 404 162 "-" "Mozilla/5.0 (compatible; DotBot/1.2; +https://opensiteexplorer.org/dotbot; help@moz.com)"
65.108.227.178 - - [29/Jun/2022:06:32:42 +0000] "GET /node/category/%E0%B8%81%E0%B8%A5%E0%B8%AD%E0%B8%99 HTTP/1.1" 404 134 "-" "Mozilla/5.0 (compatible; MJ12bot/v1.4.8; http://mj12bot.com/)"
65.108.227.178 - - [29/Jun/2022:06:32:56 +0000] "GET /node/category/%E0%B8%81%E0%B8%A5%E0%B8%B1%E0%B8%9A%E0%B8%81%E0%B8%A5%E0%B8%B2%E0%B8%A2 HTTP/1.1" 404 134 "-" "Mozilla/5.0 (compatible; MJ12bot/v1.4.8; http://mj12bot.com/)"
65.108.227.178 - - [29/Jun/2022:06:33:08 +0000] "GET /node/category/%E0%B8%81%E0%B8%A7%E0%B8%B5 HTTP/1.1" 404 134 "-" "Mozilla/5.0 (compatible; MJ12bot/v1.4.8; http://mj12bot.com/)"
114.119.147.73 - - [29/Jun/2022:06:33:15 +0000] "GET /img_6552 HTTP/1.1" 301 178 "https://mrchoke.org/node/1015?share=reddit" "Mozilla/5.0 (Linux; Android 7.0;) AppleWebKit/537.36 (KHTML, like Gecko) Mobile Safari/537.36 (compatible; PetalBot;+https://webmaster.petalsearch.com/site/petalbot)"
114.119.147.73 - - [29/Jun/2022:06:33:15 +0000] "GET /img_6552/ HTTP/1.1" 200 7919 "https://mrchoke.org/node/1015?share=reddit" "Mozilla/5.0 (Linux; Android 7.0;) AppleWebKit/537.36 (KHTML, like Gecko) Mobile Safari/537.36 (compatible; PetalBot;+https://webmaster.petalsearch.com/site/petalbot)"
65.108.227.178 - - [29/Jun/2022:06:33:20 +0000] "GET /node/category/%E0%B8%81%E0%B8%B2%E0%B8%A3%E0%B9%80%E0%B8%A1%E0%B8%B7%E0%B8%AD%E0%B8%87 HTTP/1.1" 404 134 "-" "Mozilla/5.0 (compatible; MJ12bot/v1.4.8; http://mj12bot.com/)"
65.108.227.178 - - [29/Jun/2022:06:33:38 +0000] "GET /node/category/%E0%B8%81%E0%B8%B5%E0%B8%AC%E0%B8%B2 HTTP/1.1" 404 134 "-" "Mozilla/5.0 (compatible; MJ12bot/v1.4.8; http://mj12bot.com/)"
65.108.227.178 - - [29/Jun/2022:06:33:50 +0000] "GET /node/category/%E0%B8%82%E0%B8%AD%E0%B8%87%E0%B9%80%E0%B8%A5%E0%B9%88%E0%B8%99 HTTP/1.1" 404 134 "-" "Mozilla/5.0 (compatible; MJ12bot/v1.4.8; http://mj12bot.com/)"
65.108.227.178 - - [29/Jun/2022:06:34:09 +0000] "GET /node/category/%E0%B8%84%E0%B8%99%E0%B9%80%E0%B8%8A%E0%B9%87%E0%B8%94%E0%B9%80%E0%B8%87%E0%B8%B2 HTTP/1.1" 404 134 "-" "Mozilla/5.0 (compatible; MJ12bot/v1.4.8; http://mj12bot.com/)"
65.108.227.178 - - [29/Jun/2022:06:34:26 +0000] "GET /node/category/%E0%B8%87%E0%B8%B2%E0%B8%99%E0%B9%81%E0%B8%95%E0%B9%88%E0%B8%87 HTTP/1.1" 404 134 "-" "Mozilla/5.0 (compatible; MJ12bot/v1.4.8; http://mj12bot.com/)"
65.108.227.178 - - [29/Jun/2022:06:34:36 +0000] "GET /node/category/%E0%B8%96%E0%B9%88%E0%B8%B2%E0%B8%A2%E0%B8%A0%E0%B8%B2%E0%B8%9E HTTP/1.1" 404 134 "-" "Mozilla/5.0 (compatible; MJ12bot/v1.4.8; http://mj12bot.com/)"
65.108.227.178 - - [29/Jun/2022:06:34:48 +0000] "GET /node/category/%E0%B8%97%E0%B8%94%E0%B8%AA%E0%B8%AD%E0%B8%9A HTTP/1.1" 404 134 "-" "Mozilla/5.0 (compatible; MJ12bot/v1.4.8; http://mj12bot.com/)"
5.255.253.165 - - [29/Jun/2022:06:34:51 +0000] "GET /robots.txt HTTP/1.1" 404 162 "-" "Mozilla/5.0 (compatible; YandexBot/3.0; +http://yandex.com/bots)"
87.250.224.127 - - [29/Jun/2022:06:34:55 +0000] "GET /node/452 HTTP/1.1" 302 154 "-" "Mozilla/5.0 (compatible; YandexBot/3.0; +http://yandex.com/bots)"
5.255.253.119 - - [29/Jun/2022:06:34:56 +0000] "GET /node/452 HTTP/1.1" 301 178 "-" "Mozilla/5.0 (compatible; YandexBot/3.0; +http://yandex.com/bots)"
5.255.253.163 - - [29/Jun/2022:06:35:01 +0000] "GET /node/452/ HTTP/1.1" 200 9568 "-" "Mozilla/5.0 (compatible; YandexBot/3.0; +http://yandex.com/bots)"
65.108.227.178 - - [29/Jun/2022:06:35:07 +0000] "GET /node/category/%E0%B8%97%E0%B8%97%E0%B8%97. HTTP/1.1" 404 134 "-" "Mozilla/5.0 (compatible; MJ12bot/v1.4.8; http://mj12bot.com/)"
5.255.253.163 - - [29/Jun/2022:06:35:15 +0000] "GET /node/452/ HTTP/1.1" 200 9568 "-" "Mozilla/5.0 (compatible; YandexBot/3.0; +http://yandex.com/bots)"
65.108.227.178 - - [29/Jun/2022:06:35:23 +0000] "GET /node/category/%E0%B8%97%E0%B8%B5%E0%B9%88%E0%B8%97%E0%B8%B3%E0%B8%87%E0%B8%B2%E0%B8%99 HTTP/1.1" 404 134 "-" "Mozilla/5.0 (compatible; MJ12bot/v1.4.8; http://mj12bot.com/)"
65.108.227.178 - - [29/Jun/2022:06:35:39 +0000] "GET /node/category/%E0%B8%97%E0%B9%88%E0%B8%AD%E0%B8%87%E0%B9%80%E0%B8%97%E0%B8%B5%E0%B9%88%E0%B8%A2%E0%B8%A7 HTTP/1.1" 404 134 "-" "Mozilla/5.0 (compatible; MJ12bot/v1.4.8; http://mj12bot.com/)"
17.121.113.171 - - [29/Jun/2022:06:36:00 +0000] "GET /files/u1/gnome-codec-install3.jpg HTTP/1.1" 404 134 "-" "Mozilla/5.0 (Macintosh; Intel Mac OS X 10_15_5) AppleWebKit/605.1.15 (KHTML, like Gecko) Version/13.1.1 Safari/605.1.15 (Applebot/0.1; +http://www.apple.com/go/applebot)"
65.108.227.178 - - [29/Jun/2022:06:36:01 +0000] "GET /node/category/%E0%B8%97%E0%B9%88%E0%B8%B2%E0%B8%8A%E0%B8%99%E0%B8%B0 HTTP/1.1" 404 134 "-" "Mozilla/5.0 (compatible; MJ12bot/v1.4.8; http://mj12bot.com/)"
65.108.227.178 - - [29/Jun/2022:06:36:23 +0000] "GET /node/category/%E0%B8%98%E0%B8%A3%E0%B8%A3%E0%B8%A1%E0%B8%B0 HTTP/1.1" 404 134 "-" "Mozilla/5.0 (compatible; MJ12bot/v1.4.8; http://mj12bot.com/)"
114.119.147.74 - - [29/Jun/2022:06:36:26 +0000] "GET /node/25 HTTP/1.1" 302 154 "https://mrchoke.org/node/499?share=reddit" "Mozilla/5.0 (Linux; Android 7.0;) AppleWebKit/537.36 (KHTML, like Gecko) Mobile Safari/537.36 (compatible; PetalBot;+https://webmaster.petalsearch.com/site/petalbot)"
114.119.147.74 - - [29/Jun/2022:06:36:26 +0000] "GET /node/25 HTTP/1.1" 301 178 "https://mrchoke.org/node/499?share=reddit" "Mozilla/5.0 (Linux; Android 7.0;) AppleWebKit/537.36 (KHTML, like Gecko) Mobile Safari/537.36 (compatible; PetalBot;+https://webmaster.petalsearch.com/site/petalbot)"
114.119.147.74 - - [29/Jun/2022:06:36:27 +0000] "GET /node/25/ HTTP/1.1" 200 10509 "https://mrchoke.org/node/499?share=reddit" "Mozilla/5.0 (Linux; Android 7.0;) AppleWebKit/537.36 (KHTML, like Gecko) Mobile Safari/537.36 (compatible; PetalBot;+https://webmaster.petalsearch.com/site/petalbot)"
65.108.227.178 - - [29/Jun/2022:06:36:34 +0000] "GET /node/category/%E0%B8%9A%E0%B8%A3%E0%B8%A3%E0%B8%A2%E0%B8%B2%E0%B8%A2 HTTP/1.1" 404 134 "-" "Mozilla/5.0 (compatible; MJ12bot/v1.4.8; http://mj12bot.com/)"
65.108.227.178 - - [29/Jun/2022:06:36:50 +0000] "GET /node/category/%E0%B8%9A%E0%B8%A7%E0%B8%8A HTTP/1.1" 404 134 "-" "Mozilla/5.0 (compatible; MJ12bot/v1.4.8; http://mj12bot.com/)"
65.108.227.178 - - [29/Jun/2022:06:37:10 +0000] "GET /node/category/%E0%B8%9A%E0%B8%B8%E0%B8%9B%E0%B8%9C%E0%B8%B2%E0%B8%8A%E0%B8%99 HTTP/1.1" 404 134 "-" "Mozilla/5.0 (compatible; MJ12bot/v1.4.8; http://mj12bot.com/)"
65.108.227.178 - - [29/Jun/2022:06:37:23 +0000] "GET /node/category/%E0%B8%9A%E0%B9%88%E0%B8%99 HTTP/1.1" 404 134 "-" "Mozilla/5.0 (compatible; MJ12bot/v1.4.8; http://mj12bot.com/)"
65.108.227.178 - - [29/Jun/2022:06:37:37 +0000] "GET /node/category/%E0%B8%9B%E0%B8%A3%E0%B8%B0%E0%B9%80%E0%B8%9E%E0%B8%93%E0%B8%B5 HTTP/1.1" 404 134 "-" "Mozilla/5.0 (compatible; MJ12bot/v1.4.8; http://mj12bot.com/)"
65.108.227.178 - - [29/Jun/2022:06:37:49 +0000] "GET /node/category/%E0%B8%9B%E0%B8%A5%E0%B8%B2%E0%B8%A2%E0%B9%81%E0%B8%AA%E0%B8%94 HTTP/1.1" 404 134 "-" "Mozilla/5.0 (compatible; MJ12bot/v1.4.8; http://mj12bot.com/)"
65.108.227.178 - - [29/Jun/2022:06:38:04 +0000] "GET /node/category/%E0%B8%A0%E0%B8%B2%E0%B8%A9%E0%B8%B2%E0%B8%88%E0%B8%B5%E0%B8%99 HTTP/1.1" 404 134 "-" "Mozilla/5.0 (compatible; MJ12bot/v1.4.8; http://mj12bot.com/)"
65.108.227.178 - - [29/Jun/2022:06:38:12 +0000] "GET /node/category/%E0%B8%A1%E0%B8%AD. HTTP/1.1" 404 134 "-" "Mozilla/5.0 (compatible; MJ12bot/v1.4.8; http://mj12bot.com/)"
65.108.227.178 - - [29/Jun/2022:06:38:29 +0000] "GET /node/category/%E0%B8%A1%E0%B8%AD._%E0%B8%9B%E0%B8%B1%E0%B8%95%E0%B8%95%E0%B8%B2%E0%B8%99%E0%B8%B5 HTTP/1.1" 404 134 "-" "Mozilla/5.0 (compatible; MJ12bot/v1.4.8; http://mj12bot.com/)"
65.108.227.178 - - [29/Jun/2022:06:38:41 +0000] "GET /node/category/%E0%B8%A3%E0%B8%B2%E0%B8%8A%E0%B8%9E%E0%B8%A4%E0%B8%81%E0%B8%A9%E0%B9%8C HTTP/1.1" 404 134 "-" "Mozilla/5.0 (compatible; MJ12bot/v1.4.8; http://mj12bot.com/)"
65.108.227.178 - - [29/Jun/2022:06:38:55 +0000] "GET /node/category/%E0%B8%A7%E0%B8%B1%E0%B8%94 HTTP/1.1" 404 134 "-" "Mozilla/5.0 (compatible; MJ12bot/v1.4.8; http://mj12bot.com/)"
65.108.227.178 - - [29/Jun/2022:06:39:06 +0000] "GET /node/category/%E0%B8%A7%E0%B8%B1%E0%B8%99%E0%B9%80%E0%B8%81%E0%B8%B4%E0%B8%94 HTTP/1.1" 404 134 "-" "Mozilla/5.0 (compatible; MJ12bot/v1.4.8; http://mj12bot.com/)"
65.108.227.178 - - [29/Jun/2022:06:39:21 +0000] "GET /node/category/%E0%B8%A8%E0%B8%B4%E0%B8%A9%E0%B8%A2%E0%B9%8C%E0%B9%80%E0%B8%81%E0%B9%88%E0%B8%B2_%E0%B8%AD%E0%B8%81. HTTP/1.1" 404 134 "-" "Mozilla/5.0 (compatible; MJ12bot/v1.4.8; http://mj12bot.com/)"
114.119.147.74 - - [29/Jun/2022:06:39:30 +0000] "GET /node/693/5 HTTP/1.1" 301 178 "https://static.mrchoke.org/node/693/4" "Mozilla/5.0 (Linux; Android 7.0;) AppleWebKit/537.36 (KHTML, like Gecko) Mobile Safari/537.36 (compatible; PetalBot;+https://webmaster.petalsearch.com/site/petalbot)"
114.119.147.74 - - [29/Jun/2022:06:39:34 +0000] "GET /node/693/5/ HTTP/1.1" 200 10566 "https://static.mrchoke.org/node/693/4" "Mozilla/5.0 (Linux; Android 7.0;) AppleWebKit/537.36 (KHTML, like Gecko) Mobile Safari/537.36 (compatible; PetalBot;+https://webmaster.petalsearch.com/site/petalbot)"
65.108.227.178 - - [29/Jun/2022:06:39:35 +0000] "GET /node/category/%E0%B8%AA%E0%B8%B1%E0%B8%87%E0%B8%84%E0%B8%A1 HTTP/1.1" 404 134 "-" "Mozilla/5.0 (compatible; MJ12bot/v1.4.8; http://mj12bot.com/)"
65.108.227.178 - - [29/Jun/2022:06:39:46 +0000] "GET /node/category/%E0%B8%AA%E0%B8%B8%E0%B8%A3%E0%B8%B2%E0%B8%A9%E0%B8%8E%E0%B8%A3%E0%B9%8C%E0%B8%98%E0%B8%B2%E0%B8%99%E0%B8%B5 HTTP/1.1" 404 134 "-" "Mozilla/5.0 (compatible; MJ12bot/v1.4.8; http://mj12bot.com/)"
65.108.227.178 - - [29/Jun/2022:06:39:57 +0000] "GET /node/category/%E0%B8%AA%E0%B9%88%E0%B8%A7%E0%B8%99%E0%B8%95%E0%B8%B1%E0%B8%A7 HTTP/1.1" 404 134 "-" "Mozilla/5.0 (compatible; MJ12bot/v1.4.8; http://mj12bot.com/)"
65.108.227.178 - - [29/Jun/2022:06:40:14 +0000] "GET /node/category/%E0%B8%AB%E0%B8%AD%E0%B8%9E%E0%B8%B1%E0%B8%81 HTTP/1.1" 404 134 "-" "Mozilla/5.0 (compatible; MJ12bot/v1.4.8; http://mj12bot.com/)"
65.108.227.178 - - [29/Jun/2022:06:40:22 +0000] "GET /node/category/%E0%B8%AD%E0%B8%81. HTTP/1.1" 404 134 "-" "Mozilla/5.0 (compatible; MJ12bot/v1.4.8; http://mj12bot.com/)"
65.108.227.178 - - [29/Jun/2022:06:40:37 +0000] "GET /node/category/%E0%B9%80%E0%B8%8A%E0%B8%B5%E0%B8%A2%E0%B8%87%E0%B9%83%E0%B8%AB%E0%B8%A1%E0%B9%88 HTTP/1.1" 404 134 "-" "Mozilla/5.0 (compatible; MJ12bot/v1.4.8; http://mj12bot.com/)"
65.108.227.178 - - [29/Jun/2022:06:40:49 +0000] "GET /node/category/%E0%B9%80%E0%B8%9E%E0%B8%B7%E0%B9%88%E0%B8%AD%E0%B8%99 HTTP/1.1" 404 134 "-" "Mozilla/5.0 (compatible; MJ12bot/v1.4.8; http://mj12bot.com/)"
65.108.227.178 - - [29/Jun/2022:06:41:02 +0000] "GET /node/category/%E0%B9%81%E0%B8%99%E0%B8%A7%E0%B8%84%E0%B8%B4%E0%B8%94 HTTP/1.1" 404 134 "-" "Mozilla/5.0 (compatible; MJ12bot/v1.4.8; http://mj12bot.com/)"
65.108.227.178 - - [29/Jun/2022:06:41:12 +0000] "GET /node/category/%E0%B9%81%E0%B8%A1%E0%B9%88%E0%B8%AE%E0%B9%88%E0%B8%AD%E0%B8%87%E0%B8%AA%E0%B8%AD%E0%B8%99 HTTP/1.1" 404 134 "-" "Mozilla/5.0 (compatible; MJ12bot/v1.4.8; http://mj12bot.com/)"
65.108.227.178 - - [29/Jun/2022:06:41:22 +0000] "GET /node/category/%E0%B9%82%E0%B8%A3%E0%B8%87%E0%B9%80%E0%B8%A3%E0%B8%B5%E0%B8%A2%E0%B8%99%E0%B9%83%E0%B8%99%E0%B8%9D%E0%B8%B1%E0%B8%99 HTTP/1.1" 404 134 "-" "Mozilla/5.0 (compatible; MJ12bot/v1.4.8; http://mj12bot.com/)"
65.108.227.178 - - [29/Jun/2022:06:41:35 +0000] "GET /node/category/%E0%B9%84%E0%B8%8A%E0%B8%A2%E0%B8%B2 HTTP/1.1" 404 134 "-" "Mozilla/5.0 (compatible; MJ12bot/v1.4.8; http://mj12bot.com/)"
157.55.39.114 - - [29/Jun/2022:06:42:11 +0000] "GET /node/358/feed HTTP/2.0" 301 178 "-" "Mozilla/5.0 (compatible; bingbot/2.0; +http://www.bing.com/bingbot.htm)"
157.55.39.114 - - [29/Jun/2022:06:42:22 +0000] "GET /node/358/feed/ HTTP/2.0" 403 123 "-" "Mozilla/5.0 (compatible; bingbot/2.0; +http://www.bing.com/bingbot.htm)"
114.119.147.86 - - [29/Jun/2022:06:42:33 +0000] "GET /node/693?ak_action=reject_mobile HTTP/1.1" 302 154 "https://mrchoke.org/node/693" "Mozilla/5.0 (Linux; Android 7.0;) AppleWebKit/537.36 (KHTML, like Gecko) Mobile Safari/537.36 (compatible; PetalBot;+https://webmaster.petalsearch.com/site/petalbot)"
114.119.147.86 - - [29/Jun/2022:06:42:33 +0000] "GET /node/693?ak_action=reject_mobile HTTP/1.1" 301 178 "https://mrchoke.org/node/693" "Mozilla/5.0 (Linux; Android 7.0;) AppleWebKit/537.36 (KHTML, like Gecko) Mobile Safari/537.36 (compatible; PetalBot;+https://webmaster.petalsearch.com/site/petalbot)"
114.119.147.86 - - [29/Jun/2022:06:42:33 +0000] "GET /node/693/?ak_action=reject_mobile HTTP/1.1" 200 10525 "https://mrchoke.org/node/693" "Mozilla/5.0 (Linux; Android 7.0;) AppleWebKit/537.36 (KHTML, like Gecko) Mobile Safari/537.36 (compatible; PetalBot;+https://webmaster.petalsearch.com/site/petalbot)"
114.119.147.81 - - [29/Jun/2022:06:45:47 +0000] "GET /node/category/blog/page/3 HTTP/1.1" 301 178 "https://mrchoke.org/node/category/blog/page/4?ak_action=reject_mobile" "Mozilla/5.0 (Linux; Android 7.0;) AppleWebKit/537.36 (KHTML, like Gecko) Mobile Safari/537.36 (compatible; PetalBot;+https://webmaster.petalsearch.com/site/petalbot)"
114.119.147.81 - - [29/Jun/2022:06:45:48 +0000] "GET /node/category/blog/page/3/ HTTP/1.1" 200 14858 "https://mrchoke.org/node/category/blog/page/4?ak_action=reject_mobile" "Mozilla/5.0 (Linux; Android 7.0;) AppleWebKit/537.36 (KHTML, like Gecko) Mobile Safari/537.36 (compatible; PetalBot;+https://webmaster.petalsearch.com/site/petalbot)"
207.46.13.4 - - [29/Jun/2022:06:48:05 +0000] "GET /node/250/ HTTP/2.0" 304 0 "-" "Mozilla/5.0 (compatible; bingbot/2.0; +http://www.bing.com/bingbot.htm)"
114.119.147.86 - - [29/Jun/2022:06:48:47 +0000] "GET /node/1558/img_7526?ak_action=accept_mobile HTTP/1.1" 302 154 "https://mrchoke.org/node/1558/img_7526?ak_action=reject_mobile" "Mozilla/5.0 (Linux; Android 7.0;) AppleWebKit/537.36 (KHTML, like Gecko) Mobile Safari/537.36 (compatible; PetalBot;+https://webmaster.petalsearch.com/site/petalbot)"
114.119.147.86 - - [29/Jun/2022:06:48:51 +0000] "GET /node/1558/img_7526?ak_action=accept_mobile HTTP/1.1" 301 178 "https://mrchoke.org/node/1558/img_7526?ak_action=reject_mobile" "Mozilla/5.0 (Linux; Android 7.0;) AppleWebKit/537.36 (KHTML, like Gecko) Mobile Safari/537.36 (compatible; PetalBot;+https://webmaster.petalsearch.com/site/petalbot)"
114.119.147.86 - - [29/Jun/2022:06:48:55 +0000] "GET /node/1558/img_7526/?ak_action=accept_mobile HTTP/1.1" 200 7926 "https://mrchoke.org/node/1558/img_7526?ak_action=reject_mobile" "Mozilla/5.0 (Linux; Android 7.0;) AppleWebKit/537.36 (KHTML, like Gecko) Mobile Safari/537.36 (compatible; PetalBot;+https://webmaster.petalsearch.com/site/petalbot)"
114.119.147.74 - - [29/Jun/2022:06:51:48 +0000] "GET /node/1862/ch7_6085?share=reddit HTTP/1.1" 302 154 "https://mrchoke.org/node/1862/ch7_6085" "Mozilla/5.0 (Linux; Android 7.0;) AppleWebKit/537.36 (KHTML, like Gecko) Mobile Safari/537.36 (compatible; PetalBot;+https://webmaster.petalsearch.com/site/petalbot)"
114.119.147.74 - - [29/Jun/2022:06:51:52 +0000] "GET /node/1862/ch7_6085?share=reddit HTTP/1.1" 301 178 "https://mrchoke.org/node/1862/ch7_6085" "Mozilla/5.0 (Linux; Android 7.0;) AppleWebKit/537.36 (KHTML, like Gecko) Mobile Safari/537.36 (compatible; PetalBot;+https://webmaster.petalsearch.com/site/petalbot)"
114.119.147.74 - - [29/Jun/2022:06:51:56 +0000] "GET /node/1862/ch7_6085/?share=reddit HTTP/1.1" 200 7929 "https://mrchoke.org/node/1862/ch7_6085" "Mozilla/5.0 (Linux; Android 7.0;) AppleWebKit/537.36 (KHTML, like Gecko) Mobile Safari/537.36 (compatible; PetalBot;+https://webmaster.petalsearch.com/site/petalbot)"
114.119.147.74 - - [29/Jun/2022:06:54:51 +0000] "GET /node/411?share=linkedin HTTP/1.1" 302 154 "https://mrchoke.org/node/411?ak_action=accept_mobile" "Mozilla/5.0 (Linux; Android 7.0;) AppleWebKit/537.36 (KHTML, like Gecko) Mobile Safari/537.36 (compatible; PetalBot;+https://webmaster.petalsearch.com/site/petalbot)"
114.119.147.74 - - [29/Jun/2022:06:54:54 +0000] "GET /node/411?share=linkedin HTTP/1.1" 301 178 "https://mrchoke.org/node/411?ak_action=accept_mobile" "Mozilla/5.0 (Linux; Android 7.0;) AppleWebKit/537.36 (KHTML, like Gecko) Mobile Safari/537.36 (compatible; PetalBot;+https://webmaster.petalsearch.com/site/petalbot)"
114.119.147.74 - - [29/Jun/2022:06:54:57 +0000] "GET /node/411/?share=linkedin HTTP/1.1" 200 10164 "https://mrchoke.org/node/411?ak_action=accept_mobile" "Mozilla/5.0 (Linux; Android 7.0;) AppleWebKit/537.36 (KHTML, like Gecko) Mobile Safari/537.36 (compatible; PetalBot;+https://webmaster.petalsearch.com/site/petalbot)"
20.7.168.0 - - [29/Jun/2022:06:56:19 +0000] "GET /robots.txt HTTP/1.1" 404 564 "-" "Mozilla/5.0 (Windows NT 10.0; WOW64) AppleWebKit/537.36 (KHTML, like Gecko) Chrome/49.0.2623.75 Safari/537.36 OPR/36.0.2130.32"
20.7.168.0 - - [29/Jun/2022:06:56:19 +0000] "GET / HTTP/1.1" 200 612 "-" "Mozilla/5.0 (Windows NT 10.0; WOW64) AppleWebKit/537.36 (KHTML, like Gecko) Chrome/49.0.2623.75 Safari/537.36 OPR/36.0.2130.32"
20.7.168.0 - - [29/Jun/2022:06:56:19 +0000] "GET /xmlrpc.php?rsd HTTP/1.1" 404 564 "-" "Mozilla/5.0 (Windows NT 10.0; WOW64) AppleWebKit/537.36 (KHTML, like Gecko) Chrome/49.0.2623.75 Safari/537.36 OPR/36.0.2130.32"
20.7.168.0 - - [29/Jun/2022:06:56:19 +0000] "GET /blog/robots.txt HTTP/1.1" 404 564 "-" "Mozilla/5.0 (Windows NT 10.0; WOW64) AppleWebKit/537.36 (KHTML, like Gecko) Chrome/49.0.2623.75 Safari/537.36 OPR/36.0.2130.32"
20.7.168.0 - - [29/Jun/2022:06:56:20 +0000] "GET /blog/ HTTP/1.1" 404 564 "-" "Mozilla/5.0 (Windows NT 10.0; WOW64) AppleWebKit/537.36 (KHTML, like Gecko) Chrome/49.0.2623.75 Safari/537.36 OPR/36.0.2130.32"
20.7.168.0 - - [29/Jun/2022:06:56:20 +0000] "GET /wordpress/ HTTP/1.1" 404 564 "-" "Mozilla/5.0 (Windows NT 10.0; WOW64) AppleWebKit/537.36 (KHTML, like Gecko) Chrome/49.0.2623.75 Safari/537.36 OPR/36.0.2130.32"
20.7.168.0 - - [29/Jun/2022:06:56:20 +0000] "GET /wp/ HTTP/1.1" 404 564 "-" "Mozilla/5.0 (Windows NT 10.0; WOW64) AppleWebKit/537.36 (KHTML, like Gecko) Chrome/49.0.2623.75 Safari/537.36 OPR/36.0.2130.32"
20.7.168.0 - - [29/Jun/2022:06:56:20 +0000] "GET /robots.txt HTTP/1.1" 404 564 "-" "Mozilla/5.0 (Windows NT 10.0; WOW64) AppleWebKit/537.36 (KHTML, like Gecko) Chrome/49.0.2623.75 Safari/537.36 OPR/36.0.2130.32"
20.7.168.0 - - [29/Jun/2022:06:56:21 +0000] "GET /administrator/index.php HTTP/1.1" 404 564 "-" "Mozilla/5.0 (Windows NT 10.0; WOW64) AppleWebKit/537.36 (KHTML, like Gecko) Chrome/49.0.2623.75 Safari/537.36 OPR/36.0.2130.32"
20.7.168.0 - - [29/Jun/2022:06:56:21 +0000] "GET /blog/robots.txt HTTP/1.1" 404 564 "-" "Mozilla/5.0 (Windows NT 10.0; WOW64) AppleWebKit/537.36 (KHTML, like Gecko) Chrome/49.0.2623.75 Safari/537.36 OPR/36.0.2130.32"
20.7.168.0 - - [29/Jun/2022:06:56:21 +0000] "GET /blog/administrator/index.php HTTP/1.1" 404 564 "-" "Mozilla/5.0 (Windows NT 10.0; WOW64) AppleWebKit/537.36 (KHTML, like Gecko) Chrome/49.0.2623.75 Safari/537.36 OPR/36.0.2130.32"
20.7.168.0 - - [29/Jun/2022:06:56:21 +0000] "GET /joomla/robots.txt HTTP/1.1" 404 564 "-" "Mozilla/5.0 (Windows NT 10.0; WOW64) AppleWebKit/537.36 (KHTML, like Gecko) Chrome/49.0.2623.75 Safari/537.36 OPR/36.0.2130.32"
20.7.168.0 - - [29/Jun/2022:06:56:22 +0000] "GET /joomla/administrator/index.php HTTP/1.1" 404 564 "-" "Mozilla/5.0 (Windows NT 10.0; WOW64) AppleWebKit/537.36 (KHTML, like Gecko) Chrome/49.0.2623.75 Safari/537.36 OPR/36.0.2130.32"
20.7.168.0 - - [29/Jun/2022:06:56:22 +0000] "GET / HTTP/1.1" 200 612 "-" "Mozilla/5.0 (Windows NT 10.0; WOW64) AppleWebKit/537.36 (KHTML, like Gecko) Chrome/49.0.2623.75 Safari/537.36 OPR/36.0.2130.32"
20.7.168.0 - - [29/Jun/2022:06:56:22 +0000] "GET /admin/index.php HTTP/1.1" 400 568 "-" "Mozilla/5.0 (Windows NT 10.0; WOW64) AppleWebKit/537.36 (KHTML, like Gecko) Chrome/49.0.2623.75 Safari/537.36 OPR/36.0.2130.32"
20.7.168.0 - - [29/Jun/2022:06:56:23 +0000] "GET /bitrix/admin/index.php?lang=en HTTP/1.1" 404 564 "-" "Mozilla/5.0 (Windows NT 10.0; WOW64) AppleWebKit/537.36 (KHTML, like Gecko) Chrome/49.0.2623.75 Safari/537.36 OPR/36.0.2130.32"
20.7.168.0 - - [29/Jun/2022:06:56:23 +0000] "GET /robots.txt HTTP/1.1" 404 564 "-" "Mozilla/5.0 (Windows NT 10.0; WOW64) AppleWebKit/537.36 (KHTML, like Gecko) Chrome/49.0.2623.75 Safari/537.36 OPR/36.0.2130.32"
