114.119.147.81 - - [24/Jun/2022:09:01:30 +0000] "GET /wp-content/uploads/2014/01/IMG_7327-150x150.jpg HTTP/1.1" 404 134 "http://www.mrchoke.org/node/1437" "Mozilla/5.0 (Linux; Android 7.0;) AppleWebKit/537.36 (KHTML, like Gecko) Mobile Safari/537.36 (compatible; PetalBot;+https://webmaster.petalsearch.com/site/petalbot)"
54.36.148.116 - - [24/Jun/2022:09:03:41 +0000] "GET /img_6670/ HTTP/2.0" 200 7870 "-" "Mozilla/5.0 (compatible; AhrefsBot/7.0; +http://ahrefs.com/robot/)"
114.119.147.86 - - [24/Jun/2022:09:04:14 +0000] "GET /node/date/2008/07 HTTP/1.1" 404 134 "https://mrchoke.org/node/939/img_6419" "Mozilla/5.0 (Linux; Android 7.0;) AppleWebKit/537.36 (KHTML, like Gecko) Mobile Safari/537.36 (compatible; PetalBot;+https://webmaster.petalsearch.com/site/petalbot)"
114.119.147.73 - - [24/Jun/2022:09:06:49 +0000] "GET /node/category/domain/page/3?ak_action=reject_mobile HTTP/1.1" 302 154 "https://mrchoke.org/node/category/domain/page/4?ak_action=reject_mobile" "Mozilla/5.0 (Linux; Android 7.0;) AppleWebKit/537.36 (KHTML, like Gecko) Mobile Safari/537.36 (compatible; PetalBot;+https://webmaster.petalsearch.com/site/petalbot)"
114.119.147.73 - - [24/Jun/2022:09:06:49 +0000] "GET /node/category/domain/page/3?ak_action=reject_mobile HTTP/1.1" 301 178 "https://mrchoke.org/node/category/domain/page/4?ak_action=reject_mobile" "Mozilla/5.0 (Linux; Android 7.0;) AppleWebKit/537.36 (KHTML, like Gecko) Mobile Safari/537.36 (compatible; PetalBot;+https://webmaster.petalsearch.com/site/petalbot)"
114.119.147.73 - - [24/Jun/2022:09:06:50 +0000] "GET /node/category/domain/page/3/?ak_action=reject_mobile HTTP/1.1" 200 13936 "https://mrchoke.org/node/category/domain/page/4?ak_action=reject_mobile" "Mozilla/5.0 (Linux; Android 7.0;) AppleWebKit/537.36 (KHTML, like Gecko) Mobile Safari/537.36 (compatible; PetalBot;+https://webmaster.petalsearch.com/site/petalbot)"
185.254.196.223 - - [24/Jun/2022:09:08:29 +0000] "GET /.env HTTP/1.1" 404 197 "-" "Mozilla/5.0 (X11; Linux x86_64) AppleWebKit/537.36 (KHTML, like Gecko) Chrome/81.0.4044.129 Safari/537.36"
185.254.196.223 - - [24/Jun/2022:09:08:48 +0000] "POST / HTTP/1.1" 405 568 "-" "Mozilla/5.0 (X11; Linux x86_64) AppleWebKit/537.36 (KHTML, like Gecko) Chrome/81.0.4044.129 Safari/537.36"
114.119.147.81 - - [24/Jun/2022:09:09:29 +0000] "GET /node/68?share=reddit HTTP/1.1" 302 154 "https://mrchoke.org/node/68?ak_action=accept_mobile" "Mozilla/5.0 (Linux; Android 7.0;) AppleWebKit/537.36 (KHTML, like Gecko) Mobile Safari/537.36 (compatible; PetalBot;+https://webmaster.petalsearch.com/site/petalbot)"
114.119.147.81 - - [24/Jun/2022:09:09:30 +0000] "GET /node/68?share=reddit HTTP/1.1" 301 178 "https://mrchoke.org/node/68?ak_action=accept_mobile" "Mozilla/5.0 (Linux; Android 7.0;) AppleWebKit/537.36 (KHTML, like Gecko) Mobile Safari/537.36 (compatible; PetalBot;+https://webmaster.petalsearch.com/site/petalbot)"
114.119.147.81 - - [24/Jun/2022:09:09:31 +0000] "GET /node/68/?share=reddit HTTP/1.1" 200 8747 "https://mrchoke.org/node/68?ak_action=accept_mobile" "Mozilla/5.0 (Linux; Android 7.0;) AppleWebKit/537.36 (KHTML, like Gecko) Mobile Safari/537.36 (compatible; PetalBot;+https://webmaster.petalsearch.com/site/petalbot)"
20.83.26.166 - - [24/Jun/2022:09:10:01 +0000] "GET /wp-admin/css/ HTTP/1.1" 404 197 "binance.com" "Mozilla/5.0 (Windows NT 10.0; Win64; x64) AppleWebKit/537.36 (KHTML, like Gecko) Chrome/90.0.4430.85 Safari/537.36"
20.83.26.166 - - [24/Jun/2022:09:10:09 +0000] "GET /.well-known/ HTTP/1.1" 404 197 "binance.com" "Mozilla/5.0 (Windows NT 10.0; Win64; x64) AppleWebKit/537.36 (KHTML, like Gecko) Chrome/90.0.4430.85 Safari/537.36"
20.83.26.166 - - [24/Jun/2022:09:10:16 +0000] "GET /sites/default/files/ HTTP/1.1" 404 197 "binance.com" "Mozilla/5.0 (Windows NT 10.0; Win64; x64) AppleWebKit/537.36 (KHTML, like Gecko) Chrome/90.0.4430.85 Safari/537.36"
20.83.26.166 - - [24/Jun/2022:09:10:24 +0000] "GET /admin/controller/extension/extension/ HTTP/1.1" 404 197 "binance.com" "Mozilla/5.0 (Windows NT 10.0; Win64; x64) AppleWebKit/537.36 (KHTML, like Gecko) Chrome/90.0.4430.85 Safari/537.36"
20.83.26.166 - - [24/Jun/2022:09:10:31 +0000] "GET /uploads/ HTTP/1.1" 404 197 "binance.com" "Mozilla/5.0 (Windows NT 10.0; Win64; x64) AppleWebKit/537.36 (KHTML, like Gecko) Chrome/90.0.4430.85 Safari/537.36"
20.83.26.166 - - [24/Jun/2022:09:10:37 +0000] "GET /images/ HTTP/1.1" 404 197 "binance.com" "Mozilla/5.0 (Windows NT 10.0; Win64; x64) AppleWebKit/537.36 (KHTML, like Gecko) Chrome/90.0.4430.85 Safari/537.36"
20.83.26.166 - - [24/Jun/2022:09:10:47 +0000] "GET /files/ HTTP/1.1" 404 197 "binance.com" "Mozilla/5.0 (Windows NT 10.0; Win64; x64) AppleWebKit/537.36 (KHTML, like Gecko) Chrome/90.0.4430.85 Safari/537.36"
144.91.106.14 - - [24/Jun/2022:09:12:15 +0000] "GET / HTTP/1.1" 200 396 "-" "Mozilla/5.0 (X11; Linux x86_64) AppleWebKit/537.36 (KHTML, like Gecko) Chrome/89.0.4389.82 Safari/537.36"
144.91.106.14 - - [24/Jun/2022:09:12:16 +0000] "GET / HTTP/1.1" 200 16008 "-" "Mozilla/5.0 (X11; Linux x86_64) AppleWebKit/537.36 (KHTML, like Gecko) Chrome/89.0.4389.82 Safari/537.36"
114.119.147.87 - - [24/Jun/2022:09:14:46 +0000] "GET /node/date/2007/11/27 HTTP/1.1" 404 134 "http://www.mrchoke.org/node/201" "Mozilla/5.0 (Linux; Android 7.0;) AppleWebKit/537.36 (KHTML, like Gecko) Mobile Safari/537.36 (compatible; PetalBot;+https://webmaster.petalsearch.com/site/petalbot)"
185.191.171.26 - - [24/Jun/2022:09:14:47 +0000] "GET /node/926 HTTP/1.1" 301 178 "-" "Mozilla/5.0 (compatible; SemrushBot/7~bl; +http://www.semrush.com/bot.html)"
185.191.171.25 - - [24/Jun/2022:09:14:50 +0000] "GET /node/926/ HTTP/1.1" 200 11208 "-" "Mozilla/5.0 (compatible; SemrushBot/7~bl; +http://www.semrush.com/bot.html)"
185.21.216.169 - - [24/Jun/2022:09:16:36 +0000] "GET / HTTP/1.1" 200 396 "-" "Mozilla/5.0 (Macintosh; Intel Mac OS X 10_15_7) AppleWebKit/537.36 (KHTML, like Gecko) Chrome/102.0.0.0 Safari/537.36"
114.119.147.87 - - [24/Jun/2022:09:17:10 +0000] "GET /node/date/2004/08/04 HTTP/1.1" 404 134 "http://www.mrchoke.org/node/477" "Mozilla/5.0 (Linux; Android 7.0;) AppleWebKit/537.36 (KHTML, like Gecko) Mobile Safari/537.36 (compatible; PetalBot;+https://webmaster.petalsearch.com/site/petalbot)"
54.36.148.52 - - [24/Jun/2022:09:17:11 +0000] "GET /node/213/ HTTP/2.0" 200 8796 "-" "Mozilla/5.0 (compatible; AhrefsBot/7.0; +http://ahrefs.com/robot/)"
114.119.147.75 - - [24/Jun/2022:09:19:38 +0000] "GET /node/198?share=facebook HTTP/1.1" 302 154 "https://mrchoke.org/node/198?ak_action=reject_mobile" "Mozilla/5.0 (Linux; Android 7.0;) AppleWebKit/537.36 (KHTML, like Gecko) Mobile Safari/537.36 (compatible; PetalBot;+https://webmaster.petalsearch.com/site/petalbot)"
114.119.147.75 - - [24/Jun/2022:09:19:38 +0000] "GET /node/198?share=facebook HTTP/1.1" 301 178 "https://mrchoke.org/node/198?ak_action=reject_mobile" "Mozilla/5.0 (Linux; Android 7.0;) AppleWebKit/537.36 (KHTML, like Gecko) Mobile Safari/537.36 (compatible; PetalBot;+https://webmaster.petalsearch.com/site/petalbot)"
114.119.147.75 - - [24/Jun/2022:09:19:38 +0000] "GET /node/198/?share=facebook HTTP/1.1" 200 9094 "https://mrchoke.org/node/198?ak_action=reject_mobile" "Mozilla/5.0 (Linux; Android 7.0;) AppleWebKit/537.36 (KHTML, like Gecko) Mobile Safari/537.36 (compatible; PetalBot;+https://webmaster.petalsearch.com/site/petalbot)"
114.119.147.81 - - [24/Jun/2022:09:22:12 +0000] "GET /node/408?share=linkedin HTTP/1.1" 302 154 "https://mrchoke.org/node/408?ak_action=accept_mobile" "Mozilla/5.0 (Linux; Android 7.0;) AppleWebKit/537.36 (KHTML, like Gecko) Mobile Safari/537.36 (compatible; PetalBot;+https://webmaster.petalsearch.com/site/petalbot)"
114.119.147.81 - - [24/Jun/2022:09:22:21 +0000] "GET /node/408?share=linkedin HTTP/1.1" 301 178 "https://mrchoke.org/node/408?ak_action=accept_mobile" "Mozilla/5.0 (Linux; Android 7.0;) AppleWebKit/537.36 (KHTML, like Gecko) Mobile Safari/537.36 (compatible; PetalBot;+https://webmaster.petalsearch.com/site/petalbot)"
185.191.171.21 - - [24/Jun/2022:09:22:58 +0000] "GET /robots.txt HTTP/1.1" 404 134 "-" "Mozilla/5.0 (compatible; SemrushBot/7~bl; +http://www.semrush.com/bot.html)"
185.191.171.43 - - [24/Jun/2022:09:22:59 +0000] "GET /node/1006/img_6488 HTTP/1.1" 301 178 "-" "Mozilla/5.0 (compatible; SemrushBot/7~bl; +http://www.semrush.com/bot.html)"
185.191.171.8 - - [24/Jun/2022:09:23:01 +0000] "GET /node/1006/img_6488/ HTTP/1.1" 200 7924 "-" "Mozilla/5.0 (compatible; SemrushBot/7~bl; +http://www.semrush.com/bot.html)"
185.191.171.25 - - [24/Jun/2022:09:24:26 +0000] "GET /ch7_3346 HTTP/1.1" 301 178 "-" "Mozilla/5.0 (compatible; SemrushBot/7~bl; +http://www.semrush.com/bot.html)"
185.191.171.40 - - [24/Jun/2022:09:24:28 +0000] "GET /ch7_3346/ HTTP/1.1" 200 7883 "-" "Mozilla/5.0 (compatible; SemrushBot/7~bl; +http://www.semrush.com/bot.html)"
40.77.167.43 - - [24/Jun/2022:09:26:40 +0000] "GET /node/153/feed HTTP/2.0" 301 178 "-" "Mozilla/5.0 (compatible; bingbot/2.0; +http://www.bing.com/bingbot.htm)"
40.77.167.43 - - [24/Jun/2022:09:26:49 +0000] "GET /node/153/feed/ HTTP/2.0" 403 123 "-" "Mozilla/5.0 (compatible; bingbot/2.0; +http://www.bing.com/bingbot.htm)"
216.244.66.229 - - [24/Jun/2022:09:27:18 +0000] "GET /robots.txt HTTP/1.1" 404 162 "-" "Mozilla/5.0 (compatible; DotBot/1.2; +https://opensiteexplorer.org/dotbot; help@moz.com)"
216.244.66.229 - - [24/Jun/2022:09:27:18 +0000] "GET /robots.txt HTTP/1.1" 404 162 "-" "Mozilla/5.0 (compatible; DotBot/1.2; +https://opensiteexplorer.org/dotbot; help@moz.com)"
54.36.149.10 - - [24/Jun/2022:09:29:58 +0000] "GET /node/1908/screenshot-2016-04-22-11-49-45/ HTTP/2.0" 200 7945 "-" "Mozilla/5.0 (compatible; AhrefsBot/7.0; +http://ahrefs.com/robot/)"
216.244.66.229 - - [24/Jun/2022:09:30:12 +0000] "GET /page/29 HTTP/1.1" 404 162 "-" "Mozilla/5.0 (compatible; DotBot/1.2; +https://opensiteexplorer.org/dotbot; help@moz.com)"
216.244.66.229 - - [24/Jun/2022:09:31:09 +0000] "GET /node/188 HTTP/1.1" 404 162 "-" "Mozilla/5.0 (compatible; DotBot/1.2; +https://opensiteexplorer.org/dotbot; help@moz.com)"
216.244.66.229 - - [24/Jun/2022:09:31:13 +0000] "GET /node/244 HTTP/1.1" 404 162 "-" "Mozilla/5.0 (compatible; DotBot/1.2; +https://opensiteexplorer.org/dotbot; help@moz.com)"
114.119.147.97 - - [24/Jun/2022:09:32:26 +0000] "GET /node/1006/img_6472 HTTP/1.1" 404 134 "http://mrchoke.org/node/1006/img_6490" "Mozilla/5.0 (Linux; Android 7.0;) AppleWebKit/537.36 (KHTML, like Gecko) Mobile Safari/537.36 (compatible; PetalBot;+https://webmaster.petalsearch.com/site/petalbot)"
216.244.66.229 - - [24/Jun/2022:09:32:54 +0000] "GET /node/1298/feed HTTP/1.1" 404 162 "-" "Mozilla/5.0 (compatible; DotBot/1.2; +https://opensiteexplorer.org/dotbot; help@moz.com)"
185.191.171.4 - - [24/Jun/2022:09:33:13 +0000] "GET /node/939/img_6448 HTTP/1.1" 301 178 "-" "Mozilla/5.0 (compatible; SemrushBot/7~bl; +http://www.semrush.com/bot.html)"
185.191.171.10 - - [24/Jun/2022:09:33:15 +0000] "GET /node/939/img_6448/ HTTP/1.1" 200 7892 "-" "Mozilla/5.0 (compatible; SemrushBot/7~bl; +http://www.semrush.com/bot.html)"
192.241.208.27 - - [24/Jun/2022:09:35:08 +0000] "GET /hudson HTTP/1.1" 404 134 "-" "Mozilla/5.0 zgrab/0.x"
40.77.167.43 - - [24/Jun/2022:09:36:31 +0000] "GET / HTTP/2.0" 200 282 "-" "Mozilla/5.0 (compatible; bingbot/2.0; +http://www.bing.com/bingbot.htm)"
185.191.171.25 - - [24/Jun/2022:09:40:11 +0000] "GET /node/tag/%E0%B9%80%E0%B8%88%E0%B9%87%E0%B8%94%E0%B8%A7%E0%B8%B1%E0%B8%99 HTTP/1.1" 404 134 "-" "Mozilla/5.0 (compatible; SemrushBot/7~bl; +http://www.semrush.com/bot.html)"
114.119.147.86 - - [24/Jun/2022:09:40:16 +0000] "GET /node/392?ak_action=accept_mobile HTTP/1.1" 302 154 "https://mrchoke.org/node/392?ak_action=reject_mobile" "Mozilla/5.0 (Linux; Android 7.0;) AppleWebKit/537.36 (KHTML, like Gecko) Mobile Safari/537.36 (compatible; PetalBot;+https://webmaster.petalsearch.com/site/petalbot)"
114.119.147.86 - - [24/Jun/2022:09:40:21 +0000] "GET /node/392?ak_action=accept_mobile HTTP/1.1" 301 178 "https://mrchoke.org/node/392?ak_action=reject_mobile" "Mozilla/5.0 (Linux; Android 7.0;) AppleWebKit/537.36 (KHTML, like Gecko) Mobile Safari/537.36 (compatible; PetalBot;+https://webmaster.petalsearch.com/site/petalbot)"
114.119.147.86 - - [24/Jun/2022:09:40:24 +0000] "GET /node/392/?ak_action=accept_mobile HTTP/1.1" 200 10685 "https://mrchoke.org/node/392?ak_action=reject_mobile" "Mozilla/5.0 (Linux; Android 7.0;) AppleWebKit/537.36 (KHTML, like Gecko) Mobile Safari/537.36 (compatible; PetalBot;+https://webmaster.petalsearch.com/site/petalbot)"
216.244.66.229 - - [24/Jun/2022:09:40:43 +0000] "GET /ch7_3603/ HTTP/1.1" 404 162 "-" "Mozilla/5.0 (compatible; DotBot/1.2; +https://opensiteexplorer.org/dotbot; help@moz.com)"
216.244.66.229 - - [24/Jun/2022:09:40:46 +0000] "GET /img_6785/ HTTP/1.1" 404 162 "-" "Mozilla/5.0 (compatible; DotBot/1.2; +https://opensiteexplorer.org/dotbot; help@moz.com)"
216.244.66.229 - - [24/Jun/2022:09:40:48 +0000] "GET /img_7458/ HTTP/1.1" 404 162 "-" "Mozilla/5.0 (compatible; DotBot/1.2; +https://opensiteexplorer.org/dotbot; help@moz.com)"
20.205.234.193 - - [24/Jun/2022:09:42:28 +0000] "POST /wp-plain.php HTTP/1.1" 404 197 "www.google.com" "Mozlila/5.0 (Linux; Android 7.0; SM-G892A Bulid/NRD90M; wv) AppleWebKit/537.36 (KHTML, like Gecko) Version/4.0 Chrome/60.0.3112.107 Moblie Safari/537.36"
20.205.234.193 - - [24/Jun/2022:09:42:35 +0000] "GET /6F957.php?adriv=vz HTTP/1.1" 404 197 "www.google.com" "Mozlila/5.0 (Linux; Android 7.0; SM-G892A Bulid/NRD90M; wv) AppleWebKit/537.36 (KHTML, like Gecko) Version/4.0 Chrome/60.0.3112.107 Moblie Safari/537.36"
20.205.234.193 - - [24/Jun/2022:09:42:41 +0000] "POST /wp-plain.php HTTP/1.1" 404 197 "www.google.com" "Mozlila/5.0 (Linux; Android 7.0; SM-G892A Bulid/NRD90M; wv) AppleWebKit/537.36 (KHTML, like Gecko) Version/4.0 Chrome/60.0.3112.107 Moblie Safari/537.36"
20.205.234.193 - - [24/Jun/2022:09:42:44 +0000] "GET /6F957.php?adriv=vz HTTP/1.1" 404 197 "www.google.com" "Mozlila/5.0 (Linux; Android 7.0; SM-G892A Bulid/NRD90M; wv) AppleWebKit/537.36 (KHTML, like Gecko) Version/4.0 Chrome/60.0.3112.107 Moblie Safari/537.36"
51.254.59.113 - - [24/Jun/2022:09:43:48 +0000] "GET / HTTP/1.1" 200 612 "-" "Mozilla/5.0 (Windows NT 6.1) AppleWebKit/537.36 (KHTML, like Gecko) Chrome/41.0.2228.0 Safari/537.36"
114.119.147.74 - - [24/Jun/2022:09:44:08 +0000] "GET /node/1908/gm21000_3 HTTP/1.1" 302 154 "https://mrchoke.org/node/1908/screenshot-2016-04-22-11-51-25" "Mozilla/5.0 (Linux; Android 7.0;) AppleWebKit/537.36 (KHTML, like Gecko) Mobile Safari/537.36 (compatible; PetalBot;+https://webmaster.petalsearch.com/site/petalbot)"
114.119.147.74 - - [24/Jun/2022:09:44:08 +0000] "GET /node/1908/gm21000_3 HTTP/1.1" 301 178 "https://mrchoke.org/node/1908/screenshot-2016-04-22-11-51-25" "Mozilla/5.0 (Linux; Android 7.0;) AppleWebKit/537.36 (KHTML, like Gecko) Mobile Safari/537.36 (compatible; PetalBot;+https://webmaster.petalsearch.com/site/petalbot)"
114.119.147.74 - - [24/Jun/2022:09:44:09 +0000] "GET /node/1908/gm21000_3/ HTTP/1.1" 200 7894 "https://mrchoke.org/node/1908/screenshot-2016-04-22-11-51-25" "Mozilla/5.0 (Linux; Android 7.0;) AppleWebKit/537.36 (KHTML, like Gecko) Mobile Safari/537.36 (compatible; PetalBot;+https://webmaster.petalsearch.com/site/petalbot)"
54.36.148.110 - - [24/Jun/2022:09:44:21 +0000] "GET /img_6668/ HTTP/2.0" 200 7877 "-" "Mozilla/5.0 (compatible; AhrefsBot/7.0; +http://ahrefs.com/robot/)"
185.191.171.3 - - [24/Jun/2022:09:44:32 +0000] "GET /node/154 HTTP/1.1" 301 178 "-" "Mozilla/5.0 (compatible; SemrushBot/7~bl; +http://www.semrush.com/bot.html)"
185.191.171.21 - - [24/Jun/2022:09:44:34 +0000] "GET /node/154/ HTTP/1.1" 200 11024 "-" "Mozilla/5.0 (compatible; SemrushBot/7~bl; +http://www.semrush.com/bot.html)"
207.46.13.174 - - [24/Jun/2022:09:46:00 +0000] "GET /node/306 HTTP/2.0" 302 154 "-" "Mozilla/5.0 (compatible; bingbot/2.0; +http://www.bing.com/bingbot.htm)"
157.55.39.115 - - [24/Jun/2022:09:46:04 +0000] "GET /robots.txt HTTP/2.0" 404 123 "-" "Mozilla/5.0 (compatible; bingbot/2.0; +http://www.bing.com/bingbot.htm)"
207.46.13.174 - - [24/Jun/2022:09:46:10 +0000] "GET /node/306 HTTP/2.0" 301 178 "-" "Mozilla/5.0 (compatible; bingbot/2.0; +http://www.bing.com/bingbot.htm)"
2403:6200:88a8:b63e:40b1:b5f2:a37c:d4ec - - [24/Jun/2022:09:46:13 +0000] "GET /apple-touch-icon-precomposed.png HTTP/2.0" 404 123 "-" "com.apple.WebKit.Networking/8614.1.16.10.5 CFNetwork/1383 Darwin/22.0.0"
2403:6200:88a8:b63e:40b1:b5f2:a37c:d4ec - - [24/Jun/2022:09:46:13 +0000] "GET /apple-touch-icon.png HTTP/2.0" 404 123 "-" "com.apple.WebKit.Networking/8614.1.16.10.5 CFNetwork/1383 Darwin/22.0.0"
2403:6200:88a8:b63e:40b1:b5f2:a37c:d4ec - - [24/Jun/2022:09:46:13 +0000] "GET /favicon.ico HTTP/2.0" 200 1150 "-" "com.apple.WebKit.Networking/8614.1.16.10.5 CFNetwork/1383 Darwin/22.0.0"
2403:6200:88a8:b63e:40b1:b5f2:a37c:d4ec - - [24/Jun/2022:09:46:14 +0000] "GET /favicon.ico HTTP/2.0" 200 1150 "-" "Mozilla/5.0 (iPhone; CPU iPhone OS 16_0 like Mac OS X) AppleWebKit/605.1.15 (KHTML, like Gecko) FxiOS/101.1  Mobile/15E148 Safari/605.1.15"
2403:6200:88a8:b63e:40b1:b5f2:a37c:d4ec - - [24/Jun/2022:09:46:15 +0000] "GET / HTTP/2.0" 200 282 "-" "Mozilla/5.0 (Macintosh; Intel Mac OS X 10_11_1) AppleWebKit/601.2.4 (KHTML, like Gecko) Version/9.0.1 Safari/601.2.4 facebookexternalhit/1.1 Facebot Twitterbot/1.0"
207.46.13.174 - - [24/Jun/2022:09:46:20 +0000] "GET /node/306/ HTTP/2.0" 200 8914 "-" "Mozilla/5.0 (compatible; bingbot/2.0; +http://www.bing.com/bingbot.htm)"
216.244.66.229 - - [24/Jun/2022:09:47:20 +0000] "GET /img_6720 HTTP/1.1" 404 162 "-" "Mozilla/5.0 (compatible; DotBot/1.2; +https://opensiteexplorer.org/dotbot; help@moz.com)"
207.46.13.149 - - [24/Jun/2022:09:50:12 +0000] "GET / HTTP/1.1" 200 396 "-" "Mozilla/5.0 (compatible; bingbot/2.0; +http://www.bing.com/bingbot.htm)"
114.119.147.86 - - [24/Jun/2022:09:50:39 +0000] "GET /node/370 HTTP/1.1" 301 178 "https://mrchoke.org/node/455?share=reddit" "Mozilla/5.0 (Linux; Android 7.0;) AppleWebKit/537.36 (KHTML, like Gecko) Mobile Safari/537.36 (compatible; PetalBot;+https://webmaster.petalsearch.com/site/petalbot)"
114.119.147.86 - - [24/Jun/2022:09:50:41 +0000] "GET /node/370/ HTTP/1.1" 200 9268 "https://mrchoke.org/node/455?share=reddit" "Mozilla/5.0 (Linux; Android 7.0;) AppleWebKit/537.36 (KHTML, like Gecko) Mobile Safari/537.36 (compatible; PetalBot;+https://webmaster.petalsearch.com/site/petalbot)"
185.191.171.9 - - [24/Jun/2022:09:50:50 +0000] "GET /node/145 HTTP/1.1" 301 178 "-" "Mozilla/5.0 (compatible; SemrushBot/7~bl; +http://www.semrush.com/bot.html)"
185.191.171.17 - - [24/Jun/2022:09:50:52 +0000] "GET /node/145/ HTTP/1.1" 200 10371 "-" "Mozilla/5.0 (compatible; SemrushBot/7~bl; +http://www.semrush.com/bot.html)"
43.158.215.27 - - [24/Jun/2022:09:50:53 +0000] "GET / HTTP/1.1" 301 178 "-" "'Mozilla/5.0 (Windows NT 10.0; Win64; x64; rv:101.0) Gecko/20100101 Firefox/101.0'"
157.55.39.114 - - [24/Jun/2022:09:52:32 +0000] "GET /node/234/ HTTP/2.0" 304 0 "-" "Mozilla/5.0 (compatible; bingbot/2.0; +http://www.bing.com/bingbot.htm)"
185.191.171.37 - - [24/Jun/2022:09:55:01 +0000] "GET /node/188 HTTP/1.1" 301 178 "-" "Mozilla/5.0 (compatible; SemrushBot/7~bl; +http://www.semrush.com/bot.html)"
185.191.171.11 - - [24/Jun/2022:09:55:04 +0000] "GET /node/188/ HTTP/1.1" 200 8824 "-" "Mozilla/5.0 (compatible; SemrushBot/7~bl; +http://www.semrush.com/bot.html)"
40.77.167.43 - - [24/Jun/2022:09:55:43 +0000] "GET /node/391/ HTTP/2.0" 304 0 "-" "Mozilla/5.0 (compatible; bingbot/2.0; +http://www.bing.com/bingbot.htm)"
185.191.171.3 - - [24/Jun/2022:09:57:13 +0000] "GET /node/date/2014/01/15 HTTP/1.1" 301 178 "-" "Mozilla/5.0 (compatible; SemrushBot/7~bl; +http://www.semrush.com/bot.html)"
185.191.171.43 - - [24/Jun/2022:09:57:16 +0000] "GET /node/date/2014/01/15/ HTTP/1.1" 200 8961 "-" "Mozilla/5.0 (compatible; SemrushBot/7~bl; +http://www.semrush.com/bot.html)"
185.191.171.9 - - [24/Jun/2022:10:00:11 +0000] "GET /robots.txt HTTP/1.1" 404 134 "-" "Mozilla/5.0 (compatible; SemrushBot/7~bl; +http://www.semrush.com/bot.html)"
185.191.171.39 - - [24/Jun/2022:10:00:12 +0000] "GET /node/category/linux/page/2 HTTP/1.1" 302 154 "-" "Mozilla/5.0 (compatible; SemrushBot/7~bl; +http://www.semrush.com/bot.html)"
185.191.171.26 - - [24/Jun/2022:10:00:13 +0000] "GET /node/category/linux/page/2 HTTP/1.1" 301 178 "-" "Mozilla/5.0 (compatible; SemrushBot/7~bl; +http://www.semrush.com/bot.html)"
185.191.171.16 - - [24/Jun/2022:10:00:15 +0000] "GET /node/category/linux/page/2/ HTTP/1.1" 200 16498 "-" "Mozilla/5.0 (compatible; SemrushBot/7~bl; +http://www.semrush.com/bot.html)"
167.94.138.47 - - [24/Jun/2022:10:02:08 +0000] "GET / HTTP/1.1" 200 612 "-" "-"
167.94.138.47 - - [24/Jun/2022:10:02:08 +0000] "GET / HTTP/1.1" 200 396 "-" "Mozilla/5.0 (compatible; CensysInspect/1.1; +https://about.censys.io/)"
167.94.138.47 - - [24/Jun/2022:10:02:09 +0000] "PRI * HTTP/2.0" 400 166 "-" "-"
185.191.171.37 - - [24/Jun/2022:10:02:28 +0000] "GET /ch7_4221 HTTP/1.1" 301 178 "-" "Mozilla/5.0 (compatible; SemrushBot/7~bl; +http://www.semrush.com/bot.html)"
185.191.171.40 - - [24/Jun/2022:10:02:30 +0000] "GET /ch7_4221/ HTTP/1.1" 200 7883 "-" "Mozilla/5.0 (compatible; SemrushBot/7~bl; +http://www.semrush.com/bot.html)"
40.77.167.43 - - [24/Jun/2022:10:09:11 +0000] "GET /wp-content/uploads/2016/05/img_1367.jpg HTTP/2.0" 200 2697778 "-" "Mozilla/5.0 (compatible; bingbot/2.0; +http://www.bing.com/bingbot.htm)"
2a01:4f9:1a:922b::2 - - [24/Jun/2022:10:09:32 +0000] "GET /robots.txt HTTP/1.1" 404 162 "-" "Mozilla/5.0 (compatible; MJ12bot/v1.4.8; http://mj12bot.com/)"
2a01:4f9:1a:922b::2 - - [24/Jun/2022:10:09:35 +0000] "GET /node/category/music/%E0%B9%80%E0%B8%9E%E0%B8%A5%E0%B8%87%E0%B9%83%E0%B8%95%E0%B9%89/page/15 HTTP/1.1" 302 154 "-" "Mozilla/5.0 (compatible; MJ12bot/v1.4.8; http://mj12bot.com/)"
2a01:4f9:1a:922b::2 - - [24/Jun/2022:10:10:10 +0000] "GET /robots.txt HTTP/1.1" 404 162 "-" "Mozilla/5.0 (compatible; MJ12bot/v1.4.8; http://mj12bot.com/)"
2a01:4f9:1a:922b::2 - - [24/Jun/2022:10:10:13 +0000] "GET /node/category/music/%E0%B9%80%E0%B8%9E%E0%B8%A5%E0%B8%87%E0%B9%83%E0%B8%95%E0%B9%89/page/15 HTTP/1.1" 404 134 "-" "Mozilla/5.0 (compatible; MJ12bot/v1.4.8; http://mj12bot.com/)"
2a01:4f9:1a:922b::2 - - [24/Jun/2022:10:10:15 +0000] "GET /node/category/music/%E0%B9%80%E0%B8%9E%E0%B8%A5%E0%B8%87%E0%B9%83%E0%B8%95%E0%B9%89/page/7 HTTP/1.1" 302 154 "-" "Mozilla/5.0 (compatible; MJ12bot/v1.4.8; http://mj12bot.com/)"
2a01:4f9:1a:922b::2 - - [24/Jun/2022:10:10:18 +0000] "GET /node/category/music/%E0%B9%80%E0%B8%9E%E0%B8%A5%E0%B8%87%E0%B9%83%E0%B8%95%E0%B9%89/page/7 HTTP/1.1" 404 134 "-" "Mozilla/5.0 (compatible; MJ12bot/v1.4.8; http://mj12bot.com/)"
2a01:4f9:1a:922b::2 - - [24/Jun/2022:10:10:20 +0000] "GET /node/category/music/%E0%B9%80%E0%B8%9E%E0%B8%A5%E0%B8%87%E0%B9%83%E0%B8%95%E0%B9%89/page/8 HTTP/1.1" 302 154 "-" "Mozilla/5.0 (compatible; MJ12bot/v1.4.8; http://mj12bot.com/)"
2a01:4f9:1a:922b::2 - - [24/Jun/2022:10:10:23 +0000] "GET /node/category/music/%E0%B9%80%E0%B8%9E%E0%B8%A5%E0%B8%87%E0%B9%83%E0%B8%95%E0%B9%89/page/8 HTTP/1.1" 404 134 "-" "Mozilla/5.0 (compatible; MJ12bot/v1.4.8; http://mj12bot.com/)"
2a01:4f9:1a:922b::2 - - [24/Jun/2022:10:10:25 +0000] "GET /node/category/music/%E0%B9%80%E0%B8%9E%E0%B8%A5%E0%B8%87%E0%B9%83%E0%B8%95%E0%B9%89/page/9 HTTP/1.1" 302 154 "-" "Mozilla/5.0 (compatible; MJ12bot/v1.4.8; http://mj12bot.com/)"
2a01:4f9:1a:922b::2 - - [24/Jun/2022:10:10:27 +0000] "GET /node/category/music/%E0%B9%80%E0%B8%9E%E0%B8%A5%E0%B8%87%E0%B9%83%E0%B8%95%E0%B9%89/page/9 HTTP/1.1" 404 134 "-" "Mozilla/5.0 (compatible; MJ12bot/v1.4.8; http://mj12bot.com/)"
2a01:4f9:1a:922b::2 - - [24/Jun/2022:10:10:30 +0000] "GET /node/601/%E0%B8%97%E0%B8%B5%E0%B9%88%E0%B8%A1%E0%B8%B2:%20http:/www.pcworld.com/article/252326/new_ipad_slow_to_recharge_barely_charges_during_use.html HTTP/1.1" 404 134 "-" "Mozilla/5.0 (compatible; MJ12bot/v1.4.8; http://mj12bot.com/)"
2a01:4f9:1a:922b::2 - - [24/Jun/2022:10:10:33 +0000] "GET /node/category/apple/%E0%B8%97%E0%B8%B5%E0%B9%88%E0%B8%A1%E0%B8%B2:%20http:/www.pcworld.com/article/252326/new_ipad_slow_to_recharge_barely_charges_during_use.html HTTP/1.1" 404 134 "-" "Mozilla/5.0 (compatible; MJ12bot/v1.4.8; http://mj12bot.com/)"
2a01:4f9:1a:922b::2 - - [24/Jun/2022:10:10:35 +0000] "GET /node/category/blog/page/14/%E0%B8%97%E0%B8%B5%E0%B9%88%E0%B8%A1%E0%B8%B2:%20http:/www.pcworld.com/article/252326/new_ipad_slow_to_recharge_barely_charges_during_use.html HTTP/1.1" 404 134 "-" "Mozilla/5.0 (compatible; MJ12bot/v1.4.8; http://mj12bot.com/)"
2a01:4f9:1a:922b::2 - - [24/Jun/2022:10:10:37 +0000] "GET /node/category/ios/%E0%B8%97%E0%B8%B5%E0%B9%88%E0%B8%A1%E0%B8%B2:%20http:/www.pcworld.com/article/252326/new_ipad_slow_to_recharge_barely_charges_during_use.html HTTP/1.1" 404 134 "-" "Mozilla/5.0 (compatible; MJ12bot/v1.4.8; http://mj12bot.com/)"
2a01:4f9:1a:922b::2 - - [24/Jun/2022:10:10:39 +0000] "GET /node/category/ipad/%E0%B8%97%E0%B8%B5%E0%B9%88%E0%B8%A1%E0%B8%B2:%20http:/www.pcworld.com/article/252326/new_ipad_slow_to_recharge_barely_charges_during_use.html HTTP/1.1" 404 134 "-" "Mozilla/5.0 (compatible; MJ12bot/v1.4.8; http://mj12bot.com/)"
2a01:4f9:1a:922b::2 - - [24/Jun/2022:10:10:41 +0000] "GET /node/date/2012/05/04/%E0%B8%97%E0%B8%B5%E0%B9%88%E0%B8%A1%E0%B8%B2:%20http:/www.pcworld.com/article/252326/new_ipad_slow_to_recharge_barely_charges_during_use.html HTTP/1.1" 404 134 "-" "Mozilla/5.0 (compatible; MJ12bot/v1.4.8; http://mj12bot.com/)"
2a01:4f9:1a:922b::2 - - [24/Jun/2022:10:10:43 +0000] "GET /node/tag/%E0%B8%81%E0%B8%A3%E0%B8%B0%E0%B9%80%E0%B8%9B%E0%B9%8B%E0%B8%B2%E0%B9%80%E0%B8%87%E0%B8%B4%E0%B8%99%E0%B8%AB%E0%B8%B2%E0%B8%A2 HTTP/1.1" 404 134 "-" "Mozilla/5.0 (compatible; MJ12bot/v1.4.8; http://mj12bot.com/)"
2a01:4f9:1a:922b::2 - - [24/Jun/2022:10:10:45 +0000] "GET /node/tag/%E0%B8%82%E0%B8%B2%E0%B8%A2 HTTP/1.1" 404 134 "-" "Mozilla/5.0 (compatible; MJ12bot/v1.4.8; http://mj12bot.com/)"
2a01:4f9:1a:922b::2 - - [24/Jun/2022:10:10:47 +0000] "GET /node/tag/%E0%B8%84%E0%B8%A5%E0%B8%AD%E0%B8%87%E0%B8%AA%E0%B8%B2%E0%B8%A1 HTTP/1.1" 404 134 "-" "Mozilla/5.0 (compatible; MJ12bot/v1.4.8; http://mj12bot.com/)"
2a01:4f9:1a:922b::2 - - [24/Jun/2022:10:10:50 +0000] "GET /node/tag/%E0%B8%84%E0%B8%AD%E0%B8%99%E0%B9%82%E0%B8%94 HTTP/1.1" 404 134 "-" "Mozilla/5.0 (compatible; MJ12bot/v1.4.8; http://mj12bot.com/)"
2a01:4f9:1a:922b::2 - - [24/Jun/2022:10:10:52 +0000] "GET /node/tag/%E0%B8%84%E0%B8%AD%E0%B9%80%E0%B8%84%E0%B8%A5%E0%B9%87%E0%B8%94 HTTP/1.1" 404 134 "-" "Mozilla/5.0 (compatible; MJ12bot/v1.4.8; http://mj12bot.com/)"
2a01:4f9:1a:922b::2 - - [24/Jun/2022:10:10:54 +0000] "GET /node/tag/%E0%B8%85%E0%B8%99%E0%B8%84%E0%B8%A7%E0%B8%99 HTTP/1.1" 404 134 "-" "Mozilla/5.0 (compatible; MJ12bot/v1.4.8; http://mj12bot.com/)"
2a01:4f9:1a:922b::2 - - [24/Jun/2022:10:10:57 +0000] "GET /node/tag/%E0%B8%87%E0%B8%B2%E0%B8%99%E0%B8%A8%E0%B8%9E HTTP/1.1" 404 134 "-" "Mozilla/5.0 (compatible; MJ12bot/v1.4.8; http://mj12bot.com/)"
2a01:4f9:1a:922b::2 - - [24/Jun/2022:10:11:02 +0000] "GET /node/tag/%E0%B8%94%E0%B8%AD%E0%B8%81%E0%B8%9B%E0%B8%B5%E0%B8%9B HTTP/1.1" 404 134 "-" "Mozilla/5.0 (compatible; MJ12bot/v1.4.8; http://mj12bot.com/)"
2a01:4f9:1a:922b::2 - - [24/Jun/2022:10:11:04 +0000] "GET /node/tag/%E0%B8%97%E0%B8%B3%E0%B8%9A%E0%B8%B1%E0%B8%95%E0%B8%A3%E0%B8%9B%E0%B8%A3%E0%B8%B0%E0%B8%8A%E0%B8%B2%E0%B8%8A%E0%B8%99 HTTP/1.1" 404 134 "-" "Mozilla/5.0 (compatible; MJ12bot/v1.4.8; http://mj12bot.com/)"
2a01:4f9:1a:922b::2 - - [24/Jun/2022:10:11:06 +0000] "GET /node/tag/%E0%B8%97%E0%B9%89%E0%B8%AD%E0%B8%87%E0%B8%9F%E0%B9%89%E0%B8%B2 HTTP/1.1" 404 134 "-" "Mozilla/5.0 (compatible; MJ12bot/v1.4.8; http://mj12bot.com/)"
2a01:4f9:1a:922b::2 - - [24/Jun/2022:10:11:08 +0000] "GET /node/tag/%E0%B8%99%E0%B9%89%E0%B8%B3%E0%B8%AB%E0%B8%99%E0%B8%B1%E0%B8%81 HTTP/1.1" 404 134 "-" "Mozilla/5.0 (compatible; MJ12bot/v1.4.8; http://mj12bot.com/)"
2a01:4f9:1a:922b::2 - - [24/Jun/2022:10:11:11 +0000] "GET /node/tag/%E0%B8%9A%E0%B8%A3%E0%B8%A3%E0%B8%A2%E0%B8%B2%E0%B8%A2 HTTP/1.1" 404 134 "-" "Mozilla/5.0 (compatible; MJ12bot/v1.4.8; http://mj12bot.com/)"
2a01:4f9:1a:922b::2 - - [24/Jun/2022:10:11:13 +0000] "GET /node/tag/%E0%B8%9A%E0%B8%A3%E0%B8%B4%E0%B8%88%E0%B8%B2%E0%B8%84%E0%B9%80%E0%B8%A5%E0%B8%B7%E0%B8%AD%E0%B8%94 HTTP/1.1" 404 134 "-" "Mozilla/5.0 (compatible; MJ12bot/v1.4.8; http://mj12bot.com/)"
2a01:4f9:1a:922b::2 - - [24/Jun/2022:10:11:15 +0000] "GET /node/tag/%E0%B8%9A%E0%B8%B1%E0%B8%95%E0%B8%A3%E0%B8%AB%E0%B8%B2%E0%B8%A2 HTTP/1.1" 404 134 "-" "Mozilla/5.0 (compatible; MJ12bot/v1.4.8; http://mj12bot.com/)"
2a01:4f9:1a:922b::2 - - [24/Jun/2022:10:11:17 +0000] "GET /node/tag/%E0%B8%9B%E0%B8%A5%E0%B8%B2%E0%B9%80%E0%B8%9C%E0%B8%B2 HTTP/1.1" 404 134 "-" "Mozilla/5.0 (compatible; MJ12bot/v1.4.8; http://mj12bot.com/)"
2a01:4f9:1a:922b::2 - - [24/Jun/2022:10:11:20 +0000] "GET /node/tag/%E0%B8%9B%E0%B8%B1%E0%B9%88%E0%B8%99%E0%B9%80%E0%B8%9E%E0%B8%B7%E0%B9%88%E0%B8%AD%E0%B8%99%E0%B9%89%E0%B8%AD%E0%B8%87 HTTP/1.1" 404 134 "-" "Mozilla/5.0 (compatible; MJ12bot/v1.4.8; http://mj12bot.com/)"
2a01:4f9:1a:922b::2 - - [24/Jun/2022:10:11:22 +0000] "GET /node/tag/%E0%B8%9B%E0%B9%88%E0%B8%A7%E0%B8%A2 HTTP/1.1" 404 134 "-" "Mozilla/5.0 (compatible; MJ12bot/v1.4.8; http://mj12bot.com/)"
2a01:4f9:1a:922b::2 - - [24/Jun/2022:10:11:24 +0000] "GET /node/tag/%E0%B8%9E%E0%B8%A3%E0%B8%B0%E0%B8%A3%E0%B8%B2%E0%B8%8A%E0%B8%A7%E0%B8%B1%E0%B8%87%E0%B8%9A%E0%B8%B2%E0%B8%87%E0%B8%9B%E0%B8%B0%E0%B8%AD%E0%B8%B4%E0%B8%99 HTTP/1.1" 404 134 "-" "Mozilla/5.0 (compatible; MJ12bot/v1.4.8; http://mj12bot.com/)"
2a01:4f9:1a:922b::2 - - [24/Jun/2022:10:11:27 +0000] "GET /node/tag/%E0%B8%9F%E0%B9%89%E0%B8%B2%E0%B9%82%E0%B8%94%E0%B8%A1 HTTP/1.1" 404 134 "-" "Mozilla/5.0 (compatible; MJ12bot/v1.4.8; http://mj12bot.com/)"
2a01:4f9:1a:922b::2 - - [24/Jun/2022:10:11:29 +0000] "GET /node/tag/%E0%B8%A0%E0%B8%B2%E0%B8%A9%E0%B8%B5 HTTP/1.1" 404 134 "-" "Mozilla/5.0 (compatible; MJ12bot/v1.4.8; http://mj12bot.com/)"
2a01:4f9:1a:922b::2 - - [24/Jun/2022:10:11:32 +0000] "GET /node/tag/%E0%B8%A0%E0%B8%B9%E0%B8%97%E0%B8%B1%E0%B8%9A%E0%B9%80%E0%B8%9A%E0%B8%B4%E0%B8%81 HTTP/1.1" 404 134 "-" "Mozilla/5.0 (compatible; MJ12bot/v1.4.8; http://mj12bot.com/)"
2a01:4f9:1a:922b::2 - - [24/Jun/2022:10:11:35 +0000] "GET /node/tag/%E0%B8%A1%E0%B8%98 HTTP/1.1" 404 134 "-" "Mozilla/5.0 (compatible; MJ12bot/v1.4.8; http://mj12bot.com/)"
2a01:4f9:1a:922b::2 - - [24/Jun/2022:10:11:40 +0000] "GET /node/tag/%E0%B8%A1%E0%B8%B2%E0%B8%86%E0%B8%9A%E0%B8%B9%E0%B8%8A%E0%B8%B2 HTTP/1.1" 404 134 "-" "Mozilla/5.0 (compatible; MJ12bot/v1.4.8; http://mj12bot.com/)"
2a01:4f9:1a:922b::2 - - [24/Jun/2022:10:11:42 +0000] "GET /node/tag/%E0%B8%A1%E0%B8%B4%E0%B8%A2%E0%B8%B2%E0%B8%9A%E0%B8%B4 HTTP/1.1" 404 134 "-" "Mozilla/5.0 (compatible; MJ12bot/v1.4.8; http://mj12bot.com/)"
2a01:4f9:1a:922b::2 - - [24/Jun/2022:10:11:44 +0000] "GET /node/tag/%E0%B8%A1-%E0%B8%AD HTTP/1.1" 404 134 "-" "Mozilla/5.0 (compatible; MJ12bot/v1.4.8; http://mj12bot.com/)"
2a01:4f9:1a:922b::2 - - [24/Jun/2022:10:11:46 +0000] "GET /node/tag/%E0%B8%A3%E0%B8%96%E0%B9%84%E0%B8%9F HTTP/1.1" 404 134 "-" "Mozilla/5.0 (compatible; MJ12bot/v1.4.8; http://mj12bot.com/)"
2a01:4f9:1a:922b::2 - - [24/Jun/2022:10:11:48 +0000] "GET /node/tag/%E0%B8%A3%E0%B8%AD%E0%B8%87%E0%B9%80%E0%B8%97%E0%B9%89%E0%B8%B2 HTTP/1.1" 404 134 "-" "Mozilla/5.0 (compatible; MJ12bot/v1.4.8; http://mj12bot.com/)"
185.191.171.8 - - [24/Jun/2022:10:11:49 +0000] "GET /node/category/thai HTTP/1.1" 301 178 "-" "Mozilla/5.0 (compatible; SemrushBot/7~bl; +http://www.semrush.com/bot.html)"
2a01:4f9:1a:922b::2 - - [24/Jun/2022:10:11:52 +0000] "GET /node/tag/%E0%B8%A7%E0%B8%B1%E0%B8%94%E0%B9%82%E0%B8%9A%E0%B8%AA%E0%B8%96%E0%B9%8C HTTP/1.1" 404 134 "-" "Mozilla/5.0 (compatible; MJ12bot/v1.4.8; http://mj12bot.com/)"
185.191.171.40 - - [24/Jun/2022:10:11:52 +0000] "GET /node/category/thai/ HTTP/1.1" 200 8303 "-" "Mozilla/5.0 (compatible; SemrushBot/7~bl; +http://www.semrush.com/bot.html)"
2a01:4f9:1a:922b::2 - - [24/Jun/2022:10:11:55 +0000] "GET /node/tag/%E0%B8%A7%E0%B8%B1%E0%B8%94%E0%B9%84%E0%B8%9C%E0%B9%88%E0%B8%A5%E0%B9%89%E0%B8%AD%E0%B8%A1 HTTP/1.1" 404 134 "-" "Mozilla/5.0 (compatible; MJ12bot/v1.4.8; http://mj12bot.com/)"
2a01:4f9:1a:922b::2 - - [24/Jun/2022:10:11:57 +0000] "GET /node/tag/%E0%B8%A7%E0%B8%B1%E0%B8%94%E0%B9%84%E0%B8%9C%E0%B9%89%E0%B8%A5%E0%B9%89%E0%B8%AD%E0%B8%A1 HTTP/1.1" 404 134 "-" "Mozilla/5.0 (compatible; MJ12bot/v1.4.8; http://mj12bot.com/)"
2a01:4f9:1a:922b::2 - - [24/Jun/2022:10:12:00 +0000] "GET /node/tag/%E0%B8%A7%E0%B8%B1%E0%B8%99%E0%B9%80%E0%B8%94%E0%B9%87%E0%B8%81 HTTP/1.1" 404 134 "-" "Mozilla/5.0 (compatible; MJ12bot/v1.4.8; http://mj12bot.com/)"
2a01:4f9:1a:922b::2 - - [24/Jun/2022:10:12:10 +0000] "GET /node/tag/%E0%B8%A8%E0%B8%A3%E0%B8%B5%E0%B8%95%E0%B8%A3%E0%B8%B1%E0%B8%87 HTTP/1.1" 404 134 "-" "Mozilla/5.0 (compatible; MJ12bot/v1.4.8; http://mj12bot.com/)"
2a01:4f9:1a:922b::2 - - [24/Jun/2022:10:12:13 +0000] "GET /node/tag/%E0%B8%A8%E0%B8%B9%E0%B8%99%E0%B8%A2%E0%B9%8C%E0%B8%A8%E0%B8%B4%E0%B8%A5%E0%B8%9B%E0%B8%B2%E0%B8%8A%E0%B8%B5%E0%B8%9E%E0%B8%9A%E0%B8%B2%E0%B8%87%E0%B9%84%E0%B8%97%E0%B8%A3 HTTP/1.1" 404 134 "-" "Mozilla/5.0 (compatible; MJ12bot/v1.4.8; http://mj12bot.com/)"
2a01:4f9:1a:922b::2 - - [24/Jun/2022:10:12:15 +0000] "GET /node/tag/%E0%B8%AA%E0%B8%A7%E0%B8%97%E0%B8%8A HTTP/1.1" 404 134 "-" "Mozilla/5.0 (compatible; MJ12bot/v1.4.8; http://mj12bot.com/)"
2a01:4f9:1a:922b::2 - - [24/Jun/2022:10:12:18 +0000] "GET /node/tag/%E0%B8%AA%E0%B9%88%E0%B8%A7%E0%B8%99%E0%B8%95%E0%B8%B1%E0%B8%A7 HTTP/1.1" 404 134 "-" "Mozilla/5.0 (compatible; MJ12bot/v1.4.8; http://mj12bot.com/)"
2a01:4f9:1a:922b::2 - - [24/Jun/2022:10:12:21 +0000] "GET /node/tag/%E0%B8%AB%E0%B8%A1%E0%B8%B2 HTTP/1.1" 404 134 "-" "Mozilla/5.0 (compatible; MJ12bot/v1.4.8; http://mj12bot.com/)"
207.46.13.174 - - [24/Jun/2022:10:12:21 +0000] "GET /node/244/feed HTTP/2.0" 301 178 "-" "Mozilla/5.0 (compatible; bingbot/2.0; +http://www.bing.com/bingbot.htm)"
2a01:4f9:1a:922b::2 - - [24/Jun/2022:10:12:24 +0000] "GET /node/tag/%E0%B8%AB%E0%B8%A5%E0%B8%A7%E0%B8%87%E0%B8%9E%E0%B9%88%E0%B8%AD%E0%B9%82%E0%B8%95 HTTP/1.1" 404 134 "-" "Mozilla/5.0 (compatible; MJ12bot/v1.4.8; http://mj12bot.com/)"
2a01:4f9:1a:922b::2 - - [24/Jun/2022:10:12:26 +0000] "GET /node/tag/%E0%B8%AB%E0%B8%A5%E0%B8%B2%E0%B8%99%E0%B9%81%E0%B8%9D%E0%B8%94 HTTP/1.1" 404 134 "-" "Mozilla/5.0 (compatible; MJ12bot/v1.4.8; http://mj12bot.com/)"
2a01:4f9:1a:922b::2 - - [24/Jun/2022:10:12:29 +0000] "GET /node/tag/%E0%B8%AB%E0%B8%AD%E0%B8%9E%E0%B8%B1%E0%B8%81 HTTP/1.1" 404 134 "-" "Mozilla/5.0 (compatible; MJ12bot/v1.4.8; http://mj12bot.com/)"
2a01:4f9:1a:922b::2 - - [24/Jun/2022:10:12:31 +0000] "GET /node/tag/%E0%B8%AB%E0%B8%B1%E0%B8%A7%E0%B8%A5%E0%B8%B3%E0%B9%82%E0%B8%9E%E0%B8%87 HTTP/1.1" 404 134 "-" "Mozilla/5.0 (compatible; MJ12bot/v1.4.8; http://mj12bot.com/)"
207.46.13.174 - - [24/Jun/2022:10:12:32 +0000] "GET /node/244/feed/ HTTP/2.0" 403 123 "-" "Mozilla/5.0 (compatible; bingbot/2.0; +http://www.bing.com/bingbot.htm)"
2a01:4f9:1a:922b::2 - - [24/Jun/2022:10:12:33 +0000] "GET /node/tag/%E0%B8%AD%E0%B8%B5%E0%B9%81%E0%B8%94%E0%B8%87 HTTP/1.1" 404 134 "-" "Mozilla/5.0 (compatible; MJ12bot/v1.4.8; http://mj12bot.com/)"
2a01:4f9:1a:922b::2 - - [24/Jun/2022:10:12:36 +0000] "GET /node/tag/%E0%B9%80%E0%B8%82%E0%B8%B2%E0%B8%84%E0%B9%89%E0%B8%AD HTTP/1.1" 404 134 "-" "Mozilla/5.0 (compatible; MJ12bot/v1.4.8; http://mj12bot.com/)"
2a01:4f9:1a:922b::2 - - [24/Jun/2022:10:12:40 +0000] "GET /node/tag/%E0%B9%80%E0%B8%88%E0%B9%87%E0%B8%94%E0%B8%A7%E0%B8%B1%E0%B8%99 HTTP/1.1" 404 134 "-" "Mozilla/5.0 (compatible; MJ12bot/v1.4.8; http://mj12bot.com/)"
2a01:4f9:1a:922b::2 - - [24/Jun/2022:10:12:42 +0000] "GET /node/tag/%E0%B9%80%E0%B8%8B%E0%B8%B5%E0%B8%A2%E0%B8%A3%E0%B9%8C-%E0%B8%A3%E0%B8%B1%E0%B8%87%E0%B8%AA%E0%B8%B4%E0%B8%95 HTTP/1.1" 404 134 "-" "Mozilla/5.0 (compatible; MJ12bot/v1.4.8; http://mj12bot.com/)"
2a01:4f9:1a:922b::2 - - [24/Jun/2022:10:12:44 +0000] "GET /node/tag/%E0%B9%80%E0%B8%95%E0%B8%B5%E0%B9%88%E0%B8%A2 HTTP/1.1" 404 134 "-" "Mozilla/5.0 (compatible; MJ12bot/v1.4.8; http://mj12bot.com/)"
2a01:4f9:1a:922b::2 - - [24/Jun/2022:10:12:47 +0000] "GET /node/tag/%E0%B9%80%E0%B8%9E%E0%B8%8A%E0%B8%A3%E0%B8%9A%E0%B8%B9%E0%B8%A3%E0%B8%93%E0%B9%8C HTTP/1.1" 404 134 "-" "Mozilla/5.0 (compatible; MJ12bot/v1.4.8; http://mj12bot.com/)"
2a01:4f9:1a:922b::2 - - [24/Jun/2022:10:12:50 +0000] "GET /node/tag/%E0%B9%80%E0%B8%9E%E0%B8%A5%E0%B8%87 HTTP/1.1" 404 134 "-" "Mozilla/5.0 (compatible; MJ12bot/v1.4.8; http://mj12bot.com/)"
2a01:4f9:1a:922b::2 - - [24/Jun/2022:10:12:52 +0000] "GET /node/tag/%E0%B9%80%E0%B8%AB%E0%B8%A1%E0%B8%A2%E0%B8%9F%E0%B9%89%E0%B8%B2 HTTP/1.1" 404 134 "-" "Mozilla/5.0 (compatible; MJ12bot/v1.4.8; http://mj12bot.com/)"
2a01:4f9:1a:922b::2 - - [24/Jun/2022:10:12:55 +0000] "GET /node/tag/%E0%B9%81%E0%B8%A1%E0%B8%A7 HTTP/1.1" 404 134 "-" "Mozilla/5.0 (compatible; MJ12bot/v1.4.8; http://mj12bot.com/)"
2a01:4f9:1a:922b::2 - - [24/Jun/2022:10:12:57 +0000] "GET /node/tag/%E0%B9%84%E0%B8%81%E0%B9%88%E0%B8%A2%E0%B9%88%E0%B8%B2%E0%B8%87%E0%B8%A7%E0%B8%B4%E0%B9%80%E0%B8%8A%E0%B8%B5%E0%B8%A2%E0%B8%A3%E0%B8%9A%E0%B8%B8%E0%B8%A3%E0%B8%B5 HTTP/1.1" 404 134 "-" "Mozilla/5.0 (compatible; MJ12bot/v1.4.8; http://mj12bot.com/)"
2a01:4f9:1a:922b::2 - - [24/Jun/2022:10:13:00 +0000] "GET /node/tag/%E0%B9%84%E0%B8%AD%E0%B8%94%E0%B8%B4%E0%B8%99 HTTP/1.1" 404 134 "-" "Mozilla/5.0 (compatible; MJ12bot/v1.4.8; http://mj12bot.com/)"
2a01:4f9:1a:922b::2 - - [24/Jun/2022:10:13:02 +0000] "GET /node/tag/charging-time/%E0%B8%97%E0%B8%B5%E0%B9%88%E0%B8%A1%E0%B8%B2:%20http:/www.pcworld.com/article/252326/new_ipad_slow_to_recharge_barely_charges_during_use.html HTTP/1.1" 404 134 "-" "Mozilla/5.0 (compatible; MJ12bot/v1.4.8; http://mj12bot.com/)"
2a01:4f9:1a:922b::2 - - [24/Jun/2022:10:13:04 +0000] "GET /node/tag/ipad/%E0%B8%97%E0%B8%B5%E0%B9%88%E0%B8%A1%E0%B8%B2:%20http:/www.pcworld.com/article/252326/new_ipad_slow_to_recharge_barely_charges_during_use.html HTTP/1.1" 404 134 "-" "Mozilla/5.0 (compatible; MJ12bot/v1.4.8; http://mj12bot.com/)"
2a01:4f9:1a:922b::2 - - [24/Jun/2022:10:13:07 +0000] "GET /node/tag/the-new-ipad/%E0%B8%97%E0%B8%B5%E0%B9%88%E0%B8%A1%E0%B8%B2:%20http:/www.pcworld.com/article/252326/new_ipad_slow_to_recharge_barely_charges_during_use.html HTTP/1.1" 404 134 "-" "Mozilla/5.0 (compatible; MJ12bot/v1.4.8; http://mj12bot.com/)"
118.184.177.67 - - [24/Jun/2022:10:13:31 +0000] "GET / HTTP/1.1" 200 396 "-" "Sogou web spider/4.0(+http://www.sogou.com/docs/help/webmasters.htm#07)"
185.191.171.18 - - [24/Jun/2022:10:17:41 +0000] "GET /node/category/ubuntu/page/3 HTTP/1.1" 302 154 "-" "Mozilla/5.0 (compatible; SemrushBot/7~bl; +http://www.semrush.com/bot.html)"
185.191.171.13 - - [24/Jun/2022:10:17:43 +0000] "GET /node/category/ubuntu/page/3 HTTP/1.1" 301 178 "-" "Mozilla/5.0 (compatible; SemrushBot/7~bl; +http://www.semrush.com/bot.html)"
185.191.171.11 - - [24/Jun/2022:10:17:45 +0000] "GET /node/category/ubuntu/page/3/ HTTP/1.1" 200 10715 "-" "Mozilla/5.0 (compatible; SemrushBot/7~bl; +http://www.semrush.com/bot.html)"
185.191.171.9 - - [24/Jun/2022:10:21:25 +0000] "GET /node/693/7 HTTP/1.1" 302 154 "-" "Mozilla/5.0 (compatible; SemrushBot/7~bl; +http://www.semrush.com/bot.html)"
185.191.171.21 - - [24/Jun/2022:10:21:27 +0000] "GET /node/693/7 HTTP/1.1" 301 178 "-" "Mozilla/5.0 (compatible; SemrushBot/7~bl; +http://www.semrush.com/bot.html)"
185.191.171.5 - - [24/Jun/2022:10:21:30 +0000] "GET /node/693/7/ HTTP/1.1" 200 17055 "-" "Mozilla/5.0 (compatible; SemrushBot/7~bl; +http://www.semrush.com/bot.html)"
114.119.147.86 - - [24/Jun/2022:10:21:44 +0000] "GET /node/1356/img_7245?share=reddit HTTP/1.1" 302 154 "https://mrchoke.org/node/1356/img_7245?ak_action=accept_mobile" "Mozilla/5.0 (Linux; Android 7.0;) AppleWebKit/537.36 (KHTML, like Gecko) Mobile Safari/537.36 (compatible; PetalBot;+https://webmaster.petalsearch.com/site/petalbot)"
114.119.147.86 - - [24/Jun/2022:10:21:46 +0000] "GET /node/1356/img_7245?share=reddit HTTP/1.1" 301 178 "https://mrchoke.org/node/1356/img_7245?ak_action=accept_mobile" "Mozilla/5.0 (Linux; Android 7.0;) AppleWebKit/537.36 (KHTML, like Gecko) Mobile Safari/537.36 (compatible; PetalBot;+https://webmaster.petalsearch.com/site/petalbot)"
114.119.147.86 - - [24/Jun/2022:10:21:47 +0000] "GET /node/1356/img_7245/?share=reddit HTTP/1.1" 200 7998 "https://mrchoke.org/node/1356/img_7245?ak_action=accept_mobile" "Mozilla/5.0 (Linux; Android 7.0;) AppleWebKit/537.36 (KHTML, like Gecko) Mobile Safari/537.36 (compatible; PetalBot;+https://webmaster.petalsearch.com/site/petalbot)"
216.244.66.229 - - [24/Jun/2022:10:22:06 +0000] "GET /robots.txt HTTP/1.1" 404 162 "-" "Mozilla/5.0 (compatible; DotBot/1.2; +https://opensiteexplorer.org/dotbot; help@moz.com)"
216.244.66.229 - - [24/Jun/2022:10:22:06 +0000] "GET /robots.txt HTTP/1.1" 404 162 "-" "Mozilla/5.0 (compatible; DotBot/1.2; +https://opensiteexplorer.org/dotbot; help@moz.com)"
216.244.66.229 - - [24/Jun/2022:10:25:44 +0000] "GET /img_7796/ HTTP/1.1" 404 162 "-" "Mozilla/5.0 (compatible; DotBot/1.2; +https://opensiteexplorer.org/dotbot; help@moz.com)"
216.244.66.229 - - [24/Jun/2022:10:25:55 +0000] "GET /img_6697/ HTTP/1.1" 404 162 "-" "Mozilla/5.0 (compatible; DotBot/1.2; +https://opensiteexplorer.org/dotbot; help@moz.com)"
185.7.214.104 - - [24/Jun/2022:10:26:13 +0000] "GET /?XDEBUG_SESSION_START=phpstorm HTTP/1.1" 301 178 "-" "Mozilla/5.0 (Windows NT 10.0; Win64; x64) AppleWebKit/537.36 (KHTML, like Gecko) Chrome/78.0.3904.108 Safari/537.36"
74.125.210.173 - - [24/Jun/2022:10:26:24 +0000] "GET /feed HTTP/1.1" 404 134 "-" "FeedFetcher-Google; (+http://www.google.com/feedfetcher.html)"
216.244.66.229 - - [24/Jun/2022:10:26:33 +0000] "GET /node/1101/img_6609/feed HTTP/1.1" 404 162 "-" "Mozilla/5.0 (compatible; DotBot/1.2; +https://opensiteexplorer.org/dotbot; help@moz.com)"
216.244.66.229 - - [24/Jun/2022:10:27:34 +0000] "GET /node/745/feed HTTP/1.1" 404 162 "-" "Mozilla/5.0 (compatible; DotBot/1.2; +https://opensiteexplorer.org/dotbot; help@moz.com)"
114.119.147.87 - - [24/Jun/2022:10:29:02 +0000] "GET /node/503?share=reddit HTTP/1.1" 302 154 "https://mrchoke.org/node/503?replytocom=603&ak_action=reject_mobile" "Mozilla/5.0 (Linux; Android 7.0;) AppleWebKit/537.36 (KHTML, like Gecko) Mobile Safari/537.36 (compatible; PetalBot;+https://webmaster.petalsearch.com/site/petalbot)"
114.119.147.87 - - [24/Jun/2022:10:29:05 +0000] "GET /node/503?share=reddit HTTP/1.1" 301 178 "https://mrchoke.org/node/503?replytocom=603&ak_action=reject_mobile" "Mozilla/5.0 (Linux; Android 7.0;) AppleWebKit/537.36 (KHTML, like Gecko) Mobile Safari/537.36 (compatible; PetalBot;+https://webmaster.petalsearch.com/site/petalbot)"
114.119.147.87 - - [24/Jun/2022:10:29:11 +0000] "GET /node/503/?share=reddit HTTP/1.1" 200 9061 "https://mrchoke.org/node/503?replytocom=603&ak_action=reject_mobile" "Mozilla/5.0 (Linux; Android 7.0;) AppleWebKit/537.36 (KHTML, like Gecko) Mobile Safari/537.36 (compatible; PetalBot;+https://webmaster.petalsearch.com/site/petalbot)"
114.119.147.73 - - [24/Jun/2022:10:36:12 +0000] "GET /node/360?ak_action=reject_mobile HTTP/1.1" 302 154 "https://mrchoke.org/node/360?ak_action=accept_mobile" "Mozilla/5.0 (Linux; Android 7.0;) AppleWebKit/537.36 (KHTML, like Gecko) Mobile Safari/537.36 (compatible; PetalBot;+https://webmaster.petalsearch.com/site/petalbot)"
114.119.147.73 - - [24/Jun/2022:10:36:28 +0000] "GET /node/360?ak_action=reject_mobile HTTP/1.1" 301 178 "https://mrchoke.org/node/360?ak_action=accept_mobile" "Mozilla/5.0 (Linux; Android 7.0;) AppleWebKit/537.36 (KHTML, like Gecko) Mobile Safari/537.36 (compatible; PetalBot;+https://webmaster.petalsearch.com/site/petalbot)"
114.119.147.73 - - [24/Jun/2022:10:36:33 +0000] "GET /node/360/?ak_action=reject_mobile HTTP/1.1" 200 8205 "https://mrchoke.org/node/360?ak_action=accept_mobile" "Mozilla/5.0 (Linux; Android 7.0;) AppleWebKit/537.36 (KHTML, like Gecko) Mobile Safari/537.36 (compatible; PetalBot;+https://webmaster.petalsearch.com/site/petalbot)"
87.251.75.145 - - [24/Jun/2022:10:37:04 +0000] "\x03\x00\x00/*\xE0\x00\x00\x00\x00\x00Cookie: mstshash=Administr" 400 166 "-" "-"
51.222.253.1 - - [24/Jun/2022:10:37:06 +0000] "GET / HTTP/1.1" 200 396 "-" "Mozilla/5.0 (compatible; AhrefsBot/7.0; +http://ahrefs.com/robot/)"
87.250.224.3 - - [24/Jun/2022:10:37:42 +0000] "GET /robots.txt HTTP/1.1" 404 162 "-" "Mozilla/5.0 (compatible; YandexBot/3.0; +http://yandex.com/bots)"
87.250.224.3 - - [24/Jun/2022:10:37:45 +0000] "GET /wp-content/uploads/2014/01/IMG_6667.jpg HTTP/1.1" 302 154 "-" "Mozilla/5.0 (compatible; YandexImages/3.0; +http://yandex.com/bots)"
5.255.253.163 - - [24/Jun/2022:10:37:47 +0000] "GET /robots.txt HTTP/1.1" 404 162 "-" "Mozilla/5.0 (compatible; YandexBot/3.0; +http://yandex.com/bots)"
5.255.253.163 - - [24/Jun/2022:10:37:52 +0000] "GET /wp-content/uploads/2014/01/IMG_6667.jpg HTTP/1.1" 200 2485476 "-" "Mozilla/5.0 (compatible; YandexImages/3.0; +http://yandex.com/bots)"
185.191.171.19 - - [24/Jun/2022:10:39:18 +0000] "GET /robots.txt HTTP/1.1" 404 134 "-" "Mozilla/5.0 (compatible; SemrushBot/7~bl; +http://www.semrush.com/bot.html)"
185.191.171.24 - - [24/Jun/2022:10:39:19 +0000] "GET /node/581/img_1727 HTTP/1.1" 301 178 "-" "Mozilla/5.0 (compatible; SemrushBot/7~bl; +http://www.semrush.com/bot.html)"
185.191.171.2 - - [24/Jun/2022:10:39:21 +0000] "GET /node/581/img_1727/ HTTP/1.1" 200 7871 "-" "Mozilla/5.0 (compatible; SemrushBot/7~bl; +http://www.semrush.com/bot.html)"
185.191.171.6 - - [24/Jun/2022:10:39:41 +0000] "GET /node/182 HTTP/1.1" 302 154 "-" "Mozilla/5.0 (compatible; SemrushBot/7~bl; +http://www.semrush.com/bot.html)"
185.191.171.22 - - [24/Jun/2022:10:39:45 +0000] "GET /node/182 HTTP/1.1" 301 178 "-" "Mozilla/5.0 (compatible; SemrushBot/7~bl; +http://www.semrush.com/bot.html)"
185.191.171.18 - - [24/Jun/2022:10:39:47 +0000] "GET /node/182/ HTTP/1.1" 200 8551 "-" "Mozilla/5.0 (compatible; SemrushBot/7~bl; +http://www.semrush.com/bot.html)"
54.36.148.60 - - [24/Jun/2022:10:44:08 +0000] "GET /img_6667/ HTTP/2.0" 200 7871 "-" "Mozilla/5.0 (compatible; AhrefsBot/7.0; +http://ahrefs.com/robot/)"
54.36.148.43 - - [24/Jun/2022:10:44:09 +0000] "GET /wp-content/uploads/2014/01/IMG_6662-150x150.jpg HTTP/2.0" 200 15320 "-" "Mozilla/5.0 (compatible; AhrefsBot/7.0; +http://ahrefs.com/robot/)"
54.36.149.16 - - [24/Jun/2022:10:44:11 +0000] "GET /wp-content/uploads/2014/01/IMG_6668-150x150.jpg HTTP/2.0" 200 12148 "-" "Mozilla/5.0 (compatible; AhrefsBot/7.0; +http://ahrefs.com/robot/)"
54.36.148.149 - - [24/Jun/2022:10:44:13 +0000] "GET /wp-content/uploads/2014/01/IMG_6667.jpg HTTP/2.0" 200 2485476 "-" "Mozilla/5.0 (compatible; AhrefsBot/7.0; +http://ahrefs.com/robot/)"
185.191.171.11 - - [24/Jun/2022:10:50:54 +0000] "GET /node/790/img_6174 HTTP/1.1" 301 178 "-" "Mozilla/5.0 (compatible; SemrushBot/7~bl; +http://www.semrush.com/bot.html)"
185.191.171.4 - - [24/Jun/2022:10:50:58 +0000] "GET /node/790/img_6174/ HTTP/1.1" 200 7924 "-" "Mozilla/5.0 (compatible; SemrushBot/7~bl; +http://www.semrush.com/bot.html)"
54.36.148.213 - - [24/Jun/2022:10:52:20 +0000] "GET /node/1862/screenshot-2014-03-16-22-23-58/ HTTP/2.0" 200 7918 "-" "Mozilla/5.0 (compatible; AhrefsBot/7.0; +http://ahrefs.com/robot/)"
212.71.253.37 - - [24/Jun/2022:10:52:47 +0000] "GET / HTTP/1.1" 200 396 "-" "Mozilla/5.0 (Windows NT 6.1; WOW64; rv:8.0) Gecko/20100101 Firefox/8.0"
114.119.147.81 - - [24/Jun/2022:10:53:12 +0000] "GET /node/939/img_6404?share=twitter HTTP/1.1" 302 154 "https://mrchoke.org/node/939/img_6404?ak_action=accept_mobile" "Mozilla/5.0 (Linux; Android 7.0;) AppleWebKit/537.36 (KHTML, like Gecko) Mobile Safari/537.36 (compatible; PetalBot;+https://webmaster.petalsearch.com/site/petalbot)"
114.119.147.81 - - [24/Jun/2022:10:53:13 +0000] "GET /node/939/img_6404?share=twitter HTTP/1.1" 301 178 "https://mrchoke.org/node/939/img_6404?ak_action=accept_mobile" "Mozilla/5.0 (Linux; Android 7.0;) AppleWebKit/537.36 (KHTML, like Gecko) Mobile Safari/537.36 (compatible; PetalBot;+https://webmaster.petalsearch.com/site/petalbot)"
114.119.147.81 - - [24/Jun/2022:10:53:13 +0000] "GET /node/939/img_6404/?share=twitter HTTP/1.1" 200 7889 "https://mrchoke.org/node/939/img_6404?ak_action=accept_mobile" "Mozilla/5.0 (Linux; Android 7.0;) AppleWebKit/537.36 (KHTML, like Gecko) Mobile Safari/537.36 (compatible; PetalBot;+https://webmaster.petalsearch.com/site/petalbot)"
114.119.147.87 - - [24/Jun/2022:10:55:16 +0000] "GET /node/date/2014/01/02 HTTP/1.1" 301 178 "https://mrchoke.org/node/767?share=twitter" "Mozilla/5.0 (Linux; Android 7.0;) AppleWebKit/537.36 (KHTML, like Gecko) Mobile Safari/537.36 (compatible; PetalBot;+https://webmaster.petalsearch.com/site/petalbot)"
114.119.147.87 - - [24/Jun/2022:10:55:16 +0000] "GET /node/date/2014/01/02/ HTTP/1.1" 200 9259 "https://mrchoke.org/node/767?share=twitter" "Mozilla/5.0 (Linux; Android 7.0;) AppleWebKit/537.36 (KHTML, like Gecko) Mobile Safari/537.36 (compatible; PetalBot;+https://webmaster.petalsearch.com/site/petalbot)"
40.77.167.46 - - [24/Jun/2022:10:57:29 +0000] "GET / HTTP/1.1" 200 396 "-" "Mozilla/5.0 (compatible; bingbot/2.0; +http://www.bing.com/bingbot.htm)"
17.121.113.24 - - [24/Jun/2022:10:57:44 +0000] "GET /wp-content/uploads/2014/03/CH7_5475_2-150x150.jpg HTTP/1.1" 200 16624 "-" "Mozilla/5.0 (Macintosh; Intel Mac OS X 10_15_5) AppleWebKit/605.1.15 (KHTML, like Gecko) Version/13.1.1 Safari/605.1.15 (Applebot/0.1; +http://www.apple.com/go/applebot)"
157.55.39.115 - - [24/Jun/2022:10:58:16 +0000] "GET /robots.txt HTTP/2.0" 404 123 "-" "Mozilla/5.0 (compatible; bingbot/2.0; +http://www.bing.com/bingbot.htm)"
207.46.13.174 - - [24/Jun/2022:10:58:27 +0000] "GET / HTTP/2.0" 200 15995 "-" "Mozilla/5.0 (compatible; bingbot/2.0; +http://www.bing.com/bingbot.htm)"
5.45.207.92 - - [24/Jun/2022:10:58:40 +0000] "GET /node/category/php HTTP/1.1" 404 134 "-" "Mozilla/5.0 (compatible; YandexBot/3.0; +http://yandex.com/bots)"
