138.201.192.8 - - [25/Jun/2022:10:00:37 +0000] "GET /node/category/tlwg HTTP/1.1" 301 178 "-" "Mozilla/5.0 (compatible; DataForSeoBot/1.0; +https://dataforseo.com/dataforseo-bot)"
138.201.192.8 - - [25/Jun/2022:10:00:47 +0000] "GET /node/date/2006/05 HTTP/1.1" 301 178 "-" "Mozilla/5.0 (compatible; DataForSeoBot/1.0; +https://dataforseo.com/dataforseo-bot)"
138.201.192.8 - - [25/Jun/2022:10:00:55 +0000] "GET /node/category/gallery2 HTTP/1.1" 301 178 "-" "Mozilla/5.0 (compatible; DataForSeoBot/1.0; +https://dataforseo.com/dataforseo-bot)"
138.201.192.8 - - [25/Jun/2022:10:01:02 +0000] "GET /node/category/music/%E0%B9%80%E0%B8%9E%E0%B8%A5%E0%B8%87%E0%B9%83%E0%B8%95%E0%B9%89/%E0%B8%A1%E0%B8%B2%E0%B8%A5%E0%B8%B5%E0%B8%AE%E0%B8%A7%E0%B8%99%E0%B8%99%E0%B9%88%E0%B8%B2/%E0%B9%80%E0%B8%9E%E0%B8%B7%E0%B9%88%E0%B8%AD%E0%B8%99%E0%B9%80%E0%B8%9E HTTP/1.1" 404 134 "-" "Mozilla/5.0 (compatible; DataForSeoBot/1.0; +https://dataforseo.com/dataforseo-bot)"
138.201.192.8 - - [25/Jun/2022:10:01:08 +0000] "GET /node/category/libthai HTTP/1.1" 301 178 "-" "Mozilla/5.0 (compatible; DataForSeoBot/1.0; +https://dataforseo.com/dataforseo-bot)"
138.201.192.8 - - [25/Jun/2022:10:01:17 +0000] "GET /node/date/2009/12 HTTP/1.1" 301 178 "-" "Mozilla/5.0 (compatible; DataForSeoBot/1.0; +https://dataforseo.com/dataforseo-bot)"
138.201.192.8 - - [25/Jun/2022:10:01:25 +0000] "GET /node/category/debianclub HTTP/1.1" 301 178 "-" "Mozilla/5.0 (compatible; DataForSeoBot/1.0; +https://dataforseo.com/dataforseo-bot)"
138.201.192.8 - - [25/Jun/2022:10:01:33 +0000] "GET /node/1908 HTTP/1.1" 301 178 "-" "Mozilla/5.0 (compatible; DataForSeoBot/1.0; +https://dataforseo.com/dataforseo-bot)"
138.201.192.8 - - [25/Jun/2022:10:01:41 +0000] "GET /node/category/karmic HTTP/1.1" 301 178 "-" "Mozilla/5.0 (compatible; DataForSeoBot/1.0; +https://dataforseo.com/dataforseo-bot)"
138.201.192.8 - - [25/Jun/2022:10:01:48 +0000] "GET /node/category/ict HTTP/1.1" 301 178 "-" "Mozilla/5.0 (compatible; DataForSeoBot/1.0; +https://dataforseo.com/dataforseo-bot)"
216.244.66.229 - - [25/Jun/2022:10:01:52 +0000] "GET /node/211/feed HTTP/1.1" 404 162 "-" "Mozilla/5.0 (compatible; DotBot/1.2; +https://opensiteexplorer.org/dotbot; help@moz.com)"
138.201.192.8 - - [25/Jun/2022:10:01:55 +0000] "GET /node/category/%E0%B8%98%E0%B8%A3%E0%B8%A3%E0%B8%A1%E0%B8%B0 HTTP/1.1" 404 134 "-" "Mozilla/5.0 (compatible; DataForSeoBot/1.0; +https://dataforseo.com/dataforseo-bot)"
138.201.192.8 - - [25/Jun/2022:10:02:02 +0000] "GET /node/category/cert HTTP/1.1" 301 178 "-" "Mozilla/5.0 (compatible; DataForSeoBot/1.0; +https://dataforseo.com/dataforseo-bot)"
138.201.192.8 - - [25/Jun/2022:10:02:07 +0000] "GET /node/date/2007/11 HTTP/1.1" 301 178 "-" "Mozilla/5.0 (compatible; DataForSeoBot/1.0; +https://dataforseo.com/dataforseo-bot)"
138.201.192.8 - - [25/Jun/2022:10:02:16 +0000] "GET /node/1862 HTTP/1.1" 301 178 "-" "Mozilla/5.0 (compatible; DataForSeoBot/1.0; +https://dataforseo.com/dataforseo-bot)"
185.191.171.7 - - [25/Jun/2022:10:02:16 +0000] "GET /node/616 HTTP/1.1" 302 154 "-" "Mozilla/5.0 (compatible; SemrushBot/7~bl; +http://www.semrush.com/bot.html)"
185.191.171.11 - - [25/Jun/2022:10:02:17 +0000] "GET /node/616 HTTP/1.1" 301 178 "-" "Mozilla/5.0 (compatible; SemrushBot/7~bl; +http://www.semrush.com/bot.html)"
185.191.171.44 - - [25/Jun/2022:10:02:20 +0000] "GET /node/616/ HTTP/1.1" 200 8000 "-" "Mozilla/5.0 (compatible; SemrushBot/7~bl; +http://www.semrush.com/bot.html)"
138.201.192.8 - - [25/Jun/2022:10:02:23 +0000] "GET /node/date/2010/01 HTTP/1.1" 301 178 "-" "Mozilla/5.0 (compatible; DataForSeoBot/1.0; +https://dataforseo.com/dataforseo-bot)"
138.201.192.8 - - [25/Jun/2022:10:02:31 +0000] "GET /node/date/2013/04 HTTP/1.1" 301 178 "-" "Mozilla/5.0 (compatible; DataForSeoBot/1.0; +https://dataforseo.com/dataforseo-bot)"
138.201.192.8 - - [25/Jun/2022:10:02:37 +0000] "GET /node/category/blognone/btd HTTP/1.1" 301 178 "-" "Mozilla/5.0 (compatible; DataForSeoBot/1.0; +https://dataforseo.com/dataforseo-bot)"
138.201.192.8 - - [25/Jun/2022:10:02:44 +0000] "GET /node/category/ios HTTP/1.1" 301 178 "-" "Mozilla/5.0 (compatible; DataForSeoBot/1.0; +https://dataforseo.com/dataforseo-bot)"
216.244.66.229 - - [25/Jun/2022:10:02:50 +0000] "GET /node/category/gaim/page/2/ HTTP/1.1" 404 162 "-" "Mozilla/5.0 (compatible; DotBot/1.2; +https://opensiteexplorer.org/dotbot; help@moz.com)"
138.201.192.8 - - [25/Jun/2022:10:02:51 +0000] "GET /node/category/%E0%B8%9B%E0%B8%A5%E0%B8%B2%E0%B8%A2%E0%B9%81%E0%B8%AA%E0%B8%94 HTTP/1.1" 404 134 "-" "Mozilla/5.0 (compatible; DataForSeoBot/1.0; +https://dataforseo.com/dataforseo-bot)"
138.201.192.8 - - [25/Jun/2022:10:02:58 +0000] "GET /node/category/blog HTTP/1.1" 301 178 "-" "Mozilla/5.0 (compatible; DataForSeoBot/1.0; +https://dataforseo.com/dataforseo-bot)"
138.201.192.8 - - [25/Jun/2022:10:03:05 +0000] "GET /node/category/music/%E0%B9%80%E0%B8%9E%E0%B8%A5%E0%B8%87%E0%B9%83%E0%B8%95%E0%B9%89/%E0%B8%A1%E0%B8%B2%E0%B8%A5%E0%B8%B5%E0%B8%AE%E0%B8%A7%E0%B8%99%E0%B8%99%E0%B9%88%E0%B8%B2/%E0%B8%A5%E0%B8%A1%E0%B9%83%E0%B8%95%E0%B9%89%E0%B8%9B%E0%B8%B5%E0%B8%81 HTTP/1.1" 404 134 "-" "Mozilla/5.0 (compatible; DataForSeoBot/1.0; +https://dataforseo.com/dataforseo-bot)"
138.201.192.8 - - [25/Jun/2022:10:03:13 +0000] "GET /node/category/openoffice.org HTTP/1.1" 404 134 "-" "Mozilla/5.0 (compatible; DataForSeoBot/1.0; +https://dataforseo.com/dataforseo-bot)"
138.201.192.8 - - [25/Jun/2022:10:03:20 +0000] "GET /node/category/rdi HTTP/1.1" 301 178 "-" "Mozilla/5.0 (compatible; DataForSeoBot/1.0; +https://dataforseo.com/dataforseo-bot)"
138.201.192.8 - - [25/Jun/2022:10:03:27 +0000] "GET /node/category/socail_network HTTP/1.1" 301 178 "-" "Mozilla/5.0 (compatible; DataForSeoBot/1.0; +https://dataforseo.com/dataforseo-bot)"
138.201.192.8 - - [25/Jun/2022:10:03:35 +0000] "GET /node/category/%E0%B8%81%E0%B8%B2%E0%B8%A3%E0%B9%80%E0%B8%A1%E0%B8%B7%E0%B8%AD%E0%B8%87 HTTP/1.1" 404 134 "-" "Mozilla/5.0 (compatible; DataForSeoBot/1.0; +https://dataforseo.com/dataforseo-bot)"
138.201.192.8 - - [25/Jun/2022:10:03:42 +0000] "GET /node/category/amsn HTTP/1.1" 301 178 "-" "Mozilla/5.0 (compatible; DataForSeoBot/1.0; +https://dataforseo.com/dataforseo-bot)"
138.201.192.8 - - [25/Jun/2022:10:03:49 +0000] "GET /node/category/%E0%B9%82%E0%B8%A3%E0%B8%87%E0%B9%80%E0%B8%A3%E0%B8%B5%E0%B8%A2%E0%B8%99%E0%B9%83%E0%B8%99%E0%B8%9D%E0%B8%B1%E0%B8%99 HTTP/1.1" 404 134 "-" "Mozilla/5.0 (compatible; DataForSeoBot/1.0; +https://dataforseo.com/dataforseo-bot)"
138.201.192.8 - - [25/Jun/2022:10:03:56 +0000] "GET /node/category/linux/linuxsis HTTP/1.1" 301 178 "-" "Mozilla/5.0 (compatible; DataForSeoBot/1.0; +https://dataforseo.com/dataforseo-bot)"
138.201.192.8 - - [25/Jun/2022:10:04:02 +0000] "GET /node/category/%E0%B8%A7%E0%B8%B1%E0%B8%94 HTTP/1.1" 404 134 "-" "Mozilla/5.0 (compatible; DataForSeoBot/1.0; +https://dataforseo.com/dataforseo-bot)"
138.201.192.8 - - [25/Jun/2022:10:04:09 +0000] "GET /node/category/training HTTP/1.1" 301 178 "-" "Mozilla/5.0 (compatible; DataForSeoBot/1.0; +https://dataforseo.com/dataforseo-bot)"
138.201.192.8 - - [25/Jun/2022:10:04:16 +0000] "GET /node/category/pidgin HTTP/1.1" 301 178 "-" "Mozilla/5.0 (compatible; DataForSeoBot/1.0; +https://dataforseo.com/dataforseo-bot)"
138.201.192.8 - - [25/Jun/2022:10:04:22 +0000] "GET /node/category/leopard HTTP/1.1" 301 178 "-" "Mozilla/5.0 (compatible; DataForSeoBot/1.0; +https://dataforseo.com/dataforseo-bot)"
138.201.192.8 - - [25/Jun/2022:10:04:29 +0000] "GET /node/date/2005/09 HTTP/1.1" 301 178 "-" "Mozilla/5.0 (compatible; DataForSeoBot/1.0; +https://dataforseo.com/dataforseo-bot)"
138.201.192.8 - - [25/Jun/2022:10:04:36 +0000] "GET /node/date/2006/07 HTTP/1.1" 301 178 "-" "Mozilla/5.0 (compatible; DataForSeoBot/1.0; +https://dataforseo.com/dataforseo-bot)"
138.201.192.8 - - [25/Jun/2022:10:04:43 +0000] "GET /node/date/2007/12 HTTP/1.1" 301 178 "-" "Mozilla/5.0 (compatible; DataForSeoBot/1.0; +https://dataforseo.com/dataforseo-bot)"
216.244.66.229 - - [25/Jun/2022:10:04:43 +0000] "GET /img_6751 HTTP/1.1" 404 162 "-" "Mozilla/5.0 (compatible; DotBot/1.2; +https://opensiteexplorer.org/dotbot; help@moz.com)"
114.119.147.86 - - [25/Jun/2022:10:04:52 +0000] "GET /node/1839/ch7_5475_2?share=linkedin HTTP/1.1" 302 154 "https://mrchoke.org/node/1839/ch7_5475_2" "Mozilla/5.0 (Linux; Android 7.0;) AppleWebKit/537.36 (KHTML, like Gecko) Mobile Safari/537.36 (compatible; PetalBot;+https://webmaster.petalsearch.com/site/petalbot)"
114.119.147.86 - - [25/Jun/2022:10:04:52 +0000] "GET /node/1839/ch7_5475_2?share=linkedin HTTP/1.1" 301 178 "https://mrchoke.org/node/1839/ch7_5475_2" "Mozilla/5.0 (Linux; Android 7.0;) AppleWebKit/537.36 (KHTML, like Gecko) Mobile Safari/537.36 (compatible; PetalBot;+https://webmaster.petalsearch.com/site/petalbot)"
114.119.147.86 - - [25/Jun/2022:10:04:52 +0000] "GET /node/1839/ch7_5475_2/?share=linkedin HTTP/1.1" 200 7864 "https://mrchoke.org/node/1839/ch7_5475_2" "Mozilla/5.0 (Linux; Android 7.0;) AppleWebKit/537.36 (KHTML, like Gecko) Mobile Safari/537.36 (compatible; PetalBot;+https://webmaster.petalsearch.com/site/petalbot)"
138.201.192.8 - - [25/Jun/2022:10:04:56 +0000] "GET /node/date/2004/12 HTTP/1.1" 301 178 "-" "Mozilla/5.0 (compatible; DataForSeoBot/1.0; +https://dataforseo.com/dataforseo-bot)"
138.201.192.8 - - [25/Jun/2022:10:05:05 +0000] "GET /node/category/imagemagick HTTP/1.1" 301 178 "-" "Mozilla/5.0 (compatible; DataForSeoBot/1.0; +https://dataforseo.com/dataforseo-bot)"
138.201.192.8 - - [25/Jun/2022:10:05:14 +0000] "GET /node/category/invitations HTTP/1.1" 301 178 "-" "Mozilla/5.0 (compatible; DataForSeoBot/1.0; +https://dataforseo.com/dataforseo-bot)"
138.201.192.8 - - [25/Jun/2022:10:05:22 +0000] "GET /node/category/%E0%B8%AA%E0%B9%88%E0%B8%A7%E0%B8%99%E0%B8%95%E0%B8%B1%E0%B8%A7 HTTP/1.1" 404 134 "-" "Mozilla/5.0 (compatible; DataForSeoBot/1.0; +https://dataforseo.com/dataforseo-bot)"
138.201.192.8 - - [25/Jun/2022:10:05:29 +0000] "GET /node/category/uncategorized HTTP/1.1" 301 178 "-" "Mozilla/5.0 (compatible; DataForSeoBot/1.0; +https://dataforseo.com/dataforseo-bot)"
138.201.192.8 - - [25/Jun/2022:10:05:38 +0000] "GET /node/category/music/%E0%B9%80%E0%B8%9E%E0%B8%A5%E0%B8%87%E0%B9%83%E0%B8%95%E0%B9%89/%E0%B8%94%E0%B9%89%E0%B8%B2%E0%B8%A1%E0%B8%82%E0%B8%A7%E0%B8%B2%E0%B8%99 HTTP/1.1" 404 134 "-" "Mozilla/5.0 (compatible; DataForSeoBot/1.0; +https://dataforseo.com/dataforseo-bot)"
138.201.192.8 - - [25/Jun/2022:10:05:46 +0000] "GET /node/category/%E0%B8%81%E0%B8%A5%E0%B8%AD%E0%B8%99 HTTP/1.1" 404 134 "-" "Mozilla/5.0 (compatible; DataForSeoBot/1.0; +https://dataforseo.com/dataforseo-bot)"
138.201.192.8 - - [25/Jun/2022:10:05:56 +0000] "GET /node/category/opensource HTTP/1.1" 301 178 "-" "Mozilla/5.0 (compatible; DataForSeoBot/1.0; +https://dataforseo.com/dataforseo-bot)"
138.201.192.8 - - [25/Jun/2022:10:06:04 +0000] "GET /node/1992 HTTP/1.1" 301 178 "-" "Mozilla/5.0 (compatible; DataForSeoBot/1.0; +https://dataforseo.com/dataforseo-bot)"
138.201.192.8 - - [25/Jun/2022:10:06:12 +0000] "GET /node/category/compiz HTTP/1.1" 301 178 "-" "Mozilla/5.0 (compatible; DataForSeoBot/1.0; +https://dataforseo.com/dataforseo-bot)"
138.201.192.8 - - [25/Jun/2022:10:06:17 +0000] "GET /node/category/map HTTP/1.1" 301 178 "-" "Mozilla/5.0 (compatible; DataForSeoBot/1.0; +https://dataforseo.com/dataforseo-bot)"
138.201.192.8 - - [25/Jun/2022:10:06:26 +0000] "GET /node/category/nikon HTTP/1.1" 301 178 "-" "Mozilla/5.0 (compatible; DataForSeoBot/1.0; +https://dataforseo.com/dataforseo-bot)"
138.201.192.8 - - [25/Jun/2022:10:06:33 +0000] "GET /node/date/2006/04 HTTP/1.1" 301 178 "-" "Mozilla/5.0 (compatible; DataForSeoBot/1.0; +https://dataforseo.com/dataforseo-bot)"
138.201.192.8 - - [25/Jun/2022:10:06:40 +0000] "GET /node/category/music/%E0%B9%80%E0%B8%9E%E0%B8%A5%E0%B8%87%E0%B9%81%E0%B8%9B%E0%B8%A5%E0%B8%81 HTTP/1.1" 404 134 "-" "Mozilla/5.0 (compatible; DataForSeoBot/1.0; +https://dataforseo.com/dataforseo-bot)"
138.201.192.8 - - [25/Jun/2022:10:06:49 +0000] "GET /node/category/%E0%B8%97%E0%B8%94%E0%B8%AA%E0%B8%AD%E0%B8%9A HTTP/1.1" 404 134 "-" "Mozilla/5.0 (compatible; DataForSeoBot/1.0; +https://dataforseo.com/dataforseo-bot)"
138.201.192.8 - - [25/Jun/2022:10:06:55 +0000] "GET /node/category/kde HTTP/1.1" 301 178 "-" "Mozilla/5.0 (compatible; DataForSeoBot/1.0; +https://dataforseo.com/dataforseo-bot)"
138.201.192.8 - - [25/Jun/2022:10:07:02 +0000] "GET /node/category/%E0%B8%97%E0%B8%97%E0%B8%97. HTTP/1.1" 404 134 "-" "Mozilla/5.0 (compatible; DataForSeoBot/1.0; +https://dataforseo.com/dataforseo-bot)"
138.201.192.8 - - [25/Jun/2022:10:07:12 +0000] "GET /node/category/%E0%B8%97%E0%B8%B5%E0%B9%88%E0%B8%97%E0%B8%B3%E0%B8%87%E0%B8%B2%E0%B8%99 HTTP/1.1" 404 134 "-" "Mozilla/5.0 (compatible; DataForSeoBot/1.0; +https://dataforseo.com/dataforseo-bot)"
138.201.192.8 - - [25/Jun/2022:10:07:19 +0000] "GET /node/category/%E0%B8%84%E0%B8%99%E0%B9%80%E0%B8%8A%E0%B9%87%E0%B8%94%E0%B9%80%E0%B8%87%E0%B8%B2 HTTP/1.1" 404 134 "-" "Mozilla/5.0 (compatible; DataForSeoBot/1.0; +https://dataforseo.com/dataforseo-bot)"
138.201.192.8 - - [25/Jun/2022:10:07:27 +0000] "GET /node/category/block HTTP/1.1" 301 178 "-" "Mozilla/5.0 (compatible; DataForSeoBot/1.0; +https://dataforseo.com/dataforseo-bot)"
138.201.192.8 - - [25/Jun/2022:10:07:34 +0000] "GET /node/date/2012/07 HTTP/1.1" 301 178 "-" "Mozilla/5.0 (compatible; DataForSeoBot/1.0; +https://dataforseo.com/dataforseo-bot)"
138.201.192.8 - - [25/Jun/2022:10:07:43 +0000] "GET /node/category/hosting HTTP/1.1" 301 178 "-" "Mozilla/5.0 (compatible; DataForSeoBot/1.0; +https://dataforseo.com/dataforseo-bot)"
138.201.192.8 - - [25/Jun/2022:10:07:51 +0000] "GET /node/category/lexitron HTTP/1.1" 301 178 "-" "Mozilla/5.0 (compatible; DataForSeoBot/1.0; +https://dataforseo.com/dataforseo-bot)"
138.201.192.8 - - [25/Jun/2022:10:07:58 +0000] "GET /node/category/vbox HTTP/1.1" 301 178 "-" "Mozilla/5.0 (compatible; DataForSeoBot/1.0; +https://dataforseo.com/dataforseo-bot)"
114.119.147.81 - - [25/Jun/2022:10:08:02 +0000] "GET /node/tag/config?ak_action=reject_mobile HTTP/1.1" 302 154 "https://mrchoke.org/node/tag/config?ak_action=accept_mobile" "Mozilla/5.0 (Linux; Android 7.0;) AppleWebKit/537.36 (KHTML, like Gecko) Mobile Safari/537.36 (compatible; PetalBot;+https://webmaster.petalsearch.com/site/petalbot)"
114.119.147.81 - - [25/Jun/2022:10:08:02 +0000] "GET /node/tag/config?ak_action=reject_mobile HTTP/1.1" 301 178 "https://mrchoke.org/node/tag/config?ak_action=accept_mobile" "Mozilla/5.0 (Linux; Android 7.0;) AppleWebKit/537.36 (KHTML, like Gecko) Mobile Safari/537.36 (compatible; PetalBot;+https://webmaster.petalsearch.com/site/petalbot)"
114.119.147.81 - - [25/Jun/2022:10:08:02 +0000] "GET /node/tag/config/?ak_action=reject_mobile HTTP/1.1" 200 8509 "https://mrchoke.org/node/tag/config?ak_action=accept_mobile" "Mozilla/5.0 (Linux; Android 7.0;) AppleWebKit/537.36 (KHTML, like Gecko) Mobile Safari/537.36 (compatible; PetalBot;+https://webmaster.petalsearch.com/site/petalbot)"
138.201.192.8 - - [25/Jun/2022:10:08:05 +0000] "GET /node/1885 HTTP/1.1" 301 178 "-" "Mozilla/5.0 (compatible; DataForSeoBot/1.0; +https://dataforseo.com/dataforseo-bot)"
54.36.148.213 - - [25/Jun/2022:10:08:08 +0000] "GET /node/date/2004/07/14/ HTTP/2.0" 200 9247 "-" "Mozilla/5.0 (compatible; AhrefsBot/7.0; +http://ahrefs.com/robot/)"
138.201.192.8 - - [25/Jun/2022:10:08:13 +0000] "GET /node/category/hobbies HTTP/1.1" 301 178 "-" "Mozilla/5.0 (compatible; DataForSeoBot/1.0; +https://dataforseo.com/dataforseo-bot)"
138.201.192.8 - - [25/Jun/2022:10:08:20 +0000] "GET /node/category/%E0%B8%AB%E0%B8%AD%E0%B8%9E%E0%B8%B1%E0%B8%81 HTTP/1.1" 404 134 "-" "Mozilla/5.0 (compatible; DataForSeoBot/1.0; +https://dataforseo.com/dataforseo-bot)"
138.201.192.8 - - [25/Jun/2022:10:08:27 +0000] "GET /node/category/php HTTP/1.1" 404 134 "-" "Mozilla/5.0 (compatible; DataForSeoBot/1.0; +https://dataforseo.com/dataforseo-bot)"
138.201.192.8 - - [25/Jun/2022:10:08:34 +0000] "GET /node/category/android HTTP/1.1" 301 178 "-" "Mozilla/5.0 (compatible; DataForSeoBot/1.0; +https://dataforseo.com/dataforseo-bot)"
138.201.192.8 - - [25/Jun/2022:10:08:43 +0000] "GET /node/category/asus HTTP/1.1" 301 178 "-" "Mozilla/5.0 (compatible; DataForSeoBot/1.0; +https://dataforseo.com/dataforseo-bot)"
138.201.192.8 - - [25/Jun/2022:10:08:49 +0000] "GET /node/category/osm HTTP/1.1" 301 178 "-" "Mozilla/5.0 (compatible; DataForSeoBot/1.0; +https://dataforseo.com/dataforseo-bot)"
138.201.192.8 - - [25/Jun/2022:10:08:55 +0000] "GET /node/category/%E0%B9%81%E0%B8%A1%E0%B9%88%E0%B8%AE%E0%B9%88%E0%B8%AD%E0%B8%87%E0%B8%AA%E0%B8%AD%E0%B8%99 HTTP/1.1" 404 134 "-" "Mozilla/5.0 (compatible; DataForSeoBot/1.0; +https://dataforseo.com/dataforseo-bot)"
138.201.192.8 - - [25/Jun/2022:10:09:03 +0000] "GET /node/category/libiphone HTTP/1.1" 301 178 "-" "Mozilla/5.0 (compatible; DataForSeoBot/1.0; +https://dataforseo.com/dataforseo-bot)"
185.191.171.40 - - [25/Jun/2022:10:09:09 +0000] "GET /node/1657/img_7632 HTTP/1.1" 302 154 "-" "Mozilla/5.0 (compatible; SemrushBot/7~bl; +http://www.semrush.com/bot.html)"
138.201.192.8 - - [25/Jun/2022:10:09:11 +0000] "GET /node/date/2009/11 HTTP/1.1" 301 178 "-" "Mozilla/5.0 (compatible; DataForSeoBot/1.0; +https://dataforseo.com/dataforseo-bot)"
185.191.171.2 - - [25/Jun/2022:10:09:12 +0000] "GET /node/1657/img_7632 HTTP/1.1" 301 178 "-" "Mozilla/5.0 (compatible; SemrushBot/7~bl; +http://www.semrush.com/bot.html)"
185.191.171.18 - - [25/Jun/2022:10:09:15 +0000] "GET /node/1657/img_7632/ HTTP/1.1" 200 7948 "-" "Mozilla/5.0 (compatible; SemrushBot/7~bl; +http://www.semrush.com/bot.html)"
138.201.192.8 - - [25/Jun/2022:10:09:17 +0000] "GET /node/category/isolinux HTTP/1.1" 301 178 "-" "Mozilla/5.0 (compatible; DataForSeoBot/1.0; +https://dataforseo.com/dataforseo-bot)"
138.201.192.8 - - [25/Jun/2022:10:09:24 +0000] "GET /node/date/2004/05 HTTP/1.1" 301 178 "-" "Mozilla/5.0 (compatible; DataForSeoBot/1.0; +https://dataforseo.com/dataforseo-bot)"
216.244.66.229 - - [25/Jun/2022:10:09:25 +0000] "GET /node/1135/?share=google-plus-1 HTTP/1.1" 404 162 "-" "Mozilla/5.0 (compatible; DotBot/1.2; +https://opensiteexplorer.org/dotbot; help@moz.com)"
216.244.66.229 - - [25/Jun/2022:10:09:28 +0000] "GET /node/1623/?share=google-plus-1 HTTP/1.1" 404 162 "-" "Mozilla/5.0 (compatible; DotBot/1.2; +https://opensiteexplorer.org/dotbot; help@moz.com)"
138.201.192.8 - - [25/Jun/2022:10:09:31 +0000] "GET /node/date/2006/08 HTTP/1.1" 301 178 "-" "Mozilla/5.0 (compatible; DataForSeoBot/1.0; +https://dataforseo.com/dataforseo-bot)"
138.201.192.8 - - [25/Jun/2022:10:09:40 +0000] "GET /node/category/%E0%B8%9A%E0%B8%A7%E0%B8%8A HTTP/1.1" 404 134 "-" "Mozilla/5.0 (compatible; DataForSeoBot/1.0; +https://dataforseo.com/dataforseo-bot)"
138.201.192.8 - - [25/Jun/2022:10:09:49 +0000] "GET /node/date/2014/03 HTTP/1.1" 301 178 "-" "Mozilla/5.0 (compatible; DataForSeoBot/1.0; +https://dataforseo.com/dataforseo-bot)"
138.201.192.8 - - [25/Jun/2022:10:09:57 +0000] "GET /node/category/blognone HTTP/1.1" 301 178 "-" "Mozilla/5.0 (compatible; DataForSeoBot/1.0; +https://dataforseo.com/dataforseo-bot)"
138.201.192.8 - - [25/Jun/2022:10:10:05 +0000] "GET /node/category/work HTTP/1.1" 301 178 "-" "Mozilla/5.0 (compatible; DataForSeoBot/1.0; +https://dataforseo.com/dataforseo-bot)"
138.201.192.8 - - [25/Jun/2022:10:10:11 +0000] "GET /node/category/music/%E0%B9%80%E0%B8%9E%E0%B8%A5%E0%B8%87%E0%B9%83%E0%B8%95%E0%B9%89/%E0%B8%AB%E0%B8%A5%E0%B8%87_%E0%B8%A5%E0%B8%87%E0%B8%A5%E0%B8%B2%E0%B8%A2 HTTP/1.1" 404 134 "-" "Mozilla/5.0 (compatible; DataForSeoBot/1.0; +https://dataforseo.com/dataforseo-bot)"
138.201.192.8 - - [25/Jun/2022:10:10:18 +0000] "GET /node/date/2005/11 HTTP/1.1" 301 178 "-" "Mozilla/5.0 (compatible; DataForSeoBot/1.0; +https://dataforseo.com/dataforseo-bot)"
138.201.192.8 - - [25/Jun/2022:10:10:24 +0000] "GET /node/date/2009/01 HTTP/1.1" 301 178 "-" "Mozilla/5.0 (compatible; DataForSeoBot/1.0; +https://dataforseo.com/dataforseo-bot)"
138.201.192.8 - - [25/Jun/2022:10:10:32 +0000] "GET /node/date/2004/06/ HTTP/1.1" 200 9970 "-" "Mozilla/5.0 (compatible; DataForSeoBot/1.0; +https://dataforseo.com/dataforseo-bot)"
49.7.20.159 - - [25/Jun/2022:10:10:37 +0000] "GET / HTTP/1.1" 200 396 "-" "Sogou web spider/4.0(+http://www.sogou.com/docs/help/webmasters.htm#07)"
138.201.192.8 - - [25/Jun/2022:10:10:39 +0000] "GET /node/category/chrome/ HTTP/1.1" 200 14704 "-" "Mozilla/5.0 (compatible; DataForSeoBot/1.0; +https://dataforseo.com/dataforseo-bot)"
185.191.171.43 - - [25/Jun/2022:10:10:40 +0000] "GET /node/tag/charging-time HTTP/1.1" 302 154 "-" "Mozilla/5.0 (compatible; SemrushBot/7~bl; +http://www.semrush.com/bot.html)"
185.191.171.40 - - [25/Jun/2022:10:10:41 +0000] "GET /node/tag/charging-time HTTP/1.1" 301 178 "-" "Mozilla/5.0 (compatible; SemrushBot/7~bl; +http://www.semrush.com/bot.html)"
138.201.192.8 - - [25/Jun/2022:10:10:48 +0000] "GET /node/category/7300_gt/ HTTP/1.1" 200 9725 "-" "Mozilla/5.0 (compatible; DataForSeoBot/1.0; +https://dataforseo.com/dataforseo-bot)"
138.201.192.8 - - [25/Jun/2022:10:10:54 +0000] "GET /node/date/2006/12/ HTTP/1.1" 200 11590 "-" "Mozilla/5.0 (compatible; DataForSeoBot/1.0; +https://dataforseo.com/dataforseo-bot)"
114.119.147.73 - - [25/Jun/2022:10:11:01 +0000] "GET /node/tag/trip/ HTTP/1.1" 404 134 "http://www.mrchoke.org/node/tag/trip/page/2" "Mozilla/5.0 (Linux; Android 7.0;) AppleWebKit/537.36 (KHTML, like Gecko) Mobile Safari/537.36 (compatible; PetalBot;+https://webmaster.petalsearch.com/site/petalbot)"
138.201.192.8 - - [25/Jun/2022:10:11:07 +0000] "GET /node/category/%E0%B9%84%E0%B8%8A%E0%B8%A2%E0%B8%B2 HTTP/1.1" 404 134 "-" "Mozilla/5.0 (compatible; DataForSeoBot/1.0; +https://dataforseo.com/dataforseo-bot)"
87.250.224.86 - - [25/Jun/2022:10:11:14 +0000] "GET /robots.txt HTTP/1.1" 404 162 "-" "Mozilla/5.0 (compatible; YandexBot/3.0; +http://yandex.com/bots)"
138.201.192.8 - - [25/Jun/2022:10:11:16 +0000] "GET /node/category/tag/ HTTP/1.1" 200 8055 "-" "Mozilla/5.0 (compatible; DataForSeoBot/1.0; +https://dataforseo.com/dataforseo-bot)"
87.250.224.3 - - [25/Jun/2022:10:11:18 +0000] "GET /node/1537 HTTP/1.1" 302 154 "-" "Mozilla/5.0 (compatible; YandexBot/3.0; +http://yandex.com/bots)"
87.250.224.3 - - [25/Jun/2022:10:11:19 +0000] "GET /node/1537 HTTP/1.1" 301 178 "-" "Mozilla/5.0 (compatible; YandexBot/3.0; +http://yandex.com/bots)"
87.250.224.3 - - [25/Jun/2022:10:11:22 +0000] "GET /node/1537/ HTTP/1.1" 200 10910 "-" "Mozilla/5.0 (compatible; YandexBot/3.0; +http://yandex.com/bots)"
138.201.192.8 - - [25/Jun/2022:10:11:24 +0000] "GET /node/category/nectec/nsc HTTP/1.1" 301 178 "-" "Mozilla/5.0 (compatible; DataForSeoBot/1.0; +https://dataforseo.com/dataforseo-bot)"
138.201.192.8 - - [25/Jun/2022:10:11:31 +0000] "GET /node/category/internetsharing HTTP/1.1" 301 178 "-" "Mozilla/5.0 (compatible; DataForSeoBot/1.0; +https://dataforseo.com/dataforseo-bot)"
138.201.192.8 - - [25/Jun/2022:10:11:42 +0000] "GET /node/date/2012/06/ HTTP/1.1" 200 8072 "-" "Mozilla/5.0 (compatible; DataForSeoBot/1.0; +https://dataforseo.com/dataforseo-bot)"
138.201.192.8 - - [25/Jun/2022:10:11:50 +0000] "GET /node/category/nvidia/ HTTP/1.1" 200 12591 "-" "Mozilla/5.0 (compatible; DataForSeoBot/1.0; +https://dataforseo.com/dataforseo-bot)"
138.201.192.8 - - [25/Jun/2022:10:11:57 +0000] "GET /node/category/mms HTTP/1.1" 301 178 "-" "Mozilla/5.0 (compatible; DataForSeoBot/1.0; +https://dataforseo.com/dataforseo-bot)"
138.201.192.8 - - [25/Jun/2022:10:12:05 +0000] "GET /node/category/charset HTTP/1.1" 301 178 "-" "Mozilla/5.0 (compatible; DataForSeoBot/1.0; +https://dataforseo.com/dataforseo-bot)"
138.201.192.8 - - [25/Jun/2022:10:12:13 +0000] "GET /node/category/%E0%B8%A1%E0%B8%AD._%E0%B8%9B%E0%B8%B1%E0%B8%95%E0%B8%95%E0%B8%B2%E0%B8%99%E0%B8%B5 HTTP/1.1" 404 134 "-" "Mozilla/5.0 (compatible; DataForSeoBot/1.0; +https://dataforseo.com/dataforseo-bot)"
138.201.192.8 - - [25/Jun/2022:10:12:23 +0000] "GET /node/category/photoscape HTTP/1.1" 301 178 "-" "Mozilla/5.0 (compatible; DataForSeoBot/1.0; +https://dataforseo.com/dataforseo-bot)"
138.201.192.8 - - [25/Jun/2022:10:12:30 +0000] "GET /node/category/nectec HTTP/1.1" 301 178 "-" "Mozilla/5.0 (compatible; DataForSeoBot/1.0; +https://dataforseo.com/dataforseo-bot)"
138.201.192.8 - - [25/Jun/2022:10:12:38 +0000] "GET /node/category/apache HTTP/1.1" 301 178 "-" "Mozilla/5.0 (compatible; DataForSeoBot/1.0; +https://dataforseo.com/dataforseo-bot)"
138.201.192.8 - - [25/Jun/2022:10:12:48 +0000] "GET /node/category/mysql/ HTTP/1.1" 200 8438 "-" "Mozilla/5.0 (compatible; DataForSeoBot/1.0; +https://dataforseo.com/dataforseo-bot)"
138.201.192.8 - - [25/Jun/2022:10:12:54 +0000] "GET /node/date/2006/02 HTTP/1.1" 301 178 "-" "Mozilla/5.0 (compatible; DataForSeoBot/1.0; +https://dataforseo.com/dataforseo-bot)"
138.201.192.8 - - [25/Jun/2022:10:13:03 +0000] "GET /node/category/blog/cycling/ HTTP/1.1" 200 8700 "-" "Mozilla/5.0 (compatible; DataForSeoBot/1.0; +https://dataforseo.com/dataforseo-bot)"
138.201.192.8 - - [25/Jun/2022:10:13:10 +0000] "GET /node/date/2016/08/ HTTP/1.1" 200 9239 "-" "Mozilla/5.0 (compatible; DataForSeoBot/1.0; +https://dataforseo.com/dataforseo-bot)"
138.201.192.8 - - [25/Jun/2022:10:13:20 +0000] "GET /node/category/nlc10/ HTTP/1.1" 200 15299 "-" "Mozilla/5.0 (compatible; DataForSeoBot/1.0; +https://dataforseo.com/dataforseo-bot)"
138.201.192.8 - - [25/Jun/2022:10:13:27 +0000] "GET /node/category/network/ HTTP/1.1" 200 7962 "-" "Mozilla/5.0 (compatible; DataForSeoBot/1.0; +https://dataforseo.com/dataforseo-bot)"
138.201.192.8 - - [25/Jun/2022:10:13:35 +0000] "GET /node/date/2010/03 HTTP/1.1" 301 178 "-" "Mozilla/5.0 (compatible; DataForSeoBot/1.0; +https://dataforseo.com/dataforseo-bot)"
138.201.192.8 - - [25/Jun/2022:10:13:43 +0000] "GET /node/date/2006/11/ HTTP/1.1" 200 12487 "-" "Mozilla/5.0 (compatible; DataForSeoBot/1.0; +https://dataforseo.com/dataforseo-bot)"
138.201.192.8 - - [25/Jun/2022:10:13:51 +0000] "GET /node/date/2005/06 HTTP/1.1" 301 178 "-" "Mozilla/5.0 (compatible; DataForSeoBot/1.0; +https://dataforseo.com/dataforseo-bot)"
138.201.192.8 - - [25/Jun/2022:10:13:58 +0000] "GET /node/category/plugins HTTP/1.1" 301 178 "-" "Mozilla/5.0 (compatible; DataForSeoBot/1.0; +https://dataforseo.com/dataforseo-bot)"
138.201.192.8 - - [25/Jun/2022:10:14:06 +0000] "GET /node/category/enlightenment HTTP/1.1" 301 178 "-" "Mozilla/5.0 (compatible; DataForSeoBot/1.0; +https://dataforseo.com/dataforseo-bot)"
138.201.192.8 - - [25/Jun/2022:10:14:13 +0000] "GET /node/date/2016/04/ HTTP/1.1" 200 8640 "-" "Mozilla/5.0 (compatible; DataForSeoBot/1.0; +https://dataforseo.com/dataforseo-bot)"
138.201.192.8 - - [25/Jun/2022:10:14:22 +0000] "GET /page/2 HTTP/1.1" 301 178 "-" "Mozilla/5.0 (compatible; DataForSeoBot/1.0; +https://dataforseo.com/dataforseo-bot)"
138.201.192.8 - - [25/Jun/2022:10:14:29 +0000] "GET /node/date/2007/06 HTTP/1.1" 301 178 "-" "Mozilla/5.0 (compatible; DataForSeoBot/1.0; +https://dataforseo.com/dataforseo-bot)"
114.119.147.97 - - [25/Jun/2022:10:14:36 +0000] "GET /node/category/mac HTTP/1.1" 301 178 "https://mrchoke.org/node/790/img_6128" "Mozilla/5.0 (Linux; Android 7.0;) AppleWebKit/537.36 (KHTML, like Gecko) Mobile Safari/537.36 (compatible; PetalBot;+https://webmaster.petalsearch.com/site/petalbot)"
114.119.147.97 - - [25/Jun/2022:10:14:36 +0000] "GET /node/category/mac/ HTTP/1.1" 200 13694 "https://mrchoke.org/node/790/img_6128" "Mozilla/5.0 (Linux; Android 7.0;) AppleWebKit/537.36 (KHTML, like Gecko) Mobile Safari/537.36 (compatible; PetalBot;+https://webmaster.petalsearch.com/site/petalbot)"
138.201.192.8 - - [25/Jun/2022:10:14:37 +0000] "GET /node/date/2008/01/ HTTP/1.1" 200 9432 "-" "Mozilla/5.0 (compatible; DataForSeoBot/1.0; +https://dataforseo.com/dataforseo-bot)"
138.201.192.8 - - [25/Jun/2022:10:14:45 +0000] "GET /node/category/xfce HTTP/1.1" 301 178 "-" "Mozilla/5.0 (compatible; DataForSeoBot/1.0; +https://dataforseo.com/dataforseo-bot)"
138.201.192.8 - - [25/Jun/2022:10:14:52 +0000] "GET /node/date/2008/06/ HTTP/1.1" 200 9295 "-" "Mozilla/5.0 (compatible; DataForSeoBot/1.0; +https://dataforseo.com/dataforseo-bot)"
138.201.192.8 - - [25/Jun/2022:10:15:01 +0000] "GET /node/category/weight HTTP/1.1" 301 178 "-" "Mozilla/5.0 (compatible; DataForSeoBot/1.0; +https://dataforseo.com/dataforseo-bot)"
138.201.192.8 - - [25/Jun/2022:10:15:07 +0000] "GET /node/category/ubuntu/edgy/ HTTP/1.1" 200 9451 "-" "Mozilla/5.0 (compatible; DataForSeoBot/1.0; +https://dataforseo.com/dataforseo-bot)"
138.201.192.8 - - [25/Jun/2022:10:15:17 +0000] "GET /node/category/ubuntu/ HTTP/1.1" 200 16552 "-" "Mozilla/5.0 (compatible; DataForSeoBot/1.0; +https://dataforseo.com/dataforseo-bot)"
138.201.192.8 - - [25/Jun/2022:10:15:25 +0000] "GET /node/1885/3/ HTTP/1.1" 200 10471 "-" "Mozilla/5.0 (compatible; DataForSeoBot/1.0; +https://dataforseo.com/dataforseo-bot)"
138.201.192.8 - - [25/Jun/2022:10:15:32 +0000] "GET /node/date/2006/09/ HTTP/1.1" 200 12353 "-" "Mozilla/5.0 (compatible; DataForSeoBot/1.0; +https://dataforseo.com/dataforseo-bot)"
193.118.53.202 - - [25/Jun/2022:10:15:41 +0000] "GET / HTTP/1.1" 200 396 "-" "Mozilla/5.0 (Windows NT 10.0; Win64; x64) AppleWebKit/537.36 (KHTML, like Gecko) Chrome/60.0.3112.113 Safari/537.36"
138.201.192.8 - - [25/Jun/2022:10:15:42 +0000] "GET /node/category/nlc HTTP/1.1" 301 178 "-" "Mozilla/5.0 (compatible; DataForSeoBot/1.0; +https://dataforseo.com/dataforseo-bot)"
138.201.192.8 - - [25/Jun/2022:10:15:51 +0000] "GET /node/date/2008/07/ HTTP/1.1" 200 8419 "-" "Mozilla/5.0 (compatible; DataForSeoBot/1.0; +https://dataforseo.com/dataforseo-bot)"
138.201.192.8 - - [25/Jun/2022:10:15:59 +0000] "GET /node/date/2007/05 HTTP/1.1" 301 178 "-" "Mozilla/5.0 (compatible; DataForSeoBot/1.0; +https://dataforseo.com/dataforseo-bot)"
138.201.192.8 - - [25/Jun/2022:10:16:07 +0000] "GET /node/category/jigdo HTTP/1.1" 301 178 "-" "Mozilla/5.0 (compatible; DataForSeoBot/1.0; +https://dataforseo.com/dataforseo-bot)"
138.201.192.8 - - [25/Jun/2022:10:16:14 +0000] "GET /node/category/music/%E0%B9%80%E0%B8%9E%E0%B8%A5%E0%B8%87%E0%B9%83%E0%B8%95%E0%B9%89/%E0%B8%A1%E0%B8%B2%E0%B8%A5%E0%B8%B5%E0%B8%AE%E0%B8%A7%E0%B8%99%E0%B8%99%E0%B9%88%E0%B8%B2 HTTP/1.1" 404 134 "-" "Mozilla/5.0 (compatible; DataForSeoBot/1.0; +https://dataforseo.com/dataforseo-bot)"
138.201.192.8 - - [25/Jun/2022:10:16:22 +0000] "GET /node/date/2004/07/ HTTP/1.1" 200 12927 "-" "Mozilla/5.0 (compatible; DataForSeoBot/1.0; +https://dataforseo.com/dataforseo-bot)"
138.201.192.8 - - [25/Jun/2022:10:16:31 +0000] "GET /node/date/2009/06/ HTTP/1.1" 200 11402 "-" "Mozilla/5.0 (compatible; DataForSeoBot/1.0; +https://dataforseo.com/dataforseo-bot)"
138.201.192.8 - - [25/Jun/2022:10:16:38 +0000] "GET /node/date/2007/04/ HTTP/1.1" 200 16157 "-" "Mozilla/5.0 (compatible; DataForSeoBot/1.0; +https://dataforseo.com/dataforseo-bot)"
54.36.149.0 - - [25/Jun/2022:10:16:45 +0000] "GET /node/date/2009/11/01/ HTTP/2.0" 200 12315 "-" "Mozilla/5.0 (compatible; AhrefsBot/7.0; +http://ahrefs.com/robot/)"
138.201.192.8 - - [25/Jun/2022:10:16:46 +0000] "GET /node/category/appstore HTTP/1.1" 301 178 "-" "Mozilla/5.0 (compatible; DataForSeoBot/1.0; +https://dataforseo.com/dataforseo-bot)"
151.204.144.193 - - [25/Jun/2022:10:16:48 +0000] "GET /wp-login.php?action=register HTTP/1.1" 404 197 "-" "Mozilla/5.0 (Windows NT 6.1; Win64; x64) AppleWebKit/537.36 (KHTML, like Gecko) Chrome/60.0.3112.90 Safari/537.36"
138.201.192.8 - - [25/Jun/2022:10:16:53 +0000] "GET /node/category/restaurant_city/ HTTP/1.1" 200 8243 "-" "Mozilla/5.0 (compatible; DataForSeoBot/1.0; +https://dataforseo.com/dataforseo-bot)"
20.237.227.24 - - [25/Jun/2022:10:17:40 +0000] "GET /.env HTTP/1.1" 404 134 "-" "Mozilla/5.0 (Linux; U; Android 4.4.2; en-US; HM NOTE 1W Build/KOT49H) AppleWebKit/534.30 (KHTML, like Gecko) Version/4.0 UCBrowser/11.0.5.850 U3/0.8.0 Mobile Safari/534.30"
20.237.227.24 - - [25/Jun/2022:10:17:41 +0000] "POST / HTTP/1.1" 405 166 "-" "Mozilla/5.0 (Linux; U; Android 4.4.2; en-US; HM NOTE 1W Build/KOT49H) AppleWebKit/534.30 (KHTML, like Gecko) Version/4.0 UCBrowser/11.0.5.850 U3/0.8.0 Mobile Safari/534.30"
20.237.227.24 - - [25/Jun/2022:10:17:41 +0000] "GET /.env HTTP/1.1" 301 178 "-" "Mozilla/5.0 (Linux; U; Android 4.4.2; en-US; HM NOTE 1W Build/KOT49H) AppleWebKit/534.30 (KHTML, like Gecko) Version/4.0 UCBrowser/11.0.5.850 U3/0.8.0 Mobile Safari/534.30"
20.237.227.24 - - [25/Jun/2022:10:17:42 +0000] "POST / HTTP/1.1" 301 178 "-" "Mozilla/5.0 (Linux; U; Android 4.4.2; en-US; HM NOTE 1W Build/KOT49H) AppleWebKit/534.30 (KHTML, like Gecko) Version/4.0 UCBrowser/11.0.5.850 U3/0.8.0 Mobile Safari/534.30"
20.237.227.24 - - [25/Jun/2022:10:17:54 +0000] "GET /vendor/phpunit/phpunit/src/Util/PHP/eval-stdin.php HTTP/1.1" 404 134 "-" "python-requests/2.28.0"
178.79.157.195 - - [25/Jun/2022:10:18:07 +0000] "GET /.env HTTP/1.1" 404 197 "-" "Mozilla/5.0 (X11; Linux x86_64) AppleWebKit/537.36 (KHTML, like Gecko) Chrome/81.0.4044.129 Safari/537.36"
178.79.157.195 - - [25/Jun/2022:10:18:07 +0000] "POST / HTTP/1.1" 405 568 "-" "Mozilla/5.0 (X11; Linux x86_64) AppleWebKit/537.36 (KHTML, like Gecko) Chrome/81.0.4044.129 Safari/537.36"
114.119.147.75 - - [25/Jun/2022:10:18:37 +0000] "GET /node/939/img_6376?ak_action=accept_mobile HTTP/1.1" 302 154 "https://mrchoke.org/node/939/img_6376?ak_action=reject_mobile" "Mozilla/5.0 (Linux; Android 7.0;) AppleWebKit/537.36 (KHTML, like Gecko) Mobile Safari/537.36 (compatible; PetalBot;+https://webmaster.petalsearch.com/site/petalbot)"
114.119.147.75 - - [25/Jun/2022:10:18:37 +0000] "GET /node/939/img_6376?ak_action=accept_mobile HTTP/1.1" 301 178 "https://mrchoke.org/node/939/img_6376?ak_action=reject_mobile" "Mozilla/5.0 (Linux; Android 7.0;) AppleWebKit/537.36 (KHTML, like Gecko) Mobile Safari/537.36 (compatible; PetalBot;+https://webmaster.petalsearch.com/site/petalbot)"
114.119.147.75 - - [25/Jun/2022:10:18:38 +0000] "GET /node/939/img_6376/?ak_action=accept_mobile HTTP/1.1" 200 7901 "https://mrchoke.org/node/939/img_6376?ak_action=reject_mobile" "Mozilla/5.0 (Linux; Android 7.0;) AppleWebKit/537.36 (KHTML, like Gecko) Mobile Safari/537.36 (compatible; PetalBot;+https://webmaster.petalsearch.com/site/petalbot)"
5.255.253.163 - - [25/Jun/2022:10:21:44 +0000] "GET /node/category/network HTTP/1.1" 302 154 "-" "Mozilla/5.0 (compatible; YandexBot/3.0; +http://yandex.com/bots)"
185.191.171.23 - - [25/Jun/2022:10:21:50 +0000] "GET /node/210 HTTP/1.1" 302 154 "-" "Mozilla/5.0 (compatible; SemrushBot/7~bl; +http://www.semrush.com/bot.html)"
185.191.171.10 - - [25/Jun/2022:10:21:52 +0000] "GET /node/210 HTTP/1.1" 301 178 "-" "Mozilla/5.0 (compatible; SemrushBot/7~bl; +http://www.semrush.com/bot.html)"
185.191.171.25 - - [25/Jun/2022:10:21:55 +0000] "GET /node/210/ HTTP/1.1" 200 8139 "-" "Mozilla/5.0 (compatible; SemrushBot/7~bl; +http://www.semrush.com/bot.html)"
87.250.224.3 - - [25/Jun/2022:10:21:55 +0000] "GET /node/category/network HTTP/1.1" 301 178 "-" "Mozilla/5.0 (compatible; YandexBot/3.0; +http://yandex.com/bots)"
87.250.224.3 - - [25/Jun/2022:10:21:57 +0000] "GET /node/category/network/ HTTP/1.1" 200 7962 "-" "Mozilla/5.0 (compatible; YandexBot/3.0; +http://yandex.com/bots)"
114.119.147.86 - - [25/Jun/2022:10:24:03 +0000] "GET /node/category/uncategorized/page/4 HTTP/1.1" 301 178 "https://static.mrchoke.org/node/category/uncategorized/page/3" "Mozilla/5.0 (Linux; Android 7.0;) AppleWebKit/537.36 (KHTML, like Gecko) Mobile Safari/537.36 (compatible; PetalBot;+https://webmaster.petalsearch.com/site/petalbot)"
114.119.147.86 - - [25/Jun/2022:10:24:05 +0000] "GET /node/category/uncategorized/page/4/ HTTP/1.1" 200 9658 "https://static.mrchoke.org/node/category/uncategorized/page/3" "Mozilla/5.0 (Linux; Android 7.0;) AppleWebKit/537.36 (KHTML, like Gecko) Mobile Safari/537.36 (compatible; PetalBot;+https://webmaster.petalsearch.com/site/petalbot)"
138.201.192.37 - - [25/Jun/2022:10:24:20 +0000] "GET /node/category/lpi/ HTTP/1.1" 200 9252 "-" "Mozilla/5.0 (compatible; DataForSeoBot/1.0; +https://dataforseo.com/dataforseo-bot)"
138.201.192.37 - - [25/Jun/2022:10:24:25 +0000] "GET /node/category/wordpress/ HTTP/1.1" 200 11873 "-" "Mozilla/5.0 (compatible; DataForSeoBot/1.0; +https://dataforseo.com/dataforseo-bot)"
185.191.171.24 - - [25/Jun/2022:10:24:28 +0000] "GET /img_6569 HTTP/1.1" 301 178 "-" "Mozilla/5.0 (compatible; SemrushBot/7~bl; +http://www.semrush.com/bot.html)"
138.201.192.37 - - [25/Jun/2022:10:24:28 +0000] "GET /node/date/2007/01 HTTP/1.1" 301 178 "-" "Mozilla/5.0 (compatible; DataForSeoBot/1.0; +https://dataforseo.com/dataforseo-bot)"
185.191.171.33 - - [25/Jun/2022:10:24:31 +0000] "GET /img_6569/ HTTP/1.1" 200 7887 "-" "Mozilla/5.0 (compatible; SemrushBot/7~bl; +http://www.semrush.com/bot.html)"
138.201.192.37 - - [25/Jun/2022:10:24:32 +0000] "GET /node/date/2012/04/ HTTP/1.1" 200 6215 "-" "Mozilla/5.0 (compatible; DataForSeoBot/1.0; +https://dataforseo.com/dataforseo-bot)"
138.201.192.37 - - [25/Jun/2022:10:24:37 +0000] "GET /node/date/2014/02/ HTTP/1.1" 200 11544 "-" "Mozilla/5.0 (compatible; DataForSeoBot/1.0; +https://dataforseo.com/dataforseo-bot)"
138.201.192.37 - - [25/Jun/2022:10:24:41 +0000] "GET /node/category/kernel/ HTTP/1.1" 200 9655 "-" "Mozilla/5.0 (compatible; DataForSeoBot/1.0; +https://dataforseo.com/dataforseo-bot)"
138.201.192.37 - - [25/Jun/2022:10:24:45 +0000] "GET /node/category/beryl/ HTTP/1.1" 200 10852 "-" "Mozilla/5.0 (compatible; DataForSeoBot/1.0; +https://dataforseo.com/dataforseo-bot)"
138.201.192.37 - - [25/Jun/2022:10:24:49 +0000] "GET /node/category/xkb/ HTTP/1.1" 200 10570 "-" "Mozilla/5.0 (compatible; DataForSeoBot/1.0; +https://dataforseo.com/dataforseo-bot)"
138.201.192.37 - - [25/Jun/2022:10:24:53 +0000] "GET /node/category/904/ HTTP/1.1" 200 12760 "-" "Mozilla/5.0 (compatible; DataForSeoBot/1.0; +https://dataforseo.com/dataforseo-bot)"
138.201.192.37 - - [25/Jun/2022:10:24:59 +0000] "GET /node/category/%E0%B8%82%E0%B8%AD%E0%B8%87%E0%B9%80%E0%B8%A5%E0%B9%88%E0%B8%99 HTTP/1.1" 404 134 "-" "Mozilla/5.0 (compatible; DataForSeoBot/1.0; +https://dataforseo.com/dataforseo-bot)"
138.201.192.37 - - [25/Jun/2022:10:25:01 +0000] "GET /node/category/appstore/ HTTP/1.1" 200 7969 "-" "Mozilla/5.0 (compatible; DataForSeoBot/1.0; +https://dataforseo.com/dataforseo-bot)"
138.201.192.37 - - [25/Jun/2022:10:25:07 +0000] "GET /node/235 HTTP/1.1" 301 178 "-" "Mozilla/5.0 (compatible; DataForSeoBot/1.0; +https://dataforseo.com/dataforseo-bot)"
138.201.192.37 - - [25/Jun/2022:10:25:09 +0000] "GET /node/date/2007/05/ HTTP/1.1" 200 13306 "-" "Mozilla/5.0 (compatible; DataForSeoBot/1.0; +https://dataforseo.com/dataforseo-bot)"
138.201.192.37 - - [25/Jun/2022:10:25:14 +0000] "GET /node/186 HTTP/1.1" 301 178 "-" "Mozilla/5.0 (compatible; DataForSeoBot/1.0; +https://dataforseo.com/dataforseo-bot)"
157.55.39.114 - - [25/Jun/2022:10:25:15 +0000] "GET /node/83/?share=facebook&nb=1 HTTP/2.0" 200 8995 "-" "Mozilla/5.0 (compatible; bingbot/2.0; +http://www.bing.com/bingbot.htm)"
138.201.192.37 - - [25/Jun/2022:10:25:18 +0000] "GET /node/date/2004/07/page/2 HTTP/1.1" 301 178 "-" "Mozilla/5.0 (compatible; DataForSeoBot/1.0; +https://dataforseo.com/dataforseo-bot)"
138.201.192.37 - - [25/Jun/2022:10:25:22 +0000] "GET /node/184 HTTP/1.1" 301 178 "-" "Mozilla/5.0 (compatible; DataForSeoBot/1.0; +https://dataforseo.com/dataforseo-bot)"
138.201.192.37 - - [25/Jun/2022:10:25:26 +0000] "GET /node/218 HTTP/1.1" 301 178 "-" "Mozilla/5.0 (compatible; DataForSeoBot/1.0; +https://dataforseo.com/dataforseo-bot)"
138.201.192.37 - - [25/Jun/2022:10:25:29 +0000] "GET /node/230 HTTP/1.1" 301 178 "-" "Mozilla/5.0 (compatible; DataForSeoBot/1.0; +https://dataforseo.com/dataforseo-bot)"
138.201.192.37 - - [25/Jun/2022:10:25:34 +0000] "GET /node/48 HTTP/1.1" 301 178 "-" "Mozilla/5.0 (compatible; DataForSeoBot/1.0; +https://dataforseo.com/dataforseo-bot)"
138.201.192.37 - - [25/Jun/2022:10:25:38 +0000] "GET /node/394 HTTP/1.1" 301 178 "-" "Mozilla/5.0 (compatible; DataForSeoBot/1.0; +https://dataforseo.com/dataforseo-bot)"
138.201.192.37 - - [25/Jun/2022:10:25:42 +0000] "GET /node/244 HTTP/1.1" 301 178 "-" "Mozilla/5.0 (compatible; DataForSeoBot/1.0; +https://dataforseo.com/dataforseo-bot)"
138.201.192.37 - - [25/Jun/2022:10:25:46 +0000] "GET /node/date/2006/09/page/2 HTTP/1.1" 301 178 "-" "Mozilla/5.0 (compatible; DataForSeoBot/1.0; +https://dataforseo.com/dataforseo-bot)"
138.201.192.37 - - [25/Jun/2022:10:25:50 +0000] "GET /node/47 HTTP/1.1" 301 178 "-" "Mozilla/5.0 (compatible; DataForSeoBot/1.0; +https://dataforseo.com/dataforseo-bot)"
54.36.149.76 - - [25/Jun/2022:10:25:53 +0000] "GET /node/59 HTTP/2.0" 301 178 "-" "Mozilla/5.0 (compatible; AhrefsBot/7.0; +http://ahrefs.com/robot/)"
138.201.192.37 - - [25/Jun/2022:10:25:54 +0000] "GET /node/229 HTTP/1.1" 301 178 "-" "Mozilla/5.0 (compatible; DataForSeoBot/1.0; +https://dataforseo.com/dataforseo-bot)"
138.201.192.37 - - [25/Jun/2022:10:25:57 +0000] "GET /node/253 HTTP/1.1" 301 178 "-" "Mozilla/5.0 (compatible; DataForSeoBot/1.0; +https://dataforseo.com/dataforseo-bot)"
138.201.192.37 - - [25/Jun/2022:10:26:01 +0000] "GET /node/480 HTTP/1.1" 301 178 "-" "Mozilla/5.0 (compatible; DataForSeoBot/1.0; +https://dataforseo.com/dataforseo-bot)"
138.201.192.37 - - [25/Jun/2022:10:26:06 +0000] "GET /node/category/jigdo/ HTTP/1.1" 200 9448 "-" "Mozilla/5.0 (compatible; DataForSeoBot/1.0; +https://dataforseo.com/dataforseo-bot)"
138.201.192.37 - - [25/Jun/2022:10:26:10 +0000] "GET /node/46 HTTP/1.1" 301 178 "-" "Mozilla/5.0 (compatible; DataForSeoBot/1.0; +https://dataforseo.com/dataforseo-bot)"
138.201.192.37 - - [25/Jun/2022:10:26:14 +0000] "GET /node/232 HTTP/1.1" 301 178 "-" "Mozilla/5.0 (compatible; DataForSeoBot/1.0; +https://dataforseo.com/dataforseo-bot)"
138.201.192.37 - - [25/Jun/2022:10:26:17 +0000] "GET /node/479 HTTP/1.1" 301 178 "-" "Mozilla/5.0 (compatible; DataForSeoBot/1.0; +https://dataforseo.com/dataforseo-bot)"
138.201.192.37 - - [25/Jun/2022:10:26:22 +0000] "GET /node/45 HTTP/1.1" 301 178 "-" "Mozilla/5.0 (compatible; DataForSeoBot/1.0; +https://dataforseo.com/dataforseo-bot)"
138.201.192.37 - - [25/Jun/2022:10:26:26 +0000] "GET /node/49 HTTP/1.1" 301 178 "-" "Mozilla/5.0 (compatible; DataForSeoBot/1.0; +https://dataforseo.com/dataforseo-bot)"
138.201.192.37 - - [25/Jun/2022:10:26:30 +0000] "GET /node/category/nlc/ HTTP/1.1" 200 8053 "-" "Mozilla/5.0 (compatible; DataForSeoBot/1.0; +https://dataforseo.com/dataforseo-bot)"
138.201.192.37 - - [25/Jun/2022:10:26:34 +0000] "GET /node/246 HTTP/1.1" 301 178 "-" "Mozilla/5.0 (compatible; DataForSeoBot/1.0; +https://dataforseo.com/dataforseo-bot)"
138.201.192.37 - - [25/Jun/2022:10:26:37 +0000] "GET /node/245 HTTP/1.1" 301 178 "-" "Mozilla/5.0 (compatible; DataForSeoBot/1.0; +https://dataforseo.com/dataforseo-bot)"
138.201.192.37 - - [25/Jun/2022:10:26:42 +0000] "GET /node/category/%E0%B8%81%E0%B8%A7%E0%B8%B5 HTTP/1.1" 404 134 "-" "Mozilla/5.0 (compatible; DataForSeoBot/1.0; +https://dataforseo.com/dataforseo-bot)"
138.201.192.37 - - [25/Jun/2022:10:26:49 +0000] "GET /node/478 HTTP/1.1" 301 178 "-" "Mozilla/5.0 (compatible; DataForSeoBot/1.0; +https://dataforseo.com/dataforseo-bot)"
138.201.192.37 - - [25/Jun/2022:10:26:54 +0000] "GET /node/224 HTTP/1.1" 301 178 "-" "Mozilla/5.0 (compatible; DataForSeoBot/1.0; +https://dataforseo.com/dataforseo-bot)"
138.201.192.37 - - [25/Jun/2022:10:26:59 +0000] "GET /node/category/ubuntu/page/2 HTTP/1.1" 301 178 "-" "Mozilla/5.0 (compatible; DataForSeoBot/1.0; +https://dataforseo.com/dataforseo-bot)"
138.201.192.37 - - [25/Jun/2022:10:27:05 +0000] "GET /node/393 HTTP/1.1" 301 178 "-" "Mozilla/5.0 (compatible; DataForSeoBot/1.0; +https://dataforseo.com/dataforseo-bot)"
207.46.13.4 - - [25/Jun/2022:10:27:06 +0000] "GET /feed/?attachment_id=1868 HTTP/2.0" 403 123 "-" "Mozilla/5.0 (compatible; bingbot/2.0; +http://www.bing.com/bingbot.htm)"
138.201.192.37 - - [25/Jun/2022:10:27:10 +0000] "GET /node/185 HTTP/1.1" 301 178 "-" "Mozilla/5.0 (compatible; DataForSeoBot/1.0; +https://dataforseo.com/dataforseo-bot)"
138.201.192.37 - - [25/Jun/2022:10:27:15 +0000] "GET /node/category/promo_code/ HTTP/1.1" 200 7413 "-" "Mozilla/5.0 (compatible; DataForSeoBot/1.0; +https://dataforseo.com/dataforseo-bot)"
138.201.192.37 - - [25/Jun/2022:10:27:20 +0000] "GET /node/category/rc HTTP/1.1" 301 178 "-" "Mozilla/5.0 (compatible; DataForSeoBot/1.0; +https://dataforseo.com/dataforseo-bot)"
138.201.192.37 - - [25/Jun/2022:10:27:25 +0000] "GET /node/category/nikon/ HTTP/1.1" 200 8147 "-" "Mozilla/5.0 (compatible; DataForSeoBot/1.0; +https://dataforseo.com/dataforseo-bot)"
138.201.192.37 - - [25/Jun/2022:10:27:30 +0000] "GET /node/category/microsoft HTTP/1.1" 301 178 "-" "Mozilla/5.0 (compatible; DataForSeoBot/1.0; +https://dataforseo.com/dataforseo-bot)"
138.201.192.37 - - [25/Jun/2022:10:27:35 +0000] "GET /node/category/dreamhost HTTP/1.1" 301 178 "-" "Mozilla/5.0 (compatible; DataForSeoBot/1.0; +https://dataforseo.com/dataforseo-bot)"
138.201.192.37 - - [25/Jun/2022:10:27:40 +0000] "GET /node/date/2005/04 HTTP/1.1" 301 178 "-" "Mozilla/5.0 (compatible; DataForSeoBot/1.0; +https://dataforseo.com/dataforseo-bot)"
138.201.192.37 - - [25/Jun/2022:10:27:44 +0000] "GET /node/date/2005/09/ HTTP/1.1" 200 8126 "-" "Mozilla/5.0 (compatible; DataForSeoBot/1.0; +https://dataforseo.com/dataforseo-bot)"
138.201.192.37 - - [25/Jun/2022:10:27:48 +0000] "GET /node/category/vbox/ HTTP/1.1" 200 12371 "-" "Mozilla/5.0 (compatible; DataForSeoBot/1.0; +https://dataforseo.com/dataforseo-bot)"
138.201.192.37 - - [25/Jun/2022:10:27:52 +0000] "GET /node/date/2010/04/ HTTP/1.1" 200 13655 "-" "Mozilla/5.0 (compatible; DataForSeoBot/1.0; +https://dataforseo.com/dataforseo-bot)"
138.201.192.37 - - [25/Jun/2022:10:27:56 +0000] "GET /node/category/ifuse/ HTTP/1.1" 200 11523 "-" "Mozilla/5.0 (compatible; DataForSeoBot/1.0; +https://dataforseo.com/dataforseo-bot)"
138.201.192.37 - - [25/Jun/2022:10:28:00 +0000] "GET /node/category/hotmail/ HTTP/1.1" 200 8905 "-" "Mozilla/5.0 (compatible; DataForSeoBot/1.0; +https://dataforseo.com/dataforseo-bot)"
138.201.192.37 - - [25/Jun/2022:10:28:04 +0000] "GET /node/category/facebook HTTP/1.1" 301 178 "-" "Mozilla/5.0 (compatible; DataForSeoBot/1.0; +https://dataforseo.com/dataforseo-bot)"
138.201.192.37 - - [25/Jun/2022:10:28:09 +0000] "GET /node/category/speed/ HTTP/1.1" 200 8953 "-" "Mozilla/5.0 (compatible; DataForSeoBot/1.0; +https://dataforseo.com/dataforseo-bot)"
138.201.192.37 - - [25/Jun/2022:10:28:13 +0000] "GET /node/category/comworld/ HTTP/1.1" 200 8238 "-" "Mozilla/5.0 (compatible; DataForSeoBot/1.0; +https://dataforseo.com/dataforseo-bot)"
138.201.192.37 - - [25/Jun/2022:10:28:18 +0000] "GET /node/category/toshiba/satellite/ HTTP/1.1" 200 10091 "-" "Mozilla/5.0 (compatible; DataForSeoBot/1.0; +https://dataforseo.com/dataforseo-bot)"
138.201.192.37 - - [25/Jun/2022:10:28:22 +0000] "GET /node/category/oss/ HTTP/1.1" 200 14621 "-" "Mozilla/5.0 (compatible; DataForSeoBot/1.0; +https://dataforseo.com/dataforseo-bot)"
138.201.192.37 - - [25/Jun/2022:10:28:26 +0000] "GET /node/category/opensource/ HTTP/1.1" 200 10753 "-" "Mozilla/5.0 (compatible; DataForSeoBot/1.0; +https://dataforseo.com/dataforseo-bot)"
138.201.192.37 - - [25/Jun/2022:10:28:30 +0000] "GET /node/date/2005/03/ HTTP/1.1" 200 10942 "-" "Mozilla/5.0 (compatible; DataForSeoBot/1.0; +https://dataforseo.com/dataforseo-bot)"
138.201.192.37 - - [25/Jun/2022:10:28:34 +0000] "GET /node/category/compiz/ HTTP/1.1" 200 13812 "-" "Mozilla/5.0 (compatible; DataForSeoBot/1.0; +https://dataforseo.com/dataforseo-bot)"
138.201.192.37 - - [25/Jun/2022:10:28:38 +0000] "GET /node/date/2007/03/ HTTP/1.1" 200 15696 "-" "Mozilla/5.0 (compatible; DataForSeoBot/1.0; +https://dataforseo.com/dataforseo-bot)"
138.201.192.37 - - [25/Jun/2022:10:28:42 +0000] "GET /node/category/amsn/ HTTP/1.1" 200 11513 "-" "Mozilla/5.0 (compatible; DataForSeoBot/1.0; +https://dataforseo.com/dataforseo-bot)"
138.201.192.37 - - [25/Jun/2022:10:28:47 +0000] "GET /node/category/osx/ HTTP/1.1" 200 8417 "-" "Mozilla/5.0 (compatible; DataForSeoBot/1.0; +https://dataforseo.com/dataforseo-bot)"
138.201.192.37 - - [25/Jun/2022:10:28:52 +0000] "GET /node/category/font HTTP/1.1" 301 178 "-" "Mozilla/5.0 (compatible; DataForSeoBot/1.0; +https://dataforseo.com/dataforseo-bot)"
138.201.192.37 - - [25/Jun/2022:10:28:57 +0000] "GET /node/category/lexitron/ HTTP/1.1" 200 8234 "-" "Mozilla/5.0 (compatible; DataForSeoBot/1.0; +https://dataforseo.com/dataforseo-bot)"
138.201.192.37 - - [25/Jun/2022:10:29:02 +0000] "GET /node/date/2009/05/ HTTP/1.1" 200 9461 "-" "Mozilla/5.0 (compatible; DataForSeoBot/1.0; +https://dataforseo.com/dataforseo-bot)"
114.119.147.97 - - [25/Jun/2022:10:29:05 +0000] "GET /node/category/vbox HTTP/1.1" 301 178 "https://mrchoke.org/node/790/img_6128" "Mozilla/5.0 (Linux; Android 7.0;) AppleWebKit/537.36 (KHTML, like Gecko) Mobile Safari/537.36 (compatible; PetalBot;+https://webmaster.petalsearch.com/site/petalbot)"
114.119.147.97 - - [25/Jun/2022:10:29:06 +0000] "GET /node/category/vbox/ HTTP/1.1" 200 12371 "https://mrchoke.org/node/790/img_6128" "Mozilla/5.0 (Linux; Android 7.0;) AppleWebKit/537.36 (KHTML, like Gecko) Mobile Safari/537.36 (compatible; PetalBot;+https://webmaster.petalsearch.com/site/petalbot)"
138.201.192.37 - - [25/Jun/2022:10:29:07 +0000] "GET /node/category/x11/ HTTP/1.1" 200 8886 "-" "Mozilla/5.0 (compatible; DataForSeoBot/1.0; +https://dataforseo.com/dataforseo-bot)"
138.201.192.37 - - [25/Jun/2022:10:29:11 +0000] "GET /node/category/ntfs/ HTTP/1.1" 200 8499 "-" "Mozilla/5.0 (compatible; DataForSeoBot/1.0; +https://dataforseo.com/dataforseo-bot)"
138.201.192.37 - - [25/Jun/2022:10:29:16 +0000] "GET /node/category/toshiba/ HTTP/1.1" 200 10633 "-" "Mozilla/5.0 (compatible; DataForSeoBot/1.0; +https://dataforseo.com/dataforseo-bot)"
138.201.192.37 - - [25/Jun/2022:10:29:19 +0000] "GET /node/category/opentle/ HTTP/1.1" 200 7420 "-" "Mozilla/5.0 (compatible; DataForSeoBot/1.0; +https://dataforseo.com/dataforseo-bot)"
