114.119.147.86 - - [26/Jun/2022:07:47:05 +0000] "GET /node/7?ak_action=accept_mobile HTTP/1.1" 302 154 "https://mrchoke.org/node/7?ak_action=reject_mobile" "Mozilla/5.0 (Linux; Android 7.0;) AppleWebKit/537.36 (KHTML, like Gecko) Mobile Safari/537.36 (compatible; PetalBot;+https://webmaster.petalsearch.com/site/petalbot)"
154.54.249.200 - - [26/Jun/2022:07:47:07 +0000] "GET /node/33?share=linkedin HTTP/1.1" 302 154 "-" "Mozilla/5.0 (compatible; Barkrowler/0.9; +https://babbar.tech/crawler)"
114.119.147.86 - - [26/Jun/2022:07:47:11 +0000] "GET /node/7?ak_action=accept_mobile HTTP/1.1" 301 178 "https://mrchoke.org/node/7?ak_action=reject_mobile" "Mozilla/5.0 (Linux; Android 7.0;) AppleWebKit/537.36 (KHTML, like Gecko) Mobile Safari/537.36 (compatible; PetalBot;+https://webmaster.petalsearch.com/site/petalbot)"
114.119.147.86 - - [26/Jun/2022:07:47:17 +0000] "GET /node/7/?ak_action=accept_mobile HTTP/1.1" 200 9806 "https://mrchoke.org/node/7?ak_action=reject_mobile" "Mozilla/5.0 (Linux; Android 7.0;) AppleWebKit/537.36 (KHTML, like Gecko) Mobile Safari/537.36 (compatible; PetalBot;+https://webmaster.petalsearch.com/site/petalbot)"
154.54.249.200 - - [26/Jun/2022:07:47:22 +0000] "GET /node/241/feed HTTP/1.1" 301 178 "-" "Mozilla/5.0 (compatible; Barkrowler/0.9; +https://babbar.tech/crawler)"
199.249.230.177 - - [26/Jun/2022:07:47:30 +0000] "GET / HTTP/1.1" 400 666 "-" "Mozilla/5.0 (Windows NT 10.0; Win64; x64) AppleWebKit/537.36 (KHTML, like Gecko) Chrome/95.0.4638.69 Safari/537.36"
154.54.249.200 - - [26/Jun/2022:07:47:41 +0000] "GET /node/33?share=twitter HTTP/1.1" 302 154 "-" "Mozilla/5.0 (compatible; Barkrowler/0.9; +https://babbar.tech/crawler)"
154.54.249.200 - - [26/Jun/2022:07:47:54 +0000] "GET /node/466/feed HTTP/1.1" 301 178 "-" "Mozilla/5.0 (compatible; Barkrowler/0.9; +https://babbar.tech/crawler)"
154.54.249.200 - - [26/Jun/2022:07:48:14 +0000] "GET /node/88?share=reddit HTTP/1.1" 302 154 "-" "Mozilla/5.0 (compatible; Barkrowler/0.9; +https://babbar.tech/crawler)"
154.54.249.200 - - [26/Jun/2022:07:48:28 +0000] "GET /node/466/feed/ HTTP/1.1" 403 134 "-" "Mozilla/5.0 (compatible; Barkrowler/0.9; +https://babbar.tech/crawler)"
154.54.249.200 - - [26/Jun/2022:07:48:42 +0000] "GET /node/88?share=linkedin HTTP/1.1" 302 154 "-" "Mozilla/5.0 (compatible; Barkrowler/0.9; +https://babbar.tech/crawler)"
154.54.249.200 - - [26/Jun/2022:07:48:56 +0000] "GET /node/394/feed HTTP/1.1" 301 178 "-" "Mozilla/5.0 (compatible; Barkrowler/0.9; +https://babbar.tech/crawler)"
154.54.249.200 - - [26/Jun/2022:07:49:13 +0000] "GET /node/88?share=twitter HTTP/1.1" 302 154 "-" "Mozilla/5.0 (compatible; Barkrowler/0.9; +https://babbar.tech/crawler)"
114.119.147.86 - - [26/Jun/2022:07:49:16 +0000] "GET /node/category/xorg/ HTTP/1.1" 200 15057 "https://mrchoke.org/node/category/xorg/page/2?ak_action=accept_mobile" "Mozilla/5.0 (Linux; Android 7.0;) AppleWebKit/537.36 (KHTML, like Gecko) Mobile Safari/537.36 (compatible; PetalBot;+https://webmaster.petalsearch.com/site/petalbot)"
154.54.249.200 - - [26/Jun/2022:07:49:28 +0000] "GET /node/308/feed HTTP/1.1" 301 178 "-" "Mozilla/5.0 (compatible; Barkrowler/0.9; +https://babbar.tech/crawler)"
154.54.249.200 - - [26/Jun/2022:07:49:45 +0000] "GET /node/86?share=reddit HTTP/1.1" 302 154 "-" "Mozilla/5.0 (compatible; Barkrowler/0.9; +https://babbar.tech/crawler)"
207.46.13.174 - - [26/Jun/2022:07:50:02 +0000] "GET /feed/?attachment_id=1290 HTTP/2.0" 403 123 "-" "Mozilla/5.0 (compatible; bingbot/2.0; +http://www.bing.com/bingbot.htm)"
154.54.249.200 - - [26/Jun/2022:07:50:04 +0000] "GET /node/308/feed/ HTTP/1.1" 403 134 "-" "Mozilla/5.0 (compatible; Barkrowler/0.9; +https://babbar.tech/crawler)"
154.54.249.200 - - [26/Jun/2022:07:50:18 +0000] "GET /node/86?share=linkedin HTTP/1.1" 302 154 "-" "Mozilla/5.0 (compatible; Barkrowler/0.9; +https://babbar.tech/crawler)"
154.54.249.200 - - [26/Jun/2022:07:50:33 +0000] "GET /node/396/feed HTTP/1.1" 301 178 "-" "Mozilla/5.0 (compatible; Barkrowler/0.9; +https://babbar.tech/crawler)"
154.54.249.200 - - [26/Jun/2022:07:50:46 +0000] "GET /node/86?share=twitter HTTP/1.1" 302 154 "-" "Mozilla/5.0 (compatible; Barkrowler/0.9; +https://babbar.tech/crawler)"
54.36.148.89 - - [26/Jun/2022:07:50:56 +0000] "GET /node/939/img_6409/ HTTP/2.0" 200 7874 "-" "Mozilla/5.0 (compatible; AhrefsBot/7.0; +http://ahrefs.com/robot/)"
154.54.249.200 - - [26/Jun/2022:07:51:05 +0000] "GET /node/396/feed/ HTTP/1.1" 403 134 "-" "Mozilla/5.0 (compatible; Barkrowler/0.9; +https://babbar.tech/crawler)"
154.54.249.200 - - [26/Jun/2022:07:51:20 +0000] "GET /node/85?share=reddit HTTP/1.1" 302 154 "-" "Mozilla/5.0 (compatible; Barkrowler/0.9; +https://babbar.tech/crawler)"
154.54.249.200 - - [26/Jun/2022:07:51:37 +0000] "GET /node/328/feed HTTP/1.1" 301 178 "-" "Mozilla/5.0 (compatible; Barkrowler/0.9; +https://babbar.tech/crawler)"
154.54.249.200 - - [26/Jun/2022:07:51:51 +0000] "GET /node/85?share=linkedin HTTP/1.1" 302 154 "-" "Mozilla/5.0 (compatible; Barkrowler/0.9; +https://babbar.tech/crawler)"
154.54.249.200 - - [26/Jun/2022:07:52:05 +0000] "GET /node/328/feed/ HTTP/1.1" 403 134 "-" "Mozilla/5.0 (compatible; Barkrowler/0.9; +https://babbar.tech/crawler)"
154.54.249.200 - - [26/Jun/2022:07:52:21 +0000] "GET /node/85?share=twitter HTTP/1.1" 302 154 "-" "Mozilla/5.0 (compatible; Barkrowler/0.9; +https://babbar.tech/crawler)"
154.54.249.200 - - [26/Jun/2022:07:52:38 +0000] "GET /node/206/feed HTTP/1.1" 301 178 "-" "Mozilla/5.0 (compatible; Barkrowler/0.9; +https://babbar.tech/crawler)"
154.54.249.200 - - [26/Jun/2022:07:52:51 +0000] "GET /node/201?share=linkedin HTTP/1.1" 302 154 "-" "Mozilla/5.0 (compatible; Barkrowler/0.9; +https://babbar.tech/crawler)"
154.54.249.200 - - [26/Jun/2022:07:53:07 +0000] "GET /node/206/feed/ HTTP/1.1" 403 134 "-" "Mozilla/5.0 (compatible; Barkrowler/0.9; +https://babbar.tech/crawler)"
154.54.249.200 - - [26/Jun/2022:07:53:20 +0000] "GET /node/201?share=reddit HTTP/1.1" 302 154 "-" "Mozilla/5.0 (compatible; Barkrowler/0.9; +https://babbar.tech/crawler)"
154.54.249.200 - - [26/Jun/2022:07:53:34 +0000] "GET /node/345/feed HTTP/1.1" 301 178 "-" "Mozilla/5.0 (compatible; Barkrowler/0.9; +https://babbar.tech/crawler)"
154.54.249.200 - - [26/Jun/2022:07:53:47 +0000] "GET /node/201?share=twitter HTTP/1.1" 302 154 "-" "Mozilla/5.0 (compatible; Barkrowler/0.9; +https://babbar.tech/crawler)"
154.54.249.200 - - [26/Jun/2022:07:54:00 +0000] "GET /node/356/feed HTTP/1.1" 301 178 "-" "Mozilla/5.0 (compatible; Barkrowler/0.9; +https://babbar.tech/crawler)"
154.54.249.200 - - [26/Jun/2022:07:54:15 +0000] "GET /node/201?share=facebook HTTP/1.1" 302 154 "-" "Mozilla/5.0 (compatible; Barkrowler/0.9; +https://babbar.tech/crawler)"
154.54.249.200 - - [26/Jun/2022:07:54:28 +0000] "GET /node/356/feed/ HTTP/1.1" 403 134 "-" "Mozilla/5.0 (compatible; Barkrowler/0.9; +https://babbar.tech/crawler)"
154.54.249.200 - - [26/Jun/2022:07:54:42 +0000] "GET /node/99?share=linkedin HTTP/1.1" 302 154 "-" "Mozilla/5.0 (compatible; Barkrowler/0.9; +https://babbar.tech/crawler)"
154.54.249.200 - - [26/Jun/2022:07:54:58 +0000] "GET /node/321/feed HTTP/1.1" 301 178 "-" "Mozilla/5.0 (compatible; Barkrowler/0.9; +https://babbar.tech/crawler)"
216.244.66.229 - - [26/Jun/2022:07:55:08 +0000] "GET /robots.txt HTTP/1.1" 404 162 "-" "Mozilla/5.0 (compatible; DotBot/1.2; +https://opensiteexplorer.org/dotbot; help@moz.com)"
216.244.66.229 - - [26/Jun/2022:07:55:08 +0000] "GET /robots.txt HTTP/1.1" 404 162 "-" "Mozilla/5.0 (compatible; DotBot/1.2; +https://opensiteexplorer.org/dotbot; help@moz.com)"
154.54.249.200 - - [26/Jun/2022:07:55:12 +0000] "GET /node/99?share=reddit HTTP/1.1" 302 154 "-" "Mozilla/5.0 (compatible; Barkrowler/0.9; +https://babbar.tech/crawler)"
154.54.249.200 - - [26/Jun/2022:07:55:25 +0000] "GET /node/216/feed HTTP/1.1" 301 178 "-" "Mozilla/5.0 (compatible; Barkrowler/0.9; +https://babbar.tech/crawler)"
154.54.249.200 - - [26/Jun/2022:07:55:39 +0000] "GET /node/99?share=twitter HTTP/1.1" 302 154 "-" "Mozilla/5.0 (compatible; Barkrowler/0.9; +https://babbar.tech/crawler)"
154.54.249.200 - - [26/Jun/2022:07:55:52 +0000] "GET /node/448/feed HTTP/1.1" 301 178 "-" "Mozilla/5.0 (compatible; Barkrowler/0.9; +https://babbar.tech/crawler)"
154.54.249.200 - - [26/Jun/2022:07:56:05 +0000] "GET /node/99?share=facebook HTTP/1.1" 302 154 "-" "Mozilla/5.0 (compatible; Barkrowler/0.9; +https://babbar.tech/crawler)"
154.54.249.200 - - [26/Jun/2022:07:56:19 +0000] "GET /node/448/feed/ HTTP/1.1" 403 134 "-" "Mozilla/5.0 (compatible; Barkrowler/0.9; +https://babbar.tech/crawler)"
154.54.249.200 - - [26/Jun/2022:07:56:32 +0000] "GET /node/34?share=reddit HTTP/1.1" 302 154 "-" "Mozilla/5.0 (compatible; Barkrowler/0.9; +https://babbar.tech/crawler)"
154.54.249.200 - - [26/Jun/2022:07:56:46 +0000] "GET /node/244/feed HTTP/1.1" 301 178 "-" "Mozilla/5.0 (compatible; Barkrowler/0.9; +https://babbar.tech/crawler)"
154.54.249.200 - - [26/Jun/2022:07:57:02 +0000] "GET /node/34?share=linkedin HTTP/1.1" 302 154 "-" "Mozilla/5.0 (compatible; Barkrowler/0.9; +https://babbar.tech/crawler)"
154.54.249.200 - - [26/Jun/2022:07:57:17 +0000] "GET /node/371/feed HTTP/1.1" 301 178 "-" "Mozilla/5.0 (compatible; Barkrowler/0.9; +https://babbar.tech/crawler)"
154.54.249.200 - - [26/Jun/2022:07:57:35 +0000] "GET /node/34?share=twitter HTTP/1.1" 302 154 "-" "Mozilla/5.0 (compatible; Barkrowler/0.9; +https://babbar.tech/crawler)"
114.119.147.73 - - [26/Jun/2022:07:57:39 +0000] "GET /node/184?ak_action=reject_mobile HTTP/1.1" 302 154 "https://mrchoke.org/node/184?ak_action=accept_mobile" "Mozilla/5.0 (Linux; Android 7.0;) AppleWebKit/537.36 (KHTML, like Gecko) Mobile Safari/537.36 (compatible; PetalBot;+https://webmaster.petalsearch.com/site/petalbot)"
114.119.147.73 - - [26/Jun/2022:07:57:45 +0000] "GET /node/184?ak_action=reject_mobile HTTP/1.1" 301 178 "https://mrchoke.org/node/184?ak_action=accept_mobile" "Mozilla/5.0 (Linux; Android 7.0;) AppleWebKit/537.36 (KHTML, like Gecko) Mobile Safari/537.36 (compatible; PetalBot;+https://webmaster.petalsearch.com/site/petalbot)"
154.54.249.200 - - [26/Jun/2022:07:57:50 +0000] "GET /node/371/feed/ HTTP/1.1" 403 134 "-" "Mozilla/5.0 (compatible; Barkrowler/0.9; +https://babbar.tech/crawler)"
114.119.147.73 - - [26/Jun/2022:07:57:55 +0000] "GET /node/184/?ak_action=reject_mobile HTTP/1.1" 200 8657 "https://mrchoke.org/node/184?ak_action=accept_mobile" "Mozilla/5.0 (Linux; Android 7.0;) AppleWebKit/537.36 (KHTML, like Gecko) Mobile Safari/537.36 (compatible; PetalBot;+https://webmaster.petalsearch.com/site/petalbot)"
154.54.249.200 - - [26/Jun/2022:07:58:06 +0000] "GET /node/26?share=reddit HTTP/1.1" 302 154 "-" "Mozilla/5.0 (compatible; Barkrowler/0.9; +https://babbar.tech/crawler)"
154.54.249.200 - - [26/Jun/2022:07:58:19 +0000] "GET /node/320/feed HTTP/1.1" 301 178 "-" "Mozilla/5.0 (compatible; Barkrowler/0.9; +https://babbar.tech/crawler)"
154.54.249.200 - - [26/Jun/2022:07:58:34 +0000] "GET /node/26?share=linkedin HTTP/1.1" 302 154 "-" "Mozilla/5.0 (compatible; Barkrowler/0.9; +https://babbar.tech/crawler)"
154.54.249.200 - - [26/Jun/2022:07:58:49 +0000] "GET /node/217/feed HTTP/1.1" 301 178 "-" "Mozilla/5.0 (compatible; Barkrowler/0.9; +https://babbar.tech/crawler)"
154.54.249.200 - - [26/Jun/2022:07:59:02 +0000] "GET /node/26?share=twitter HTTP/1.1" 302 154 "-" "Mozilla/5.0 (compatible; Barkrowler/0.9; +https://babbar.tech/crawler)"
154.54.249.200 - - [26/Jun/2022:07:59:17 +0000] "GET /node/390/feed HTTP/1.1" 301 178 "-" "Mozilla/5.0 (compatible; Barkrowler/0.9; +https://babbar.tech/crawler)"
154.54.249.200 - - [26/Jun/2022:07:59:31 +0000] "GET /node/247?share=reddit HTTP/1.1" 302 154 "-" "Mozilla/5.0 (compatible; Barkrowler/0.9; +https://babbar.tech/crawler)"
216.244.66.229 - - [26/Jun/2022:07:59:39 +0000] "GET /node/1706/feed HTTP/1.1" 404 162 "-" "Mozilla/5.0 (compatible; DotBot/1.2; +https://opensiteexplorer.org/dotbot; help@moz.com)"
216.244.66.229 - - [26/Jun/2022:07:59:43 +0000] "GET /node/35/feed HTTP/1.1" 404 162 "-" "Mozilla/5.0 (compatible; DotBot/1.2; +https://opensiteexplorer.org/dotbot; help@moz.com)"
154.54.249.200 - - [26/Jun/2022:07:59:48 +0000] "GET /node/390/feed/ HTTP/1.1" 403 134 "-" "Mozilla/5.0 (compatible; Barkrowler/0.9; +https://babbar.tech/crawler)"
114.119.147.81 - - [26/Jun/2022:07:59:48 +0000] "GET /node/305?share=reddit HTTP/1.1" 302 154 "https://mrchoke.org/node/305?ak_action=accept_mobile" "Mozilla/5.0 (Linux; Android 7.0;) AppleWebKit/537.36 (KHTML, like Gecko) Mobile Safari/537.36 (compatible; PetalBot;+https://webmaster.petalsearch.com/site/petalbot)"
216.244.66.229 - - [26/Jun/2022:07:59:48 +0000] "GET /node/79/feed HTTP/1.1" 404 162 "-" "Mozilla/5.0 (compatible; DotBot/1.2; +https://opensiteexplorer.org/dotbot; help@moz.com)"
216.244.66.229 - - [26/Jun/2022:07:59:52 +0000] "GET /node/835/img_6244 HTTP/1.1" 404 162 "-" "Mozilla/5.0 (compatible; DotBot/1.2; +https://opensiteexplorer.org/dotbot; help@moz.com)"
54.36.148.7 - - [26/Jun/2022:07:59:53 +0000] "GET /ch7_5835/ HTTP/2.0" 200 7873 "-" "Mozilla/5.0 (compatible; AhrefsBot/7.0; +http://ahrefs.com/robot/)"
216.244.66.229 - - [26/Jun/2022:08:00:02 +0000] "GET /wp-content/uploads/2012/04/osm-logo.png HTTP/1.1" 404 162 "-" "Mozilla/5.0 (compatible; DotBot/1.2; +https://opensiteexplorer.org/dotbot; help@moz.com)"
154.54.249.200 - - [26/Jun/2022:08:00:03 +0000] "GET /node/247?share=linkedin HTTP/1.1" 302 154 "-" "Mozilla/5.0 (compatible; Barkrowler/0.9; +https://babbar.tech/crawler)"
114.119.147.81 - - [26/Jun/2022:08:00:04 +0000] "GET /node/305?share=reddit HTTP/1.1" 301 178 "https://mrchoke.org/node/305?ak_action=accept_mobile" "Mozilla/5.0 (Linux; Android 7.0;) AppleWebKit/537.36 (KHTML, like Gecko) Mobile Safari/537.36 (compatible; PetalBot;+https://webmaster.petalsearch.com/site/petalbot)"
154.54.249.200 - - [26/Jun/2022:08:00:18 +0000] "GET /node/527/feed HTTP/1.1" 301 178 "-" "Mozilla/5.0 (compatible; Barkrowler/0.9; +https://babbar.tech/crawler)"
154.54.249.200 - - [26/Jun/2022:08:00:32 +0000] "GET /node/247?share=twitter HTTP/1.1" 302 154 "-" "Mozilla/5.0 (compatible; Barkrowler/0.9; +https://babbar.tech/crawler)"
154.54.249.200 - - [26/Jun/2022:08:00:45 +0000] "GET /node/221/feed HTTP/1.1" 301 178 "-" "Mozilla/5.0 (compatible; Barkrowler/0.9; +https://babbar.tech/crawler)"
154.54.249.200 - - [26/Jun/2022:08:00:58 +0000] "GET /node/200?share=reddit HTTP/1.1" 302 154 "-" "Mozilla/5.0 (compatible; Barkrowler/0.9; +https://babbar.tech/crawler)"
154.54.249.200 - - [26/Jun/2022:08:01:12 +0000] "GET /node/234/feed HTTP/1.1" 301 178 "-" "Mozilla/5.0 (compatible; Barkrowler/0.9; +https://babbar.tech/crawler)"
114.119.147.81 - - [26/Jun/2022:08:01:27 +0000] "GET /node/790/img_6151?share=reddit HTTP/1.1" 302 154 "https://mrchoke.org/node/790/img_6151?ak_action=accept_mobile" "Mozilla/5.0 (Linux; Android 7.0;) AppleWebKit/537.36 (KHTML, like Gecko) Mobile Safari/537.36 (compatible; PetalBot;+https://webmaster.petalsearch.com/site/petalbot)"
154.54.249.200 - - [26/Jun/2022:08:01:27 +0000] "GET /node/200?share=linkedin HTTP/1.1" 302 154 "-" "Mozilla/5.0 (compatible; Barkrowler/0.9; +https://babbar.tech/crawler)"
114.119.147.81 - - [26/Jun/2022:08:01:31 +0000] "GET /node/790/img_6151?share=reddit HTTP/1.1" 301 178 "https://mrchoke.org/node/790/img_6151?ak_action=accept_mobile" "Mozilla/5.0 (Linux; Android 7.0;) AppleWebKit/537.36 (KHTML, like Gecko) Mobile Safari/537.36 (compatible; PetalBot;+https://webmaster.petalsearch.com/site/petalbot)"
154.54.249.200 - - [26/Jun/2022:08:01:41 +0000] "GET /node/362/feed HTTP/1.1" 301 178 "-" "Mozilla/5.0 (compatible; Barkrowler/0.9; +https://babbar.tech/crawler)"
114.119.147.81 - - [26/Jun/2022:08:01:41 +0000] "GET /node/790/img_6151/?share=reddit HTTP/1.1" 200 7929 "https://mrchoke.org/node/790/img_6151?ak_action=accept_mobile" "Mozilla/5.0 (Linux; Android 7.0;) AppleWebKit/537.36 (KHTML, like Gecko) Mobile Safari/537.36 (compatible; PetalBot;+https://webmaster.petalsearch.com/site/petalbot)"
154.54.249.200 - - [26/Jun/2022:08:01:54 +0000] "GET /node/200?share=twitter HTTP/1.1" 302 154 "-" "Mozilla/5.0 (compatible; Barkrowler/0.9; +https://babbar.tech/crawler)"
154.54.249.200 - - [26/Jun/2022:08:02:09 +0000] "GET /node/362/feed/ HTTP/1.1" 403 134 "-" "Mozilla/5.0 (compatible; Barkrowler/0.9; +https://babbar.tech/crawler)"
154.54.249.200 - - [26/Jun/2022:08:02:24 +0000] "GET /node/27?share=reddit HTTP/1.1" 302 154 "-" "Mozilla/5.0 (compatible; Barkrowler/0.9; +https://babbar.tech/crawler)"
154.54.249.200 - - [26/Jun/2022:08:02:37 +0000] "GET /node/317/feed HTTP/1.1" 301 178 "-" "Mozilla/5.0 (compatible; Barkrowler/0.9; +https://babbar.tech/crawler)"
154.54.249.200 - - [26/Jun/2022:08:02:51 +0000] "GET /node/27?share=linkedin HTTP/1.1" 302 154 "-" "Mozilla/5.0 (compatible; Barkrowler/0.9; +https://babbar.tech/crawler)"
154.54.249.200 - - [26/Jun/2022:08:03:05 +0000] "GET /node/317/feed/ HTTP/1.1" 403 134 "-" "Mozilla/5.0 (compatible; Barkrowler/0.9; +https://babbar.tech/crawler)"
154.54.249.200 - - [26/Jun/2022:08:03:19 +0000] "GET /node/27?share=twitter HTTP/1.1" 302 154 "-" "Mozilla/5.0 (compatible; Barkrowler/0.9; +https://babbar.tech/crawler)"
154.54.249.200 - - [26/Jun/2022:08:03:34 +0000] "GET /node/329/feed HTTP/1.1" 301 178 "-" "Mozilla/5.0 (compatible; Barkrowler/0.9; +https://babbar.tech/crawler)"
216.244.66.229 - - [26/Jun/2022:08:03:35 +0000] "GET /wp-content/uploads/2014/01/CH7_3310.jpg HTTP/1.1" 404 162 "-" "Mozilla/5.0 (compatible; DotBot/1.2; +https://opensiteexplorer.org/dotbot; help@moz.com)"
216.244.66.229 - - [26/Jun/2022:08:03:37 +0000] "GET /wp-content/uploads/2014/01/IMG_6382.jpg HTTP/1.1" 404 162 "-" "Mozilla/5.0 (compatible; DotBot/1.2; +https://opensiteexplorer.org/dotbot; help@moz.com)"
216.244.66.229 - - [26/Jun/2022:08:03:41 +0000] "GET /wp-content/uploads/2014/01/IMG_6384.jpg HTTP/1.1" 404 162 "-" "Mozilla/5.0 (compatible; DotBot/1.2; +https://opensiteexplorer.org/dotbot; help@moz.com)"
216.244.66.229 - - [26/Jun/2022:08:03:44 +0000] "GET /wp-content/uploads/2014/02/IMG_7751.png HTTP/1.1" 404 162 "-" "Mozilla/5.0 (compatible; DotBot/1.2; +https://opensiteexplorer.org/dotbot; help@moz.com)"
154.54.249.200 - - [26/Jun/2022:08:03:49 +0000] "GET /node/98?share=reddit HTTP/1.1" 302 154 "-" "Mozilla/5.0 (compatible; Barkrowler/0.9; +https://babbar.tech/crawler)"
114.119.147.74 - - [26/Jun/2022:08:03:53 +0000] "GET /node/354?share=twitter HTTP/1.1" 302 154 "https://mrchoke.org/node/354?ak_action=reject_mobile" "Mozilla/5.0 (Linux; Android 7.0;) AppleWebKit/537.36 (KHTML, like Gecko) Mobile Safari/537.36 (compatible; PetalBot;+https://webmaster.petalsearch.com/site/petalbot)"
216.244.66.229 - - [26/Jun/2022:08:04:03 +0000] "GET /img_7465 HTTP/1.1" 404 162 "-" "Mozilla/5.0 (compatible; DotBot/1.2; +https://opensiteexplorer.org/dotbot; help@moz.com)"
114.119.147.74 - - [26/Jun/2022:08:04:04 +0000] "GET /node/354?share=twitter HTTP/1.1" 301 178 "https://mrchoke.org/node/354?ak_action=reject_mobile" "Mozilla/5.0 (Linux; Android 7.0;) AppleWebKit/537.36 (KHTML, like Gecko) Mobile Safari/537.36 (compatible; PetalBot;+https://webmaster.petalsearch.com/site/petalbot)"
154.54.249.200 - - [26/Jun/2022:08:04:05 +0000] "GET /node/329/feed/ HTTP/1.1" 403 134 "-" "Mozilla/5.0 (compatible; Barkrowler/0.9; +https://babbar.tech/crawler)"
154.54.249.200 - - [26/Jun/2022:08:04:22 +0000] "GET /node/98?share=linkedin HTTP/1.1" 302 154 "-" "Mozilla/5.0 (compatible; Barkrowler/0.9; +https://babbar.tech/crawler)"
185.191.171.38 - - [26/Jun/2022:08:04:28 +0000] "GET /robots.txt HTTP/1.1" 404 134 "-" "Mozilla/5.0 (compatible; SemrushBot/7~bl; +http://www.semrush.com/bot.html)"
185.191.171.9 - - [26/Jun/2022:08:04:29 +0000] "GET /img_7707 HTTP/1.1" 301 178 "-" "Mozilla/5.0 (compatible; SemrushBot/7~bl; +http://www.semrush.com/bot.html)"
185.191.171.10 - - [26/Jun/2022:08:04:32 +0000] "GET /img_7707/ HTTP/1.1" 200 7878 "-" "Mozilla/5.0 (compatible; SemrushBot/7~bl; +http://www.semrush.com/bot.html)"
154.54.249.200 - - [26/Jun/2022:08:04:37 +0000] "GET /node/490/feed HTTP/1.1" 301 178 "-" "Mozilla/5.0 (compatible; Barkrowler/0.9; +https://babbar.tech/crawler)"
154.54.249.200 - - [26/Jun/2022:08:04:54 +0000] "GET /node/98?share=twitter HTTP/1.1" 302 154 "-" "Mozilla/5.0 (compatible; Barkrowler/0.9; +https://babbar.tech/crawler)"
216.244.66.229 - - [26/Jun/2022:08:05:05 +0000] "GET /node/tag/bike/page/3/ HTTP/1.1" 404 162 "-" "Mozilla/5.0 (compatible; DotBot/1.2; +https://opensiteexplorer.org/dotbot; help@moz.com)"
154.54.249.200 - - [26/Jun/2022:08:05:08 +0000] "GET /node/391/feed HTTP/1.1" 301 178 "-" "Mozilla/5.0 (compatible; Barkrowler/0.9; +https://babbar.tech/crawler)"
154.54.249.200 - - [26/Jun/2022:08:05:22 +0000] "GET /node/49?share=reddit HTTP/1.1" 302 154 "-" "Mozilla/5.0 (compatible; Barkrowler/0.9; +https://babbar.tech/crawler)"
154.54.249.200 - - [26/Jun/2022:08:05:36 +0000] "GET /node/391/feed/ HTTP/1.1" 403 134 "-" "Mozilla/5.0 (compatible; Barkrowler/0.9; +https://babbar.tech/crawler)"
154.54.249.200 - - [26/Jun/2022:08:05:50 +0000] "GET /node/49?share=linkedin HTTP/1.1" 302 154 "-" "Mozilla/5.0 (compatible; Barkrowler/0.9; +https://babbar.tech/crawler)"
66.249.64.214 - - [26/Jun/2022:08:06:00 +0000] "GET /node/203 HTTP/1.1" 301 178 "-" "Mozilla/5.0 (compatible; Googlebot/2.1; +http://www.google.com/bot.html)"
66.249.64.214 - - [26/Jun/2022:08:06:01 +0000] "GET /node/203/ HTTP/1.1" 200 8772 "-" "Mozilla/5.0 (compatible; Googlebot/2.1; +http://www.google.com/bot.html)"
154.54.249.200 - - [26/Jun/2022:08:06:04 +0000] "GET /node/494/feed HTTP/1.1" 301 178 "-" "Mozilla/5.0 (compatible; Barkrowler/0.9; +https://babbar.tech/crawler)"
114.119.147.86 - - [26/Jun/2022:08:06:09 +0000] "GET /node/145?share=facebook HTTP/1.1" 302 154 "https://mrchoke.org/node/145?ak_action=accept_mobile" "Mozilla/5.0 (Linux; Android 7.0;) AppleWebKit/537.36 (KHTML, like Gecko) Mobile Safari/537.36 (compatible; PetalBot;+https://webmaster.petalsearch.com/site/petalbot)"
154.54.249.200 - - [26/Jun/2022:08:06:19 +0000] "GET /node/49?share=twitter HTTP/1.1" 302 154 "-" "Mozilla/5.0 (compatible; Barkrowler/0.9; +https://babbar.tech/crawler)"
114.119.147.86 - - [26/Jun/2022:08:06:20 +0000] "GET /node/145?share=facebook HTTP/1.1" 301 178 "https://mrchoke.org/node/145?ak_action=accept_mobile" "Mozilla/5.0 (Linux; Android 7.0;) AppleWebKit/537.36 (KHTML, like Gecko) Mobile Safari/537.36 (compatible; PetalBot;+https://webmaster.petalsearch.com/site/petalbot)"
154.54.249.200 - - [26/Jun/2022:08:06:33 +0000] "GET /node/494/feed/ HTTP/1.1" 403 134 "-" "Mozilla/5.0 (compatible; Barkrowler/0.9; +https://babbar.tech/crawler)"
154.54.249.200 - - [26/Jun/2022:08:06:46 +0000] "GET /node/84?share=reddit HTTP/1.1" 302 154 "-" "Mozilla/5.0 (compatible; Barkrowler/0.9; +https://babbar.tech/crawler)"
154.54.249.200 - - [26/Jun/2022:08:07:01 +0000] "GET /node/230/feed HTTP/1.1" 301 178 "-" "Mozilla/5.0 (compatible; Barkrowler/0.9; +https://babbar.tech/crawler)"
114.119.147.97 - - [26/Jun/2022:08:07:03 +0000] "GET /node/date/2007/05/09 HTTP/1.1" 301 178 "https://mrchoke.org/node/187" "Mozilla/5.0 (Linux; Android 7.0;) AppleWebKit/537.36 (KHTML, like Gecko) Mobile Safari/537.36 (compatible; PetalBot;+https://webmaster.petalsearch.com/site/petalbot)"
154.54.249.200 - - [26/Jun/2022:08:07:15 +0000] "GET /node/84?share=linkedin HTTP/1.1" 302 154 "-" "Mozilla/5.0 (compatible; Barkrowler/0.9; +https://babbar.tech/crawler)"
114.119.147.97 - - [26/Jun/2022:08:07:15 +0000] "GET /node/date/2007/05/09/ HTTP/1.1" 200 9268 "https://mrchoke.org/node/187" "Mozilla/5.0 (Linux; Android 7.0;) AppleWebKit/537.36 (KHTML, like Gecko) Mobile Safari/537.36 (compatible; PetalBot;+https://webmaster.petalsearch.com/site/petalbot)"
154.54.249.200 - - [26/Jun/2022:08:07:28 +0000] "GET /node/404/feed HTTP/1.1" 301 178 "-" "Mozilla/5.0 (compatible; Barkrowler/0.9; +https://babbar.tech/crawler)"
154.54.249.200 - - [26/Jun/2022:08:07:42 +0000] "GET /node/84?share=twitter HTTP/1.1" 302 154 "-" "Mozilla/5.0 (compatible; Barkrowler/0.9; +https://babbar.tech/crawler)"
54.36.149.83 - - [26/Jun/2022:08:07:55 +0000] "GET /node/11/ HTTP/2.0" 200 8209 "-" "Mozilla/5.0 (compatible; AhrefsBot/7.0; +http://ahrefs.com/robot/)"
154.54.249.200 - - [26/Jun/2022:08:08:05 +0000] "GET /node/404/feed/ HTTP/1.1" 403 134 "-" "Mozilla/5.0 (compatible; Barkrowler/0.9; +https://babbar.tech/crawler)"
154.54.249.200 - - [26/Jun/2022:08:08:21 +0000] "GET /node/64?share=reddit HTTP/1.1" 302 154 "-" "Mozilla/5.0 (compatible; Barkrowler/0.9; +https://babbar.tech/crawler)"
35.205.236.220 - - [26/Jun/2022:08:08:25 +0000] "GET / HTTP/1.1" 200 612 "-" "Mozilla/5.0 (Windows NT 10.0; Win64; x64) AppleWebKit/537.36 (KHTML, like Gecko) Chrome/84.0.4147.105 Safari/537.36"
154.54.249.200 - - [26/Jun/2022:08:08:36 +0000] "GET /node/488/feed HTTP/1.1" 301 178 "-" "Mozilla/5.0 (compatible; Barkrowler/0.9; +https://babbar.tech/crawler)"
154.54.249.200 - - [26/Jun/2022:08:08:49 +0000] "GET /node/64?share=linkedin HTTP/1.1" 302 154 "-" "Mozilla/5.0 (compatible; Barkrowler/0.9; +https://babbar.tech/crawler)"
154.54.249.200 - - [26/Jun/2022:08:09:07 +0000] "GET /node/488/feed/ HTTP/1.1" 403 134 "-" "Mozilla/5.0 (compatible; Barkrowler/0.9; +https://babbar.tech/crawler)"
154.54.249.200 - - [26/Jun/2022:08:09:21 +0000] "GET /node/64?share=twitter HTTP/1.1" 302 154 "-" "Mozilla/5.0 (compatible; Barkrowler/0.9; +https://babbar.tech/crawler)"
154.54.249.200 - - [26/Jun/2022:08:09:41 +0000] "GET /node/482/feed HTTP/1.1" 301 178 "-" "Mozilla/5.0 (compatible; Barkrowler/0.9; +https://babbar.tech/crawler)"
154.54.249.200 - - [26/Jun/2022:08:09:57 +0000] "GET /node/tag/miyabi HTTP/1.1" 302 154 "-" "Mozilla/5.0 (compatible; Barkrowler/0.9; +https://babbar.tech/crawler)"
114.119.147.75 - - [26/Jun/2022:08:10:05 +0000] "GET /node/342?share=reddit HTTP/1.1" 302 154 "https://mrchoke.org/node/342?ak_action=accept_mobile" "Mozilla/5.0 (Linux; Android 7.0;) AppleWebKit/537.36 (KHTML, like Gecko) Mobile Safari/537.36 (compatible; PetalBot;+https://webmaster.petalsearch.com/site/petalbot)"
185.191.171.44 - - [26/Jun/2022:08:10:06 +0000] "GET /node/date/2006/04/22 HTTP/1.1" 301 178 "-" "Mozilla/5.0 (compatible; SemrushBot/7~bl; +http://www.semrush.com/bot.html)"
185.191.171.21 - - [26/Jun/2022:08:10:10 +0000] "GET /node/date/2006/04/22/ HTTP/1.1" 200 11150 "-" "Mozilla/5.0 (compatible; SemrushBot/7~bl; +http://www.semrush.com/bot.html)"
154.54.249.200 - - [26/Jun/2022:08:10:12 +0000] "GET /node/482/feed/ HTTP/1.1" 403 134 "-" "Mozilla/5.0 (compatible; Barkrowler/0.9; +https://babbar.tech/crawler)"
154.54.249.200 - - [26/Jun/2022:08:10:26 +0000] "GET /node/tag/dole/feed HTTP/1.1" 302 154 "-" "Mozilla/5.0 (compatible; Barkrowler/0.9; +https://babbar.tech/crawler)"
40.77.167.43 - - [26/Jun/2022:08:10:28 +0000] "GET / HTTP/2.0" 200 282 "-" "Mozilla/5.0 (compatible; bingbot/2.0; +http://www.bing.com/bingbot.htm)"
154.54.249.200 - - [26/Jun/2022:08:10:40 +0000] "GET /node/359/feed HTTP/1.1" 301 178 "-" "Mozilla/5.0 (compatible; Barkrowler/0.9; +https://babbar.tech/crawler)"
154.54.249.200 - - [26/Jun/2022:08:10:57 +0000] "GET /node/tag/firmware HTTP/1.1" 302 154 "-" "Mozilla/5.0 (compatible; Barkrowler/0.9; +https://babbar.tech/crawler)"
154.54.249.200 - - [26/Jun/2022:08:11:13 +0000] "GET /node/359/feed/ HTTP/1.1" 403 134 "-" "Mozilla/5.0 (compatible; Barkrowler/0.9; +https://babbar.tech/crawler)"
114.119.147.74 - - [26/Jun/2022:08:11:17 +0000] "GET /node/755?share=reddit HTTP/1.1" 302 154 "https://mrchoke.org/node/755?ak_action=reject_mobile" "Mozilla/5.0 (Linux; Android 7.0;) AppleWebKit/537.36 (KHTML, like Gecko) Mobile Safari/537.36 (compatible; PetalBot;+https://webmaster.petalsearch.com/site/petalbot)"
114.119.147.74 - - [26/Jun/2022:08:11:23 +0000] "GET /node/755?share=reddit HTTP/1.1" 301 178 "https://mrchoke.org/node/755?ak_action=reject_mobile" "Mozilla/5.0 (Linux; Android 7.0;) AppleWebKit/537.36 (KHTML, like Gecko) Mobile Safari/537.36 (compatible; PetalBot;+https://webmaster.petalsearch.com/site/petalbot)"
154.54.249.200 - - [26/Jun/2022:08:11:28 +0000] "GET /node/tag/firefox/feed HTTP/1.1" 302 154 "-" "Mozilla/5.0 (compatible; Barkrowler/0.9; +https://babbar.tech/crawler)"
114.119.147.74 - - [26/Jun/2022:08:11:32 +0000] "GET /node/755/?share=reddit HTTP/1.1" 200 11681 "https://mrchoke.org/node/755?ak_action=reject_mobile" "Mozilla/5.0 (Linux; Android 7.0;) AppleWebKit/537.36 (KHTML, like Gecko) Mobile Safari/537.36 (compatible; PetalBot;+https://webmaster.petalsearch.com/site/petalbot)"
154.54.249.200 - - [26/Jun/2022:08:11:42 +0000] "GET /node/309/feed HTTP/1.1" 301 178 "-" "Mozilla/5.0 (compatible; Barkrowler/0.9; +https://babbar.tech/crawler)"
154.54.249.200 - - [26/Jun/2022:08:11:59 +0000] "GET /node/tag/bike/feed HTTP/1.1" 302 154 "-" "Mozilla/5.0 (compatible; Barkrowler/0.9; +https://babbar.tech/crawler)"
154.54.249.200 - - [26/Jun/2022:08:12:15 +0000] "GET /node/309/feed/ HTTP/1.1" 403 134 "-" "Mozilla/5.0 (compatible; Barkrowler/0.9; +https://babbar.tech/crawler)"
154.54.249.200 - - [26/Jun/2022:08:12:30 +0000] "GET /node/tag/edge-1000 HTTP/1.1" 302 154 "-" "Mozilla/5.0 (compatible; Barkrowler/0.9; +https://babbar.tech/crawler)"
154.54.249.200 - - [26/Jun/2022:08:12:47 +0000] "GET /node/218/feed HTTP/1.1" 301 178 "-" "Mozilla/5.0 (compatible; Barkrowler/0.9; +https://babbar.tech/crawler)"
154.54.249.200 - - [26/Jun/2022:08:13:02 +0000] "GET /node/tag/virtualbox HTTP/1.1" 302 154 "-" "Mozilla/5.0 (compatible; Barkrowler/0.9; +https://babbar.tech/crawler)"
154.54.249.200 - - [26/Jun/2022:08:13:20 +0000] "GET /node/218/feed/ HTTP/1.1" 403 134 "-" "Mozilla/5.0 (compatible; Barkrowler/0.9; +https://babbar.tech/crawler)"
154.54.249.200 - - [26/Jun/2022:08:13:35 +0000] "GET /node/tag/someone/feed HTTP/1.1" 302 154 "-" "Mozilla/5.0 (compatible; Barkrowler/0.9; +https://babbar.tech/crawler)"
74.82.47.3 - - [26/Jun/2022:08:13:45 +0000] "GET / HTTP/1.1" 301 178 "-" "-"
154.54.249.200 - - [26/Jun/2022:08:13:49 +0000] "GET /node/442/feed HTTP/1.1" 301 178 "-" "Mozilla/5.0 (compatible; Barkrowler/0.9; +https://babbar.tech/crawler)"
154.54.249.200 - - [26/Jun/2022:08:14:03 +0000] "GET /node/tag/wordpress/feed HTTP/1.1" 302 154 "-" "Mozilla/5.0 (compatible; Barkrowler/0.9; +https://babbar.tech/crawler)"
154.54.249.200 - - [26/Jun/2022:08:14:18 +0000] "GET /node/442/feed/ HTTP/1.1" 403 134 "-" "Mozilla/5.0 (compatible; Barkrowler/0.9; +https://babbar.tech/crawler)"
154.54.249.200 - - [26/Jun/2022:08:14:33 +0000] "GET /node/tag/lomo/feed HTTP/1.1" 302 154 "-" "Mozilla/5.0 (compatible; Barkrowler/0.9; +https://babbar.tech/crawler)"
154.54.249.200 - - [26/Jun/2022:08:14:49 +0000] "GET /node/232/feed HTTP/1.1" 301 178 "-" "Mozilla/5.0 (compatible; Barkrowler/0.9; +https://babbar.tech/crawler)"
87.250.224.3 - - [26/Jun/2022:08:15:02 +0000] "GET /robots.txt HTTP/1.1" 404 162 "-" "Mozilla/5.0 (compatible; YandexBot/3.0; +http://yandex.com/bots)"
154.54.249.200 - - [26/Jun/2022:08:15:05 +0000] "GET /node/tag/kku/feed HTTP/1.1" 302 154 "-" "Mozilla/5.0 (compatible; Barkrowler/0.9; +https://babbar.tech/crawler)"
87.250.224.3 - - [26/Jun/2022:08:15:05 +0000] "GET /img_7305 HTTP/1.1" 404 134 "-" "Mozilla/5.0 (compatible; YandexBot/3.0; +http://yandex.com/bots)"
154.54.249.200 - - [26/Jun/2022:08:15:18 +0000] "GET /node/232/feed/ HTTP/1.1" 403 134 "-" "Mozilla/5.0 (compatible; Barkrowler/0.9; +https://babbar.tech/crawler)"
154.54.249.200 - - [26/Jun/2022:08:15:34 +0000] "GET /node/tag/paper/feed HTTP/1.1" 302 154 "-" "Mozilla/5.0 (compatible; Barkrowler/0.9; +https://babbar.tech/crawler)"
54.36.148.180 - - [26/Jun/2022:08:15:36 +0000] "GET /ch7_6446/ HTTP/2.0" 200 7870 "-" "Mozilla/5.0 (compatible; AhrefsBot/7.0; +http://ahrefs.com/robot/)"
154.54.249.200 - - [26/Jun/2022:08:15:52 +0000] "GET /node/397/feed HTTP/1.1" 301 178 "-" "Mozilla/5.0 (compatible; Barkrowler/0.9; +https://babbar.tech/crawler)"
154.54.249.200 - - [26/Jun/2022:08:16:08 +0000] "GET /node/tag/hot-pot HTTP/1.1" 302 154 "-" "Mozilla/5.0 (compatible; Barkrowler/0.9; +https://babbar.tech/crawler)"
154.54.249.200 - - [26/Jun/2022:08:16:22 +0000] "GET /node/397/feed/ HTTP/1.1" 403 134 "-" "Mozilla/5.0 (compatible; Barkrowler/0.9; +https://babbar.tech/crawler)"
154.54.249.200 - - [26/Jun/2022:08:16:36 +0000] "GET /node/tag/redhat HTTP/1.1" 302 154 "-" "Mozilla/5.0 (compatible; Barkrowler/0.9; +https://babbar.tech/crawler)"
114.119.147.73 - - [26/Jun/2022:08:16:37 +0000] "GET /node/252?share=twitter HTTP/1.1" 302 154 "https://mrchoke.org/node/252" "Mozilla/5.0 (Linux; Android 7.0;) AppleWebKit/537.36 (KHTML, like Gecko) Mobile Safari/537.36 (compatible; PetalBot;+https://webmaster.petalsearch.com/site/petalbot)"
114.119.147.73 - - [26/Jun/2022:08:16:44 +0000] "GET /node/252?share=twitter HTTP/1.1" 301 178 "https://mrchoke.org/node/252" "Mozilla/5.0 (Linux; Android 7.0;) AppleWebKit/537.36 (KHTML, like Gecko) Mobile Safari/537.36 (compatible; PetalBot;+https://webmaster.petalsearch.com/site/petalbot)"
114.119.147.73 - - [26/Jun/2022:08:16:52 +0000] "GET /node/252/?share=twitter HTTP/1.1" 200 12178 "https://mrchoke.org/node/252" "Mozilla/5.0 (Linux; Android 7.0;) AppleWebKit/537.36 (KHTML, like Gecko) Mobile Safari/537.36 (compatible; PetalBot;+https://webmaster.petalsearch.com/site/petalbot)"
154.54.249.200 - - [26/Jun/2022:08:16:52 +0000] "GET /node/229/feed HTTP/1.1" 301 178 "-" "Mozilla/5.0 (compatible; Barkrowler/0.9; +https://babbar.tech/crawler)"
154.54.249.200 - - [26/Jun/2022:08:17:07 +0000] "GET /node/tag/oss/feed HTTP/1.1" 302 154 "-" "Mozilla/5.0 (compatible; Barkrowler/0.9; +https://babbar.tech/crawler)"
154.54.249.200 - - [26/Jun/2022:08:17:22 +0000] "GET /node/351/feed HTTP/1.1" 301 178 "-" "Mozilla/5.0 (compatible; Barkrowler/0.9; +https://babbar.tech/crawler)"
154.54.249.200 - - [26/Jun/2022:08:17:36 +0000] "GET /node/tag/patch/feed HTTP/1.1" 302 154 "-" "Mozilla/5.0 (compatible; Barkrowler/0.9; +https://babbar.tech/crawler)"
154.54.249.200 - - [26/Jun/2022:08:17:51 +0000] "GET /node/351/feed/ HTTP/1.1" 403 134 "-" "Mozilla/5.0 (compatible; Barkrowler/0.9; +https://babbar.tech/crawler)"
154.54.249.200 - - [26/Jun/2022:08:18:18 +0000] "GET /node/tag/paas HTTP/1.1" 302 154 "-" "Mozilla/5.0 (compatible; Barkrowler/0.9; +https://babbar.tech/crawler)"
154.54.249.200 - - [26/Jun/2022:08:18:37 +0000] "GET /node/402/feed HTTP/1.1" 301 178 "-" "Mozilla/5.0 (compatible; Barkrowler/0.9; +https://babbar.tech/crawler)"
154.54.249.200 - - [26/Jun/2022:08:18:51 +0000] "GET /node/tag/tax/feed HTTP/1.1" 302 154 "-" "Mozilla/5.0 (compatible; Barkrowler/0.9; +https://babbar.tech/crawler)"
114.119.147.87 - - [26/Jun/2022:08:19:06 +0000] "GET /node/date/2007/04/16 HTTP/1.1" 302 154 "https://mrchoke.org/node/186?share=linkedin" "Mozilla/5.0 (Linux; Android 7.0;) AppleWebKit/537.36 (KHTML, like Gecko) Mobile Safari/537.36 (compatible; PetalBot;+https://webmaster.petalsearch.com/site/petalbot)"
154.54.249.200 - - [26/Jun/2022:08:19:07 +0000] "GET /node/402/feed/ HTTP/1.1" 403 134 "-" "Mozilla/5.0 (compatible; Barkrowler/0.9; +https://babbar.tech/crawler)"
114.119.147.87 - - [26/Jun/2022:08:19:18 +0000] "GET /node/date/2007/04/16 HTTP/1.1" 301 178 "https://mrchoke.org/node/186?share=linkedin" "Mozilla/5.0 (Linux; Android 7.0;) AppleWebKit/537.36 (KHTML, like Gecko) Mobile Safari/537.36 (compatible; PetalBot;+https://webmaster.petalsearch.com/site/petalbot)"
154.54.249.200 - - [26/Jun/2022:08:19:22 +0000] "GET /node/tag/ios6 HTTP/1.1" 302 154 "-" "Mozilla/5.0 (compatible; Barkrowler/0.9; +https://babbar.tech/crawler)"
154.54.249.200 - - [26/Jun/2022:08:19:36 +0000] "GET /node/233/feed HTTP/1.1" 301 178 "-" "Mozilla/5.0 (compatible; Barkrowler/0.9; +https://babbar.tech/crawler)"
154.54.249.200 - - [26/Jun/2022:08:19:50 +0000] "GET /node/tag/ipad/feed HTTP/1.1" 302 154 "-" "Mozilla/5.0 (compatible; Barkrowler/0.9; +https://babbar.tech/crawler)"
154.54.249.200 - - [26/Jun/2022:08:20:03 +0000] "GET /node/235/feed HTTP/1.1" 301 178 "-" "Mozilla/5.0 (compatible; Barkrowler/0.9; +https://babbar.tech/crawler)"
114.119.147.87 - - [26/Jun/2022:08:20:10 +0000] "GET /node/68?share=twitter HTTP/1.1" 302 154 "https://mrchoke.org/node/68?ak_action=accept_mobile" "Mozilla/5.0 (Linux; Android 7.0;) AppleWebKit/537.36 (KHTML, like Gecko) Mobile Safari/537.36 (compatible; PetalBot;+https://webmaster.petalsearch.com/site/petalbot)"
114.119.147.87 - - [26/Jun/2022:08:20:15 +0000] "GET /node/68?share=twitter HTTP/1.1" 301 178 "https://mrchoke.org/node/68?ak_action=accept_mobile" "Mozilla/5.0 (Linux; Android 7.0;) AppleWebKit/537.36 (KHTML, like Gecko) Mobile Safari/537.36 (compatible; PetalBot;+https://webmaster.petalsearch.com/site/petalbot)"
154.54.249.200 - - [26/Jun/2022:08:20:17 +0000] "GET /node/tag/nsc2014 HTTP/1.1" 302 154 "-" "Mozilla/5.0 (compatible; Barkrowler/0.9; +https://babbar.tech/crawler)"
114.119.147.87 - - [26/Jun/2022:08:20:20 +0000] "GET /node/68/?share=twitter HTTP/1.1" 200 8747 "https://mrchoke.org/node/68?ak_action=accept_mobile" "Mozilla/5.0 (Linux; Android 7.0;) AppleWebKit/537.36 (KHTML, like Gecko) Mobile Safari/537.36 (compatible; PetalBot;+https://webmaster.petalsearch.com/site/petalbot)"
154.54.249.200 - - [26/Jun/2022:08:20:36 +0000] "GET /node/984/feed HTTP/1.1" 301 178 "-" "Mozilla/5.0 (compatible; Barkrowler/0.9; +https://babbar.tech/crawler)"
154.54.249.200 - - [26/Jun/2022:08:20:50 +0000] "GET /node/tag/jquery/feed HTTP/1.1" 302 154 "-" "Mozilla/5.0 (compatible; Barkrowler/0.9; +https://babbar.tech/crawler)"
154.54.249.200 - - [26/Jun/2022:08:21:04 +0000] "GET /node/368/feed HTTP/1.1" 301 178 "-" "Mozilla/5.0 (compatible; Barkrowler/0.9; +https://babbar.tech/crawler)"
154.54.249.200 - - [26/Jun/2022:08:21:17 +0000] "GET /node/tag/garmin/feed HTTP/1.1" 302 154 "-" "Mozilla/5.0 (compatible; Barkrowler/0.9; +https://babbar.tech/crawler)"
154.54.249.200 - - [26/Jun/2022:08:21:32 +0000] "GET /node/368/feed/ HTTP/1.1" 403 134 "-" "Mozilla/5.0 (compatible; Barkrowler/0.9; +https://babbar.tech/crawler)"
154.54.249.200 - - [26/Jun/2022:08:21:48 +0000] "GET /node/tag/d700 HTTP/1.1" 302 154 "-" "Mozilla/5.0 (compatible; Barkrowler/0.9; +https://babbar.tech/crawler)"
154.54.249.200 - - [26/Jun/2022:08:22:03 +0000] "GET /node/433/feed HTTP/1.1" 301 178 "-" "Mozilla/5.0 (compatible; Barkrowler/0.9; +https://babbar.tech/crawler)"
114.119.147.74 - - [26/Jun/2022:08:22:11 +0000] "GET /node/tag/someone HTTP/1.1" 301 178 "https://static.mrchoke.org/node/573" "Mozilla/5.0 (Linux; Android 7.0;) AppleWebKit/537.36 (KHTML, like Gecko) Mobile Safari/537.36 (compatible; PetalBot;+https://webmaster.petalsearch.com/site/petalbot)"
185.191.171.26 - - [26/Jun/2022:08:22:15 +0000] "GET /node/1367/img_7256 HTTP/1.1" 301 178 "-" "Mozilla/5.0 (compatible; SemrushBot/7~bl; +http://www.semrush.com/bot.html)"
114.119.147.74 - - [26/Jun/2022:08:22:16 +0000] "GET /node/tag/someone/ HTTP/1.1" 200 7672 "https://static.mrchoke.org/node/573" "Mozilla/5.0 (Linux; Android 7.0;) AppleWebKit/537.36 (KHTML, like Gecko) Mobile Safari/537.36 (compatible; PetalBot;+https://webmaster.petalsearch.com/site/petalbot)"
154.54.249.200 - - [26/Jun/2022:08:22:16 +0000] "GET /node/tag/nikon/feed HTTP/1.1" 302 154 "-" "Mozilla/5.0 (compatible; Barkrowler/0.9; +https://babbar.tech/crawler)"
185.191.171.15 - - [26/Jun/2022:08:22:18 +0000] "GET /node/1367/img_7256/ HTTP/1.1" 200 7945 "-" "Mozilla/5.0 (compatible; SemrushBot/7~bl; +http://www.semrush.com/bot.html)"
154.54.249.200 - - [26/Jun/2022:08:22:30 +0000] "GET /node/433/feed/ HTTP/1.1" 403 134 "-" "Mozilla/5.0 (compatible; Barkrowler/0.9; +https://babbar.tech/crawler)"
154.54.249.200 - - [26/Jun/2022:08:22:43 +0000] "GET /node/tag/tu/feed HTTP/1.1" 302 154 "-" "Mozilla/5.0 (compatible; Barkrowler/0.9; +https://babbar.tech/crawler)"
154.54.249.200 - - [26/Jun/2022:08:22:58 +0000] "GET /node/463/feed HTTP/1.1" 301 178 "-" "Mozilla/5.0 (compatible; Barkrowler/0.9; +https://babbar.tech/crawler)"
154.54.249.200 - - [26/Jun/2022:08:23:14 +0000] "GET /node/tag/ratree HTTP/1.1" 302 154 "-" "Mozilla/5.0 (compatible; Barkrowler/0.9; +https://babbar.tech/crawler)"
154.54.249.200 - - [26/Jun/2022:08:23:27 +0000] "GET /node/463/feed/ HTTP/1.1" 403 134 "-" "Mozilla/5.0 (compatible; Barkrowler/0.9; +https://babbar.tech/crawler)"
154.54.249.200 - - [26/Jun/2022:08:23:40 +0000] "GET /node/tag/audax HTTP/1.1" 302 154 "-" "Mozilla/5.0 (compatible; Barkrowler/0.9; +https://babbar.tech/crawler)"
54.36.148.66 - - [26/Jun/2022:08:23:47 +0000] "GET /node/248/ HTTP/2.0" 200 8495 "-" "Mozilla/5.0 (compatible; AhrefsBot/7.0; +http://ahrefs.com/robot/)"
154.54.249.200 - - [26/Jun/2022:08:23:54 +0000] "GET /node/327/feed HTTP/1.1" 301 178 "-" "Mozilla/5.0 (compatible; Barkrowler/0.9; +https://babbar.tech/crawler)"
154.54.249.200 - - [26/Jun/2022:08:24:08 +0000] "GET /node/tag/icu/feed HTTP/1.1" 302 154 "-" "Mozilla/5.0 (compatible; Barkrowler/0.9; +https://babbar.tech/crawler)"
207.46.13.149 - - [26/Jun/2022:08:24:09 +0000] "GET / HTTP/1.1" 200 396 "-" "Mozilla/5.0 (compatible; bingbot/2.0; +http://www.bing.com/bingbot.htm)"
154.54.249.200 - - [26/Jun/2022:08:24:24 +0000] "GET /node/480/feed HTTP/1.1" 301 178 "-" "Mozilla/5.0 (compatible; Barkrowler/0.9; +https://babbar.tech/crawler)"
154.54.249.200 - - [26/Jun/2022:08:24:37 +0000] "GET /node/tag/git/feed HTTP/1.1" 302 154 "-" "Mozilla/5.0 (compatible; Barkrowler/0.9; +https://babbar.tech/crawler)"
154.54.249.200 - - [26/Jun/2022:08:24:51 +0000] "GET /node/487/feed HTTP/1.1" 301 178 "-" "Mozilla/5.0 (compatible; Barkrowler/0.9; +https://babbar.tech/crawler)"
114.119.147.87 - - [26/Jun/2022:08:25:01 +0000] "GET /node/412?share=twitter HTTP/1.1" 302 154 "https://mrchoke.org/node/412?ak_action=accept_mobile" "Mozilla/5.0 (Linux; Android 7.0;) AppleWebKit/537.36 (KHTML, like Gecko) Mobile Safari/537.36 (compatible; PetalBot;+https://webmaster.petalsearch.com/site/petalbot)"
154.54.249.200 - - [26/Jun/2022:08:25:04 +0000] "GET /node/tag/agile/feed HTTP/1.1" 302 154 "-" "Mozilla/5.0 (compatible; Barkrowler/0.9; +https://babbar.tech/crawler)"
114.119.147.87 - - [26/Jun/2022:08:25:16 +0000] "GET /node/412?share=twitter HTTP/1.1" 301 178 "https://mrchoke.org/node/412?ak_action=accept_mobile" "Mozilla/5.0 (Linux; Android 7.0;) AppleWebKit/537.36 (KHTML, like Gecko) Mobile Safari/537.36 (compatible; PetalBot;+https://webmaster.petalsearch.com/site/petalbot)"
154.54.249.200 - - [26/Jun/2022:08:25:21 +0000] "GET /node/487/feed/ HTTP/1.1" 403 134 "-" "Mozilla/5.0 (compatible; Barkrowler/0.9; +https://babbar.tech/crawler)"
154.54.249.200 - - [26/Jun/2022:08:25:35 +0000] "GET /node/tag/psu/feed HTTP/1.1" 302 154 "-" "Mozilla/5.0 (compatible; Barkrowler/0.9; +https://babbar.tech/crawler)"
154.54.249.200 - - [26/Jun/2022:08:25:50 +0000] "GET /node/475/feed HTTP/1.1" 404 134 "-" "Mozilla/5.0 (compatible; Barkrowler/0.9; +https://babbar.tech/crawler)"
154.54.249.200 - - [26/Jun/2022:08:26:04 +0000] "GET /node/tag/eyh HTTP/1.1" 302 154 "-" "Mozilla/5.0 (compatible; Barkrowler/0.9; +https://babbar.tech/crawler)"
154.54.249.200 - - [26/Jun/2022:08:26:17 +0000] "GET /node/489/feed HTTP/1.1" 301 178 "-" "Mozilla/5.0 (compatible; Barkrowler/0.9; +https://babbar.tech/crawler)"
154.54.249.200 - - [26/Jun/2022:08:26:31 +0000] "GET /node/tag/trip/feed HTTP/1.1" 302 154 "-" "Mozilla/5.0 (compatible; Barkrowler/0.9; +https://babbar.tech/crawler)"
154.54.249.200 - - [26/Jun/2022:08:26:45 +0000] "GET /node/204/feed HTTP/1.1" 301 178 "-" "Mozilla/5.0 (compatible; Barkrowler/0.9; +https://babbar.tech/crawler)"
154.54.249.200 - - [26/Jun/2022:08:26:59 +0000] "GET /node/tag/polar/feed HTTP/1.1" 302 154 "-" "Mozilla/5.0 (compatible; Barkrowler/0.9; +https://babbar.tech/crawler)"
114.119.147.86 - - [26/Jun/2022:08:26:59 +0000] "GET /node/64?share=twitter HTTP/1.1" 302 154 "https://mrchoke.org/node/64?ak_action=accept_mobile" "Mozilla/5.0 (Linux; Android 7.0;) AppleWebKit/537.36 (KHTML, like Gecko) Mobile Safari/537.36 (compatible; PetalBot;+https://webmaster.petalsearch.com/site/petalbot)"
13.89.48.118 - - [26/Jun/2022:08:27:03 +0000] "GET /vendor/phpunit/phpunit/src/Util/PHP/eval-stdin.php HTTP/1.1" 301 178 "-" "Mozilla/5.0 (Linux; U; Android 7.1.1; en-us; CPH1801 Build/NMF26F) AppleWebKit/537.36 (KHTML, like Gecko) Chrome/91.0.4472.88 Mobile Safari/537.36 HeyTapBrowser/15.8.4.1"
154.54.249.200 - - [26/Jun/2022:08:27:12 +0000] "GET /node/209/feed HTTP/1.1" 301 178 "-" "Mozilla/5.0 (compatible; Barkrowler/0.9; +https://babbar.tech/crawler)"
114.119.147.86 - - [26/Jun/2022:08:27:13 +0000] "GET /node/64?share=twitter HTTP/1.1" 301 178 "https://mrchoke.org/node/64?ak_action=accept_mobile" "Mozilla/5.0 (Linux; Android 7.0;) AppleWebKit/537.36 (KHTML, like Gecko) Mobile Safari/537.36 (compatible; PetalBot;+https://webmaster.petalsearch.com/site/petalbot)"
154.54.249.200 - - [26/Jun/2022:08:27:25 +0000] "GET /node/tag/poem/feed HTTP/1.1" 302 154 "-" "Mozilla/5.0 (compatible; Barkrowler/0.9; +https://babbar.tech/crawler)"
154.54.249.200 - - [26/Jun/2022:08:27:39 +0000] "GET /node/207/feed HTTP/1.1" 301 178 "-" "Mozilla/5.0 (compatible; Barkrowler/0.9; +https://babbar.tech/crawler)"
154.54.249.200 - - [26/Jun/2022:08:27:54 +0000] "GET /node/tag/dreamhost HTTP/1.1" 302 154 "-" "Mozilla/5.0 (compatible; Barkrowler/0.9; +https://babbar.tech/crawler)"
207.46.13.149 - - [26/Jun/2022:08:28:09 +0000] "GET /feed/?attachment_id=1784 HTTP/2.0" 403 123 "-" "Mozilla/5.0 (compatible; bingbot/2.0; +http://www.bing.com/bingbot.htm)"
154.54.249.200 - - [26/Jun/2022:08:28:11 +0000] "GET /node/category/blog/page/2/ HTTP/1.1" 200 10952 "-" "Mozilla/5.0 (compatible; Barkrowler/0.9; +https://babbar.tech/crawler)"
185.191.171.11 - - [26/Jun/2022:08:28:12 +0000] "GET /node/tag/wordpress HTTP/1.1" 301 178 "-" "Mozilla/5.0 (compatible; SemrushBot/7~bl; +http://www.semrush.com/bot.html)"
185.191.171.45 - - [26/Jun/2022:08:28:14 +0000] "GET /node/tag/wordpress/ HTTP/1.1" 200 10205 "-" "Mozilla/5.0 (compatible; SemrushBot/7~bl; +http://www.semrush.com/bot.html)"
154.54.249.200 - - [26/Jun/2022:08:28:25 +0000] "GET /node/tag/airport-express HTTP/1.1" 302 154 "-" "Mozilla/5.0 (compatible; Barkrowler/0.9; +https://babbar.tech/crawler)"
154.54.249.200 - - [26/Jun/2022:08:28:40 +0000] "GET /node/category/blog/feed HTTP/1.1" 301 178 "-" "Mozilla/5.0 (compatible; Barkrowler/0.9; +https://babbar.tech/crawler)"
114.119.147.86 - - [26/Jun/2022:08:28:47 +0000] "GET /node/121?share=twitter HTTP/1.1" 302 154 "https://mrchoke.org/node/121?ak_action=accept_mobile" "Mozilla/5.0 (Linux; Android 7.0;) AppleWebKit/537.36 (KHTML, like Gecko) Mobile Safari/537.36 (compatible; PetalBot;+https://webmaster.petalsearch.com/site/petalbot)"
154.54.249.200 - - [26/Jun/2022:08:28:54 +0000] "GET /node/tag/ios-2 HTTP/1.1" 302 154 "-" "Mozilla/5.0 (compatible; Barkrowler/0.9; +https://babbar.tech/crawler)"
114.119.147.86 - - [26/Jun/2022:08:29:02 +0000] "GET /node/121?share=twitter HTTP/1.1" 301 178 "https://mrchoke.org/node/121?ak_action=accept_mobile" "Mozilla/5.0 (Linux; Android 7.0;) AppleWebKit/537.36 (KHTML, like Gecko) Mobile Safari/537.36 (compatible; PetalBot;+https://webmaster.petalsearch.com/site/petalbot)"
154.54.249.200 - - [26/Jun/2022:08:29:09 +0000] "GET /node/category/domain/ HTTP/1.1" 200 18555 "-" "Mozilla/5.0 (compatible; Barkrowler/0.9; +https://babbar.tech/crawler)"
154.54.249.200 - - [26/Jun/2022:08:29:25 +0000] "GET /node/28?share=reddit HTTP/1.1" 302 154 "-" "Mozilla/5.0 (compatible; Barkrowler/0.9; +https://babbar.tech/crawler)"
40.77.167.43 - - [26/Jun/2022:08:29:29 +0000] "GET /node/234/feed HTTP/2.0" 301 178 "-" "Mozilla/5.0 (compatible; bingbot/2.0; +http://www.bing.com/bingbot.htm)"
154.54.249.200 - - [26/Jun/2022:08:29:38 +0000] "GET /node/category/domain/feed/ HTTP/1.1" 403 134 "-" "Mozilla/5.0 (compatible; Barkrowler/0.9; +https://babbar.tech/crawler)"
40.77.167.43 - - [26/Jun/2022:08:29:39 +0000] "GET /node/234/feed/ HTTP/2.0" 403 123 "-" "Mozilla/5.0 (compatible; bingbot/2.0; +http://www.bing.com/bingbot.htm)"
154.54.249.200 - - [26/Jun/2022:08:29:51 +0000] "GET /node/28?share=linkedin HTTP/1.1" 302 154 "-" "Mozilla/5.0 (compatible; Barkrowler/0.9; +https://babbar.tech/crawler)"
154.54.249.200 - - [26/Jun/2022:08:30:05 +0000] "GET /node/category/gallery2 HTTP/1.1" 301 178 "-" "Mozilla/5.0 (compatible; Barkrowler/0.9; +https://babbar.tech/crawler)"
66.249.64.214 - - [26/Jun/2022:08:30:21 +0000] "GET /img_6579/ HTTP/1.1" 200 7884 "-" "Mozilla/5.0 (Linux; Android 6.0.1; Nexus 5X Build/MMB29P) AppleWebKit/537.36 (KHTML, like Gecko) Chrome/102.0.5005.115 Mobile Safari/537.36 (compatible; Googlebot/2.1; +http://www.google.com/bot.html)"
154.54.249.200 - - [26/Jun/2022:08:30:22 +0000] "GET /node/28?share=twitter HTTP/1.1" 302 154 "-" "Mozilla/5.0 (compatible; Barkrowler/0.9; +https://babbar.tech/crawler)"
154.54.249.200 - - [26/Jun/2022:08:30:36 +0000] "GET /node/category/gallery2/ HTTP/1.1" 200 8387 "-" "Mozilla/5.0 (compatible; Barkrowler/0.9; +https://babbar.tech/crawler)"
154.54.249.200 - - [26/Jun/2022:08:30:52 +0000] "GET /node/83?share=reddit HTTP/1.1" 302 154 "-" "Mozilla/5.0 (compatible; Barkrowler/0.9; +https://babbar.tech/crawler)"
114.119.147.86 - - [26/Jun/2022:08:31:00 +0000] "GET /node/1908?ak_action=accept_mobile HTTP/1.1" 302 154 "https://mrchoke.org/node/1908?replytocom=755&ak_action=reject_mobile" "Mozilla/5.0 (Linux; Android 7.0;) AppleWebKit/537.36 (KHTML, like Gecko) Mobile Safari/537.36 (compatible; PetalBot;+https://webmaster.petalsearch.com/site/petalbot)"
154.54.249.200 - - [26/Jun/2022:08:31:06 +0000] "GET /node/category/facebook HTTP/1.1" 301 178 "-" "Mozilla/5.0 (compatible; Barkrowler/0.9; +https://babbar.tech/crawler)"
114.119.147.86 - - [26/Jun/2022:08:31:17 +0000] "GET /node/1908?ak_action=accept_mobile HTTP/1.1" 301 178 "https://mrchoke.org/node/1908?replytocom=755&ak_action=reject_mobile" "Mozilla/5.0 (Linux; Android 7.0;) AppleWebKit/537.36 (KHTML, like Gecko) Mobile Safari/537.36 (compatible; PetalBot;+https://webmaster.petalsearch.com/site/petalbot)"
