185.191.171.33 - - [27/Jun/2022:20:39:35 +0000] "GET /node/category/nlc10/ HTTP/1.1" 200 15299 "-" "Mozilla/5.0 (compatible; SemrushBot/7~bl; +http://www.semrush.com/bot.html)"
114.119.147.73 - - [27/Jun/2022:20:39:39 +0000] "GET /node/date/2014/01/page/3 HTTP/1.1" 301 178 "https://static.mrchoke.org/node/date/2014/01/page/4" "Mozilla/5.0 (Linux; Android 7.0;) AppleWebKit/537.36 (KHTML, like Gecko) Mobile Safari/537.36 (compatible; PetalBot;+https://webmaster.petalsearch.com/site/petalbot)"
114.119.147.73 - - [27/Jun/2022:20:39:44 +0000] "GET /node/date/2014/01/page/3/ HTTP/1.1" 200 17529 "https://static.mrchoke.org/node/date/2014/01/page/4" "Mozilla/5.0 (Linux; Android 7.0;) AppleWebKit/537.36 (KHTML, like Gecko) Mobile Safari/537.36 (compatible; PetalBot;+https://webmaster.petalsearch.com/site/petalbot)"
207.46.13.149 - - [27/Jun/2022:20:41:07 +0000] "GET /feed/?attachment_id=1784 HTTP/2.0" 403 123 "-" "Mozilla/5.0 (compatible; bingbot/2.0; +http://www.bing.com/bingbot.htm)"
216.244.66.229 - - [27/Jun/2022:20:45:31 +0000] "GET /robots.txt HTTP/1.1" 404 162 "-" "Mozilla/5.0 (compatible; DotBot/1.2; +https://opensiteexplorer.org/dotbot; help@moz.com)"
64.124.8.49 - - [27/Jun/2022:20:46:11 +0000] "GET /robots.txt HTTP/1.1" 404 197 "-" "Mozilla/5.0 (X11; Linux x86_64) AppleWebKit/537.36 (KHTML, like Gecko) Chrome/61.0.3163.79 Safari/537.36"
64.124.8.49 - - [27/Jun/2022:20:46:11 +0000] "GET /node/1908/edge1000_prod01 HTTP/1.1" 301 178 "-" "Mozilla/5.0 (X11; Linux x86_64) AppleWebKit/537.36 (KHTML, like Gecko) Chrome/61.0.3163.79 Safari/537.36"
64.124.8.49 - - [27/Jun/2022:20:46:43 +0000] "GET /node/1885/2 HTTP/1.1" 301 178 "-" "Mozilla/5.0 (X11; Linux x86_64) AppleWebKit/537.36 (KHTML, like Gecko) Chrome/61.0.3163.79 Safari/537.36"
114.119.147.75 - - [27/Jun/2022:20:46:54 +0000] "GET /node/31?share=linkedin HTTP/1.1" 302 154 "https://mrchoke.org/node/31?ak_action=accept_mobile" "Mozilla/5.0 (Linux; Android 7.0;) AppleWebKit/537.36 (KHTML, like Gecko) Mobile Safari/537.36 (compatible; PetalBot;+https://webmaster.petalsearch.com/site/petalbot)"
114.119.147.75 - - [27/Jun/2022:20:47:00 +0000] "GET /node/31?share=linkedin HTTP/1.1" 301 178 "https://mrchoke.org/node/31?ak_action=accept_mobile" "Mozilla/5.0 (Linux; Android 7.0;) AppleWebKit/537.36 (KHTML, like Gecko) Mobile Safari/537.36 (compatible; PetalBot;+https://webmaster.petalsearch.com/site/petalbot)"
114.119.147.75 - - [27/Jun/2022:20:47:06 +0000] "GET /node/31/?share=linkedin HTTP/1.1" 200 9040 "https://mrchoke.org/node/31?ak_action=accept_mobile" "Mozilla/5.0 (Linux; Android 7.0;) AppleWebKit/537.36 (KHTML, like Gecko) Mobile Safari/537.36 (compatible; PetalBot;+https://webmaster.petalsearch.com/site/petalbot)"
216.244.66.229 - - [27/Jun/2022:20:48:36 +0000] "GET /node/865/ch7_3166 HTTP/1.1" 404 162 "-" "Mozilla/5.0 (compatible; DotBot/1.2; +https://opensiteexplorer.org/dotbot; help@moz.com)"
114.119.147.86 - - [27/Jun/2022:20:48:47 +0000] "GET /node/443?share=facebook HTTP/1.1" 302 154 "https://mrchoke.org/node/443?replytocom=528&ak_action=accept_mobile" "Mozilla/5.0 (Linux; Android 7.0;) AppleWebKit/537.36 (KHTML, like Gecko) Mobile Safari/537.36 (compatible; PetalBot;+https://webmaster.petalsearch.com/site/petalbot)"
114.119.147.86 - - [27/Jun/2022:20:48:54 +0000] "GET /node/443?share=facebook HTTP/1.1" 301 178 "https://mrchoke.org/node/443?replytocom=528&ak_action=accept_mobile" "Mozilla/5.0 (Linux; Android 7.0;) AppleWebKit/537.36 (KHTML, like Gecko) Mobile Safari/537.36 (compatible; PetalBot;+https://webmaster.petalsearch.com/site/petalbot)"
114.119.147.86 - - [27/Jun/2022:20:49:00 +0000] "GET /node/443/?share=facebook HTTP/1.1" 200 8857 "https://mrchoke.org/node/443?replytocom=528&ak_action=accept_mobile" "Mozilla/5.0 (Linux; Android 7.0;) AppleWebKit/537.36 (KHTML, like Gecko) Mobile Safari/537.36 (compatible; PetalBot;+https://webmaster.petalsearch.com/site/petalbot)"
114.119.147.87 - - [27/Jun/2022:20:51:31 +0000] "GET /node/939/img_6409?share=linkedin HTTP/1.1" 302 154 "https://mrchoke.org/node/939/img_6409?ak_action=accept_mobile" "Mozilla/5.0 (Linux; Android 7.0;) AppleWebKit/537.36 (KHTML, like Gecko) Mobile Safari/537.36 (compatible; PetalBot;+https://webmaster.petalsearch.com/site/petalbot)"
114.119.147.87 - - [27/Jun/2022:20:51:47 +0000] "GET /node/939/img_6409?share=linkedin HTTP/1.1" 301 178 "https://mrchoke.org/node/939/img_6409?ak_action=accept_mobile" "Mozilla/5.0 (Linux; Android 7.0;) AppleWebKit/537.36 (KHTML, like Gecko) Mobile Safari/537.36 (compatible; PetalBot;+https://webmaster.petalsearch.com/site/petalbot)"
20.5.40.89 - - [27/Jun/2022:20:52:38 +0000] "GET /shell4.php HTTP/1.1" 404 134 "https://www.google.com" "Mozilla/5.0 (Windows NT 10.0; WOW64; rv:52.0) Gecko/20100101 Firefox/52.0"
20.5.40.89 - - [27/Jun/2022:20:52:39 +0000] "GET /ups.php HTTP/1.1" 404 134 "https://www.google.com" "Mozilla/5.0 (Windows NT 10.0; WOW64; rv:52.0) Gecko/20100101 Firefox/52.0"
20.5.40.89 - - [27/Jun/2022:20:52:39 +0000] "GET /ru.php HTTP/1.1" 404 134 "https://www.google.com" "Mozilla/5.0 (Windows NT 10.0; WOW64; rv:52.0) Gecko/20100101 Firefox/52.0"
20.5.40.89 - - [27/Jun/2022:20:52:39 +0000] "GET /if.php HTTP/1.1" 404 134 "https://www.google.com" "Mozilla/5.0 (Windows NT 10.0; WOW64; rv:52.0) Gecko/20100101 Firefox/52.0"
20.5.40.89 - - [27/Jun/2022:20:52:39 +0000] "GET /vuln.php HTTP/1.1" 404 134 "https://www.google.com" "Mozilla/5.0 (Windows NT 10.0; WOW64; rv:52.0) Gecko/20100101 Firefox/52.0"
20.5.40.89 - - [27/Jun/2022:20:52:40 +0000] "GET /fw.php HTTP/1.1" 404 134 "https://www.google.com" "Mozilla/5.0 (Windows NT 10.0; WOW64; rv:52.0) Gecko/20100101 Firefox/52.0"
20.5.40.89 - - [27/Jun/2022:20:52:40 +0000] "GET /skipper.php HTTP/1.1" 404 134 "https://www.google.com" "Mozilla/5.0 (Windows NT 10.0; WOW64; rv:52.0) Gecko/20100101 Firefox/52.0"
20.5.40.89 - - [27/Jun/2022:20:52:40 +0000] "GET /skippershell.php HTTP/1.1" 404 134 "https://www.google.com" "Mozilla/5.0 (Windows NT 10.0; WOW64; rv:52.0) Gecko/20100101 Firefox/52.0"
20.5.40.89 - - [27/Jun/2022:20:52:40 +0000] "GET /tttt.php HTTP/1.1" 404 134 "https://www.google.com" "Mozilla/5.0 (Windows NT 10.0; WOW64; rv:52.0) Gecko/20100101 Firefox/52.0"
20.5.40.89 - - [27/Jun/2022:20:52:41 +0000] "GET /tshop.php HTTP/1.1" 404 134 "https://www.google.com" "Mozilla/5.0 (Windows NT 10.0; WOW64; rv:52.0) Gecko/20100101 Firefox/52.0"
20.5.40.89 - - [27/Jun/2022:20:52:41 +0000] "GET /alfa.php HTTP/1.1" 404 134 "https://www.google.com" "Mozilla/5.0 (Windows NT 10.0; WOW64; rv:52.0) Gecko/20100101 Firefox/52.0"
20.5.40.89 - - [27/Jun/2022:20:52:41 +0000] "GET /shell.php HTTP/1.1" 404 134 "https://www.google.com" "Mozilla/5.0 (Windows NT 10.0; WOW64; rv:52.0) Gecko/20100101 Firefox/52.0"
20.5.40.89 - - [27/Jun/2022:20:52:42 +0000] "GET /inje3ctor.php HTTP/1.1" 404 134 "https://www.google.com" "Mozilla/5.0 (Windows NT 10.0; WOW64; rv:52.0) Gecko/20100101 Firefox/52.0"
20.5.40.89 - - [27/Jun/2022:20:52:42 +0000] "GET /saudi.php HTTP/1.1" 404 134 "https://www.google.com" "Mozilla/5.0 (Windows NT 10.0; WOW64; rv:52.0) Gecko/20100101 Firefox/52.0"
20.5.40.89 - - [27/Jun/2022:20:52:42 +0000] "GET /wso.php HTTP/1.1" 404 134 "https://www.google.com" "Mozilla/5.0 (Windows NT 10.0; WOW64; rv:52.0) Gecko/20100101 Firefox/52.0"
20.5.40.89 - - [27/Jun/2022:20:52:42 +0000] "GET /alfashell.php HTTP/1.1" 404 134 "https://www.google.com" "Mozilla/5.0 (Windows NT 10.0; WOW64; rv:52.0) Gecko/20100101 Firefox/52.0"
20.5.40.89 - - [27/Jun/2022:20:52:43 +0000] "GET /my_alfa.php HTTP/1.1" 404 134 "https://www.google.com" "Mozilla/5.0 (Windows NT 10.0; WOW64; rv:52.0) Gecko/20100101 Firefox/52.0"
20.5.40.89 - - [27/Jun/2022:20:52:43 +0000] "GET /uploader.php HTTP/1.1" 404 134 "https://www.google.com" "Mozilla/5.0 (Windows NT 10.0; WOW64; rv:52.0) Gecko/20100101 Firefox/52.0"
20.5.40.89 - - [27/Jun/2022:20:52:43 +0000] "GET /up.php HTTP/1.1" 404 134 "https://www.google.com" "Mozilla/5.0 (Windows NT 10.0; WOW64; rv:52.0) Gecko/20100101 Firefox/52.0"
20.5.40.89 - - [27/Jun/2022:20:52:44 +0000] "GET /hacked.php HTTP/1.1" 404 134 "https://www.google.com" "Mozilla/5.0 (Windows NT 10.0; WOW64; rv:52.0) Gecko/20100101 Firefox/52.0"
20.5.40.89 - - [27/Jun/2022:20:52:44 +0000] "GET /c99.php HTTP/1.1" 404 134 "https://www.google.com" "Mozilla/5.0 (Windows NT 10.0; WOW64; rv:52.0) Gecko/20100101 Firefox/52.0"
20.5.40.89 - - [27/Jun/2022:20:52:44 +0000] "GET /priv8.php HTTP/1.1" 404 134 "https://www.google.com" "Mozilla/5.0 (Windows NT 10.0; WOW64; rv:52.0) Gecko/20100101 Firefox/52.0"
20.5.40.89 - - [27/Jun/2022:20:52:44 +0000] "GET /Navir.php HTTP/1.1" 404 134 "https://www.google.com" "Mozilla/5.0 (Windows NT 10.0; WOW64; rv:52.0) Gecko/20100101 Firefox/52.0"
20.5.40.89 - - [27/Jun/2022:20:52:45 +0000] "GET /cmd13.php HTTP/1.1" 404 134 "https://www.google.com" "Mozilla/5.0 (Windows NT 10.0; WOW64; rv:52.0) Gecko/20100101 Firefox/52.0"
20.5.40.89 - - [27/Jun/2022:20:52:45 +0000] "GET /inc20k1.php HTTP/1.1" 404 134 "https://www.google.com" "Mozilla/5.0 (Windows NT 10.0; WOW64; rv:52.0) Gecko/20100101 Firefox/52.0"
20.5.40.89 - - [27/Jun/2022:20:52:45 +0000] "GET /1index.php HTTP/1.1" 404 134 "https://www.google.com" "Mozilla/5.0 (Windows NT 10.0; WOW64; rv:52.0) Gecko/20100101 Firefox/52.0"
20.5.40.89 - - [27/Jun/2022:20:52:46 +0000] "GET /404.php HTTP/1.1" 404 134 "https://www.google.com" "Mozilla/5.0 (Windows NT 10.0; WOW64; rv:52.0) Gecko/20100101 Firefox/52.0"
20.5.40.89 - - [27/Jun/2022:20:52:46 +0000] "GET /swm.php HTTP/1.1" 404 134 "https://www.google.com" "Mozilla/5.0 (Windows NT 10.0; WOW64; rv:52.0) Gecko/20100101 Firefox/52.0"
20.5.40.89 - - [27/Jun/2022:20:52:46 +0000] "GET /wp.php HTTP/1.1" 404 134 "https://www.google.com" "Mozilla/5.0 (Windows NT 10.0; WOW64; rv:52.0) Gecko/20100101 Firefox/52.0"
20.5.40.89 - - [27/Jun/2022:20:52:46 +0000] "GET /doc.php HTTP/1.1" 404 134 "https://www.google.com" "Mozilla/5.0 (Windows NT 10.0; WOW64; rv:52.0) Gecko/20100101 Firefox/52.0"
20.5.40.89 - - [27/Jun/2022:20:52:47 +0000] "GET /shx.php HTTP/1.1" 404 134 "https://www.google.com" "Mozilla/5.0 (Windows NT 10.0; WOW64; rv:52.0) Gecko/20100101 Firefox/52.0"
20.5.40.89 - - [27/Jun/2022:20:52:47 +0000] "GET /ws.php HTTP/1.1" 404 134 "https://www.google.com" "Mozilla/5.0 (Windows NT 10.0; WOW64; rv:52.0) Gecko/20100101 Firefox/52.0"
20.5.40.89 - - [27/Jun/2022:20:52:47 +0000] "GET /m.php HTTP/1.1" 404 134 "https://www.google.com" "Mozilla/5.0 (Windows NT 10.0; WOW64; rv:52.0) Gecko/20100101 Firefox/52.0"
20.5.40.89 - - [27/Jun/2022:20:52:47 +0000] "GET /edit-form.php HTTP/1.1" 404 134 "https://www.google.com" "Mozilla/5.0 (Windows NT 10.0; WOW64; rv:52.0) Gecko/20100101 Firefox/52.0"
20.5.40.89 - - [27/Jun/2022:20:52:48 +0000] "GET /LEAF.php HTTP/1.1" 404 134 "https://www.google.com" "Mozilla/5.0 (Windows NT 10.0; WOW64; rv:52.0) Gecko/20100101 Firefox/52.0"
20.5.40.89 - - [27/Jun/2022:20:52:48 +0000] "GET /leafmailer.php HTTP/1.1" 404 134 "https://www.google.com" "Mozilla/5.0 (Windows NT 10.0; WOW64; rv:52.0) Gecko/20100101 Firefox/52.0"
20.5.40.89 - - [27/Jun/2022:20:52:48 +0000] "GET /mailer.php HTTP/1.1" 404 134 "https://www.google.com" "Mozilla/5.0 (Windows NT 10.0; WOW64; rv:52.0) Gecko/20100101 Firefox/52.0"
20.5.40.89 - - [27/Jun/2022:20:52:49 +0000] "GET /leafmailer2.8.php HTTP/1.1" 404 134 "https://www.google.com" "Mozilla/5.0 (Windows NT 10.0; WOW64; rv:52.0) Gecko/20100101 Firefox/52.0"
20.5.40.89 - - [27/Jun/2022:20:52:49 +0000] "GET /Leaf.php HTTP/1.1" 404 134 "https://www.google.com" "Mozilla/5.0 (Windows NT 10.0; WOW64; rv:52.0) Gecko/20100101 Firefox/52.0"
20.5.40.89 - - [27/Jun/2022:20:52:49 +0000] "GET /leaf.php HTTP/1.1" 404 134 "https://www.google.com" "Mozilla/5.0 (Windows NT 10.0; WOW64; rv:52.0) Gecko/20100101 Firefox/52.0"
20.5.40.89 - - [27/Jun/2022:20:52:49 +0000] "GET /x.php HTTP/1.1" 404 134 "https://www.google.com" "Mozilla/5.0 (Windows NT 10.0; WOW64; rv:52.0) Gecko/20100101 Firefox/52.0"
20.5.40.89 - - [27/Jun/2022:20:52:50 +0000] "GET /srx.php HTTP/1.1" 404 134 "https://www.google.com" "Mozilla/5.0 (Windows NT 10.0; WOW64; rv:52.0) Gecko/20100101 Firefox/52.0"
20.5.40.89 - - [27/Jun/2022:20:52:50 +0000] "GET /1337.php HTTP/1.1" 404 134 "https://www.google.com" "Mozilla/5.0 (Windows NT 10.0; WOW64; rv:52.0) Gecko/20100101 Firefox/52.0"
20.5.40.89 - - [27/Jun/2022:20:52:50 +0000] "GET /xx.php HTTP/1.1" 404 134 "https://www.google.com" "Mozilla/5.0 (Windows NT 10.0; WOW64; rv:52.0) Gecko/20100101 Firefox/52.0"
20.5.40.89 - - [27/Jun/2022:20:52:51 +0000] "GET /XxX.php HTTP/1.1" 404 134 "https://www.google.com" "Mozilla/5.0 (Windows NT 10.0; WOW64; rv:52.0) Gecko/20100101 Firefox/52.0"
20.5.40.89 - - [27/Jun/2022:20:52:51 +0000] "GET /lf.php HTTP/1.1" 404 134 "https://www.google.com" "Mozilla/5.0 (Windows NT 10.0; WOW64; rv:52.0) Gecko/20100101 Firefox/52.0"
20.5.40.89 - - [27/Jun/2022:20:52:51 +0000] "GET /alex.php HTTP/1.1" 404 134 "https://www.google.com" "Mozilla/5.0 (Windows NT 10.0; WOW64; rv:52.0) Gecko/20100101 Firefox/52.0"
20.5.40.89 - - [27/Jun/2022:20:52:51 +0000] "GET /new.php HTTP/1.1" 404 134 "https://www.google.com" "Mozilla/5.0 (Windows NT 10.0; WOW64; rv:52.0) Gecko/20100101 Firefox/52.0"
20.5.40.89 - - [27/Jun/2022:20:52:52 +0000] "GET /marijuana.php HTTP/1.1" 404 134 "https://www.google.com" "Mozilla/5.0 (Windows NT 10.0; WOW64; rv:52.0) Gecko/20100101 Firefox/52.0"
20.5.40.89 - - [27/Jun/2022:20:52:52 +0000] "GET /gaza.php HTTP/1.1" 404 134 "https://www.google.com" "Mozilla/5.0 (Windows NT 10.0; WOW64; rv:52.0) Gecko/20100101 Firefox/52.0"
20.5.40.89 - - [27/Jun/2022:20:52:52 +0000] "GET /wp-admin.php HTTP/1.1" 404 134 "https://www.google.com" "Mozilla/5.0 (Windows NT 10.0; WOW64; rv:52.0) Gecko/20100101 Firefox/52.0"
20.5.40.89 - - [27/Jun/2022:20:52:52 +0000] "GET /3index.php HTTP/1.1" 404 134 "https://www.google.com" "Mozilla/5.0 (Windows NT 10.0; WOW64; rv:52.0) Gecko/20100101 Firefox/52.0"
20.5.40.89 - - [27/Jun/2022:20:52:53 +0000] "GET /wikindex.php HTTP/1.1" 404 134 "https://www.google.com" "Mozilla/5.0 (Windows NT 10.0; WOW64; rv:52.0) Gecko/20100101 Firefox/52.0"
20.5.40.89 - - [27/Jun/2022:20:52:53 +0000] "GET /wso1.php HTTP/1.1" 404 134 "https://www.google.com" "Mozilla/5.0 (Windows NT 10.0; WOW64; rv:52.0) Gecko/20100101 Firefox/52.0"
20.5.40.89 - - [27/Jun/2022:20:52:53 +0000] "GET /bb.php HTTP/1.1" 404 134 "https://www.google.com" "Mozilla/5.0 (Windows NT 10.0; WOW64; rv:52.0) Gecko/20100101 Firefox/52.0"
20.5.40.89 - - [27/Jun/2022:20:52:54 +0000] "GET /Lux.php HTTP/1.1" 404 134 "https://www.google.com" "Mozilla/5.0 (Windows NT 10.0; WOW64; rv:52.0) Gecko/20100101 Firefox/52.0"
20.5.40.89 - - [27/Jun/2022:20:52:54 +0000] "GET /haxor.php HTTP/1.1" 404 134 "https://www.google.com" "Mozilla/5.0 (Windows NT 10.0; WOW64; rv:52.0) Gecko/20100101 Firefox/52.0"
191.96.106.33 - - [27/Jun/2022:20:53:06 +0000] "GET / HTTP/2.0" 200 282 "-" "Mozilla/5.0 (Windows; U; Windows NT 6.1; en-US; rv:1.9.1.5) Gecko/20091102 Firefox/3.5.5 (.NET CLR 3.5.30729)"
114.119.147.73 - - [27/Jun/2022:20:53:14 +0000] "GET /node/1548 HTTP/1.1" 301 178 "https://mrchoke.org/page/6" "Mozilla/5.0 (Linux; Android 7.0;) AppleWebKit/537.36 (KHTML, like Gecko) Mobile Safari/537.36 (compatible; PetalBot;+https://webmaster.petalsearch.com/site/petalbot)"
114.119.147.73 - - [27/Jun/2022:20:53:24 +0000] "GET /node/1548/ HTTP/1.1" 200 11212 "https://mrchoke.org/page/6" "Mozilla/5.0 (Linux; Android 7.0;) AppleWebKit/537.36 (KHTML, like Gecko) Mobile Safari/537.36 (compatible; PetalBot;+https://webmaster.petalsearch.com/site/petalbot)"
207.46.13.4 - - [27/Jun/2022:20:54:40 +0000] "GET /wp-content/uploads/2016/05/img_1380-1024x576.jpg HTTP/2.0" 302 154 "-" "Mozilla/5.0 (compatible; bingbot/2.0; +http://www.bing.com/bingbot.htm)"
207.46.13.4 - - [27/Jun/2022:20:54:51 +0000] "GET /wp-content/uploads/2016/05/img_1380-1024x576.jpg HTTP/2.0" 200 143263 "-" "Mozilla/5.0 (compatible; bingbot/2.0; +http://www.bing.com/bingbot.htm)"
114.119.147.97 - - [27/Jun/2022:20:55:01 +0000] "GET /node/201 HTTP/1.1" 301 178 "https://mrchoke.org/node/category/domain/page/9" "Mozilla/5.0 (Linux; Android 7.0;) AppleWebKit/537.36 (KHTML, like Gecko) Mobile Safari/537.36 (compatible; PetalBot;+https://webmaster.petalsearch.com/site/petalbot)"
114.119.147.97 - - [27/Jun/2022:20:55:07 +0000] "GET /node/201/ HTTP/1.1" 200 8443 "https://mrchoke.org/node/category/domain/page/9" "Mozilla/5.0 (Linux; Android 7.0;) AppleWebKit/537.36 (KHTML, like Gecko) Mobile Safari/537.36 (compatible; PetalBot;+https://webmaster.petalsearch.com/site/petalbot)"
66.249.71.28 - - [27/Jun/2022:20:56:36 +0000] "GET /img_7516/ HTTP/1.1" 200 7887 "-" "Mozilla/5.0 (Linux; Android 6.0.1; Nexus 5X Build/MMB29P) AppleWebKit/537.36 (KHTML, like Gecko) Chrome/103.0.5060.53 Mobile Safari/537.36 (compatible; Googlebot/2.1; +http://www.google.com/bot.html)"
114.119.147.74 - - [27/Jun/2022:20:57:36 +0000] "GET /node/tag/review HTTP/1.1" 301 178 "https://static.mrchoke.org/node/1510" "Mozilla/5.0 (Linux; Android 7.0;) AppleWebKit/537.36 (KHTML, like Gecko) Mobile Safari/537.36 (compatible; PetalBot;+https://webmaster.petalsearch.com/site/petalbot)"
114.119.147.74 - - [27/Jun/2022:20:57:43 +0000] "GET /node/tag/review/ HTTP/1.1" 200 9018 "https://static.mrchoke.org/node/1510" "Mozilla/5.0 (Linux; Android 7.0;) AppleWebKit/537.36 (KHTML, like Gecko) Mobile Safari/537.36 (compatible; PetalBot;+https://webmaster.petalsearch.com/site/petalbot)"
40.77.167.46 - - [27/Jun/2022:20:58:29 +0000] "GET /wp-content/uploads/2013/12/Screenshot-2013-12-06-15.01.45.png HTTP/2.0" 302 154 "-" "Mozilla/5.0 (compatible; bingbot/2.0; +http://www.bing.com/bingbot.htm)"
40.77.167.46 - - [27/Jun/2022:20:58:39 +0000] "GET /wp-content/uploads/2013/12/Screenshot-2013-12-06-15.01.45.png HTTP/2.0" 200 35661 "-" "Mozilla/5.0 (compatible; bingbot/2.0; +http://www.bing.com/bingbot.htm)"
114.119.147.75 - - [27/Jun/2022:20:59:20 +0000] "GET /node/date/2005/05/21 HTTP/1.1" 302 154 "https://mrchoke.org/node/446" "Mozilla/5.0 (Linux; Android 7.0;) AppleWebKit/537.36 (KHTML, like Gecko) Mobile Safari/537.36 (compatible; PetalBot;+https://webmaster.petalsearch.com/site/petalbot)"
114.119.147.75 - - [27/Jun/2022:20:59:31 +0000] "GET /node/date/2005/05/21 HTTP/1.1" 301 178 "https://mrchoke.org/node/446" "Mozilla/5.0 (Linux; Android 7.0;) AppleWebKit/537.36 (KHTML, like Gecko) Mobile Safari/537.36 (compatible; PetalBot;+https://webmaster.petalsearch.com/site/petalbot)"
114.119.147.75 - - [27/Jun/2022:20:59:39 +0000] "GET /node/date/2005/05/21/ HTTP/1.1" 200 8933 "https://mrchoke.org/node/446" "Mozilla/5.0 (Linux; Android 7.0;) AppleWebKit/537.36 (KHTML, like Gecko) Mobile Safari/537.36 (compatible; PetalBot;+https://webmaster.petalsearch.com/site/petalbot)"
216.244.66.229 - - [27/Jun/2022:21:01:19 +0000] "GET /ch7_6117 HTTP/1.1" 404 162 "-" "Mozilla/5.0 (compatible; DotBot/1.2; +https://opensiteexplorer.org/dotbot; help@moz.com)"
216.244.66.229 - - [27/Jun/2022:21:01:23 +0000] "GET /img_7102 HTTP/1.1" 404 162 "-" "Mozilla/5.0 (compatible; DotBot/1.2; +https://opensiteexplorer.org/dotbot; help@moz.com)"
154.16.192.177 - - [27/Jun/2022:21:01:49 +0000] "GET / HTTP/2.0" 301 178 "-" "Mozilla/5.0 (Windows; U; Windows NT 6.1; en-US; rv:1.9.1.5) Gecko/20091102 Firefox/3.5.5 (.NET CLR 3.5.30729)"
154.16.192.177 - - [27/Jun/2022:21:01:51 +0000] "GET / HTTP/2.0" 200 282 "-" "Mozilla/5.0 (Windows; U; Windows NT 6.1; en-US; rv:1.9.1.5) Gecko/20091102 Firefox/3.5.5 (.NET CLR 3.5.30729)"
114.119.147.97 - - [27/Jun/2022:21:04:20 +0000] "GET /node/216 HTTP/1.1" 301 178 "https://mrchoke.org/node/217?ak_action=accept_mobile" "Mozilla/5.0 (Linux; Android 7.0;) AppleWebKit/537.36 (KHTML, like Gecko) Mobile Safari/537.36 (compatible; PetalBot;+https://webmaster.petalsearch.com/site/petalbot)"
114.119.147.97 - - [27/Jun/2022:21:04:20 +0000] "GET /node/216/ HTTP/1.1" 200 8476 "https://mrchoke.org/node/217?ak_action=accept_mobile" "Mozilla/5.0 (Linux; Android 7.0;) AppleWebKit/537.36 (KHTML, like Gecko) Mobile Safari/537.36 (compatible; PetalBot;+https://webmaster.petalsearch.com/site/petalbot)"
114.119.147.97 - - [27/Jun/2022:21:06:20 +0000] "GET /node/tag/nikon?ak_action=accept_mobile HTTP/1.1" 302 154 "https://mrchoke.org/node/tag/nikon?ak_action=reject_mobile" "Mozilla/5.0 (Linux; Android 7.0;) AppleWebKit/537.36 (KHTML, like Gecko) Mobile Safari/537.36 (compatible; PetalBot;+https://webmaster.petalsearch.com/site/petalbot)"
114.119.147.97 - - [27/Jun/2022:21:06:23 +0000] "GET /node/tag/nikon?ak_action=accept_mobile HTTP/1.1" 301 178 "https://mrchoke.org/node/tag/nikon?ak_action=reject_mobile" "Mozilla/5.0 (Linux; Android 7.0;) AppleWebKit/537.36 (KHTML, like Gecko) Mobile Safari/537.36 (compatible; PetalBot;+https://webmaster.petalsearch.com/site/petalbot)"
114.119.147.97 - - [27/Jun/2022:21:06:25 +0000] "GET /node/tag/nikon/?ak_action=accept_mobile HTTP/1.1" 200 11946 "https://mrchoke.org/node/tag/nikon?ak_action=reject_mobile" "Mozilla/5.0 (Linux; Android 7.0;) AppleWebKit/537.36 (KHTML, like Gecko) Mobile Safari/537.36 (compatible; PetalBot;+https://webmaster.petalsearch.com/site/petalbot)"
20.55.53.144 - - [27/Jun/2022:21:06:39 +0000] "GET / HTTP/1.1" 200 396 "-" "Mozilla/5.0 (Windows NT 10.0; Win64; x64) AppleWebKit/537.36 (KHTML, like Gecko) Chrome/79.0.3945.117 Safari/537.36"
20.55.53.144 - - [27/Jun/2022:21:06:53 +0000] "GET / HTTP/1.1" 400 666 "-" "Mozilla/5.0 (Windows NT 10.0; Win64; x64) AppleWebKit/537.36 (KHTML, like Gecko) Chrome/79.0.3945.117 Safari/537.36"
114.119.147.75 - - [27/Jun/2022:21:08:50 +0000] "GET /node/category/blog?ak_action=accept_mobile HTTP/1.1" 302 154 "https://mrchoke.org/node/category/blog/page/2?ak_action=accept_mobile" "Mozilla/5.0 (Linux; Android 7.0;) AppleWebKit/537.36 (KHTML, like Gecko) Mobile Safari/537.36 (compatible; PetalBot;+https://webmaster.petalsearch.com/site/petalbot)"
114.119.147.75 - - [27/Jun/2022:21:08:50 +0000] "GET /node/category/blog?ak_action=accept_mobile HTTP/1.1" 301 178 "https://mrchoke.org/node/category/blog/page/2?ak_action=accept_mobile" "Mozilla/5.0 (Linux; Android 7.0;) AppleWebKit/537.36 (KHTML, like Gecko) Mobile Safari/537.36 (compatible; PetalBot;+https://webmaster.petalsearch.com/site/petalbot)"
114.119.147.75 - - [27/Jun/2022:21:08:51 +0000] "GET /node/category/blog/?ak_action=accept_mobile HTTP/1.1" 200 16116 "https://mrchoke.org/node/category/blog/page/2?ak_action=accept_mobile" "Mozilla/5.0 (Linux; Android 7.0;) AppleWebKit/537.36 (KHTML, like Gecko) Mobile Safari/537.36 (compatible; PetalBot;+https://webmaster.petalsearch.com/site/petalbot)"
185.191.171.17 - - [27/Jun/2022:21:09:05 +0000] "GET /img_6534 HTTP/1.1" 301 178 "-" "Mozilla/5.0 (compatible; SemrushBot/7~bl; +http://www.semrush.com/bot.html)"
185.191.171.14 - - [27/Jun/2022:21:09:12 +0000] "GET /img_6534/ HTTP/1.1" 200 7882 "-" "Mozilla/5.0 (compatible; SemrushBot/7~bl; +http://www.semrush.com/bot.html)"
51.222.253.20 - - [27/Jun/2022:21:10:59 +0000] "GET /node/939/img_6396 HTTP/2.0" 301 178 "-" "Mozilla/5.0 (compatible; AhrefsBot/7.0; +http://ahrefs.com/robot/)"
114.119.147.87 - - [27/Jun/2022:21:11:30 +0000] "GET /node/343?share=linkedin HTTP/1.1" 302 154 "https://mrchoke.org/node/343" "Mozilla/5.0 (Linux; Android 7.0;) AppleWebKit/537.36 (KHTML, like Gecko) Mobile Safari/537.36 (compatible; PetalBot;+https://webmaster.petalsearch.com/site/petalbot)"
114.119.147.87 - - [27/Jun/2022:21:11:30 +0000] "GET /node/343?share=linkedin HTTP/1.1" 301 178 "https://mrchoke.org/node/343" "Mozilla/5.0 (Linux; Android 7.0;) AppleWebKit/537.36 (KHTML, like Gecko) Mobile Safari/537.36 (compatible; PetalBot;+https://webmaster.petalsearch.com/site/petalbot)"
114.119.147.87 - - [27/Jun/2022:21:11:31 +0000] "GET /node/343/?share=linkedin HTTP/1.1" 200 9367 "https://mrchoke.org/node/343" "Mozilla/5.0 (Linux; Android 7.0;) AppleWebKit/537.36 (KHTML, like Gecko) Mobile Safari/537.36 (compatible; PetalBot;+https://webmaster.petalsearch.com/site/petalbot)"
114.119.147.97 - - [27/Jun/2022:21:13:58 +0000] "GET /node/45?share=reddit HTTP/1.1" 302 154 "https://mrchoke.org/node/45?ak_action=accept_mobile" "Mozilla/5.0 (Linux; Android 7.0;) AppleWebKit/537.36 (KHTML, like Gecko) Mobile Safari/537.36 (compatible; PetalBot;+https://webmaster.petalsearch.com/site/petalbot)"
114.119.147.97 - - [27/Jun/2022:21:14:02 +0000] "GET /node/45?share=reddit HTTP/1.1" 301 178 "https://mrchoke.org/node/45?ak_action=accept_mobile" "Mozilla/5.0 (Linux; Android 7.0;) AppleWebKit/537.36 (KHTML, like Gecko) Mobile Safari/537.36 (compatible; PetalBot;+https://webmaster.petalsearch.com/site/petalbot)"
114.119.147.97 - - [27/Jun/2022:21:14:04 +0000] "GET /node/45/?share=reddit HTTP/1.1" 200 8852 "https://mrchoke.org/node/45?ak_action=accept_mobile" "Mozilla/5.0 (Linux; Android 7.0;) AppleWebKit/537.36 (KHTML, like Gecko) Mobile Safari/537.36 (compatible; PetalBot;+https://webmaster.petalsearch.com/site/petalbot)"
51.222.253.17 - - [27/Jun/2022:21:14:17 +0000] "GET /node/939/img_6443 HTTP/2.0" 301 178 "-" "Mozilla/5.0 (compatible; AhrefsBot/7.0; +http://ahrefs.com/robot/)"
128.14.141.34 - - [27/Jun/2022:21:14:52 +0000] "GET / HTTP/1.1" 200 396 "-" "Mozilla/5.0 (Windows NT 10.0; Win64; x64) AppleWebKit/537.36 (KHTML, like Gecko) Chrome/60.0.3112.113 Safari/537.36"
185.191.171.43 - - [27/Jun/2022:21:14:57 +0000] "GET /robots.txt HTTP/1.1" 404 134 "-" "Mozilla/5.0 (compatible; SemrushBot/7~bl; +http://www.semrush.com/bot.html)"
185.191.171.36 - - [27/Jun/2022:21:14:57 +0000] "GET /songs/stream/music.php?id=00070 HTTP/1.1" 404 134 "-" "Mozilla/5.0 (compatible; SemrushBot/7~bl; +http://www.semrush.com/bot.html)"
114.119.147.86 - - [27/Jun/2022:21:16:16 +0000] "GET /node/462?share=twitter HTTP/1.1" 302 154 "https://mrchoke.org/node/462?replytocom=563&ak_action=accept_mobile" "Mozilla/5.0 (Linux; Android 7.0;) AppleWebKit/537.36 (KHTML, like Gecko) Mobile Safari/537.36 (compatible; PetalBot;+https://webmaster.petalsearch.com/site/petalbot)"
114.119.147.86 - - [27/Jun/2022:21:16:23 +0000] "GET /node/462?share=twitter HTTP/1.1" 301 178 "https://mrchoke.org/node/462?replytocom=563&ak_action=accept_mobile" "Mozilla/5.0 (Linux; Android 7.0;) AppleWebKit/537.36 (KHTML, like Gecko) Mobile Safari/537.36 (compatible; PetalBot;+https://webmaster.petalsearch.com/site/petalbot)"
114.119.147.86 - - [27/Jun/2022:21:16:23 +0000] "GET /node/462/?share=twitter HTTP/1.1" 200 8427 "https://mrchoke.org/node/462?replytocom=563&ak_action=accept_mobile" "Mozilla/5.0 (Linux; Android 7.0;) AppleWebKit/537.36 (KHTML, like Gecko) Mobile Safari/537.36 (compatible; PetalBot;+https://webmaster.petalsearch.com/site/petalbot)"
51.222.253.6 - - [27/Jun/2022:21:17:25 +0000] "GET /img_7160/ HTTP/2.0" 200 7919 "-" "Mozilla/5.0 (compatible; AhrefsBot/7.0; +http://ahrefs.com/robot/)"
114.119.147.87 - - [27/Jun/2022:21:18:32 +0000] "GET /node/76?ak_action=reject_mobile HTTP/1.1" 302 154 "https://mrchoke.org/node/76?ak_action=accept_mobile" "Mozilla/5.0 (Linux; Android 7.0;) AppleWebKit/537.36 (KHTML, like Gecko) Mobile Safari/537.36 (compatible; PetalBot;+https://webmaster.petalsearch.com/site/petalbot)"
114.119.147.87 - - [27/Jun/2022:21:18:32 +0000] "GET /node/76?ak_action=reject_mobile HTTP/1.1" 301 178 "https://mrchoke.org/node/76?ak_action=accept_mobile" "Mozilla/5.0 (Linux; Android 7.0;) AppleWebKit/537.36 (KHTML, like Gecko) Mobile Safari/537.36 (compatible; PetalBot;+https://webmaster.petalsearch.com/site/petalbot)"
114.119.147.87 - - [27/Jun/2022:21:18:32 +0000] "GET /node/76/?ak_action=reject_mobile HTTP/1.1" 200 8965 "https://mrchoke.org/node/76?ak_action=accept_mobile" "Mozilla/5.0 (Linux; Android 7.0;) AppleWebKit/537.36 (KHTML, like Gecko) Mobile Safari/537.36 (compatible; PetalBot;+https://webmaster.petalsearch.com/site/petalbot)"
114.119.147.74 - - [27/Jun/2022:21:20:51 +0000] "GET /node/1428/img_7289?share=reddit HTTP/1.1" 302 154 "https://mrchoke.org/node/1428/img_7289" "Mozilla/5.0 (Linux; Android 7.0;) AppleWebKit/537.36 (KHTML, like Gecko) Mobile Safari/537.36 (compatible; PetalBot;+https://webmaster.petalsearch.com/site/petalbot)"
114.119.147.74 - - [27/Jun/2022:21:20:51 +0000] "GET /node/1428/img_7289?share=reddit HTTP/1.1" 301 178 "https://mrchoke.org/node/1428/img_7289" "Mozilla/5.0 (Linux; Android 7.0;) AppleWebKit/537.36 (KHTML, like Gecko) Mobile Safari/537.36 (compatible; PetalBot;+https://webmaster.petalsearch.com/site/petalbot)"
114.119.147.74 - - [27/Jun/2022:21:20:52 +0000] "GET /node/1428/img_7289/?share=reddit HTTP/1.1" 200 7857 "https://mrchoke.org/node/1428/img_7289" "Mozilla/5.0 (Linux; Android 7.0;) AppleWebKit/537.36 (KHTML, like Gecko) Mobile Safari/537.36 (compatible; PetalBot;+https://webmaster.petalsearch.com/site/petalbot)"
51.222.253.4 - - [27/Jun/2022:21:21:18 +0000] "GET /img_7152/ HTTP/2.0" 200 7909 "-" "Mozilla/5.0 (compatible; AhrefsBot/7.0; +http://ahrefs.com/robot/)"
185.191.171.11 - - [27/Jun/2022:21:21:21 +0000] "GET /robots.txt HTTP/1.1" 404 134 "-" "Mozilla/5.0 (compatible; SemrushBot/7~bl; +http://www.semrush.com/bot.html)"
185.191.171.6 - - [27/Jun/2022:21:21:22 +0000] "GET /node/date/2008/11 HTTP/1.1" 302 154 "-" "Mozilla/5.0 (compatible; SemrushBot/7~bl; +http://www.semrush.com/bot.html)"
185.191.171.2 - - [27/Jun/2022:21:21:24 +0000] "GET /robots.txt HTTP/1.1" 404 134 "-" "Mozilla/5.0 (compatible; SemrushBot/7~bl; +http://www.semrush.com/bot.html)"
185.191.171.15 - - [27/Jun/2022:21:21:25 +0000] "GET /node/date/2008/11 HTTP/1.1" 301 178 "-" "Mozilla/5.0 (compatible; SemrushBot/7~bl; +http://www.semrush.com/bot.html)"
185.191.171.44 - - [27/Jun/2022:21:21:28 +0000] "GET /node/date/2008/11/ HTTP/1.1" 200 8287 "-" "Mozilla/5.0 (compatible; SemrushBot/7~bl; +http://www.semrush.com/bot.html)"
157.55.39.114 - - [27/Jun/2022:21:22:34 +0000] "GET /wp-content/uploads/2014/02/IMG_7683.jpg HTTP/2.0" 200 3302954 "-" "Mozilla/5.0 (compatible; bingbot/2.0; +http://www.bing.com/bingbot.htm)"
114.119.147.87 - - [27/Jun/2022:21:23:02 +0000] "GET /node/638?share=facebook HTTP/1.1" 302 154 "https://mrchoke.org/node/638" "Mozilla/5.0 (Linux; Android 7.0;) AppleWebKit/537.36 (KHTML, like Gecko) Mobile Safari/537.36 (compatible; PetalBot;+https://webmaster.petalsearch.com/site/petalbot)"
114.119.147.87 - - [27/Jun/2022:21:23:03 +0000] "GET /node/638?share=facebook HTTP/1.1" 301 178 "https://mrchoke.org/node/638" "Mozilla/5.0 (Linux; Android 7.0;) AppleWebKit/537.36 (KHTML, like Gecko) Mobile Safari/537.36 (compatible; PetalBot;+https://webmaster.petalsearch.com/site/petalbot)"
114.119.147.87 - - [27/Jun/2022:21:23:03 +0000] "GET /node/638/?share=facebook HTTP/1.1" 200 11133 "https://mrchoke.org/node/638" "Mozilla/5.0 (Linux; Android 7.0;) AppleWebKit/537.36 (KHTML, like Gecko) Mobile Safari/537.36 (compatible; PetalBot;+https://webmaster.petalsearch.com/site/petalbot)"
185.7.214.104 - - [27/Jun/2022:21:24:11 +0000] "GET /vendor/phpunit/phpunit/src/Util/PHP/eval-stdin.php HTTP/1.1" 301 178 "-" "Mozilla/5.0 (Windows NT 10.0; Win64; x64) AppleWebKit/537.36 (KHTML, like Gecko) Chrome/78.0.3904.108 Safari/537.36"
51.222.253.10 - - [27/Jun/2022:21:24:51 +0000] "GET /ch7_3317/ HTTP/2.0" 200 7866 "-" "Mozilla/5.0 (compatible; AhrefsBot/7.0; +http://ahrefs.com/robot/)"
185.191.171.9 - - [27/Jun/2022:21:24:53 +0000] "GET /node/date/2006/11/13 HTTP/1.1" 301 178 "-" "Mozilla/5.0 (compatible; SemrushBot/7~bl; +http://www.semrush.com/bot.html)"
51.222.253.4 - - [27/Jun/2022:21:24:54 +0000] "GET /wp-content/uploads/2014/01/CH7_3333-150x150.jpg HTTP/2.0" 200 74041 "-" "Mozilla/5.0 (compatible; AhrefsBot/7.0; +http://ahrefs.com/robot/)"
51.222.253.6 - - [27/Jun/2022:21:24:56 +0000] "GET /wp-content/uploads/2014/01/CH7_3316-150x150.jpg HTTP/2.0" 200 71615 "-" "Mozilla/5.0 (compatible; AhrefsBot/7.0; +http://ahrefs.com/robot/)"
185.191.171.38 - - [27/Jun/2022:21:24:57 +0000] "GET /node/date/2006/11/13/ HTTP/1.1" 200 8672 "-" "Mozilla/5.0 (compatible; SemrushBot/7~bl; +http://www.semrush.com/bot.html)"
51.222.253.15 - - [27/Jun/2022:21:25:04 +0000] "GET /wp-content/uploads/2014/01/CH7_3317.jpg HTTP/2.0" 200 2346824 "-" "Mozilla/5.0 (compatible; AhrefsBot/7.0; +http://ahrefs.com/robot/)"
114.119.147.87 - - [27/Jun/2022:21:25:08 +0000] "GET /node/tag/trip/page/2?ak_action=accept_mobile HTTP/1.1" 302 154 "https://mrchoke.org/node/tag/trip?ak_action=accept_mobile" "Mozilla/5.0 (Linux; Android 7.0;) AppleWebKit/537.36 (KHTML, like Gecko) Mobile Safari/537.36 (compatible; PetalBot;+https://webmaster.petalsearch.com/site/petalbot)"
114.119.147.87 - - [27/Jun/2022:21:25:08 +0000] "GET /node/tag/trip/page/2?ak_action=accept_mobile HTTP/1.1" 301 178 "https://mrchoke.org/node/tag/trip?ak_action=accept_mobile" "Mozilla/5.0 (Linux; Android 7.0;) AppleWebKit/537.36 (KHTML, like Gecko) Mobile Safari/537.36 (compatible; PetalBot;+https://webmaster.petalsearch.com/site/petalbot)"
114.119.147.87 - - [27/Jun/2022:21:25:08 +0000] "GET /node/tag/trip/page/2/?ak_action=accept_mobile HTTP/1.1" 200 14772 "https://mrchoke.org/node/tag/trip?ak_action=accept_mobile" "Mozilla/5.0 (Linux; Android 7.0;) AppleWebKit/537.36 (KHTML, like Gecko) Mobile Safari/537.36 (compatible; PetalBot;+https://webmaster.petalsearch.com/site/petalbot)"
74.125.210.173 - - [27/Jun/2022:21:26:14 +0000] "GET /feed HTTP/1.1" 404 134 "-" "FeedFetcher-Google; (+http://www.google.com/feedfetcher.html)"
66.249.71.25 - - [27/Jun/2022:21:26:36 +0000] "GET /node/date/2009/05/14/ HTTP/1.1" 200 8931 "-" "Mozilla/5.0 (Linux; Android 6.0.1; Nexus 5X Build/MMB29P) AppleWebKit/537.36 (KHTML, like Gecko) Chrome/103.0.5060.53 Mobile Safari/537.36 (compatible; Googlebot/2.1; +http://www.google.com/bot.html)"
51.222.253.5 - - [27/Jun/2022:21:28:23 +0000] "GET /img_7631 HTTP/2.0" 301 178 "-" "Mozilla/5.0 (compatible; AhrefsBot/7.0; +http://ahrefs.com/robot/)"
107.181.185.226 - - [27/Jun/2022:21:28:36 +0000] "GET /wp-login.php HTTP/1.1" 404 134 "-" "Mozilla/5.0 (Windows NT 10.0; Win64; x64; rv:96.0) Gecko/20100101 Firefox/96"
114.119.147.81 - - [27/Jun/2022:21:29:19 +0000] "GET /node/1140?ak_action=reject_mobile HTTP/1.1" 302 154 "https://mrchoke.org/node/1140?ak_action=accept_mobile" "Mozilla/5.0 (Linux; Android 7.0;) AppleWebKit/537.36 (KHTML, like Gecko) Mobile Safari/537.36 (compatible; PetalBot;+https://webmaster.petalsearch.com/site/petalbot)"
114.119.147.81 - - [27/Jun/2022:21:29:21 +0000] "GET /node/1140?ak_action=reject_mobile HTTP/1.1" 301 178 "https://mrchoke.org/node/1140?ak_action=accept_mobile" "Mozilla/5.0 (Linux; Android 7.0;) AppleWebKit/537.36 (KHTML, like Gecko) Mobile Safari/537.36 (compatible; PetalBot;+https://webmaster.petalsearch.com/site/petalbot)"
114.119.147.81 - - [27/Jun/2022:21:29:24 +0000] "GET /node/1140/?ak_action=reject_mobile HTTP/1.1" 200 9720 "https://mrchoke.org/node/1140?ak_action=accept_mobile" "Mozilla/5.0 (Linux; Android 7.0;) AppleWebKit/537.36 (KHTML, like Gecko) Mobile Safari/537.36 (compatible; PetalBot;+https://webmaster.petalsearch.com/site/petalbot)"
51.222.253.19 - - [27/Jun/2022:21:31:31 +0000] "GET /img_7592/ HTTP/2.0" 200 7876 "-" "Mozilla/5.0 (compatible; AhrefsBot/7.0; +http://ahrefs.com/robot/)"
216.244.66.229 - - [27/Jun/2022:21:32:09 +0000] "GET /robots.txt HTTP/1.1" 404 162 "-" "Mozilla/5.0 (compatible; DotBot/1.2; +https://opensiteexplorer.org/dotbot; help@moz.com)"
64.124.8.49 - - [27/Jun/2022:21:32:14 +0000] "GET /node/1885/6 HTTP/1.1" 301 178 "-" "Mozilla/5.0 (X11; Linux x86_64) AppleWebKit/537.36 (KHTML, like Gecko) Chrome/61.0.3163.79 Safari/537.36"
148.251.12.76 - - [27/Jun/2022:21:33:19 +0000] "GET /robots.txt HTTP/1.1" 404 134 "-" "Mozilla/5.0 (compatible; BLEXBot/1.0; +http://webmeup-crawler.com/)"
148.251.12.76 - - [27/Jun/2022:21:33:19 +0000] "GET /sitemap HTTP/1.1" 404 134 "-" "Mozilla/5.0 (compatible; BLEXBot/1.0; +http://webmeup-crawler.com/)"
148.251.12.76 - - [27/Jun/2022:21:33:28 +0000] "GET /sitemap.txt HTTP/1.1" 404 134 "-" "Mozilla/5.0 (compatible; BLEXBot/1.0; +http://webmeup-crawler.com/)"
114.119.147.73 - - [27/Jun/2022:21:33:48 +0000] "GET /node/320 HTTP/1.1" 302 154 "https://mrchoke.org/node/27?ak_action=accept_mobile" "Mozilla/5.0 (Linux; Android 7.0;) AppleWebKit/537.36 (KHTML, like Gecko) Mobile Safari/537.36 (compatible; PetalBot;+https://webmaster.petalsearch.com/site/petalbot)"
114.119.147.73 - - [27/Jun/2022:21:33:50 +0000] "GET /node/320 HTTP/1.1" 301 178 "https://mrchoke.org/node/27?ak_action=accept_mobile" "Mozilla/5.0 (Linux; Android 7.0;) AppleWebKit/537.36 (KHTML, like Gecko) Mobile Safari/537.36 (compatible; PetalBot;+https://webmaster.petalsearch.com/site/petalbot)"
114.119.147.73 - - [27/Jun/2022:21:33:53 +0000] "GET /node/320/ HTTP/1.1" 200 11094 "https://mrchoke.org/node/27?ak_action=accept_mobile" "Mozilla/5.0 (Linux; Android 7.0;) AppleWebKit/537.36 (KHTML, like Gecko) Mobile Safari/537.36 (compatible; PetalBot;+https://webmaster.petalsearch.com/site/petalbot)"
51.222.253.18 - - [27/Jun/2022:21:34:25 +0000] "GET /page/5/ HTTP/2.0" 200 13298 "-" "Mozilla/5.0 (compatible; AhrefsBot/7.0; +http://ahrefs.com/robot/)"
185.191.171.39 - - [27/Jun/2022:21:35:10 +0000] "GET /node/187 HTTP/1.1" 302 154 "-" "Mozilla/5.0 (compatible; SemrushBot/7~bl; +http://www.semrush.com/bot.html)"
185.191.171.19 - - [27/Jun/2022:21:35:12 +0000] "GET /node/187 HTTP/1.1" 301 178 "-" "Mozilla/5.0 (compatible; SemrushBot/7~bl; +http://www.semrush.com/bot.html)"
185.191.171.25 - - [27/Jun/2022:21:35:14 +0000] "GET /node/187/ HTTP/1.1" 200 9676 "-" "Mozilla/5.0 (compatible; SemrushBot/7~bl; +http://www.semrush.com/bot.html)"
35.210.166.102 - - [27/Jun/2022:21:35:23 +0000] "GET /robots.txt HTTP/1.1" 404 134 "-" "Go-http-client/1.1"
35.210.166.102 - - [27/Jun/2022:21:35:23 +0000] "GET / HTTP/1.1" 200 396 "-" "Mozilla/5.0 (compatible; VelenPublicWebCrawler/1.0; +https://velen.io)"
216.244.66.229 - - [27/Jun/2022:21:37:22 +0000] "GET /wp-content/uploads/2014/01/IMG_6170.jpg HTTP/1.1" 404 162 "-" "Mozilla/5.0 (compatible; DotBot/1.2; +https://opensiteexplorer.org/dotbot; help@moz.com)"
51.222.253.14 - - [27/Jun/2022:21:37:26 +0000] "GET /node/251 HTTP/2.0" 301 178 "-" "Mozilla/5.0 (compatible; AhrefsBot/7.0; +http://ahrefs.com/robot/)"
216.244.66.229 - - [27/Jun/2022:21:37:27 +0000] "GET /wp-content/uploads/2014/02/IMG_7749.png HTTP/1.1" 404 162 "-" "Mozilla/5.0 (compatible; DotBot/1.2; +https://opensiteexplorer.org/dotbot; help@moz.com)"
114.119.147.86 - - [27/Jun/2022:21:38:13 +0000] "GET /node/tag/psu?ak_action=accept_mobile HTTP/1.1" 302 154 "https://mrchoke.org/node/tag/psu?ak_action=reject_mobile" "Mozilla/5.0 (Linux; Android 7.0;) AppleWebKit/537.36 (KHTML, like Gecko) Mobile Safari/537.36 (compatible; PetalBot;+https://webmaster.petalsearch.com/site/petalbot)"
114.119.147.86 - - [27/Jun/2022:21:38:15 +0000] "GET /node/tag/psu?ak_action=accept_mobile HTTP/1.1" 301 178 "https://mrchoke.org/node/tag/psu?ak_action=reject_mobile" "Mozilla/5.0 (Linux; Android 7.0;) AppleWebKit/537.36 (KHTML, like Gecko) Mobile Safari/537.36 (compatible; PetalBot;+https://webmaster.petalsearch.com/site/petalbot)"
114.119.147.86 - - [27/Jun/2022:21:38:17 +0000] "GET /node/tag/psu/?ak_action=accept_mobile HTTP/1.1" 200 11027 "https://mrchoke.org/node/tag/psu?ak_action=reject_mobile" "Mozilla/5.0 (Linux; Android 7.0;) AppleWebKit/537.36 (KHTML, like Gecko) Mobile Safari/537.36 (compatible; PetalBot;+https://webmaster.petalsearch.com/site/petalbot)"
51.222.253.9 - - [27/Jun/2022:21:40:25 +0000] "GET /node/tag/ios-2/ HTTP/2.0" 200 9647 "-" "Mozilla/5.0 (compatible; AhrefsBot/7.0; +http://ahrefs.com/robot/)"
51.222.253.8 - - [27/Jun/2022:21:40:27 +0000] "GET /wp-content/uploads/2014/02/IMG_7467-150x150.png HTTP/2.0" 200 34859 "-" "Mozilla/5.0 (compatible; AhrefsBot/7.0; +http://ahrefs.com/robot/)"
51.222.253.11 - - [27/Jun/2022:21:40:29 +0000] "GET /wp-content/uploads/2014/02/IMG_7459-150x150.png HTTP/2.0" 200 3318 "-" "Mozilla/5.0 (compatible; AhrefsBot/7.0; +http://ahrefs.com/robot/)"
114.119.147.86 - - [27/Jun/2022:21:40:29 +0000] "GET /node/210?ak_action=accept_mobile HTTP/1.1" 302 154 "https://mrchoke.org/node/210?ak_action=reject_mobile" "Mozilla/5.0 (Linux; Android 7.0;) AppleWebKit/537.36 (KHTML, like Gecko) Mobile Safari/537.36 (compatible; PetalBot;+https://webmaster.petalsearch.com/site/petalbot)"
114.119.147.86 - - [27/Jun/2022:21:40:29 +0000] "GET /node/210?ak_action=accept_mobile HTTP/1.1" 301 178 "https://mrchoke.org/node/210?ak_action=reject_mobile" "Mozilla/5.0 (Linux; Android 7.0;) AppleWebKit/537.36 (KHTML, like Gecko) Mobile Safari/537.36 (compatible; PetalBot;+https://webmaster.petalsearch.com/site/petalbot)"
114.119.147.86 - - [27/Jun/2022:21:40:29 +0000] "GET /node/210/?ak_action=accept_mobile HTTP/1.1" 200 8139 "https://mrchoke.org/node/210?ak_action=reject_mobile" "Mozilla/5.0 (Linux; Android 7.0;) AppleWebKit/537.36 (KHTML, like Gecko) Mobile Safari/537.36 (compatible; PetalBot;+https://webmaster.petalsearch.com/site/petalbot)"
51.222.253.18 - - [27/Jun/2022:21:40:30 +0000] "GET /wp-content/uploads/2014/02/IMG_7469-150x150.png HTTP/2.0" 200 15309 "-" "Mozilla/5.0 (compatible; AhrefsBot/7.0; +http://ahrefs.com/robot/)"
51.222.253.10 - - [27/Jun/2022:21:40:32 +0000] "GET /wp-content/uploads/2014/02/IMG_7470-150x150.png HTTP/2.0" 200 1040 "-" "Mozilla/5.0 (compatible; AhrefsBot/7.0; +http://ahrefs.com/robot/)"
51.222.253.17 - - [27/Jun/2022:21:40:33 +0000] "GET /wp-content/uploads/2014/02/IMG_7463-150x150.png HTTP/2.0" 200 28492 "-" "Mozilla/5.0 (compatible; AhrefsBot/7.0; +http://ahrefs.com/robot/)"
64.124.8.49 - - [27/Jun/2022:21:40:35 +0000] "GET /node/1862/ch7_6455 HTTP/1.1" 301 178 "-" "Mozilla/5.0 (X11; Linux x86_64) AppleWebKit/537.36 (KHTML, like Gecko) Chrome/61.0.3163.79 Safari/537.36"
51.222.253.16 - - [27/Jun/2022:21:40:36 +0000] "GET /wp-content/uploads/2014/02/IMG_7468-150x150.png HTTP/2.0" 200 11268 "-" "Mozilla/5.0 (compatible; AhrefsBot/7.0; +http://ahrefs.com/robot/)"
51.222.253.13 - - [27/Jun/2022:21:40:39 +0000] "GET /wp-content/uploads/2014/02/IMG_7466-150x150.png HTTP/2.0" 200 12739 "-" "Mozilla/5.0 (compatible; AhrefsBot/7.0; +http://ahrefs.com/robot/)"
51.222.253.19 - - [27/Jun/2022:21:40:40 +0000] "GET /wp-content/uploads/2014/02/IMG_7464-150x150.png HTTP/2.0" 200 41437 "-" "Mozilla/5.0 (compatible; AhrefsBot/7.0; +http://ahrefs.com/robot/)"
51.222.253.18 - - [27/Jun/2022:21:40:42 +0000] "GET /wp-content/uploads/2014/02/IMG_7460-150x150.png HTTP/2.0" 200 22982 "-" "Mozilla/5.0 (compatible; AhrefsBot/7.0; +http://ahrefs.com/robot/)"
51.222.253.14 - - [27/Jun/2022:21:40:43 +0000] "GET /wp-content/uploads/2014/02/IMG_7461-150x150.png HTTP/2.0" 200 49199 "-" "Mozilla/5.0 (compatible; AhrefsBot/7.0; +http://ahrefs.com/robot/)"
51.222.253.8 - - [27/Jun/2022:21:40:45 +0000] "GET /wp-content/uploads/2014/02/IMG_7465-150x150.png HTTP/2.0" 200 44150 "-" "Mozilla/5.0 (compatible; AhrefsBot/7.0; +http://ahrefs.com/robot/)"
51.222.253.16 - - [27/Jun/2022:21:40:50 +0000] "GET /wp-content/uploads/2014/02/IMG_7462-150x150.png HTTP/2.0" 200 26901 "-" "Mozilla/5.0 (compatible; AhrefsBot/7.0; +http://ahrefs.com/robot/)"
51.222.253.6 - - [27/Jun/2022:21:40:52 +0000] "GET /wp-content/uploads/2014/02/IMG_7461-169x300.png HTTP/2.0" 200 104665 "-" "Mozilla/5.0 (compatible; AhrefsBot/7.0; +http://ahrefs.com/robot/)"
185.191.171.16 - - [27/Jun/2022:21:41:29 +0000] "GET /node/493 HTTP/1.1" 301 178 "-" "Mozilla/5.0 (compatible; SemrushBot/7~bl; +http://www.semrush.com/bot.html)"
185.191.171.9 - - [27/Jun/2022:21:41:32 +0000] "GET /node/493/ HTTP/1.1" 200 8821 "-" "Mozilla/5.0 (compatible; SemrushBot/7~bl; +http://www.semrush.com/bot.html)"
185.191.171.20 - - [27/Jun/2022:21:41:47 +0000] "GET /node/1583/img_7561 HTTP/1.1" 301 178 "-" "Mozilla/5.0 (compatible; SemrushBot/7~bl; +http://www.semrush.com/bot.html)"
185.191.171.41 - - [27/Jun/2022:21:41:49 +0000] "GET /node/1583/img_7561/ HTTP/1.1" 200 7984 "-" "Mozilla/5.0 (compatible; SemrushBot/7~bl; +http://www.semrush.com/bot.html)"
114.119.147.74 - - [27/Jun/2022:21:42:39 +0000] "GET /node/category/ads?ak_action=reject_mobile HTTP/1.1" 302 154 "https://mrchoke.org/node/category/ads" "Mozilla/5.0 (Linux; Android 7.0;) AppleWebKit/537.36 (KHTML, like Gecko) Mobile Safari/537.36 (compatible; PetalBot;+https://webmaster.petalsearch.com/site/petalbot)"
114.119.147.74 - - [27/Jun/2022:21:42:40 +0000] "GET /node/category/ads?ak_action=reject_mobile HTTP/1.1" 301 178 "https://mrchoke.org/node/category/ads" "Mozilla/5.0 (Linux; Android 7.0;) AppleWebKit/537.36 (KHTML, like Gecko) Mobile Safari/537.36 (compatible; PetalBot;+https://webmaster.petalsearch.com/site/petalbot)"
114.119.147.74 - - [27/Jun/2022:21:42:41 +0000] "GET /node/category/ads/?ak_action=reject_mobile HTTP/1.1" 200 8268 "https://mrchoke.org/node/category/ads" "Mozilla/5.0 (Linux; Android 7.0;) AppleWebKit/537.36 (KHTML, like Gecko) Mobile Safari/537.36 (compatible; PetalBot;+https://webmaster.petalsearch.com/site/petalbot)"
51.222.253.7 - - [27/Jun/2022:21:43:36 +0000] "GET /node/date/2004/06/ HTTP/2.0" 200 9957 "-" "Mozilla/5.0 (compatible; AhrefsBot/7.0; +http://ahrefs.com/robot/)"
114.119.147.97 - - [27/Jun/2022:21:44:47 +0000] "GET /node/1862/screenshot-2014-03-16-22-25-20?share=linkedin HTTP/1.1" 302 154 "https://mrchoke.org/node/1862/screenshot-2014-03-16-22-25-20?ak_action=accept_mobile" "Mozilla/5.0 (Linux; Android 7.0;) AppleWebKit/537.36 (KHTML, like Gecko) Mobile Safari/537.36 (compatible; PetalBot;+https://webmaster.petalsearch.com/site/petalbot)"
114.119.147.97 - - [27/Jun/2022:21:44:49 +0000] "GET /node/1862/screenshot-2014-03-16-22-25-20?share=linkedin HTTP/1.1" 301 178 "https://mrchoke.org/node/1862/screenshot-2014-03-16-22-25-20?ak_action=accept_mobile" "Mozilla/5.0 (Linux; Android 7.0;) AppleWebKit/537.36 (KHTML, like Gecko) Mobile Safari/537.36 (compatible; PetalBot;+https://webmaster.petalsearch.com/site/petalbot)"
114.119.147.97 - - [27/Jun/2022:21:44:52 +0000] "GET /node/1862/screenshot-2014-03-16-22-25-20/?share=linkedin HTTP/1.1" 200 7906 "https://mrchoke.org/node/1862/screenshot-2014-03-16-22-25-20?ak_action=accept_mobile" "Mozilla/5.0 (Linux; Android 7.0;) AppleWebKit/537.36 (KHTML, like Gecko) Mobile Safari/537.36 (compatible; PetalBot;+https://webmaster.petalsearch.com/site/petalbot)"
51.222.253.7 - - [27/Jun/2022:21:46:43 +0000] "GET /img_7156/ HTTP/2.0" 200 7893 "-" "Mozilla/5.0 (compatible; AhrefsBot/7.0; +http://ahrefs.com/robot/)"
114.119.147.75 - - [27/Jun/2022:21:47:01 +0000] "GET /node/category/coupon?ak_action=accept_mobile HTTP/1.1" 302 154 "https://mrchoke.org/node/category/coupon?ak_action=reject_mobile" "Mozilla/5.0 (Linux; Android 7.0;) AppleWebKit/537.36 (KHTML, like Gecko) Mobile Safari/537.36 (compatible; PetalBot;+https://webmaster.petalsearch.com/site/petalbot)"
114.119.147.75 - - [27/Jun/2022:21:47:03 +0000] "GET /node/category/coupon?ak_action=accept_mobile HTTP/1.1" 301 178 "https://mrchoke.org/node/category/coupon?ak_action=reject_mobile" "Mozilla/5.0 (Linux; Android 7.0;) AppleWebKit/537.36 (KHTML, like Gecko) Mobile Safari/537.36 (compatible; PetalBot;+https://webmaster.petalsearch.com/site/petalbot)"
114.119.147.75 - - [27/Jun/2022:21:47:06 +0000] "GET /node/category/coupon/?ak_action=accept_mobile HTTP/1.1" 200 7983 "https://mrchoke.org/node/category/coupon?ak_action=reject_mobile" "Mozilla/5.0 (Linux; Android 7.0;) AppleWebKit/537.36 (KHTML, like Gecko) Mobile Safari/537.36 (compatible; PetalBot;+https://webmaster.petalsearch.com/site/petalbot)"
216.244.66.229 - - [27/Jun/2022:21:47:46 +0000] "GET /node/142/?share=google-plus-1 HTTP/1.1" 404 162 "-" "Mozilla/5.0 (compatible; DotBot/1.2; +https://opensiteexplorer.org/dotbot; help@moz.com)"
185.191.171.14 - - [27/Jun/2022:21:47:47 +0000] "GET /node/419 HTTP/1.1" 302 154 "-" "Mozilla/5.0 (compatible; SemrushBot/7~bl; +http://www.semrush.com/bot.html)"
185.191.171.25 - - [27/Jun/2022:21:47:48 +0000] "GET /node/419 HTTP/1.1" 301 178 "-" "Mozilla/5.0 (compatible; SemrushBot/7~bl; +http://www.semrush.com/bot.html)"
216.244.66.229 - - [27/Jun/2022:21:47:53 +0000] "GET /node/314/?share=google-plus-1 HTTP/1.1" 404 162 "-" "Mozilla/5.0 (compatible; DotBot/1.2; +https://opensiteexplorer.org/dotbot; help@moz.com)"
185.191.171.15 - - [27/Jun/2022:21:47:54 +0000] "GET /node/419/ HTTP/1.1" 200 8745 "-" "Mozilla/5.0 (compatible; SemrushBot/7~bl; +http://www.semrush.com/bot.html)"
114.119.147.74 - - [27/Jun/2022:21:49:16 +0000] "GET /node/1754/img_7781 HTTP/1.1" 301 178 "https://static.mrchoke.org/node/1754/img_7786" "Mozilla/5.0 (Linux; Android 7.0;) AppleWebKit/537.36 (KHTML, like Gecko) Mobile Safari/537.36 (compatible; PetalBot;+https://webmaster.petalsearch.com/site/petalbot)"
114.119.147.74 - - [27/Jun/2022:21:49:16 +0000] "GET /node/1754/img_7781/ HTTP/1.1" 200 7914 "https://static.mrchoke.org/node/1754/img_7786" "Mozilla/5.0 (Linux; Android 7.0;) AppleWebKit/537.36 (KHTML, like Gecko) Mobile Safari/537.36 (compatible; PetalBot;+https://webmaster.petalsearch.com/site/petalbot)"
51.222.253.15 - - [27/Jun/2022:21:49:55 +0000] "GET /node/category/linux/linuxtle/ HTTP/2.0" 200 16248 "-" "Mozilla/5.0 (compatible; AhrefsBot/7.0; +http://ahrefs.com/robot/)"
54.36.148.175 - - [27/Jun/2022:21:49:56 +0000] "GET /showcases/wscreen-nvidia.jpg HTTP/1.1" 404 134 "-" "Mozilla/5.0 (compatible; AhrefsBot/7.0; +http://ahrefs.com/robot/)"
216.244.66.229 - - [27/Jun/2022:21:50:22 +0000] "GET /node/1101/ch7_3334 HTTP/1.1" 404 162 "-" "Mozilla/5.0 (compatible; DotBot/1.2; +https://opensiteexplorer.org/dotbot; help@moz.com)"
114.119.147.87 - - [27/Jun/2022:21:51:28 +0000] "GET /node/date/2004/12/08 HTTP/1.1" 301 178 "https://mrchoke.org/node/459?share=facebook" "Mozilla/5.0 (Linux; Android 7.0;) AppleWebKit/537.36 (KHTML, like Gecko) Mobile Safari/537.36 (compatible; PetalBot;+https://webmaster.petalsearch.com/site/petalbot)"
114.119.147.87 - - [27/Jun/2022:21:51:30 +0000] "GET /node/date/2004/12/08/ HTTP/1.1" 200 9534 "https://mrchoke.org/node/459?share=facebook" "Mozilla/5.0 (Linux; Android 7.0;) AppleWebKit/537.36 (KHTML, like Gecko) Mobile Safari/537.36 (compatible; PetalBot;+https://webmaster.petalsearch.com/site/petalbot)"
