114.119.147.73 - - [23/Jun/2022:11:32:03 +0000] "GET /node/122/?ak_action=reject_mobile HTTP/1.1" 200 9920 "https://mrchoke.org/node/122?ak_action=accept_mobile" "Mozilla/5.0 (Linux; Android 7.0;) AppleWebKit/537.36 (KHTML, like Gecko) Mobile Safari/537.36 (compatible; PetalBot;+https://webmaster.petalsearch.com/site/petalbot)"
185.191.171.8 - - [23/Jun/2022:11:33:30 +0000] "GET /node/tag/linux HTTP/1.1" 301 178 "-" "Mozilla/5.0 (compatible; SemrushBot/7~bl; +http://www.semrush.com/bot.html)"
185.191.171.17 - - [23/Jun/2022:11:33:32 +0000] "GET /node/tag/linux/ HTTP/1.1" 200 11838 "-" "Mozilla/5.0 (compatible; SemrushBot/7~bl; +http://www.semrush.com/bot.html)"
114.119.147.97 - - [23/Jun/2022:11:34:30 +0000] "GET /node/1607 HTTP/1.1" 302 154 "https://mrchoke.org/node/tag/bike/page/2" "Mozilla/5.0 (Linux; Android 7.0;) AppleWebKit/537.36 (KHTML, like Gecko) Mobile Safari/537.36 (compatible; PetalBot;+https://webmaster.petalsearch.com/site/petalbot)"
114.119.147.97 - - [23/Jun/2022:11:34:33 +0000] "GET /node/1607 HTTP/1.1" 301 178 "https://mrchoke.org/node/tag/bike/page/2" "Mozilla/5.0 (Linux; Android 7.0;) AppleWebKit/537.36 (KHTML, like Gecko) Mobile Safari/537.36 (compatible; PetalBot;+https://webmaster.petalsearch.com/site/petalbot)"
114.119.147.97 - - [23/Jun/2022:11:34:34 +0000] "GET /node/1607/ HTTP/1.1" 200 9944 "https://mrchoke.org/node/tag/bike/page/2" "Mozilla/5.0 (Linux; Android 7.0;) AppleWebKit/537.36 (KHTML, like Gecko) Mobile Safari/537.36 (compatible; PetalBot;+https://webmaster.petalsearch.com/site/petalbot)"
185.191.171.34 - - [23/Jun/2022:11:34:57 +0000] "GET /robots.txt HTTP/1.1" 404 134 "-" "Mozilla/5.0 (compatible; SemrushBot/7~bl; +http://www.semrush.com/bot.html)"
185.191.171.43 - - [23/Jun/2022:11:34:58 +0000] "GET /node/date/2007/03/26 HTTP/1.1" 301 178 "-" "Mozilla/5.0 (compatible; SemrushBot/7~bl; +http://www.semrush.com/bot.html)"
185.191.171.2 - - [23/Jun/2022:11:35:01 +0000] "GET /node/date/2007/03/26/ HTTP/1.1" 200 10056 "-" "Mozilla/5.0 (compatible; SemrushBot/7~bl; +http://www.semrush.com/bot.html)"
94.232.44.68 - - [23/Jun/2022:11:35:31 +0000] "\x03\x00\x00/*\xE0\x00\x00\x00\x00\x00Cookie: mstshash=Administr" 400 166 "-" "-"
114.119.147.97 - - [23/Jun/2022:11:36:58 +0000] "GET /node/573 HTTP/1.1" 301 178 "https://mrchoke.org/node/575?ak_action=accept_mobile" "Mozilla/5.0 (Linux; Android 7.0;) AppleWebKit/537.36 (KHTML, like Gecko) Mobile Safari/537.36 (compatible; PetalBot;+https://webmaster.petalsearch.com/site/petalbot)"
114.119.147.97 - - [23/Jun/2022:11:36:59 +0000] "GET /node/573/ HTTP/1.1" 200 8011 "https://mrchoke.org/node/575?ak_action=accept_mobile" "Mozilla/5.0 (Linux; Android 7.0;) AppleWebKit/537.36 (KHTML, like Gecko) Mobile Safari/537.36 (compatible; PetalBot;+https://webmaster.petalsearch.com/site/petalbot)"
185.191.171.7 - - [23/Jun/2022:11:38:01 +0000] "GET /node/date/2007/06/18 HTTP/1.1" 301 178 "-" "Mozilla/5.0 (compatible; SemrushBot/7~bl; +http://www.semrush.com/bot.html)"
185.191.171.44 - - [23/Jun/2022:11:38:03 +0000] "GET /node/date/2007/06/18/ HTTP/1.1" 200 8211 "-" "Mozilla/5.0 (compatible; SemrushBot/7~bl; +http://www.semrush.com/bot.html)"
114.119.147.74 - - [23/Jun/2022:11:39:27 +0000] "GET /node/date/2016/08 HTTP/1.1" 302 154 "https://mrchoke.org/node/939/img_6419" "Mozilla/5.0 (Linux; Android 7.0;) AppleWebKit/537.36 (KHTML, like Gecko) Mobile Safari/537.36 (compatible; PetalBot;+https://webmaster.petalsearch.com/site/petalbot)"
114.119.147.74 - - [23/Jun/2022:11:39:31 +0000] "GET /node/date/2016/08 HTTP/1.1" 301 178 "https://mrchoke.org/node/939/img_6419" "Mozilla/5.0 (Linux; Android 7.0;) AppleWebKit/537.36 (KHTML, like Gecko) Mobile Safari/537.36 (compatible; PetalBot;+https://webmaster.petalsearch.com/site/petalbot)"
114.119.147.74 - - [23/Jun/2022:11:39:34 +0000] "GET /node/date/2016/08/ HTTP/1.1" 200 9239 "https://mrchoke.org/node/939/img_6419" "Mozilla/5.0 (Linux; Android 7.0;) AppleWebKit/537.36 (KHTML, like Gecko) Mobile Safari/537.36 (compatible; PetalBot;+https://webmaster.petalsearch.com/site/petalbot)"
40.77.167.43 - - [23/Jun/2022:11:41:16 +0000] "GET / HTTP/2.0" 301 178 "-" "Mozilla/5.0 (compatible; bingbot/2.0; +http://www.bing.com/bingbot.htm)"
207.46.13.174 - - [23/Jun/2022:11:41:23 +0000] "GET /feed/?attachment_id=1758 HTTP/2.0" 403 123 "-" "Mozilla/5.0 (compatible; bingbot/2.0; +http://www.bing.com/bingbot.htm)"
185.7.214.104 - - [23/Jun/2022:11:41:32 +0000] "GET /?XDEBUG_SESSION_START=phpstorm HTTP/1.1" 301 178 "-" "Mozilla/5.0 (Windows NT 10.0; Win64; x64) AppleWebKit/537.36 (KHTML, like Gecko) Chrome/78.0.3904.108 Safari/537.36"
89.187.175.246 - - [23/Jun/2022:11:41:39 +0000] "GET /wp-login.php HTTP/1.1" 404 197 "-" "Mozilla/5.0 (Windows NT 10.0; Win64; x64) AppleWebKit/537.36 (KHTML, like Gecko) Chrome/91.0.4472.124 Safari/537.36"
89.187.175.246 - - [23/Jun/2022:11:41:41 +0000] "GET /wp-login.php HTTP/2.0" 404 186 "-" "Mozilla/5.0 (Windows NT 10.0; Win64; x64) AppleWebKit/537.36 (KHTML, like Gecko) Chrome/91.0.4472.124 Safari/537.36"
185.7.214.104 - - [23/Jun/2022:11:41:43 +0000] "GET /?XDEBUG_SESSION_START=phpstorm HTTP/1.1" 200 920 "https://188.166.238.131:443/?XDEBUG_SESSION_START=phpstorm" "Mozilla/5.0 (Windows NT 10.0; Win64; x64) AppleWebKit/537.36 (KHTML, like Gecko) Chrome/78.0.3904.108 Safari/537.36"
114.119.147.87 - - [23/Jun/2022:11:41:56 +0000] "GET /node/1437 HTTP/1.1" 301 178 "https://mrchoke.org/node/1428?share=twitter" "Mozilla/5.0 (Linux; Android 7.0;) AppleWebKit/537.36 (KHTML, like Gecko) Mobile Safari/537.36 (compatible; PetalBot;+https://webmaster.petalsearch.com/site/petalbot)"
114.119.147.87 - - [23/Jun/2022:11:42:00 +0000] "GET /node/1437/ HTTP/1.1" 200 10090 "https://mrchoke.org/node/1428?share=twitter" "Mozilla/5.0 (Linux; Android 7.0;) AppleWebKit/537.36 (KHTML, like Gecko) Mobile Safari/537.36 (compatible; PetalBot;+https://webmaster.petalsearch.com/site/petalbot)"
49.7.21.91 - - [23/Jun/2022:11:42:18 +0000] "GET / HTTP/1.1" 200 294 "-" "Sogou web spider/4.0(+http://www.sogou.com/docs/help/webmasters.htm#07)"
128.1.248.26 - - [23/Jun/2022:11:44:02 +0000] "GET / HTTP/1.1" 200 396 "-" "Mozilla/5.0 (Windows NT 10.0; Win64; x64) AppleWebKit/537.36 (KHTML, like Gecko) Chrome/60.0.3112.113 Safari/537.36"
114.119.147.73 - - [23/Jun/2022:11:44:28 +0000] "GET /node/tag/firmware HTTP/1.1" 301 178 "https://static.mrchoke.org/node/1908" "Mozilla/5.0 (Linux; Android 7.0;) AppleWebKit/537.36 (KHTML, like Gecko) Mobile Safari/537.36 (compatible; PetalBot;+https://webmaster.petalsearch.com/site/petalbot)"
114.119.147.73 - - [23/Jun/2022:11:44:28 +0000] "GET /node/tag/firmware/ HTTP/1.1" 200 8663 "https://static.mrchoke.org/node/1908" "Mozilla/5.0 (Linux; Android 7.0;) AppleWebKit/537.36 (KHTML, like Gecko) Mobile Safari/537.36 (compatible; PetalBot;+https://webmaster.petalsearch.com/site/petalbot)"
216.244.66.229 - - [23/Jun/2022:11:45:19 +0000] "GET /robots.txt HTTP/1.1" 404 162 "-" "Mozilla/5.0 (compatible; DotBot/1.2; +https://opensiteexplorer.org/dotbot; help@moz.com)"
185.191.171.41 - - [23/Jun/2022:11:46:01 +0000] "GET /robots.txt HTTP/1.1" 404 134 "-" "Mozilla/5.0 (compatible; SemrushBot/7~bl; +http://www.semrush.com/bot.html)"
185.191.171.17 - - [23/Jun/2022:11:46:02 +0000] "GET /node/category/nectec/nsc HTTP/1.1" 302 154 "-" "Mozilla/5.0 (compatible; SemrushBot/7~bl; +http://www.semrush.com/bot.html)"
185.191.171.11 - - [23/Jun/2022:11:46:03 +0000] "GET /node/category/nectec/nsc HTTP/1.1" 301 178 "-" "Mozilla/5.0 (compatible; SemrushBot/7~bl; +http://www.semrush.com/bot.html)"
185.191.171.18 - - [23/Jun/2022:11:46:05 +0000] "GET /node/category/nectec/nsc/ HTTP/1.1" 200 34815 "-" "Mozilla/5.0 (compatible; SemrushBot/7~bl; +http://www.semrush.com/bot.html)"
114.119.147.75 - - [23/Jun/2022:11:47:01 +0000] "GET /node/33 HTTP/1.1" 302 154 "https://mrchoke.org/node/34?share=linkedin" "Mozilla/5.0 (Linux; Android 7.0;) AppleWebKit/537.36 (KHTML, like Gecko) Mobile Safari/537.36 (compatible; PetalBot;+https://webmaster.petalsearch.com/site/petalbot)"
114.119.147.75 - - [23/Jun/2022:11:47:01 +0000] "GET /node/33 HTTP/1.1" 301 178 "https://mrchoke.org/node/34?share=linkedin" "Mozilla/5.0 (Linux; Android 7.0;) AppleWebKit/537.36 (KHTML, like Gecko) Mobile Safari/537.36 (compatible; PetalBot;+https://webmaster.petalsearch.com/site/petalbot)"
114.119.147.75 - - [23/Jun/2022:11:47:01 +0000] "GET /node/33/ HTTP/1.1" 200 8858 "https://mrchoke.org/node/34?share=linkedin" "Mozilla/5.0 (Linux; Android 7.0;) AppleWebKit/537.36 (KHTML, like Gecko) Mobile Safari/537.36 (compatible; PetalBot;+https://webmaster.petalsearch.com/site/petalbot)"
64.62.197.62 - - [23/Jun/2022:11:47:13 +0000] "GET / HTTP/1.1" 301 178 "-" "-"
216.244.66.229 - - [23/Jun/2022:11:47:32 +0000] "GET /node/224/feed HTTP/1.1" 404 162 "-" "Mozilla/5.0 (compatible; DotBot/1.2; +https://opensiteexplorer.org/dotbot; help@moz.com)"
185.191.171.11 - - [23/Jun/2022:11:48:19 +0000] "GET /node/category/music HTTP/1.1" 302 154 "-" "Mozilla/5.0 (compatible; SemrushBot/7~bl; +http://www.semrush.com/bot.html)"
185.191.171.21 - - [23/Jun/2022:11:48:20 +0000] "GET /node/category/music HTTP/1.1" 301 178 "-" "Mozilla/5.0 (compatible; SemrushBot/7~bl; +http://www.semrush.com/bot.html)"
185.191.171.43 - - [23/Jun/2022:11:48:22 +0000] "GET /node/category/music/ HTTP/1.1" 200 12083 "-" "Mozilla/5.0 (compatible; SemrushBot/7~bl; +http://www.semrush.com/bot.html)"
216.244.66.229 - - [23/Jun/2022:11:48:52 +0000] "GET /wp-content/uploads/2014/01/IMG_6695.jpg HTTP/1.1" 404 162 "-" "Mozilla/5.0 (compatible; DotBot/1.2; +https://opensiteexplorer.org/dotbot; help@moz.com)"
114.119.147.81 - - [23/Jun/2022:11:49:24 +0000] "GET /page/3 HTTP/1.1" 301 178 "https://static.mrchoke.org/page/2" "Mozilla/5.0 (Linux; Android 7.0;) AppleWebKit/537.36 (KHTML, like Gecko) Mobile Safari/537.36 (compatible; PetalBot;+https://webmaster.petalsearch.com/site/petalbot)"
114.119.147.81 - - [23/Jun/2022:11:49:26 +0000] "GET /page/3/ HTTP/1.1" 200 14282 "https://static.mrchoke.org/page/2" "Mozilla/5.0 (Linux; Android 7.0;) AppleWebKit/537.36 (KHTML, like Gecko) Mobile Safari/537.36 (compatible; PetalBot;+https://webmaster.petalsearch.com/site/petalbot)"
185.191.171.6 - - [23/Jun/2022:11:50:24 +0000] "GET /node/203 HTTP/1.1" 301 178 "-" "Mozilla/5.0 (compatible; SemrushBot/7~bl; +http://www.semrush.com/bot.html)"
185.191.171.21 - - [23/Jun/2022:11:50:26 +0000] "GET /node/203/ HTTP/1.1" 200 8772 "-" "Mozilla/5.0 (compatible; SemrushBot/7~bl; +http://www.semrush.com/bot.html)"
216.244.66.229 - - [23/Jun/2022:11:51:46 +0000] "GET /img_6857 HTTP/1.1" 404 162 "-" "Mozilla/5.0 (compatible; DotBot/1.2; +https://opensiteexplorer.org/dotbot; help@moz.com)"
114.119.147.74 - - [23/Jun/2022:11:51:57 +0000] "GET /node/date/2010/03 HTTP/1.1" 301 178 "https://mrchoke.org/node/28?share=twitter" "Mozilla/5.0 (Linux; Android 7.0;) AppleWebKit/537.36 (KHTML, like Gecko) Mobile Safari/537.36 (compatible; PetalBot;+https://webmaster.petalsearch.com/site/petalbot)"
114.119.147.74 - - [23/Jun/2022:11:51:58 +0000] "GET /node/date/2010/03/ HTTP/1.1" 200 9019 "https://mrchoke.org/node/28?share=twitter" "Mozilla/5.0 (Linux; Android 7.0;) AppleWebKit/537.36 (KHTML, like Gecko) Mobile Safari/537.36 (compatible; PetalBot;+https://webmaster.petalsearch.com/site/petalbot)"
114.119.147.74 - - [23/Jun/2022:11:54:28 +0000] "GET /node/939/img_6443?ak_action=accept_mobile HTTP/1.1" 302 154 "https://mrchoke.org/node/939/img_6443?ak_action=reject_mobile" "Mozilla/5.0 (Linux; Android 7.0;) AppleWebKit/537.36 (KHTML, like Gecko) Mobile Safari/537.36 (compatible; PetalBot;+https://webmaster.petalsearch.com/site/petalbot)"
114.119.147.74 - - [23/Jun/2022:11:54:29 +0000] "GET /node/939/img_6443?ak_action=accept_mobile HTTP/1.1" 301 178 "https://mrchoke.org/node/939/img_6443?ak_action=reject_mobile" "Mozilla/5.0 (Linux; Android 7.0;) AppleWebKit/537.36 (KHTML, like Gecko) Mobile Safari/537.36 (compatible; PetalBot;+https://webmaster.petalsearch.com/site/petalbot)"
114.119.147.74 - - [23/Jun/2022:11:54:29 +0000] "GET /node/939/img_6443/?ak_action=accept_mobile HTTP/1.1" 200 7937 "https://mrchoke.org/node/939/img_6443?ak_action=reject_mobile" "Mozilla/5.0 (Linux; Android 7.0;) AppleWebKit/537.36 (KHTML, like Gecko) Mobile Safari/537.36 (compatible; PetalBot;+https://webmaster.petalsearch.com/site/petalbot)"
207.46.13.149 - - [23/Jun/2022:11:58:08 +0000] "GET /img_7799/ HTTP/2.0" 200 7898 "-" "Mozilla/5.0 (compatible; bingbot/2.0; +http://www.bing.com/bingbot.htm)"
114.119.147.75 - - [23/Jun/2022:12:06:04 +0000] "GET /node/185?share=twitter HTTP/1.1" 302 154 "https://mrchoke.org/node/185?ak_action=accept_mobile" "Mozilla/5.0 (Linux; Android 7.0;) AppleWebKit/537.36 (KHTML, like Gecko) Mobile Safari/537.36 (compatible; PetalBot;+https://webmaster.petalsearch.com/site/petalbot)"
114.119.147.75 - - [23/Jun/2022:12:06:04 +0000] "GET /node/185?share=twitter HTTP/1.1" 301 178 "https://mrchoke.org/node/185?ak_action=accept_mobile" "Mozilla/5.0 (Linux; Android 7.0;) AppleWebKit/537.36 (KHTML, like Gecko) Mobile Safari/537.36 (compatible; PetalBot;+https://webmaster.petalsearch.com/site/petalbot)"
114.119.147.75 - - [23/Jun/2022:12:06:05 +0000] "GET /node/185/?share=twitter HTTP/1.1" 200 12905 "https://mrchoke.org/node/185?ak_action=accept_mobile" "Mozilla/5.0 (Linux; Android 7.0;) AppleWebKit/537.36 (KHTML, like Gecko) Mobile Safari/537.36 (compatible; PetalBot;+https://webmaster.petalsearch.com/site/petalbot)"
114.119.147.74 - - [23/Jun/2022:12:08:26 +0000] "GET /node/date/2014/01/12 HTTP/1.1" 404 134 "http://www.mrchoke.org/node/1101" "Mozilla/5.0 (Linux; Android 7.0;) AppleWebKit/537.36 (KHTML, like Gecko) Mobile Safari/537.36 (compatible; PetalBot;+https://webmaster.petalsearch.com/site/petalbot)"
185.191.171.36 - - [23/Jun/2022:12:09:56 +0000] "GET /node/939/img_6390 HTTP/1.1" 301 178 "-" "Mozilla/5.0 (compatible; SemrushBot/7~bl; +http://www.semrush.com/bot.html)"
185.191.171.21 - - [23/Jun/2022:12:10:00 +0000] "GET /node/939/img_6390/ HTTP/1.1" 200 7892 "-" "Mozilla/5.0 (compatible; SemrushBot/7~bl; +http://www.semrush.com/bot.html)"
114.119.147.81 - - [23/Jun/2022:12:10:56 +0000] "GET /node/date/2005/06 HTTP/1.1" 302 154 "https://mrchoke.org/node/939/img_6419" "Mozilla/5.0 (Linux; Android 7.0;) AppleWebKit/537.36 (KHTML, like Gecko) Mobile Safari/537.36 (compatible; PetalBot;+https://webmaster.petalsearch.com/site/petalbot)"
114.119.147.81 - - [23/Jun/2022:12:10:56 +0000] "GET /node/date/2005/06 HTTP/1.1" 301 178 "https://mrchoke.org/node/939/img_6419" "Mozilla/5.0 (Linux; Android 7.0;) AppleWebKit/537.36 (KHTML, like Gecko) Mobile Safari/537.36 (compatible; PetalBot;+https://webmaster.petalsearch.com/site/petalbot)"
114.119.147.81 - - [23/Jun/2022:12:10:57 +0000] "GET /node/date/2005/06/ HTTP/1.1" 200 17109 "https://mrchoke.org/node/939/img_6419" "Mozilla/5.0 (Linux; Android 7.0;) AppleWebKit/537.36 (KHTML, like Gecko) Mobile Safari/537.36 (compatible; PetalBot;+https://webmaster.petalsearch.com/site/petalbot)"
185.191.171.4 - - [23/Jun/2022:12:11:46 +0000] "GET /node/790/img_6137 HTTP/1.1" 301 178 "-" "Mozilla/5.0 (compatible; SemrushBot/7~bl; +http://www.semrush.com/bot.html)"
185.191.171.15 - - [23/Jun/2022:12:11:48 +0000] "GET /node/790/img_6137/ HTTP/1.1" 200 7900 "-" "Mozilla/5.0 (compatible; SemrushBot/7~bl; +http://www.semrush.com/bot.html)"
114.119.147.75 - - [23/Jun/2022:12:19:32 +0000] "GET /node/939/img_6446?share=linkedin HTTP/1.1" 302 154 "https://mrchoke.org/node/939/img_6446?ak_action=accept_mobile" "Mozilla/5.0 (Linux; Android 7.0;) AppleWebKit/537.36 (KHTML, like Gecko) Mobile Safari/537.36 (compatible; PetalBot;+https://webmaster.petalsearch.com/site/petalbot)"
114.119.147.75 - - [23/Jun/2022:12:19:36 +0000] "GET /node/939/img_6446?share=linkedin HTTP/1.1" 301 178 "https://mrchoke.org/node/939/img_6446?ak_action=accept_mobile" "Mozilla/5.0 (Linux; Android 7.0;) AppleWebKit/537.36 (KHTML, like Gecko) Mobile Safari/537.36 (compatible; PetalBot;+https://webmaster.petalsearch.com/site/petalbot)"
114.119.147.75 - - [23/Jun/2022:12:19:38 +0000] "GET /node/939/img_6446/?share=linkedin HTTP/1.1" 200 7897 "https://mrchoke.org/node/939/img_6446?ak_action=accept_mobile" "Mozilla/5.0 (Linux; Android 7.0;) AppleWebKit/537.36 (KHTML, like Gecko) Mobile Safari/537.36 (compatible; PetalBot;+https://webmaster.petalsearch.com/site/petalbot)"
114.119.147.87 - - [23/Jun/2022:12:21:56 +0000] "GET /node/6 HTTP/1.1" 301 178 "https://mrchoke.org/node/7?share=linkedin" "Mozilla/5.0 (Linux; Android 7.0;) AppleWebKit/537.36 (KHTML, like Gecko) Mobile Safari/537.36 (compatible; PetalBot;+https://webmaster.petalsearch.com/site/petalbot)"
114.119.147.87 - - [23/Jun/2022:12:21:56 +0000] "GET /node/6/ HTTP/1.1" 200 9043 "https://mrchoke.org/node/7?share=linkedin" "Mozilla/5.0 (Linux; Android 7.0;) AppleWebKit/537.36 (KHTML, like Gecko) Mobile Safari/537.36 (compatible; PetalBot;+https://webmaster.petalsearch.com/site/petalbot)"
51.222.253.4 - - [23/Jun/2022:12:23:53 +0000] "GET /node/date/2009/07/02/ HTTP/2.0" 200 9202 "-" "Mozilla/5.0 (compatible; AhrefsBot/7.0; +http://ahrefs.com/robot/)"
94.232.44.53 - - [23/Jun/2022:12:27:29 +0000] "\x03\x00\x00/*\xE0\x00\x00\x00\x00\x00Cookie: mstshash=Administr" 400 166 "-" "-"
114.119.147.75 - - [23/Jun/2022:12:28:58 +0000] "GET /node/1335/photo-23-1-14-22-19-24?ak_action=accept_mobile HTTP/1.1" 302 154 "https://mrchoke.org/node/1335/photo-23-1-14-22-19-24?ak_action=reject_mobile" "Mozilla/5.0 (Linux; Android 7.0;) AppleWebKit/537.36 (KHTML, like Gecko) Mobile Safari/537.36 (compatible; PetalBot;+https://webmaster.petalsearch.com/site/petalbot)"
114.119.147.75 - - [23/Jun/2022:12:29:00 +0000] "GET /node/1335/photo-23-1-14-22-19-24?ak_action=accept_mobile HTTP/1.1" 301 178 "https://mrchoke.org/node/1335/photo-23-1-14-22-19-24?ak_action=reject_mobile" "Mozilla/5.0 (Linux; Android 7.0;) AppleWebKit/537.36 (KHTML, like Gecko) Mobile Safari/537.36 (compatible; PetalBot;+https://webmaster.petalsearch.com/site/petalbot)"
114.119.147.75 - - [23/Jun/2022:12:29:01 +0000] "GET /node/1335/photo-23-1-14-22-19-24/?ak_action=accept_mobile HTTP/1.1" 200 7976 "https://mrchoke.org/node/1335/photo-23-1-14-22-19-24?ak_action=reject_mobile" "Mozilla/5.0 (Linux; Android 7.0;) AppleWebKit/537.36 (KHTML, like Gecko) Mobile Safari/537.36 (compatible; PetalBot;+https://webmaster.petalsearch.com/site/petalbot)"
114.119.147.86 - - [23/Jun/2022:12:35:04 +0000] "GET /node/145?share=twitter HTTP/1.1" 302 154 "https://mrchoke.org/node/145?ak_action=accept_mobile" "Mozilla/5.0 (Linux; Android 7.0;) AppleWebKit/537.36 (KHTML, like Gecko) Mobile Safari/537.36 (compatible; PetalBot;+https://webmaster.petalsearch.com/site/petalbot)"
114.119.147.86 - - [23/Jun/2022:12:35:11 +0000] "GET /node/145?share=twitter HTTP/1.1" 301 178 "https://mrchoke.org/node/145?ak_action=accept_mobile" "Mozilla/5.0 (Linux; Android 7.0;) AppleWebKit/537.36 (KHTML, like Gecko) Mobile Safari/537.36 (compatible; PetalBot;+https://webmaster.petalsearch.com/site/petalbot)"
114.119.147.86 - - [23/Jun/2022:12:35:11 +0000] "GET /node/145/?share=twitter HTTP/1.1" 200 10371 "https://mrchoke.org/node/145?ak_action=accept_mobile" "Mozilla/5.0 (Linux; Android 7.0;) AppleWebKit/537.36 (KHTML, like Gecko) Mobile Safari/537.36 (compatible; PetalBot;+https://webmaster.petalsearch.com/site/petalbot)"
185.191.171.12 - - [23/Jun/2022:12:37:13 +0000] "GET /robots.txt HTTP/1.1" 404 134 "-" "Mozilla/5.0 (compatible; SemrushBot/7~bl; +http://www.semrush.com/bot.html)"
185.191.171.1 - - [23/Jun/2022:12:37:15 +0000] "GET /node/date/2006/11/ HTTP/1.1" 200 12487 "-" "Mozilla/5.0 (compatible; SemrushBot/7~bl; +http://www.semrush.com/bot.html)"
2001:44c8:4177:bc4:1:0:c8f2:fed4 - - [23/Jun/2022:12:37:30 +0000] "GET /wp-content/uploads/2012/05/20120505-214134.jpg HTTP/2.0" 200 715957 "-" "com.google.android.apps.searchlite/651629 (Linux; U; Android 11; th_TH; S6518; Build/R01005; Cronet/101.0.4951.41)"
114.119.147.97 - - [23/Jun/2022:12:37:53 +0000] "GET /node/category/ubuntucluib?ak_action=accept_mobile HTTP/1.1" 302 154 "https://mrchoke.org/node/category/ubuntucluib?ak_action=reject_mobile" "Mozilla/5.0 (Linux; Android 7.0;) AppleWebKit/537.36 (KHTML, like Gecko) Mobile Safari/537.36 (compatible; PetalBot;+https://webmaster.petalsearch.com/site/petalbot)"
114.119.147.97 - - [23/Jun/2022:12:37:56 +0000] "GET /node/category/ubuntucluib?ak_action=accept_mobile HTTP/1.1" 301 178 "https://mrchoke.org/node/category/ubuntucluib?ak_action=reject_mobile" "Mozilla/5.0 (Linux; Android 7.0;) AppleWebKit/537.36 (KHTML, like Gecko) Mobile Safari/537.36 (compatible; PetalBot;+https://webmaster.petalsearch.com/site/petalbot)"
114.119.147.97 - - [23/Jun/2022:12:38:03 +0000] "GET /node/category/ubuntucluib/?ak_action=accept_mobile HTTP/1.1" 200 8534 "https://mrchoke.org/node/category/ubuntucluib?ak_action=reject_mobile" "Mozilla/5.0 (Linux; Android 7.0;) AppleWebKit/537.36 (KHTML, like Gecko) Mobile Safari/537.36 (compatible; PetalBot;+https://webmaster.petalsearch.com/site/petalbot)"
216.244.66.229 - - [23/Jun/2022:12:38:03 +0000] "GET /robots.txt HTTP/1.1" 404 162 "-" "Mozilla/5.0 (compatible; DotBot/1.2; +https://opensiteexplorer.org/dotbot; help@moz.com)"
114.119.147.75 - - [23/Jun/2022:12:40:22 +0000] "GET /node/939/img_6450?share=linkedin HTTP/1.1" 302 154 "https://mrchoke.org/node/939/img_6450?ak_action=accept_mobile" "Mozilla/5.0 (Linux; Android 7.0;) AppleWebKit/537.36 (KHTML, like Gecko) Mobile Safari/537.36 (compatible; PetalBot;+https://webmaster.petalsearch.com/site/petalbot)"
114.119.147.75 - - [23/Jun/2022:12:40:25 +0000] "GET /node/939/img_6450?share=linkedin HTTP/1.1" 301 178 "https://mrchoke.org/node/939/img_6450?ak_action=accept_mobile" "Mozilla/5.0 (Linux; Android 7.0;) AppleWebKit/537.36 (KHTML, like Gecko) Mobile Safari/537.36 (compatible; PetalBot;+https://webmaster.petalsearch.com/site/petalbot)"
114.119.147.75 - - [23/Jun/2022:12:40:26 +0000] "GET /node/939/img_6450/?share=linkedin HTTP/1.1" 200 7889 "https://mrchoke.org/node/939/img_6450?ak_action=accept_mobile" "Mozilla/5.0 (Linux; Android 7.0;) AppleWebKit/537.36 (KHTML, like Gecko) Mobile Safari/537.36 (compatible; PetalBot;+https://webmaster.petalsearch.com/site/petalbot)"
185.191.171.21 - - [23/Jun/2022:12:41:15 +0000] "GET /node/41 HTTP/1.1" 301 178 "-" "Mozilla/5.0 (compatible; SemrushBot/7~bl; +http://www.semrush.com/bot.html)"
185.191.171.7 - - [23/Jun/2022:12:41:18 +0000] "GET /node/41/ HTTP/1.1" 200 9120 "-" "Mozilla/5.0 (compatible; SemrushBot/7~bl; +http://www.semrush.com/bot.html)"
114.119.147.97 - - [23/Jun/2022:12:43:08 +0000] "GET /node/1583?share=linkedin HTTP/1.1" 302 154 "https://mrchoke.org/node/1583" "Mozilla/5.0 (Linux; Android 7.0;) AppleWebKit/537.36 (KHTML, like Gecko) Mobile Safari/537.36 (compatible; PetalBot;+https://webmaster.petalsearch.com/site/petalbot)"
114.119.147.97 - - [23/Jun/2022:12:43:08 +0000] "GET /node/1583?share=linkedin HTTP/1.1" 301 178 "https://mrchoke.org/node/1583" "Mozilla/5.0 (Linux; Android 7.0;) AppleWebKit/537.36 (KHTML, like Gecko) Mobile Safari/537.36 (compatible; PetalBot;+https://webmaster.petalsearch.com/site/petalbot)"
114.119.147.97 - - [23/Jun/2022:12:43:09 +0000] "GET /node/1583/?share=linkedin HTTP/1.1" 200 10715 "https://mrchoke.org/node/1583" "Mozilla/5.0 (Linux; Android 7.0;) AppleWebKit/537.36 (KHTML, like Gecko) Mobile Safari/537.36 (compatible; PetalBot;+https://webmaster.petalsearch.com/site/petalbot)"
216.244.66.229 - - [23/Jun/2022:12:44:29 +0000] "GET /node/336/?share=google-plus-1 HTTP/1.1" 404 162 "-" "Mozilla/5.0 (compatible; DotBot/1.2; +https://opensiteexplorer.org/dotbot; help@moz.com)"
114.119.147.81 - - [23/Jun/2022:12:49:09 +0000] "GET /img_6711 HTTP/1.1" 301 178 "https://mrchoke.org/node/1198?ak_action=accept_mobile" "Mozilla/5.0 (Linux; Android 7.0;) AppleWebKit/537.36 (KHTML, like Gecko) Mobile Safari/537.36 (compatible; PetalBot;+https://webmaster.petalsearch.com/site/petalbot)"
114.119.147.81 - - [23/Jun/2022:12:49:13 +0000] "GET /img_6711/ HTTP/1.1" 200 7880 "https://mrchoke.org/node/1198?ak_action=accept_mobile" "Mozilla/5.0 (Linux; Android 7.0;) AppleWebKit/537.36 (KHTML, like Gecko) Mobile Safari/537.36 (compatible; PetalBot;+https://webmaster.petalsearch.com/site/petalbot)"
207.46.13.149 - - [23/Jun/2022:12:51:58 +0000] "GET /wp-content/uploads/2014/02/IMG_7712.jpg HTTP/2.0" 200 2927788 "-" "Mozilla/5.0 (compatible; bingbot/2.0; +http://www.bing.com/bingbot.htm)"
217.25.40.254 - - [23/Jun/2022:12:52:57 +0000] "GET /wp-login.php HTTP/1.1" 404 134 "-" "Mozilla/5.0 (Windows NT 10.0; Win64; x64; rv:96.0) Gecko/20100101 Firefox/96"
114.119.147.74 - - [23/Jun/2022:12:54:10 +0000] "GET /node/415?share=reddit HTTP/1.1" 302 154 "https://mrchoke.org/node/415?replytocom=511" "Mozilla/5.0 (Linux; Android 7.0;) AppleWebKit/537.36 (KHTML, like Gecko) Mobile Safari/537.36 (compatible; PetalBot;+https://webmaster.petalsearch.com/site/petalbot)"
114.119.147.74 - - [23/Jun/2022:12:54:11 +0000] "GET /node/415?share=reddit HTTP/1.1" 301 178 "https://mrchoke.org/node/415?replytocom=511" "Mozilla/5.0 (Linux; Android 7.0;) AppleWebKit/537.36 (KHTML, like Gecko) Mobile Safari/537.36 (compatible; PetalBot;+https://webmaster.petalsearch.com/site/petalbot)"
114.119.147.74 - - [23/Jun/2022:12:54:11 +0000] "GET /node/415/?share=reddit HTTP/1.1" 200 8898 "https://mrchoke.org/node/415?replytocom=511" "Mozilla/5.0 (Linux; Android 7.0;) AppleWebKit/537.36 (KHTML, like Gecko) Mobile Safari/537.36 (compatible; PetalBot;+https://webmaster.petalsearch.com/site/petalbot)"
185.191.171.10 - - [23/Jun/2022:12:55:11 +0000] "GET /ch7_4126 HTTP/1.1" 301 178 "-" "Mozilla/5.0 (compatible; SemrushBot/7~bl; +http://www.semrush.com/bot.html)"
185.191.171.20 - - [23/Jun/2022:12:55:13 +0000] "GET /ch7_4126/ HTTP/1.1" 200 7880 "-" "Mozilla/5.0 (compatible; SemrushBot/7~bl; +http://www.semrush.com/bot.html)"
114.119.147.74 - - [23/Jun/2022:12:56:38 +0000] "GET /node/date/2004/11/07 HTTP/1.1" 301 178 "https://static.mrchoke.org/node/469" "Mozilla/5.0 (Linux; Android 7.0;) AppleWebKit/537.36 (KHTML, like Gecko) Mobile Safari/537.36 (compatible; PetalBot;+https://webmaster.petalsearch.com/site/petalbot)"
114.119.147.74 - - [23/Jun/2022:12:56:38 +0000] "GET /node/date/2004/11/07/ HTTP/1.1" 200 8393 "https://static.mrchoke.org/node/469" "Mozilla/5.0 (Linux; Android 7.0;) AppleWebKit/537.36 (KHTML, like Gecko) Mobile Safari/537.36 (compatible; PetalBot;+https://webmaster.petalsearch.com/site/petalbot)"
103.203.57.10 - - [23/Jun/2022:12:58:07 +0000] "GET / HTTP/1.1" 301 178 "-" "HTTP Banner Detection (https://security.ipip.net)"
18.207.238.31 - - [23/Jun/2022:12:58:47 +0000] "GET /robots.txt HTTP/1.1" 404 134 "-" "CCBot/2.0 (https://commoncrawl.org/faq/)"
18.207.238.31 - - [23/Jun/2022:12:58:47 +0000] "GET / HTTP/1.1" 200 396 "-" "CCBot/2.0 (https://commoncrawl.org/faq/)"
185.191.171.34 - - [23/Jun/2022:12:58:51 +0000] "GET /node/328 HTTP/1.1" 301 178 "-" "Mozilla/5.0 (compatible; SemrushBot/7~bl; +http://www.semrush.com/bot.html)"
185.191.171.5 - - [23/Jun/2022:12:58:54 +0000] "GET /node/328/ HTTP/1.1" 200 9034 "-" "Mozilla/5.0 (compatible; SemrushBot/7~bl; +http://www.semrush.com/bot.html)"
114.119.147.86 - - [23/Jun/2022:12:59:08 +0000] "GET /node/tag/nlc?ak_action=accept_mobile HTTP/1.1" 302 154 "https://mrchoke.org/node/tag/nlc?ak_action=reject_mobile" "Mozilla/5.0 (Linux; Android 7.0;) AppleWebKit/537.36 (KHTML, like Gecko) Mobile Safari/537.36 (compatible; PetalBot;+https://webmaster.petalsearch.com/site/petalbot)"
114.119.147.86 - - [23/Jun/2022:12:59:09 +0000] "GET /node/tag/nlc?ak_action=accept_mobile HTTP/1.1" 301 178 "https://mrchoke.org/node/tag/nlc?ak_action=reject_mobile" "Mozilla/5.0 (Linux; Android 7.0;) AppleWebKit/537.36 (KHTML, like Gecko) Mobile Safari/537.36 (compatible; PetalBot;+https://webmaster.petalsearch.com/site/petalbot)"
114.119.147.86 - - [23/Jun/2022:12:59:11 +0000] "GET /node/tag/nlc/?ak_action=accept_mobile HTTP/1.1" 200 11725 "https://mrchoke.org/node/tag/nlc?ak_action=reject_mobile" "Mozilla/5.0 (Linux; Android 7.0;) AppleWebKit/537.36 (KHTML, like Gecko) Mobile Safari/537.36 (compatible; PetalBot;+https://webmaster.petalsearch.com/site/petalbot)"
114.119.147.86 - - [23/Jun/2022:13:01:27 +0000] "GET /node/790/img_6148 HTTP/1.1" 301 178 "https://static.mrchoke.org/node/790/img_6146" "Mozilla/5.0 (Linux; Android 7.0;) AppleWebKit/537.36 (KHTML, like Gecko) Mobile Safari/537.36 (compatible; PetalBot;+https://webmaster.petalsearch.com/site/petalbot)"
114.119.147.86 - - [23/Jun/2022:13:01:29 +0000] "GET /node/790/img_6148/ HTTP/1.1" 200 7914 "https://static.mrchoke.org/node/790/img_6146" "Mozilla/5.0 (Linux; Android 7.0;) AppleWebKit/537.36 (KHTML, like Gecko) Mobile Safari/537.36 (compatible; PetalBot;+https://webmaster.petalsearch.com/site/petalbot)"
185.191.171.41 - - [23/Jun/2022:13:05:36 +0000] "GET /robots.txt HTTP/1.1" 404 134 "-" "Mozilla/5.0 (compatible; SemrushBot/7~bl; +http://www.semrush.com/bot.html)"
185.191.171.35 - - [23/Jun/2022:13:05:38 +0000] "GET /node/62 HTTP/1.1" 302 154 "-" "Mozilla/5.0 (compatible; SemrushBot/7~bl; +http://www.semrush.com/bot.html)"
185.191.171.36 - - [23/Jun/2022:13:05:39 +0000] "GET /node/62 HTTP/1.1" 301 178 "-" "Mozilla/5.0 (compatible; SemrushBot/7~bl; +http://www.semrush.com/bot.html)"
185.191.171.2 - - [23/Jun/2022:13:05:41 +0000] "GET /node/62/ HTTP/1.1" 200 10434 "-" "Mozilla/5.0 (compatible; SemrushBot/7~bl; +http://www.semrush.com/bot.html)"
87.250.224.3 - - [23/Jun/2022:13:05:49 +0000] "GET /robots.txt HTTP/1.1" 404 162 "-" "Mozilla/5.0 (compatible; YandexBot/3.0; +http://yandex.com/bots)"
87.250.224.3 - - [23/Jun/2022:13:05:52 +0000] "GET /profile HTTP/1.1" 404 134 "-" "Mozilla/5.0 (compatible; YandexBot/3.0; +http://yandex.com/bots)"
85.215.101.56 - - [23/Jun/2022:13:06:14 +0000] "POST / HTTP/1.1" 405 166 "-" "python-requests/2.27.1"
185.191.171.18 - - [23/Jun/2022:13:07:04 +0000] "GET /node/category/blog/page/7 HTTP/1.1" 301 178 "-" "Mozilla/5.0 (compatible; SemrushBot/7~bl; +http://www.semrush.com/bot.html)"
185.191.171.12 - - [23/Jun/2022:13:07:06 +0000] "GET /node/category/blog/page/7/ HTTP/1.1" 200 15890 "-" "Mozilla/5.0 (compatible; SemrushBot/7~bl; +http://www.semrush.com/bot.html)"
185.191.171.1 - - [23/Jun/2022:13:08:11 +0000] "GET /node/1558/img_7499 HTTP/1.1" 302 154 "-" "Mozilla/5.0 (compatible; SemrushBot/7~bl; +http://www.semrush.com/bot.html)"
185.191.171.7 - - [23/Jun/2022:13:08:13 +0000] "GET /node/1558/img_7499 HTTP/1.1" 301 178 "-" "Mozilla/5.0 (compatible; SemrushBot/7~bl; +http://www.semrush.com/bot.html)"
185.191.171.3 - - [23/Jun/2022:13:08:16 +0000] "GET /node/1558/img_7499/ HTTP/1.1" 200 7940 "-" "Mozilla/5.0 (compatible; SemrushBot/7~bl; +http://www.semrush.com/bot.html)"
114.119.147.97 - - [23/Jun/2022:13:10:47 +0000] "GET /node/254?share=linkedin HTTP/1.1" 302 154 "https://mrchoke.org/node/254" "Mozilla/5.0 (Linux; Android 7.0;) AppleWebKit/537.36 (KHTML, like Gecko) Mobile Safari/537.36 (compatible; PetalBot;+https://webmaster.petalsearch.com/site/petalbot)"
114.119.147.97 - - [23/Jun/2022:13:10:51 +0000] "GET /node/254?share=linkedin HTTP/1.1" 301 178 "https://mrchoke.org/node/254" "Mozilla/5.0 (Linux; Android 7.0;) AppleWebKit/537.36 (KHTML, like Gecko) Mobile Safari/537.36 (compatible; PetalBot;+https://webmaster.petalsearch.com/site/petalbot)"
114.119.147.97 - - [23/Jun/2022:13:10:53 +0000] "GET /node/254/?share=linkedin HTTP/1.1" 200 10076 "https://mrchoke.org/node/254" "Mozilla/5.0 (Linux; Android 7.0;) AppleWebKit/537.36 (KHTML, like Gecko) Mobile Safari/537.36 (compatible; PetalBot;+https://webmaster.petalsearch.com/site/petalbot)"
5.255.253.163 - - [23/Jun/2022:13:15:43 +0000] "GET /node/category/twitter HTTP/1.1" 302 154 "-" "Mozilla/5.0 (compatible; YandexBot/3.0; +http://yandex.com/bots)"
5.255.253.163 - - [23/Jun/2022:13:15:45 +0000] "GET /robots.txt HTTP/1.1" 404 162 "-" "Mozilla/5.0 (compatible; YandexBot/3.0; +http://yandex.com/bots)"
5.45.207.92 - - [23/Jun/2022:13:15:49 +0000] "GET /node/category/twitter HTTP/1.1" 301 178 "-" "Mozilla/5.0 (compatible; YandexBot/3.0; +http://yandex.com/bots)"
87.250.224.4 - - [23/Jun/2022:13:16:13 +0000] "GET /node/category/twitter/ HTTP/1.1" 200 7966 "-" "Mozilla/5.0 (compatible; YandexBot/3.0; +http://yandex.com/bots)"
66.249.71.31 - - [23/Jun/2022:13:16:14 +0000] "GET /node/835/img_6252 HTTP/1.1" 301 178 "-" "Mozilla/5.0 (Linux; Android 6.0.1; Nexus 5X Build/MMB29P) AppleWebKit/537.36 (KHTML, like Gecko) Chrome/102.0.5005.115 Mobile Safari/537.36 (compatible; Googlebot/2.1; +http://www.google.com/bot.html)"
66.249.71.28 - - [23/Jun/2022:13:16:15 +0000] "GET /node/835/img_6252/ HTTP/1.1" 200 7891 "-" "Mozilla/5.0 (Linux; Android 6.0.1; Nexus 5X Build/MMB29P) AppleWebKit/537.36 (KHTML, like Gecko) Chrome/102.0.5005.115 Mobile Safari/537.36 (compatible; Googlebot/2.1; +http://www.google.com/bot.html)"
185.191.171.4 - - [23/Jun/2022:13:16:51 +0000] "GET /node/939/img_6414 HTTP/1.1" 301 178 "-" "Mozilla/5.0 (compatible; SemrushBot/7~bl; +http://www.semrush.com/bot.html)"
185.191.171.43 - - [23/Jun/2022:13:16:53 +0000] "GET /node/939/img_6414/ HTTP/1.1" 200 7885 "-" "Mozilla/5.0 (compatible; SemrushBot/7~bl; +http://www.semrush.com/bot.html)"
114.119.147.74 - - [23/Jun/2022:13:17:15 +0000] "GET /node/205?share=facebook HTTP/1.1" 302 154 "https://mrchoke.org/node/205?ak_action=reject_mobile" "Mozilla/5.0 (Linux; Android 7.0;) AppleWebKit/537.36 (KHTML, like Gecko) Mobile Safari/537.36 (compatible; PetalBot;+https://webmaster.petalsearch.com/site/petalbot)"
114.119.147.74 - - [23/Jun/2022:13:17:15 +0000] "GET /node/205?share=facebook HTTP/1.1" 301 178 "https://mrchoke.org/node/205?ak_action=reject_mobile" "Mozilla/5.0 (Linux; Android 7.0;) AppleWebKit/537.36 (KHTML, like Gecko) Mobile Safari/537.36 (compatible; PetalBot;+https://webmaster.petalsearch.com/site/petalbot)"
114.119.147.74 - - [23/Jun/2022:13:17:15 +0000] "GET /node/205/?share=facebook HTTP/1.1" 200 9714 "https://mrchoke.org/node/205?ak_action=reject_mobile" "Mozilla/5.0 (Linux; Android 7.0;) AppleWebKit/537.36 (KHTML, like Gecko) Mobile Safari/537.36 (compatible; PetalBot;+https://webmaster.petalsearch.com/site/petalbot)"
85.215.101.56 - - [23/Jun/2022:13:19:14 +0000] "GET /.env HTTP/1.1" 404 134 "-" "python-requests/2.27.1"
114.119.147.74 - - [23/Jun/2022:13:19:38 +0000] "GET /node/date/2010/06/24 HTTP/1.1" 404 134 "http://www.mrchoke.org/node/252" "Mozilla/5.0 (Linux; Android 7.0;) AppleWebKit/537.36 (KHTML, like Gecko) Mobile Safari/537.36 (compatible; PetalBot;+https://webmaster.petalsearch.com/site/petalbot)"
51.222.253.1 - - [23/Jun/2022:13:20:22 +0000] "GET /robots.txt HTTP/2.0" 301 178 "-" "Mozilla/5.0 (compatible; AhrefsBot/7.0; +http://ahrefs.com/robot/)"
51.222.253.1 - - [23/Jun/2022:13:20:23 +0000] "GET /robots.txt HTTP/2.0" 404 123 "-" "Mozilla/5.0 (compatible; AhrefsBot/7.0; +http://ahrefs.com/robot/)"
207.46.13.174 - - [23/Jun/2022:13:21:43 +0000] "GET /ch7_4217/ HTTP/2.0" 200 7873 "-" "Mozilla/5.0 (compatible; bingbot/2.0; +http://www.bing.com/bingbot.htm)"
185.191.171.18 - - [23/Jun/2022:13:25:01 +0000] "GET /node/category/linux/linuxtle/page/2 HTTP/1.1" 301 178 "-" "Mozilla/5.0 (compatible; SemrushBot/7~bl; +http://www.semrush.com/bot.html)"
185.191.171.15 - - [23/Jun/2022:13:25:05 +0000] "GET /node/category/linux/linuxtle/page/2/ HTTP/1.1" 200 10788 "-" "Mozilla/5.0 (compatible; SemrushBot/7~bl; +http://www.semrush.com/bot.html)"
185.191.171.16 - - [23/Jun/2022:13:25:33 +0000] "GET /node/447 HTTP/1.1" 302 154 "-" "Mozilla/5.0 (compatible; SemrushBot/7~bl; +http://www.semrush.com/bot.html)"
185.191.171.15 - - [23/Jun/2022:13:25:37 +0000] "GET /node/447 HTTP/1.1" 301 178 "-" "Mozilla/5.0 (compatible; SemrushBot/7~bl; +http://www.semrush.com/bot.html)"
185.191.171.38 - - [23/Jun/2022:13:25:40 +0000] "GET /node/447/ HTTP/1.1" 200 8545 "-" "Mozilla/5.0 (compatible; SemrushBot/7~bl; +http://www.semrush.com/bot.html)"
51.222.253.3 - - [23/Jun/2022:13:28:00 +0000] "GET / HTTP/1.1" 200 396 "-" "Mozilla/5.0 (compatible; AhrefsBot/7.0; +http://ahrefs.com/robot/)"
185.191.171.5 - - [23/Jun/2022:13:31:46 +0000] "GET /node/865/ch7_3056 HTTP/1.1" 301 178 "-" "Mozilla/5.0 (compatible; SemrushBot/7~bl; +http://www.semrush.com/bot.html)"
185.191.171.16 - - [23/Jun/2022:13:31:48 +0000] "GET /node/865/ch7_3056/ HTTP/1.1" 200 7885 "-" "Mozilla/5.0 (compatible; SemrushBot/7~bl; +http://www.semrush.com/bot.html)"
216.244.66.229 - - [23/Jun/2022:13:32:42 +0000] "GET /robots.txt HTTP/1.1" 404 162 "-" "Mozilla/5.0 (compatible; DotBot/1.2; +https://opensiteexplorer.org/dotbot; help@moz.com)"
92.255.85.183 - - [23/Jun/2022:13:33:44 +0000] "\x03\x00\x00/*\xE0\x00\x00\x00\x00\x00Cookie: mstshash=Administr" 400 166 "-" "-"
114.119.147.73 - - [23/Jun/2022:13:36:41 +0000] "GET /node/date/2006/09/22 HTTP/1.1" 302 154 "https://mrchoke.org/node/36?ak_action=reject_mobile" "Mozilla/5.0 (Linux; Android 7.0;) AppleWebKit/537.36 (KHTML, like Gecko) Mobile Safari/537.36 (compatible; PetalBot;+https://webmaster.petalsearch.com/site/petalbot)"
114.119.147.73 - - [23/Jun/2022:13:36:44 +0000] "GET /node/date/2006/09/22 HTTP/1.1" 301 178 "https://mrchoke.org/node/36?ak_action=reject_mobile" "Mozilla/5.0 (Linux; Android 7.0;) AppleWebKit/537.36 (KHTML, like Gecko) Mobile Safari/537.36 (compatible; PetalBot;+https://webmaster.petalsearch.com/site/petalbot)"
114.119.147.73 - - [23/Jun/2022:13:36:49 +0000] "GET /node/date/2006/09/22/ HTTP/1.1" 200 8983 "https://mrchoke.org/node/36?ak_action=reject_mobile" "Mozilla/5.0 (Linux; Android 7.0;) AppleWebKit/537.36 (KHTML, like Gecko) Mobile Safari/537.36 (compatible; PetalBot;+https://webmaster.petalsearch.com/site/petalbot)"
185.191.171.23 - - [23/Jun/2022:13:37:28 +0000] "GET /node/385 HTTP/1.1" 302 154 "-" "Mozilla/5.0 (compatible; SemrushBot/7~bl; +http://www.semrush.com/bot.html)"
185.191.171.8 - - [23/Jun/2022:13:37:29 +0000] "GET /robots.txt HTTP/1.1" 404 134 "-" "Mozilla/5.0 (compatible; SemrushBot/7~bl; +http://www.semrush.com/bot.html)"
185.191.171.22 - - [23/Jun/2022:13:37:34 +0000] "GET /node/385 HTTP/1.1" 301 178 "-" "Mozilla/5.0 (compatible; SemrushBot/7~bl; +http://www.semrush.com/bot.html)"
185.191.171.2 - - [23/Jun/2022:13:37:36 +0000] "GET /node/385/ HTTP/1.1" 200 8108 "-" "Mozilla/5.0 (compatible; SemrushBot/7~bl; +http://www.semrush.com/bot.html)"
216.244.66.229 - - [23/Jun/2022:13:38:14 +0000] "GET /node/372/?replytocom=451 HTTP/1.1" 404 162 "-" "Mozilla/5.0 (compatible; DotBot/1.2; +https://opensiteexplorer.org/dotbot; help@moz.com)"
185.191.171.3 - - [23/Jun/2022:13:38:34 +0000] "GET /node/1754/img_7781 HTTP/1.1" 301 178 "-" "Mozilla/5.0 (compatible; SemrushBot/7~bl; +http://www.semrush.com/bot.html)"
185.191.171.15 - - [23/Jun/2022:13:38:36 +0000] "GET /node/1754/img_7781/ HTTP/1.1" 200 7914 "-" "Mozilla/5.0 (compatible; SemrushBot/7~bl; +http://www.semrush.com/bot.html)"
216.244.66.229 - - [23/Jun/2022:13:39:21 +0000] "GET /node/248/?share=google-plus-1 HTTP/1.1" 404 162 "-" "Mozilla/5.0 (compatible; DotBot/1.2; +https://opensiteexplorer.org/dotbot; help@moz.com)"
114.119.147.81 - - [23/Jun/2022:13:40:57 +0000] "GET /node/150 HTTP/1.1" 301 178 "https://static.mrchoke.org/node/date/2007/02" "Mozilla/5.0 (Linux; Android 7.0;) AppleWebKit/537.36 (KHTML, like Gecko) Mobile Safari/537.36 (compatible; PetalBot;+https://webmaster.petalsearch.com/site/petalbot)"
114.119.147.81 - - [23/Jun/2022:13:41:00 +0000] "GET /node/150/ HTTP/1.1" 200 28272 "https://static.mrchoke.org/node/date/2007/02" "Mozilla/5.0 (Linux; Android 7.0;) AppleWebKit/537.36 (KHTML, like Gecko) Mobile Safari/537.36 (compatible; PetalBot;+https://webmaster.petalsearch.com/site/petalbot)"
216.244.66.229 - - [23/Jun/2022:13:41:53 +0000] "GET /img_7166 HTTP/1.1" 404 162 "-" "Mozilla/5.0 (compatible; DotBot/1.2; +https://opensiteexplorer.org/dotbot; help@moz.com)"
185.191.171.38 - - [23/Jun/2022:13:42:20 +0000] "GET /node/359 HTTP/1.1" 301 178 "-" "Mozilla/5.0 (compatible; SemrushBot/7~bl; +http://www.semrush.com/bot.html)"
185.191.171.35 - - [23/Jun/2022:13:42:22 +0000] "GET /node/359/ HTTP/1.1" 200 9015 "-" "Mozilla/5.0 (compatible; SemrushBot/7~bl; +http://www.semrush.com/bot.html)"
114.119.147.81 - - [23/Jun/2022:13:43:27 +0000] "GET /node/396?share=twitter HTTP/1.1" 302 154 "https://mrchoke.org/node/396?ak_action=accept_mobile" "Mozilla/5.0 (Linux; Android 7.0;) AppleWebKit/537.36 (KHTML, like Gecko) Mobile Safari/537.36 (compatible; PetalBot;+https://webmaster.petalsearch.com/site/petalbot)"
114.119.147.81 - - [23/Jun/2022:13:43:27 +0000] "GET /node/396?share=twitter HTTP/1.1" 301 178 "https://mrchoke.org/node/396?ak_action=accept_mobile" "Mozilla/5.0 (Linux; Android 7.0;) AppleWebKit/537.36 (KHTML, like Gecko) Mobile Safari/537.36 (compatible; PetalBot;+https://webmaster.petalsearch.com/site/petalbot)"
114.119.147.81 - - [23/Jun/2022:13:43:27 +0000] "GET /node/396/?share=twitter HTTP/1.1" 200 8694 "https://mrchoke.org/node/396?ak_action=accept_mobile" "Mozilla/5.0 (Linux; Android 7.0;) AppleWebKit/537.36 (KHTML, like Gecko) Mobile Safari/537.36 (compatible; PetalBot;+https://webmaster.petalsearch.com/site/petalbot)"
185.191.171.18 - - [23/Jun/2022:13:45:00 +0000] "GET /node/1657 HTTP/1.1" 301 178 "-" "Mozilla/5.0 (compatible; SemrushBot/7~bl; +http://www.semrush.com/bot.html)"
185.191.171.22 - - [23/Jun/2022:13:45:02 +0000] "GET /node/1657/ HTTP/1.1" 200 11605 "-" "Mozilla/5.0 (compatible; SemrushBot/7~bl; +http://www.semrush.com/bot.html)"
92.255.85.38 - - [23/Jun/2022:13:45:11 +0000] "GET /remote/fgt_lang?lang=/../../../..//////////dev/cmdb/sslvpn_websession HTTP/1.1" 301 178 "-" "Python-urllib/3.8"
92.255.85.38 - - [23/Jun/2022:13:45:12 +0000] "GET /remote/fgt_lang?lang=/../../../..//////////dev/cmdb/sslvpn_websession HTTP/1.1" 200 2581 "-" "Python-urllib/3.8"
185.191.171.18 - - [23/Jun/2022:13:47:18 +0000] "GET /node/377 HTTP/1.1" 302 154 "-" "Mozilla/5.0 (compatible; SemrushBot/7~bl; +http://www.semrush.com/bot.html)"
185.191.171.4 - - [23/Jun/2022:13:47:21 +0000] "GET /node/377 HTTP/1.1" 301 178 "-" "Mozilla/5.0 (compatible; SemrushBot/7~bl; +http://www.semrush.com/bot.html)"
185.191.171.10 - - [23/Jun/2022:13:47:24 +0000] "GET /node/377/ HTTP/1.1" 200 10476 "-" "Mozilla/5.0 (compatible; SemrushBot/7~bl; +http://www.semrush.com/bot.html)"
114.119.147.97 - - [23/Jun/2022:13:48:28 +0000] "GET /node/category/mac?ak_action=accept_mobile HTTP/1.1" 302 154 "https://mrchoke.org/node/category/mac?ak_action=reject_mobile" "Mozilla/5.0 (Linux; Android 7.0;) AppleWebKit/537.36 (KHTML, like Gecko) Mobile Safari/537.36 (compatible; PetalBot;+https://webmaster.petalsearch.com/site/petalbot)"
114.119.147.97 - - [23/Jun/2022:13:48:31 +0000] "GET /node/category/mac?ak_action=accept_mobile HTTP/1.1" 301 178 "https://mrchoke.org/node/category/mac?ak_action=reject_mobile" "Mozilla/5.0 (Linux; Android 7.0;) AppleWebKit/537.36 (KHTML, like Gecko) Mobile Safari/537.36 (compatible; PetalBot;+https://webmaster.petalsearch.com/site/petalbot)"
114.119.147.97 - - [23/Jun/2022:13:48:34 +0000] "GET /node/category/mac/?ak_action=accept_mobile HTTP/1.1" 200 13694 "https://mrchoke.org/node/category/mac?ak_action=reject_mobile" "Mozilla/5.0 (Linux; Android 7.0;) AppleWebKit/537.36 (KHTML, like Gecko) Mobile Safari/537.36 (compatible; PetalBot;+https://webmaster.petalsearch.com/site/petalbot)"
45.207.39.117 - - [23/Jun/2022:13:48:38 +0000] "HEAD /wwwroot.rar HTTP/1.1" 404 0 "-" "Mozilla/4.0 (compatible; MSIE 8.0; Windows NT 6.1; Trident/4.0)"
45.207.39.117 - - [23/Jun/2022:13:48:38 +0000] "HEAD /wwwroot.zip HTTP/1.1" 404 0 "-" "Mozilla/4.0 (compatible; MSIE 8.0; Windows NT 6.1; Trident/4.0)"
45.207.39.117 - - [23/Jun/2022:13:48:38 +0000] "HEAD /\xD0\xC2\xBD\xA8\xCE\xC4\xBC\xFE\xBC\xD0.rar HTTP/1.1" 404 0 "-" "Mozilla/4.0 (compatible; MSIE 8.0; Windows NT 6.1; Trident/4.0)"
45.207.39.117 - - [23/Jun/2022:13:48:38 +0000] "HEAD /\xD0\xC2\xBD\xA8\xCE\xC4\xBC\xFE\xBC\xD0.zip HTTP/1.1" 404 0 "-" "Mozilla/4.0 (compatible; MSIE 8.0; Windows NT 6.1; Trident/4.0)"
45.207.39.117 - - [23/Jun/2022:13:48:38 +0000] "HEAD /www.rar HTTP/1.1" 404 0 "-" "Mozilla/4.0 (compatible; MSIE 8.0; Windows NT 6.1; Trident/4.0)"
45.207.39.117 - - [23/Jun/2022:13:48:38 +0000] "HEAD /www.zip HTTP/1.1" 404 0 "-" "Mozilla/4.0 (compatible; MSIE 8.0; Windows NT 6.1; Trident/4.0)"
45.207.39.117 - - [23/Jun/2022:13:48:38 +0000] "HEAD /web.rar HTTP/1.1" 404 0 "-" "Mozilla/4.0 (compatible; MSIE 8.0; Windows NT 6.1; Trident/4.0)"
45.207.39.117 - - [23/Jun/2022:13:48:38 +0000] "HEAD /web.zip HTTP/1.1" 404 0 "-" "Mozilla/4.0 (compatible; MSIE 8.0; Windows NT 6.1; Trident/4.0)"
45.207.39.117 - - [23/Jun/2022:13:48:38 +0000] "HEAD /www.mrchoke.org.rar HTTP/1.1" 404 0 "-" "Mozilla/4.0 (compatible; MSIE 8.0; Windows NT 6.1; Trident/4.0)"
45.207.39.117 - - [23/Jun/2022:13:48:38 +0000] "HEAD /www.mrchoke.org.zip HTTP/1.1" 404 0 "-" "Mozilla/4.0 (compatible; MSIE 8.0; Windows NT 6.1; Trident/4.0)"
45.207.39.117 - - [23/Jun/2022:13:48:38 +0000] "HEAD /www_mrchoke_org.rar HTTP/1.1" 404 0 "-" "Mozilla/4.0 (compatible; MSIE 8.0; Windows NT 6.1; Trident/4.0)"
45.207.39.117 - - [23/Jun/2022:13:48:38 +0000] "HEAD /www_mrchoke_org.zip HTTP/1.1" 404 0 "-" "Mozilla/4.0 (compatible; MSIE 8.0; Windows NT 6.1; Trident/4.0)"
45.207.39.117 - - [23/Jun/2022:13:48:38 +0000] "HEAD /wwwmrchokeorg.rar HTTP/1.1" 404 0 "-" "Mozilla/4.0 (compatible; MSIE 8.0; Windows NT 6.1; Trident/4.0)"
45.207.39.117 - - [23/Jun/2022:13:48:38 +0000] "HEAD /wwwmrchokeorg.zip HTTP/1.1" 404 0 "-" "Mozilla/4.0 (compatible; MSIE 8.0; Windows NT 6.1; Trident/4.0)"
45.207.39.117 - - [23/Jun/2022:13:48:38 +0000] "HEAD /mrchoke.org.rar HTTP/1.1" 404 0 "-" "Mozilla/4.0 (compatible; MSIE 8.0; Windows NT 6.1; Trident/4.0)"
45.207.39.117 - - [23/Jun/2022:13:48:38 +0000] "HEAD /mrchoke.org.zip HTTP/1.1" 404 0 "-" "Mozilla/4.0 (compatible; MSIE 8.0; Windows NT 6.1; Trident/4.0)"
45.207.39.117 - - [23/Jun/2022:13:48:39 +0000] "HEAD /mrchoke.rar HTTP/1.1" 404 0 "-" "Mozilla/4.0 (compatible; MSIE 8.0; Windows NT 6.1; Trident/4.0)"
45.207.39.117 - - [23/Jun/2022:13:48:39 +0000] "HEAD /mrchoke.zip HTTP/1.1" 404 0 "-" "Mozilla/4.0 (compatible; MSIE 8.0; Windows NT 6.1; Trident/4.0)"
114.119.147.87 - - [23/Jun/2022:13:50:48 +0000] "GET /page/11 HTTP/1.1" 302 154 "https://mrchoke.org/page/12?cat=-1" "Mozilla/5.0 (Linux; Android 7.0;) AppleWebKit/537.36 (KHTML, like Gecko) Mobile Safari/537.36 (compatible; PetalBot;+https://webmaster.petalsearch.com/site/petalbot)"
114.119.147.87 - - [23/Jun/2022:13:50:48 +0000] "GET /page/11 HTTP/1.1" 301 178 "https://mrchoke.org/page/12?cat=-1" "Mozilla/5.0 (Linux; Android 7.0;) AppleWebKit/537.36 (KHTML, like Gecko) Mobile Safari/537.36 (compatible; PetalBot;+https://webmaster.petalsearch.com/site/petalbot)"
114.119.147.87 - - [23/Jun/2022:13:50:53 +0000] "GET /page/11/ HTTP/1.1" 200 15634 "https://mrchoke.org/page/12?cat=-1" "Mozilla/5.0 (Linux; Android 7.0;) AppleWebKit/537.36 (KHTML, like Gecko) Mobile Safari/537.36 (compatible; PetalBot;+https://webmaster.petalsearch.com/site/petalbot)"
185.191.171.19 - - [23/Jun/2022:13:53:27 +0000] "GET /img_6785 HTTP/1.1" 301 178 "-" "Mozilla/5.0 (compatible; SemrushBot/7~bl; +http://www.semrush.com/bot.html)"
185.191.171.26 - - [23/Jun/2022:13:53:29 +0000] "GET /img_6785/ HTTP/1.1" 200 7924 "-" "Mozilla/5.0 (compatible; SemrushBot/7~bl; +http://www.semrush.com/bot.html)"
185.191.171.37 - - [23/Jun/2022:13:53:44 +0000] "GET /node/1120 HTTP/1.1" 301 178 "-" "Mozilla/5.0 (compatible; SemrushBot/7~bl; +http://www.semrush.com/bot.html)"
185.191.171.18 - - [23/Jun/2022:13:53:46 +0000] "GET /node/1120/ HTTP/1.1" 200 11471 "-" "Mozilla/5.0 (compatible; SemrushBot/7~bl; +http://www.semrush.com/bot.html)"
185.191.171.1 - - [23/Jun/2022:13:55:03 +0000] "GET /node/939/img_6438 HTTP/1.1" 404 134 "-" "Mozilla/5.0 (compatible; SemrushBot/7~bl; +http://www.semrush.com/bot.html)"
175.205.177.18 - - [23/Jun/2022:13:55:50 +0000] "GET / HTTP/1.0" 200 612 "-" "Mozilla/5.0 (compatible; MSIE 9.0; Windows NT 6.1; WOW64; Trident/5.0)"
195.110.77.193 - - [23/Jun/2022:14:07:21 +0000] "GET /wp-content/uploads/2012/04/wordpress-logo-stacked-rgb-300x186.png HTTP/1.1" 200 21012 "-" "Mozilla/5.0 (X11; Ubuntu; Linux x86_64; rv:72.0) Gecko/20100101 Firefox/72.0"
185.191.171.21 - - [23/Jun/2022:14:08:54 +0000] "GET /node/865/ch7_2994 HTTP/1.1" 301 178 "-" "Mozilla/5.0 (compatible; SemrushBot/7~bl; +http://www.semrush.com/bot.html)"
185.191.171.1 - - [23/Jun/2022:14:08:57 +0000] "GET /node/865/ch7_2994/ HTTP/1.1" 200 7895 "-" "Mozilla/5.0 (compatible; SemrushBot/7~bl; +http://www.semrush.com/bot.html)"
92.255.85.183 - - [23/Jun/2022:14:09:19 +0000] "\x03\x00\x00/*\xE0\x00\x00\x00\x00\x00Cookie: mstshash=Administr" 400 166 "-" "-"
172.104.21.233 - - [23/Jun/2022:14:12:18 +0000] "GET / HTTP/1.1" 301 178 "-" "Mozilla/5.0 (X11; Linux x86_64) Chrome/98.0.4758.132 Safari/537.36"
194.31.98.150 - - [23/Jun/2022:14:12:47 +0000] "GET / HTTP/1.1" 200 396 "-" "python-requests/2.27.1"
194.31.98.150 - - [23/Jun/2022:14:12:53 +0000] "GET /.env HTTP/1.1" 404 134 "-" "python-requests/2.27.1"
185.191.171.9 - - [23/Jun/2022:14:13:09 +0000] "GET /img_7685 HTTP/1.1" 301 178 "-" "Mozilla/5.0 (compatible; SemrushBot/7~bl; +http://www.semrush.com/bot.html)"
185.191.171.23 - - [23/Jun/2022:14:13:11 +0000] "GET /img_7685/ HTTP/1.1" 200 7889 "-" "Mozilla/5.0 (compatible; SemrushBot/7~bl; +http://www.semrush.com/bot.html)"
185.191.171.43 - - [23/Jun/2022:14:14:04 +0000] "GET /node/date/2005/07/page/3 HTTP/1.1" 301 178 "-" "Mozilla/5.0 (compatible; SemrushBot/7~bl; +http://www.semrush.com/bot.html)"
185.191.171.11 - - [23/Jun/2022:14:14:09 +0000] "GET /node/date/2005/07/page/3/ HTTP/1.1" 200 15403 "-" "Mozilla/5.0 (compatible; SemrushBot/7~bl; +http://www.semrush.com/bot.html)"
114.119.147.73 - - [23/Jun/2022:14:17:39 +0000] "GET /node/date/2005/05/page/4 HTTP/1.1" 301 178 "https://static.mrchoke.org/node/date/2005/05/page/3" "Mozilla/5.0 (Linux; Android 7.0;) AppleWebKit/537.36 (KHTML, like Gecko) Mobile Safari/537.36 (compatible; PetalBot;+https://webmaster.petalsearch.com/site/petalbot)"
