114.119.147.75 - - [27/Jun/2022:12:58:13 +0000] "GET /node/939/img_6379/?ak_action=accept_mobile HTTP/1.1" 200 7891 "https://mrchoke.org/node/939/img_6379?ak_action=reject_mobile" "Mozilla/5.0 (Linux; Android 7.0;) AppleWebKit/537.36 (KHTML, like Gecko) Mobile Safari/537.36 (compatible; PetalBot;+https://webmaster.petalsearch.com/site/petalbot)"
114.119.147.73 - - [27/Jun/2022:12:59:32 +0000] "GET /node/939?share=reddit HTTP/1.1" 302 154 "https://mrchoke.org/node/939?ak_action=accept_mobile" "Mozilla/5.0 (Linux; Android 7.0;) AppleWebKit/537.36 (KHTML, like Gecko) Mobile Safari/537.36 (compatible; PetalBot;+https://webmaster.petalsearch.com/site/petalbot)"
114.119.147.73 - - [27/Jun/2022:12:59:34 +0000] "GET /node/939?share=reddit HTTP/1.1" 301 178 "https://mrchoke.org/node/939?ak_action=accept_mobile" "Mozilla/5.0 (Linux; Android 7.0;) AppleWebKit/537.36 (KHTML, like Gecko) Mobile Safari/537.36 (compatible; PetalBot;+https://webmaster.petalsearch.com/site/petalbot)"
114.119.147.73 - - [27/Jun/2022:12:59:40 +0000] "GET /node/939/?share=reddit HTTP/1.1" 200 11162 "https://mrchoke.org/node/939?ak_action=accept_mobile" "Mozilla/5.0 (Linux; Android 7.0;) AppleWebKit/537.36 (KHTML, like Gecko) Mobile Safari/537.36 (compatible; PetalBot;+https://webmaster.petalsearch.com/site/petalbot)"
216.244.66.229 - - [27/Jun/2022:13:00:27 +0000] "GET /node/865/ch7_2994/feed HTTP/1.1" 404 162 "-" "Mozilla/5.0 (compatible; DotBot/1.2; +https://opensiteexplorer.org/dotbot; help@moz.com)"
114.119.147.74 - - [27/Jun/2022:13:01:16 +0000] "GET /node/330 HTTP/1.1" 301 178 "https://mrchoke.org/node/330?ak_action=reject_mobile" "Mozilla/5.0 (Linux; Android 7.0;) AppleWebKit/537.36 (KHTML, like Gecko) Mobile Safari/537.36 (compatible; PetalBot;+https://webmaster.petalsearch.com/site/petalbot)"
114.119.147.74 - - [27/Jun/2022:13:01:23 +0000] "GET /node/330/ HTTP/1.1" 200 8762 "https://mrchoke.org/node/330?ak_action=reject_mobile" "Mozilla/5.0 (Linux; Android 7.0;) AppleWebKit/537.36 (KHTML, like Gecko) Mobile Safari/537.36 (compatible; PetalBot;+https://webmaster.petalsearch.com/site/petalbot)"
114.119.147.87 - - [27/Jun/2022:13:05:10 +0000] "GET /node/49?ak_action=reject_mobile HTTP/1.1" 302 154 "https://mrchoke.org/node/49" "Mozilla/5.0 (Linux; Android 7.0;) AppleWebKit/537.36 (KHTML, like Gecko) Mobile Safari/537.36 (compatible; PetalBot;+https://webmaster.petalsearch.com/site/petalbot)"
114.119.147.87 - - [27/Jun/2022:13:05:13 +0000] "GET /node/49?ak_action=reject_mobile HTTP/1.1" 301 178 "https://mrchoke.org/node/49" "Mozilla/5.0 (Linux; Android 7.0;) AppleWebKit/537.36 (KHTML, like Gecko) Mobile Safari/537.36 (compatible; PetalBot;+https://webmaster.petalsearch.com/site/petalbot)"
114.119.147.87 - - [27/Jun/2022:13:05:15 +0000] "GET /node/49/?ak_action=reject_mobile HTTP/1.1" 200 10212 "https://mrchoke.org/node/49" "Mozilla/5.0 (Linux; Android 7.0;) AppleWebKit/537.36 (KHTML, like Gecko) Mobile Safari/537.36 (compatible; PetalBot;+https://webmaster.petalsearch.com/site/petalbot)"
114.119.147.87 - - [27/Jun/2022:13:06:35 +0000] "GET /node/8?share=twitter HTTP/1.1" 302 154 "https://mrchoke.org/node/8?ak_action=accept_mobile" "Mozilla/5.0 (Linux; Android 7.0;) AppleWebKit/537.36 (KHTML, like Gecko) Mobile Safari/537.36 (compatible; PetalBot;+https://webmaster.petalsearch.com/site/petalbot)"
114.119.147.87 - - [27/Jun/2022:13:06:49 +0000] "GET /node/8?share=twitter HTTP/1.1" 301 178 "https://mrchoke.org/node/8?ak_action=accept_mobile" "Mozilla/5.0 (Linux; Android 7.0;) AppleWebKit/537.36 (KHTML, like Gecko) Mobile Safari/537.36 (compatible; PetalBot;+https://webmaster.petalsearch.com/site/petalbot)"
216.244.66.229 - - [27/Jun/2022:13:08:03 +0000] "GET /ch7_4209/ HTTP/1.1" 404 162 "-" "Mozilla/5.0 (compatible; DotBot/1.2; +https://opensiteexplorer.org/dotbot; help@moz.com)"
114.119.147.74 - - [27/Jun/2022:13:08:38 +0000] "GET /node/category/smf?ak_action=reject_mobile HTTP/1.1" 302 154 "https://mrchoke.org/node/category/smf" "Mozilla/5.0 (Linux; Android 7.0;) AppleWebKit/537.36 (KHTML, like Gecko) Mobile Safari/537.36 (compatible; PetalBot;+https://webmaster.petalsearch.com/site/petalbot)"
114.119.147.74 - - [27/Jun/2022:13:08:46 +0000] "GET /node/category/smf?ak_action=reject_mobile HTTP/1.1" 301 178 "https://mrchoke.org/node/category/smf" "Mozilla/5.0 (Linux; Android 7.0;) AppleWebKit/537.36 (KHTML, like Gecko) Mobile Safari/537.36 (compatible; PetalBot;+https://webmaster.petalsearch.com/site/petalbot)"
114.119.147.74 - - [27/Jun/2022:13:08:53 +0000] "GET /node/category/smf/?ak_action=reject_mobile HTTP/1.1" 200 8453 "https://mrchoke.org/node/category/smf" "Mozilla/5.0 (Linux; Android 7.0;) AppleWebKit/537.36 (KHTML, like Gecko) Mobile Safari/537.36 (compatible; PetalBot;+https://webmaster.petalsearch.com/site/petalbot)"
114.119.147.75 - - [27/Jun/2022:13:11:22 +0000] "GET /node/607?ak_action=reject_mobile HTTP/1.1" 302 154 "https://mrchoke.org/node/607?ak_action=accept_mobile" "Mozilla/5.0 (Linux; Android 7.0;) AppleWebKit/537.36 (KHTML, like Gecko) Mobile Safari/537.36 (compatible; PetalBot;+https://webmaster.petalsearch.com/site/petalbot)"
114.119.147.75 - - [27/Jun/2022:13:11:34 +0000] "GET /node/607?ak_action=reject_mobile HTTP/1.1" 301 178 "https://mrchoke.org/node/607?ak_action=accept_mobile" "Mozilla/5.0 (Linux; Android 7.0;) AppleWebKit/537.36 (KHTML, like Gecko) Mobile Safari/537.36 (compatible; PetalBot;+https://webmaster.petalsearch.com/site/petalbot)"
114.119.147.75 - - [27/Jun/2022:13:11:46 +0000] "GET /node/607/?ak_action=reject_mobile HTTP/1.1" 200 10131 "https://mrchoke.org/node/607?ak_action=accept_mobile" "Mozilla/5.0 (Linux; Android 7.0;) AppleWebKit/537.36 (KHTML, like Gecko) Mobile Safari/537.36 (compatible; PetalBot;+https://webmaster.petalsearch.com/site/petalbot)"
114.119.147.97 - - [27/Jun/2022:13:13:00 +0000] "GET /node/219?share=reddit HTTP/1.1" 302 154 "https://mrchoke.org/node/219?ak_action=accept_mobile" "Mozilla/5.0 (Linux; Android 7.0;) AppleWebKit/537.36 (KHTML, like Gecko) Mobile Safari/537.36 (compatible; PetalBot;+https://webmaster.petalsearch.com/site/petalbot)"
114.119.147.97 - - [27/Jun/2022:13:13:10 +0000] "GET /node/219?share=reddit HTTP/1.1" 301 178 "https://mrchoke.org/node/219?ak_action=accept_mobile" "Mozilla/5.0 (Linux; Android 7.0;) AppleWebKit/537.36 (KHTML, like Gecko) Mobile Safari/537.36 (compatible; PetalBot;+https://webmaster.petalsearch.com/site/petalbot)"
114.119.147.97 - - [27/Jun/2022:13:13:18 +0000] "GET /node/219/?share=reddit HTTP/1.1" 200 8390 "https://mrchoke.org/node/219?ak_action=accept_mobile" "Mozilla/5.0 (Linux; Android 7.0;) AppleWebKit/537.36 (KHTML, like Gecko) Mobile Safari/537.36 (compatible; PetalBot;+https://webmaster.petalsearch.com/site/petalbot)"
65.108.0.71 - - [27/Jun/2022:13:14:12 +0000] "GET /robots.txt HTTP/1.1" 404 162 "-" "Mozilla/5.0 (compatible; MJ12bot/v1.4.8; http://mj12bot.com/)"
65.108.0.71 - - [27/Jun/2022:13:14:14 +0000] "GET /node/category/music/%E0%B9%80%E0%B8%9E%E0%B8%A5%E0%B8%87%E0%B9%83%E0%B8%95%E0%B9%89/page/15 HTTP/1.1" 302 154 "-" "Mozilla/5.0 (compatible; MJ12bot/v1.4.8; http://mj12bot.com/)"
65.108.0.71 - - [27/Jun/2022:13:14:16 +0000] "GET /robots.txt HTTP/1.1" 404 162 "-" "Mozilla/5.0 (compatible; MJ12bot/v1.4.8; http://mj12bot.com/)"
65.108.0.71 - - [27/Jun/2022:13:14:18 +0000] "GET /node/category/music/%E0%B9%80%E0%B8%9E%E0%B8%A5%E0%B8%87%E0%B9%83%E0%B8%95%E0%B9%89/page/15 HTTP/1.1" 404 134 "-" "Mozilla/5.0 (compatible; MJ12bot/v1.4.8; http://mj12bot.com/)"
65.108.0.71 - - [27/Jun/2022:13:14:20 +0000] "GET /node/category/music/%E0%B9%80%E0%B8%9E%E0%B8%A5%E0%B8%87%E0%B9%83%E0%B8%95%E0%B9%89/page/7 HTTP/1.1" 302 154 "-" "Mozilla/5.0 (compatible; MJ12bot/v1.4.8; http://mj12bot.com/)"
65.108.0.71 - - [27/Jun/2022:13:14:21 +0000] "GET /node/category/music/%E0%B9%80%E0%B8%9E%E0%B8%A5%E0%B8%87%E0%B9%83%E0%B8%95%E0%B9%89/page/7 HTTP/1.1" 404 134 "-" "Mozilla/5.0 (compatible; MJ12bot/v1.4.8; http://mj12bot.com/)"
65.108.0.71 - - [27/Jun/2022:13:14:23 +0000] "GET /node/category/music/%E0%B9%80%E0%B8%9E%E0%B8%A5%E0%B8%87%E0%B9%83%E0%B8%95%E0%B9%89/page/8 HTTP/1.1" 302 154 "-" "Mozilla/5.0 (compatible; MJ12bot/v1.4.8; http://mj12bot.com/)"
65.108.0.71 - - [27/Jun/2022:13:14:25 +0000] "GET /node/category/music/%E0%B9%80%E0%B8%9E%E0%B8%A5%E0%B8%87%E0%B9%83%E0%B8%95%E0%B9%89/page/8 HTTP/1.1" 404 134 "-" "Mozilla/5.0 (compatible; MJ12bot/v1.4.8; http://mj12bot.com/)"
65.108.0.71 - - [27/Jun/2022:13:14:27 +0000] "GET /node/category/music/%E0%B9%80%E0%B8%9E%E0%B8%A5%E0%B8%87%E0%B9%83%E0%B8%95%E0%B9%89/page/9 HTTP/1.1" 302 154 "-" "Mozilla/5.0 (compatible; MJ12bot/v1.4.8; http://mj12bot.com/)"
65.108.0.71 - - [27/Jun/2022:13:14:28 +0000] "GET /node/category/music/%E0%B9%80%E0%B8%9E%E0%B8%A5%E0%B8%87%E0%B9%83%E0%B8%95%E0%B9%89/page/9 HTTP/1.1" 404 134 "-" "Mozilla/5.0 (compatible; MJ12bot/v1.4.8; http://mj12bot.com/)"
65.108.0.71 - - [27/Jun/2022:13:14:30 +0000] "GET /node/601/%E0%B8%97%E0%B8%B5%E0%B9%88%E0%B8%A1%E0%B8%B2:%20http:/www.pcworld.com/article/252326/new_ipad_slow_to_recharge_barely_charges_during_use.html HTTP/1.1" 404 134 "-" "Mozilla/5.0 (compatible; MJ12bot/v1.4.8; http://mj12bot.com/)"
65.108.0.71 - - [27/Jun/2022:13:14:32 +0000] "GET /node/category/apple/%E0%B8%97%E0%B8%B5%E0%B9%88%E0%B8%A1%E0%B8%B2:%20http:/www.pcworld.com/article/252326/new_ipad_slow_to_recharge_barely_charges_during_use.html HTTP/1.1" 404 134 "-" "Mozilla/5.0 (compatible; MJ12bot/v1.4.8; http://mj12bot.com/)"
114.119.147.87 - - [27/Jun/2022:13:14:33 +0000] "GET /node/date/2004/10/12 HTTP/1.1" 301 178 "https://mrchoke.org/node/476?ak_action=reject_mobile" "Mozilla/5.0 (Linux; Android 7.0;) AppleWebKit/537.36 (KHTML, like Gecko) Mobile Safari/537.36 (compatible; PetalBot;+https://webmaster.petalsearch.com/site/petalbot)"
65.108.0.71 - - [27/Jun/2022:13:14:34 +0000] "GET /node/category/blog/page/14/%E0%B8%97%E0%B8%B5%E0%B9%88%E0%B8%A1%E0%B8%B2:%20http:/www.pcworld.com/article/252326/new_ipad_slow_to_recharge_barely_charges_during_use.html HTTP/1.1" 404 134 "-" "Mozilla/5.0 (compatible; MJ12bot/v1.4.8; http://mj12bot.com/)"
65.108.0.71 - - [27/Jun/2022:13:14:35 +0000] "GET /node/category/ios/%E0%B8%97%E0%B8%B5%E0%B9%88%E0%B8%A1%E0%B8%B2:%20http:/www.pcworld.com/article/252326/new_ipad_slow_to_recharge_barely_charges_during_use.html HTTP/1.1" 404 134 "-" "Mozilla/5.0 (compatible; MJ12bot/v1.4.8; http://mj12bot.com/)"
65.108.0.71 - - [27/Jun/2022:13:14:37 +0000] "GET /node/category/ipad/%E0%B8%97%E0%B8%B5%E0%B9%88%E0%B8%A1%E0%B8%B2:%20http:/www.pcworld.com/article/252326/new_ipad_slow_to_recharge_barely_charges_during_use.html HTTP/1.1" 404 134 "-" "Mozilla/5.0 (compatible; MJ12bot/v1.4.8; http://mj12bot.com/)"
65.108.0.71 - - [27/Jun/2022:13:14:39 +0000] "GET /node/date/2012/05/04/%E0%B8%97%E0%B8%B5%E0%B9%88%E0%B8%A1%E0%B8%B2:%20http:/www.pcworld.com/article/252326/new_ipad_slow_to_recharge_barely_charges_during_use.html HTTP/1.1" 404 134 "-" "Mozilla/5.0 (compatible; MJ12bot/v1.4.8; http://mj12bot.com/)"
65.108.0.71 - - [27/Jun/2022:13:14:41 +0000] "GET /node/tag/%E0%B8%81%E0%B8%A3%E0%B8%B0%E0%B9%80%E0%B8%9B%E0%B9%8B%E0%B8%B2%E0%B9%80%E0%B8%87%E0%B8%B4%E0%B8%99%E0%B8%AB%E0%B8%B2%E0%B8%A2 HTTP/1.1" 404 134 "-" "Mozilla/5.0 (compatible; MJ12bot/v1.4.8; http://mj12bot.com/)"
65.108.0.71 - - [27/Jun/2022:13:14:42 +0000] "GET /node/tag/%E0%B8%82%E0%B8%B2%E0%B8%A2 HTTP/1.1" 404 134 "-" "Mozilla/5.0 (compatible; MJ12bot/v1.4.8; http://mj12bot.com/)"
65.108.0.71 - - [27/Jun/2022:13:14:44 +0000] "GET /node/tag/%E0%B8%84%E0%B8%A5%E0%B8%AD%E0%B8%87%E0%B8%AA%E0%B8%B2%E0%B8%A1 HTTP/1.1" 404 134 "-" "Mozilla/5.0 (compatible; MJ12bot/v1.4.8; http://mj12bot.com/)"
65.108.0.71 - - [27/Jun/2022:13:14:46 +0000] "GET /node/tag/%E0%B8%84%E0%B8%AD%E0%B8%99%E0%B9%82%E0%B8%94 HTTP/1.1" 404 134 "-" "Mozilla/5.0 (compatible; MJ12bot/v1.4.8; http://mj12bot.com/)"
65.108.0.71 - - [27/Jun/2022:13:14:48 +0000] "GET /node/tag/%E0%B8%84%E0%B8%AD%E0%B9%80%E0%B8%84%E0%B8%A5%E0%B9%87%E0%B8%94 HTTP/1.1" 404 134 "-" "Mozilla/5.0 (compatible; MJ12bot/v1.4.8; http://mj12bot.com/)"
65.108.0.71 - - [27/Jun/2022:13:14:50 +0000] "GET /node/tag/%E0%B8%85%E0%B8%99%E0%B8%84%E0%B8%A7%E0%B8%99 HTTP/1.1" 404 134 "-" "Mozilla/5.0 (compatible; MJ12bot/v1.4.8; http://mj12bot.com/)"
65.108.0.71 - - [27/Jun/2022:13:14:51 +0000] "GET /node/tag/%E0%B8%87%E0%B8%B2%E0%B8%99%E0%B8%A8%E0%B8%9E HTTP/1.1" 404 134 "-" "Mozilla/5.0 (compatible; MJ12bot/v1.4.8; http://mj12bot.com/)"
65.108.0.71 - - [27/Jun/2022:13:14:53 +0000] "GET /node/tag/%E0%B8%94%E0%B8%AD%E0%B8%81%E0%B8%9B%E0%B8%B5%E0%B8%9B HTTP/1.1" 404 134 "-" "Mozilla/5.0 (compatible; MJ12bot/v1.4.8; http://mj12bot.com/)"
65.108.0.71 - - [27/Jun/2022:13:14:55 +0000] "GET /node/tag/%E0%B8%97%E0%B8%B3%E0%B8%9A%E0%B8%B1%E0%B8%95%E0%B8%A3%E0%B8%9B%E0%B8%A3%E0%B8%B0%E0%B8%8A%E0%B8%B2%E0%B8%8A%E0%B8%99 HTTP/1.1" 404 134 "-" "Mozilla/5.0 (compatible; MJ12bot/v1.4.8; http://mj12bot.com/)"
65.108.0.71 - - [27/Jun/2022:13:14:57 +0000] "GET /node/tag/%E0%B8%97%E0%B9%89%E0%B8%AD%E0%B8%87%E0%B8%9F%E0%B9%89%E0%B8%B2 HTTP/1.1" 404 134 "-" "Mozilla/5.0 (compatible; MJ12bot/v1.4.8; http://mj12bot.com/)"
65.108.0.71 - - [27/Jun/2022:13:14:59 +0000] "GET /node/tag/%E0%B8%99%E0%B9%89%E0%B8%B3%E0%B8%AB%E0%B8%99%E0%B8%B1%E0%B8%81 HTTP/1.1" 404 134 "-" "Mozilla/5.0 (compatible; MJ12bot/v1.4.8; http://mj12bot.com/)"
65.108.0.71 - - [27/Jun/2022:13:15:00 +0000] "GET /node/tag/%E0%B8%9A%E0%B8%A3%E0%B8%A3%E0%B8%A2%E0%B8%B2%E0%B8%A2 HTTP/1.1" 404 134 "-" "Mozilla/5.0 (compatible; MJ12bot/v1.4.8; http://mj12bot.com/)"
65.108.0.71 - - [27/Jun/2022:13:15:02 +0000] "GET /node/tag/%E0%B8%9A%E0%B8%A3%E0%B8%B4%E0%B8%88%E0%B8%B2%E0%B8%84%E0%B9%80%E0%B8%A5%E0%B8%B7%E0%B8%AD%E0%B8%94 HTTP/1.1" 404 134 "-" "Mozilla/5.0 (compatible; MJ12bot/v1.4.8; http://mj12bot.com/)"
65.108.0.71 - - [27/Jun/2022:13:15:04 +0000] "GET /node/tag/%E0%B8%9A%E0%B8%B1%E0%B8%95%E0%B8%A3%E0%B8%AB%E0%B8%B2%E0%B8%A2 HTTP/1.1" 404 134 "-" "Mozilla/5.0 (compatible; MJ12bot/v1.4.8; http://mj12bot.com/)"
65.108.0.71 - - [27/Jun/2022:13:15:06 +0000] "GET /node/tag/%E0%B8%9B%E0%B8%A5%E0%B8%B2%E0%B9%80%E0%B8%9C%E0%B8%B2 HTTP/1.1" 404 134 "-" "Mozilla/5.0 (compatible; MJ12bot/v1.4.8; http://mj12bot.com/)"
65.108.0.71 - - [27/Jun/2022:13:15:07 +0000] "GET /node/tag/%E0%B8%9B%E0%B8%B1%E0%B9%88%E0%B8%99%E0%B9%80%E0%B8%9E%E0%B8%B7%E0%B9%88%E0%B8%AD%E0%B8%99%E0%B9%89%E0%B8%AD%E0%B8%87 HTTP/1.1" 404 134 "-" "Mozilla/5.0 (compatible; MJ12bot/v1.4.8; http://mj12bot.com/)"
65.108.0.71 - - [27/Jun/2022:13:15:09 +0000] "GET /node/tag/%E0%B8%9B%E0%B9%88%E0%B8%A7%E0%B8%A2 HTTP/1.1" 404 134 "-" "Mozilla/5.0 (compatible; MJ12bot/v1.4.8; http://mj12bot.com/)"
65.108.0.71 - - [27/Jun/2022:13:15:12 +0000] "GET /node/tag/%E0%B8%9E%E0%B8%A3%E0%B8%B0%E0%B8%A3%E0%B8%B2%E0%B8%8A%E0%B8%A7%E0%B8%B1%E0%B8%87%E0%B8%9A%E0%B8%B2%E0%B8%87%E0%B8%9B%E0%B8%B0%E0%B8%AD%E0%B8%B4%E0%B8%99 HTTP/1.1" 404 134 "-" "Mozilla/5.0 (compatible; MJ12bot/v1.4.8; http://mj12bot.com/)"
65.108.0.71 - - [27/Jun/2022:13:15:13 +0000] "GET /node/tag/%E0%B8%9F%E0%B9%89%E0%B8%B2%E0%B9%82%E0%B8%94%E0%B8%A1 HTTP/1.1" 404 134 "-" "Mozilla/5.0 (compatible; MJ12bot/v1.4.8; http://mj12bot.com/)"
65.108.0.71 - - [27/Jun/2022:13:15:15 +0000] "GET /node/tag/%E0%B8%A0%E0%B8%B2%E0%B8%A9%E0%B8%B5 HTTP/1.1" 404 134 "-" "Mozilla/5.0 (compatible; MJ12bot/v1.4.8; http://mj12bot.com/)"
65.108.0.71 - - [27/Jun/2022:13:15:17 +0000] "GET /node/tag/%E0%B8%A0%E0%B8%B9%E0%B8%97%E0%B8%B1%E0%B8%9A%E0%B9%80%E0%B8%9A%E0%B8%B4%E0%B8%81 HTTP/1.1" 404 134 "-" "Mozilla/5.0 (compatible; MJ12bot/v1.4.8; http://mj12bot.com/)"
65.108.0.71 - - [27/Jun/2022:13:15:18 +0000] "GET /node/tag/%E0%B8%A1%E0%B8%98 HTTP/1.1" 404 134 "-" "Mozilla/5.0 (compatible; MJ12bot/v1.4.8; http://mj12bot.com/)"
65.108.0.71 - - [27/Jun/2022:13:15:20 +0000] "GET /node/tag/%E0%B8%A1%E0%B8%B2%E0%B8%86%E0%B8%9A%E0%B8%B9%E0%B8%8A%E0%B8%B2 HTTP/1.1" 404 134 "-" "Mozilla/5.0 (compatible; MJ12bot/v1.4.8; http://mj12bot.com/)"
65.108.0.71 - - [27/Jun/2022:13:15:22 +0000] "GET /node/tag/%E0%B8%A1%E0%B8%B4%E0%B8%A2%E0%B8%B2%E0%B8%9A%E0%B8%B4 HTTP/1.1" 404 134 "-" "Mozilla/5.0 (compatible; MJ12bot/v1.4.8; http://mj12bot.com/)"
65.108.0.71 - - [27/Jun/2022:13:15:23 +0000] "GET /node/tag/%E0%B8%A1-%E0%B8%AD HTTP/1.1" 404 134 "-" "Mozilla/5.0 (compatible; MJ12bot/v1.4.8; http://mj12bot.com/)"
65.108.0.71 - - [27/Jun/2022:13:15:25 +0000] "GET /node/tag/%E0%B8%A3%E0%B8%96%E0%B9%84%E0%B8%9F HTTP/1.1" 404 134 "-" "Mozilla/5.0 (compatible; MJ12bot/v1.4.8; http://mj12bot.com/)"
65.108.0.71 - - [27/Jun/2022:13:15:27 +0000] "GET /node/tag/%E0%B8%A3%E0%B8%AD%E0%B8%87%E0%B9%80%E0%B8%97%E0%B9%89%E0%B8%B2 HTTP/1.1" 404 134 "-" "Mozilla/5.0 (compatible; MJ12bot/v1.4.8; http://mj12bot.com/)"
65.108.0.71 - - [27/Jun/2022:13:15:28 +0000] "GET /node/tag/%E0%B8%A7%E0%B8%B1%E0%B8%94%E0%B9%82%E0%B8%9A%E0%B8%AA%E0%B8%96%E0%B9%8C HTTP/1.1" 404 134 "-" "Mozilla/5.0 (compatible; MJ12bot/v1.4.8; http://mj12bot.com/)"
65.108.0.71 - - [27/Jun/2022:13:15:30 +0000] "GET /node/tag/%E0%B8%A7%E0%B8%B1%E0%B8%94%E0%B9%84%E0%B8%9C%E0%B9%88%E0%B8%A5%E0%B9%89%E0%B8%AD%E0%B8%A1 HTTP/1.1" 404 134 "-" "Mozilla/5.0 (compatible; MJ12bot/v1.4.8; http://mj12bot.com/)"
65.108.0.71 - - [27/Jun/2022:13:15:32 +0000] "GET /node/tag/%E0%B8%A7%E0%B8%B1%E0%B8%94%E0%B9%84%E0%B8%9C%E0%B9%89%E0%B8%A5%E0%B9%89%E0%B8%AD%E0%B8%A1 HTTP/1.1" 404 134 "-" "Mozilla/5.0 (compatible; MJ12bot/v1.4.8; http://mj12bot.com/)"
65.108.0.71 - - [27/Jun/2022:13:15:33 +0000] "GET /node/tag/%E0%B8%A7%E0%B8%B1%E0%B8%99%E0%B9%80%E0%B8%94%E0%B9%87%E0%B8%81 HTTP/1.1" 404 134 "-" "Mozilla/5.0 (compatible; MJ12bot/v1.4.8; http://mj12bot.com/)"
65.108.0.71 - - [27/Jun/2022:13:15:35 +0000] "GET /node/tag/%E0%B8%A8%E0%B8%A3%E0%B8%B5%E0%B8%95%E0%B8%A3%E0%B8%B1%E0%B8%87 HTTP/1.1" 404 134 "-" "Mozilla/5.0 (compatible; MJ12bot/v1.4.8; http://mj12bot.com/)"
65.108.0.71 - - [27/Jun/2022:13:15:37 +0000] "GET /node/tag/%E0%B8%A8%E0%B8%B9%E0%B8%99%E0%B8%A2%E0%B9%8C%E0%B8%A8%E0%B8%B4%E0%B8%A5%E0%B8%9B%E0%B8%B2%E0%B8%8A%E0%B8%B5%E0%B8%9E%E0%B8%9A%E0%B8%B2%E0%B8%87%E0%B9%84%E0%B8%97%E0%B8%A3 HTTP/1.1" 404 134 "-" "Mozilla/5.0 (compatible; MJ12bot/v1.4.8; http://mj12bot.com/)"
65.108.0.71 - - [27/Jun/2022:13:15:39 +0000] "GET /node/tag/%E0%B8%AA%E0%B8%A7%E0%B8%97%E0%B8%8A HTTP/1.1" 404 134 "-" "Mozilla/5.0 (compatible; MJ12bot/v1.4.8; http://mj12bot.com/)"
65.108.0.71 - - [27/Jun/2022:13:15:40 +0000] "GET /node/tag/%E0%B8%AA%E0%B9%88%E0%B8%A7%E0%B8%99%E0%B8%95%E0%B8%B1%E0%B8%A7 HTTP/1.1" 404 134 "-" "Mozilla/5.0 (compatible; MJ12bot/v1.4.8; http://mj12bot.com/)"
65.108.0.71 - - [27/Jun/2022:13:15:42 +0000] "GET /node/tag/%E0%B8%AB%E0%B8%A1%E0%B8%B2 HTTP/1.1" 404 134 "-" "Mozilla/5.0 (compatible; MJ12bot/v1.4.8; http://mj12bot.com/)"
65.108.0.71 - - [27/Jun/2022:13:15:44 +0000] "GET /node/tag/%E0%B8%AB%E0%B8%A5%E0%B8%A7%E0%B8%87%E0%B8%9E%E0%B9%88%E0%B8%AD%E0%B9%82%E0%B8%95 HTTP/1.1" 404 134 "-" "Mozilla/5.0 (compatible; MJ12bot/v1.4.8; http://mj12bot.com/)"
65.108.0.71 - - [27/Jun/2022:13:15:46 +0000] "GET /node/tag/%E0%B8%AB%E0%B8%A5%E0%B8%B2%E0%B8%99%E0%B9%81%E0%B8%9D%E0%B8%94 HTTP/1.1" 404 134 "-" "Mozilla/5.0 (compatible; MJ12bot/v1.4.8; http://mj12bot.com/)"
65.108.0.71 - - [27/Jun/2022:13:15:48 +0000] "GET /node/tag/%E0%B8%AB%E0%B8%AD%E0%B8%9E%E0%B8%B1%E0%B8%81 HTTP/1.1" 404 134 "-" "Mozilla/5.0 (compatible; MJ12bot/v1.4.8; http://mj12bot.com/)"
65.108.0.71 - - [27/Jun/2022:13:15:49 +0000] "GET /node/tag/%E0%B8%AB%E0%B8%B1%E0%B8%A7%E0%B8%A5%E0%B8%B3%E0%B9%82%E0%B8%9E%E0%B8%87 HTTP/1.1" 404 134 "-" "Mozilla/5.0 (compatible; MJ12bot/v1.4.8; http://mj12bot.com/)"
65.108.0.71 - - [27/Jun/2022:13:15:51 +0000] "GET /node/tag/%E0%B8%AD%E0%B8%B5%E0%B9%81%E0%B8%94%E0%B8%87 HTTP/1.1" 404 134 "-" "Mozilla/5.0 (compatible; MJ12bot/v1.4.8; http://mj12bot.com/)"
65.108.0.71 - - [27/Jun/2022:13:15:53 +0000] "GET /node/tag/%E0%B9%80%E0%B8%82%E0%B8%B2%E0%B8%84%E0%B9%89%E0%B8%AD HTTP/1.1" 404 134 "-" "Mozilla/5.0 (compatible; MJ12bot/v1.4.8; http://mj12bot.com/)"
65.108.0.71 - - [27/Jun/2022:13:15:55 +0000] "GET /node/tag/%E0%B9%80%E0%B8%88%E0%B9%87%E0%B8%94%E0%B8%A7%E0%B8%B1%E0%B8%99 HTTP/1.1" 404 134 "-" "Mozilla/5.0 (compatible; MJ12bot/v1.4.8; http://mj12bot.com/)"
65.108.0.71 - - [27/Jun/2022:13:15:57 +0000] "GET /node/tag/%E0%B9%80%E0%B8%8B%E0%B8%B5%E0%B8%A2%E0%B8%A3%E0%B9%8C-%E0%B8%A3%E0%B8%B1%E0%B8%87%E0%B8%AA%E0%B8%B4%E0%B8%95 HTTP/1.1" 404 134 "-" "Mozilla/5.0 (compatible; MJ12bot/v1.4.8; http://mj12bot.com/)"
65.108.0.71 - - [27/Jun/2022:13:15:59 +0000] "GET /node/tag/%E0%B9%80%E0%B8%95%E0%B8%B5%E0%B9%88%E0%B8%A2 HTTP/1.1" 404 134 "-" "Mozilla/5.0 (compatible; MJ12bot/v1.4.8; http://mj12bot.com/)"
65.108.0.71 - - [27/Jun/2022:13:16:00 +0000] "GET /node/tag/%E0%B9%80%E0%B8%9E%E0%B8%8A%E0%B8%A3%E0%B8%9A%E0%B8%B9%E0%B8%A3%E0%B8%93%E0%B9%8C HTTP/1.1" 404 134 "-" "Mozilla/5.0 (compatible; MJ12bot/v1.4.8; http://mj12bot.com/)"
65.108.0.71 - - [27/Jun/2022:13:16:02 +0000] "GET /node/tag/%E0%B9%80%E0%B8%9E%E0%B8%A5%E0%B8%87 HTTP/1.1" 404 134 "-" "Mozilla/5.0 (compatible; MJ12bot/v1.4.8; http://mj12bot.com/)"
65.108.0.71 - - [27/Jun/2022:13:16:04 +0000] "GET /node/tag/%E0%B9%80%E0%B8%AB%E0%B8%A1%E0%B8%A2%E0%B8%9F%E0%B9%89%E0%B8%B2 HTTP/1.1" 404 134 "-" "Mozilla/5.0 (compatible; MJ12bot/v1.4.8; http://mj12bot.com/)"
65.108.0.71 - - [27/Jun/2022:13:16:06 +0000] "GET /node/tag/%E0%B9%81%E0%B8%A1%E0%B8%A7 HTTP/1.1" 404 134 "-" "Mozilla/5.0 (compatible; MJ12bot/v1.4.8; http://mj12bot.com/)"
65.108.0.71 - - [27/Jun/2022:13:16:08 +0000] "GET /node/tag/%E0%B9%84%E0%B8%81%E0%B9%88%E0%B8%A2%E0%B9%88%E0%B8%B2%E0%B8%87%E0%B8%A7%E0%B8%B4%E0%B9%80%E0%B8%8A%E0%B8%B5%E0%B8%A2%E0%B8%A3%E0%B8%9A%E0%B8%B8%E0%B8%A3%E0%B8%B5 HTTP/1.1" 404 134 "-" "Mozilla/5.0 (compatible; MJ12bot/v1.4.8; http://mj12bot.com/)"
65.108.0.71 - - [27/Jun/2022:13:16:10 +0000] "GET /node/tag/%E0%B9%84%E0%B8%AD%E0%B8%94%E0%B8%B4%E0%B8%99 HTTP/1.1" 404 134 "-" "Mozilla/5.0 (compatible; MJ12bot/v1.4.8; http://mj12bot.com/)"
65.108.0.71 - - [27/Jun/2022:13:16:11 +0000] "GET /node/tag/charging-time/%E0%B8%97%E0%B8%B5%E0%B9%88%E0%B8%A1%E0%B8%B2:%20http:/www.pcworld.com/article/252326/new_ipad_slow_to_recharge_barely_charges_during_use.html HTTP/1.1" 404 134 "-" "Mozilla/5.0 (compatible; MJ12bot/v1.4.8; http://mj12bot.com/)"
65.108.0.71 - - [27/Jun/2022:13:16:14 +0000] "GET /node/tag/ipad/%E0%B8%97%E0%B8%B5%E0%B9%88%E0%B8%A1%E0%B8%B2:%20http:/www.pcworld.com/article/252326/new_ipad_slow_to_recharge_barely_charges_during_use.html HTTP/1.1" 404 134 "-" "Mozilla/5.0 (compatible; MJ12bot/v1.4.8; http://mj12bot.com/)"
65.108.0.71 - - [27/Jun/2022:13:16:15 +0000] "GET /node/tag/the-new-ipad/%E0%B8%97%E0%B8%B5%E0%B9%88%E0%B8%A1%E0%B8%B2:%20http:/www.pcworld.com/article/252326/new_ipad_slow_to_recharge_barely_charges_during_use.html HTTP/1.1" 404 134 "-" "Mozilla/5.0 (compatible; MJ12bot/v1.4.8; http://mj12bot.com/)"
185.191.171.24 - - [27/Jun/2022:13:16:16 +0000] "GET /node/564 HTTP/1.1" 301 178 "-" "Mozilla/5.0 (compatible; SemrushBot/7~bl; +http://www.semrush.com/bot.html)"
185.191.171.11 - - [27/Jun/2022:13:16:19 +0000] "GET /node/564/ HTTP/1.1" 200 8101 "-" "Mozilla/5.0 (compatible; SemrushBot/7~bl; +http://www.semrush.com/bot.html)"
114.119.147.74 - - [27/Jun/2022:13:17:01 +0000] "GET /node/date/2010/04/06 HTTP/1.1" 301 178 "https://mrchoke.org/node/249?share=reddit" "Mozilla/5.0 (Linux; Android 7.0;) AppleWebKit/537.36 (KHTML, like Gecko) Mobile Safari/537.36 (compatible; PetalBot;+https://webmaster.petalsearch.com/site/petalbot)"
114.119.147.74 - - [27/Jun/2022:13:17:12 +0000] "GET /node/date/2010/04/06/ HTTP/1.1" 200 8782 "https://mrchoke.org/node/249?share=reddit" "Mozilla/5.0 (Linux; Android 7.0;) AppleWebKit/537.36 (KHTML, like Gecko) Mobile Safari/537.36 (compatible; PetalBot;+https://webmaster.petalsearch.com/site/petalbot)"
114.119.147.86 - - [27/Jun/2022:13:17:57 +0000] "GET /node/493?ak_action=reject_mobile HTTP/1.1" 302 154 "https://mrchoke.org/node/493?ak_action=accept_mobile" "Mozilla/5.0 (Linux; Android 7.0;) AppleWebKit/537.36 (KHTML, like Gecko) Mobile Safari/537.36 (compatible; PetalBot;+https://webmaster.petalsearch.com/site/petalbot)"
114.119.147.86 - - [27/Jun/2022:13:18:05 +0000] "GET /node/493?ak_action=reject_mobile HTTP/1.1" 301 178 "https://mrchoke.org/node/493?ak_action=accept_mobile" "Mozilla/5.0 (Linux; Android 7.0;) AppleWebKit/537.36 (KHTML, like Gecko) Mobile Safari/537.36 (compatible; PetalBot;+https://webmaster.petalsearch.com/site/petalbot)"
114.119.147.86 - - [27/Jun/2022:13:18:15 +0000] "GET /node/493/?ak_action=reject_mobile HTTP/1.1" 200 8821 "https://mrchoke.org/node/493?ak_action=accept_mobile" "Mozilla/5.0 (Linux; Android 7.0;) AppleWebKit/537.36 (KHTML, like Gecko) Mobile Safari/537.36 (compatible; PetalBot;+https://webmaster.petalsearch.com/site/petalbot)"
216.244.66.229 - - [27/Jun/2022:13:18:42 +0000] "GET /node/154/?share=linkedin HTTP/1.1" 404 162 "-" "Mozilla/5.0 (compatible; DotBot/1.2; +https://opensiteexplorer.org/dotbot; help@moz.com)"
185.7.214.104 - - [27/Jun/2022:13:18:48 +0000] "GET /_ignition/execute-solution HTTP/1.1" 404 197 "-" "Mozilla/5.0 (Windows NT 10.0; Win64; x64) AppleWebKit/537.36 (KHTML, like Gecko) Chrome/78.0.3904.108 Safari/537.36"
114.119.147.73 - - [27/Jun/2022:13:19:49 +0000] "GET /node/1583 HTTP/1.1" 404 134 "http://www.mrchoke.org/node/1583/img_7556" "Mozilla/5.0 (Linux; Android 7.0;) AppleWebKit/537.36 (KHTML, like Gecko) Mobile Safari/537.36 (compatible; PetalBot;+https://webmaster.petalsearch.com/site/petalbot)"
114.119.147.74 - - [27/Jun/2022:13:22:05 +0000] "GET /node/date/2004/05/08 HTTP/1.1" 302 154 "https://mrchoke.org/node/420?share=facebook" "Mozilla/5.0 (Linux; Android 7.0;) AppleWebKit/537.36 (KHTML, like Gecko) Mobile Safari/537.36 (compatible; PetalBot;+https://webmaster.petalsearch.com/site/petalbot)"
114.119.147.74 - - [27/Jun/2022:13:22:20 +0000] "GET /node/date/2004/05/08 HTTP/1.1" 301 178 "https://mrchoke.org/node/420?share=facebook" "Mozilla/5.0 (Linux; Android 7.0;) AppleWebKit/537.36 (KHTML, like Gecko) Mobile Safari/537.36 (compatible; PetalBot;+https://webmaster.petalsearch.com/site/petalbot)"
114.119.147.74 - - [27/Jun/2022:13:22:24 +0000] "GET /node/date/2004/05/08/ HTTP/1.1" 200 7525 "https://mrchoke.org/node/420?share=facebook" "Mozilla/5.0 (Linux; Android 7.0;) AppleWebKit/537.36 (KHTML, like Gecko) Mobile Safari/537.36 (compatible; PetalBot;+https://webmaster.petalsearch.com/site/petalbot)"
185.191.171.33 - - [27/Jun/2022:13:22:40 +0000] "GET /ch7_4133 HTTP/1.1" 301 178 "-" "Mozilla/5.0 (compatible; SemrushBot/7~bl; +http://www.semrush.com/bot.html)"
185.191.171.16 - - [27/Jun/2022:13:22:42 +0000] "GET /ch7_4133/ HTTP/1.1" 200 7883 "-" "Mozilla/5.0 (compatible; SemrushBot/7~bl; +http://www.semrush.com/bot.html)"
114.119.147.87 - - [27/Jun/2022:13:24:15 +0000] "GET /node/406?share=facebook HTTP/1.1" 302 154 "https://mrchoke.org/node/406?replytocom=504&ak_action=accept_mobile" "Mozilla/5.0 (Linux; Android 7.0;) AppleWebKit/537.36 (KHTML, like Gecko) Mobile Safari/537.36 (compatible; PetalBot;+https://webmaster.petalsearch.com/site/petalbot)"
51.222.253.7 - - [27/Jun/2022:13:24:26 +0000] "GET /img_7178/ HTTP/2.0" 200 7919 "-" "Mozilla/5.0 (compatible; AhrefsBot/7.0; +http://ahrefs.com/robot/)"
114.119.147.87 - - [27/Jun/2022:13:24:34 +0000] "GET /node/406?share=facebook HTTP/1.1" 301 178 "https://mrchoke.org/node/406?replytocom=504&ak_action=accept_mobile" "Mozilla/5.0 (Linux; Android 7.0;) AppleWebKit/537.36 (KHTML, like Gecko) Mobile Safari/537.36 (compatible; PetalBot;+https://webmaster.petalsearch.com/site/petalbot)"
114.119.147.74 - - [27/Jun/2022:13:25:53 +0000] "GET /node/459 HTTP/1.1" 301 178 "https://mrchoke.org/node/459?share=facebook" "Mozilla/5.0 (Linux; Android 7.0;) AppleWebKit/537.36 (KHTML, like Gecko) Mobile Safari/537.36 (compatible; PetalBot;+https://webmaster.petalsearch.com/site/petalbot)"
114.119.147.74 - - [27/Jun/2022:13:26:07 +0000] "GET /node/459/ HTTP/1.1" 200 10503 "https://mrchoke.org/node/459?share=facebook" "Mozilla/5.0 (Linux; Android 7.0;) AppleWebKit/537.36 (KHTML, like Gecko) Mobile Safari/537.36 (compatible; PetalBot;+https://webmaster.petalsearch.com/site/petalbot)"
51.222.253.20 - - [27/Jun/2022:13:26:35 +0000] "GET /node/category/ubuntucluib/ HTTP/2.0" 200 8521 "-" "Mozilla/5.0 (compatible; AhrefsBot/7.0; +http://ahrefs.com/robot/)"
114.119.147.87 - - [27/Jun/2022:13:27:39 +0000] "GET /node/383?share=linkedin HTTP/1.1" 302 154 "https://mrchoke.org/node/383?replytocom=482" "Mozilla/5.0 (Linux; Android 7.0;) AppleWebKit/537.36 (KHTML, like Gecko) Mobile Safari/537.36 (compatible; PetalBot;+https://webmaster.petalsearch.com/site/petalbot)"
114.119.147.87 - - [27/Jun/2022:13:27:55 +0000] "GET /node/383?share=linkedin HTTP/1.1" 301 178 "https://mrchoke.org/node/383?replytocom=482" "Mozilla/5.0 (Linux; Android 7.0;) AppleWebKit/537.36 (KHTML, like Gecko) Mobile Safari/537.36 (compatible; PetalBot;+https://webmaster.petalsearch.com/site/petalbot)"
51.222.253.16 - - [27/Jun/2022:13:28:38 +0000] "GET /node/194 HTTP/2.0" 301 178 "-" "Mozilla/5.0 (compatible; AhrefsBot/7.0; +http://ahrefs.com/robot/)"
114.119.147.97 - - [27/Jun/2022:13:29:27 +0000] "GET /img_6871 HTTP/1.1" 301 178 "https://mrchoke.org/node/1255" "Mozilla/5.0 (Linux; Android 7.0;) AppleWebKit/537.36 (KHTML, like Gecko) Mobile Safari/537.36 (compatible; PetalBot;+https://webmaster.petalsearch.com/site/petalbot)"
114.119.147.97 - - [27/Jun/2022:13:29:36 +0000] "GET /img_6871/ HTTP/1.1" 200 7929 "https://mrchoke.org/node/1255" "Mozilla/5.0 (Linux; Android 7.0;) AppleWebKit/537.36 (KHTML, like Gecko) Mobile Safari/537.36 (compatible; PetalBot;+https://webmaster.petalsearch.com/site/petalbot)"
51.222.253.15 - - [27/Jun/2022:13:30:40 +0000] "GET /node/category/weight/ HTTP/2.0" 200 7697 "-" "Mozilla/5.0 (compatible; AhrefsBot/7.0; +http://ahrefs.com/robot/)"
114.119.147.97 - - [27/Jun/2022:13:31:49 +0000] "GET /node/1815/ch7_4335 HTTP/1.1" 302 154 "https://mrchoke.org/node/1815/ch7_4291?ak_action=reject_mobile" "Mozilla/5.0 (Linux; Android 7.0;) AppleWebKit/537.36 (KHTML, like Gecko) Mobile Safari/537.36 (compatible; PetalBot;+https://webmaster.petalsearch.com/site/petalbot)"
114.119.147.97 - - [27/Jun/2022:13:32:04 +0000] "GET /node/1815/ch7_4335 HTTP/1.1" 301 178 "https://mrchoke.org/node/1815/ch7_4291?ak_action=reject_mobile" "Mozilla/5.0 (Linux; Android 7.0;) AppleWebKit/537.36 (KHTML, like Gecko) Mobile Safari/537.36 (compatible; PetalBot;+https://webmaster.petalsearch.com/site/petalbot)"
114.119.147.74 - - [27/Jun/2022:13:32:53 +0000] "GET /node/365?share=facebook HTTP/1.1" 302 154 "https://mrchoke.org/node/365?replytocom=440&ak_action=accept_mobile" "Mozilla/5.0 (Linux; Android 7.0;) AppleWebKit/537.36 (KHTML, like Gecko) Mobile Safari/537.36 (compatible; PetalBot;+https://webmaster.petalsearch.com/site/petalbot)"
51.222.253.9 - - [27/Jun/2022:13:32:57 +0000] "GET /img_7673/ HTTP/2.0" 200 7873 "-" "Mozilla/5.0 (compatible; AhrefsBot/7.0; +http://ahrefs.com/robot/)"
114.119.147.74 - - [27/Jun/2022:13:32:59 +0000] "GET /node/365?share=facebook HTTP/1.1" 301 178 "https://mrchoke.org/node/365?replytocom=440&ak_action=accept_mobile" "Mozilla/5.0 (Linux; Android 7.0;) AppleWebKit/537.36 (KHTML, like Gecko) Mobile Safari/537.36 (compatible; PetalBot;+https://webmaster.petalsearch.com/site/petalbot)"
114.119.147.74 - - [27/Jun/2022:13:33:05 +0000] "GET /node/365/?share=facebook HTTP/1.1" 200 8857 "https://mrchoke.org/node/365?replytocom=440&ak_action=accept_mobile" "Mozilla/5.0 (Linux; Android 7.0;) AppleWebKit/537.36 (KHTML, like Gecko) Mobile Safari/537.36 (compatible; PetalBot;+https://webmaster.petalsearch.com/site/petalbot)"
51.222.253.15 - - [27/Jun/2022:13:35:02 +0000] "GET /node/468/ HTTP/2.0" 200 8576 "-" "Mozilla/5.0 (compatible; AhrefsBot/7.0; +http://ahrefs.com/robot/)"
185.191.171.1 - - [27/Jun/2022:13:35:22 +0000] "GET /ch7_3573 HTTP/1.1" 301 178 "-" "Mozilla/5.0 (compatible; SemrushBot/7~bl; +http://www.semrush.com/bot.html)"
185.191.171.38 - - [27/Jun/2022:13:35:24 +0000] "GET /ch7_3573/ HTTP/1.1" 200 7891 "-" "Mozilla/5.0 (compatible; SemrushBot/7~bl; +http://www.semrush.com/bot.html)"
114.119.147.74 - - [27/Jun/2022:13:35:29 +0000] "GET /node/category/nikon HTTP/1.1" 301 178 "https://mrchoke.org/node/151?share=facebook" "Mozilla/5.0 (Linux; Android 7.0;) AppleWebKit/537.36 (KHTML, like Gecko) Mobile Safari/537.36 (compatible; PetalBot;+https://webmaster.petalsearch.com/site/petalbot)"
114.119.147.74 - - [27/Jun/2022:13:35:49 +0000] "GET /node/category/nikon/ HTTP/1.1" 200 8147 "https://mrchoke.org/node/151?share=facebook" "Mozilla/5.0 (Linux; Android 7.0;) AppleWebKit/537.36 (KHTML, like Gecko) Mobile Safari/537.36 (compatible; PetalBot;+https://webmaster.petalsearch.com/site/petalbot)"
114.119.147.86 - - [27/Jun/2022:13:36:33 +0000] "GET /node/311 HTTP/1.1" 404 134 "http://www.mrchoke.org/node/352" "Mozilla/5.0 (Linux; Android 7.0;) AppleWebKit/537.36 (KHTML, like Gecko) Mobile Safari/537.36 (compatible; PetalBot;+https://webmaster.petalsearch.com/site/petalbot)"
51.222.253.16 - - [27/Jun/2022:13:37:22 +0000] "GET /node/category/benchmark/ HTTP/2.0" 200 9047 "-" "Mozilla/5.0 (compatible; AhrefsBot/7.0; +http://ahrefs.com/robot/)"
114.119.147.81 - - [27/Jun/2022:13:38:27 +0000] "GET /img_7519?ak_action=accept_mobile HTTP/1.1" 404 134 "https://mrchoke.org/img_7519?ak_action=reject_mobile" "Mozilla/5.0 (Linux; Android 7.0;) AppleWebKit/537.36 (KHTML, like Gecko) Mobile Safari/537.36 (compatible; PetalBot;+https://webmaster.petalsearch.com/site/petalbot)"
51.222.253.14 - - [27/Jun/2022:13:39:27 +0000] "GET /node/939/img_6361/ HTTP/2.0" 200 7849 "-" "Mozilla/5.0 (compatible; AhrefsBot/7.0; +http://ahrefs.com/robot/)"
51.222.253.2 - - [27/Jun/2022:13:39:32 +0000] "GET /wp-content/uploads/2014/01/IMG_6361.jpg HTTP/2.0" 200 2024456 "-" "Mozilla/5.0 (compatible; AhrefsBot/7.0; +http://ahrefs.com/robot/)"
51.222.253.15 - - [27/Jun/2022:13:39:34 +0000] "GET /wp-content/uploads/2014/01/IMG_6364-150x150.jpg HTTP/2.0" 200 18876 "-" "Mozilla/5.0 (compatible; AhrefsBot/7.0; +http://ahrefs.com/robot/)"
114.119.147.87 - - [27/Jun/2022:13:40:05 +0000] "GET /node/1140 HTTP/1.1" 302 154 "https://mrchoke.org/node/1140?share=reddit" "Mozilla/5.0 (Linux; Android 7.0;) AppleWebKit/537.36 (KHTML, like Gecko) Mobile Safari/537.36 (compatible; PetalBot;+https://webmaster.petalsearch.com/site/petalbot)"
114.119.147.87 - - [27/Jun/2022:13:40:08 +0000] "GET /node/1140 HTTP/1.1" 301 178 "https://mrchoke.org/node/1140?share=reddit" "Mozilla/5.0 (Linux; Android 7.0;) AppleWebKit/537.36 (KHTML, like Gecko) Mobile Safari/537.36 (compatible; PetalBot;+https://webmaster.petalsearch.com/site/petalbot)"
114.119.147.87 - - [27/Jun/2022:13:40:11 +0000] "GET /node/1140/ HTTP/1.1" 200 9720 "https://mrchoke.org/node/1140?share=reddit" "Mozilla/5.0 (Linux; Android 7.0;) AppleWebKit/537.36 (KHTML, like Gecko) Mobile Safari/537.36 (compatible; PetalBot;+https://webmaster.petalsearch.com/site/petalbot)"
216.244.66.229 - - [27/Jun/2022:13:40:44 +0000] "GET /robots.txt HTTP/1.1" 404 162 "-" "Mozilla/5.0 (compatible; DotBot/1.2; +https://opensiteexplorer.org/dotbot; help@moz.com)"
216.244.66.229 - - [27/Jun/2022:13:40:44 +0000] "GET /robots.txt HTTP/1.1" 404 162 "-" "Mozilla/5.0 (compatible; DotBot/1.2; +https://opensiteexplorer.org/dotbot; help@moz.com)"
66.249.71.28 - - [27/Jun/2022:13:41:26 +0000] "GET /node/date/2006/11/page/2/ HTTP/1.1" 200 15486 "-" "Mozilla/5.0 (Linux; Android 6.0.1; Nexus 5X Build/MMB29P) AppleWebKit/537.36 (KHTML, like Gecko) Chrome/102.0.5005.115 Mobile Safari/537.36 (compatible; Googlebot/2.1; +http://www.google.com/bot.html)"
114.119.147.74 - - [27/Jun/2022:13:41:39 +0000] "GET /node/368 HTTP/1.1" 404 134 "http://www.mrchoke.org/node/369" "Mozilla/5.0 (Linux; Android 7.0;) AppleWebKit/537.36 (KHTML, like Gecko) Mobile Safari/537.36 (compatible; PetalBot;+https://webmaster.petalsearch.com/site/petalbot)"
51.222.253.6 - - [27/Jun/2022:13:42:11 +0000] "GET /node/200 HTTP/2.0" 301 178 "-" "Mozilla/5.0 (compatible; AhrefsBot/7.0; +http://ahrefs.com/robot/)"
51.222.253.6 - - [27/Jun/2022:13:44:19 +0000] "GET /node/category/domain/page/8/ HTTP/2.0" 200 11769 "-" "Mozilla/5.0 (compatible; AhrefsBot/7.0; +http://ahrefs.com/robot/)"
114.119.147.74 - - [27/Jun/2022:13:44:22 +0000] "GET /node/category/uncategorized/page/7 HTTP/1.1" 301 178 "https://mrchoke.org/node/category/uncategorized/page/8?ak_action=accept_mobile" "Mozilla/5.0 (Linux; Android 7.0;) AppleWebKit/537.36 (KHTML, like Gecko) Mobile Safari/537.36 (compatible; PetalBot;+https://webmaster.petalsearch.com/site/petalbot)"
114.119.147.74 - - [27/Jun/2022:13:44:35 +0000] "GET /node/category/uncategorized/page/7/ HTTP/1.1" 200 9702 "https://mrchoke.org/node/category/uncategorized/page/8?ak_action=accept_mobile" "Mozilla/5.0 (Linux; Android 7.0;) AppleWebKit/537.36 (KHTML, like Gecko) Mobile Safari/537.36 (compatible; PetalBot;+https://webmaster.petalsearch.com/site/petalbot)"
216.244.66.229 - - [27/Jun/2022:13:45:21 +0000] "GET /node/865/ch7_3175 HTTP/1.1" 404 162 "-" "Mozilla/5.0 (compatible; DotBot/1.2; +https://opensiteexplorer.org/dotbot; help@moz.com)"
216.244.66.229 - - [27/Jun/2022:13:45:25 +0000] "GET /node/939/img_6372 HTTP/1.1" 404 162 "-" "Mozilla/5.0 (compatible; DotBot/1.2; +https://opensiteexplorer.org/dotbot; help@moz.com)"
216.244.66.229 - - [27/Jun/2022:13:45:39 +0000] "GET /node/404 HTTP/1.1" 404 162 "-" "Mozilla/5.0 (compatible; DotBot/1.2; +https://opensiteexplorer.org/dotbot; help@moz.com)"
185.191.171.21 - - [27/Jun/2022:13:45:51 +0000] "GET /robots.txt HTTP/1.1" 404 134 "-" "Mozilla/5.0 (compatible; SemrushBot/7~bl; +http://www.semrush.com/bot.html)"
185.191.171.19 - - [27/Jun/2022:13:45:52 +0000] "GET /node/date/2006/11/page/4 HTTP/1.1" 302 154 "-" "Mozilla/5.0 (compatible; SemrushBot/7~bl; +http://www.semrush.com/bot.html)"
185.191.171.16 - - [27/Jun/2022:13:45:53 +0000] "GET /robots.txt HTTP/1.1" 404 134 "-" "Mozilla/5.0 (compatible; SemrushBot/7~bl; +http://www.semrush.com/bot.html)"
185.191.171.2 - - [27/Jun/2022:13:45:54 +0000] "GET /node/date/2006/11/page/4 HTTP/1.1" 301 178 "-" "Mozilla/5.0 (compatible; SemrushBot/7~bl; +http://www.semrush.com/bot.html)"
185.191.171.26 - - [27/Jun/2022:13:45:57 +0000] "GET /node/date/2006/11/page/4/ HTTP/1.1" 200 8280 "-" "Mozilla/5.0 (compatible; SemrushBot/7~bl; +http://www.semrush.com/bot.html)"
114.119.147.73 - - [27/Jun/2022:13:46:02 +0000] "GET /node/category/webpage/page/2?ak_action=reject_mobile HTTP/1.1" 302 154 "https://mrchoke.org/node/category/webpage?ak_action=reject_mobile" "Mozilla/5.0 (Linux; Android 7.0;) AppleWebKit/537.36 (KHTML, like Gecko) Mobile Safari/537.36 (compatible; PetalBot;+https://webmaster.petalsearch.com/site/petalbot)"
51.222.253.15 - - [27/Jun/2022:13:46:23 +0000] "GET /img_7651/ HTTP/2.0" 200 7877 "-" "Mozilla/5.0 (compatible; AhrefsBot/7.0; +http://ahrefs.com/robot/)"
216.244.66.229 - - [27/Jun/2022:13:46:36 +0000] "GET /node/865/ch7_3197/feed HTTP/1.1" 404 162 "-" "Mozilla/5.0 (compatible; DotBot/1.2; +https://opensiteexplorer.org/dotbot; help@moz.com)"
216.244.66.229 - - [27/Jun/2022:13:46:40 +0000] "GET /node/865/ch7_3241/feed HTTP/1.1" 404 162 "-" "Mozilla/5.0 (compatible; DotBot/1.2; +https://opensiteexplorer.org/dotbot; help@moz.com)"
51.222.253.10 - - [27/Jun/2022:13:48:20 +0000] "GET /ch7_3325/ HTTP/2.0" 200 7870 "-" "Mozilla/5.0 (compatible; AhrefsBot/7.0; +http://ahrefs.com/robot/)"
51.222.253.9 - - [27/Jun/2022:13:48:23 +0000] "GET /wp-content/uploads/2014/01/CH7_3326-150x150.jpg HTTP/2.0" 200 78935 "-" "Mozilla/5.0 (compatible; AhrefsBot/7.0; +http://ahrefs.com/robot/)"
51.222.253.16 - - [27/Jun/2022:13:48:29 +0000] "GET /wp-content/uploads/2014/01/CH7_3325.jpg HTTP/2.0" 200 2204018 "-" "Mozilla/5.0 (compatible; AhrefsBot/7.0; +http://ahrefs.com/robot/)"
51.222.253.19 - - [27/Jun/2022:13:48:31 +0000] "GET /wp-content/uploads/2014/01/CH7_3285-150x150.jpg HTTP/2.0" 200 77867 "-" "Mozilla/5.0 (compatible; AhrefsBot/7.0; +http://ahrefs.com/robot/)"
114.119.147.86 - - [27/Jun/2022:13:48:43 +0000] "GET /node/1356/img_7254?share=twitter HTTP/1.1" 302 154 "https://mrchoke.org/node/1356/img_7254?ak_action=accept_mobile" "Mozilla/5.0 (Linux; Android 7.0;) AppleWebKit/537.36 (KHTML, like Gecko) Mobile Safari/537.36 (compatible; PetalBot;+https://webmaster.petalsearch.com/site/petalbot)"
114.119.147.86 - - [27/Jun/2022:13:48:51 +0000] "GET /node/1356/img_7254?share=twitter HTTP/1.1" 301 178 "https://mrchoke.org/node/1356/img_7254?ak_action=accept_mobile" "Mozilla/5.0 (Linux; Android 7.0;) AppleWebKit/537.36 (KHTML, like Gecko) Mobile Safari/537.36 (compatible; PetalBot;+https://webmaster.petalsearch.com/site/petalbot)"
114.119.147.87 - - [27/Jun/2022:13:50:18 +0000] "GET /node/date/2004/07/page/4 HTTP/1.1" 302 154 "https://mrchoke.org/node/date/2004/07/page/3" "Mozilla/5.0 (Linux; Android 7.0;) AppleWebKit/537.36 (KHTML, like Gecko) Mobile Safari/537.36 (compatible; PetalBot;+https://webmaster.petalsearch.com/site/petalbot)"
51.222.253.13 - - [27/Jun/2022:13:50:20 +0000] "GET /node/date/2010/06/ HTTP/2.0" 200 11778 "-" "Mozilla/5.0 (compatible; AhrefsBot/7.0; +http://ahrefs.com/robot/)"
114.119.147.87 - - [27/Jun/2022:13:50:24 +0000] "GET /node/date/2004/07/page/4 HTTP/1.1" 301 178 "https://mrchoke.org/node/date/2004/07/page/3" "Mozilla/5.0 (Linux; Android 7.0;) AppleWebKit/537.36 (KHTML, like Gecko) Mobile Safari/537.36 (compatible; PetalBot;+https://webmaster.petalsearch.com/site/petalbot)"
114.119.147.87 - - [27/Jun/2022:13:50:30 +0000] "GET /node/date/2004/07/page/4/ HTTP/1.1" 200 9570 "https://mrchoke.org/node/date/2004/07/page/3" "Mozilla/5.0 (Linux; Android 7.0;) AppleWebKit/537.36 (KHTML, like Gecko) Mobile Safari/537.36 (compatible; PetalBot;+https://webmaster.petalsearch.com/site/petalbot)"
207.46.13.4 - - [27/Jun/2022:13:50:40 +0000] "GET /feed/?attachment_id=1390 HTTP/2.0" 403 123 "-" "Mozilla/5.0 (compatible; bingbot/2.0; +http://www.bing.com/bingbot.htm)"
114.119.147.75 - - [27/Jun/2022:13:52:12 +0000] "GET /node/tag/openshift-origin/page/2?ak_action=reject_mobile HTTP/1.1" 302 154 "https://mrchoke.org/node/tag/openshift-origin?ak_action=reject_mobile" "Mozilla/5.0 (Linux; Android 7.0;) AppleWebKit/537.36 (KHTML, like Gecko) Mobile Safari/537.36 (compatible; PetalBot;+https://webmaster.petalsearch.com/site/petalbot)"
51.222.253.8 - - [27/Jun/2022:13:52:18 +0000] "GET /img_7707/ HTTP/2.0" 200 7865 "-" "Mozilla/5.0 (compatible; AhrefsBot/7.0; +http://ahrefs.com/robot/)"
114.119.147.75 - - [27/Jun/2022:13:52:19 +0000] "GET /node/tag/openshift-origin/page/2?ak_action=reject_mobile HTTP/1.1" 301 178 "https://mrchoke.org/node/tag/openshift-origin?ak_action=reject_mobile" "Mozilla/5.0 (Linux; Android 7.0;) AppleWebKit/537.36 (KHTML, like Gecko) Mobile Safari/537.36 (compatible; PetalBot;+https://webmaster.petalsearch.com/site/petalbot)"
51.222.253.9 - - [27/Jun/2022:13:52:24 +0000] "GET /wp-content/uploads/2014/02/IMG_7707.jpg HTTP/2.0" 200 3017036 "-" "Mozilla/5.0 (compatible; AhrefsBot/7.0; +http://ahrefs.com/robot/)"
114.119.147.75 - - [27/Jun/2022:13:52:24 +0000] "GET /node/tag/openshift-origin/page/2/?ak_action=reject_mobile HTTP/1.1" 200 13913 "https://mrchoke.org/node/tag/openshift-origin?ak_action=reject_mobile" "Mozilla/5.0 (Linux; Android 7.0;) AppleWebKit/537.36 (KHTML, like Gecko) Mobile Safari/537.36 (compatible; PetalBot;+https://webmaster.petalsearch.com/site/petalbot)"
51.222.253.11 - - [27/Jun/2022:13:52:26 +0000] "GET /wp-content/uploads/2014/02/IMG_7706-150x150.jpg HTTP/2.0" 200 21183 "-" "Mozilla/5.0 (compatible; AhrefsBot/7.0; +http://ahrefs.com/robot/)"
51.222.253.11 - - [27/Jun/2022:13:52:28 +0000] "GET /wp-content/uploads/2014/02/IMG_7709-150x150.jpg HTTP/2.0" 200 27732 "-" "Mozilla/5.0 (compatible; AhrefsBot/7.0; +http://ahrefs.com/robot/)"
51.222.253.3 - - [27/Jun/2022:13:54:12 +0000] "GET /node/date/2006/10/page/8/ HTTP/2.0" 200 12581 "-" "Mozilla/5.0 (compatible; AhrefsBot/7.0; +http://ahrefs.com/robot/)"
114.119.147.86 - - [27/Jun/2022:13:55:08 +0000] "GET /node/321?ak_action=accept_mobile HTTP/1.1" 302 154 "https://mrchoke.org/node/321?ak_action=reject_mobile" "Mozilla/5.0 (Linux; Android 7.0;) AppleWebKit/537.36 (KHTML, like Gecko) Mobile Safari/537.36 (compatible; PetalBot;+https://webmaster.petalsearch.com/site/petalbot)"
114.119.147.86 - - [27/Jun/2022:13:55:20 +0000] "GET /node/321?ak_action=accept_mobile HTTP/1.1" 301 178 "https://mrchoke.org/node/321?ak_action=reject_mobile" "Mozilla/5.0 (Linux; Android 7.0;) AppleWebKit/537.36 (KHTML, like Gecko) Mobile Safari/537.36 (compatible; PetalBot;+https://webmaster.petalsearch.com/site/petalbot)"
114.119.147.86 - - [27/Jun/2022:13:55:33 +0000] "GET /node/321/?ak_action=accept_mobile HTTP/1.1" 200 8949 "https://mrchoke.org/node/321?ak_action=reject_mobile" "Mozilla/5.0 (Linux; Android 7.0;) AppleWebKit/537.36 (KHTML, like Gecko) Mobile Safari/537.36 (compatible; PetalBot;+https://webmaster.petalsearch.com/site/petalbot)"
51.222.253.4 - - [27/Jun/2022:13:56:25 +0000] "GET /img_7710/ HTTP/2.0" 200 7876 "-" "Mozilla/5.0 (compatible; AhrefsBot/7.0; +http://ahrefs.com/robot/)"
185.191.171.20 - - [27/Jun/2022:13:56:30 +0000] "GET /node/939/img_6376 HTTP/1.1" 301 178 "-" "Mozilla/5.0 (compatible; SemrushBot/7~bl; +http://www.semrush.com/bot.html)"
185.191.171.4 - - [27/Jun/2022:13:56:33 +0000] "GET /node/939/img_6376/ HTTP/1.1" 200 7901 "-" "Mozilla/5.0 (compatible; SemrushBot/7~bl; +http://www.semrush.com/bot.html)"
114.119.147.74 - - [27/Jun/2022:13:57:06 +0000] "GET /node/556?ak_action=reject_mobile HTTP/1.1" 302 154 "https://mrchoke.org/node/556?ak_action=accept_mobile" "Mozilla/5.0 (Linux; Android 7.0;) AppleWebKit/537.36 (KHTML, like Gecko) Mobile Safari/537.36 (compatible; PetalBot;+https://webmaster.petalsearch.com/site/petalbot)"
87.250.224.76 - - [27/Jun/2022:13:57:06 +0000] "GET /node/category/osx HTTP/1.1" 301 178 "-" "Mozilla/5.0 (compatible; YandexBot/3.0; +http://yandex.com/bots)"
87.250.224.3 - - [27/Jun/2022:13:57:09 +0000] "GET /node/category/osx/ HTTP/1.1" 200 8417 "-" "Mozilla/5.0 (compatible; YandexBot/3.0; +http://yandex.com/bots)"
114.119.147.74 - - [27/Jun/2022:13:57:16 +0000] "GET /node/556?ak_action=reject_mobile HTTP/1.1" 301 178 "https://mrchoke.org/node/556?ak_action=accept_mobile" "Mozilla/5.0 (Linux; Android 7.0;) AppleWebKit/537.36 (KHTML, like Gecko) Mobile Safari/537.36 (compatible; PetalBot;+https://webmaster.petalsearch.com/site/petalbot)"
51.222.253.16 - - [27/Jun/2022:13:58:29 +0000] "GET /img_7712/ HTTP/2.0" 200 7900 "-" "Mozilla/5.0 (compatible; AhrefsBot/7.0; +http://ahrefs.com/robot/)"
114.119.147.75 - - [27/Jun/2022:13:58:53 +0000] "GET /page/9?cat=-1 HTTP/1.1" 302 154 "https://mrchoke.org/page/8?cat=-1" "Mozilla/5.0 (Linux; Android 7.0;) AppleWebKit/537.36 (KHTML, like Gecko) Mobile Safari/537.36 (compatible; PetalBot;+https://webmaster.petalsearch.com/site/petalbot)"
114.119.147.75 - - [27/Jun/2022:13:59:07 +0000] "GET /page/9?cat=-1 HTTP/1.1" 301 178 "https://mrchoke.org/page/8?cat=-1" "Mozilla/5.0 (Linux; Android 7.0;) AppleWebKit/537.36 (KHTML, like Gecko) Mobile Safari/537.36 (compatible; PetalBot;+https://webmaster.petalsearch.com/site/petalbot)"
216.244.66.229 - - [27/Jun/2022:13:59:25 +0000] "GET /img_6731/ HTTP/1.1" 404 162 "-" "Mozilla/5.0 (compatible; DotBot/1.2; +https://opensiteexplorer.org/dotbot; help@moz.com)"
114.119.147.87 - - [27/Jun/2022:14:00:21 +0000] "GET /page/9?cat=-1 HTTP/1.1" 302 154 "https://mrchoke.org/page/8?cat=-1" "Mozilla/5.0 (Linux; Android 7.0;) AppleWebKit/537.36 (KHTML, like Gecko) Mobile Safari/537.36 (compatible; PetalBot;+https://webmaster.petalsearch.com/site/petalbot)"
114.119.147.87 - - [27/Jun/2022:14:00:24 +0000] "GET /node/date/2007/06/ HTTP/1.1" 200 10569 "https://mrchoke.org/node/date/2007/06/page/2" "Mozilla/5.0 (Linux; Android 7.0;) AppleWebKit/537.36 (KHTML, like Gecko) Mobile Safari/537.36 (compatible; PetalBot;+https://webmaster.petalsearch.com/site/petalbot)"
114.119.147.87 - - [27/Jun/2022:14:00:32 +0000] "GET /page/9?cat=-1 HTTP/1.1" 301 178 "https://mrchoke.org/page/8?cat=-1" "Mozilla/5.0 (Linux; Android 7.0;) AppleWebKit/537.36 (KHTML, like Gecko) Mobile Safari/537.36 (compatible; PetalBot;+https://webmaster.petalsearch.com/site/petalbot)"
51.222.253.19 - - [27/Jun/2022:14:00:36 +0000] "GET /node/date/2004/05/ HTTP/2.0" 200 11149 "-" "Mozilla/5.0 (compatible; AhrefsBot/7.0; +http://ahrefs.com/robot/)"
71.6.232.6 - - [27/Jun/2022:14:00:39 +0000] "GET / HTTP/1.1" 200 396 "-" "Mozilla/5.0 (Windows NT 10.0; Win64; x64) AppleWebKit/537.36 (KHTML, like Gecko) Chrome/74.0.3729.131 Safari/537.36"
114.119.147.87 - - [27/Jun/2022:14:00:41 +0000] "GET /page/9/?cat=-1 HTTP/1.1" 200 15619 "https://mrchoke.org/page/8?cat=-1" "Mozilla/5.0 (Linux; Android 7.0;) AppleWebKit/537.36 (KHTML, like Gecko) Mobile Safari/537.36 (compatible; PetalBot;+https://webmaster.petalsearch.com/site/petalbot)"
167.248.133.60 - - [27/Jun/2022:14:02:50 +0000] "GET / HTTP/1.1" 301 178 "-" "Mozilla/5.0 (compatible; CensysInspect/1.1; +https://about.censys.io/)"
51.222.253.15 - - [27/Jun/2022:14:02:54 +0000] "GET /img_7717/ HTTP/2.0" 200 7861 "-" "Mozilla/5.0 (compatible; AhrefsBot/7.0; +http://ahrefs.com/robot/)"
167.248.133.60 - - [27/Jun/2022:14:03:07 +0000] "GET / HTTP/1.1" 200 920 "-" "Mozilla/5.0 (compatible; CensysInspect/1.1; +https://about.censys.io/)"
162.142.125.211 - - [27/Jun/2022:14:03:07 +0000] "GET / HTTP/1.1" 301 178 "-" "Mozilla/5.0 (compatible; CensysInspect/1.1; +https://about.censys.io/)"
2620:96:e000:b0cc:e:2:2:3 - - [27/Jun/2022:14:03:10 +0000] "GET / HTTP/1.1" 200 920 "-" "Mozilla/5.0 (compatible; CensysInspect/1.1; +https://about.censys.io/)"
162.142.125.211 - - [27/Jun/2022:14:03:11 +0000] "GET / HTTP/1.1" 200 920 "-" "Mozilla/5.0 (compatible; CensysInspect/1.1; +https://about.censys.io/)"
114.119.147.87 - - [27/Jun/2022:14:05:05 +0000] "GET /node/207 HTTP/1.1" 301 178 "https://static.mrchoke.org/node/date/2008/01/05" "Mozilla/5.0 (Linux; Android 7.0;) AppleWebKit/537.36 (KHTML, like Gecko) Mobile Safari/537.36 (compatible; PetalBot;+https://webmaster.petalsearch.com/site/petalbot)"
