192.99.37.167 - - [29/Jun/2022:07:51:07 +0000] "GET /node/tag/%E0%B9%80%E0%B8%AB%E0%B8%A1%E0%B8%A2%E0%B8%9F%E0%B9%89%E0%B8%B2/feed HTTP/1.1" 302 154 "-" "Mozilla/5.0 (compatible; MJ12bot/v1.4.8; http://mj12bot.com/)"
192.99.37.167 - - [29/Jun/2022:07:51:11 +0000] "GET /node/tag/%E0%B9%80%E0%B8%AB%E0%B8%A1%E0%B8%A2%E0%B8%9F%E0%B9%89%E0%B8%B2/feed HTTP/1.1" 404 134 "-" "Mozilla/5.0 (compatible; MJ12bot/v1.4.8; http://mj12bot.com/)"
192.99.37.167 - - [29/Jun/2022:07:51:15 +0000] "GET /node/tag/%E0%B9%81%E0%B8%A1%E0%B8%A7 HTTP/1.1" 302 154 "-" "Mozilla/5.0 (compatible; MJ12bot/v1.4.8; http://mj12bot.com/)"
192.99.37.167 - - [29/Jun/2022:07:51:21 +0000] "GET /node/tag/%E0%B9%81%E0%B8%A1%E0%B8%A7 HTTP/1.1" 404 134 "-" "Mozilla/5.0 (compatible; MJ12bot/v1.4.8; http://mj12bot.com/)"
192.99.37.167 - - [29/Jun/2022:07:51:26 +0000] "GET /node/tag/%E0%B9%81%E0%B8%A1%E0%B8%A7/feed HTTP/1.1" 302 154 "-" "Mozilla/5.0 (compatible; MJ12bot/v1.4.8; http://mj12bot.com/)"
192.99.37.167 - - [29/Jun/2022:07:51:31 +0000] "GET /node/tag/%E0%B9%81%E0%B8%A1%E0%B8%A7/feed HTTP/1.1" 404 134 "-" "Mozilla/5.0 (compatible; MJ12bot/v1.4.8; http://mj12bot.com/)"
192.99.37.167 - - [29/Jun/2022:07:51:46 +0000] "GET /node/tag/%E0%B9%84%E0%B8%81%E0%B9%88%E0%B8%A2%E0%B9%88%E0%B8%B2%E0%B8%87%E0%B8%A7%E0%B8%B4%E0%B9%80%E0%B8%8A%E0%B8%B5%E0%B8%A2%E0%B8%A3%E0%B8%9A%E0%B8%B8%E0%B8%A3%E0%B8%B5 HTTP/1.1" 302 154 "-" "Mozilla/5.0 (compatible; MJ12bot/v1.4.8; http://mj12bot.com/)"
192.99.37.167 - - [29/Jun/2022:07:51:55 +0000] "GET /node/tag/%E0%B9%84%E0%B8%81%E0%B9%88%E0%B8%A2%E0%B9%88%E0%B8%B2%E0%B8%87%E0%B8%A7%E0%B8%B4%E0%B9%80%E0%B8%8A%E0%B8%B5%E0%B8%A2%E0%B8%A3%E0%B8%9A%E0%B8%B8%E0%B8%A3%E0%B8%B5 HTTP/1.1" 404 134 "-" "Mozilla/5.0 (compatible; MJ12bot/v1.4.8; http://mj12bot.com/)"
192.99.37.167 - - [29/Jun/2022:07:52:04 +0000] "GET /node/tag/%E0%B9%84%E0%B8%81%E0%B9%88%E0%B8%A2%E0%B9%88%E0%B8%B2%E0%B8%87%E0%B8%A7%E0%B8%B4%E0%B9%80%E0%B8%8A%E0%B8%B5%E0%B8%A2%E0%B8%A3%E0%B8%9A%E0%B8%B8%E0%B8%A3%E0%B8%B5/feed HTTP/1.1" 302 154 "-" "Mozilla/5.0 (compatible; MJ12bot/v1.4.8; http://mj12bot.com/)"
192.99.37.167 - - [29/Jun/2022:07:52:13 +0000] "GET /node/tag/%E0%B9%84%E0%B8%81%E0%B9%88%E0%B8%A2%E0%B9%88%E0%B8%B2%E0%B8%87%E0%B8%A7%E0%B8%B4%E0%B9%80%E0%B8%8A%E0%B8%B5%E0%B8%A2%E0%B8%A3%E0%B8%9A%E0%B8%B8%E0%B8%A3%E0%B8%B5/feed HTTP/1.1" 404 134 "-" "Mozilla/5.0 (compatible; MJ12bot/v1.4.8; http://mj12bot.com/)"
2a01:9700:1ada:3c00:eea4:741:b82c:4848 - - [29/Jun/2022:07:52:14 +0000] "GET /wp-content/uploads/2013/12/virtualbox_logo.png HTTP/2.0" 302 154 "https://www.sitepoint.com/" "Mozilla/5.0 (X11; Linux x86_64) AppleWebKit/537.36 (KHTML, like Gecko) Chrome/102.0.0.0 Safari/537.36"
2a01:9700:1ada:3c00:eea4:741:b82c:4848 - - [29/Jun/2022:07:52:15 +0000] "GET /wp-content/uploads/2013/12/virtualbox_logo.png HTTP/2.0" 404 186 "https://www.sitepoint.com/" "Mozilla/5.0 (X11; Linux x86_64) AppleWebKit/537.36 (KHTML, like Gecko) Chrome/102.0.0.0 Safari/537.36"
192.99.37.167 - - [29/Jun/2022:07:52:19 +0000] "GET /node/tag/%E0%B9%84%E0%B8%AD%E0%B8%94%E0%B8%B4%E0%B8%99 HTTP/1.1" 302 154 "-" "Mozilla/5.0 (compatible; MJ12bot/v1.4.8; http://mj12bot.com/)"
192.99.37.167 - - [29/Jun/2022:07:52:29 +0000] "GET /node/tag/%E0%B9%84%E0%B8%AD%E0%B8%94%E0%B8%B4%E0%B8%99 HTTP/1.1" 404 134 "-" "Mozilla/5.0 (compatible; MJ12bot/v1.4.8; http://mj12bot.com/)"
192.99.37.167 - - [29/Jun/2022:07:52:35 +0000] "GET /node/tag/%E0%B9%84%E0%B8%AD%E0%B8%94%E0%B8%B4%E0%B8%99/feed HTTP/1.1" 302 154 "-" "Mozilla/5.0 (compatible; MJ12bot/v1.4.8; http://mj12bot.com/)"
192.99.37.167 - - [29/Jun/2022:07:52:47 +0000] "GET /node/tag/%E0%B9%84%E0%B8%AD%E0%B8%94%E0%B8%B4%E0%B8%99/feed HTTP/1.1" 404 134 "-" "Mozilla/5.0 (compatible; MJ12bot/v1.4.8; http://mj12bot.com/)"
192.99.37.167 - - [29/Jun/2022:07:52:54 +0000] "GET /node/tag/%E0%B8%84%E0%B8%AD%E0%B9%80%E0%B8%84%E0%B8%A5%E0%B9%87%E0%B8%94 HTTP/1.1" 302 154 "-" "Mozilla/5.0 (compatible; MJ12bot/v1.4.8; http://mj12bot.com/)"
192.99.37.167 - - [29/Jun/2022:07:53:07 +0000] "GET /node/tag/%E0%B8%84%E0%B8%AD%E0%B9%80%E0%B8%84%E0%B8%A5%E0%B9%87%E0%B8%94 HTTP/1.1" 404 134 "-" "Mozilla/5.0 (compatible; MJ12bot/v1.4.8; http://mj12bot.com/)"
192.99.37.167 - - [29/Jun/2022:07:53:16 +0000] "GET /node/tag/%E0%B8%97%E0%B8%B5%E0%B9%88%E0%B8%A1%E0%B8%B2:%20http://www.pcworld.com/article/252326/new_ipad_slow_to_recharge_barely_charges_during_use.html HTTP/1.1" 404 134 "-" "Mozilla/5.0 (compatible; MJ12bot/v1.4.8; http://mj12bot.com/)"
192.99.37.167 - - [29/Jun/2022:07:53:22 +0000] "GET /node/tag/%E0%B8%97%E0%B8%B5%E0%B9%88%E0%B8%A1%E0%B8%B2:%20http://www.pcworld.com/article/252326/new_ipad_slow_to_recharge_barely_charges_during_use.html HTTP/1.1" 302 154 "-" "Mozilla/5.0 (compatible; MJ12bot/v1.4.8; http://mj12bot.com/)"
192.99.37.167 - - [29/Jun/2022:07:53:26 +0000] "GET /node/tag/%E0%B8%97%E0%B8%B5%E0%B9%88%E0%B8%A1%E0%B8%B2:%20http:/www.pcworld.com/article/252326/new_ipad_slow_to_recharge_barely_charges_during_use.html HTTP/1.1" 404 134 "-" "Mozilla/5.0 (compatible; MJ12bot/v1.4.8; http://mj12bot.com/)"
185.191.171.44 - - [29/Jun/2022:07:53:37 +0000] "GET /node/date/2005/05/16 HTTP/1.1" 301 178 "-" "Mozilla/5.0 (compatible; SemrushBot/7~bl; +http://www.semrush.com/bot.html)"
114.119.147.74 - - [29/Jun/2022:07:53:38 +0000] "GET /node/335?share=linkedin HTTP/1.1" 302 154 "https://mrchoke.org/node/335?replytocom=397&ak_action=accept_mobile" "Mozilla/5.0 (Linux; Android 7.0;) AppleWebKit/537.36 (KHTML, like Gecko) Mobile Safari/537.36 (compatible; PetalBot;+https://webmaster.petalsearch.com/site/petalbot)"
114.119.147.74 - - [29/Jun/2022:07:53:39 +0000] "GET /node/335?share=linkedin HTTP/1.1" 301 178 "https://mrchoke.org/node/335?replytocom=397&ak_action=accept_mobile" "Mozilla/5.0 (Linux; Android 7.0;) AppleWebKit/537.36 (KHTML, like Gecko) Mobile Safari/537.36 (compatible; PetalBot;+https://webmaster.petalsearch.com/site/petalbot)"
114.119.147.74 - - [29/Jun/2022:07:53:39 +0000] "GET /node/335/?share=linkedin HTTP/1.1" 200 10737 "https://mrchoke.org/node/335?replytocom=397&ak_action=accept_mobile" "Mozilla/5.0 (Linux; Android 7.0;) AppleWebKit/537.36 (KHTML, like Gecko) Mobile Safari/537.36 (compatible; PetalBot;+https://webmaster.petalsearch.com/site/petalbot)"
192.99.37.167 - - [29/Jun/2022:07:53:41 +0000] "GET /node/tag/%E0%B8%99%E0%B9%89%E0%B8%B3%E0%B8%AB%E0%B8%99%E0%B8%B1%E0%B8%81 HTTP/1.1" 302 154 "-" "Mozilla/5.0 (compatible; MJ12bot/v1.4.8; http://mj12bot.com/)"
185.191.171.11 - - [29/Jun/2022:07:53:42 +0000] "GET /node/date/2005/05/16/ HTTP/1.1" 200 8299 "-" "Mozilla/5.0 (compatible; SemrushBot/7~bl; +http://www.semrush.com/bot.html)"
192.99.37.167 - - [29/Jun/2022:07:53:46 +0000] "GET /node/tag/%E0%B8%99%E0%B9%89%E0%B8%B3%E0%B8%AB%E0%B8%99%E0%B8%B1%E0%B8%81 HTTP/1.1" 404 134 "-" "Mozilla/5.0 (compatible; MJ12bot/v1.4.8; http://mj12bot.com/)"
192.99.37.167 - - [29/Jun/2022:07:53:54 +0000] "GET /node/tag/%E0%B8%9B%E0%B8%B1%E0%B9%88%E0%B8%99%E0%B9%80%E0%B8%9E%E0%B8%B7%E0%B9%88%E0%B8%AD%E0%B8%99%E0%B9%89%E0%B8%AD%E0%B8%87 HTTP/1.1" 302 154 "-" "Mozilla/5.0 (compatible; MJ12bot/v1.4.8; http://mj12bot.com/)"
192.99.37.167 - - [29/Jun/2022:07:54:04 +0000] "GET /node/tag/%E0%B8%9B%E0%B8%B1%E0%B9%88%E0%B8%99%E0%B9%80%E0%B8%9E%E0%B8%B7%E0%B9%88%E0%B8%AD%E0%B8%99%E0%B9%89%E0%B8%AD%E0%B8%87 HTTP/1.1" 404 134 "-" "Mozilla/5.0 (compatible; MJ12bot/v1.4.8; http://mj12bot.com/)"
192.99.37.167 - - [29/Jun/2022:07:54:12 +0000] "GET /node/tag/%E0%B8%9B%E0%B9%88%E0%B8%A7%E0%B8%A2 HTTP/1.1" 302 154 "-" "Mozilla/5.0 (compatible; MJ12bot/v1.4.8; http://mj12bot.com/)"
192.99.37.167 - - [29/Jun/2022:07:54:20 +0000] "GET /node/tag/%E0%B8%9B%E0%B9%88%E0%B8%A7%E0%B8%A2 HTTP/1.1" 404 134 "-" "Mozilla/5.0 (compatible; MJ12bot/v1.4.8; http://mj12bot.com/)"
192.99.37.167 - - [29/Jun/2022:07:54:32 +0000] "GET /node/tag/%E0%B8%9E%E0%B8%A3%E0%B8%B0%E0%B8%A3%E0%B8%B2%E0%B8%8A%E0%B8%A7%E0%B8%B1%E0%B8%87%E0%B8%9A%E0%B8%B2%E0%B8%87%E0%B8%9B%E0%B8%B0%E0%B8%AD%E0%B8%B4%E0%B8%99 HTTP/1.1" 302 154 "-" "Mozilla/5.0 (compatible; MJ12bot/v1.4.8; http://mj12bot.com/)"
192.99.37.167 - - [29/Jun/2022:07:54:37 +0000] "GET /node/tag/%E0%B8%9E%E0%B8%A3%E0%B8%B0%E0%B8%A3%E0%B8%B2%E0%B8%8A%E0%B8%A7%E0%B8%B1%E0%B8%87%E0%B8%9A%E0%B8%B2%E0%B8%87%E0%B8%9B%E0%B8%B0%E0%B8%AD%E0%B8%B4%E0%B8%99 HTTP/1.1" 404 134 "-" "Mozilla/5.0 (compatible; MJ12bot/v1.4.8; http://mj12bot.com/)"
192.99.37.167 - - [29/Jun/2022:07:54:43 +0000] "GET /node/tag/%E0%B8%A1-%E0%B8%AD HTTP/1.1" 302 154 "-" "Mozilla/5.0 (compatible; MJ12bot/v1.4.8; http://mj12bot.com/)"
192.99.37.167 - - [29/Jun/2022:07:54:52 +0000] "GET /node/tag/%E0%B8%A1-%E0%B8%AD HTTP/1.1" 404 134 "-" "Mozilla/5.0 (compatible; MJ12bot/v1.4.8; http://mj12bot.com/)"
192.99.37.167 - - [29/Jun/2022:07:55:00 +0000] "GET /node/tag/%E0%B8%A1%E0%B8%B4%E0%B8%A2%E0%B8%B2%E0%B8%9A%E0%B8%B4 HTTP/1.1" 302 154 "-" "Mozilla/5.0 (compatible; MJ12bot/v1.4.8; http://mj12bot.com/)"
192.99.37.167 - - [29/Jun/2022:07:55:08 +0000] "GET /node/tag/%E0%B8%A1%E0%B8%B4%E0%B8%A2%E0%B8%B2%E0%B8%9A%E0%B8%B4 HTTP/1.1" 404 134 "-" "Mozilla/5.0 (compatible; MJ12bot/v1.4.8; http://mj12bot.com/)"
192.99.37.167 - - [29/Jun/2022:07:55:19 +0000] "GET /node/tag/%E0%B8%A7%E0%B8%B1%E0%B8%94%E0%B9%84%E0%B8%9C%E0%B9%88%E0%B8%A5%E0%B9%89%E0%B8%AD%E0%B8%A1 HTTP/1.1" 302 154 "-" "Mozilla/5.0 (compatible; MJ12bot/v1.4.8; http://mj12bot.com/)"
192.99.37.167 - - [29/Jun/2022:07:55:32 +0000] "GET /node/tag/%E0%B8%A7%E0%B8%B1%E0%B8%94%E0%B9%84%E0%B8%9C%E0%B9%88%E0%B8%A5%E0%B9%89%E0%B8%AD%E0%B8%A1 HTTP/1.1" 404 134 "-" "Mozilla/5.0 (compatible; MJ12bot/v1.4.8; http://mj12bot.com/)"
192.99.37.167 - - [29/Jun/2022:07:55:39 +0000] "GET /node/tag/%E0%B8%A7%E0%B8%B1%E0%B8%94%E0%B9%84%E0%B8%9C%E0%B9%89%E0%B8%A5%E0%B9%89%E0%B8%AD%E0%B8%A1 HTTP/1.1" 302 154 "-" "Mozilla/5.0 (compatible; MJ12bot/v1.4.8; http://mj12bot.com/)"
192.99.37.167 - - [29/Jun/2022:07:55:48 +0000] "GET /node/tag/%E0%B8%A7%E0%B8%B1%E0%B8%94%E0%B9%84%E0%B8%9C%E0%B9%89%E0%B8%A5%E0%B9%89%E0%B8%AD%E0%B8%A1 HTTP/1.1" 404 134 "-" "Mozilla/5.0 (compatible; MJ12bot/v1.4.8; http://mj12bot.com/)"
192.99.37.167 - - [29/Jun/2022:07:55:57 +0000] "GET /node/tag/%E0%B8%A8%E0%B8%A3%E0%B8%B5%E0%B8%95%E0%B8%A3%E0%B8%B1%E0%B8%87 HTTP/1.1" 302 154 "-" "Mozilla/5.0 (compatible; MJ12bot/v1.4.8; http://mj12bot.com/)"
192.99.37.167 - - [29/Jun/2022:07:56:05 +0000] "GET /node/tag/%E0%B8%A8%E0%B8%A3%E0%B8%B5%E0%B8%95%E0%B8%A3%E0%B8%B1%E0%B8%87 HTTP/1.1" 404 134 "-" "Mozilla/5.0 (compatible; MJ12bot/v1.4.8; http://mj12bot.com/)"
192.99.37.167 - - [29/Jun/2022:07:56:12 +0000] "GET /node/tag/%E0%B8%AB%E0%B8%A5%E0%B8%B2%E0%B8%99%E0%B9%81%E0%B8%9D%E0%B8%94 HTTP/1.1" 302 154 "-" "Mozilla/5.0 (compatible; MJ12bot/v1.4.8; http://mj12bot.com/)"
192.99.37.167 - - [29/Jun/2022:07:56:17 +0000] "GET /node/tag/%E0%B8%AB%E0%B8%A5%E0%B8%B2%E0%B8%99%E0%B9%81%E0%B8%9D%E0%B8%94 HTTP/1.1" 404 134 "-" "Mozilla/5.0 (compatible; MJ12bot/v1.4.8; http://mj12bot.com/)"
192.99.37.167 - - [29/Jun/2022:07:56:23 +0000] "GET /node/tag/%E0%B9%80%E0%B8%88%E0%B9%87%E0%B8%94%E0%B8%A7%E0%B8%B1%E0%B8%99 HTTP/1.1" 302 154 "-" "Mozilla/5.0 (compatible; MJ12bot/v1.4.8; http://mj12bot.com/)"
192.99.37.167 - - [29/Jun/2022:07:56:29 +0000] "GET /node/tag/%E0%B9%80%E0%B8%88%E0%B9%87%E0%B8%94%E0%B8%A7%E0%B8%B1%E0%B8%99 HTTP/1.1" 404 134 "-" "Mozilla/5.0 (compatible; MJ12bot/v1.4.8; http://mj12bot.com/)"
192.99.37.167 - - [29/Jun/2022:07:56:34 +0000] "GET /node/tag/%E0%B9%80%E0%B8%8B%E0%B8%B5%E0%B8%A2%E0%B8%A3%E0%B9%8C-%E0%B8%A3%E0%B8%B1%E0%B8%87%E0%B8%AA%E0%B8%B4%E0%B8%95 HTTP/1.1" 302 154 "-" "Mozilla/5.0 (compatible; MJ12bot/v1.4.8; http://mj12bot.com/)"
192.99.37.167 - - [29/Jun/2022:07:56:43 +0000] "GET /node/tag/%E0%B9%80%E0%B8%8B%E0%B8%B5%E0%B8%A2%E0%B8%A3%E0%B9%8C-%E0%B8%A3%E0%B8%B1%E0%B8%87%E0%B8%AA%E0%B8%B4%E0%B8%95 HTTP/1.1" 404 134 "-" "Mozilla/5.0 (compatible; MJ12bot/v1.4.8; http://mj12bot.com/)"
114.119.147.87 - - [29/Jun/2022:07:56:49 +0000] "GET /node/466 HTTP/1.1" 302 154 "https://mrchoke.org/node/467?share=facebook" "Mozilla/5.0 (Linux; Android 7.0;) AppleWebKit/537.36 (KHTML, like Gecko) Mobile Safari/537.36 (compatible; PetalBot;+https://webmaster.petalsearch.com/site/petalbot)"
114.119.147.87 - - [29/Jun/2022:07:56:52 +0000] "GET /node/466 HTTP/1.1" 301 178 "https://mrchoke.org/node/467?share=facebook" "Mozilla/5.0 (Linux; Android 7.0;) AppleWebKit/537.36 (KHTML, like Gecko) Mobile Safari/537.36 (compatible; PetalBot;+https://webmaster.petalsearch.com/site/petalbot)"
192.99.37.167 - - [29/Jun/2022:07:56:56 +0000] "GET /node/tag/%E0%B9%80%E0%B8%9E%E0%B8%A5%E0%B8%87 HTTP/1.1" 302 154 "-" "Mozilla/5.0 (compatible; MJ12bot/v1.4.8; http://mj12bot.com/)"
114.119.147.87 - - [29/Jun/2022:07:56:56 +0000] "GET /node/466/ HTTP/1.1" 200 8640 "https://mrchoke.org/node/467?share=facebook" "Mozilla/5.0 (Linux; Android 7.0;) AppleWebKit/537.36 (KHTML, like Gecko) Mobile Safari/537.36 (compatible; PetalBot;+https://webmaster.petalsearch.com/site/petalbot)"
192.99.37.167 - - [29/Jun/2022:07:57:03 +0000] "GET /node/tag/%E0%B9%80%E0%B8%9E%E0%B8%A5%E0%B8%87 HTTP/1.1" 404 134 "-" "Mozilla/5.0 (compatible; MJ12bot/v1.4.8; http://mj12bot.com/)"
192.99.37.167 - - [29/Jun/2022:07:57:12 +0000] "GET /node/%E0%B8%97%E0%B8%B5%E0%B9%88%E0%B8%A1%E0%B8%B2:%20http://www.pcworld.com/article/252326/new_ipad_slow_to_recharge_barely_charges_during_use.html HTTP/1.1" 404 134 "-" "Mozilla/5.0 (compatible; MJ12bot/v1.4.8; http://mj12bot.com/)"
192.99.37.167 - - [29/Jun/2022:07:57:19 +0000] "GET /node/%E0%B8%97%E0%B8%B5%E0%B9%88%E0%B8%A1%E0%B8%B2:%20http://www.pcworld.com/article/252326/new_ipad_slow_to_recharge_barely_charges_during_use.html HTTP/1.1" 302 154 "-" "Mozilla/5.0 (compatible; MJ12bot/v1.4.8; http://mj12bot.com/)"
192.99.37.167 - - [29/Jun/2022:07:57:25 +0000] "GET /node/%E0%B8%97%E0%B8%B5%E0%B9%88%E0%B8%A1%E0%B8%B2:%20http:/www.pcworld.com/article/252326/new_ipad_slow_to_recharge_barely_charges_during_use.html HTTP/1.1" 404 134 "-" "Mozilla/5.0 (compatible; MJ12bot/v1.4.8; http://mj12bot.com/)"
114.119.147.86 - - [29/Jun/2022:07:59:58 +0000] "GET /node/42 HTTP/1.1" 301 178 "https://mrchoke.org/node/date/2006/09/page/2" "Mozilla/5.0 (Linux; Android 7.0;) AppleWebKit/537.36 (KHTML, like Gecko) Mobile Safari/537.36 (compatible; PetalBot;+https://webmaster.petalsearch.com/site/petalbot)"
185.191.171.8 - - [29/Jun/2022:08:00:04 +0000] "GET /node/1786/photo-25-2-14-20-20-20 HTTP/1.1" 302 154 "-" "Mozilla/5.0 (compatible; SemrushBot/7~bl; +http://www.semrush.com/bot.html)"
185.191.171.39 - - [29/Jun/2022:08:00:06 +0000] "GET /node/1786/photo-25-2-14-20-20-20 HTTP/1.1" 301 178 "-" "Mozilla/5.0 (compatible; SemrushBot/7~bl; +http://www.semrush.com/bot.html)"
114.119.147.86 - - [29/Jun/2022:08:00:06 +0000] "GET /node/42/ HTTP/1.1" 200 8680 "https://mrchoke.org/node/date/2006/09/page/2" "Mozilla/5.0 (Linux; Android 7.0;) AppleWebKit/537.36 (KHTML, like Gecko) Mobile Safari/537.36 (compatible; PetalBot;+https://webmaster.petalsearch.com/site/petalbot)"
185.191.171.5 - - [29/Jun/2022:08:00:08 +0000] "GET /node/1786/photo-25-2-14-20-20-20/ HTTP/1.1" 200 7878 "-" "Mozilla/5.0 (compatible; SemrushBot/7~bl; +http://www.semrush.com/bot.html)"
185.191.171.33 - - [29/Jun/2022:08:02:01 +0000] "GET /node/date/2006/09 HTTP/1.1" 302 154 "-" "Mozilla/5.0 (compatible; SemrushBot/7~bl; +http://www.semrush.com/bot.html)"
185.191.171.18 - - [29/Jun/2022:08:02:02 +0000] "GET /node/date/2006/09 HTTP/1.1" 301 178 "-" "Mozilla/5.0 (compatible; SemrushBot/7~bl; +http://www.semrush.com/bot.html)"
185.191.171.25 - - [29/Jun/2022:08:02:05 +0000] "GET /node/date/2006/09/ HTTP/1.1" 200 12353 "-" "Mozilla/5.0 (compatible; SemrushBot/7~bl; +http://www.semrush.com/bot.html)"
114.119.147.75 - - [29/Jun/2022:08:02:58 +0000] "GET /node/date/2005/07/05 HTTP/1.1" 302 154 "https://mrchoke.org/node/13?share=reddit" "Mozilla/5.0 (Linux; Android 7.0;) AppleWebKit/537.36 (KHTML, like Gecko) Mobile Safari/537.36 (compatible; PetalBot;+https://webmaster.petalsearch.com/site/petalbot)"
114.119.147.75 - - [29/Jun/2022:08:03:01 +0000] "GET /node/date/2005/07/05 HTTP/1.1" 301 178 "https://mrchoke.org/node/13?share=reddit" "Mozilla/5.0 (Linux; Android 7.0;) AppleWebKit/537.36 (KHTML, like Gecko) Mobile Safari/537.36 (compatible; PetalBot;+https://webmaster.petalsearch.com/site/petalbot)"
114.119.147.75 - - [29/Jun/2022:08:03:02 +0000] "GET /node/date/2005/07/05/ HTTP/1.1" 200 7923 "https://mrchoke.org/node/13?share=reddit" "Mozilla/5.0 (Linux; Android 7.0;) AppleWebKit/537.36 (KHTML, like Gecko) Mobile Safari/537.36 (compatible; PetalBot;+https://webmaster.petalsearch.com/site/petalbot)"
185.191.171.16 - - [29/Jun/2022:08:05:51 +0000] "GET /node/214 HTTP/1.1" 302 154 "-" "Mozilla/5.0 (compatible; SemrushBot/7~bl; +http://www.semrush.com/bot.html)"
185.191.171.22 - - [29/Jun/2022:08:05:53 +0000] "GET /node/214 HTTP/1.1" 301 178 "-" "Mozilla/5.0 (compatible; SemrushBot/7~bl; +http://www.semrush.com/bot.html)"
185.191.171.38 - - [29/Jun/2022:08:05:56 +0000] "GET /node/214/ HTTP/1.1" 200 8823 "-" "Mozilla/5.0 (compatible; SemrushBot/7~bl; +http://www.semrush.com/bot.html)"
114.119.147.97 - - [29/Jun/2022:08:06:01 +0000] "GET /node/926/img_6352?ak_action=reject_mobile HTTP/1.1" 302 154 "https://mrchoke.org/node/926/img_6352?ak_action=accept_mobile" "Mozilla/5.0 (Linux; Android 7.0;) AppleWebKit/537.36 (KHTML, like Gecko) Mobile Safari/537.36 (compatible; PetalBot;+https://webmaster.petalsearch.com/site/petalbot)"
114.119.147.97 - - [29/Jun/2022:08:06:03 +0000] "GET /node/926/img_6352?ak_action=reject_mobile HTTP/1.1" 301 178 "https://mrchoke.org/node/926/img_6352?ak_action=accept_mobile" "Mozilla/5.0 (Linux; Android 7.0;) AppleWebKit/537.36 (KHTML, like Gecko) Mobile Safari/537.36 (compatible; PetalBot;+https://webmaster.petalsearch.com/site/petalbot)"
114.119.147.97 - - [29/Jun/2022:08:06:03 +0000] "GET /node/926/img_6352/?ak_action=reject_mobile HTTP/1.1" 200 7940 "https://mrchoke.org/node/926/img_6352?ak_action=accept_mobile" "Mozilla/5.0 (Linux; Android 7.0;) AppleWebKit/537.36 (KHTML, like Gecko) Mobile Safari/537.36 (compatible; PetalBot;+https://webmaster.petalsearch.com/site/petalbot)"
185.191.171.38 - - [29/Jun/2022:08:07:57 +0000] "GET /node/835/img_6224 HTTP/1.1" 301 178 "-" "Mozilla/5.0 (compatible; SemrushBot/7~bl; +http://www.semrush.com/bot.html)"
185.191.171.1 - - [29/Jun/2022:08:08:00 +0000] "GET /node/835/img_6224/ HTTP/1.1" 200 7931 "-" "Mozilla/5.0 (compatible; SemrushBot/7~bl; +http://www.semrush.com/bot.html)"
114.119.147.87 - - [29/Jun/2022:08:09:10 +0000] "GET /node/1356/img_7242?share=linkedin HTTP/1.1" 302 154 "https://mrchoke.org/node/1356/img_7242" "Mozilla/5.0 (Linux; Android 7.0;) AppleWebKit/537.36 (KHTML, like Gecko) Mobile Safari/537.36 (compatible; PetalBot;+https://webmaster.petalsearch.com/site/petalbot)"
114.119.147.87 - - [29/Jun/2022:08:09:11 +0000] "GET /node/1356/img_7242?share=linkedin HTTP/1.1" 301 178 "https://mrchoke.org/node/1356/img_7242" "Mozilla/5.0 (Linux; Android 7.0;) AppleWebKit/537.36 (KHTML, like Gecko) Mobile Safari/537.36 (compatible; PetalBot;+https://webmaster.petalsearch.com/site/petalbot)"
114.119.147.87 - - [29/Jun/2022:08:09:15 +0000] "GET /node/1356/img_7242/?share=linkedin HTTP/1.1" 200 7973 "https://mrchoke.org/node/1356/img_7242" "Mozilla/5.0 (Linux; Android 7.0;) AppleWebKit/537.36 (KHTML, like Gecko) Mobile Safari/537.36 (compatible; PetalBot;+https://webmaster.petalsearch.com/site/petalbot)"
185.191.171.43 - - [29/Jun/2022:08:09:25 +0000] "GET /gallery/?g2_enterAlbum=1&g2_itemId=336 HTTP/1.1" 404 134 "-" "Mozilla/5.0 (compatible; SemrushBot/7~bl; +http://www.semrush.com/bot.html)"
185.7.214.104 - - [29/Jun/2022:08:10:48 +0000] "POST /Autodiscover/Autodiscover.xml HTTP/1.1" 404 197 "-" "Mozilla/5.0 (Windows NT 10.0; Win64; x64) AppleWebKit/537.36 (KHTML, like Gecko) Chrome/78.0.3904.108 Safari/537.36"
185.191.171.15 - - [29/Jun/2022:08:11:19 +0000] "GET /node/120 HTTP/1.1" 301 178 "-" "Mozilla/5.0 (compatible; SemrushBot/7~bl; +http://www.semrush.com/bot.html)"
185.191.171.8 - - [29/Jun/2022:08:11:21 +0000] "GET /node/120/ HTTP/1.1" 200 8822 "-" "Mozilla/5.0 (compatible; SemrushBot/7~bl; +http://www.semrush.com/bot.html)"
114.119.147.74 - - [29/Jun/2022:08:12:15 +0000] "GET /node/1504?share=reddit HTTP/1.1" 302 154 "https://mrchoke.org/node/1504?ak_action=accept_mobile" "Mozilla/5.0 (Linux; Android 7.0;) AppleWebKit/537.36 (KHTML, like Gecko) Mobile Safari/537.36 (compatible; PetalBot;+https://webmaster.petalsearch.com/site/petalbot)"
114.119.147.74 - - [29/Jun/2022:08:12:16 +0000] "GET /node/1504?share=reddit HTTP/1.1" 301 178 "https://mrchoke.org/node/1504?ak_action=accept_mobile" "Mozilla/5.0 (Linux; Android 7.0;) AppleWebKit/537.36 (KHTML, like Gecko) Mobile Safari/537.36 (compatible; PetalBot;+https://webmaster.petalsearch.com/site/petalbot)"
114.119.147.74 - - [29/Jun/2022:08:12:16 +0000] "GET /node/1504/?share=reddit HTTP/1.1" 200 10679 "https://mrchoke.org/node/1504?ak_action=accept_mobile" "Mozilla/5.0 (Linux; Android 7.0;) AppleWebKit/537.36 (KHTML, like Gecko) Mobile Safari/537.36 (compatible; PetalBot;+https://webmaster.petalsearch.com/site/petalbot)"
185.191.171.8 - - [29/Jun/2022:08:12:55 +0000] "GET /robots.txt HTTP/1.1" 404 134 "-" "Mozilla/5.0 (compatible; SemrushBot/7~bl; +http://www.semrush.com/bot.html)"
185.191.171.36 - - [29/Jun/2022:08:12:56 +0000] "GET /img_6998 HTTP/1.1" 301 178 "-" "Mozilla/5.0 (compatible; SemrushBot/7~bl; +http://www.semrush.com/bot.html)"
185.191.171.10 - - [29/Jun/2022:08:12:59 +0000] "GET /img_6998/ HTTP/1.1" 200 7889 "-" "Mozilla/5.0 (compatible; SemrushBot/7~bl; +http://www.semrush.com/bot.html)"
114.119.147.74 - - [29/Jun/2022:08:15:23 +0000] "GET /node/432 HTTP/1.1" 302 154 "https://mrchoke.org/node/55" "Mozilla/5.0 (Linux; Android 7.0;) AppleWebKit/537.36 (KHTML, like Gecko) Mobile Safari/537.36 (compatible; PetalBot;+https://webmaster.petalsearch.com/site/petalbot)"
114.119.147.74 - - [29/Jun/2022:08:15:26 +0000] "GET /node/432 HTTP/1.1" 301 178 "https://mrchoke.org/node/55" "Mozilla/5.0 (Linux; Android 7.0;) AppleWebKit/537.36 (KHTML, like Gecko) Mobile Safari/537.36 (compatible; PetalBot;+https://webmaster.petalsearch.com/site/petalbot)"
114.119.147.74 - - [29/Jun/2022:08:15:26 +0000] "GET /node/432/ HTTP/1.1" 200 8018 "https://mrchoke.org/node/55" "Mozilla/5.0 (Linux; Android 7.0;) AppleWebKit/537.36 (KHTML, like Gecko) Mobile Safari/537.36 (compatible; PetalBot;+https://webmaster.petalsearch.com/site/petalbot)"
114.119.147.81 - - [29/Jun/2022:08:18:23 +0000] "GET /node/1496?share=twitter HTTP/1.1" 302 154 "https://mrchoke.org/node/1496?ak_action=accept_mobile" "Mozilla/5.0 (Linux; Android 7.0;) AppleWebKit/537.36 (KHTML, like Gecko) Mobile Safari/537.36 (compatible; PetalBot;+https://webmaster.petalsearch.com/site/petalbot)"
114.119.147.81 - - [29/Jun/2022:08:18:26 +0000] "GET /node/1496?share=twitter HTTP/1.1" 301 178 "https://mrchoke.org/node/1496?ak_action=accept_mobile" "Mozilla/5.0 (Linux; Android 7.0;) AppleWebKit/537.36 (KHTML, like Gecko) Mobile Safari/537.36 (compatible; PetalBot;+https://webmaster.petalsearch.com/site/petalbot)"
114.119.147.81 - - [29/Jun/2022:08:18:28 +0000] "GET /node/1496/?share=twitter HTTP/1.1" 200 9850 "https://mrchoke.org/node/1496?ak_action=accept_mobile" "Mozilla/5.0 (Linux; Android 7.0;) AppleWebKit/537.36 (KHTML, like Gecko) Mobile Safari/537.36 (compatible; PetalBot;+https://webmaster.petalsearch.com/site/petalbot)"
167.248.133.62 - - [29/Jun/2022:08:18:46 +0000] "GET / HTTP/1.1" 200 612 "-" "-"
167.248.133.62 - - [29/Jun/2022:08:18:47 +0000] "GET / HTTP/1.1" 200 396 "-" "Mozilla/5.0 (compatible; CensysInspect/1.1; +https://about.censys.io/)"
167.248.133.62 - - [29/Jun/2022:08:18:47 +0000] "PRI * HTTP/2.0" 400 166 "-" "-"
213.136.90.231 - - [29/Jun/2022:08:19:05 +0000] "GET /.env HTTP/1.1" 404 197 "-" "Mozilla/5.0 (X11; Linux x86_64) AppleWebKit/537.36 (KHTML, like Gecko) Chrome/81.0.4044.129 Safari/537.36"
213.136.90.231 - - [29/Jun/2022:08:19:06 +0000] "POST / HTTP/1.1" 405 568 "-" "Mozilla/5.0 (X11; Linux x86_64) AppleWebKit/537.36 (KHTML, like Gecko) Chrome/81.0.4044.129 Safari/537.36"
185.191.171.11 - - [29/Jun/2022:08:20:51 +0000] "GET /node/tag/%E0%B9%80%E0%B8%AB%E0%B8%A1%E0%B8%A2%E0%B8%9F%E0%B9%89%E0%B8%B2 HTTP/1.1" 404 134 "-" "Mozilla/5.0 (compatible; SemrushBot/7~bl; +http://www.semrush.com/bot.html)"
114.119.147.75 - - [29/Jun/2022:08:21:30 +0000] "GET /node/1558/img_7504 HTTP/1.1" 302 154 "https://mrchoke.org/node/tag/h7?ak_action=reject_mobile" "Mozilla/5.0 (Linux; Android 7.0;) AppleWebKit/537.36 (KHTML, like Gecko) Mobile Safari/537.36 (compatible; PetalBot;+https://webmaster.petalsearch.com/site/petalbot)"
114.119.147.75 - - [29/Jun/2022:08:21:32 +0000] "GET /node/1558/img_7504 HTTP/1.1" 301 178 "https://mrchoke.org/node/tag/h7?ak_action=reject_mobile" "Mozilla/5.0 (Linux; Android 7.0;) AppleWebKit/537.36 (KHTML, like Gecko) Mobile Safari/537.36 (compatible; PetalBot;+https://webmaster.petalsearch.com/site/petalbot)"
114.119.147.75 - - [29/Jun/2022:08:21:33 +0000] "GET /node/1558/img_7504/ HTTP/1.1" 200 7916 "https://mrchoke.org/node/tag/h7?ak_action=reject_mobile" "Mozilla/5.0 (Linux; Android 7.0;) AppleWebKit/537.36 (KHTML, like Gecko) Mobile Safari/537.36 (compatible; PetalBot;+https://webmaster.petalsearch.com/site/petalbot)"
45.9.150.140 - - [29/Jun/2022:08:22:20 +0000] "\x19\x00\x00\x00\x02type\x00" 400 166 "-" "-"
216.244.66.229 - - [29/Jun/2022:08:22:51 +0000] "GET /robots.txt HTTP/1.1" 404 162 "-" "Mozilla/5.0 (compatible; DotBot/1.2; +https://opensiteexplorer.org/dotbot; help@moz.com)"
163.53.252.119 - - [29/Jun/2022:08:22:58 +0000] "GET / HTTP/1.1" 200 612 "-" "Mozilla/5.0 (Windows NT 10.0; WOW64) AppleWebKit/537.36 (KHTML, like Gecko) Chrome/52.0.2743.116 Safari/537.36"
128.1.248.26 - - [29/Jun/2022:08:24:05 +0000] "GET / HTTP/1.1" 200 396 "-" "Mozilla/5.0 (Windows NT 10.0; Win64; x64) AppleWebKit/537.36 (KHTML, like Gecko) Chrome/60.0.3112.113 Safari/537.36"
114.119.147.97 - - [29/Jun/2022:08:24:37 +0000] "GET /node/1510/img_7461 HTTP/1.1" 404 134 "https://mrchoke.org/node/tag/review" "Mozilla/5.0 (Linux; Android 7.0;) AppleWebKit/537.36 (KHTML, like Gecko) Mobile Safari/537.36 (compatible; PetalBot;+https://webmaster.petalsearch.com/site/petalbot)"
216.244.66.229 - - [29/Jun/2022:08:24:38 +0000] "GET /node/14 HTTP/1.1" 404 162 "-" "Mozilla/5.0 (compatible; DotBot/1.2; +https://opensiteexplorer.org/dotbot; help@moz.com)"
185.191.171.16 - - [29/Jun/2022:08:26:14 +0000] "GET /robots.txt HTTP/1.1" 404 134 "-" "Mozilla/5.0 (compatible; SemrushBot/7~bl; +http://www.semrush.com/bot.html)"
185.191.171.33 - - [29/Jun/2022:08:26:15 +0000] "GET /node/date/2004/07/page/4 HTTP/1.1" 302 154 "-" "Mozilla/5.0 (compatible; SemrushBot/7~bl; +http://www.semrush.com/bot.html)"
185.191.171.6 - - [29/Jun/2022:08:26:17 +0000] "GET /node/date/2004/07/page/4 HTTP/1.1" 301 178 "-" "Mozilla/5.0 (compatible; SemrushBot/7~bl; +http://www.semrush.com/bot.html)"
185.191.171.2 - - [29/Jun/2022:08:26:23 +0000] "GET /node/date/2004/07/page/4/ HTTP/1.1" 200 9570 "-" "Mozilla/5.0 (compatible; SemrushBot/7~bl; +http://www.semrush.com/bot.html)"
66.240.205.34 - - [29/Jun/2022:08:27:07 +0000] "H\x00\x00\x00tj\xA8\x9E#D\x98+\xCA\xF0\xA7\xBBl\xC5\x19\xD7\x8D\xB6\x18\xEDJ\x1En\xC1\xF9xu[l\xF0E\x1D-j\xEC\xD4xL\xC9r\xC9\x15\x10u\xE0%\x86Rtg\x05fv\x86]%\xCC\x80\x0C\xE8\xCF\xAE\x00\xB5\xC0f\xC8\x8DD\xC5\x09\xF4" 400 166 "-" "-"
114.119.147.73 - - [29/Jun/2022:08:27:35 +0000] "GET /node/1537?ak_action=reject_mobile HTTP/1.1" 302 154 "https://mrchoke.org/node/1537?ak_action=accept_mobile" "Mozilla/5.0 (Linux; Android 7.0;) AppleWebKit/537.36 (KHTML, like Gecko) Mobile Safari/537.36 (compatible; PetalBot;+https://webmaster.petalsearch.com/site/petalbot)"
114.119.147.73 - - [29/Jun/2022:08:27:35 +0000] "GET /node/1537?ak_action=reject_mobile HTTP/1.1" 301 178 "https://mrchoke.org/node/1537?ak_action=accept_mobile" "Mozilla/5.0 (Linux; Android 7.0;) AppleWebKit/537.36 (KHTML, like Gecko) Mobile Safari/537.36 (compatible; PetalBot;+https://webmaster.petalsearch.com/site/petalbot)"
114.119.147.73 - - [29/Jun/2022:08:27:36 +0000] "GET /node/1537/?ak_action=reject_mobile HTTP/1.1" 200 10910 "https://mrchoke.org/node/1537?ak_action=accept_mobile" "Mozilla/5.0 (Linux; Android 7.0;) AppleWebKit/537.36 (KHTML, like Gecko) Mobile Safari/537.36 (compatible; PetalBot;+https://webmaster.petalsearch.com/site/petalbot)"
114.119.147.73 - - [29/Jun/2022:08:30:44 +0000] "GET /node/122?share=reddit HTTP/1.1" 302 154 "https://mrchoke.org/node/122?ak_action=accept_mobile" "Mozilla/5.0 (Linux; Android 7.0;) AppleWebKit/537.36 (KHTML, like Gecko) Mobile Safari/537.36 (compatible; PetalBot;+https://webmaster.petalsearch.com/site/petalbot)"
114.119.147.73 - - [29/Jun/2022:08:30:45 +0000] "GET /node/122?share=reddit HTTP/1.1" 301 178 "https://mrchoke.org/node/122?ak_action=accept_mobile" "Mozilla/5.0 (Linux; Android 7.0;) AppleWebKit/537.36 (KHTML, like Gecko) Mobile Safari/537.36 (compatible; PetalBot;+https://webmaster.petalsearch.com/site/petalbot)"
114.119.147.73 - - [29/Jun/2022:08:30:45 +0000] "GET /node/122/?share=reddit HTTP/1.1" 200 9920 "https://mrchoke.org/node/122?ak_action=accept_mobile" "Mozilla/5.0 (Linux; Android 7.0;) AppleWebKit/537.36 (KHTML, like Gecko) Mobile Safari/537.36 (compatible; PetalBot;+https://webmaster.petalsearch.com/site/petalbot)"
185.191.171.42 - - [29/Jun/2022:08:31:20 +0000] "GET /node/65/ HTTP/1.1" 200 8729 "-" "Mozilla/5.0 (compatible; SemrushBot/7~bl; +http://www.semrush.com/bot.html)"
114.119.147.81 - - [29/Jun/2022:08:33:43 +0000] "GET /node/date/2006/04/28 HTTP/1.1" 301 178 "https://mrchoke.org/node/494?ak_action=reject_mobile" "Mozilla/5.0 (Linux; Android 7.0;) AppleWebKit/537.36 (KHTML, like Gecko) Mobile Safari/537.36 (compatible; PetalBot;+https://webmaster.petalsearch.com/site/petalbot)"
114.119.147.81 - - [29/Jun/2022:08:33:44 +0000] "GET /node/date/2006/04/28/ HTTP/1.1" 200 9840 "https://mrchoke.org/node/494?ak_action=reject_mobile" "Mozilla/5.0 (Linux; Android 7.0;) AppleWebKit/537.36 (KHTML, like Gecko) Mobile Safari/537.36 (compatible; PetalBot;+https://webmaster.petalsearch.com/site/petalbot)"
114.119.147.73 - - [29/Jun/2022:08:36:48 +0000] "GET /node/152?share=facebook HTTP/1.1" 302 154 "https://mrchoke.org/node/152" "Mozilla/5.0 (Linux; Android 7.0;) AppleWebKit/537.36 (KHTML, like Gecko) Mobile Safari/537.36 (compatible; PetalBot;+https://webmaster.petalsearch.com/site/petalbot)"
114.119.147.73 - - [29/Jun/2022:08:36:48 +0000] "GET /node/152?share=facebook HTTP/1.1" 301 178 "https://mrchoke.org/node/152" "Mozilla/5.0 (Linux; Android 7.0;) AppleWebKit/537.36 (KHTML, like Gecko) Mobile Safari/537.36 (compatible; PetalBot;+https://webmaster.petalsearch.com/site/petalbot)"
114.119.147.73 - - [29/Jun/2022:08:36:49 +0000] "GET /node/152/?share=facebook HTTP/1.1" 200 10956 "https://mrchoke.org/node/152" "Mozilla/5.0 (Linux; Android 7.0;) AppleWebKit/537.36 (KHTML, like Gecko) Mobile Safari/537.36 (compatible; PetalBot;+https://webmaster.petalsearch.com/site/petalbot)"
185.191.171.16 - - [29/Jun/2022:08:36:58 +0000] "GET /ch7_3994 HTTP/1.1" 301 178 "-" "Mozilla/5.0 (compatible; SemrushBot/7~bl; +http://www.semrush.com/bot.html)"
185.191.171.18 - - [29/Jun/2022:08:37:01 +0000] "GET /ch7_3994/ HTTP/1.1" 200 7877 "-" "Mozilla/5.0 (compatible; SemrushBot/7~bl; +http://www.semrush.com/bot.html)"
114.119.147.81 - - [29/Jun/2022:08:39:55 +0000] "GET /node/date/2004/10/07 HTTP/1.1" 301 178 "https://mrchoke.org/node/384" "Mozilla/5.0 (Linux; Android 7.0;) AppleWebKit/537.36 (KHTML, like Gecko) Mobile Safari/537.36 (compatible; PetalBot;+https://webmaster.petalsearch.com/site/petalbot)"
114.119.147.81 - - [29/Jun/2022:08:39:57 +0000] "GET /node/date/2004/10/07/ HTTP/1.1" 200 8377 "https://mrchoke.org/node/384" "Mozilla/5.0 (Linux; Android 7.0;) AppleWebKit/537.36 (KHTML, like Gecko) Mobile Safari/537.36 (compatible; PetalBot;+https://webmaster.petalsearch.com/site/petalbot)"
185.189.182.234 - - [29/Jun/2022:08:43:07 +0000] "GET /fHEi HTTP/1.1" 400 166 "-" "-"
114.119.147.87 - - [29/Jun/2022:08:43:10 +0000] "GET /node/1754 HTTP/1.1" 302 154 "https://mrchoke.org/node/tag/bike/page/2" "Mozilla/5.0 (Linux; Android 7.0;) AppleWebKit/537.36 (KHTML, like Gecko) Mobile Safari/537.36 (compatible; PetalBot;+https://webmaster.petalsearch.com/site/petalbot)"
114.119.147.74 - - [29/Jun/2022:08:43:10 +0000] "GET /node/1754 HTTP/1.1" 302 154 "https://mrchoke.org/node/tag/bike/page/2" "Mozilla/5.0 (Linux; Android 7.0;) AppleWebKit/537.36 (KHTML, like Gecko) Mobile Safari/537.36 (compatible; PetalBot;+https://webmaster.petalsearch.com/site/petalbot)"
114.119.147.87 - - [29/Jun/2022:08:43:14 +0000] "GET /node/1754 HTTP/1.1" 301 178 "https://mrchoke.org/node/tag/bike/page/2" "Mozilla/5.0 (Linux; Android 7.0;) AppleWebKit/537.36 (KHTML, like Gecko) Mobile Safari/537.36 (compatible; PetalBot;+https://webmaster.petalsearch.com/site/petalbot)"
114.119.147.87 - - [29/Jun/2022:08:43:16 +0000] "GET /node/1754/ HTTP/1.1" 200 9864 "https://mrchoke.org/node/tag/bike/page/2" "Mozilla/5.0 (Linux; Android 7.0;) AppleWebKit/537.36 (KHTML, like Gecko) Mobile Safari/537.36 (compatible; PetalBot;+https://webmaster.petalsearch.com/site/petalbot)"
114.119.147.74 - - [29/Jun/2022:08:43:27 +0000] "GET /node/1754 HTTP/1.1" 301 178 "https://mrchoke.org/node/tag/bike/page/2" "Mozilla/5.0 (Linux; Android 7.0;) AppleWebKit/537.36 (KHTML, like Gecko) Mobile Safari/537.36 (compatible; PetalBot;+https://webmaster.petalsearch.com/site/petalbot)"
40.77.167.43 - - [29/Jun/2022:08:44:53 +0000] "GET /node/83/feed HTTP/2.0" 301 178 "-" "Mozilla/5.0 (compatible; bingbot/2.0; +http://www.bing.com/bingbot.htm)"
40.77.167.43 - - [29/Jun/2022:08:45:02 +0000] "GET /node/83/feed/ HTTP/2.0" 403 123 "-" "Mozilla/5.0 (compatible; bingbot/2.0; +http://www.bing.com/bingbot.htm)"
114.119.147.86 - - [29/Jun/2022:08:46:10 +0000] "GET /node/1428 HTTP/1.1" 301 178 "https://static.mrchoke.org/node/1428/img_7289" "Mozilla/5.0 (Linux; Android 7.0;) AppleWebKit/537.36 (KHTML, like Gecko) Mobile Safari/537.36 (compatible; PetalBot;+https://webmaster.petalsearch.com/site/petalbot)"
96.44.143.86 - - [29/Jun/2022:08:46:10 +0000] "GET / HTTP/1.1" 200 612 "-" "-"
114.119.147.86 - - [29/Jun/2022:08:46:10 +0000] "GET /node/1428/ HTTP/1.1" 200 10881 "https://static.mrchoke.org/node/1428/img_7289" "Mozilla/5.0 (Linux; Android 7.0;) AppleWebKit/537.36 (KHTML, like Gecko) Mobile Safari/537.36 (compatible; PetalBot;+https://webmaster.petalsearch.com/site/petalbot)"
185.191.171.41 - - [29/Jun/2022:08:47:21 +0000] "GET /node/500 HTTP/1.1" 301 178 "-" "Mozilla/5.0 (compatible; SemrushBot/7~bl; +http://www.semrush.com/bot.html)"
185.191.171.20 - - [29/Jun/2022:08:47:25 +0000] "GET /node/500/ HTTP/1.1" 200 8789 "-" "Mozilla/5.0 (compatible; SemrushBot/7~bl; +http://www.semrush.com/bot.html)"
185.191.171.41 - - [29/Jun/2022:08:47:48 +0000] "GET /node/1908/screenshot-2016-04-22-11-51-25 HTTP/1.1" 301 178 "-" "Mozilla/5.0 (compatible; SemrushBot/7~bl; +http://www.semrush.com/bot.html)"
185.191.171.10 - - [29/Jun/2022:08:47:51 +0000] "GET /node/1908/screenshot-2016-04-22-11-51-25/ HTTP/1.1" 200 7929 "-" "Mozilla/5.0 (compatible; SemrushBot/7~bl; +http://www.semrush.com/bot.html)"
114.119.147.86 - - [29/Jun/2022:08:52:17 +0000] "GET /node/407?share=reddit HTTP/1.1" 302 154 "https://mrchoke.org/node/407" "Mozilla/5.0 (Linux; Android 7.0;) AppleWebKit/537.36 (KHTML, like Gecko) Mobile Safari/537.36 (compatible; PetalBot;+https://webmaster.petalsearch.com/site/petalbot)"
114.119.147.86 - - [29/Jun/2022:08:52:17 +0000] "GET /node/407?share=reddit HTTP/1.1" 301 178 "https://mrchoke.org/node/407" "Mozilla/5.0 (Linux; Android 7.0;) AppleWebKit/537.36 (KHTML, like Gecko) Mobile Safari/537.36 (compatible; PetalBot;+https://webmaster.petalsearch.com/site/petalbot)"
114.119.147.86 - - [29/Jun/2022:08:52:17 +0000] "GET /node/407/?share=reddit HTTP/1.1" 200 8833 "https://mrchoke.org/node/407" "Mozilla/5.0 (Linux; Android 7.0;) AppleWebKit/537.36 (KHTML, like Gecko) Mobile Safari/537.36 (compatible; PetalBot;+https://webmaster.petalsearch.com/site/petalbot)"
185.21.216.169 - - [29/Jun/2022:08:53:55 +0000] "GET / HTTP/1.1" 200 396 "-" "Mozilla/5.0 (Macintosh; Intel Mac OS X 10_15_7) AppleWebKit/537.36 (KHTML, like Gecko) Chrome/102.0.0.0 Safari/537.36"
185.7.214.104 - - [29/Jun/2022:08:54:37 +0000] "GET /_ignition/execute-solution HTTP/1.1" 404 197 "-" "Mozilla/5.0 (Windows NT 10.0; Win64; x64) AppleWebKit/537.36 (KHTML, like Gecko) Chrome/78.0.3904.108 Safari/537.36"
114.119.147.81 - - [29/Jun/2022:08:55:21 +0000] "GET /node/1335?ak_action=reject_mobile HTTP/1.1" 302 154 "https://mrchoke.org/node/1335?ak_action=accept_mobile" "Mozilla/5.0 (Linux; Android 7.0;) AppleWebKit/537.36 (KHTML, like Gecko) Mobile Safari/537.36 (compatible; PetalBot;+https://webmaster.petalsearch.com/site/petalbot)"
185.191.171.5 - - [29/Jun/2022:08:55:21 +0000] "GET /node/410 HTTP/1.1" 301 178 "-" "Mozilla/5.0 (compatible; SemrushBot/7~bl; +http://www.semrush.com/bot.html)"
185.191.171.36 - - [29/Jun/2022:08:55:23 +0000] "GET /node/410/ HTTP/1.1" 200 9588 "-" "Mozilla/5.0 (compatible; SemrushBot/7~bl; +http://www.semrush.com/bot.html)"
114.119.147.81 - - [29/Jun/2022:08:55:30 +0000] "GET /node/1335?ak_action=reject_mobile HTTP/1.1" 301 178 "https://mrchoke.org/node/1335?ak_action=accept_mobile" "Mozilla/5.0 (Linux; Android 7.0;) AppleWebKit/537.36 (KHTML, like Gecko) Mobile Safari/537.36 (compatible; PetalBot;+https://webmaster.petalsearch.com/site/petalbot)"
114.119.147.81 - - [29/Jun/2022:08:55:36 +0000] "GET /node/1335/?ak_action=reject_mobile HTTP/1.1" 200 9391 "https://mrchoke.org/node/1335?ak_action=accept_mobile" "Mozilla/5.0 (Linux; Android 7.0;) AppleWebKit/537.36 (KHTML, like Gecko) Mobile Safari/537.36 (compatible; PetalBot;+https://webmaster.petalsearch.com/site/petalbot)"
54.236.1.22 - - [29/Jun/2022:08:56:37 +0000] "GET /wp-content/uploads/2012/05/IMG_1731-150x150.jpg HTTP/1.1" 200 5614 "-" "python-requests/2.27.1"
49.7.21.89 - - [29/Jun/2022:08:56:46 +0000] "GET / HTTP/1.1" 200 294 "-" "Sogou web spider/4.0(+http://www.sogou.com/docs/help/webmasters.htm#07)"
51.222.253.17 - - [29/Jun/2022:08:57:04 +0000] "GET /robots.txt HTTP/2.0" 404 123 "-" "Mozilla/5.0 (compatible; AhrefsBot/7.0; +http://ahrefs.com/robot/)"
51.222.253.7 - - [29/Jun/2022:08:57:06 +0000] "GET /node/date/2006/07/13/ HTTP/2.0" 200 7814 "-" "Mozilla/5.0 (compatible; AhrefsBot/7.0; +http://ahrefs.com/robot/)"
172.105.85.90 - - [29/Jun/2022:08:57:11 +0000] "GET / HTTP/1.0" 301 178 "-" "-"
114.119.147.75 - - [29/Jun/2022:08:58:23 +0000] "GET /node/616 HTTP/1.1" 302 154 "https://mrchoke.org/node/tag/ipv6" "Mozilla/5.0 (Linux; Android 7.0;) AppleWebKit/537.36 (KHTML, like Gecko) Mobile Safari/537.36 (compatible; PetalBot;+https://webmaster.petalsearch.com/site/petalbot)"
114.119.147.75 - - [29/Jun/2022:08:58:28 +0000] "GET /node/616 HTTP/1.1" 301 178 "https://mrchoke.org/node/tag/ipv6" "Mozilla/5.0 (Linux; Android 7.0;) AppleWebKit/537.36 (KHTML, like Gecko) Mobile Safari/537.36 (compatible; PetalBot;+https://webmaster.petalsearch.com/site/petalbot)"
114.119.147.75 - - [29/Jun/2022:08:58:30 +0000] "GET /node/616/ HTTP/1.1" 200 8000 "https://mrchoke.org/node/tag/ipv6" "Mozilla/5.0 (Linux; Android 7.0;) AppleWebKit/537.36 (KHTML, like Gecko) Mobile Safari/537.36 (compatible; PetalBot;+https://webmaster.petalsearch.com/site/petalbot)"
51.222.253.15 - - [29/Jun/2022:08:58:46 +0000] "GET /node/date/2005/09/22/ HTTP/2.0" 200 7923 "-" "Mozilla/5.0 (compatible; AhrefsBot/7.0; +http://ahrefs.com/robot/)"
51.222.253.10 - - [29/Jun/2022:09:00:23 +0000] "GET /node/tag/hot-pot/ HTTP/2.0" 200 10564 "-" "Mozilla/5.0 (compatible; AhrefsBot/7.0; +http://ahrefs.com/robot/)"
167.94.138.117 - - [29/Jun/2022:09:02:03 +0000] "GET / HTTP/1.1" 200 612 "-" "-"
167.94.138.117 - - [29/Jun/2022:09:02:03 +0000] "GET / HTTP/1.1" 200 396 "-" "Mozilla/5.0 (compatible; CensysInspect/1.1; +https://about.censys.io/)"
167.94.138.117 - - [29/Jun/2022:09:02:04 +0000] "PRI * HTTP/2.0" 400 166 "-" "-"
51.222.253.14 - - [29/Jun/2022:09:02:12 +0000] "GET /node/date/2007/12/20/ HTTP/2.0" 200 8152 "-" "Mozilla/5.0 (compatible; AhrefsBot/7.0; +http://ahrefs.com/robot/)"
51.222.253.15 - - [29/Jun/2022:09:03:52 +0000] "GET /node/date/2006/10/09/ HTTP/2.0" 200 11474 "-" "Mozilla/5.0 (compatible; AhrefsBot/7.0; +http://ahrefs.com/robot/)"
51.222.253.10 - - [29/Jun/2022:09:05:38 +0000] "GET /node/date/2005/09/23/ HTTP/2.0" 200 7589 "-" "Mozilla/5.0 (compatible; AhrefsBot/7.0; +http://ahrefs.com/robot/)"
172.105.85.90 - - [29/Jun/2022:09:06:17 +0000] "GET /nmaplowercheck1656493576 HTTP/1.1" 301 178 "-" "\x22Mozilla/5.0"
172.105.85.90 - - [29/Jun/2022:09:06:18 +0000] "GET /HNAP1 HTTP/1.1" 301 178 "-" "\x22Mozilla/5.0"
51.222.253.2 - - [29/Jun/2022:09:07:17 +0000] "GET /node/date/2005/02/26/ HTTP/2.0" 200 8865 "-" "Mozilla/5.0 (compatible; AhrefsBot/7.0; +http://ahrefs.com/robot/)"
114.119.147.73 - - [29/Jun/2022:09:08:02 +0000] "GET /node/date/2004/11/29 HTTP/1.1" 302 154 "https://mrchoke.org/node/507?share=twitter" "Mozilla/5.0 (Linux; Android 7.0;) AppleWebKit/537.36 (KHTML, like Gecko) Mobile Safari/537.36 (compatible; PetalBot;+https://webmaster.petalsearch.com/site/petalbot)"
114.119.147.73 - - [29/Jun/2022:09:08:09 +0000] "GET /node/date/2004/11/29 HTTP/1.1" 301 178 "https://mrchoke.org/node/507?share=twitter" "Mozilla/5.0 (Linux; Android 7.0;) AppleWebKit/537.36 (KHTML, like Gecko) Mobile Safari/537.36 (compatible; PetalBot;+https://webmaster.petalsearch.com/site/petalbot)"
114.119.147.73 - - [29/Jun/2022:09:08:11 +0000] "GET /node/date/2004/11/29/ HTTP/1.1" 200 8120 "https://mrchoke.org/node/507?share=twitter" "Mozilla/5.0 (Linux; Android 7.0;) AppleWebKit/537.36 (KHTML, like Gecko) Mobile Safari/537.36 (compatible; PetalBot;+https://webmaster.petalsearch.com/site/petalbot)"
51.222.253.2 - - [29/Jun/2022:09:09:10 +0000] "GET /node/date/2006/10/22/page/3/ HTTP/2.0" 200 11193 "-" "Mozilla/5.0 (compatible; AhrefsBot/7.0; +http://ahrefs.com/robot/)"
114.119.147.75 - - [29/Jun/2022:09:10:54 +0000] "GET /node/452?share=twitter HTTP/1.1" 302 154 "https://mrchoke.org/node/452?ak_action=accept_mobile" "Mozilla/5.0 (Linux; Android 7.0;) AppleWebKit/537.36 (KHTML, like Gecko) Mobile Safari/537.36 (compatible; PetalBot;+https://webmaster.petalsearch.com/site/petalbot)"
114.119.147.75 - - [29/Jun/2022:09:11:00 +0000] "GET /node/452?share=twitter HTTP/1.1" 301 178 "https://mrchoke.org/node/452?ak_action=accept_mobile" "Mozilla/5.0 (Linux; Android 7.0;) AppleWebKit/537.36 (KHTML, like Gecko) Mobile Safari/537.36 (compatible; PetalBot;+https://webmaster.petalsearch.com/site/petalbot)"
51.222.253.19 - - [29/Jun/2022:09:11:03 +0000] "GET /node/date/2005/02/19/ HTTP/2.0" 200 8344 "-" "Mozilla/5.0 (compatible; AhrefsBot/7.0; +http://ahrefs.com/robot/)"
114.119.147.75 - - [29/Jun/2022:09:11:06 +0000] "GET /node/452/?share=twitter HTTP/1.1" 200 9568 "https://mrchoke.org/node/452?ak_action=accept_mobile" "Mozilla/5.0 (Linux; Android 7.0;) AppleWebKit/537.36 (KHTML, like Gecko) Mobile Safari/537.36 (compatible; PetalBot;+https://webmaster.petalsearch.com/site/petalbot)"
40.77.167.46 - - [29/Jun/2022:09:11:17 +0000] "GET /feed/?attachment_id=1635 HTTP/2.0" 403 123 "-" "Mozilla/5.0 (compatible; bingbot/2.0; +http://www.bing.com/bingbot.htm)"
51.222.253.5 - - [29/Jun/2022:09:12:54 +0000] "GET /node/tag/time-lapse/ HTTP/2.0" 200 11942 "-" "Mozilla/5.0 (compatible; AhrefsBot/7.0; +http://ahrefs.com/robot/)"
114.119.147.74 - - [29/Jun/2022:09:14:01 +0000] "GET /node/date/2006/10/page/8 HTTP/1.1" 302 154 "https://mrchoke.org/node/date/2006/10/page/7" "Mozilla/5.0 (Linux; Android 7.0;) AppleWebKit/537.36 (KHTML, like Gecko) Mobile Safari/537.36 (compatible; PetalBot;+https://webmaster.petalsearch.com/site/petalbot)"
114.119.147.74 - - [29/Jun/2022:09:14:02 +0000] "GET /node/date/2006/10/page/8 HTTP/1.1" 301 178 "https://mrchoke.org/node/date/2006/10/page/7" "Mozilla/5.0 (Linux; Android 7.0;) AppleWebKit/537.36 (KHTML, like Gecko) Mobile Safari/537.36 (compatible; PetalBot;+https://webmaster.petalsearch.com/site/petalbot)"
114.119.147.74 - - [29/Jun/2022:09:14:03 +0000] "GET /node/date/2006/10/page/8/ HTTP/1.1" 200 12594 "https://mrchoke.org/node/date/2006/10/page/7" "Mozilla/5.0 (Linux; Android 7.0;) AppleWebKit/537.36 (KHTML, like Gecko) Mobile Safari/537.36 (compatible; PetalBot;+https://webmaster.petalsearch.com/site/petalbot)"
51.222.253.19 - - [29/Jun/2022:09:14:49 +0000] "GET /node/date/2005/02/16/ HTTP/2.0" 200 8530 "-" "Mozilla/5.0 (compatible; AhrefsBot/7.0; +http://ahrefs.com/robot/)"
49.229.108.183 - - [29/Jun/2022:09:15:24 +0000] "GET /?fbclid=IwAR1awh5Dd7kWtYeC4ocV3hTM6LZtX8DXo8lJpyh3s9U3ha66l9ksNt631YI HTTP/2.0" 200 282 "https://l.facebook.com/" "Mozilla/5.0 (Macintosh; Intel Mac OS X 10_15_7) AppleWebKit/537.36 (KHTML, like Gecko) Chrome/102.0.0.0 Safari/537.36"
49.229.108.183 - - [29/Jun/2022:09:15:24 +0000] "GET /favicon.ico HTTP/2.0" 200 1150 "https://mrchoke.org/?fbclid=IwAR1awh5Dd7kWtYeC4ocV3hTM6LZtX8DXo8lJpyh3s9U3ha66l9ksNt631YI" "Mozilla/5.0 (Macintosh; Intel Mac OS X 10_15_7) AppleWebKit/537.36 (KHTML, like Gecko) Chrome/102.0.0.0 Safari/537.36"
49.229.108.183 - - [29/Jun/2022:09:15:37 +0000] "GET /?fbclid=IwAR1awh5Dd7kWtYeC4ocV3hTM6LZtX8DXo8lJpyh3s9U3ha66l9ksNt631YI HTTP/2.0" 304 0 "https://l.facebook.com/" "Mozilla/5.0 (Macintosh; Intel Mac OS X 10_15_7) AppleWebKit/537.36 (KHTML, like Gecko) Chrome/102.0.0.0 Safari/537.36"
49.229.108.183 - - [29/Jun/2022:09:15:39 +0000] "GET / HTTP/2.0" 200 15995 "https://mrchoke.org/" "Mozilla/5.0 (Macintosh; Intel Mac OS X 10_15_7) AppleWebKit/537.36 (KHTML, like Gecko) Chrome/102.0.0.0 Safari/537.36"
49.229.108.183 - - [29/Jun/2022:09:15:39 +0000] "GET /wp-content/themes/manifest/style.css HTTP/2.0" 200 21725 "https://static.mrchoke.org/" "Mozilla/5.0 (Macintosh; Intel Mac OS X 10_15_7) AppleWebKit/537.36 (KHTML, like Gecko) Chrome/102.0.0.0 Safari/537.36"
49.229.108.183 - - [29/Jun/2022:09:15:39 +0000] "GET /wp-includes/css/dist/block-library/style.min.css?ver=5.7.1 HTTP/2.0" 200 58171 "https://static.mrchoke.org/" "Mozilla/5.0 (Macintosh; Intel Mac OS X 10_15_7) AppleWebKit/537.36 (KHTML, like Gecko) Chrome/102.0.0.0 Safari/537.36"
49.229.108.183 - - [29/Jun/2022:09:15:39 +0000] "GET /wp-includes/js/wp-embed.min.js?ver=5.7.1 HTTP/2.0" 200 1426 "https://static.mrchoke.org/" "Mozilla/5.0 (Macintosh; Intel Mac OS X 10_15_7) AppleWebKit/537.36 (KHTML, like Gecko) Chrome/102.0.0.0 Safari/537.36"
49.229.108.183 - - [29/Jun/2022:09:15:39 +0000] "GET /wp-includes/js/wp-emoji-release.min.js?ver=5.7.1 HTTP/2.0" 200 14229 "https://static.mrchoke.org/" "Mozilla/5.0 (Macintosh; Intel Mac OS X 10_15_7) AppleWebKit/537.36 (KHTML, like Gecko) Chrome/102.0.0.0 Safari/537.36"
49.229.108.183 - - [29/Jun/2022:09:15:39 +0000] "GET /wp-content/uploads/2016/05/img_1267.jpg HTTP/2.0" 200 2169396 "https://static.mrchoke.org/" "Mozilla/5.0 (Macintosh; Intel Mac OS X 10_15_7) AppleWebKit/537.36 (KHTML, like Gecko) Chrome/102.0.0.0 Safari/537.36"
49.229.108.183 - - [29/Jun/2022:09:15:44 +0000] "GET /wp-content/uploads/2016/05/img_1381.jpg HTTP/2.0" 200 358079 "https://static.mrchoke.org/" "Mozilla/5.0 (Macintosh; Intel Mac OS X 10_15_7) AppleWebKit/537.36 (KHTML, like Gecko) Chrome/102.0.0.0 Safari/537.36"
49.229.108.183 - - [29/Jun/2022:09:15:47 +0000] "GET /wp-content/uploads/2016/05/img_1380.jpg HTTP/2.0" 200 719448 "https://static.mrchoke.org/" "Mozilla/5.0 (Macintosh; Intel Mac OS X 10_15_7) AppleWebKit/537.36 (KHTML, like Gecko) Chrome/102.0.0.0 Safari/537.36"
49.229.108.183 - - [29/Jun/2022:09:15:47 +0000] "GET /wp-content/uploads/2016/05/img_1379.jpg HTTP/2.0" 200 54172 "https://static.mrchoke.org/" "Mozilla/5.0 (Macintosh; Intel Mac OS X 10_15_7) AppleWebKit/537.36 (KHTML, like Gecko) Chrome/102.0.0.0 Safari/537.36"
49.229.108.183 - - [29/Jun/2022:09:15:48 +0000] "GET /wp-content/uploads/2016/05/img_1378.jpg HTTP/2.0" 200 502155 "https://static.mrchoke.org/" "Mozilla/5.0 (Macintosh; Intel Mac OS X 10_15_7) AppleWebKit/537.36 (KHTML, like Gecko) Chrome/102.0.0.0 Safari/537.36"
49.229.108.183 - - [29/Jun/2022:09:15:48 +0000] "GET /wp-content/uploads/2016/05/img_1377.jpg HTTP/2.0" 200 553598 "https://static.mrchoke.org/" "Mozilla/5.0 (Macintosh; Intel Mac OS X 10_15_7) AppleWebKit/537.36 (KHTML, like Gecko) Chrome/102.0.0.0 Safari/537.36"
49.229.108.183 - - [29/Jun/2022:09:15:49 +0000] "GET /wp-content/uploads/2016/05/img_1376.jpg HTTP/2.0" 200 586743 "https://static.mrchoke.org/" "Mozilla/5.0 (Macintosh; Intel Mac OS X 10_15_7) AppleWebKit/537.36 (KHTML, like Gecko) Chrome/102.0.0.0 Safari/537.36"
49.229.108.183 - - [29/Jun/2022:09:15:49 +0000] "GET /wp-content/uploads/2016/05/img_1375-1.jpg HTTP/2.0" 200 615337 "https://static.mrchoke.org/" "Mozilla/5.0 (Macintosh; Intel Mac OS X 10_15_7) AppleWebKit/537.36 (KHTML, like Gecko) Chrome/102.0.0.0 Safari/537.36"
49.229.108.183 - - [29/Jun/2022:09:15:49 +0000] "GET /wp-content/uploads/2016/05/img_1374.jpg HTTP/2.0" 200 433564 "https://static.mrchoke.org/" "Mozilla/5.0 (Macintosh; Intel Mac OS X 10_15_7) AppleWebKit/537.36 (KHTML, like Gecko) Chrome/102.0.0.0 Safari/537.36"
49.229.108.183 - - [29/Jun/2022:09:15:49 +0000] "GET /wp-content/uploads/2016/05/img_1373.jpg HTTP/2.0" 200 563533 "https://static.mrchoke.org/" "Mozilla/5.0 (Macintosh; Intel Mac OS X 10_15_7) AppleWebKit/537.36 (KHTML, like Gecko) Chrome/102.0.0.0 Safari/537.36"
49.229.108.183 - - [29/Jun/2022:09:15:49 +0000] "GET /wp-content/uploads/2016/05/img_1372.jpg HTTP/2.0" 200 784171 "https://static.mrchoke.org/" "Mozilla/5.0 (Macintosh; Intel Mac OS X 10_15_7) AppleWebKit/537.36 (KHTML, like Gecko) Chrome/102.0.0.0 Safari/537.36"
49.229.108.183 - - [29/Jun/2022:09:15:50 +0000] "GET /wp-content/uploads/2016/05/img_1371.jpg HTTP/2.0" 200 819566 "https://static.mrchoke.org/" "Mozilla/5.0 (Macintosh; Intel Mac OS X 10_15_7) AppleWebKit/537.36 (KHTML, like Gecko) Chrome/102.0.0.0 Safari/537.36"
