114.119.147.73 - - [22/Jun/2022:07:20:50 +0000] "GET /node/114?ak_action=accept_mobile HTTP/1.1" 301 178 "https://mrchoke.org/node/114?ak_action=reject_mobile" "Mozilla/5.0 (Linux; Android 7.0;) AppleWebKit/537.36 (KHTML, like Gecko) Mobile Safari/537.36 (compatible; PetalBot;+https://webmaster.petalsearch.com/site/petalbot)"
114.119.147.97 - - [22/Jun/2022:07:20:58 +0000] "GET /node/581/img_1731?share=twitter HTTP/1.1" 302 154 "https://mrchoke.org/node/581/img_1731?ak_action=accept_mobile" "Mozilla/5.0 (Linux; Android 7.0;) AppleWebKit/537.36 (KHTML, like Gecko) Mobile Safari/537.36 (compatible; PetalBot;+https://webmaster.petalsearch.com/site/petalbot)"
114.119.147.97 - - [22/Jun/2022:07:21:02 +0000] "GET /node/581/img_1731?share=twitter HTTP/1.1" 301 178 "https://mrchoke.org/node/581/img_1731?ak_action=accept_mobile" "Mozilla/5.0 (Linux; Android 7.0;) AppleWebKit/537.36 (KHTML, like Gecko) Mobile Safari/537.36 (compatible; PetalBot;+https://webmaster.petalsearch.com/site/petalbot)"
114.119.147.97 - - [22/Jun/2022:07:21:08 +0000] "GET /node/581/img_1731/?share=twitter HTTP/1.1" 200 7908 "https://mrchoke.org/node/581/img_1731?ak_action=accept_mobile" "Mozilla/5.0 (Linux; Android 7.0;) AppleWebKit/537.36 (KHTML, like Gecko) Mobile Safari/537.36 (compatible; PetalBot;+https://webmaster.petalsearch.com/site/petalbot)"
216.244.66.229 - - [22/Jun/2022:07:22:49 +0000] "GET /songs/flv/nakon/?C=D;O=A HTTP/1.1" 404 162 "-" "Mozilla/5.0 (compatible; DotBot/1.2; +https://opensiteexplorer.org/dotbot; help@moz.com)"
185.191.171.8 - - [22/Jun/2022:07:23:17 +0000] "GET /node/338 HTTP/1.1" 302 154 "-" "Mozilla/5.0 (compatible; SemrushBot/7~bl; +http://www.semrush.com/bot.html)"
185.191.171.22 - - [22/Jun/2022:07:23:19 +0000] "GET /node/338 HTTP/1.1" 301 178 "-" "Mozilla/5.0 (compatible; SemrushBot/7~bl; +http://www.semrush.com/bot.html)"
185.191.171.11 - - [22/Jun/2022:07:23:24 +0000] "GET /node/338/ HTTP/1.1" 200 8689 "-" "Mozilla/5.0 (compatible; SemrushBot/7~bl; +http://www.semrush.com/bot.html)"
35.233.62.116 - - [22/Jun/2022:07:23:24 +0000] "GET / HTTP/1.1" 200 396 "-" "python-requests/2.28.0"
114.119.147.81 - - [22/Jun/2022:07:24:11 +0000] "GET /node/1208/screenshot-2014-01-17-22-46-11 HTTP/1.1" 301 178 "https://static.mrchoke.org/node/date/2014/01/page/3" "Mozilla/5.0 (Linux; Android 7.0;) AppleWebKit/537.36 (KHTML, like Gecko) Mobile Safari/537.36 (compatible; PetalBot;+https://webmaster.petalsearch.com/site/petalbot)"
114.119.147.81 - - [22/Jun/2022:07:24:19 +0000] "GET /node/1208/screenshot-2014-01-17-22-46-11/ HTTP/1.1" 200 7958 "https://static.mrchoke.org/node/date/2014/01/page/3" "Mozilla/5.0 (Linux; Android 7.0;) AppleWebKit/537.36 (KHTML, like Gecko) Mobile Safari/537.36 (compatible; PetalBot;+https://webmaster.petalsearch.com/site/petalbot)"
185.191.171.41 - - [22/Jun/2022:07:26:11 +0000] "GET /node/tag/%E0%B8%84%E0%B8%AD%E0%B8%99%E0%B9%82%E0%B8%94 HTTP/1.1" 404 134 "-" "Mozilla/5.0 (compatible; SemrushBot/7~bl; +http://www.semrush.com/bot.html)"
114.119.147.75 - - [22/Jun/2022:07:26:13 +0000] "GET /node/211 HTTP/1.1" 301 178 "https://mrchoke.org/node/341?share=twitter" "Mozilla/5.0 (Linux; Android 7.0;) AppleWebKit/537.36 (KHTML, like Gecko) Mobile Safari/537.36 (compatible; PetalBot;+https://webmaster.petalsearch.com/site/petalbot)"
114.119.147.75 - - [22/Jun/2022:07:26:15 +0000] "GET /node/211/ HTTP/1.1" 200 8414 "https://mrchoke.org/node/341?share=twitter" "Mozilla/5.0 (Linux; Android 7.0;) AppleWebKit/537.36 (KHTML, like Gecko) Mobile Safari/537.36 (compatible; PetalBot;+https://webmaster.petalsearch.com/site/petalbot)"
185.191.171.14 - - [22/Jun/2022:07:28:35 +0000] "GET /node/177/ HTTP/1.1" 200 9140 "-" "Mozilla/5.0 (compatible; SemrushBot/7~bl; +http://www.semrush.com/bot.html)"
185.191.171.10 - - [22/Jun/2022:07:28:40 +0000] "GET /node/177 HTTP/1.1" 301 178 "-" "Mozilla/5.0 (compatible; SemrushBot/7~bl; +http://www.semrush.com/bot.html)"
114.119.147.86 - - [22/Jun/2022:07:28:59 +0000] "GET /node/420?share=reddit HTTP/1.1" 302 154 "https://mrchoke.org/node/420?ak_action=accept_mobile" "Mozilla/5.0 (Linux; Android 7.0;) AppleWebKit/537.36 (KHTML, like Gecko) Mobile Safari/537.36 (compatible; PetalBot;+https://webmaster.petalsearch.com/site/petalbot)"
114.119.147.86 - - [22/Jun/2022:07:29:02 +0000] "GET /node/420?share=reddit HTTP/1.1" 301 178 "https://mrchoke.org/node/420?ak_action=accept_mobile" "Mozilla/5.0 (Linux; Android 7.0;) AppleWebKit/537.36 (KHTML, like Gecko) Mobile Safari/537.36 (compatible; PetalBot;+https://webmaster.petalsearch.com/site/petalbot)"
114.119.147.86 - - [22/Jun/2022:07:29:06 +0000] "GET /node/420/?share=reddit HTTP/1.1" 200 7899 "https://mrchoke.org/node/420?ak_action=accept_mobile" "Mozilla/5.0 (Linux; Android 7.0;) AppleWebKit/537.36 (KHTML, like Gecko) Mobile Safari/537.36 (compatible; PetalBot;+https://webmaster.petalsearch.com/site/petalbot)"
216.244.66.229 - - [22/Jun/2022:07:29:51 +0000] "GET /node/445/?share=google-plus-1 HTTP/1.1" 404 162 "-" "Mozilla/5.0 (compatible; DotBot/1.2; +https://opensiteexplorer.org/dotbot; help@moz.com)"
51.222.253.6 - - [22/Jun/2022:07:29:54 +0000] "GET /node/date/2005/04/24/ HTTP/2.0" 200 9760 "-" "Mozilla/5.0 (compatible; AhrefsBot/7.0; +http://ahrefs.com/robot/)"
114.119.147.97 - - [22/Jun/2022:07:31:22 +0000] "GET /node/119?share=facebook HTTP/1.1" 302 154 "https://mrchoke.org/node/119?ak_action=accept_mobile" "Mozilla/5.0 (Linux; Android 7.0;) AppleWebKit/537.36 (KHTML, like Gecko) Mobile Safari/537.36 (compatible; PetalBot;+https://webmaster.petalsearch.com/site/petalbot)"
114.119.147.97 - - [22/Jun/2022:07:31:29 +0000] "GET /node/119?share=facebook HTTP/1.1" 301 178 "https://mrchoke.org/node/119?ak_action=accept_mobile" "Mozilla/5.0 (Linux; Android 7.0;) AppleWebKit/537.36 (KHTML, like Gecko) Mobile Safari/537.36 (compatible; PetalBot;+https://webmaster.petalsearch.com/site/petalbot)"
114.119.147.97 - - [22/Jun/2022:07:31:37 +0000] "GET /node/119/?share=facebook HTTP/1.1" 200 8880 "https://mrchoke.org/node/119?ak_action=accept_mobile" "Mozilla/5.0 (Linux; Android 7.0;) AppleWebKit/537.36 (KHTML, like Gecko) Mobile Safari/537.36 (compatible; PetalBot;+https://webmaster.petalsearch.com/site/petalbot)"
114.119.147.97 - - [22/Jun/2022:07:34:30 +0000] "GET /ch7_6239 HTTP/1.1" 301 178 "https://mrchoke.org/node/1862?ak_action=accept_mobile" "Mozilla/5.0 (Linux; Android 7.0;) AppleWebKit/537.36 (KHTML, like Gecko) Mobile Safari/537.36 (compatible; PetalBot;+https://webmaster.petalsearch.com/site/petalbot)"
114.119.147.97 - - [22/Jun/2022:07:34:37 +0000] "GET /ch7_6239/ HTTP/1.1" 200 7881 "https://mrchoke.org/node/1862?ak_action=accept_mobile" "Mozilla/5.0 (Linux; Android 7.0;) AppleWebKit/537.36 (KHTML, like Gecko) Mobile Safari/537.36 (compatible; PetalBot;+https://webmaster.petalsearch.com/site/petalbot)"
185.191.171.6 - - [22/Jun/2022:07:35:49 +0000] "GET /node/1466 HTTP/1.1" 302 154 "-" "Mozilla/5.0 (compatible; SemrushBot/7~bl; +http://www.semrush.com/bot.html)"
185.191.171.13 - - [22/Jun/2022:07:35:51 +0000] "GET /node/1466 HTTP/1.1" 301 178 "-" "Mozilla/5.0 (compatible; SemrushBot/7~bl; +http://www.semrush.com/bot.html)"
185.191.171.40 - - [22/Jun/2022:07:35:53 +0000] "GET /node/1466/ HTTP/1.1" 200 9552 "-" "Mozilla/5.0 (compatible; SemrushBot/7~bl; +http://www.semrush.com/bot.html)"
128.1.248.42 - - [22/Jun/2022:07:36:10 +0000] "GET / HTTP/1.1" 200 396 "-" "Mozilla/5.0 (Windows NT 10.0; Win64; x64) AppleWebKit/537.36 (KHTML, like Gecko) Chrome/60.0.3112.113 Safari/537.36"
51.222.253.15 - - [22/Jun/2022:07:36:40 +0000] "GET /node/377/ HTTP/2.0" 200 10463 "-" "Mozilla/5.0 (compatible; AhrefsBot/7.0; +http://ahrefs.com/robot/)"
114.119.147.75 - - [22/Jun/2022:07:37:16 +0000] "GET /node/1769?share=facebook HTTP/1.1" 302 154 "https://mrchoke.org/node/1769?replytocom=711" "Mozilla/5.0 (Linux; Android 7.0;) AppleWebKit/537.36 (KHTML, like Gecko) Mobile Safari/537.36 (compatible; PetalBot;+https://webmaster.petalsearch.com/site/petalbot)"
114.119.147.75 - - [22/Jun/2022:07:37:28 +0000] "GET /node/1769?share=facebook HTTP/1.1" 301 178 "https://mrchoke.org/node/1769?replytocom=711" "Mozilla/5.0 (Linux; Android 7.0;) AppleWebKit/537.36 (KHTML, like Gecko) Mobile Safari/537.36 (compatible; PetalBot;+https://webmaster.petalsearch.com/site/petalbot)"
114.119.147.75 - - [22/Jun/2022:07:37:39 +0000] "GET /node/1769/?share=facebook HTTP/1.1" 200 11512 "https://mrchoke.org/node/1769?replytocom=711" "Mozilla/5.0 (Linux; Android 7.0;) AppleWebKit/537.36 (KHTML, like Gecko) Mobile Safari/537.36 (compatible; PetalBot;+https://webmaster.petalsearch.com/site/petalbot)"
61.135.159.132 - - [22/Jun/2022:07:38:38 +0000] "GET / HTTP/1.1" 200 294 "-" "Sogou web spider/4.0(+http://www.sogou.com/docs/help/webmasters.htm#07)"
114.119.147.86 - - [22/Jun/2022:07:39:47 +0000] "GET /node/790/img_6156 HTTP/1.1" 302 154 "https://mrchoke.org/node/790/img_6152" "Mozilla/5.0 (Linux; Android 7.0;) AppleWebKit/537.36 (KHTML, like Gecko) Mobile Safari/537.36 (compatible; PetalBot;+https://webmaster.petalsearch.com/site/petalbot)"
114.119.147.86 - - [22/Jun/2022:07:39:51 +0000] "GET /node/790/img_6156 HTTP/1.1" 301 178 "https://mrchoke.org/node/790/img_6152" "Mozilla/5.0 (Linux; Android 7.0;) AppleWebKit/537.36 (KHTML, like Gecko) Mobile Safari/537.36 (compatible; PetalBot;+https://webmaster.petalsearch.com/site/petalbot)"
185.7.214.104 - - [22/Jun/2022:07:39:52 +0000] "GET / HTTP/1.1" 301 178 "-" "Mozilla/5.0 (Windows NT 10.0; Win64; x64) AppleWebKit/537.36 (KHTML, like Gecko) Chrome/78.0.3904.108 Safari/537.36"
114.119.147.86 - - [22/Jun/2022:07:39:56 +0000] "GET /node/790/img_6156/ HTTP/1.1" 200 7877 "https://mrchoke.org/node/790/img_6152" "Mozilla/5.0 (Linux; Android 7.0;) AppleWebKit/537.36 (KHTML, like Gecko) Mobile Safari/537.36 (compatible; PetalBot;+https://webmaster.petalsearch.com/site/petalbot)"
114.119.147.73 - - [22/Jun/2022:07:42:40 +0000] "GET /node/61?share=linkedin HTTP/1.1" 302 154 "https://mrchoke.org/node/61?ak_action=accept_mobile" "Mozilla/5.0 (Linux; Android 7.0;) AppleWebKit/537.36 (KHTML, like Gecko) Mobile Safari/537.36 (compatible; PetalBot;+https://webmaster.petalsearch.com/site/petalbot)"
114.119.147.73 - - [22/Jun/2022:07:42:43 +0000] "GET /node/61?share=linkedin HTTP/1.1" 301 178 "https://mrchoke.org/node/61?ak_action=accept_mobile" "Mozilla/5.0 (Linux; Android 7.0;) AppleWebKit/537.36 (KHTML, like Gecko) Mobile Safari/537.36 (compatible; PetalBot;+https://webmaster.petalsearch.com/site/petalbot)"
114.119.147.73 - - [22/Jun/2022:07:42:44 +0000] "GET /node/61/?share=linkedin HTTP/1.1" 200 8808 "https://mrchoke.org/node/61?ak_action=accept_mobile" "Mozilla/5.0 (Linux; Android 7.0;) AppleWebKit/537.36 (KHTML, like Gecko) Mobile Safari/537.36 (compatible; PetalBot;+https://webmaster.petalsearch.com/site/petalbot)"
51.222.253.12 - - [22/Jun/2022:07:43:28 +0000] "GET /node/495/ HTTP/2.0" 200 8134 "-" "Mozilla/5.0 (compatible; AhrefsBot/7.0; +http://ahrefs.com/robot/)"
114.119.147.86 - - [22/Jun/2022:07:45:24 +0000] "GET /node/1779?share=linkedin HTTP/1.1" 302 154 "https://mrchoke.org/node/1779?ak_action=reject_mobile" "Mozilla/5.0 (Linux; Android 7.0;) AppleWebKit/537.36 (KHTML, like Gecko) Mobile Safari/537.36 (compatible; PetalBot;+https://webmaster.petalsearch.com/site/petalbot)"
114.119.147.86 - - [22/Jun/2022:07:45:31 +0000] "GET /node/1779?share=linkedin HTTP/1.1" 301 178 "https://mrchoke.org/node/1779?ak_action=reject_mobile" "Mozilla/5.0 (Linux; Android 7.0;) AppleWebKit/537.36 (KHTML, like Gecko) Mobile Safari/537.36 (compatible; PetalBot;+https://webmaster.petalsearch.com/site/petalbot)"
114.119.147.86 - - [22/Jun/2022:07:45:39 +0000] "GET /node/1779/?share=linkedin HTTP/1.1" 200 8118 "https://mrchoke.org/node/1779?ak_action=reject_mobile" "Mozilla/5.0 (Linux; Android 7.0;) AppleWebKit/537.36 (KHTML, like Gecko) Mobile Safari/537.36 (compatible; PetalBot;+https://webmaster.petalsearch.com/site/petalbot)"
114.119.147.81 - - [22/Jun/2022:07:48:16 +0000] "GET /node/category/linux/page/10?ak_action=reject_mobile HTTP/1.1" 302 154 "https://mrchoke.org/node/category/linux/page/11?ak_action=reject_mobile" "Mozilla/5.0 (Linux; Android 7.0;) AppleWebKit/537.36 (KHTML, like Gecko) Mobile Safari/537.36 (compatible; PetalBot;+https://webmaster.petalsearch.com/site/petalbot)"
114.119.147.81 - - [22/Jun/2022:07:48:25 +0000] "GET /node/category/linux/page/10?ak_action=reject_mobile HTTP/1.1" 301 178 "https://mrchoke.org/node/category/linux/page/11?ak_action=reject_mobile" "Mozilla/5.0 (Linux; Android 7.0;) AppleWebKit/537.36 (KHTML, like Gecko) Mobile Safari/537.36 (compatible; PetalBot;+https://webmaster.petalsearch.com/site/petalbot)"
114.119.147.81 - - [22/Jun/2022:07:48:33 +0000] "GET /node/category/linux/page/10/?ak_action=reject_mobile HTTP/1.1" 200 20304 "https://mrchoke.org/node/category/linux/page/11?ak_action=reject_mobile" "Mozilla/5.0 (Linux; Android 7.0;) AppleWebKit/537.36 (KHTML, like Gecko) Mobile Safari/537.36 (compatible; PetalBot;+https://webmaster.petalsearch.com/site/petalbot)"
185.191.171.7 - - [22/Jun/2022:07:48:46 +0000] "GET /node/350 HTTP/1.1" 301 178 "-" "Mozilla/5.0 (compatible; SemrushBot/7~bl; +http://www.semrush.com/bot.html)"
185.191.171.15 - - [22/Jun/2022:07:48:49 +0000] "GET /node/350/ HTTP/1.1" 200 8080 "-" "Mozilla/5.0 (compatible; SemrushBot/7~bl; +http://www.semrush.com/bot.html)"
51.222.253.20 - - [22/Jun/2022:07:50:06 +0000] "GET /node/507/ HTTP/2.0" 200 9575 "-" "Mozilla/5.0 (compatible; AhrefsBot/7.0; +http://ahrefs.com/robot/)"
94.23.7.188 - - [22/Jun/2022:07:51:08 +0000] "GET /robots.txt HTTP/1.1" 404 162 "-" "Mozilla/5.0 (compatible; MJ12bot/v1.4.8; http://mj12bot.com/)"
94.23.7.188 - - [22/Jun/2022:07:51:13 +0000] "GET /node/1754 HTTP/1.1" 302 154 "-" "Mozilla/5.0 (compatible; MJ12bot/v1.4.8; http://mj12bot.com/)"
185.191.171.18 - - [22/Jun/2022:07:51:17 +0000] "GET /robots.txt HTTP/1.1" 404 134 "-" "Mozilla/5.0 (compatible; SemrushBot/7~bl; +http://www.semrush.com/bot.html)"
185.191.171.39 - - [22/Jun/2022:07:51:19 +0000] "GET /node/category/%E0%B8%96%E0%B9%88%E0%B8%B2%E0%B8%A2%E0%B8%A0%E0%B8%B2%E0%B8%9E HTTP/1.1" 404 134 "-" "Mozilla/5.0 (compatible; SemrushBot/7~bl; +http://www.semrush.com/bot.html)"
94.23.7.188 - - [22/Jun/2022:07:51:23 +0000] "GET /robots.txt HTTP/1.1" 404 162 "-" "Mozilla/5.0 (compatible; MJ12bot/v1.4.8; http://mj12bot.com/)"
94.23.7.188 - - [22/Jun/2022:07:51:28 +0000] "GET /node/1754 HTTP/1.1" 301 178 "-" "Mozilla/5.0 (compatible; MJ12bot/v1.4.8; http://mj12bot.com/)"
94.23.7.188 - - [22/Jun/2022:07:51:37 +0000] "GET /node/1754/ HTTP/1.1" 200 9864 "-" "Mozilla/5.0 (compatible; MJ12bot/v1.4.8; http://mj12bot.com/)"
94.23.7.188 - - [22/Jun/2022:07:51:47 +0000] "GET /node/tag/edge-1000/feed HTTP/1.1" 302 154 "-" "Mozilla/5.0 (compatible; MJ12bot/v1.4.8; http://mj12bot.com/)"
94.23.7.188 - - [22/Jun/2022:07:51:55 +0000] "GET /node/tag/edge-1000/feed HTTP/1.1" 301 178 "-" "Mozilla/5.0 (compatible; MJ12bot/v1.4.8; http://mj12bot.com/)"
94.23.7.188 - - [22/Jun/2022:07:52:01 +0000] "GET /node/tag/edge-1000/feed/ HTTP/1.1" 403 134 "-" "Mozilla/5.0 (compatible; MJ12bot/v1.4.8; http://mj12bot.com/)"
114.119.147.87 - - [22/Jun/2022:07:52:02 +0000] "GET /node/189?share=facebook HTTP/1.1" 302 154 "https://mrchoke.org/node/189?ak_action=accept_mobile" "Mozilla/5.0 (Linux; Android 7.0;) AppleWebKit/537.36 (KHTML, like Gecko) Mobile Safari/537.36 (compatible; PetalBot;+https://webmaster.petalsearch.com/site/petalbot)"
114.119.147.87 - - [22/Jun/2022:07:52:08 +0000] "GET /node/189?share=facebook HTTP/1.1" 301 178 "https://mrchoke.org/node/189?ak_action=accept_mobile" "Mozilla/5.0 (Linux; Android 7.0;) AppleWebKit/537.36 (KHTML, like Gecko) Mobile Safari/537.36 (compatible; PetalBot;+https://webmaster.petalsearch.com/site/petalbot)"
114.119.147.87 - - [22/Jun/2022:07:52:14 +0000] "GET /node/189/?share=facebook HTTP/1.1" 200 8271 "https://mrchoke.org/node/189?ak_action=accept_mobile" "Mozilla/5.0 (Linux; Android 7.0;) AppleWebKit/537.36 (KHTML, like Gecko) Mobile Safari/537.36 (compatible; PetalBot;+https://webmaster.petalsearch.com/site/petalbot)"
114.119.147.87 - - [22/Jun/2022:07:53:38 +0000] "GET /node/category/training HTTP/1.1" 302 154 "https://mrchoke.org/node/939/img_6419" "Mozilla/5.0 (Linux; Android 7.0;) AppleWebKit/537.36 (KHTML, like Gecko) Mobile Safari/537.36 (compatible; PetalBot;+https://webmaster.petalsearch.com/site/petalbot)"
114.119.147.87 - - [22/Jun/2022:07:53:42 +0000] "GET /node/category/training HTTP/1.1" 301 178 "https://mrchoke.org/node/939/img_6419" "Mozilla/5.0 (Linux; Android 7.0;) AppleWebKit/537.36 (KHTML, like Gecko) Mobile Safari/537.36 (compatible; PetalBot;+https://webmaster.petalsearch.com/site/petalbot)"
114.119.147.87 - - [22/Jun/2022:07:53:46 +0000] "GET /node/category/training/ HTTP/1.1" 200 12620 "https://mrchoke.org/node/939/img_6419" "Mozilla/5.0 (Linux; Android 7.0;) AppleWebKit/537.36 (KHTML, like Gecko) Mobile Safari/537.36 (compatible; PetalBot;+https://webmaster.petalsearch.com/site/petalbot)"
114.119.147.75 - - [22/Jun/2022:07:56:30 +0000] "GET /node/376?share=reddit HTTP/1.1" 302 154 "https://mrchoke.org/node/376?replytocom=461&ak_action=reject_mobile" "Mozilla/5.0 (Linux; Android 7.0;) AppleWebKit/537.36 (KHTML, like Gecko) Mobile Safari/537.36 (compatible; PetalBot;+https://webmaster.petalsearch.com/site/petalbot)"
114.119.147.75 - - [22/Jun/2022:07:56:41 +0000] "GET /node/376?share=reddit HTTP/1.1" 301 178 "https://mrchoke.org/node/376?replytocom=461&ak_action=reject_mobile" "Mozilla/5.0 (Linux; Android 7.0;) AppleWebKit/537.36 (KHTML, like Gecko) Mobile Safari/537.36 (compatible; PetalBot;+https://webmaster.petalsearch.com/site/petalbot)"
114.119.147.75 - - [22/Jun/2022:07:56:50 +0000] "GET /node/376/?share=reddit HTTP/1.1" 200 9910 "https://mrchoke.org/node/376?replytocom=461&ak_action=reject_mobile" "Mozilla/5.0 (Linux; Android 7.0;) AppleWebKit/537.36 (KHTML, like Gecko) Mobile Safari/537.36 (compatible; PetalBot;+https://webmaster.petalsearch.com/site/petalbot)"
51.222.253.10 - - [22/Jun/2022:07:57:29 +0000] "GET /node/370/ HTTP/2.0" 200 9255 "-" "Mozilla/5.0 (compatible; AhrefsBot/7.0; +http://ahrefs.com/robot/)"
114.119.147.73 - - [22/Jun/2022:07:59:44 +0000] "GET /node/88?share=twitter HTTP/1.1" 302 154 "https://mrchoke.org/node/88?ak_action=accept_mobile" "Mozilla/5.0 (Linux; Android 7.0;) AppleWebKit/537.36 (KHTML, like Gecko) Mobile Safari/537.36 (compatible; PetalBot;+https://webmaster.petalsearch.com/site/petalbot)"
114.119.147.73 - - [22/Jun/2022:07:59:51 +0000] "GET /node/88?share=twitter HTTP/1.1" 301 178 "https://mrchoke.org/node/88?ak_action=accept_mobile" "Mozilla/5.0 (Linux; Android 7.0;) AppleWebKit/537.36 (KHTML, like Gecko) Mobile Safari/537.36 (compatible; PetalBot;+https://webmaster.petalsearch.com/site/petalbot)"
114.119.147.73 - - [22/Jun/2022:07:59:57 +0000] "GET /node/88/?share=twitter HTTP/1.1" 200 9094 "https://mrchoke.org/node/88?ak_action=accept_mobile" "Mozilla/5.0 (Linux; Android 7.0;) AppleWebKit/537.36 (KHTML, like Gecko) Mobile Safari/537.36 (compatible; PetalBot;+https://webmaster.petalsearch.com/site/petalbot)"
17.121.114.54 - - [22/Jun/2022:08:02:00 +0000] "GET /robots.txt HTTP/1.1" 404 134 "-" "Mozilla/5.0 (Macintosh; Intel Mac OS X 10_15_5) AppleWebKit/605.1.15 (KHTML, like Gecko) Version/13.1.1 Safari/605.1.15 (Applebot/0.1; +http://www.apple.com/go/applebot)"
17.121.114.54 - - [22/Jun/2022:08:02:01 +0000] "GET /wp-content/uploads/2014/01/IMG_6798.jpg HTTP/1.1" 200 2618050 "-" "Mozilla/5.0 (Macintosh; Intel Mac OS X 10_15_5) AppleWebKit/605.1.15 (KHTML, like Gecko) Version/13.1.1 Safari/605.1.15 (Applebot/0.1; +http://www.apple.com/go/applebot)"
114.119.147.97 - - [22/Jun/2022:08:02:29 +0000] "GET /node/date/2007/02 HTTP/1.1" 404 134 "http://www.mrchoke.org/node/28" "Mozilla/5.0 (Linux; Android 7.0;) AppleWebKit/537.36 (KHTML, like Gecko) Mobile Safari/537.36 (compatible; PetalBot;+https://webmaster.petalsearch.com/site/petalbot)"
185.191.171.8 - - [22/Jun/2022:08:02:50 +0000] "GET /node/352 HTTP/1.1" 301 178 "-" "Mozilla/5.0 (compatible; SemrushBot/7~bl; +http://www.semrush.com/bot.html)"
185.191.171.6 - - [22/Jun/2022:08:02:52 +0000] "GET /node/352/ HTTP/1.1" 200 8868 "-" "Mozilla/5.0 (compatible; SemrushBot/7~bl; +http://www.semrush.com/bot.html)"
51.222.253.16 - - [22/Jun/2022:08:04:10 +0000] "GET /node/1537/screenshot-2014-02-04-22-22-59 HTTP/2.0" 301 178 "-" "Mozilla/5.0 (compatible; AhrefsBot/7.0; +http://ahrefs.com/robot/)"
114.119.147.87 - - [22/Jun/2022:08:04:32 +0000] "GET /node/category/tlwg/ HTTP/1.1" 200 7956 "-" "Mozilla/5.0 (Linux; Android 7.0;) AppleWebKit/537.36 (KHTML, like Gecko) Mobile Safari/537.36 (compatible; PetalBot;+https://webmaster.petalsearch.com/site/petalbot)"
114.119.147.74 - - [22/Jun/2022:08:08:07 +0000] "GET /node/182?share=facebook HTTP/1.1" 302 154 "https://mrchoke.org/node/182?ak_action=accept_mobile" "Mozilla/5.0 (Linux; Android 7.0;) AppleWebKit/537.36 (KHTML, like Gecko) Mobile Safari/537.36 (compatible; PetalBot;+https://webmaster.petalsearch.com/site/petalbot)"
114.119.147.74 - - [22/Jun/2022:08:08:10 +0000] "GET /node/182?share=facebook HTTP/1.1" 301 178 "https://mrchoke.org/node/182?ak_action=accept_mobile" "Mozilla/5.0 (Linux; Android 7.0;) AppleWebKit/537.36 (KHTML, like Gecko) Mobile Safari/537.36 (compatible; PetalBot;+https://webmaster.petalsearch.com/site/petalbot)"
114.119.147.74 - - [22/Jun/2022:08:08:15 +0000] "GET /node/182/?share=facebook HTTP/1.1" 200 8551 "https://mrchoke.org/node/182?ak_action=accept_mobile" "Mozilla/5.0 (Linux; Android 7.0;) AppleWebKit/537.36 (KHTML, like Gecko) Mobile Safari/537.36 (compatible; PetalBot;+https://webmaster.petalsearch.com/site/petalbot)"
114.119.147.74 - - [22/Jun/2022:08:09:47 +0000] "GET /node/1228/img_6802 HTTP/1.1" 302 154 "https://mrchoke.org/node/1228/img_6798?ak_action=accept_mobile" "Mozilla/5.0 (Linux; Android 7.0;) AppleWebKit/537.36 (KHTML, like Gecko) Mobile Safari/537.36 (compatible; PetalBot;+https://webmaster.petalsearch.com/site/petalbot)"
114.119.147.74 - - [22/Jun/2022:08:09:48 +0000] "GET /node/1228/img_6802 HTTP/1.1" 301 178 "https://mrchoke.org/node/1228/img_6798?ak_action=accept_mobile" "Mozilla/5.0 (Linux; Android 7.0;) AppleWebKit/537.36 (KHTML, like Gecko) Mobile Safari/537.36 (compatible; PetalBot;+https://webmaster.petalsearch.com/site/petalbot)"
114.119.147.74 - - [22/Jun/2022:08:09:49 +0000] "GET /node/1228/img_6802/ HTTP/1.1" 200 7895 "https://mrchoke.org/node/1228/img_6798?ak_action=accept_mobile" "Mozilla/5.0 (Linux; Android 7.0;) AppleWebKit/537.36 (KHTML, like Gecko) Mobile Safari/537.36 (compatible; PetalBot;+https://webmaster.petalsearch.com/site/petalbot)"
216.244.66.229 - - [22/Jun/2022:08:10:05 +0000] "GET /robots.txt HTTP/1.1" 404 162 "-" "Mozilla/5.0 (compatible; DotBot/1.2; +https://opensiteexplorer.org/dotbot; help@moz.com)"
216.244.66.229 - - [22/Jun/2022:08:10:05 +0000] "GET /robots.txt HTTP/1.1" 404 162 "-" "Mozilla/5.0 (compatible; DotBot/1.2; +https://opensiteexplorer.org/dotbot; help@moz.com)"
51.222.253.6 - - [22/Jun/2022:08:11:00 +0000] "GET /node/472/ HTTP/2.0" 200 8175 "-" "Mozilla/5.0 (compatible; AhrefsBot/7.0; +http://ahrefs.com/robot/)"
114.119.147.87 - - [22/Jun/2022:08:12:24 +0000] "GET /node/790/img_6152?share=reddit HTTP/1.1" 302 154 "https://mrchoke.org/node/790/img_6152?ak_action=accept_mobile" "Mozilla/5.0 (Linux; Android 7.0;) AppleWebKit/537.36 (KHTML, like Gecko) Mobile Safari/537.36 (compatible; PetalBot;+https://webmaster.petalsearch.com/site/petalbot)"
114.119.147.87 - - [22/Jun/2022:08:12:24 +0000] "GET /node/790/img_6152?share=reddit HTTP/1.1" 301 178 "https://mrchoke.org/node/790/img_6152?ak_action=accept_mobile" "Mozilla/5.0 (Linux; Android 7.0;) AppleWebKit/537.36 (KHTML, like Gecko) Mobile Safari/537.36 (compatible; PetalBot;+https://webmaster.petalsearch.com/site/petalbot)"
114.119.147.87 - - [22/Jun/2022:08:12:27 +0000] "GET /node/790/img_6152/?share=reddit HTTP/1.1" 200 7922 "https://mrchoke.org/node/790/img_6152?ak_action=accept_mobile" "Mozilla/5.0 (Linux; Android 7.0;) AppleWebKit/537.36 (KHTML, like Gecko) Mobile Safari/537.36 (compatible; PetalBot;+https://webmaster.petalsearch.com/site/petalbot)"
216.244.66.229 - - [22/Jun/2022:08:12:30 +0000] "GET /img_7459/ HTTP/1.1" 404 162 "-" "Mozilla/5.0 (compatible; DotBot/1.2; +https://opensiteexplorer.org/dotbot; help@moz.com)"
216.244.66.229 - - [22/Jun/2022:08:12:56 +0000] "GET /node/1006/img_6489/feed HTTP/1.1" 404 162 "-" "Mozilla/5.0 (compatible; DotBot/1.2; +https://opensiteexplorer.org/dotbot; help@moz.com)"
2a01:4f9:c010:d659::1 - - [22/Jun/2022:08:13:08 +0000] "GET /node/112 HTTP/1.1" 404 134 "-" "Go-http-client/1.1"
114.119.147.74 - - [22/Jun/2022:08:15:07 +0000] "GET /node/tag/ios6 HTTP/1.1" 302 154 "https://mrchoke.org/node/638" "Mozilla/5.0 (Linux; Android 7.0;) AppleWebKit/537.36 (KHTML, like Gecko) Mobile Safari/537.36 (compatible; PetalBot;+https://webmaster.petalsearch.com/site/petalbot)"
114.119.147.74 - - [22/Jun/2022:08:15:07 +0000] "GET /node/tag/ios6 HTTP/1.1" 301 178 "https://mrchoke.org/node/638" "Mozilla/5.0 (Linux; Android 7.0;) AppleWebKit/537.36 (KHTML, like Gecko) Mobile Safari/537.36 (compatible; PetalBot;+https://webmaster.petalsearch.com/site/petalbot)"
114.119.147.74 - - [22/Jun/2022:08:15:08 +0000] "GET /node/tag/ios6/ HTTP/1.1" 200 10728 "https://mrchoke.org/node/638" "Mozilla/5.0 (Linux; Android 7.0;) AppleWebKit/537.36 (KHTML, like Gecko) Mobile Safari/537.36 (compatible; PetalBot;+https://webmaster.petalsearch.com/site/petalbot)"
216.244.66.229 - - [22/Jun/2022:08:16:38 +0000] "GET /wp-content/uploads/2014/01/IMG_6436-e1389193213675.jpg HTTP/1.1" 404 162 "-" "Mozilla/5.0 (compatible; DotBot/1.2; +https://opensiteexplorer.org/dotbot; help@moz.com)"
114.119.147.86 - - [22/Jun/2022:08:17:57 +0000] "GET /node/302?share=reddit HTTP/1.1" 302 154 "https://mrchoke.org/node/302?ak_action=reject_mobile" "Mozilla/5.0 (Linux; Android 7.0;) AppleWebKit/537.36 (KHTML, like Gecko) Mobile Safari/537.36 (compatible; PetalBot;+https://webmaster.petalsearch.com/site/petalbot)"
51.222.253.10 - - [22/Jun/2022:08:18:10 +0000] "GET /node/1537/screenshot-2014-02-04-22-26-52/ HTTP/2.0" 200 7906 "-" "Mozilla/5.0 (compatible; AhrefsBot/7.0; +http://ahrefs.com/robot/)"
114.119.147.86 - - [22/Jun/2022:08:18:12 +0000] "GET /node/302?share=reddit HTTP/1.1" 301 178 "https://mrchoke.org/node/302?ak_action=reject_mobile" "Mozilla/5.0 (Linux; Android 7.0;) AppleWebKit/537.36 (KHTML, like Gecko) Mobile Safari/537.36 (compatible; PetalBot;+https://webmaster.petalsearch.com/site/petalbot)"
114.119.147.81 - - [22/Jun/2022:08:20:53 +0000] "GET /node/tag/remote-desktop HTTP/1.1" 301 178 "https://mrchoke.org/node/745?share=twitter" "Mozilla/5.0 (Linux; Android 7.0;) AppleWebKit/537.36 (KHTML, like Gecko) Mobile Safari/537.36 (compatible; PetalBot;+https://webmaster.petalsearch.com/site/petalbot)"
114.119.147.81 - - [22/Jun/2022:08:21:07 +0000] "GET /node/tag/remote-desktop/ HTTP/1.1" 200 8509 "https://mrchoke.org/node/745?share=twitter" "Mozilla/5.0 (Linux; Android 7.0;) AppleWebKit/537.36 (KHTML, like Gecko) Mobile Safari/537.36 (compatible; PetalBot;+https://webmaster.petalsearch.com/site/petalbot)"
216.244.66.229 - - [22/Jun/2022:08:23:28 +0000] "GET /node/82/feed HTTP/1.1" 404 162 "-" "Mozilla/5.0 (compatible; DotBot/1.2; +https://opensiteexplorer.org/dotbot; help@moz.com)"
114.119.147.74 - - [22/Jun/2022:08:23:49 +0000] "GET /node/451?ak_action=accept_mobile HTTP/1.1" 302 154 "https://mrchoke.org/node/451?ak_action=reject_mobile" "Mozilla/5.0 (Linux; Android 7.0;) AppleWebKit/537.36 (KHTML, like Gecko) Mobile Safari/537.36 (compatible; PetalBot;+https://webmaster.petalsearch.com/site/petalbot)"
114.119.147.74 - - [22/Jun/2022:08:23:56 +0000] "GET /node/451?ak_action=accept_mobile HTTP/1.1" 301 178 "https://mrchoke.org/node/451?ak_action=reject_mobile" "Mozilla/5.0 (Linux; Android 7.0;) AppleWebKit/537.36 (KHTML, like Gecko) Mobile Safari/537.36 (compatible; PetalBot;+https://webmaster.petalsearch.com/site/petalbot)"
114.119.147.74 - - [22/Jun/2022:08:24:03 +0000] "GET /node/451/?ak_action=accept_mobile HTTP/1.1" 200 8585 "https://mrchoke.org/node/451?ak_action=reject_mobile" "Mozilla/5.0 (Linux; Android 7.0;) AppleWebKit/537.36 (KHTML, like Gecko) Mobile Safari/537.36 (compatible; PetalBot;+https://webmaster.petalsearch.com/site/petalbot)"
185.191.171.13 - - [22/Jun/2022:08:25:25 +0000] "GET /robots.txt HTTP/1.1" 404 134 "-" "Mozilla/5.0 (compatible; SemrushBot/7~bl; +http://www.semrush.com/bot.html)"
185.191.171.17 - - [22/Jun/2022:08:25:26 +0000] "GET /node/tag/thachana HTTP/1.1" 302 154 "-" "Mozilla/5.0 (compatible; SemrushBot/7~bl; +http://www.semrush.com/bot.html)"
185.191.171.2 - - [22/Jun/2022:08:25:27 +0000] "GET /node/tag/thachana HTTP/1.1" 301 178 "-" "Mozilla/5.0 (compatible; SemrushBot/7~bl; +http://www.semrush.com/bot.html)"
185.191.171.38 - - [22/Jun/2022:08:25:30 +0000] "GET /node/tag/thachana/ HTTP/1.1" 200 8629 "-" "Mozilla/5.0 (compatible; SemrushBot/7~bl; +http://www.semrush.com/bot.html)"
114.119.147.87 - - [22/Jun/2022:08:25:53 +0000] "GET /node/395?share=reddit HTTP/1.1" 302 154 "https://mrchoke.org/node/395?replytocom=493&ak_action=accept_mobile" "Mozilla/5.0 (Linux; Android 7.0;) AppleWebKit/537.36 (KHTML, like Gecko) Mobile Safari/537.36 (compatible; PetalBot;+https://webmaster.petalsearch.com/site/petalbot)"
114.119.147.87 - - [22/Jun/2022:08:25:56 +0000] "GET /node/395?share=reddit HTTP/1.1" 301 178 "https://mrchoke.org/node/395?replytocom=493&ak_action=accept_mobile" "Mozilla/5.0 (Linux; Android 7.0;) AppleWebKit/537.36 (KHTML, like Gecko) Mobile Safari/537.36 (compatible; PetalBot;+https://webmaster.petalsearch.com/site/petalbot)"
114.119.147.87 - - [22/Jun/2022:08:25:59 +0000] "GET /node/395/?share=reddit HTTP/1.1" 200 9570 "https://mrchoke.org/node/395?replytocom=493&ak_action=accept_mobile" "Mozilla/5.0 (Linux; Android 7.0;) AppleWebKit/537.36 (KHTML, like Gecko) Mobile Safari/537.36 (compatible; PetalBot;+https://webmaster.petalsearch.com/site/petalbot)"
51.222.253.15 - - [22/Jun/2022:08:26:25 +0000] "GET /node/387/ HTTP/2.0" 200 8819 "-" "Mozilla/5.0 (compatible; AhrefsBot/7.0; +http://ahrefs.com/robot/)"
66.249.71.180 - - [22/Jun/2022:08:28:05 +0000] "GET /node/tag/icu HTTP/1.1" 302 154 "-" "Mozilla/5.0 (compatible; Googlebot/2.1; +http://www.google.com/bot.html)"
66.249.71.25 - - [22/Jun/2022:08:28:06 +0000] "GET /node/tag/icu HTTP/1.1" 301 178 "-" "Mozilla/5.0 (compatible; Googlebot/2.1; +http://www.google.com/bot.html)"
66.249.71.31 - - [22/Jun/2022:08:28:07 +0000] "GET /node/tag/icu/ HTTP/1.1" 200 9741 "-" "Mozilla/5.0 (compatible; Googlebot/2.1; +http://www.google.com/bot.html)"
114.119.147.87 - - [22/Jun/2022:08:28:24 +0000] "GET /node/444?share=facebook HTTP/1.1" 302 154 "https://mrchoke.org/node/444?ak_action=accept_mobile" "Mozilla/5.0 (Linux; Android 7.0;) AppleWebKit/537.36 (KHTML, like Gecko) Mobile Safari/537.36 (compatible; PetalBot;+https://webmaster.petalsearch.com/site/petalbot)"
114.119.147.87 - - [22/Jun/2022:08:28:25 +0000] "GET /node/444?share=facebook HTTP/1.1" 301 178 "https://mrchoke.org/node/444?ak_action=accept_mobile" "Mozilla/5.0 (Linux; Android 7.0;) AppleWebKit/537.36 (KHTML, like Gecko) Mobile Safari/537.36 (compatible; PetalBot;+https://webmaster.petalsearch.com/site/petalbot)"
114.119.147.87 - - [22/Jun/2022:08:28:25 +0000] "GET /node/444/?share=facebook HTTP/1.1" 200 8097 "https://mrchoke.org/node/444?ak_action=accept_mobile" "Mozilla/5.0 (Linux; Android 7.0;) AppleWebKit/537.36 (KHTML, like Gecko) Mobile Safari/537.36 (compatible; PetalBot;+https://webmaster.petalsearch.com/site/petalbot)"
40.77.167.46 - - [22/Jun/2022:08:28:40 +0000] "GET /node/148/ HTTP/2.0" 304 0 "-" "Mozilla/5.0 (compatible; bingbot/2.0; +http://www.bing.com/bingbot.htm)"
34.223.108.12 - - [22/Jun/2022:08:30:12 +0000] "GET /wp-content/uploads/2012/04/wordpress-logo-stacked-rgb-300x186.png HTTP/1.1" 200 21012 "-" "Mozilla/5.0 (X11; Ubuntu; Linux x86_64; rv:72.0) Gecko/20100101 Firefox/72.0"
216.244.66.229 - - [22/Jun/2022:08:31:08 +0000] "GET /page/14 HTTP/1.1" 404 162 "-" "Mozilla/5.0 (compatible; DotBot/1.2; +https://opensiteexplorer.org/dotbot; help@moz.com)"
114.119.147.87 - - [22/Jun/2022:08:31:09 +0000] "GET /node/date/2004/10/07 HTTP/1.1" 302 154 "https://mrchoke.org/node/384?ak_action=accept_mobile" "Mozilla/5.0 (Linux; Android 7.0;) AppleWebKit/537.36 (KHTML, like Gecko) Mobile Safari/537.36 (compatible; PetalBot;+https://webmaster.petalsearch.com/site/petalbot)"
114.119.147.87 - - [22/Jun/2022:08:31:11 +0000] "GET /node/date/2004/10/07 HTTP/1.1" 301 178 "https://mrchoke.org/node/384?ak_action=accept_mobile" "Mozilla/5.0 (Linux; Android 7.0;) AppleWebKit/537.36 (KHTML, like Gecko) Mobile Safari/537.36 (compatible; PetalBot;+https://webmaster.petalsearch.com/site/petalbot)"
103.170.255.16 - - [22/Jun/2022:08:31:12 +0000] "GET /.env HTTP/1.1" 404 197 "-" "Mozilla/5.0 (Macintosh; Intel Mac OS X 10_10_3) AppleWebKit/537.36 (KHTML, like Gecko) Chrome/45.0.2454.85 Safari/537.36"
114.119.147.87 - - [22/Jun/2022:08:31:12 +0000] "GET /node/date/2004/10/07/ HTTP/1.1" 200 8377 "https://mrchoke.org/node/384?ak_action=accept_mobile" "Mozilla/5.0 (Linux; Android 7.0;) AppleWebKit/537.36 (KHTML, like Gecko) Mobile Safari/537.36 (compatible; PetalBot;+https://webmaster.petalsearch.com/site/petalbot)"
103.170.255.16 - - [22/Jun/2022:08:31:18 +0000] "POST / HTTP/1.1" 405 568 "-" "Mozilla/5.0 (Macintosh; Intel Mac OS X 10_10_3) AppleWebKit/537.36 (KHTML, like Gecko) Chrome/45.0.2454.85 Safari/537.36"
114.119.147.87 - - [22/Jun/2022:08:33:57 +0000] "GET /node/category/domain/page/10 HTTP/1.1" 301 178 "https://static.mrchoke.org/node/category/domain/page/11" "Mozilla/5.0 (Linux; Android 7.0;) AppleWebKit/537.36 (KHTML, like Gecko) Mobile Safari/537.36 (compatible; PetalBot;+https://webmaster.petalsearch.com/site/petalbot)"
114.119.147.87 - - [22/Jun/2022:08:34:06 +0000] "GET /node/category/domain/page/10/ HTTP/1.1" 200 10364 "https://static.mrchoke.org/node/category/domain/page/11" "Mozilla/5.0 (Linux; Android 7.0;) AppleWebKit/537.36 (KHTML, like Gecko) Mobile Safari/537.36 (compatible; PetalBot;+https://webmaster.petalsearch.com/site/petalbot)"
51.222.253.6 - - [22/Jun/2022:08:34:53 +0000] "GET /node/1583/img_7556/ HTTP/2.0" 200 7845 "-" "Mozilla/5.0 (compatible; AhrefsBot/7.0; +http://ahrefs.com/robot/)"
114.119.147.81 - - [22/Jun/2022:08:36:24 +0000] "GET /node/459?share=linkedin HTTP/1.1" 302 154 "https://mrchoke.org/node/459?replytocom=561&ak_action=accept_mobile" "Mozilla/5.0 (Linux; Android 7.0;) AppleWebKit/537.36 (KHTML, like Gecko) Mobile Safari/537.36 (compatible; PetalBot;+https://webmaster.petalsearch.com/site/petalbot)"
114.119.147.81 - - [22/Jun/2022:08:36:30 +0000] "GET /node/459?share=linkedin HTTP/1.1" 301 178 "https://mrchoke.org/node/459?replytocom=561&ak_action=accept_mobile" "Mozilla/5.0 (Linux; Android 7.0;) AppleWebKit/537.36 (KHTML, like Gecko) Mobile Safari/537.36 (compatible; PetalBot;+https://webmaster.petalsearch.com/site/petalbot)"
114.119.147.81 - - [22/Jun/2022:08:36:35 +0000] "GET /node/459/?share=linkedin HTTP/1.1" 200 10503 "https://mrchoke.org/node/459?replytocom=561&ak_action=accept_mobile" "Mozilla/5.0 (Linux; Android 7.0;) AppleWebKit/537.36 (KHTML, like Gecko) Mobile Safari/537.36 (compatible; PetalBot;+https://webmaster.petalsearch.com/site/petalbot)"
114.119.147.81 - - [22/Jun/2022:08:39:01 +0000] "GET /node/1101/ch7_3350_01?share=twitter HTTP/1.1" 302 154 "https://mrchoke.org/node/1101/ch7_3350_01?ak_action=accept_mobile" "Mozilla/5.0 (Linux; Android 7.0;) AppleWebKit/537.36 (KHTML, like Gecko) Mobile Safari/537.36 (compatible; PetalBot;+https://webmaster.petalsearch.com/site/petalbot)"
114.119.147.81 - - [22/Jun/2022:08:39:05 +0000] "GET /node/1101/ch7_3350_01?share=twitter HTTP/1.1" 301 178 "https://mrchoke.org/node/1101/ch7_3350_01?ak_action=accept_mobile" "Mozilla/5.0 (Linux; Android 7.0;) AppleWebKit/537.36 (KHTML, like Gecko) Mobile Safari/537.36 (compatible; PetalBot;+https://webmaster.petalsearch.com/site/petalbot)"
114.119.147.81 - - [22/Jun/2022:08:39:10 +0000] "GET /node/1101/ch7_3350_01/?share=twitter HTTP/1.1" 200 7887 "https://mrchoke.org/node/1101/ch7_3350_01?ak_action=accept_mobile" "Mozilla/5.0 (Linux; Android 7.0;) AppleWebKit/537.36 (KHTML, like Gecko) Mobile Safari/537.36 (compatible; PetalBot;+https://webmaster.petalsearch.com/site/petalbot)"
117.199.171.70 - - [22/Jun/2022:08:40:21 +0000] "GET / HTTP/1.1" 200 612 "-" "Mozilla/5.0 (Macintosh; Intel Mac OS X 10_11_6) AppleWebKit/601.7.7 (KHTML, like Gecko) Version/9.1.2 Safari/601.7.7"
185.191.171.11 - - [22/Jun/2022:08:40:43 +0000] "GET /node/400 HTTP/1.1" 302 154 "-" "Mozilla/5.0 (compatible; SemrushBot/7~bl; +http://www.semrush.com/bot.html)"
185.191.171.24 - - [22/Jun/2022:08:40:45 +0000] "GET /node/400 HTTP/1.1" 301 178 "-" "Mozilla/5.0 (compatible; SemrushBot/7~bl; +http://www.semrush.com/bot.html)"
185.191.171.2 - - [22/Jun/2022:08:40:49 +0000] "GET /node/400/ HTTP/1.1" 200 9006 "-" "Mozilla/5.0 (compatible; SemrushBot/7~bl; +http://www.semrush.com/bot.html)"
114.119.147.97 - - [22/Jun/2022:08:41:41 +0000] "GET /node/475?ak_action=accept_mobile HTTP/1.1" 302 154 "https://mrchoke.org/node/475?ak_action=reject_mobile" "Mozilla/5.0 (Linux; Android 7.0;) AppleWebKit/537.36 (KHTML, like Gecko) Mobile Safari/537.36 (compatible; PetalBot;+https://webmaster.petalsearch.com/site/petalbot)"
114.119.147.97 - - [22/Jun/2022:08:41:48 +0000] "GET /node/475?ak_action=accept_mobile HTTP/1.1" 301 178 "https://mrchoke.org/node/475?ak_action=reject_mobile" "Mozilla/5.0 (Linux; Android 7.0;) AppleWebKit/537.36 (KHTML, like Gecko) Mobile Safari/537.36 (compatible; PetalBot;+https://webmaster.petalsearch.com/site/petalbot)"
114.119.147.97 - - [22/Jun/2022:08:41:57 +0000] "GET /node/475/?ak_action=accept_mobile HTTP/1.1" 200 9545 "https://mrchoke.org/node/475?ak_action=reject_mobile" "Mozilla/5.0 (Linux; Android 7.0;) AppleWebKit/537.36 (KHTML, like Gecko) Mobile Safari/537.36 (compatible; PetalBot;+https://webmaster.petalsearch.com/site/petalbot)"
192.241.212.86 - - [22/Jun/2022:08:43:13 +0000] "GET /actuator/health HTTP/1.1" 301 178 "-" "Mozilla/5.0 zgrab/0.x"
114.119.147.74 - - [22/Jun/2022:08:44:21 +0000] "GET /node/date/2014/01/12 HTTP/1.1" 301 178 "https://mrchoke.org/node/1101?share=linkedin" "Mozilla/5.0 (Linux; Android 7.0;) AppleWebKit/537.36 (KHTML, like Gecko) Mobile Safari/537.36 (compatible; PetalBot;+https://webmaster.petalsearch.com/site/petalbot)"
51.222.253.3 - - [22/Jun/2022:08:44:22 +0000] "GET /node/494/ HTTP/2.0" 200 8785 "-" "Mozilla/5.0 (compatible; AhrefsBot/7.0; +http://ahrefs.com/robot/)"
114.119.147.74 - - [22/Jun/2022:08:44:28 +0000] "GET /node/date/2014/01/12/ HTTP/1.1" 200 9245 "https://mrchoke.org/node/1101?share=linkedin" "Mozilla/5.0 (Linux; Android 7.0;) AppleWebKit/537.36 (KHTML, like Gecko) Mobile Safari/537.36 (compatible; PetalBot;+https://webmaster.petalsearch.com/site/petalbot)"
114.119.147.81 - - [22/Jun/2022:08:47:06 +0000] "GET /node/tag/nlc HTTP/1.1" 301 178 "https://mrchoke.org/node/1006?share=linkedin" "Mozilla/5.0 (Linux; Android 7.0;) AppleWebKit/537.36 (KHTML, like Gecko) Mobile Safari/537.36 (compatible; PetalBot;+https://webmaster.petalsearch.com/site/petalbot)"
114.119.147.81 - - [22/Jun/2022:08:47:13 +0000] "GET /node/tag/nlc/ HTTP/1.1" 200 11725 "https://mrchoke.org/node/1006?share=linkedin" "Mozilla/5.0 (Linux; Android 7.0;) AppleWebKit/537.36 (KHTML, like Gecko) Mobile Safari/537.36 (compatible; PetalBot;+https://webmaster.petalsearch.com/site/petalbot)"
114.119.147.81 - - [22/Jun/2022:08:50:07 +0000] "GET /node/1208?share=twitter HTTP/1.1" 302 154 "https://mrchoke.org/node/1208?replytocom=698&ak_action=reject_mobile" "Mozilla/5.0 (Linux; Android 7.0;) AppleWebKit/537.36 (KHTML, like Gecko) Mobile Safari/537.36 (compatible; PetalBot;+https://webmaster.petalsearch.com/site/petalbot)"
114.119.147.81 - - [22/Jun/2022:08:50:13 +0000] "GET /node/1208?share=twitter HTTP/1.1" 301 178 "https://mrchoke.org/node/1208?replytocom=698&ak_action=reject_mobile" "Mozilla/5.0 (Linux; Android 7.0;) AppleWebKit/537.36 (KHTML, like Gecko) Mobile Safari/537.36 (compatible; PetalBot;+https://webmaster.petalsearch.com/site/petalbot)"
114.119.147.81 - - [22/Jun/2022:08:50:17 +0000] "GET /node/1208/?share=twitter HTTP/1.1" 200 11308 "https://mrchoke.org/node/1208?replytocom=698&ak_action=reject_mobile" "Mozilla/5.0 (Linux; Android 7.0;) AppleWebKit/537.36 (KHTML, like Gecko) Mobile Safari/537.36 (compatible; PetalBot;+https://webmaster.petalsearch.com/site/petalbot)"
114.119.147.81 - - [22/Jun/2022:08:52:04 +0000] "GET /node/category/chrome?ak_action=accept_mobile HTTP/1.1" 302 154 "https://mrchoke.org/node/category/chrome?ak_action=reject_mobile" "Mozilla/5.0 (Linux; Android 7.0;) AppleWebKit/537.36 (KHTML, like Gecko) Mobile Safari/537.36 (compatible; PetalBot;+https://webmaster.petalsearch.com/site/petalbot)"
114.119.147.81 - - [22/Jun/2022:08:52:21 +0000] "GET /node/category/chrome?ak_action=accept_mobile HTTP/1.1" 301 178 "https://mrchoke.org/node/category/chrome?ak_action=reject_mobile" "Mozilla/5.0 (Linux; Android 7.0;) AppleWebKit/537.36 (KHTML, like Gecko) Mobile Safari/537.36 (compatible; PetalBot;+https://webmaster.petalsearch.com/site/petalbot)"
114.119.147.81 - - [22/Jun/2022:08:52:25 +0000] "GET /node/category/chrome/?ak_action=accept_mobile HTTP/1.1" 200 14704 "https://mrchoke.org/node/category/chrome?ak_action=reject_mobile" "Mozilla/5.0 (Linux; Android 7.0;) AppleWebKit/537.36 (KHTML, like Gecko) Mobile Safari/537.36 (compatible; PetalBot;+https://webmaster.petalsearch.com/site/petalbot)"
51.222.253.18 - - [22/Jun/2022:08:53:23 +0000] "GET /node/1208/screenshot-2014-01-17-22-46-11/ HTTP/2.0" 200 7945 "-" "Mozilla/5.0 (compatible; AhrefsBot/7.0; +http://ahrefs.com/robot/)"
114.119.147.81 - - [22/Jun/2022:08:54:45 +0000] "GET /node/1558/img_7499?share=reddit HTTP/1.1" 302 154 "https://mrchoke.org/node/1558/img_7499?ak_action=accept_mobile" "Mozilla/5.0 (Linux; Android 7.0;) AppleWebKit/537.36 (KHTML, like Gecko) Mobile Safari/537.36 (compatible; PetalBot;+https://webmaster.petalsearch.com/site/petalbot)"
114.119.147.81 - - [22/Jun/2022:08:54:56 +0000] "GET /node/1558/img_7499?share=reddit HTTP/1.1" 301 178 "https://mrchoke.org/node/1558/img_7499?ak_action=accept_mobile" "Mozilla/5.0 (Linux; Android 7.0;) AppleWebKit/537.36 (KHTML, like Gecko) Mobile Safari/537.36 (compatible; PetalBot;+https://webmaster.petalsearch.com/site/petalbot)"
114.119.147.81 - - [22/Jun/2022:08:55:01 +0000] "GET /node/1558/img_7499/?share=reddit HTTP/1.1" 200 7940 "https://mrchoke.org/node/1558/img_7499?ak_action=accept_mobile" "Mozilla/5.0 (Linux; Android 7.0;) AppleWebKit/537.36 (KHTML, like Gecko) Mobile Safari/537.36 (compatible; PetalBot;+https://webmaster.petalsearch.com/site/petalbot)"
185.191.171.25 - - [22/Jun/2022:08:56:33 +0000] "GET /node/category/iiimf HTTP/1.1" 302 154 "-" "Mozilla/5.0 (compatible; SemrushBot/7~bl; +http://www.semrush.com/bot.html)"
185.191.171.7 - - [22/Jun/2022:08:56:34 +0000] "GET /robots.txt HTTP/1.1" 404 134 "-" "Mozilla/5.0 (compatible; SemrushBot/7~bl; +http://www.semrush.com/bot.html)"
185.191.171.10 - - [22/Jun/2022:08:56:36 +0000] "GET /node/category/iiimf HTTP/1.1" 301 178 "-" "Mozilla/5.0 (compatible; SemrushBot/7~bl; +http://www.semrush.com/bot.html)"
185.191.171.2 - - [22/Jun/2022:08:56:39 +0000] "GET /node/category/iiimf/ HTTP/1.1" 200 9910 "-" "Mozilla/5.0 (compatible; SemrushBot/7~bl; +http://www.semrush.com/bot.html)"
114.119.147.81 - - [22/Jun/2022:08:57:32 +0000] "GET /node/140?share=linkedin HTTP/1.1" 302 154 "https://mrchoke.org/node/140?ak_action=accept_mobile" "Mozilla/5.0 (Linux; Android 7.0;) AppleWebKit/537.36 (KHTML, like Gecko) Mobile Safari/537.36 (compatible; PetalBot;+https://webmaster.petalsearch.com/site/petalbot)"
114.119.147.81 - - [22/Jun/2022:08:57:37 +0000] "GET /node/140?share=linkedin HTTP/1.1" 301 178 "https://mrchoke.org/node/140?ak_action=accept_mobile" "Mozilla/5.0 (Linux; Android 7.0;) AppleWebKit/537.36 (KHTML, like Gecko) Mobile Safari/537.36 (compatible; PetalBot;+https://webmaster.petalsearch.com/site/petalbot)"
5.45.207.72 - - [22/Jun/2022:08:57:39 +0000] "GET /robots.txt HTTP/1.1" 404 162 "-" "Mozilla/5.0 (compatible; YandexBot/3.0; +http://yandex.com/bots)"
87.250.224.3 - - [22/Jun/2022:08:57:43 +0000] "GET /node/tag/facebook-2 HTTP/1.1" 302 154 "-" "Mozilla/5.0 (compatible; YandexBot/3.0; +http://yandex.com/bots)"
114.119.147.81 - - [22/Jun/2022:08:57:43 +0000] "GET /node/140/?share=linkedin HTTP/1.1" 200 8639 "https://mrchoke.org/node/140?ak_action=accept_mobile" "Mozilla/5.0 (Linux; Android 7.0;) AppleWebKit/537.36 (KHTML, like Gecko) Mobile Safari/537.36 (compatible; PetalBot;+https://webmaster.petalsearch.com/site/petalbot)"
5.45.207.92 - - [22/Jun/2022:08:57:44 +0000] "GET /node/tag/facebook-2 HTTP/1.1" 301 178 "-" "Mozilla/5.0 (compatible; YandexBot/3.0; +http://yandex.com/bots)"
213.180.203.86 - - [22/Jun/2022:08:57:48 +0000] "GET /node/tag/facebook-2/ HTTP/1.1" 200 12489 "-" "Mozilla/5.0 (compatible; YandexBot/3.0; +http://yandex.com/bots)"
114.119.147.74 - - [22/Jun/2022:09:00:00 +0000] "GET /node/date/2004/08/page/2 HTTP/1.1" 301 178 "https://static.mrchoke.org/node/date/2004/08/" "Mozilla/5.0 (Linux; Android 7.0;) AppleWebKit/537.36 (KHTML, like Gecko) Mobile Safari/537.36 (compatible; PetalBot;+https://webmaster.petalsearch.com/site/petalbot)"
114.119.147.74 - - [22/Jun/2022:09:00:04 +0000] "GET /node/date/2004/08/page/2/ HTTP/1.1" 200 10353 "https://static.mrchoke.org/node/date/2004/08/" "Mozilla/5.0 (Linux; Android 7.0;) AppleWebKit/537.36 (KHTML, like Gecko) Mobile Safari/537.36 (compatible; PetalBot;+https://webmaster.petalsearch.com/site/petalbot)"
157.55.39.114 - - [22/Jun/2022:09:01:21 +0000] "GET /node/1348/ HTTP/2.0" 304 0 "-" "Mozilla/5.0 (compatible; bingbot/2.0; +http://www.bing.com/bingbot.htm)"
51.222.253.11 - - [22/Jun/2022:09:02:49 +0000] "GET /img_7231/ HTTP/2.0" 200 7926 "-" "Mozilla/5.0 (compatible; AhrefsBot/7.0; +http://ahrefs.com/robot/)"
114.119.147.97 - - [22/Jun/2022:09:02:53 +0000] "GET /node/320 HTTP/1.1" 301 178 "https://mrchoke.org/node/320?share=reddit" "Mozilla/5.0 (Linux; Android 7.0;) AppleWebKit/537.36 (KHTML, like Gecko) Mobile Safari/537.36 (compatible; PetalBot;+https://webmaster.petalsearch.com/site/petalbot)"
114.119.147.97 - - [22/Jun/2022:09:03:07 +0000] "GET /node/320/ HTTP/1.1" 200 11094 "https://mrchoke.org/node/320?share=reddit" "Mozilla/5.0 (Linux; Android 7.0;) AppleWebKit/537.36 (KHTML, like Gecko) Mobile Safari/537.36 (compatible; PetalBot;+https://webmaster.petalsearch.com/site/petalbot)"
216.244.66.229 - - [22/Jun/2022:09:04:40 +0000] "GET /robots.txt HTTP/1.1" 404 162 "-" "Mozilla/5.0 (compatible; DotBot/1.2; +https://opensiteexplorer.org/dotbot; help@moz.com)"
114.119.147.81 - - [22/Jun/2022:09:05:17 +0000] "GET /node/224 HTTP/1.1" 301 178 "https://mrchoke.org/node/category/domain/page/5?ak_action=reject_mobile" "Mozilla/5.0 (Linux; Android 7.0;) AppleWebKit/537.36 (KHTML, like Gecko) Mobile Safari/537.36 (compatible; PetalBot;+https://webmaster.petalsearch.com/site/petalbot)"
114.119.147.81 - - [22/Jun/2022:09:05:28 +0000] "GET /node/224/ HTTP/1.1" 200 8570 "https://mrchoke.org/node/category/domain/page/5?ak_action=reject_mobile" "Mozilla/5.0 (Linux; Android 7.0;) AppleWebKit/537.36 (KHTML, like Gecko) Mobile Safari/537.36 (compatible; PetalBot;+https://webmaster.petalsearch.com/site/petalbot)"
114.119.147.87 - - [22/Jun/2022:09:07:51 +0000] "GET /node/414?ak_action=accept_mobile HTTP/1.1" 302 154 "https://mrchoke.org/node/414?ak_action=reject_mobile" "Mozilla/5.0 (Linux; Android 7.0;) AppleWebKit/537.36 (KHTML, like Gecko) Mobile Safari/537.36 (compatible; PetalBot;+https://webmaster.petalsearch.com/site/petalbot)"
114.119.147.87 - - [22/Jun/2022:09:08:03 +0000] "GET /node/414?ak_action=accept_mobile HTTP/1.1" 301 178 "https://mrchoke.org/node/414?ak_action=reject_mobile" "Mozilla/5.0 (Linux; Android 7.0;) AppleWebKit/537.36 (KHTML, like Gecko) Mobile Safari/537.36 (compatible; PetalBot;+https://webmaster.petalsearch.com/site/petalbot)"
114.119.147.87 - - [22/Jun/2022:09:08:14 +0000] "GET /node/414/?ak_action=accept_mobile HTTP/1.1" 200 9479 "https://mrchoke.org/node/414?ak_action=reject_mobile" "Mozilla/5.0 (Linux; Android 7.0;) AppleWebKit/537.36 (KHTML, like Gecko) Mobile Safari/537.36 (compatible; PetalBot;+https://webmaster.petalsearch.com/site/petalbot)"
216.244.66.229 - - [22/Jun/2022:09:08:15 +0000] "GET /node/939/img_6382/feed HTTP/1.1" 404 162 "-" "Mozilla/5.0 (compatible; DotBot/1.2; +https://opensiteexplorer.org/dotbot; help@moz.com)"
216.244.66.229 - - [22/Jun/2022:09:09:20 +0000] "GET /wp-content/uploads/2014/02/IMG_7544.jpg HTTP/1.1" 404 162 "-" "Mozilla/5.0 (compatible; DotBot/1.2; +https://opensiteexplorer.org/dotbot; help@moz.com)"
114.119.147.81 - - [22/Jun/2022:09:10:09 +0000] "GET /node/476?ak_action=reject_mobile HTTP/1.1" 302 154 "https://mrchoke.org/node/476?ak_action=accept_mobile" "Mozilla/5.0 (Linux; Android 7.0;) AppleWebKit/537.36 (KHTML, like Gecko) Mobile Safari/537.36 (compatible; PetalBot;+https://webmaster.petalsearch.com/site/petalbot)"
114.119.147.81 - - [22/Jun/2022:09:10:23 +0000] "GET /node/476?ak_action=reject_mobile HTTP/1.1" 301 178 "https://mrchoke.org/node/476?ak_action=accept_mobile" "Mozilla/5.0 (Linux; Android 7.0;) AppleWebKit/537.36 (KHTML, like Gecko) Mobile Safari/537.36 (compatible; PetalBot;+https://webmaster.petalsearch.com/site/petalbot)"
114.119.147.81 - - [22/Jun/2022:09:10:33 +0000] "GET /node/476/?ak_action=reject_mobile HTTP/1.1" 200 11836 "https://mrchoke.org/node/476?ak_action=accept_mobile" "Mozilla/5.0 (Linux; Android 7.0;) AppleWebKit/537.36 (KHTML, like Gecko) Mobile Safari/537.36 (compatible; PetalBot;+https://webmaster.petalsearch.com/site/petalbot)"
