154.54.249.200 - - [26/Jun/2022:09:12:38 +0000] "GET /node/category/tiger/feed HTTP/1.1" 302 154 "-" "Mozilla/5.0 (compatible; Barkrowler/0.9; +https://babbar.tech/crawler)"
154.54.249.200 - - [26/Jun/2022:09:12:53 +0000] "GET /node/date/2007/03/ HTTP/1.1" 200 15696 "-" "Mozilla/5.0 (compatible; Barkrowler/0.9; +https://babbar.tech/crawler)"
154.54.249.200 - - [26/Jun/2022:09:13:08 +0000] "GET /node/category/benchmark HTTP/1.1" 302 154 "-" "Mozilla/5.0 (compatible; Barkrowler/0.9; +https://babbar.tech/crawler)"
154.54.249.200 - - [26/Jun/2022:09:13:23 +0000] "GET /node/date/2006/11 HTTP/1.1" 301 178 "-" "Mozilla/5.0 (compatible; Barkrowler/0.9; +https://babbar.tech/crawler)"
154.54.249.200 - - [26/Jun/2022:09:13:38 +0000] "GET /node/category/ads/feed HTTP/1.1" 302 154 "-" "Mozilla/5.0 (compatible; Barkrowler/0.9; +https://babbar.tech/crawler)"
114.119.147.75 - - [26/Jun/2022:09:13:44 +0000] "GET /node/192?share=facebook HTTP/1.1" 302 154 "https://mrchoke.org/node/192?ak_action=reject_mobile" "Mozilla/5.0 (Linux; Android 7.0;) AppleWebKit/537.36 (KHTML, like Gecko) Mobile Safari/537.36 (compatible; PetalBot;+https://webmaster.petalsearch.com/site/petalbot)"
154.54.249.200 - - [26/Jun/2022:09:13:53 +0000] "GET /node/date/2006/04/ HTTP/1.1" 200 9602 "-" "Mozilla/5.0 (compatible; Barkrowler/0.9; +https://babbar.tech/crawler)"
154.54.249.200 - - [26/Jun/2022:09:14:12 +0000] "GET /node/category/osx HTTP/1.1" 302 154 "-" "Mozilla/5.0 (compatible; Barkrowler/0.9; +https://babbar.tech/crawler)"
154.54.249.200 - - [26/Jun/2022:09:14:27 +0000] "GET /node/date/2008/01 HTTP/1.1" 301 178 "-" "Mozilla/5.0 (compatible; Barkrowler/0.9; +https://babbar.tech/crawler)"
154.54.249.200 - - [26/Jun/2022:09:14:43 +0000] "GET /node/category/trip/feed HTTP/1.1" 302 154 "-" "Mozilla/5.0 (compatible; Barkrowler/0.9; +https://babbar.tech/crawler)"
154.54.249.200 - - [26/Jun/2022:09:15:00 +0000] "GET /node/date/2006/12/ HTTP/1.1" 200 11590 "-" "Mozilla/5.0 (compatible; Barkrowler/0.9; +https://babbar.tech/crawler)"
154.54.249.200 - - [26/Jun/2022:09:15:13 +0000] "GET /node/97?share=reddit HTTP/1.1" 302 154 "-" "Mozilla/5.0 (compatible; Barkrowler/0.9; +https://babbar.tech/crawler)"
154.54.249.200 - - [26/Jun/2022:09:15:28 +0000] "GET /node/date/2006/01/ HTTP/1.1" 200 8484 "-" "Mozilla/5.0 (compatible; Barkrowler/0.9; +https://babbar.tech/crawler)"
154.54.249.200 - - [26/Jun/2022:09:15:46 +0000] "GET /node/97?share=linkedin HTTP/1.1" 302 154 "-" "Mozilla/5.0 (compatible; Barkrowler/0.9; +https://babbar.tech/crawler)"
154.54.249.200 - - [26/Jun/2022:09:16:01 +0000] "GET /node/date/2004/06/ HTTP/1.1" 200 9970 "-" "Mozilla/5.0 (compatible; Barkrowler/0.9; +https://babbar.tech/crawler)"
114.119.147.86 - - [26/Jun/2022:09:16:07 +0000] "GET /node/372?share=facebook HTTP/1.1" 302 154 "https://mrchoke.org/node/372?replytocom=452&ak_action=reject_mobile" "Mozilla/5.0 (Linux; Android 7.0;) AppleWebKit/537.36 (KHTML, like Gecko) Mobile Safari/537.36 (compatible; PetalBot;+https://webmaster.petalsearch.com/site/petalbot)"
154.54.249.200 - - [26/Jun/2022:09:16:16 +0000] "GET /node/97?share=twitter HTTP/1.1" 302 154 "-" "Mozilla/5.0 (compatible; Barkrowler/0.9; +https://babbar.tech/crawler)"
114.119.147.86 - - [26/Jun/2022:09:16:17 +0000] "GET /node/372?share=facebook HTTP/1.1" 301 178 "https://mrchoke.org/node/372?replytocom=452&ak_action=reject_mobile" "Mozilla/5.0 (Linux; Android 7.0;) AppleWebKit/537.36 (KHTML, like Gecko) Mobile Safari/537.36 (compatible; PetalBot;+https://webmaster.petalsearch.com/site/petalbot)"
154.54.249.200 - - [26/Jun/2022:09:16:30 +0000] "GET /node/date/2009/04/ HTTP/1.1" 200 8369 "-" "Mozilla/5.0 (compatible; Barkrowler/0.9; +https://babbar.tech/crawler)"
154.54.249.200 - - [26/Jun/2022:09:16:47 +0000] "GET /node/87?share=reddit HTTP/1.1" 302 154 "-" "Mozilla/5.0 (compatible; Barkrowler/0.9; +https://babbar.tech/crawler)"
154.54.249.200 - - [26/Jun/2022:09:17:03 +0000] "GET /node/date/2004/11/ HTTP/1.1" 200 11823 "-" "Mozilla/5.0 (compatible; Barkrowler/0.9; +https://babbar.tech/crawler)"
154.54.249.200 - - [26/Jun/2022:09:17:19 +0000] "GET /node/87?share=linkedin HTTP/1.1" 302 154 "-" "Mozilla/5.0 (compatible; Barkrowler/0.9; +https://babbar.tech/crawler)"
154.54.249.200 - - [26/Jun/2022:09:17:34 +0000] "GET /node/date/2005/12 HTTP/1.1" 301 178 "-" "Mozilla/5.0 (compatible; Barkrowler/0.9; +https://babbar.tech/crawler)"
114.119.147.75 - - [26/Jun/2022:09:17:34 +0000] "GET /node/1558?ak_action=reject_mobile HTTP/1.1" 302 154 "https://mrchoke.org/node/1558" "Mozilla/5.0 (Linux; Android 7.0;) AppleWebKit/537.36 (KHTML, like Gecko) Mobile Safari/537.36 (compatible; PetalBot;+https://webmaster.petalsearch.com/site/petalbot)"
114.119.147.75 - - [26/Jun/2022:09:17:41 +0000] "GET /node/1558?ak_action=reject_mobile HTTP/1.1" 301 178 "https://mrchoke.org/node/1558" "Mozilla/5.0 (Linux; Android 7.0;) AppleWebKit/537.36 (KHTML, like Gecko) Mobile Safari/537.36 (compatible; PetalBot;+https://webmaster.petalsearch.com/site/petalbot)"
114.119.147.75 - - [26/Jun/2022:09:17:48 +0000] "GET /node/1558/?ak_action=reject_mobile HTTP/1.1" 200 12881 "https://mrchoke.org/node/1558" "Mozilla/5.0 (Linux; Android 7.0;) AppleWebKit/537.36 (KHTML, like Gecko) Mobile Safari/537.36 (compatible; PetalBot;+https://webmaster.petalsearch.com/site/petalbot)"
154.54.249.200 - - [26/Jun/2022:09:17:52 +0000] "GET /node/87?share=twitter HTTP/1.1" 302 154 "-" "Mozilla/5.0 (compatible; Barkrowler/0.9; +https://babbar.tech/crawler)"
154.54.249.200 - - [26/Jun/2022:09:18:05 +0000] "GET /node/date/2006/06/ HTTP/1.1" 200 8502 "-" "Mozilla/5.0 (compatible; Barkrowler/0.9; +https://babbar.tech/crawler)"
154.54.249.200 - - [26/Jun/2022:09:18:21 +0000] "GET /node/202?share=linkedin HTTP/1.1" 302 154 "-" "Mozilla/5.0 (compatible; Barkrowler/0.9; +https://babbar.tech/crawler)"
154.54.249.200 - - [26/Jun/2022:09:18:35 +0000] "GET /node/date/2009/12/ HTTP/1.1" 200 10227 "-" "Mozilla/5.0 (compatible; Barkrowler/0.9; +https://babbar.tech/crawler)"
154.54.249.200 - - [26/Jun/2022:09:18:48 +0000] "GET /node/250?share=linkedin HTTP/1.1" 302 154 "-" "Mozilla/5.0 (compatible; Barkrowler/0.9; +https://babbar.tech/crawler)"
154.54.249.200 - - [26/Jun/2022:09:19:03 +0000] "GET /node/date/2008/01/ HTTP/1.1" 200 9432 "-" "Mozilla/5.0 (compatible; Barkrowler/0.9; +https://babbar.tech/crawler)"
154.54.249.200 - - [26/Jun/2022:09:19:24 +0000] "GET /node/252?share=linkedin HTTP/1.1" 302 154 "-" "Mozilla/5.0 (compatible; Barkrowler/0.9; +https://babbar.tech/crawler)"
154.54.249.200 - - [26/Jun/2022:09:19:42 +0000] "GET /node/date/2005/06/ HTTP/1.1" 200 17109 "-" "Mozilla/5.0 (compatible; Barkrowler/0.9; +https://babbar.tech/crawler)"
154.54.249.200 - - [26/Jun/2022:09:20:00 +0000] "GET /node/tag/landscape HTTP/1.1" 302 154 "-" "Mozilla/5.0 (compatible; Barkrowler/0.9; +https://babbar.tech/crawler)"
114.119.147.81 - - [26/Jun/2022:09:20:16 +0000] "GET /node/239?ak_action=reject_mobile HTTP/1.1" 302 154 "https://mrchoke.org/node/239?ak_action=accept_mobile" "Mozilla/5.0 (Linux; Android 7.0;) AppleWebKit/537.36 (KHTML, like Gecko) Mobile Safari/537.36 (compatible; PetalBot;+https://webmaster.petalsearch.com/site/petalbot)"
154.54.249.200 - - [26/Jun/2022:09:20:17 +0000] "GET /node/date/2006/11/ HTTP/1.1" 200 12487 "-" "Mozilla/5.0 (compatible; Barkrowler/0.9; +https://babbar.tech/crawler)"
114.119.147.81 - - [26/Jun/2022:09:20:28 +0000] "GET /node/239?ak_action=reject_mobile HTTP/1.1" 301 178 "https://mrchoke.org/node/239?ak_action=accept_mobile" "Mozilla/5.0 (Linux; Android 7.0;) AppleWebKit/537.36 (KHTML, like Gecko) Mobile Safari/537.36 (compatible; PetalBot;+https://webmaster.petalsearch.com/site/petalbot)"
154.54.249.200 - - [26/Jun/2022:09:20:31 +0000] "GET /node/tag/train/feed HTTP/1.1" 302 154 "-" "Mozilla/5.0 (compatible; Barkrowler/0.9; +https://babbar.tech/crawler)"
154.54.249.200 - - [26/Jun/2022:09:20:45 +0000] "GET /node/date/2005/08/ HTTP/1.1" 200 7762 "-" "Mozilla/5.0 (compatible; Barkrowler/0.9; +https://babbar.tech/crawler)"
154.54.249.200 - - [26/Jun/2022:09:21:00 +0000] "GET /node/tag/cloud/feed HTTP/1.1" 302 154 "-" "Mozilla/5.0 (compatible; Barkrowler/0.9; +https://babbar.tech/crawler)"
114.119.147.87 - - [26/Jun/2022:09:21:06 +0000] "GET /wp-content/uploads/2014/01/IMG_6556-766x766.jpg HTTP/1.1" 200 92288 "https://static.mrchoke.org/img_6556" "Mozilla/5.0 (Linux; Android 7.0;) AppleWebKit/537.36 (KHTML, like Gecko) Mobile Safari/537.36 (compatible; PetalBot;+https://webmaster.petalsearch.com/site/petalbot)"
154.54.249.200 - - [26/Jun/2022:09:21:15 +0000] "GET /node/date/2007/12/ HTTP/1.1" 200 11710 "-" "Mozilla/5.0 (compatible; Barkrowler/0.9; +https://babbar.tech/crawler)"
154.54.249.200 - - [26/Jun/2022:09:21:31 +0000] "GET /node/tag/centos/feed HTTP/1.1" 302 154 "-" "Mozilla/5.0 (compatible; Barkrowler/0.9; +https://babbar.tech/crawler)"
154.54.249.200 - - [26/Jun/2022:09:21:44 +0000] "GET /node/date/2007/05/ HTTP/1.1" 200 13306 "-" "Mozilla/5.0 (compatible; Barkrowler/0.9; +https://babbar.tech/crawler)"
154.54.249.200 - - [26/Jun/2022:09:21:58 +0000] "GET /node/tag/review HTTP/1.1" 302 154 "-" "Mozilla/5.0 (compatible; Barkrowler/0.9; +https://babbar.tech/crawler)"
154.54.249.200 - - [26/Jun/2022:09:22:11 +0000] "GET /node/date/2008/06/ HTTP/1.1" 200 9295 "-" "Mozilla/5.0 (compatible; Barkrowler/0.9; +https://babbar.tech/crawler)"
114.119.147.81 - - [26/Jun/2022:09:22:24 +0000] "GET /node/416 HTTP/1.1" 404 134 "http://www.mrchoke.org/node/date/2004/05/" "Mozilla/5.0 (Linux; Android 7.0;) AppleWebKit/537.36 (KHTML, like Gecko) Mobile Safari/537.36 (compatible; PetalBot;+https://webmaster.petalsearch.com/site/petalbot)"
154.54.249.200 - - [26/Jun/2022:09:22:25 +0000] "GET /node/tag/smart-bike HTTP/1.1" 302 154 "-" "Mozilla/5.0 (compatible; Barkrowler/0.9; +https://babbar.tech/crawler)"
154.54.249.200 - - [26/Jun/2022:09:22:40 +0000] "GET /node/date/2005/05/ HTTP/1.1" 200 10294 "-" "Mozilla/5.0 (compatible; Barkrowler/0.9; +https://babbar.tech/crawler)"
154.54.249.200 - - [26/Jun/2022:09:22:55 +0000] "GET /node/tag/work/page/2 HTTP/1.1" 302 154 "-" "Mozilla/5.0 (compatible; Barkrowler/0.9; +https://babbar.tech/crawler)"
154.54.249.200 - - [26/Jun/2022:09:23:09 +0000] "GET /node/date/2007/11 HTTP/1.1" 301 178 "-" "Mozilla/5.0 (compatible; Barkrowler/0.9; +https://babbar.tech/crawler)"
154.54.249.200 - - [26/Jun/2022:09:23:24 +0000] "GET /showcases/suse/ HTTP/1.1" 404 134 "-" "Mozilla/5.0 (compatible; Barkrowler/0.9; +https://babbar.tech/crawler)"
154.54.249.200 - - [26/Jun/2022:09:23:41 +0000] "GET /node/date/2007/02/ HTTP/1.1" 200 32684 "-" "Mozilla/5.0 (compatible; Barkrowler/0.9; +https://babbar.tech/crawler)"
154.54.249.200 - - [26/Jun/2022:09:23:59 +0000] "GET /showcases/fedora/ HTTP/1.1" 404 134 "-" "Mozilla/5.0 (compatible; Barkrowler/0.9; +https://babbar.tech/crawler)"
154.54.249.200 - - [26/Jun/2022:09:24:12 +0000] "GET /node/date/2009/06/ HTTP/1.1" 200 11402 "-" "Mozilla/5.0 (compatible; Barkrowler/0.9; +https://babbar.tech/crawler)"
154.54.249.200 - - [26/Jun/2022:09:24:30 +0000] "GET /img_6727-2 HTTP/1.1" 404 134 "-" "Mozilla/5.0 (compatible; Barkrowler/0.9; +https://babbar.tech/crawler)"
114.119.147.86 - - [26/Jun/2022:09:24:34 +0000] "GET /node/790/img_6167?share=reddit HTTP/1.1" 302 154 "https://mrchoke.org/node/790/img_6167?ak_action=accept_mobile" "Mozilla/5.0 (Linux; Android 7.0;) AppleWebKit/537.36 (KHTML, like Gecko) Mobile Safari/537.36 (compatible; PetalBot;+https://webmaster.petalsearch.com/site/petalbot)"
114.119.147.86 - - [26/Jun/2022:09:24:40 +0000] "GET /node/790/img_6167?share=reddit HTTP/1.1" 301 178 "https://mrchoke.org/node/790/img_6167?ak_action=accept_mobile" "Mozilla/5.0 (Linux; Android 7.0;) AppleWebKit/537.36 (KHTML, like Gecko) Mobile Safari/537.36 (compatible; PetalBot;+https://webmaster.petalsearch.com/site/petalbot)"
154.54.249.200 - - [26/Jun/2022:09:24:45 +0000] "GET /node/date/2007/11/ HTTP/1.1" 200 9286 "-" "Mozilla/5.0 (compatible; Barkrowler/0.9; +https://babbar.tech/crawler)"
114.119.147.86 - - [26/Jun/2022:09:24:46 +0000] "GET /node/790/img_6167/?share=reddit HTTP/1.1" 200 7943 "https://mrchoke.org/node/790/img_6167?ak_action=accept_mobile" "Mozilla/5.0 (Linux; Android 7.0;) AppleWebKit/537.36 (KHTML, like Gecko) Mobile Safari/537.36 (compatible; PetalBot;+https://webmaster.petalsearch.com/site/petalbot)"
154.54.249.200 - - [26/Jun/2022:09:24:59 +0000] "GET /img_1351-1 HTTP/1.1" 404 134 "-" "Mozilla/5.0 (compatible; Barkrowler/0.9; +https://babbar.tech/crawler)"
154.54.249.200 - - [26/Jun/2022:09:25:16 +0000] "GET /node/date/2008/03/ HTTP/1.1" 200 9377 "-" "Mozilla/5.0 (compatible; Barkrowler/0.9; +https://babbar.tech/crawler)"
154.54.249.200 - - [26/Jun/2022:09:25:38 +0000] "GET /gallery/?g2_itemId=425 HTTP/1.1" 404 134 "-" "Mozilla/5.0 (compatible; Barkrowler/0.9; +https://babbar.tech/crawler)"
154.54.249.200 - - [26/Jun/2022:09:25:53 +0000] "GET /node/date/2004/11 HTTP/1.1" 301 178 "-" "Mozilla/5.0 (compatible; Barkrowler/0.9; +https://babbar.tech/crawler)"
114.119.147.74 - - [26/Jun/2022:09:26:21 +0000] "GET /node/date/2005/02/ HTTP/1.1" 302 154 "https://mrchoke.org/node/date/2005/02/page/2" "Mozilla/5.0 (Linux; Android 7.0;) AppleWebKit/537.36 (KHTML, like Gecko) Mobile Safari/537.36 (compatible; PetalBot;+https://webmaster.petalsearch.com/site/petalbot)"
154.54.249.200 - - [26/Jun/2022:09:26:23 +0000] "GET /node/1829?share=twitter HTTP/1.1" 302 154 "-" "Mozilla/5.0 (compatible; Barkrowler/0.9; +https://babbar.tech/crawler)"
114.119.147.74 - - [26/Jun/2022:09:26:25 +0000] "GET /node/date/2005/02/ HTTP/1.1" 200 11655 "https://mrchoke.org/node/date/2005/02/page/2" "Mozilla/5.0 (Linux; Android 7.0;) AppleWebKit/537.36 (KHTML, like Gecko) Mobile Safari/537.36 (compatible; PetalBot;+https://webmaster.petalsearch.com/site/petalbot)"
154.54.249.200 - - [26/Jun/2022:09:26:40 +0000] "GET /node/date/2009/11/ HTTP/1.1" 200 16454 "-" "Mozilla/5.0 (compatible; Barkrowler/0.9; +https://babbar.tech/crawler)"
154.54.249.200 - - [26/Jun/2022:09:26:54 +0000] "GET /node/1829?share=linkedin HTTP/1.1" 302 154 "-" "Mozilla/5.0 (compatible; Barkrowler/0.9; +https://babbar.tech/crawler)"
207.46.13.4 - - [26/Jun/2022:09:26:58 +0000] "GET /feed/?attachment_id=1390 HTTP/2.0" 403 123 "-" "Mozilla/5.0 (compatible; bingbot/2.0; +http://www.bing.com/bingbot.htm)"
154.54.249.200 - - [26/Jun/2022:09:27:08 +0000] "GET /node/date/2007/06/ HTTP/1.1" 200 10569 "-" "Mozilla/5.0 (compatible; Barkrowler/0.9; +https://babbar.tech/crawler)"
154.54.249.200 - - [26/Jun/2022:09:27:24 +0000] "GET /node/1829?share=reddit HTTP/1.1" 302 154 "-" "Mozilla/5.0 (compatible; Barkrowler/0.9; +https://babbar.tech/crawler)"
154.54.249.200 - - [26/Jun/2022:09:27:39 +0000] "GET /node/date/2007/04/ HTTP/1.1" 200 16157 "-" "Mozilla/5.0 (compatible; Barkrowler/0.9; +https://babbar.tech/crawler)"
66.249.64.81 - - [26/Jun/2022:09:27:45 +0000] "GET /robots.txt HTTP/1.1" 200 920 "-" "Mozilla/5.0 (compatible; Googlebot/2.1; +http://www.google.com/bot.html)"
154.54.249.200 - - [26/Jun/2022:09:27:54 +0000] "GET /node/1829?share=facebook HTTP/1.1" 302 154 "-" "Mozilla/5.0 (compatible; Barkrowler/0.9; +https://babbar.tech/crawler)"
154.54.249.200 - - [26/Jun/2022:09:28:12 +0000] "GET /node/date/2009/05/ HTTP/1.1" 200 9461 "-" "Mozilla/5.0 (compatible; Barkrowler/0.9; +https://babbar.tech/crawler)"
154.54.249.200 - - [26/Jun/2022:09:28:28 +0000] "GET /node/1006?share=twitter HTTP/1.1" 302 154 "-" "Mozilla/5.0 (compatible; Barkrowler/0.9; +https://babbar.tech/crawler)"
114.119.147.74 - - [26/Jun/2022:09:28:31 +0000] "GET /node/25?ak_action=reject_mobile HTTP/1.1" 302 154 "https://mrchoke.org/node/25?ak_action=accept_mobile" "Mozilla/5.0 (Linux; Android 7.0;) AppleWebKit/537.36 (KHTML, like Gecko) Mobile Safari/537.36 (compatible; PetalBot;+https://webmaster.petalsearch.com/site/petalbot)"
114.119.147.74 - - [26/Jun/2022:09:28:48 +0000] "GET /node/25?ak_action=reject_mobile HTTP/1.1" 301 178 "https://mrchoke.org/node/25?ak_action=accept_mobile" "Mozilla/5.0 (Linux; Android 7.0;) AppleWebKit/537.36 (KHTML, like Gecko) Mobile Safari/537.36 (compatible; PetalBot;+https://webmaster.petalsearch.com/site/petalbot)"
154.54.249.200 - - [26/Jun/2022:09:28:49 +0000] "GET /node/date/2006/07/ HTTP/1.1" 200 8630 "-" "Mozilla/5.0 (compatible; Barkrowler/0.9; +https://babbar.tech/crawler)"
40.77.167.46 - - [26/Jun/2022:09:29:06 +0000] "GET /feed/?attachment_id=1873 HTTP/2.0" 403 123 "-" "Mozilla/5.0 (compatible; bingbot/2.0; +http://www.bing.com/bingbot.htm)"
154.54.249.200 - - [26/Jun/2022:09:29:07 +0000] "GET /node/1006?share=linkedin HTTP/1.1" 302 154 "-" "Mozilla/5.0 (compatible; Barkrowler/0.9; +https://babbar.tech/crawler)"
154.54.249.200 - - [26/Jun/2022:09:29:23 +0000] "GET /node/date/2004/07/ HTTP/1.1" 200 12927 "-" "Mozilla/5.0 (compatible; Barkrowler/0.9; +https://babbar.tech/crawler)"
154.54.249.200 - - [26/Jun/2022:09:29:38 +0000] "GET /node/1006?share=reddit HTTP/1.1" 302 154 "-" "Mozilla/5.0 (compatible; Barkrowler/0.9; +https://babbar.tech/crawler)"
154.54.249.200 - - [26/Jun/2022:09:29:53 +0000] "GET /node/date/2005/09/ HTTP/1.1" 200 8126 "-" "Mozilla/5.0 (compatible; Barkrowler/0.9; +https://babbar.tech/crawler)"
154.54.249.200 - - [26/Jun/2022:09:30:11 +0000] "GET /node/1006?share=facebook HTTP/1.1" 302 154 "-" "Mozilla/5.0 (compatible; Barkrowler/0.9; +https://babbar.tech/crawler)"
114.119.147.87 - - [26/Jun/2022:09:30:27 +0000] "GET /node/category/music/page/6?ak_action=accept_mobile HTTP/1.1" 302 154 "https://mrchoke.org/node/category/music/page/7?ak_action=accept_mobile" "Mozilla/5.0 (Linux; Android 7.0;) AppleWebKit/537.36 (KHTML, like Gecko) Mobile Safari/537.36 (compatible; PetalBot;+https://webmaster.petalsearch.com/site/petalbot)"
154.54.249.200 - - [26/Jun/2022:09:30:28 +0000] "GET /node/date/2005/04/ HTTP/1.1" 200 10239 "-" "Mozilla/5.0 (compatible; Barkrowler/0.9; +https://babbar.tech/crawler)"
114.119.147.87 - - [26/Jun/2022:09:30:37 +0000] "GET /node/category/music/page/6?ak_action=accept_mobile HTTP/1.1" 301 178 "https://mrchoke.org/node/category/music/page/7?ak_action=accept_mobile" "Mozilla/5.0 (Linux; Android 7.0;) AppleWebKit/537.36 (KHTML, like Gecko) Mobile Safari/537.36 (compatible; PetalBot;+https://webmaster.petalsearch.com/site/petalbot)"
154.54.249.200 - - [26/Jun/2022:09:30:42 +0000] "GET /node/1367?share=twitter HTTP/1.1" 302 154 "-" "Mozilla/5.0 (compatible; Barkrowler/0.9; +https://babbar.tech/crawler)"
154.54.249.200 - - [26/Jun/2022:09:30:57 +0000] "GET /node/date/2004/09/ HTTP/1.1" 200 8392 "-" "Mozilla/5.0 (compatible; Barkrowler/0.9; +https://babbar.tech/crawler)"
40.77.167.46 - - [26/Jun/2022:09:31:05 +0000] "GET / HTTP/1.1" 200 396 "-" "Mozilla/5.0 (compatible; bingbot/2.0; +http://www.bing.com/bingbot.htm)"
154.54.249.200 - - [26/Jun/2022:09:31:15 +0000] "GET /node/1367?share=linkedin HTTP/1.1" 302 154 "-" "Mozilla/5.0 (compatible; Barkrowler/0.9; +https://babbar.tech/crawler)"
154.54.249.200 - - [26/Jun/2022:09:31:31 +0000] "GET /node/date/2006/02/ HTTP/1.1" 200 10789 "-" "Mozilla/5.0 (compatible; Barkrowler/0.9; +https://babbar.tech/crawler)"
2a01:4f9:3b:28c6::2 - - [26/Jun/2022:09:31:40 +0000] "GET /wp-content/uploads/2012/05/IMG_1731-150x150.jpg HTTP/1.1" 200 5614 "-" "Mozilla/5.0 (X11; Ubuntu; Linux x86_64; rv:72.0) Gecko/20100101 Firefox/72.0"
154.54.249.200 - - [26/Jun/2022:09:31:44 +0000] "GET /node/1367?share=reddit HTTP/1.1" 302 154 "-" "Mozilla/5.0 (compatible; Barkrowler/0.9; +https://babbar.tech/crawler)"
154.54.249.200 - - [26/Jun/2022:09:31:59 +0000] "GET /node/date/2007/07/ HTTP/1.1" 200 8079 "-" "Mozilla/5.0 (compatible; Barkrowler/0.9; +https://babbar.tech/crawler)"
154.54.249.200 - - [26/Jun/2022:09:32:13 +0000] "GET /node/1367?share=facebook HTTP/1.1" 302 154 "-" "Mozilla/5.0 (compatible; Barkrowler/0.9; +https://babbar.tech/crawler)"
207.46.13.174 - - [26/Jun/2022:09:32:13 +0000] "GET / HTTP/2.0" 200 15995 "-" "Mozilla/5.0 (compatible; bingbot/2.0; +http://www.bing.com/bingbot.htm)"
154.54.249.200 - - [26/Jun/2022:09:32:29 +0000] "GET /node/date/2007/12 HTTP/1.1" 301 178 "-" "Mozilla/5.0 (compatible; Barkrowler/0.9; +https://babbar.tech/crawler)"
154.54.249.200 - - [26/Jun/2022:09:32:46 +0000] "GET /node/1633?share=twitter HTTP/1.1" 302 154 "-" "Mozilla/5.0 (compatible; Barkrowler/0.9; +https://babbar.tech/crawler)"
154.54.249.200 - - [26/Jun/2022:09:33:02 +0000] "GET /node/date/2008/03 HTTP/1.1" 301 178 "-" "Mozilla/5.0 (compatible; Barkrowler/0.9; +https://babbar.tech/crawler)"
154.54.249.200 - - [26/Jun/2022:09:33:18 +0000] "GET /node/1633?share=linkedin HTTP/1.1" 302 154 "-" "Mozilla/5.0 (compatible; Barkrowler/0.9; +https://babbar.tech/crawler)"
154.54.249.200 - - [26/Jun/2022:09:33:34 +0000] "GET /node/date/2006/03/ HTTP/1.1" 200 10757 "-" "Mozilla/5.0 (compatible; Barkrowler/0.9; +https://babbar.tech/crawler)"
114.119.147.97 - - [26/Jun/2022:09:33:44 +0000] "GET /node/1255/img_6804?share=reddit HTTP/1.1" 302 154 "https://mrchoke.org/node/1255/img_6804?ak_action=accept_mobile" "Mozilla/5.0 (Linux; Android 7.0;) AppleWebKit/537.36 (KHTML, like Gecko) Mobile Safari/537.36 (compatible; PetalBot;+https://webmaster.petalsearch.com/site/petalbot)"
154.54.249.200 - - [26/Jun/2022:09:33:50 +0000] "GET /node/1633?share=reddit HTTP/1.1" 302 154 "-" "Mozilla/5.0 (compatible; Barkrowler/0.9; +https://babbar.tech/crawler)"
114.119.147.97 - - [26/Jun/2022:09:33:50 +0000] "GET /node/1255/img_6804?share=reddit HTTP/1.1" 301 178 "https://mrchoke.org/node/1255/img_6804?ak_action=accept_mobile" "Mozilla/5.0 (Linux; Android 7.0;) AppleWebKit/537.36 (KHTML, like Gecko) Mobile Safari/537.36 (compatible; PetalBot;+https://webmaster.petalsearch.com/site/petalbot)"
114.119.147.97 - - [26/Jun/2022:09:33:56 +0000] "GET /node/1255/img_6804/?share=reddit HTTP/1.1" 200 7983 "https://mrchoke.org/node/1255/img_6804?ak_action=accept_mobile" "Mozilla/5.0 (Linux; Android 7.0;) AppleWebKit/537.36 (KHTML, like Gecko) Mobile Safari/537.36 (compatible; PetalBot;+https://webmaster.petalsearch.com/site/petalbot)"
154.54.249.200 - - [26/Jun/2022:09:34:05 +0000] "GET /node/date/2009/07/ HTTP/1.1" 200 10092 "-" "Mozilla/5.0 (compatible; Barkrowler/0.9; +https://babbar.tech/crawler)"
154.54.249.200 - - [26/Jun/2022:09:34:19 +0000] "GET /node/1633?share=facebook HTTP/1.1" 302 154 "-" "Mozilla/5.0 (compatible; Barkrowler/0.9; +https://babbar.tech/crawler)"
154.54.249.200 - - [26/Jun/2022:09:34:34 +0000] "GET /node/date/2009/03/ HTTP/1.1" 200 9812 "-" "Mozilla/5.0 (compatible; Barkrowler/0.9; +https://babbar.tech/crawler)"
154.54.249.200 - - [26/Jun/2022:09:34:49 +0000] "GET /node/1428?share=twitter HTTP/1.1" 302 154 "-" "Mozilla/5.0 (compatible; Barkrowler/0.9; +https://babbar.tech/crawler)"
54.36.148.144 - - [26/Jun/2022:09:34:55 +0000] "GET / HTTP/1.1" 200 396 "-" "Mozilla/5.0 (compatible; AhrefsBot/7.0; +http://ahrefs.com/robot/)"
154.54.249.200 - - [26/Jun/2022:09:35:02 +0000] "GET /node/date/2007/01/ HTTP/1.1" 200 13261 "-" "Mozilla/5.0 (compatible; Barkrowler/0.9; +https://babbar.tech/crawler)"
154.54.249.200 - - [26/Jun/2022:09:35:19 +0000] "GET /node/1428?share=linkedin HTTP/1.1" 302 154 "-" "Mozilla/5.0 (compatible; Barkrowler/0.9; +https://babbar.tech/crawler)"
154.54.249.200 - - [26/Jun/2022:09:35:33 +0000] "GET /node/date/2006/10/ HTTP/1.1" 200 13885 "-" "Mozilla/5.0 (compatible; Barkrowler/0.9; +https://babbar.tech/crawler)"
185.191.171.11 - - [26/Jun/2022:09:35:39 +0000] "GET /node/1731/screenshot-2014-02-18-14-51-16 HTTP/1.1" 301 178 "-" "Mozilla/5.0 (compatible; SemrushBot/7~bl; +http://www.semrush.com/bot.html)"
185.191.171.22 - - [26/Jun/2022:09:35:43 +0000] "GET /node/1731/screenshot-2014-02-18-14-51-16/ HTTP/1.1" 200 7981 "-" "Mozilla/5.0 (compatible; SemrushBot/7~bl; +http://www.semrush.com/bot.html)"
154.54.249.200 - - [26/Jun/2022:09:35:49 +0000] "GET /node/1428?share=reddit HTTP/1.1" 302 154 "-" "Mozilla/5.0 (compatible; Barkrowler/0.9; +https://babbar.tech/crawler)"
114.119.147.74 - - [26/Jun/2022:09:35:55 +0000] "GET /node/790/img_6163?ak_action=reject_mobile HTTP/1.1" 302 154 "https://mrchoke.org/node/790/img_6163?ak_action=accept_mobile" "Mozilla/5.0 (Linux; Android 7.0;) AppleWebKit/537.36 (KHTML, like Gecko) Mobile Safari/537.36 (compatible; PetalBot;+https://webmaster.petalsearch.com/site/petalbot)"
154.54.249.200 - - [26/Jun/2022:09:36:02 +0000] "GET /node/date/2005/11 HTTP/1.1" 301 178 "-" "Mozilla/5.0 (compatible; Barkrowler/0.9; +https://babbar.tech/crawler)"
114.119.147.74 - - [26/Jun/2022:09:36:09 +0000] "GET /node/790/img_6163?ak_action=reject_mobile HTTP/1.1" 301 178 "https://mrchoke.org/node/790/img_6163?ak_action=accept_mobile" "Mozilla/5.0 (Linux; Android 7.0;) AppleWebKit/537.36 (KHTML, like Gecko) Mobile Safari/537.36 (compatible; PetalBot;+https://webmaster.petalsearch.com/site/petalbot)"
154.54.249.200 - - [26/Jun/2022:09:36:18 +0000] "GET /node/1428?share=facebook HTTP/1.1" 302 154 "-" "Mozilla/5.0 (compatible; Barkrowler/0.9; +https://babbar.tech/crawler)"
154.54.249.200 - - [26/Jun/2022:09:36:33 +0000] "GET /node/date/2006/05/ HTTP/1.1" 200 10841 "-" "Mozilla/5.0 (compatible; Barkrowler/0.9; +https://babbar.tech/crawler)"
154.54.249.200 - - [26/Jun/2022:09:36:47 +0000] "GET /node/1657?share=twitter HTTP/1.1" 302 154 "-" "Mozilla/5.0 (compatible; Barkrowler/0.9; +https://babbar.tech/crawler)"
114.119.147.86 - - [26/Jun/2022:09:36:50 +0000] "GET /node/386 HTTP/1.1" 302 154 "https://mrchoke.org/node/387?ak_action=reject_mobile" "Mozilla/5.0 (Linux; Android 7.0;) AppleWebKit/537.36 (KHTML, like Gecko) Mobile Safari/537.36 (compatible; PetalBot;+https://webmaster.petalsearch.com/site/petalbot)"
114.119.147.86 - - [26/Jun/2022:09:36:56 +0000] "GET /node/386 HTTP/1.1" 301 178 "https://mrchoke.org/node/387?ak_action=reject_mobile" "Mozilla/5.0 (Linux; Android 7.0;) AppleWebKit/537.36 (KHTML, like Gecko) Mobile Safari/537.36 (compatible; PetalBot;+https://webmaster.petalsearch.com/site/petalbot)"
154.54.249.200 - - [26/Jun/2022:09:37:01 +0000] "GET /node/date/2006/08/ HTTP/1.1" 200 8431 "-" "Mozilla/5.0 (compatible; Barkrowler/0.9; +https://babbar.tech/crawler)"
114.119.147.86 - - [26/Jun/2022:09:37:04 +0000] "GET /node/386/ HTTP/1.1" 200 8941 "https://mrchoke.org/node/387?ak_action=reject_mobile" "Mozilla/5.0 (Linux; Android 7.0;) AppleWebKit/537.36 (KHTML, like Gecko) Mobile Safari/537.36 (compatible; PetalBot;+https://webmaster.petalsearch.com/site/petalbot)"
54.36.148.159 - - [26/Jun/2022:09:37:10 +0000] "GET /node/316/ HTTP/2.0" 200 9414 "-" "Mozilla/5.0 (compatible; AhrefsBot/7.0; +http://ahrefs.com/robot/)"
154.54.249.200 - - [26/Jun/2022:09:37:18 +0000] "GET /node/1657?share=linkedin HTTP/1.1" 302 154 "-" "Mozilla/5.0 (compatible; Barkrowler/0.9; +https://babbar.tech/crawler)"
154.54.249.200 - - [26/Jun/2022:09:37:32 +0000] "GET /node/date/2005/01/ HTTP/1.1" 200 9395 "-" "Mozilla/5.0 (compatible; Barkrowler/0.9; +https://babbar.tech/crawler)"
154.54.249.200 - - [26/Jun/2022:09:37:47 +0000] "GET /node/1657?share=reddit HTTP/1.1" 302 154 "-" "Mozilla/5.0 (compatible; Barkrowler/0.9; +https://babbar.tech/crawler)"
154.54.249.200 - - [26/Jun/2022:09:38:09 +0000] "GET /node/date/2005/11/ HTTP/1.1" 200 11255 "-" "Mozilla/5.0 (compatible; Barkrowler/0.9; +https://babbar.tech/crawler)"
154.54.249.200 - - [26/Jun/2022:09:38:24 +0000] "GET /node/1657?share=facebook HTTP/1.1" 302 154 "-" "Mozilla/5.0 (compatible; Barkrowler/0.9; +https://babbar.tech/crawler)"
114.119.147.86 - - [26/Jun/2022:09:38:32 +0000] "GET /node/category/music/page/8?ak_action=reject_mobile HTTP/1.1" 302 154 "https://mrchoke.org/node/category/music/page/9?ak_action=reject_mobile" "Mozilla/5.0 (Linux; Android 7.0;) AppleWebKit/537.36 (KHTML, like Gecko) Mobile Safari/537.36 (compatible; PetalBot;+https://webmaster.petalsearch.com/site/petalbot)"
114.119.147.86 - - [26/Jun/2022:09:38:39 +0000] "GET /node/category/music/page/8?ak_action=reject_mobile HTTP/1.1" 301 178 "https://mrchoke.org/node/category/music/page/9?ak_action=reject_mobile" "Mozilla/5.0 (Linux; Android 7.0;) AppleWebKit/537.36 (KHTML, like Gecko) Mobile Safari/537.36 (compatible; PetalBot;+https://webmaster.petalsearch.com/site/petalbot)"
154.54.249.200 - - [26/Jun/2022:09:38:39 +0000] "GET /node/date/2004/10/ HTTP/1.1" 200 11200 "-" "Mozilla/5.0 (compatible; Barkrowler/0.9; +https://babbar.tech/crawler)"
114.119.147.86 - - [26/Jun/2022:09:38:45 +0000] "GET /node/category/music/page/8/?ak_action=reject_mobile HTTP/1.1" 200 11178 "https://mrchoke.org/node/category/music/page/9?ak_action=reject_mobile" "Mozilla/5.0 (Linux; Android 7.0;) AppleWebKit/537.36 (KHTML, like Gecko) Mobile Safari/537.36 (compatible; PetalBot;+https://webmaster.petalsearch.com/site/petalbot)"
154.54.249.200 - - [26/Jun/2022:09:38:55 +0000] "GET /node/1997?share=twitter HTTP/1.1" 302 154 "-" "Mozilla/5.0 (compatible; Barkrowler/0.9; +https://babbar.tech/crawler)"
154.54.249.200 - - [26/Jun/2022:09:39:11 +0000] "GET /node/date/2004/12/ HTTP/1.1" 200 10262 "-" "Mozilla/5.0 (compatible; Barkrowler/0.9; +https://babbar.tech/crawler)"
154.54.249.200 - - [26/Jun/2022:09:39:27 +0000] "GET /feed/?attachment_id=1424 HTTP/1.1" 404 134 "-" "Mozilla/5.0 (compatible; Barkrowler/0.9; +https://babbar.tech/crawler)"
54.36.149.43 - - [26/Jun/2022:09:39:34 +0000] "GET /node/376/ HTTP/2.0" 200 9897 "-" "Mozilla/5.0 (compatible; AhrefsBot/7.0; +http://ahrefs.com/robot/)"
154.54.249.200 - - [26/Jun/2022:09:39:45 +0000] "GET /node/date/2004/10 HTTP/1.1" 301 178 "-" "Mozilla/5.0 (compatible; Barkrowler/0.9; +https://babbar.tech/crawler)"
154.54.249.200 - - [26/Jun/2022:09:40:02 +0000] "GET /feed/?attachment_id=1390 HTTP/1.1" 404 134 "-" "Mozilla/5.0 (compatible; Barkrowler/0.9; +https://babbar.tech/crawler)"
154.54.249.200 - - [26/Jun/2022:09:40:20 +0000] "GET /node/date/2008/11/ HTTP/1.1" 200 8287 "-" "Mozilla/5.0 (compatible; Barkrowler/0.9; +https://babbar.tech/crawler)"
114.119.147.87 - - [26/Jun/2022:09:40:28 +0000] "GET /node/date/2004/05/02 HTTP/1.1" 404 134 "http://www.mrchoke.org/node/427" "Mozilla/5.0 (Linux; Android 7.0;) AppleWebKit/537.36 (KHTML, like Gecko) Mobile Safari/537.36 (compatible; PetalBot;+https://webmaster.petalsearch.com/site/petalbot)"
154.54.249.200 - - [26/Jun/2022:09:40:35 +0000] "GET /feed/?attachment_id=1432 HTTP/1.1" 404 134 "-" "Mozilla/5.0 (compatible; Barkrowler/0.9; +https://babbar.tech/crawler)"
154.54.249.200 - - [26/Jun/2022:09:40:50 +0000] "GET /node/date/2008/07/ HTTP/1.1" 200 8419 "-" "Mozilla/5.0 (compatible; Barkrowler/0.9; +https://babbar.tech/crawler)"
154.54.249.200 - - [26/Jun/2022:09:41:19 +0000] "GET /feed/?attachment_id=1155 HTTP/1.1" 404 134 "-" "Mozilla/5.0 (compatible; Barkrowler/0.9; +https://babbar.tech/crawler)"
154.54.249.200 - - [26/Jun/2022:09:41:35 +0000] "GET /node/date/2009/10 HTTP/1.1" 301 178 "-" "Mozilla/5.0 (compatible; Barkrowler/0.9; +https://babbar.tech/crawler)"
154.54.249.200 - - [26/Jun/2022:09:41:53 +0000] "GET /feed/?attachment_id=1714 HTTP/1.1" 404 134 "-" "Mozilla/5.0 (compatible; Barkrowler/0.9; +https://babbar.tech/crawler)"
54.36.148.49 - - [26/Jun/2022:09:41:53 +0000] "GET /node/233/ HTTP/2.0" 200 8878 "-" "Mozilla/5.0 (compatible; AhrefsBot/7.0; +http://ahrefs.com/robot/)"
168.119.68.189 - - [26/Jun/2022:09:41:54 +0000] "GET /wp-content/themes/manifest/style.css HTTP/2.0" 200 21725 "https://static.mrchoke.org/node/233/" "Mozilla/5.0 (compatible; AhrefsBot/7.0; +http://ahrefs.com/robot/)"
168.119.68.189 - - [26/Jun/2022:09:41:54 +0000] "GET /wp-includes/css/dist/block-library/style.min.css?ver=5.7.1 HTTP/2.0" 200 58171 "https://static.mrchoke.org/node/233/" "Mozilla/5.0 (compatible; AhrefsBot/7.0; +http://ahrefs.com/robot/)"
168.119.68.189 - - [26/Jun/2022:09:41:55 +0000] "GET /wp-includes/js/comment-reply.min.js?ver=5.7.1 HTTP/2.0" 200 2984 "https://static.mrchoke.org/node/233/" "Mozilla/5.0 (compatible; AhrefsBot/7.0; +http://ahrefs.com/robot/)"
168.119.68.189 - - [26/Jun/2022:09:41:55 +0000] "GET /wp-includes/js/wp-embed.min.js?ver=5.7.1 HTTP/2.0" 200 1426 "https://static.mrchoke.org/node/233/" "Mozilla/5.0 (compatible; AhrefsBot/7.0; +http://ahrefs.com/robot/)"
168.119.68.189 - - [26/Jun/2022:09:41:55 +0000] "GET /wp-includes/js/wp-emoji-release.min.js?ver=5.7.1 HTTP/2.0" 200 14229 "https://static.mrchoke.org/node/233/" "Mozilla/5.0 (compatible; AhrefsBot/7.0; +http://ahrefs.com/robot/)"
54.36.148.130 - - [26/Jun/2022:09:42:02 +0000] "GET /wp-includes/js/wp-emoji-release.min.js?ver=5.7.1 HTTP/2.0" 200 14229 "-" "Mozilla/5.0 (compatible; AhrefsBot/7.0; +http://ahrefs.com/robot/)"
154.54.249.200 - - [26/Jun/2022:09:42:06 +0000] "GET /node/date/2004/05/ HTTP/1.1" 200 11162 "-" "Mozilla/5.0 (compatible; Barkrowler/0.9; +https://babbar.tech/crawler)"
114.119.147.87 - - [26/Jun/2022:09:42:15 +0000] "GET /node/category/domain/page/9 HTTP/1.1" 302 154 "https://mrchoke.org/node/category/domain/page/10?ak_action=reject_mobile" "Mozilla/5.0 (Linux; Android 7.0;) AppleWebKit/537.36 (KHTML, like Gecko) Mobile Safari/537.36 (compatible; PetalBot;+https://webmaster.petalsearch.com/site/petalbot)"
114.119.147.87 - - [26/Jun/2022:09:42:18 +0000] "GET /node/category/domain/page/9 HTTP/1.1" 301 178 "https://mrchoke.org/node/category/domain/page/10?ak_action=reject_mobile" "Mozilla/5.0 (Linux; Android 7.0;) AppleWebKit/537.36 (KHTML, like Gecko) Mobile Safari/537.36 (compatible; PetalBot;+https://webmaster.petalsearch.com/site/petalbot)"
154.54.249.200 - - [26/Jun/2022:09:42:21 +0000] "GET /feed/?attachment_id=1588 HTTP/1.1" 404 134 "-" "Mozilla/5.0 (compatible; Barkrowler/0.9; +https://babbar.tech/crawler)"
114.119.147.87 - - [26/Jun/2022:09:42:22 +0000] "GET /node/category/domain/page/9/ HTTP/1.1" 200 11084 "https://mrchoke.org/node/category/domain/page/10?ak_action=reject_mobile" "Mozilla/5.0 (Linux; Android 7.0;) AppleWebKit/537.36 (KHTML, like Gecko) Mobile Safari/537.36 (compatible; PetalBot;+https://webmaster.petalsearch.com/site/petalbot)"
154.54.249.200 - - [26/Jun/2022:09:42:34 +0000] "GET /node/date/2009/11 HTTP/1.1" 301 178 "-" "Mozilla/5.0 (compatible; Barkrowler/0.9; +https://babbar.tech/crawler)"
154.54.249.200 - - [26/Jun/2022:09:42:49 +0000] "GET /feed/?attachment_id=1443 HTTP/1.1" 404 134 "-" "Mozilla/5.0 (compatible; Barkrowler/0.9; +https://babbar.tech/crawler)"
154.54.249.200 - - [26/Jun/2022:09:43:03 +0000] "GET /node/date/2005/03/ HTTP/1.1" 200 10942 "-" "Mozilla/5.0 (compatible; Barkrowler/0.9; +https://babbar.tech/crawler)"
216.244.66.229 - - [26/Jun/2022:09:43:12 +0000] "GET /robots.txt HTTP/1.1" 404 162 "-" "Mozilla/5.0 (compatible; DotBot/1.2; +https://opensiteexplorer.org/dotbot; help@moz.com)"
216.244.66.229 - - [26/Jun/2022:09:43:12 +0000] "GET /robots.txt HTTP/1.1" 404 162 "-" "Mozilla/5.0 (compatible; DotBot/1.2; +https://opensiteexplorer.org/dotbot; help@moz.com)"
154.54.249.200 - - [26/Jun/2022:09:43:18 +0000] "GET /feed/?attachment_id=1066 HTTP/1.1" 404 134 "-" "Mozilla/5.0 (compatible; Barkrowler/0.9; +https://babbar.tech/crawler)"
66.249.64.214 - - [26/Jun/2022:09:43:32 +0000] "GET /node/tag/icu/ HTTP/1.1" 200 9741 "-" "Mozilla/5.0 (compatible; Googlebot/2.1; +http://www.google.com/bot.html)"
154.54.249.200 - - [26/Jun/2022:09:43:34 +0000] "GET /node/date/2009/12 HTTP/1.1" 301 178 "-" "Mozilla/5.0 (compatible; Barkrowler/0.9; +https://babbar.tech/crawler)"
154.54.249.200 - - [26/Jun/2022:09:43:48 +0000] "GET /feed/?attachment_id=1160 HTTP/1.1" 404 134 "-" "Mozilla/5.0 (compatible; Barkrowler/0.9; +https://babbar.tech/crawler)"
114.119.147.97 - - [26/Jun/2022:09:44:00 +0000] "GET /node/59?share=linkedin HTTP/1.1" 302 154 "https://mrchoke.org/node/59" "Mozilla/5.0 (Linux; Android 7.0;) AppleWebKit/537.36 (KHTML, like Gecko) Mobile Safari/537.36 (compatible; PetalBot;+https://webmaster.petalsearch.com/site/petalbot)"
114.119.147.97 - - [26/Jun/2022:09:44:02 +0000] "GET /node/59?share=linkedin HTTP/1.1" 301 178 "https://mrchoke.org/node/59" "Mozilla/5.0 (Linux; Android 7.0;) AppleWebKit/537.36 (KHTML, like Gecko) Mobile Safari/537.36 (compatible; PetalBot;+https://webmaster.petalsearch.com/site/petalbot)"
154.54.249.200 - - [26/Jun/2022:09:44:05 +0000] "GET /node/date/2008/11 HTTP/1.1" 301 178 "-" "Mozilla/5.0 (compatible; Barkrowler/0.9; +https://babbar.tech/crawler)"
114.119.147.97 - - [26/Jun/2022:09:44:05 +0000] "GET /node/59/?share=linkedin HTTP/1.1" 200 9112 "https://mrchoke.org/node/59" "Mozilla/5.0 (Linux; Android 7.0;) AppleWebKit/537.36 (KHTML, like Gecko) Mobile Safari/537.36 (compatible; PetalBot;+https://webmaster.petalsearch.com/site/petalbot)"
54.36.148.124 - - [26/Jun/2022:09:44:18 +0000] "GET /ch7_6459/ HTTP/2.0" 200 7873 "-" "Mozilla/5.0 (compatible; AhrefsBot/7.0; +http://ahrefs.com/robot/)"
154.54.249.200 - - [26/Jun/2022:09:44:20 +0000] "GET /feed/?attachment_id=1218 HTTP/1.1" 404 134 "-" "Mozilla/5.0 (compatible; Barkrowler/0.9; +https://babbar.tech/crawler)"
154.54.249.200 - - [26/Jun/2022:09:44:34 +0000] "GET /node/date/2004/12 HTTP/1.1" 301 178 "-" "Mozilla/5.0 (compatible; Barkrowler/0.9; +https://babbar.tech/crawler)"
154.54.249.200 - - [26/Jun/2022:09:44:50 +0000] "GET /feed/?attachment_id=1667 HTTP/1.1" 404 134 "-" "Mozilla/5.0 (compatible; Barkrowler/0.9; +https://babbar.tech/crawler)"
154.54.249.200 - - [26/Jun/2022:09:45:04 +0000] "GET /node/date/2004/08/ HTTP/1.1" 200 10239 "-" "Mozilla/5.0 (compatible; Barkrowler/0.9; +https://babbar.tech/crawler)"
154.54.249.200 - - [26/Jun/2022:09:45:19 +0000] "GET /feed/?attachment_id=1051 HTTP/1.1" 404 134 "-" "Mozilla/5.0 (compatible; Barkrowler/0.9; +https://babbar.tech/crawler)"
185.191.171.25 - - [26/Jun/2022:09:45:21 +0000] "GET /node/date/2006/02/02 HTTP/1.1" 301 178 "-" "Mozilla/5.0 (compatible; SemrushBot/7~bl; +http://www.semrush.com/bot.html)"
185.191.171.17 - - [26/Jun/2022:09:45:23 +0000] "GET /node/date/2006/02/02/ HTTP/1.1" 200 8364 "-" "Mozilla/5.0 (compatible; SemrushBot/7~bl; +http://www.semrush.com/bot.html)"
154.54.249.200 - - [26/Jun/2022:09:45:35 +0000] "GET /node/date/2009/10/ HTTP/1.1" 200 13405 "-" "Mozilla/5.0 (compatible; Barkrowler/0.9; +https://babbar.tech/crawler)"
154.54.249.200 - - [26/Jun/2022:09:45:55 +0000] "GET /feed/?attachment_id=1266 HTTP/1.1" 404 134 "-" "Mozilla/5.0 (compatible; Barkrowler/0.9; +https://babbar.tech/crawler)"
216.244.66.229 - - [26/Jun/2022:09:46:03 +0000] "GET /node/1731/screenshot-2014-02-18-14-50-51 HTTP/1.1" 404 162 "-" "Mozilla/5.0 (compatible; DotBot/1.2; +https://opensiteexplorer.org/dotbot; help@moz.com)"
154.54.249.200 - - [26/Jun/2022:09:46:09 +0000] "GET /node/date/2009/01/ HTTP/1.1" 200 10380 "-" "Mozilla/5.0 (compatible; Barkrowler/0.9; +https://babbar.tech/crawler)"
154.54.249.200 - - [26/Jun/2022:09:46:31 +0000] "GET /feed/?attachment_id=1641 HTTP/1.1" 404 134 "-" "Mozilla/5.0 (compatible; Barkrowler/0.9; +https://babbar.tech/crawler)"
114.119.147.86 - - [26/Jun/2022:09:46:33 +0000] "GET /node/939/img_6377 HTTP/1.1" 301 178 "https://mrchoke.org/node/939/img_6376?ak_action=accept_mobile" "Mozilla/5.0 (Linux; Android 7.0;) AppleWebKit/537.36 (KHTML, like Gecko) Mobile Safari/537.36 (compatible; PetalBot;+https://webmaster.petalsearch.com/site/petalbot)"
54.36.148.212 - - [26/Jun/2022:09:46:41 +0000] "GET /node/6/ HTTP/2.0" 200 9030 "-" "Mozilla/5.0 (compatible; AhrefsBot/7.0; +http://ahrefs.com/robot/)"
154.54.249.200 - - [26/Jun/2022:09:47:00 +0000] "GET /node/211/feed HTTP/1.1" 301 178 "-" "Mozilla/5.0 (compatible; Barkrowler/0.9; +https://babbar.tech/crawler)"
154.54.249.200 - - [26/Jun/2022:09:47:15 +0000] "GET /feed/?attachment_id=1088 HTTP/1.1" 404 134 "-" "Mozilla/5.0 (compatible; Barkrowler/0.9; +https://babbar.tech/crawler)"
154.54.249.200 - - [26/Jun/2022:09:47:32 +0000] "GET /node/211/feed/ HTTP/1.1" 403 134 "-" "Mozilla/5.0 (compatible; Barkrowler/0.9; +https://babbar.tech/crawler)"
154.54.249.200 - - [26/Jun/2022:09:47:50 +0000] "GET /feed/?attachment_id=1282 HTTP/1.1" 404 134 "-" "Mozilla/5.0 (compatible; Barkrowler/0.9; +https://babbar.tech/crawler)"
154.54.249.200 - - [26/Jun/2022:09:48:13 +0000] "GET /node/360/feed HTTP/1.1" 301 178 "-" "Mozilla/5.0 (compatible; Barkrowler/0.9; +https://babbar.tech/crawler)"
154.54.249.200 - - [26/Jun/2022:09:48:27 +0000] "GET /feed/?attachment_id=1263 HTTP/1.1" 404 134 "-" "Mozilla/5.0 (compatible; Barkrowler/0.9; +https://babbar.tech/crawler)"
154.54.249.200 - - [26/Jun/2022:09:48:43 +0000] "GET /node/360/feed/ HTTP/1.1" 403 134 "-" "Mozilla/5.0 (compatible; Barkrowler/0.9; +https://babbar.tech/crawler)"
154.54.249.200 - - [26/Jun/2022:09:48:58 +0000] "GET /feed/?attachment_id=1698 HTTP/1.1" 404 134 "-" "Mozilla/5.0 (compatible; Barkrowler/0.9; +https://babbar.tech/crawler)"
114.119.147.74 - - [26/Jun/2022:09:49:06 +0000] "GET /node/501?share=linkedin HTTP/1.1" 302 154 "https://mrchoke.org/node/501?ak_action=accept_mobile" "Mozilla/5.0 (Linux; Android 7.0;) AppleWebKit/537.36 (KHTML, like Gecko) Mobile Safari/537.36 (compatible; PetalBot;+https://webmaster.petalsearch.com/site/petalbot)"
54.36.149.31 - - [26/Jun/2022:09:49:08 +0000] "GET /ch7_5888/ HTTP/2.0" 200 7867 "-" "Mozilla/5.0 (compatible; AhrefsBot/7.0; +http://ahrefs.com/robot/)"
154.54.249.200 - - [26/Jun/2022:09:49:15 +0000] "GET /node/471/feed HTTP/1.1" 301 178 "-" "Mozilla/5.0 (compatible; Barkrowler/0.9; +https://babbar.tech/crawler)"
114.119.147.74 - - [26/Jun/2022:09:49:21 +0000] "GET /node/501?share=linkedin HTTP/1.1" 301 178 "https://mrchoke.org/node/501?ak_action=accept_mobile" "Mozilla/5.0 (Linux; Android 7.0;) AppleWebKit/537.36 (KHTML, like Gecko) Mobile Safari/537.36 (compatible; PetalBot;+https://webmaster.petalsearch.com/site/petalbot)"
154.54.249.200 - - [26/Jun/2022:09:49:30 +0000] "GET /feed/?attachment_id=1289 HTTP/1.1" 404 134 "-" "Mozilla/5.0 (compatible; Barkrowler/0.9; +https://babbar.tech/crawler)"
154.54.249.200 - - [26/Jun/2022:09:49:43 +0000] "GET /node/471/feed/ HTTP/1.1" 403 134 "-" "Mozilla/5.0 (compatible; Barkrowler/0.9; +https://babbar.tech/crawler)"
154.54.249.200 - - [26/Jun/2022:09:50:00 +0000] "GET /feed/?attachment_id=1071 HTTP/1.1" 404 134 "-" "Mozilla/5.0 (compatible; Barkrowler/0.9; +https://babbar.tech/crawler)"
154.54.249.200 - - [26/Jun/2022:09:50:15 +0000] "GET /node/292/feed HTTP/1.1" 301 178 "-" "Mozilla/5.0 (compatible; Barkrowler/0.9; +https://babbar.tech/crawler)"
216.244.66.229 - - [26/Jun/2022:09:50:25 +0000] "GET /wp-content/uploads/2012/04/25550413-040534.jpg HTTP/1.1" 404 162 "-" "Mozilla/5.0 (compatible; DotBot/1.2; +https://opensiteexplorer.org/dotbot; help@moz.com)"
154.54.249.200 - - [26/Jun/2022:09:50:30 +0000] "GET /feed/?attachment_id=1291 HTTP/1.1" 404 134 "-" "Mozilla/5.0 (compatible; Barkrowler/0.9; +https://babbar.tech/crawler)"
114.119.147.97 - - [26/Jun/2022:09:50:43 +0000] "GET /page/5 HTTP/1.1" 301 178 "https://static.mrchoke.org/page/6" "Mozilla/5.0 (Linux; Android 7.0;) AppleWebKit/537.36 (KHTML, like Gecko) Mobile Safari/537.36 (compatible; PetalBot;+https://webmaster.petalsearch.com/site/petalbot)"
154.54.249.200 - - [26/Jun/2022:09:50:45 +0000] "GET /node/292/feed/ HTTP/1.1" 403 134 "-" "Mozilla/5.0 (compatible; Barkrowler/0.9; +https://babbar.tech/crawler)"
114.119.147.97 - - [26/Jun/2022:09:50:50 +0000] "GET /page/5/ HTTP/1.1" 200 13311 "https://static.mrchoke.org/page/6" "Mozilla/5.0 (Linux; Android 7.0;) AppleWebKit/537.36 (KHTML, like Gecko) Mobile Safari/537.36 (compatible; PetalBot;+https://webmaster.petalsearch.com/site/petalbot)"
154.54.249.200 - - [26/Jun/2022:09:51:00 +0000] "GET /feed/?attachment_id=1195 HTTP/1.1" 404 134 "-" "Mozilla/5.0 (compatible; Barkrowler/0.9; +https://babbar.tech/crawler)"
154.54.249.200 - - [26/Jun/2022:09:51:15 +0000] "GET /node/250/feed HTTP/1.1" 301 178 "-" "Mozilla/5.0 (compatible; Barkrowler/0.9; +https://babbar.tech/crawler)"
54.36.148.17 - - [26/Jun/2022:09:51:28 +0000] "GET /node/315/ HTTP/2.0" 200 8626 "-" "Mozilla/5.0 (compatible; AhrefsBot/7.0; +http://ahrefs.com/robot/)"
154.54.249.200 - - [26/Jun/2022:09:51:31 +0000] "GET /feed/?attachment_id=1681 HTTP/1.1" 404 134 "-" "Mozilla/5.0 (compatible; Barkrowler/0.9; +https://babbar.tech/crawler)"
154.54.249.200 - - [26/Jun/2022:09:51:44 +0000] "GET /node/250/feed/ HTTP/1.1" 403 134 "-" "Mozilla/5.0 (compatible; Barkrowler/0.9; +https://babbar.tech/crawler)"
216.244.66.229 - - [26/Jun/2022:09:51:51 +0000] "GET /img_7231/ HTTP/1.1" 404 162 "-" "Mozilla/5.0 (compatible; DotBot/1.2; +https://opensiteexplorer.org/dotbot; help@moz.com)"
154.54.249.200 - - [26/Jun/2022:09:51:59 +0000] "GET /feed/?attachment_id=1265 HTTP/1.1" 404 134 "-" "Mozilla/5.0 (compatible; Barkrowler/0.9; +https://babbar.tech/crawler)"
154.54.249.200 - - [26/Jun/2022:09:52:12 +0000] "GET /node/370/feed HTTP/1.1" 301 178 "-" "Mozilla/5.0 (compatible; Barkrowler/0.9; +https://babbar.tech/crawler)"
216.244.66.229 - - [26/Jun/2022:09:52:19 +0000] "GET /node/category/domain/page/6/ HTTP/1.1" 404 162 "-" "Mozilla/5.0 (compatible; DotBot/1.2; +https://opensiteexplorer.org/dotbot; help@moz.com)"
154.54.249.200 - - [26/Jun/2022:09:52:30 +0000] "GET /feed/?attachment_id=1039 HTTP/1.1" 404 134 "-" "Mozilla/5.0 (compatible; Barkrowler/0.9; +https://babbar.tech/crawler)"
154.54.249.200 - - [26/Jun/2022:09:52:45 +0000] "GET /node/370/feed/ HTTP/1.1" 403 134 "-" "Mozilla/5.0 (compatible; Barkrowler/0.9; +https://babbar.tech/crawler)"
114.119.147.73 - - [26/Jun/2022:09:53:00 +0000] "GET /node/790/img_6137 HTTP/1.1" 302 154 "https://mrchoke.org/node/790/img_6139" "Mozilla/5.0 (Linux; Android 7.0;) AppleWebKit/537.36 (KHTML, like Gecko) Mobile Safari/537.36 (compatible; PetalBot;+https://webmaster.petalsearch.com/site/petalbot)"
154.54.249.200 - - [26/Jun/2022:09:53:01 +0000] "GET /feed/?attachment_id=1308 HTTP/1.1" 404 134 "-" "Mozilla/5.0 (compatible; Barkrowler/0.9; +https://babbar.tech/crawler)"
114.119.147.73 - - [26/Jun/2022:09:53:06 +0000] "GET /node/790/img_6137 HTTP/1.1" 301 178 "https://mrchoke.org/node/790/img_6139" "Mozilla/5.0 (Linux; Android 7.0;) AppleWebKit/537.36 (KHTML, like Gecko) Mobile Safari/537.36 (compatible; PetalBot;+https://webmaster.petalsearch.com/site/petalbot)"
114.119.147.73 - - [26/Jun/2022:09:53:12 +0000] "GET /node/790/img_6137/ HTTP/1.1" 200 7900 "https://mrchoke.org/node/790/img_6139" "Mozilla/5.0 (Linux; Android 7.0;) AppleWebKit/537.36 (KHTML, like Gecko) Mobile Safari/537.36 (compatible; PetalBot;+https://webmaster.petalsearch.com/site/petalbot)"
154.54.249.200 - - [26/Jun/2022:09:53:15 +0000] "GET /node/400/feed HTTP/1.1" 301 178 "-" "Mozilla/5.0 (compatible; Barkrowler/0.9; +https://babbar.tech/crawler)"
154.54.249.200 - - [26/Jun/2022:09:53:30 +0000] "GET /feed/?attachment_id=1247 HTTP/1.1" 404 134 "-" "Mozilla/5.0 (compatible; Barkrowler/0.9; +https://babbar.tech/crawler)"
216.244.66.229 - - [26/Jun/2022:09:53:35 +0000] "GET /node/category/ntfs/feed HTTP/1.1" 404 162 "-" "Mozilla/5.0 (compatible; DotBot/1.2; +https://opensiteexplorer.org/dotbot; help@moz.com)"
154.54.249.200 - - [26/Jun/2022:09:53:47 +0000] "GET /node/400/feed/ HTTP/1.1" 403 134 "-" "Mozilla/5.0 (compatible; Barkrowler/0.9; +https://babbar.tech/crawler)"
154.54.249.200 - - [26/Jun/2022:09:54:02 +0000] "GET /feed/?attachment_id=1152 HTTP/1.1" 404 134 "-" "Mozilla/5.0 (compatible; Barkrowler/0.9; +https://babbar.tech/crawler)"
216.244.66.229 - - [26/Jun/2022:09:54:05 +0000] "GET /img_6731 HTTP/1.1" 404 162 "-" "Mozilla/5.0 (compatible; DotBot/1.2; +https://opensiteexplorer.org/dotbot; help@moz.com)"
216.244.66.229 - - [26/Jun/2022:09:54:08 +0000] "GET /img_6754 HTTP/1.1" 404 162 "-" "Mozilla/5.0 (compatible; DotBot/1.2; +https://opensiteexplorer.org/dotbot; help@moz.com)"
154.54.249.200 - - [26/Jun/2022:09:54:15 +0000] "GET /node/220/feed HTTP/1.1" 301 178 "-" "Mozilla/5.0 (compatible; Barkrowler/0.9; +https://babbar.tech/crawler)"
54.36.149.86 - - [26/Jun/2022:09:54:17 +0000] "GET /img_7682/ HTTP/2.0" 200 7870 "-" "Mozilla/5.0 (compatible; AhrefsBot/7.0; +http://ahrefs.com/robot/)"
154.54.249.200 - - [26/Jun/2022:09:54:29 +0000] "GET /feed/?attachment_id=1440 HTTP/1.1" 404 134 "-" "Mozilla/5.0 (compatible; Barkrowler/0.9; +https://babbar.tech/crawler)"
154.54.249.200 - - [26/Jun/2022:09:54:44 +0000] "GET /node/220/feed/ HTTP/1.1" 403 134 "-" "Mozilla/5.0 (compatible; Barkrowler/0.9; +https://babbar.tech/crawler)"
114.119.147.86 - - [26/Jun/2022:09:54:59 +0000] "GET /node/360?share=reddit HTTP/1.1" 302 154 "https://mrchoke.org/node/360?ak_action=accept_mobile" "Mozilla/5.0 (Linux; Android 7.0;) AppleWebKit/537.36 (KHTML, like Gecko) Mobile Safari/537.36 (compatible; PetalBot;+https://webmaster.petalsearch.com/site/petalbot)"
154.54.249.200 - - [26/Jun/2022:09:55:00 +0000] "GET /feed/?attachment_id=1104 HTTP/1.1" 404 134 "-" "Mozilla/5.0 (compatible; Barkrowler/0.9; +https://babbar.tech/crawler)"
114.119.147.86 - - [26/Jun/2022:09:55:06 +0000] "GET /node/360?share=reddit HTTP/1.1" 301 178 "https://mrchoke.org/node/360?ak_action=accept_mobile" "Mozilla/5.0 (Linux; Android 7.0;) AppleWebKit/537.36 (KHTML, like Gecko) Mobile Safari/537.36 (compatible; PetalBot;+https://webmaster.petalsearch.com/site/petalbot)"
114.119.147.86 - - [26/Jun/2022:09:55:12 +0000] "GET /node/360/?share=reddit HTTP/1.1" 200 8205 "https://mrchoke.org/node/360?ak_action=accept_mobile" "Mozilla/5.0 (Linux; Android 7.0;) AppleWebKit/537.36 (KHTML, like Gecko) Mobile Safari/537.36 (compatible; PetalBot;+https://webmaster.petalsearch.com/site/petalbot)"
154.54.249.200 - - [26/Jun/2022:09:55:14 +0000] "GET /node/57/feed HTTP/1.1" 301 178 "-" "Mozilla/5.0 (compatible; Barkrowler/0.9; +https://babbar.tech/crawler)"
154.54.249.200 - - [26/Jun/2022:09:55:30 +0000] "GET /feed/?attachment_id=1403 HTTP/1.1" 404 134 "-" "Mozilla/5.0 (compatible; Barkrowler/0.9; +https://babbar.tech/crawler)"
154.54.249.200 - - [26/Jun/2022:09:55:47 +0000] "GET /node/59/feed HTTP/1.1" 301 178 "-" "Mozilla/5.0 (compatible; Barkrowler/0.9; +https://babbar.tech/crawler)"
154.54.249.200 - - [26/Jun/2022:09:56:04 +0000] "GET /feed/?attachment_id=1613 HTTP/1.1" 404 134 "-" "Mozilla/5.0 (compatible; Barkrowler/0.9; +https://babbar.tech/crawler)"
