114.119.147.74 - - [04/Jul/2022:01:52:00 +0000] "GET /node/385/?ak_action=reject_mobile HTTP/1.1" 200 8108 "https://mrchoke.org/node/385?ak_action=accept_mobile" "Mozilla/5.0 (Linux; Android 7.0;) AppleWebKit/537.36 (KHTML, like Gecko) Mobile Safari/537.36 (compatible; PetalBot;+https://webmaster.petalsearch.com/site/petalbot)"
207.46.13.4 - - [04/Jul/2022:01:54:22 +0000] "GET /node/category/nectec/nsc/feed HTTP/2.0" 301 178 "-" "Mozilla/5.0 (compatible; bingbot/2.0; +http://www.bing.com/bingbot.htm)"
207.46.13.4 - - [04/Jul/2022:01:54:32 +0000] "GET /node/category/nectec/nsc/feed/ HTTP/2.0" 403 123 "-" "Mozilla/5.0 (compatible; bingbot/2.0; +http://www.bing.com/bingbot.htm)"
114.119.147.87 - - [04/Jul/2022:01:55:00 +0000] "GET /node/790/img_6141?ak_action=accept_mobile HTTP/1.1" 302 154 "https://mrchoke.org/node/790/img_6141?ak_action=reject_mobile" "Mozilla/5.0 (Linux; Android 7.0;) AppleWebKit/537.36 (KHTML, like Gecko) Mobile Safari/537.36 (compatible; PetalBot;+https://webmaster.petalsearch.com/site/petalbot)"
114.119.147.87 - - [04/Jul/2022:01:55:06 +0000] "GET /node/790/img_6141?ak_action=accept_mobile HTTP/1.1" 301 178 "https://mrchoke.org/node/790/img_6141?ak_action=reject_mobile" "Mozilla/5.0 (Linux; Android 7.0;) AppleWebKit/537.36 (KHTML, like Gecko) Mobile Safari/537.36 (compatible; PetalBot;+https://webmaster.petalsearch.com/site/petalbot)"
114.119.147.87 - - [04/Jul/2022:01:55:11 +0000] "GET /node/790/img_6141/?ak_action=accept_mobile HTTP/1.1" 200 7940 "https://mrchoke.org/node/790/img_6141?ak_action=reject_mobile" "Mozilla/5.0 (Linux; Android 7.0;) AppleWebKit/537.36 (KHTML, like Gecko) Mobile Safari/537.36 (compatible; PetalBot;+https://webmaster.petalsearch.com/site/petalbot)"
216.244.66.229 - - [04/Jul/2022:01:56:13 +0000] "GET /robots.txt HTTP/1.1" 404 162 "-" "Mozilla/5.0 (compatible; DotBot/1.2; +https://opensiteexplorer.org/dotbot; help@moz.com)"
216.244.66.229 - - [04/Jul/2022:01:56:14 +0000] "GET /robots.txt HTTP/1.1" 404 162 "-" "Mozilla/5.0 (compatible; DotBot/1.2; +https://opensiteexplorer.org/dotbot; help@moz.com)"
66.249.73.112 - - [04/Jul/2022:01:57:14 +0000] "GET /node/215 HTTP/1.1" 301 178 "-" "Mozilla/5.0 (Linux; Android 6.0.1; Nexus 5X Build/MMB29P) AppleWebKit/537.36 (KHTML, like Gecko) Chrome/103.0.5060.53 Mobile Safari/537.36 (compatible; Googlebot/2.1; +http://www.google.com/bot.html)"
66.249.73.116 - - [04/Jul/2022:01:57:15 +0000] "GET /node/215/ HTTP/1.1" 200 8646 "-" "Mozilla/5.0 (Linux; Android 6.0.1; Nexus 5X Build/MMB29P) AppleWebKit/537.36 (KHTML, like Gecko) Chrome/103.0.5060.53 Mobile Safari/537.36 (compatible; Googlebot/2.1; +http://www.google.com/bot.html)"
114.119.147.74 - - [04/Jul/2022:01:58:17 +0000] "GET /node/tag/the-new-ipad?ak_action=reject_mobile HTTP/1.1" 302 154 "https://mrchoke.org/node/tag/the-new-ipad?ak_action=accept_mobile" "Mozilla/5.0 (Linux; Android 7.0;) AppleWebKit/537.36 (KHTML, like Gecko) Mobile Safari/537.36 (compatible; PetalBot;+https://webmaster.petalsearch.com/site/petalbot)"
114.119.147.74 - - [04/Jul/2022:01:58:19 +0000] "GET /node/tag/the-new-ipad?ak_action=reject_mobile HTTP/1.1" 301 178 "https://mrchoke.org/node/tag/the-new-ipad?ak_action=accept_mobile" "Mozilla/5.0 (Linux; Android 7.0;) AppleWebKit/537.36 (KHTML, like Gecko) Mobile Safari/537.36 (compatible; PetalBot;+https://webmaster.petalsearch.com/site/petalbot)"
114.119.147.74 - - [04/Jul/2022:01:58:20 +0000] "GET /node/tag/the-new-ipad/?ak_action=reject_mobile HTTP/1.1" 200 9246 "https://mrchoke.org/node/tag/the-new-ipad?ak_action=accept_mobile" "Mozilla/5.0 (Linux; Android 7.0;) AppleWebKit/537.36 (KHTML, like Gecko) Mobile Safari/537.36 (compatible; PetalBot;+https://webmaster.petalsearch.com/site/petalbot)"
109.237.103.118 - - [04/Jul/2022:01:58:43 +0000] "GET /.aws/credentials HTTP/1.1" 404 197 "-" "Mozilla/5.0 (X11; Linux x86_64) AppleWebKit/537.36 (KHTML, like Gecko) Chrome/81.0.4044.129 Safari/537.36"
109.237.103.118 - - [04/Jul/2022:01:58:43 +0000] "\x16\x03\x01\x01D\x01\x00\x01@\x03\x03\xD4\x12Xf[1\x19\xA5\x07\x89\x04#\xC7\xC6+\xF8\xF7&\xDA\xD3|r$\xFF\x8A;\xDCSl\x02\xDD\xAB \xCA\xFFp\xEF\xA5rk\xC5h\xC6\xF8\xAE\x9B\xF7\xB7\xD5\x03\xB2\xF3\xBBu\x22\xB46\xE1a\xB6t\x7FA!j\x00b\x13\x02\x13\x03\x13\x01\xC0,\xC00\xC0+\xC0/\xCC\xA9\xCC\xA8\x00\xA3\x00\x9F\x00\xA2\x00\x9E\xCC\xAA\xC0\xAF\xC0\xAD\xC0$\xC0(\xC0" 400 166 "-" "-"
216.244.66.229 - - [04/Jul/2022:02:01:07 +0000] "GET /img_6673/ HTTP/1.1" 404 162 "-" "Mozilla/5.0 (compatible; DotBot/1.2; +https://opensiteexplorer.org/dotbot; help@moz.com)"
216.244.66.229 - - [04/Jul/2022:02:01:16 +0000] "GET /node/1335/photo-23-1-14-22-19-24 HTTP/1.1" 404 162 "-" "Mozilla/5.0 (compatible; DotBot/1.2; +https://opensiteexplorer.org/dotbot; help@moz.com)"
216.244.66.229 - - [04/Jul/2022:02:01:22 +0000] "GET /node/835/img_6241 HTTP/1.1" 404 162 "-" "Mozilla/5.0 (compatible; DotBot/1.2; +https://opensiteexplorer.org/dotbot; help@moz.com)"
114.119.147.97 - - [04/Jul/2022:02:01:24 +0000] "GET /node/tag/nikon HTTP/1.1" 301 178 "https://mrchoke.org/node/1558?share=facebook" "Mozilla/5.0 (Linux; Android 7.0;) AppleWebKit/537.36 (KHTML, like Gecko) Mobile Safari/537.36 (compatible; PetalBot;+https://webmaster.petalsearch.com/site/petalbot)"
114.119.147.97 - - [04/Jul/2022:02:01:24 +0000] "GET /node/tag/nikon/ HTTP/1.1" 200 11946 "https://mrchoke.org/node/1558?share=facebook" "Mozilla/5.0 (Linux; Android 7.0;) AppleWebKit/537.36 (KHTML, like Gecko) Mobile Safari/537.36 (compatible; PetalBot;+https://webmaster.petalsearch.com/site/petalbot)"
216.244.66.229 - - [04/Jul/2022:02:01:26 +0000] "GET /node/46 HTTP/1.1" 404 162 "-" "Mozilla/5.0 (compatible; DotBot/1.2; +https://opensiteexplorer.org/dotbot; help@moz.com)"
216.244.66.229 - - [04/Jul/2022:02:01:36 +0000] "GET /photo-25-2-14-13-10-41/ HTTP/1.1" 404 162 "-" "Mozilla/5.0 (compatible; DotBot/1.2; +https://opensiteexplorer.org/dotbot; help@moz.com)"
185.191.171.43 - - [04/Jul/2022:02:02:50 +0000] "GET /node/1558/img_7526 HTTP/1.1" 302 154 "-" "Mozilla/5.0 (compatible; SemrushBot/7~bl; +http://www.semrush.com/bot.html)"
185.191.171.44 - - [04/Jul/2022:02:02:51 +0000] "GET /node/1558/img_7526 HTTP/1.1" 301 178 "-" "Mozilla/5.0 (compatible; SemrushBot/7~bl; +http://www.semrush.com/bot.html)"
185.191.171.5 - - [04/Jul/2022:02:02:54 +0000] "GET /node/1558/img_7526/ HTTP/1.1" 200 7926 "-" "Mozilla/5.0 (compatible; SemrushBot/7~bl; +http://www.semrush.com/bot.html)"
216.244.66.229 - - [04/Jul/2022:02:03:16 +0000] "GET /node/185/feed HTTP/1.1" 404 162 "-" "Mozilla/5.0 (compatible; DotBot/1.2; +https://opensiteexplorer.org/dotbot; help@moz.com)"
216.244.66.229 - - [04/Jul/2022:02:03:37 +0000] "GET /node/1302/screenshot-2014-01-21-21-20-55 HTTP/1.1" 404 162 "-" "Mozilla/5.0 (compatible; DotBot/1.2; +https://opensiteexplorer.org/dotbot; help@moz.com)"
66.249.73.114 - - [04/Jul/2022:02:03:39 +0000] "GET /node/tag/icu HTTP/1.1" 301 178 "-" "Mozilla/5.0 (Linux; Android 6.0.1; Nexus 5X Build/MMB29P) AppleWebKit/537.36 (KHTML, like Gecko) Chrome/103.0.5060.53 Mobile Safari/537.36 (compatible; Googlebot/2.1; +http://www.google.com/bot.html)"
216.244.66.229 - - [04/Jul/2022:02:03:55 +0000] "GET /wp-content/uploads/2014/01/CH7_3026.jpg HTTP/1.1" 404 162 "-" "Mozilla/5.0 (compatible; DotBot/1.2; +https://opensiteexplorer.org/dotbot; help@moz.com)"
216.244.66.229 - - [04/Jul/2022:02:03:57 +0000] "GET /wp-content/uploads/2014/01/IMG_6210.jpg HTTP/1.1" 404 162 "-" "Mozilla/5.0 (compatible; DotBot/1.2; +https://opensiteexplorer.org/dotbot; help@moz.com)"
216.244.66.229 - - [04/Jul/2022:02:03:58 +0000] "GET /wp-content/uploads/2014/01/IMG_6359.jpg HTTP/1.1" 404 162 "-" "Mozilla/5.0 (compatible; DotBot/1.2; +https://opensiteexplorer.org/dotbot; help@moz.com)"
216.244.66.229 - - [04/Jul/2022:02:04:00 +0000] "GET /feed/?attachment_id=1380 HTTP/1.1" 404 162 "-" "Mozilla/5.0 (compatible; DotBot/1.2; +https://opensiteexplorer.org/dotbot; help@moz.com)"
65.108.110.26 - - [04/Jul/2022:02:04:44 +0000] "GET /robots.txt HTTP/1.1" 404 162 "-" "Mozilla/5.0 (compatible; MJ12bot/v1.4.8; http://mj12bot.com/)"
114.119.147.81 - - [04/Jul/2022:02:04:44 +0000] "GET /node/category/linux/page/7 HTTP/1.1" 301 178 "https://mrchoke.org/node/category/linux/page/6?ak_action=accept_mobile" "Mozilla/5.0 (Linux; Android 7.0;) AppleWebKit/537.36 (KHTML, like Gecko) Mobile Safari/537.36 (compatible; PetalBot;+https://webmaster.petalsearch.com/site/petalbot)"
114.119.147.81 - - [04/Jul/2022:02:04:44 +0000] "GET /node/category/linux/page/7/ HTTP/1.1" 200 11468 "https://mrchoke.org/node/category/linux/page/6?ak_action=accept_mobile" "Mozilla/5.0 (Linux; Android 7.0;) AppleWebKit/537.36 (KHTML, like Gecko) Mobile Safari/537.36 (compatible; PetalBot;+https://webmaster.petalsearch.com/site/petalbot)"
65.108.110.26 - - [04/Jul/2022:02:04:46 +0000] "GET /node/1140/feed HTTP/1.1" 302 154 "-" "Mozilla/5.0 (compatible; MJ12bot/v1.4.8; http://mj12bot.com/)"
65.108.110.26 - - [04/Jul/2022:02:04:49 +0000] "GET /robots.txt HTTP/1.1" 404 162 "-" "Mozilla/5.0 (compatible; MJ12bot/v1.4.8; http://mj12bot.com/)"
65.108.110.26 - - [04/Jul/2022:02:04:52 +0000] "GET /node/1140/feed HTTP/1.1" 301 178 "-" "Mozilla/5.0 (compatible; MJ12bot/v1.4.8; http://mj12bot.com/)"
65.108.110.26 - - [04/Jul/2022:02:04:57 +0000] "GET /node/1140/feed/ HTTP/1.1" 403 134 "-" "Mozilla/5.0 (compatible; MJ12bot/v1.4.8; http://mj12bot.com/)"
65.108.110.26 - - [04/Jul/2022:02:04:59 +0000] "GET /node/1140?share=facebook HTTP/1.1" 302 154 "-" "Mozilla/5.0 (compatible; MJ12bot/v1.4.8; http://mj12bot.com/)"
65.108.110.26 - - [04/Jul/2022:02:05:02 +0000] "GET /node/1140?share=facebook HTTP/1.1" 301 178 "-" "Mozilla/5.0 (compatible; MJ12bot/v1.4.8; http://mj12bot.com/)"
65.108.110.26 - - [04/Jul/2022:02:05:05 +0000] "GET /node/1140/?share=facebook HTTP/1.1" 200 9720 "-" "Mozilla/5.0 (compatible; MJ12bot/v1.4.8; http://mj12bot.com/)"
65.108.110.26 - - [04/Jul/2022:02:05:08 +0000] "GET /node/1140?share=linkedin HTTP/1.1" 302 154 "-" "Mozilla/5.0 (compatible; MJ12bot/v1.4.8; http://mj12bot.com/)"
65.108.110.26 - - [04/Jul/2022:02:05:10 +0000] "GET /node/1140?share=linkedin HTTP/1.1" 301 178 "-" "Mozilla/5.0 (compatible; MJ12bot/v1.4.8; http://mj12bot.com/)"
65.108.110.26 - - [04/Jul/2022:02:05:14 +0000] "GET /node/1140/?share=linkedin HTTP/1.1" 200 9720 "-" "Mozilla/5.0 (compatible; MJ12bot/v1.4.8; http://mj12bot.com/)"
65.108.110.26 - - [04/Jul/2022:02:05:17 +0000] "GET /node/1140?share=reddit HTTP/1.1" 302 154 "-" "Mozilla/5.0 (compatible; MJ12bot/v1.4.8; http://mj12bot.com/)"
65.108.110.26 - - [04/Jul/2022:02:05:20 +0000] "GET /node/1140?share=reddit HTTP/1.1" 301 178 "-" "Mozilla/5.0 (compatible; MJ12bot/v1.4.8; http://mj12bot.com/)"
65.108.110.26 - - [04/Jul/2022:02:05:22 +0000] "GET /node/1140/?share=reddit HTTP/1.1" 200 9720 "-" "Mozilla/5.0 (compatible; MJ12bot/v1.4.8; http://mj12bot.com/)"
65.108.110.26 - - [04/Jul/2022:02:05:24 +0000] "GET /node/1140?share=twitter HTTP/1.1" 302 154 "-" "Mozilla/5.0 (compatible; MJ12bot/v1.4.8; http://mj12bot.com/)"
65.108.110.26 - - [04/Jul/2022:02:05:27 +0000] "GET /node/1140?share=twitter HTTP/1.1" 301 178 "-" "Mozilla/5.0 (compatible; MJ12bot/v1.4.8; http://mj12bot.com/)"
65.108.110.26 - - [04/Jul/2022:02:05:30 +0000] "GET /node/1140/?share=twitter HTTP/1.1" 200 9720 "-" "Mozilla/5.0 (compatible; MJ12bot/v1.4.8; http://mj12bot.com/)"
65.108.110.26 - - [04/Jul/2022:02:05:32 +0000] "GET /node/1839/ch7_5475_2/feed HTTP/1.1" 302 154 "-" "Mozilla/5.0 (compatible; MJ12bot/v1.4.8; http://mj12bot.com/)"
65.108.110.26 - - [04/Jul/2022:02:05:34 +0000] "GET /node/1839/ch7_5475_2/feed HTTP/1.1" 301 178 "-" "Mozilla/5.0 (compatible; MJ12bot/v1.4.8; http://mj12bot.com/)"
65.108.110.26 - - [04/Jul/2022:02:05:38 +0000] "GET /node/1839/ch7_5475_2/feed/ HTTP/1.1" 403 134 "-" "Mozilla/5.0 (compatible; MJ12bot/v1.4.8; http://mj12bot.com/)"
65.108.110.26 - - [04/Jul/2022:02:05:40 +0000] "GET /node/1862/ch7_6085/feed HTTP/1.1" 302 154 "-" "Mozilla/5.0 (compatible; MJ12bot/v1.4.8; http://mj12bot.com/)"
65.108.110.26 - - [04/Jul/2022:02:05:42 +0000] "GET /node/1862/ch7_6085/feed HTTP/1.1" 301 178 "-" "Mozilla/5.0 (compatible; MJ12bot/v1.4.8; http://mj12bot.com/)"
65.108.110.26 - - [04/Jul/2022:02:05:45 +0000] "GET /node/1862/ch7_6085/feed/ HTTP/1.1" 403 134 "-" "Mozilla/5.0 (compatible; MJ12bot/v1.4.8; http://mj12bot.com/)"
65.108.110.26 - - [04/Jul/2022:02:05:47 +0000] "GET /node/835/img_6193 HTTP/1.1" 302 154 "-" "Mozilla/5.0 (compatible; MJ12bot/v1.4.8; http://mj12bot.com/)"
65.108.110.26 - - [04/Jul/2022:02:05:49 +0000] "GET /node/835/img_6193 HTTP/1.1" 404 134 "-" "Mozilla/5.0 (compatible; MJ12bot/v1.4.8; http://mj12bot.com/)"
65.108.110.26 - - [04/Jul/2022:02:05:52 +0000] "GET /node/835/img_6199 HTTP/1.1" 302 154 "-" "Mozilla/5.0 (compatible; MJ12bot/v1.4.8; http://mj12bot.com/)"
65.108.110.26 - - [04/Jul/2022:02:05:54 +0000] "GET /node/835/img_6199 HTTP/1.1" 404 134 "-" "Mozilla/5.0 (compatible; MJ12bot/v1.4.8; http://mj12bot.com/)"
65.108.110.26 - - [04/Jul/2022:02:05:56 +0000] "GET /node/835/img_6199/feed HTTP/1.1" 302 154 "-" "Mozilla/5.0 (compatible; MJ12bot/v1.4.8; http://mj12bot.com/)"
65.108.110.26 - - [04/Jul/2022:02:05:58 +0000] "GET /node/835/img_6199/feed HTTP/1.1" 404 134 "-" "Mozilla/5.0 (compatible; MJ12bot/v1.4.8; http://mj12bot.com/)"
65.108.110.26 - - [04/Jul/2022:02:06:01 +0000] "GET /node/835/img_6202/feed HTTP/1.1" 302 154 "-" "Mozilla/5.0 (compatible; MJ12bot/v1.4.8; http://mj12bot.com/)"
65.108.110.26 - - [04/Jul/2022:02:06:03 +0000] "GET /node/835/img_6202/feed HTTP/1.1" 404 134 "-" "Mozilla/5.0 (compatible; MJ12bot/v1.4.8; http://mj12bot.com/)"
65.108.110.26 - - [04/Jul/2022:02:06:06 +0000] "GET /node/835/img_6247/feed HTTP/1.1" 302 154 "-" "Mozilla/5.0 (compatible; MJ12bot/v1.4.8; http://mj12bot.com/)"
65.108.110.26 - - [04/Jul/2022:02:06:10 +0000] "GET /node/835/img_6247/feed HTTP/1.1" 301 178 "-" "Mozilla/5.0 (compatible; MJ12bot/v1.4.8; http://mj12bot.com/)"
65.108.110.26 - - [04/Jul/2022:02:06:12 +0000] "GET /node/835/img_6247/feed/ HTTP/1.1" 403 134 "-" "Mozilla/5.0 (compatible; MJ12bot/v1.4.8; http://mj12bot.com/)"
65.108.110.26 - - [04/Jul/2022:02:06:14 +0000] "GET /node/835/img_6252 HTTP/1.1" 302 154 "-" "Mozilla/5.0 (compatible; MJ12bot/v1.4.8; http://mj12bot.com/)"
65.108.110.26 - - [04/Jul/2022:02:06:16 +0000] "GET /node/835/img_6252 HTTP/1.1" 301 178 "-" "Mozilla/5.0 (compatible; MJ12bot/v1.4.8; http://mj12bot.com/)"
65.108.110.26 - - [04/Jul/2022:02:06:19 +0000] "GET /node/835/img_6252/ HTTP/1.1" 200 7891 "-" "Mozilla/5.0 (compatible; MJ12bot/v1.4.8; http://mj12bot.com/)"
65.108.110.26 - - [04/Jul/2022:02:06:22 +0000] "GET /node/835/img_6252/feed HTTP/1.1" 302 154 "-" "Mozilla/5.0 (compatible; MJ12bot/v1.4.8; http://mj12bot.com/)"
65.108.110.26 - - [04/Jul/2022:02:06:24 +0000] "GET /node/835/img_6252/feed HTTP/1.1" 301 178 "-" "Mozilla/5.0 (compatible; MJ12bot/v1.4.8; http://mj12bot.com/)"
65.108.110.26 - - [04/Jul/2022:02:06:26 +0000] "GET /node/835/img_6252/feed/ HTTP/1.1" 403 134 "-" "Mozilla/5.0 (compatible; MJ12bot/v1.4.8; http://mj12bot.com/)"
65.108.110.26 - - [04/Jul/2022:02:06:28 +0000] "GET /node/835/img_6253 HTTP/1.1" 302 154 "-" "Mozilla/5.0 (compatible; MJ12bot/v1.4.8; http://mj12bot.com/)"
65.108.110.26 - - [04/Jul/2022:02:06:31 +0000] "GET /node/835/img_6253 HTTP/1.1" 301 178 "-" "Mozilla/5.0 (compatible; MJ12bot/v1.4.8; http://mj12bot.com/)"
65.108.110.26 - - [04/Jul/2022:02:06:34 +0000] "GET /node/835/img_6253/ HTTP/1.1" 200 7884 "-" "Mozilla/5.0 (compatible; MJ12bot/v1.4.8; http://mj12bot.com/)"
65.108.110.26 - - [04/Jul/2022:02:06:37 +0000] "GET /node/865/ch7_3070/feed HTTP/1.1" 302 154 "-" "Mozilla/5.0 (compatible; MJ12bot/v1.4.8; http://mj12bot.com/)"
65.108.110.26 - - [04/Jul/2022:02:06:39 +0000] "GET /node/865/ch7_3070/feed HTTP/1.1" 301 178 "-" "Mozilla/5.0 (compatible; MJ12bot/v1.4.8; http://mj12bot.com/)"
65.108.110.26 - - [04/Jul/2022:02:06:41 +0000] "GET /node/865/ch7_3070/feed/ HTTP/1.1" 403 134 "-" "Mozilla/5.0 (compatible; MJ12bot/v1.4.8; http://mj12bot.com/)"
65.108.110.26 - - [04/Jul/2022:02:06:43 +0000] "GET /node/865/ch7_3144 HTTP/1.1" 302 154 "-" "Mozilla/5.0 (compatible; MJ12bot/v1.4.8; http://mj12bot.com/)"
65.108.110.26 - - [04/Jul/2022:02:06:46 +0000] "GET /node/865/ch7_3144 HTTP/1.1" 301 178 "-" "Mozilla/5.0 (compatible; MJ12bot/v1.4.8; http://mj12bot.com/)"
65.108.110.26 - - [04/Jul/2022:02:06:48 +0000] "GET /node/865/ch7_3144/ HTTP/1.1" 200 7892 "-" "Mozilla/5.0 (compatible; MJ12bot/v1.4.8; http://mj12bot.com/)"
65.108.110.26 - - [04/Jul/2022:02:06:51 +0000] "GET /node/865/ch7_3144/feed HTTP/1.1" 302 154 "-" "Mozilla/5.0 (compatible; MJ12bot/v1.4.8; http://mj12bot.com/)"
65.108.110.26 - - [04/Jul/2022:02:06:53 +0000] "GET /node/865/ch7_3144/feed HTTP/1.1" 301 178 "-" "Mozilla/5.0 (compatible; MJ12bot/v1.4.8; http://mj12bot.com/)"
65.108.110.26 - - [04/Jul/2022:02:06:56 +0000] "GET /node/865/ch7_3144/feed/ HTTP/1.1" 403 134 "-" "Mozilla/5.0 (compatible; MJ12bot/v1.4.8; http://mj12bot.com/)"
65.108.110.26 - - [04/Jul/2022:02:06:59 +0000] "GET /node/865/ch7_3151 HTTP/1.1" 302 154 "-" "Mozilla/5.0 (compatible; MJ12bot/v1.4.8; http://mj12bot.com/)"
65.108.110.26 - - [04/Jul/2022:02:07:03 +0000] "GET /node/865/ch7_3151 HTTP/1.1" 301 178 "-" "Mozilla/5.0 (compatible; MJ12bot/v1.4.8; http://mj12bot.com/)"
192.241.221.125 - - [04/Jul/2022:02:07:05 +0000] "GET /owa/auth/logon.aspx?url=https%3a%2f%2f1%2fecp%2f HTTP/1.1" 301 178 "-" "Mozilla/5.0 zgrab/0.x"
65.108.110.26 - - [04/Jul/2022:02:07:05 +0000] "GET /node/865/ch7_3151/ HTTP/1.1" 200 7894 "-" "Mozilla/5.0 (compatible; MJ12bot/v1.4.8; http://mj12bot.com/)"
65.108.110.26 - - [04/Jul/2022:02:07:08 +0000] "GET /node/865/ch7_3264 HTTP/1.1" 302 154 "-" "Mozilla/5.0 (compatible; MJ12bot/v1.4.8; http://mj12bot.com/)"
65.108.110.26 - - [04/Jul/2022:02:07:10 +0000] "GET /node/865/ch7_3264 HTTP/1.1" 301 178 "-" "Mozilla/5.0 (compatible; MJ12bot/v1.4.8; http://mj12bot.com/)"
65.108.110.26 - - [04/Jul/2022:02:07:13 +0000] "GET /node/865/ch7_3264/ HTTP/1.1" 200 7888 "-" "Mozilla/5.0 (compatible; MJ12bot/v1.4.8; http://mj12bot.com/)"
65.108.110.26 - - [04/Jul/2022:02:07:16 +0000] "GET /node/865/ch7_3265 HTTP/1.1" 302 154 "-" "Mozilla/5.0 (compatible; MJ12bot/v1.4.8; http://mj12bot.com/)"
65.108.110.26 - - [04/Jul/2022:02:07:19 +0000] "GET /node/865/ch7_3265 HTTP/1.1" 301 178 "-" "Mozilla/5.0 (compatible; MJ12bot/v1.4.8; http://mj12bot.com/)"
65.108.110.26 - - [04/Jul/2022:02:07:21 +0000] "GET /node/865/ch7_3265/ HTTP/1.1" 200 7889 "-" "Mozilla/5.0 (compatible; MJ12bot/v1.4.8; http://mj12bot.com/)"
65.108.110.26 - - [04/Jul/2022:02:07:24 +0000] "GET /node/865/ch7_3265/feed HTTP/1.1" 302 154 "-" "Mozilla/5.0 (compatible; MJ12bot/v1.4.8; http://mj12bot.com/)"
65.108.110.26 - - [04/Jul/2022:02:07:26 +0000] "GET /node/865/ch7_3265/feed HTTP/1.1" 301 178 "-" "Mozilla/5.0 (compatible; MJ12bot/v1.4.8; http://mj12bot.com/)"
157.55.39.114 - - [04/Jul/2022:02:07:28 +0000] "GET /wp-content/uploads/2014/03/20140303-221322.jpg HTTP/2.0" 200 135007 "-" "Mozilla/5.0 (compatible; bingbot/2.0; +http://www.bing.com/bingbot.htm)"
65.108.110.26 - - [04/Jul/2022:02:07:29 +0000] "GET /node/865/ch7_3265/feed/ HTTP/1.1" 403 134 "-" "Mozilla/5.0 (compatible; MJ12bot/v1.4.8; http://mj12bot.com/)"
65.108.110.26 - - [04/Jul/2022:02:07:31 +0000] "GET /node/865/ch7_3276/feed HTTP/1.1" 302 154 "-" "Mozilla/5.0 (compatible; MJ12bot/v1.4.8; http://mj12bot.com/)"
65.108.110.26 - - [04/Jul/2022:02:07:33 +0000] "GET /node/865/ch7_3276/feed HTTP/1.1" 301 178 "-" "Mozilla/5.0 (compatible; MJ12bot/v1.4.8; http://mj12bot.com/)"
65.108.110.26 - - [04/Jul/2022:02:07:36 +0000] "GET /node/865/ch7_3276/feed/ HTTP/1.1" 403 134 "-" "Mozilla/5.0 (compatible; MJ12bot/v1.4.8; http://mj12bot.com/)"
65.108.110.26 - - [04/Jul/2022:02:07:38 +0000] "GET /wp-content/uploads/2012/04/25550414-034457.jpg HTTP/1.1" 302 154 "-" "Mozilla/5.0 (compatible; MJ12bot/v1.4.8; http://mj12bot.com/)"
65.108.110.26 - - [04/Jul/2022:02:07:41 +0000] "GET /wp-content/uploads/2012/04/25550414-034457.jpg HTTP/1.1" 200 261889 "-" "Mozilla/5.0 (compatible; MJ12bot/v1.4.8; http://mj12bot.com/)"
65.108.110.26 - - [04/Jul/2022:02:07:44 +0000] "GET /wp-content/uploads/2012/04/25550414-034540.jpg HTTP/1.1" 302 154 "-" "Mozilla/5.0 (compatible; MJ12bot/v1.4.8; http://mj12bot.com/)"
65.108.110.26 - - [04/Jul/2022:02:07:46 +0000] "GET /wp-content/uploads/2012/04/25550414-034540.jpg HTTP/1.1" 404 134 "-" "Mozilla/5.0 (compatible; MJ12bot/v1.4.8; http://mj12bot.com/)"
40.77.167.46 - - [04/Jul/2022:02:08:55 +0000] "GET /wp-content/uploads/2016/05/img_1368-768x576.jpg HTTP/2.0" 200 109069 "-" "Mozilla/5.0 (compatible; bingbot/2.0; +http://www.bing.com/bingbot.htm)"
185.7.214.104 - - [04/Jul/2022:02:09:48 +0000] "GET / HTTP/1.1" 200 396 "-" "Mozilla/5.0 (Windows NT 10.0; Win64; x64) AppleWebKit/537.36 (KHTML, like Gecko) Chrome/78.0.3904.108 Safari/537.36"
66.249.65.180 - - [04/Jul/2022:02:10:05 +0000] "GET /node/1407/img_7270 HTTP/1.1" 302 154 "-" "Mozilla/5.0 (compatible; Googlebot/2.1; +http://www.google.com/bot.html)"
66.249.73.116 - - [04/Jul/2022:02:10:06 +0000] "GET /node/1407/img_7270 HTTP/1.1" 301 178 "-" "Mozilla/5.0 (compatible; Googlebot/2.1; +http://www.google.com/bot.html)"
66.249.73.112 - - [04/Jul/2022:02:10:07 +0000] "GET /node/1407/img_7270/ HTTP/1.1" 200 7907 "-" "Mozilla/5.0 (compatible; Googlebot/2.1; +http://www.google.com/bot.html)"
216.244.66.229 - - [04/Jul/2022:02:10:11 +0000] "GET /node/category/music/%E0%B9%80%E0%B8%9E%E0%B8%A5%E0%B8%87%E0%B9%83%E0%B8%95%E0%B9%89/%E0%B8%AB%E0%B8%A5%E0%B8%87_%E0%B8%A5%E0%B8%87%E0%B8%A5%E0%B8%B2%E0%B8%A2/page/3 HTTP/1.1" 404 162 "-" "Mozilla/5.0 (compatible; DotBot/1.2; +https://opensiteexplorer.org/dotbot; help@moz.com)"
114.119.147.97 - - [04/Jul/2022:02:11:21 +0000] "GET /node/date/2007/12/24 HTTP/1.1" 302 154 "https://mrchoke.org/node/205?share=facebook" "Mozilla/5.0 (Linux; Android 7.0;) AppleWebKit/537.36 (KHTML, like Gecko) Mobile Safari/537.36 (compatible; PetalBot;+https://webmaster.petalsearch.com/site/petalbot)"
114.119.147.97 - - [04/Jul/2022:02:11:22 +0000] "GET /node/date/2007/12/24 HTTP/1.1" 301 178 "https://mrchoke.org/node/205?share=facebook" "Mozilla/5.0 (Linux; Android 7.0;) AppleWebKit/537.36 (KHTML, like Gecko) Mobile Safari/537.36 (compatible; PetalBot;+https://webmaster.petalsearch.com/site/petalbot)"
114.119.147.97 - - [04/Jul/2022:02:11:26 +0000] "GET /node/date/2007/12/24/ HTTP/1.1" 200 9238 "https://mrchoke.org/node/205?share=facebook" "Mozilla/5.0 (Linux; Android 7.0;) AppleWebKit/537.36 (KHTML, like Gecko) Mobile Safari/537.36 (compatible; PetalBot;+https://webmaster.petalsearch.com/site/petalbot)"
114.119.147.75 - - [04/Jul/2022:02:14:43 +0000] "GET /node/1885 HTTP/1.1" 301 178 "https://mrchoke.org/node/category/blog?ak_action=reject_mobile" "Mozilla/5.0 (Linux; Android 7.0;) AppleWebKit/537.36 (KHTML, like Gecko) Mobile Safari/537.36 (compatible; PetalBot;+https://webmaster.petalsearch.com/site/petalbot)"
114.119.147.75 - - [04/Jul/2022:02:14:44 +0000] "GET /node/1885/ HTTP/1.1" 200 9827 "https://mrchoke.org/node/category/blog?ak_action=reject_mobile" "Mozilla/5.0 (Linux; Android 7.0;) AppleWebKit/537.36 (KHTML, like Gecko) Mobile Safari/537.36 (compatible; PetalBot;+https://webmaster.petalsearch.com/site/petalbot)"
194.38.20.161 - - [04/Jul/2022:02:15:10 +0000] "GET /wp-content/plugins/uploadify/readme.txt HTTP/1.1" 404 162 "-" "ALittle Client"
207.46.13.149 - - [04/Jul/2022:02:16:16 +0000] "GET /wp-content/uploads/2014/02/IMG_7468-576x1024.png HTTP/2.0" 200 246506 "-" "Mozilla/5.0 (compatible; bingbot/2.0; +http://www.bing.com/bingbot.htm)"
66.249.73.112 - - [04/Jul/2022:02:16:31 +0000] "GET /node/1537/screenshot-2014-02-04-22-23-40/ HTTP/1.1" 200 7871 "-" "Mozilla/5.0 (Linux; Android 6.0.1; Nexus 5X Build/MMB29P) AppleWebKit/537.36 (KHTML, like Gecko) Chrome/103.0.5060.53 Mobile Safari/537.36 (compatible; Googlebot/2.1; +http://www.google.com/bot.html)"
114.119.147.73 - - [04/Jul/2022:02:18:06 +0000] "GET /node/1583?share=linkedin HTTP/1.1" 302 154 "https://mrchoke.org/node/1583" "Mozilla/5.0 (Linux; Android 7.0;) AppleWebKit/537.36 (KHTML, like Gecko) Mobile Safari/537.36 (compatible; PetalBot;+https://webmaster.petalsearch.com/site/petalbot)"
185.191.171.36 - - [04/Jul/2022:02:18:07 +0000] "GET /node/984/img_6467 HTTP/1.1" 302 154 "-" "Mozilla/5.0 (compatible; SemrushBot/7~bl; +http://www.semrush.com/bot.html)"
114.119.147.73 - - [04/Jul/2022:02:18:08 +0000] "GET /node/1583?share=linkedin HTTP/1.1" 301 178 "https://mrchoke.org/node/1583" "Mozilla/5.0 (Linux; Android 7.0;) AppleWebKit/537.36 (KHTML, like Gecko) Mobile Safari/537.36 (compatible; PetalBot;+https://webmaster.petalsearch.com/site/petalbot)"
114.119.147.73 - - [04/Jul/2022:02:18:08 +0000] "GET /node/1583/?share=linkedin HTTP/1.1" 200 10715 "https://mrchoke.org/node/1583" "Mozilla/5.0 (Linux; Android 7.0;) AppleWebKit/537.36 (KHTML, like Gecko) Mobile Safari/537.36 (compatible; PetalBot;+https://webmaster.petalsearch.com/site/petalbot)"
185.191.171.5 - - [04/Jul/2022:02:18:10 +0000] "GET /node/984/img_6467 HTTP/1.1" 301 178 "-" "Mozilla/5.0 (compatible; SemrushBot/7~bl; +http://www.semrush.com/bot.html)"
185.191.171.8 - - [04/Jul/2022:02:18:12 +0000] "GET /node/984/img_6467/ HTTP/1.1" 200 7862 "-" "Mozilla/5.0 (compatible; SemrushBot/7~bl; +http://www.semrush.com/bot.html)"
114.119.147.75 - - [04/Jul/2022:02:21:18 +0000] "GET /node/790/img_6158 HTTP/1.1" 302 154 "https://mrchoke.org/node/790/img_6156?ak_action=accept_mobile" "Mozilla/5.0 (Linux; Android 7.0;) AppleWebKit/537.36 (KHTML, like Gecko) Mobile Safari/537.36 (compatible; PetalBot;+https://webmaster.petalsearch.com/site/petalbot)"
114.119.147.75 - - [04/Jul/2022:02:21:24 +0000] "GET /node/790/img_6158 HTTP/1.1" 301 178 "https://mrchoke.org/node/790/img_6156?ak_action=accept_mobile" "Mozilla/5.0 (Linux; Android 7.0;) AppleWebKit/537.36 (KHTML, like Gecko) Mobile Safari/537.36 (compatible; PetalBot;+https://webmaster.petalsearch.com/site/petalbot)"
114.119.147.75 - - [04/Jul/2022:02:21:26 +0000] "GET /node/790/img_6158/ HTTP/1.1" 200 7945 "https://mrchoke.org/node/790/img_6156?ak_action=accept_mobile" "Mozilla/5.0 (Linux; Android 7.0;) AppleWebKit/537.36 (KHTML, like Gecko) Mobile Safari/537.36 (compatible; PetalBot;+https://webmaster.petalsearch.com/site/petalbot)"
66.249.73.114 - - [04/Jul/2022:02:22:57 +0000] "GET /node/date/2004/06/page/3 HTTP/1.1" 301 178 "-" "Mozilla/5.0 (Linux; Android 6.0.1; Nexus 5X Build/MMB29P) AppleWebKit/537.36 (KHTML, like Gecko) Chrome/103.0.5060.53 Mobile Safari/537.36 (compatible; Googlebot/2.1; +http://www.google.com/bot.html)"
66.249.73.114 - - [04/Jul/2022:02:22:57 +0000] "GET /node/date/2004/06/page/3/ HTTP/1.1" 200 12329 "-" "Mozilla/5.0 (Linux; Android 6.0.1; Nexus 5X Build/MMB29P) AppleWebKit/537.36 (KHTML, like Gecko) Chrome/103.0.5060.53 Mobile Safari/537.36 (compatible; Googlebot/2.1; +http://www.google.com/bot.html)"
114.119.147.73 - - [04/Jul/2022:02:24:31 +0000] "GET /node/20?share=reddit HTTP/1.1" 302 154 "https://mrchoke.org/node/20?ak_action=accept_mobile" "Mozilla/5.0 (Linux; Android 7.0;) AppleWebKit/537.36 (KHTML, like Gecko) Mobile Safari/537.36 (compatible; PetalBot;+https://webmaster.petalsearch.com/site/petalbot)"
114.119.147.73 - - [04/Jul/2022:02:24:33 +0000] "GET /node/20?share=reddit HTTP/1.1" 301 178 "https://mrchoke.org/node/20?ak_action=accept_mobile" "Mozilla/5.0 (Linux; Android 7.0;) AppleWebKit/537.36 (KHTML, like Gecko) Mobile Safari/537.36 (compatible; PetalBot;+https://webmaster.petalsearch.com/site/petalbot)"
114.119.147.73 - - [04/Jul/2022:02:24:36 +0000] "GET /node/20/?share=reddit HTTP/1.1" 200 8313 "https://mrchoke.org/node/20?ak_action=accept_mobile" "Mozilla/5.0 (Linux; Android 7.0;) AppleWebKit/537.36 (KHTML, like Gecko) Mobile Safari/537.36 (compatible; PetalBot;+https://webmaster.petalsearch.com/site/petalbot)"
51.222.253.3 - - [04/Jul/2022:02:27:16 +0000] "GET /node/114 HTTP/2.0" 301 178 "-" "Mozilla/5.0 (compatible; AhrefsBot/7.0; +http://ahrefs.com/robot/)"
114.119.147.81 - - [04/Jul/2022:02:27:54 +0000] "GET /node/1537/screenshot-2014-02-04-22-27-04?share=reddit HTTP/1.1" 302 154 "https://mrchoke.org/node/1537/screenshot-2014-02-04-22-27-04?ak_action=accept_mobile" "Mozilla/5.0 (Linux; Android 7.0;) AppleWebKit/537.36 (KHTML, like Gecko) Mobile Safari/537.36 (compatible; PetalBot;+https://webmaster.petalsearch.com/site/petalbot)"
114.119.147.81 - - [04/Jul/2022:02:28:00 +0000] "GET /node/1537/screenshot-2014-02-04-22-27-04?share=reddit HTTP/1.1" 301 178 "https://mrchoke.org/node/1537/screenshot-2014-02-04-22-27-04?ak_action=accept_mobile" "Mozilla/5.0 (Linux; Android 7.0;) AppleWebKit/537.36 (KHTML, like Gecko) Mobile Safari/537.36 (compatible; PetalBot;+https://webmaster.petalsearch.com/site/petalbot)"
114.119.147.81 - - [04/Jul/2022:02:28:03 +0000] "GET /node/1537/screenshot-2014-02-04-22-27-04/?share=reddit HTTP/1.1" 200 7919 "https://mrchoke.org/node/1537/screenshot-2014-02-04-22-27-04?ak_action=accept_mobile" "Mozilla/5.0 (Linux; Android 7.0;) AppleWebKit/537.36 (KHTML, like Gecko) Mobile Safari/537.36 (compatible; PetalBot;+https://webmaster.petalsearch.com/site/petalbot)"
192.241.222.143 - - [04/Jul/2022:02:28:27 +0000] "GET / HTTP/1.1" 200 396 "-" "Mozilla/5.0 zgrab/0.x"
94.203.15.38 - - [04/Jul/2022:02:30:04 +0000] "GET /node/tag/oss/ HTTP/1.1" 200 10053 "https://static.mrchoke.org" "Mozilla/5.0 (Windows NT 10.0; Win64; x64) AppleWebKit/537.36 (KHTML, like Gecko) Chrome/62.0.3202.94 Safari/537.36"
185.191.171.13 - - [04/Jul/2022:02:30:52 +0000] "GET /node/477 HTTP/1.1" 301 178 "-" "Mozilla/5.0 (compatible; SemrushBot/7~bl; +http://www.semrush.com/bot.html)"
185.191.171.26 - - [04/Jul/2022:02:30:55 +0000] "GET /node/477/ HTTP/1.1" 200 9904 "-" "Mozilla/5.0 (compatible; SemrushBot/7~bl; +http://www.semrush.com/bot.html)"
114.119.147.97 - - [04/Jul/2022:02:31:16 +0000] "GET /node/category/blog/page/4?ak_action=reject_mobile HTTP/1.1" 302 154 "https://mrchoke.org/node/category/blog/page/5?ak_action=reject_mobile" "Mozilla/5.0 (Linux; Android 7.0;) AppleWebKit/537.36 (KHTML, like Gecko) Mobile Safari/537.36 (compatible; PetalBot;+https://webmaster.petalsearch.com/site/petalbot)"
114.119.147.97 - - [04/Jul/2022:02:31:27 +0000] "GET /node/category/blog/page/4?ak_action=reject_mobile HTTP/1.1" 301 178 "https://mrchoke.org/node/category/blog/page/5?ak_action=reject_mobile" "Mozilla/5.0 (Linux; Android 7.0;) AppleWebKit/537.36 (KHTML, like Gecko) Mobile Safari/537.36 (compatible; PetalBot;+https://webmaster.petalsearch.com/site/petalbot)"
114.119.147.97 - - [04/Jul/2022:02:31:31 +0000] "GET /node/category/blog/page/4/?ak_action=reject_mobile HTTP/1.1" 200 12893 "https://mrchoke.org/node/category/blog/page/5?ak_action=reject_mobile" "Mozilla/5.0 (Linux; Android 7.0;) AppleWebKit/537.36 (KHTML, like Gecko) Mobile Safari/537.36 (compatible; PetalBot;+https://webmaster.petalsearch.com/site/petalbot)"
106.75.32.201 - - [04/Jul/2022:02:33:29 +0000] "GET / HTTP/1.1" 301 178 "-" "SEC-SGHX820/1.0 NetFront/3.2 Profile/MIDP-2.0 Configuration/CLDC-1.1"
106.75.32.201 - - [04/Jul/2022:02:33:39 +0000] "GET / HTTP/1.1" 200 920 "-" "SEC-SGHX820/1.0 NetFront/3.2 Profile/MIDP-2.0 Configuration/CLDC-1.1"
113.250.236.190 - - [04/Jul/2022:02:33:46 +0000] "GET /user/register HTTP/1.1" 404 134 "http://www.mrchoke.org/" "Mozilla/5.0 (Windows NT 6.1; rv:26.0) Gecko/20100101 Firefox/26.0"
106.75.32.201 - - [04/Jul/2022:02:33:48 +0000] "GET /favicon.ico HTTP/1.1" 301 178 "-" "SEC-SGHX820/1.0 NetFront/3.2 Profile/MIDP-2.0 Configuration/CLDC-1.1"
106.75.32.201 - - [04/Jul/2022:02:34:10 +0000] "GET //robots.txt HTTP/1.1" 301 178 "-" "SEC-SGHX820/1.0 NetFront/3.2 Profile/MIDP-2.0 Configuration/CLDC-1.1"
106.75.32.201 - - [04/Jul/2022:02:34:14 +0000] "GET //sitemap.xml HTTP/1.1" 301 178 "-" "SEC-SGHX820/1.0 NetFront/3.2 Profile/MIDP-2.0 Configuration/CLDC-1.1"
114.119.147.75 - - [04/Jul/2022:02:34:21 +0000] "GET /img_7178 HTTP/1.1" 301 178 "https://mrchoke.org/node/1316?share=reddit" "Mozilla/5.0 (Linux; Android 7.0;) AppleWebKit/537.36 (KHTML, like Gecko) Mobile Safari/537.36 (compatible; PetalBot;+https://webmaster.petalsearch.com/site/petalbot)"
114.119.147.75 - - [04/Jul/2022:02:34:24 +0000] "GET /img_7178/ HTTP/1.1" 200 7932 "https://mrchoke.org/node/1316?share=reddit" "Mozilla/5.0 (Linux; Android 7.0;) AppleWebKit/537.36 (KHTML, like Gecko) Mobile Safari/537.36 (compatible; PetalBot;+https://webmaster.petalsearch.com/site/petalbot)"
2001:470:1:c84::20 - - [04/Jul/2022:02:34:53 +0000] "GET / HTTP/1.1" 200 612 "-" "-"
66.249.65.180 - - [04/Jul/2022:02:35:48 +0000] "GET /node/date/2014/02 HTTP/1.1" 302 154 "-" "Mozilla/5.0 (Linux; Android 6.0.1; Nexus 5X Build/MMB29P) AppleWebKit/537.36 (KHTML, like Gecko) Chrome/103.0.5060.53 Mobile Safari/537.36 (compatible; Googlebot/2.1; +http://www.google.com/bot.html)"
66.249.73.112 - - [04/Jul/2022:02:35:49 +0000] "GET /node/date/2014/02 HTTP/1.1" 301 178 "-" "Mozilla/5.0 (Linux; Android 6.0.1; Nexus 5X Build/MMB29P) AppleWebKit/537.36 (KHTML, like Gecko) Chrome/103.0.5060.53 Mobile Safari/537.36 (compatible; Googlebot/2.1; +http://www.google.com/bot.html)"
114.119.147.97 - - [04/Jul/2022:02:37:31 +0000] "GET /node/273?share=twitter HTTP/1.1" 302 154 "https://mrchoke.org/node/273?ak_action=accept_mobile" "Mozilla/5.0 (Linux; Android 7.0;) AppleWebKit/537.36 (KHTML, like Gecko) Mobile Safari/537.36 (compatible; PetalBot;+https://webmaster.petalsearch.com/site/petalbot)"
114.119.147.97 - - [04/Jul/2022:02:37:37 +0000] "GET /node/273?share=twitter HTTP/1.1" 301 178 "https://mrchoke.org/node/273?ak_action=accept_mobile" "Mozilla/5.0 (Linux; Android 7.0;) AppleWebKit/537.36 (KHTML, like Gecko) Mobile Safari/537.36 (compatible; PetalBot;+https://webmaster.petalsearch.com/site/petalbot)"
114.119.147.97 - - [04/Jul/2022:02:37:39 +0000] "GET /node/273/?share=twitter HTTP/1.1" 200 9533 "https://mrchoke.org/node/273?ak_action=accept_mobile" "Mozilla/5.0 (Linux; Android 7.0;) AppleWebKit/537.36 (KHTML, like Gecko) Mobile Safari/537.36 (compatible; PetalBot;+https://webmaster.petalsearch.com/site/petalbot)"
221.2.163.231 - - [04/Jul/2022:02:38:13 +0000] "GET / HTTP/1.1" 200 396 "-" "Mozilla/5.0"
114.119.147.73 - - [04/Jul/2022:02:42:47 +0000] "GET /node/date/2006/11/11 HTTP/1.1" 301 178 "https://mrchoke.org/node/121" "Mozilla/5.0 (Linux; Android 7.0;) AppleWebKit/537.36 (KHTML, like Gecko) Mobile Safari/537.36 (compatible; PetalBot;+https://webmaster.petalsearch.com/site/petalbot)"
114.119.147.73 - - [04/Jul/2022:02:42:49 +0000] "GET /node/date/2006/11/11/ HTTP/1.1" 200 10709 "https://mrchoke.org/node/121" "Mozilla/5.0 (Linux; Android 7.0;) AppleWebKit/537.36 (KHTML, like Gecko) Mobile Safari/537.36 (compatible; PetalBot;+https://webmaster.petalsearch.com/site/petalbot)"
94.102.61.10 - - [04/Jul/2022:02:44:10 +0000] "GET / HTTP/1.1" 200 396 "-" "python-requests/2.26.0"
198.46.248.235 - - [04/Jul/2022:02:44:47 +0000] "GET / HTTP/1.1" 200 396 "-" "Mozilla/5.0 (Windows NT 10.0; WOW64; Trident/7.0; IE8Mercury; rv:11.0) like Gecko"
40.77.167.46 - - [04/Jul/2022:02:45:28 +0000] "GET /wp-content/uploads/2016/05/img_1278-1024x768.jpg HTTP/2.0" 200 91477 "-" "Mozilla/5.0 (compatible; bingbot/2.0; +http://www.bing.com/bingbot.htm)"
114.119.147.81 - - [04/Jul/2022:02:45:53 +0000] "GET /node/date/2006/02/02 HTTP/1.1" 302 154 "https://mrchoke.org/node/329?share=twitter" "Mozilla/5.0 (Linux; Android 7.0;) AppleWebKit/537.36 (KHTML, like Gecko) Mobile Safari/537.36 (compatible; PetalBot;+https://webmaster.petalsearch.com/site/petalbot)"
114.119.147.81 - - [04/Jul/2022:02:45:53 +0000] "GET /node/date/2006/02/02 HTTP/1.1" 301 178 "https://mrchoke.org/node/329?share=twitter" "Mozilla/5.0 (Linux; Android 7.0;) AppleWebKit/537.36 (KHTML, like Gecko) Mobile Safari/537.36 (compatible; PetalBot;+https://webmaster.petalsearch.com/site/petalbot)"
114.119.147.81 - - [04/Jul/2022:02:45:53 +0000] "GET /node/date/2006/02/02/ HTTP/1.1" 200 8364 "https://mrchoke.org/node/329?share=twitter" "Mozilla/5.0 (Linux; Android 7.0;) AppleWebKit/537.36 (KHTML, like Gecko) Mobile Safari/537.36 (compatible; PetalBot;+https://webmaster.petalsearch.com/site/petalbot)"
61.135.159.132 - - [04/Jul/2022:02:46:29 +0000] "GET / HTTP/1.1" 200 294 "-" "Sogou web spider/4.0(+http://www.sogou.com/docs/help/webmasters.htm#07)"
114.119.147.81 - - [04/Jul/2022:02:49:04 +0000] "GET /node/790/img_6152?ak_action=accept_mobile HTTP/1.1" 302 154 "https://mrchoke.org/node/790/img_6152?ak_action=reject_mobile" "Mozilla/5.0 (Linux; Android 7.0;) AppleWebKit/537.36 (KHTML, like Gecko) Mobile Safari/537.36 (compatible; PetalBot;+https://webmaster.petalsearch.com/site/petalbot)"
114.119.147.81 - - [04/Jul/2022:02:49:04 +0000] "GET /node/790/img_6152?ak_action=accept_mobile HTTP/1.1" 301 178 "https://mrchoke.org/node/790/img_6152?ak_action=reject_mobile" "Mozilla/5.0 (Linux; Android 7.0;) AppleWebKit/537.36 (KHTML, like Gecko) Mobile Safari/537.36 (compatible; PetalBot;+https://webmaster.petalsearch.com/site/petalbot)"
114.119.147.81 - - [04/Jul/2022:02:49:04 +0000] "GET /node/790/img_6152/?ak_action=accept_mobile HTTP/1.1" 200 7922 "https://mrchoke.org/node/790/img_6152?ak_action=reject_mobile" "Mozilla/5.0 (Linux; Android 7.0;) AppleWebKit/537.36 (KHTML, like Gecko) Mobile Safari/537.36 (compatible; PetalBot;+https://webmaster.petalsearch.com/site/petalbot)"
192.241.219.105 - - [04/Jul/2022:02:50:08 +0000] "GET / HTTP/1.1" 301 178 "-" "Mozilla/5.0 zgrab/0.x"
185.7.214.104 - - [04/Jul/2022:02:51:36 +0000] "GET /actuator/gateway/routes HTTP/1.1" 404 197 "-" "Mozilla/5.0 (Windows NT 10.0; Win64; x64) AppleWebKit/537.36 (KHTML, like Gecko) Chrome/78.0.3904.108 Safari/537.36"
114.119.147.86 - - [04/Jul/2022:02:52:04 +0000] "GET /node/11?share=facebook HTTP/1.1" 302 154 "https://mrchoke.org/node/11?ak_action=accept_mobile" "Mozilla/5.0 (Linux; Android 7.0;) AppleWebKit/537.36 (KHTML, like Gecko) Mobile Safari/537.36 (compatible; PetalBot;+https://webmaster.petalsearch.com/site/petalbot)"
114.119.147.86 - - [04/Jul/2022:02:52:04 +0000] "GET /node/11?share=facebook HTTP/1.1" 301 178 "https://mrchoke.org/node/11?ak_action=accept_mobile" "Mozilla/5.0 (Linux; Android 7.0;) AppleWebKit/537.36 (KHTML, like Gecko) Mobile Safari/537.36 (compatible; PetalBot;+https://webmaster.petalsearch.com/site/petalbot)"
114.119.147.86 - - [04/Jul/2022:02:52:04 +0000] "GET /node/11/?share=facebook HTTP/1.1" 200 8222 "https://mrchoke.org/node/11?ak_action=accept_mobile" "Mozilla/5.0 (Linux; Android 7.0;) AppleWebKit/537.36 (KHTML, like Gecko) Mobile Safari/537.36 (compatible; PetalBot;+https://webmaster.petalsearch.com/site/petalbot)"
216.244.66.229 - - [04/Jul/2022:02:52:36 +0000] "GET /robots.txt HTTP/1.1" 404 162 "-" "Mozilla/5.0 (compatible; DotBot/1.2; +https://opensiteexplorer.org/dotbot; help@moz.com)"
216.244.66.229 - - [04/Jul/2022:02:52:36 +0000] "GET /robots.txt HTTP/1.1" 404 162 "-" "Mozilla/5.0 (compatible; DotBot/1.2; +https://opensiteexplorer.org/dotbot; help@moz.com)"
42.236.10.116 - - [04/Jul/2022:02:53:19 +0000] "GET / HTTP/1.1" 200 294 "https://mrchoke.org/" "Mozilla/5.0 (Windows NT 6.1; WOW64) AppleWebKit/537.36 (KHTML, like Gecko) Chrome/50.0.2661.102 Safari/537.36; 360Spider"
185.191.171.13 - - [04/Jul/2022:02:54:43 +0000] "GET /robots.txt HTTP/1.1" 404 134 "-" "Mozilla/5.0 (compatible; SemrushBot/7~bl; +http://www.semrush.com/bot.html)"
185.191.171.33 - - [04/Jul/2022:02:54:44 +0000] "GET /node/322 HTTP/1.1" 301 178 "-" "Mozilla/5.0 (compatible; SemrushBot/7~bl; +http://www.semrush.com/bot.html)"
185.191.171.42 - - [04/Jul/2022:02:54:46 +0000] "GET /node/322/ HTTP/1.1" 200 8838 "-" "Mozilla/5.0 (compatible; SemrushBot/7~bl; +http://www.semrush.com/bot.html)"
185.191.171.44 - - [04/Jul/2022:02:54:54 +0000] "GET /node/category/uncategorized/page/7 HTTP/1.1" 301 178 "-" "Mozilla/5.0 (compatible; SemrushBot/7~bl; +http://www.semrush.com/bot.html)"
185.191.171.12 - - [04/Jul/2022:02:54:57 +0000] "GET /node/category/uncategorized/page/7/ HTTP/1.1" 200 9702 "-" "Mozilla/5.0 (compatible; SemrushBot/7~bl; +http://www.semrush.com/bot.html)"
114.119.147.75 - - [04/Jul/2022:02:55:10 +0000] "GET /node/210?ak_action=reject_mobile HTTP/1.1" 302 154 "https://mrchoke.org/node/210" "Mozilla/5.0 (Linux; Android 7.0;) AppleWebKit/537.36 (KHTML, like Gecko) Mobile Safari/537.36 (compatible; PetalBot;+https://webmaster.petalsearch.com/site/petalbot)"
114.119.147.75 - - [04/Jul/2022:02:55:18 +0000] "GET /node/210?ak_action=reject_mobile HTTP/1.1" 301 178 "https://mrchoke.org/node/210" "Mozilla/5.0 (Linux; Android 7.0;) AppleWebKit/537.36 (KHTML, like Gecko) Mobile Safari/537.36 (compatible; PetalBot;+https://webmaster.petalsearch.com/site/petalbot)"
114.119.147.75 - - [04/Jul/2022:02:55:27 +0000] "GET /node/210/?ak_action=reject_mobile HTTP/1.1" 200 8139 "https://mrchoke.org/node/210" "Mozilla/5.0 (Linux; Android 7.0;) AppleWebKit/537.36 (KHTML, like Gecko) Mobile Safari/537.36 (compatible; PetalBot;+https://webmaster.petalsearch.com/site/petalbot)"
216.244.66.229 - - [04/Jul/2022:02:57:26 +0000] "GET /ch7_3539/ HTTP/1.1" 404 162 "-" "Mozilla/5.0 (compatible; DotBot/1.2; +https://opensiteexplorer.org/dotbot; help@moz.com)"
114.119.147.73 - - [04/Jul/2022:02:58:13 +0000] "GET /node/date/2007/12 HTTP/1.1" 301 178 "https://static.mrchoke.org/node/9" "Mozilla/5.0 (Linux; Android 7.0;) AppleWebKit/537.36 (KHTML, like Gecko) Mobile Safari/537.36 (compatible; PetalBot;+https://webmaster.petalsearch.com/site/petalbot)"
114.119.147.73 - - [04/Jul/2022:02:58:14 +0000] "GET /node/date/2007/12/ HTTP/1.1" 200 11710 "https://static.mrchoke.org/node/9" "Mozilla/5.0 (Linux; Android 7.0;) AppleWebKit/537.36 (KHTML, like Gecko) Mobile Safari/537.36 (compatible; PetalBot;+https://webmaster.petalsearch.com/site/petalbot)"
216.244.66.229 - - [04/Jul/2022:02:58:37 +0000] "GET /node/1255/img_6866/feed HTTP/1.1" 404 162 "-" "Mozilla/5.0 (compatible; DotBot/1.2; +https://opensiteexplorer.org/dotbot; help@moz.com)"
192.241.219.73 - - [04/Jul/2022:03:01:30 +0000] "GET /ReportServer HTTP/1.1" 404 134 "-" "Mozilla/5.0 zgrab/0.x"
114.119.147.87 - - [04/Jul/2022:03:01:34 +0000] "GET /node/date/2006/04/04 HTTP/1.1" 301 178 "https://static.mrchoke.org/node/28" "Mozilla/5.0 (Linux; Android 7.0;) AppleWebKit/537.36 (KHTML, like Gecko) Mobile Safari/537.36 (compatible; PetalBot;+https://webmaster.petalsearch.com/site/petalbot)"
114.119.147.87 - - [04/Jul/2022:03:01:40 +0000] "GET /node/date/2006/04/04/ HTTP/1.1" 200 8424 "https://static.mrchoke.org/node/28" "Mozilla/5.0 (Linux; Android 7.0;) AppleWebKit/537.36 (KHTML, like Gecko) Mobile Safari/537.36 (compatible; PetalBot;+https://webmaster.petalsearch.com/site/petalbot)"
185.191.171.19 - - [04/Jul/2022:03:02:11 +0000] "GET /robots.txt HTTP/1.1" 404 134 "-" "Mozilla/5.0 (compatible; SemrushBot/7~bl; +http://www.semrush.com/bot.html)"
185.191.171.37 - - [04/Jul/2022:03:02:12 +0000] "GET /node/category/hobbies HTTP/1.1" 302 154 "-" "Mozilla/5.0 (compatible; SemrushBot/7~bl; +http://www.semrush.com/bot.html)"
185.191.171.33 - - [04/Jul/2022:03:02:13 +0000] "GET /node/category/hobbies HTTP/1.1" 301 178 "-" "Mozilla/5.0 (compatible; SemrushBot/7~bl; +http://www.semrush.com/bot.html)"
185.191.171.17 - - [04/Jul/2022:03:02:17 +0000] "GET /node/category/hobbies/ HTTP/1.1" 200 8486 "-" "Mozilla/5.0 (compatible; SemrushBot/7~bl; +http://www.semrush.com/bot.html)"
51.222.253.1 - - [04/Jul/2022:03:03:40 +0000] "GET /node/1786/ch7_4256-copy/ HTTP/2.0" 200 7906 "-" "Mozilla/5.0 (compatible; AhrefsBot/7.0; +http://ahrefs.com/robot/)"
114.119.147.73 - - [04/Jul/2022:03:04:22 +0000] "GET /node/353?share=reddit HTTP/1.1" 302 154 "https://mrchoke.org/node/353?ak_action=accept_mobile" "Mozilla/5.0 (Linux; Android 7.0;) AppleWebKit/537.36 (KHTML, like Gecko) Mobile Safari/537.36 (compatible; PetalBot;+https://webmaster.petalsearch.com/site/petalbot)"
114.119.147.73 - - [04/Jul/2022:03:04:24 +0000] "GET /node/353?share=reddit HTTP/1.1" 301 178 "https://mrchoke.org/node/353?ak_action=accept_mobile" "Mozilla/5.0 (Linux; Android 7.0;) AppleWebKit/537.36 (KHTML, like Gecko) Mobile Safari/537.36 (compatible; PetalBot;+https://webmaster.petalsearch.com/site/petalbot)"
114.119.147.73 - - [04/Jul/2022:03:04:25 +0000] "GET /node/353/?share=reddit HTTP/1.1" 200 7953 "https://mrchoke.org/node/353?ak_action=accept_mobile" "Mozilla/5.0 (Linux; Android 7.0;) AppleWebKit/537.36 (KHTML, like Gecko) Mobile Safari/537.36 (compatible; PetalBot;+https://webmaster.petalsearch.com/site/petalbot)"
185.191.171.1 - - [04/Jul/2022:03:04:32 +0000] "GET /node/category/compiz/page/2 HTTP/1.1" 301 178 "-" "Mozilla/5.0 (compatible; SemrushBot/7~bl; +http://www.semrush.com/bot.html)"
185.191.171.3 - - [04/Jul/2022:03:04:34 +0000] "GET /node/category/compiz/page/2/ HTTP/1.1" 200 9766 "-" "Mozilla/5.0 (compatible; SemrushBot/7~bl; +http://www.semrush.com/bot.html)"
66.249.73.112 - - [04/Jul/2022:03:05:57 +0000] "GET /wp-includes/js/comment-reply.min.js?ver=5.7.1 HTTP/1.1" 200 2984 "https://static.mrchoke.org/node/215/" "Mozilla/5.0 (Linux; Android 6.0.1; Nexus 5X Build/MMB29P) AppleWebKit/537.36 (KHTML, like Gecko) Chrome/102.0.5005.115 Mobile Safari/537.36 (compatible; Googlebot/2.1; +http://www.google.com/bot.html)"
66.249.73.114 - - [04/Jul/2022:03:06:05 +0000] "GET /node/date/2014/02/ HTTP/1.1" 200 11544 "-" "Mozilla/5.0 (Linux; Android 6.0.1; Nexus 5X Build/MMB29P) AppleWebKit/537.36 (KHTML, like Gecko) Chrome/103.0.5060.53 Mobile Safari/537.36 (compatible; Googlebot/2.1; +http://www.google.com/bot.html)"
216.244.66.229 - - [04/Jul/2022:03:06:26 +0000] "GET /wp-content/uploads/2014/01/IMG_6595.jpg HTTP/1.1" 404 162 "-" "Mozilla/5.0 (compatible; DotBot/1.2; +https://opensiteexplorer.org/dotbot; help@moz.com)"
216.244.66.229 - - [04/Jul/2022:03:08:49 +0000] "GET /img_7197/ HTTP/1.1" 404 162 "-" "Mozilla/5.0 (compatible; DotBot/1.2; +https://opensiteexplorer.org/dotbot; help@moz.com)"
207.46.13.174 - - [04/Jul/2022:03:13:12 +0000] "GET /feed/?attachment_id=1681 HTTP/2.0" 403 123 "-" "Mozilla/5.0 (compatible; bingbot/2.0; +http://www.bing.com/bingbot.htm)"
185.191.171.7 - - [04/Jul/2022:03:15:22 +0000] "GET /node/date/2004/05/31 HTTP/1.1" 301 178 "-" "Mozilla/5.0 (compatible; SemrushBot/7~bl; +http://www.semrush.com/bot.html)"
185.191.171.11 - - [04/Jul/2022:03:15:25 +0000] "GET /node/date/2004/05/31/ HTTP/1.1" 200 7977 "-" "Mozilla/5.0 (compatible; SemrushBot/7~bl; +http://www.semrush.com/bot.html)"
114.119.147.74 - - [04/Jul/2022:03:17:04 +0000] "GET /node/939/img_6419 HTTP/1.1" 302 154 "https://mrchoke.org/node/939/img_6414" "Mozilla/5.0 (Linux; Android 7.0;) AppleWebKit/537.36 (KHTML, like Gecko) Mobile Safari/537.36 (compatible; PetalBot;+https://webmaster.petalsearch.com/site/petalbot)"
114.119.147.74 - - [04/Jul/2022:03:17:06 +0000] "GET /node/939/img_6419 HTTP/1.1" 301 178 "https://mrchoke.org/node/939/img_6414" "Mozilla/5.0 (Linux; Android 7.0;) AppleWebKit/537.36 (KHTML, like Gecko) Mobile Safari/537.36 (compatible; PetalBot;+https://webmaster.petalsearch.com/site/petalbot)"
114.119.147.74 - - [04/Jul/2022:03:17:09 +0000] "GET /node/939/img_6419/ HTTP/1.1" 200 7891 "https://mrchoke.org/node/939/img_6414" "Mozilla/5.0 (Linux; Android 7.0;) AppleWebKit/537.36 (KHTML, like Gecko) Mobile Safari/537.36 (compatible; PetalBot;+https://webmaster.petalsearch.com/site/petalbot)"
66.249.65.180 - - [04/Jul/2022:03:21:13 +0000] "GET /node/tag/bike HTTP/1.1" 302 154 "-" "Mozilla/5.0 (compatible; Googlebot/2.1; +http://www.google.com/bot.html)"
66.249.73.114 - - [04/Jul/2022:03:21:15 +0000] "GET /node/tag/bike HTTP/1.1" 301 178 "-" "Mozilla/5.0 (compatible; Googlebot/2.1; +http://www.google.com/bot.html)"
66.249.73.112 - - [04/Jul/2022:03:21:16 +0000] "GET /node/tag/bike/ HTTP/1.1" 200 12763 "-" "Mozilla/5.0 (compatible; Googlebot/2.1; +http://www.google.com/bot.html)"
171.7.31.162 - - [04/Jul/2022:03:23:20 +0000] "GET /node/43 HTTP/2.0" 301 178 "https://www.google.com/" "Mozilla/5.0 (Windows NT 10.0; Win64; x64) AppleWebKit/537.36 (KHTML, like Gecko) Chrome/103.0.5060.66 Safari/537.36 Edg/103.0.1264.44"
171.7.31.162 - - [04/Jul/2022:03:23:20 +0000] "GET /node/43/ HTTP/2.0" 200 8531 "https://www.google.com/" "Mozilla/5.0 (Windows NT 10.0; Win64; x64) AppleWebKit/537.36 (KHTML, like Gecko) Chrome/103.0.5060.66 Safari/537.36 Edg/103.0.1264.44"
171.7.31.162 - - [04/Jul/2022:03:23:20 +0000] "GET /wp-content/themes/manifest/style.css HTTP/2.0" 200 21725 "https://static.mrchoke.org/node/43/" "Mozilla/5.0 (Windows NT 10.0; Win64; x64) AppleWebKit/537.36 (KHTML, like Gecko) Chrome/103.0.5060.66 Safari/537.36 Edg/103.0.1264.44"
171.7.31.162 - - [04/Jul/2022:03:23:20 +0000] "GET /wp-includes/css/dist/block-library/style.min.css?ver=5.7.1 HTTP/2.0" 200 58171 "https://static.mrchoke.org/node/43/" "Mozilla/5.0 (Windows NT 10.0; Win64; x64) AppleWebKit/537.36 (KHTML, like Gecko) Chrome/103.0.5060.66 Safari/537.36 Edg/103.0.1264.44"
171.7.31.162 - - [04/Jul/2022:03:23:20 +0000] "GET /wp-includes/js/comment-reply.min.js?ver=5.7.1 HTTP/2.0" 200 2984 "https://static.mrchoke.org/node/43/" "Mozilla/5.0 (Windows NT 10.0; Win64; x64) AppleWebKit/537.36 (KHTML, like Gecko) Chrome/103.0.5060.66 Safari/537.36 Edg/103.0.1264.44"
171.7.31.162 - - [04/Jul/2022:03:23:20 +0000] "GET /wp-includes/js/wp-embed.min.js?ver=5.7.1 HTTP/2.0" 200 1426 "https://static.mrchoke.org/node/43/" "Mozilla/5.0 (Windows NT 10.0; Win64; x64) AppleWebKit/537.36 (KHTML, like Gecko) Chrome/103.0.5060.66 Safari/537.36 Edg/103.0.1264.44"
171.7.31.162 - - [04/Jul/2022:03:23:20 +0000] "GET /wp-includes/js/wp-emoji-release.min.js?ver=5.7.1 HTTP/2.0" 200 14229 "https://static.mrchoke.org/node/43/" "Mozilla/5.0 (Windows NT 10.0; Win64; x64) AppleWebKit/537.36 (KHTML, like Gecko) Chrome/103.0.5060.66 Safari/537.36 Edg/103.0.1264.44"
171.7.31.162 - - [04/Jul/2022:03:23:20 +0000] "GET /favicon.ico HTTP/2.0" 200 1150 "https://static.mrchoke.org/" "Mozilla/5.0 (Windows NT 10.0; Win64; x64) AppleWebKit/537.36 (KHTML, like Gecko) Chrome/103.0.5060.66 Safari/537.36 Edg/103.0.1264.44"
