114.119.147.81 - - [22/Jun/2022:21:08:43 +0000] "GET /node/463/ HTTP/1.1" 200 9316 "https://static.mrchoke.org/node/date/2004/11/page/2" "Mozilla/5.0 (Linux; Android 7.0;) AppleWebKit/537.36 (KHTML, like Gecko) Mobile Safari/537.36 (compatible; PetalBot;+https://webmaster.petalsearch.com/site/petalbot)"
114.119.147.81 - - [22/Jun/2022:21:10:45 +0000] "GET /ch7_4211 HTTP/1.1" 301 178 "https://mrchoke.org/node/1724?ak_action=accept_mobile" "Mozilla/5.0 (Linux; Android 7.0;) AppleWebKit/537.36 (KHTML, like Gecko) Mobile Safari/537.36 (compatible; PetalBot;+https://webmaster.petalsearch.com/site/petalbot)"
114.119.147.81 - - [22/Jun/2022:21:10:55 +0000] "GET /ch7_4211/ HTTP/1.1" 200 7880 "https://mrchoke.org/node/1724?ak_action=accept_mobile" "Mozilla/5.0 (Linux; Android 7.0;) AppleWebKit/537.36 (KHTML, like Gecko) Mobile Safari/537.36 (compatible; PetalBot;+https://webmaster.petalsearch.com/site/petalbot)"
114.119.147.86 - - [22/Jun/2022:21:13:22 +0000] "GET /node/89?ak_action=reject_mobile HTTP/1.1" 302 154 "https://mrchoke.org/node/89?ak_action=accept_mobile" "Mozilla/5.0 (Linux; Android 7.0;) AppleWebKit/537.36 (KHTML, like Gecko) Mobile Safari/537.36 (compatible; PetalBot;+https://webmaster.petalsearch.com/site/petalbot)"
114.119.147.86 - - [22/Jun/2022:21:13:38 +0000] "GET /node/89?ak_action=reject_mobile HTTP/1.1" 301 178 "https://mrchoke.org/node/89?ak_action=accept_mobile" "Mozilla/5.0 (Linux; Android 7.0;) AppleWebKit/537.36 (KHTML, like Gecko) Mobile Safari/537.36 (compatible; PetalBot;+https://webmaster.petalsearch.com/site/petalbot)"
40.77.167.46 - - [22/Jun/2022:21:13:43 +0000] "GET / HTTP/1.1" 200 396 "-" "Mozilla/5.0 (compatible; bingbot/2.0; +http://www.bing.com/bingbot.htm)"
207.46.13.174 - - [22/Jun/2022:21:14:55 +0000] "GET / HTTP/2.0" 200 15995 "-" "Mozilla/5.0 (compatible; bingbot/2.0; +http://www.bing.com/bingbot.htm)"
114.119.147.75 - - [22/Jun/2022:21:15:25 +0000] "GET /node/437?share=facebook HTTP/1.1" 302 154 "https://mrchoke.org/node/437?ak_action=accept_mobile" "Mozilla/5.0 (Linux; Android 7.0;) AppleWebKit/537.36 (KHTML, like Gecko) Mobile Safari/537.36 (compatible; PetalBot;+https://webmaster.petalsearch.com/site/petalbot)"
95.163.255.15 - - [22/Jun/2022:21:15:31 +0000] "GET /robots.txt HTTP/1.0" 404 162 "-" "Mozilla/5.0 (compatible; Linux x86_64; Mail.RU_Bot/2.0; +https://help.mail.ru/webmaster/indexing/robots)"
114.119.147.75 - - [22/Jun/2022:21:15:32 +0000] "GET /node/437?share=facebook HTTP/1.1" 301 178 "https://mrchoke.org/node/437?ak_action=accept_mobile" "Mozilla/5.0 (Linux; Android 7.0;) AppleWebKit/537.36 (KHTML, like Gecko) Mobile Safari/537.36 (compatible; PetalBot;+https://webmaster.petalsearch.com/site/petalbot)"
95.163.255.15 - - [22/Jun/2022:21:15:34 +0000] "GET / HTTP/1.1" 304 0 "-" "Mozilla/5.0 (compatible; Linux x86_64; Mail.RU_Bot/2.0; +https://help.mail.ru/webmaster/indexing/robots)"
114.119.147.75 - - [22/Jun/2022:21:15:37 +0000] "GET /node/437/?share=facebook HTTP/1.1" 200 8464 "https://mrchoke.org/node/437?ak_action=accept_mobile" "Mozilla/5.0 (Linux; Android 7.0;) AppleWebKit/537.36 (KHTML, like Gecko) Mobile Safari/537.36 (compatible; PetalBot;+https://webmaster.petalsearch.com/site/petalbot)"
192.241.220.166 - - [22/Jun/2022:21:16:54 +0000] "MGLNDD_188.166.238.131_80" 400 166 "-" "-"
114.119.147.73 - - [22/Jun/2022:21:17:47 +0000] "GET /node/790/img_6152 HTTP/1.1" 301 178 "https://mrchoke.org/node/790/img_6151?share=twitter" "Mozilla/5.0 (Linux; Android 7.0;) AppleWebKit/537.36 (KHTML, like Gecko) Mobile Safari/537.36 (compatible; PetalBot;+https://webmaster.petalsearch.com/site/petalbot)"
114.119.147.73 - - [22/Jun/2022:21:17:53 +0000] "GET /node/790/img_6152/ HTTP/1.1" 200 7922 "https://mrchoke.org/node/790/img_6151?share=twitter" "Mozilla/5.0 (Linux; Android 7.0;) AppleWebKit/537.36 (KHTML, like Gecko) Mobile Safari/537.36 (compatible; PetalBot;+https://webmaster.petalsearch.com/site/petalbot)"
114.119.147.81 - - [22/Jun/2022:21:20:31 +0000] "GET /node/1862/ch7_6455?share=facebook HTTP/1.1" 302 154 "https://mrchoke.org/node/1862/ch7_6455?ak_action=accept_mobile" "Mozilla/5.0 (Linux; Android 7.0;) AppleWebKit/537.36 (KHTML, like Gecko) Mobile Safari/537.36 (compatible; PetalBot;+https://webmaster.petalsearch.com/site/petalbot)"
114.119.147.81 - - [22/Jun/2022:21:20:37 +0000] "GET /node/1862/ch7_6455?share=facebook HTTP/1.1" 301 178 "https://mrchoke.org/node/1862/ch7_6455?ak_action=accept_mobile" "Mozilla/5.0 (Linux; Android 7.0;) AppleWebKit/537.36 (KHTML, like Gecko) Mobile Safari/537.36 (compatible; PetalBot;+https://webmaster.petalsearch.com/site/petalbot)"
114.119.147.81 - - [22/Jun/2022:21:20:45 +0000] "GET /node/1862/ch7_6455/?share=facebook HTTP/1.1" 200 7897 "https://mrchoke.org/node/1862/ch7_6455?ak_action=accept_mobile" "Mozilla/5.0 (Linux; Android 7.0;) AppleWebKit/537.36 (KHTML, like Gecko) Mobile Safari/537.36 (compatible; PetalBot;+https://webmaster.petalsearch.com/site/petalbot)"
114.119.147.74 - - [22/Jun/2022:21:22:58 +0000] "GET /node/507?share=reddit HTTP/1.1" 302 154 "https://mrchoke.org/node/507?replytocom=608&ak_action=reject_mobile" "Mozilla/5.0 (Linux; Android 7.0;) AppleWebKit/537.36 (KHTML, like Gecko) Mobile Safari/537.36 (compatible; PetalBot;+https://webmaster.petalsearch.com/site/petalbot)"
114.119.147.74 - - [22/Jun/2022:21:23:04 +0000] "GET /node/507?share=reddit HTTP/1.1" 301 178 "https://mrchoke.org/node/507?replytocom=608&ak_action=reject_mobile" "Mozilla/5.0 (Linux; Android 7.0;) AppleWebKit/537.36 (KHTML, like Gecko) Mobile Safari/537.36 (compatible; PetalBot;+https://webmaster.petalsearch.com/site/petalbot)"
114.119.147.74 - - [22/Jun/2022:21:23:08 +0000] "GET /node/507/?share=reddit HTTP/1.1" 200 9588 "https://mrchoke.org/node/507?replytocom=608&ak_action=reject_mobile" "Mozilla/5.0 (Linux; Android 7.0;) AppleWebKit/537.36 (KHTML, like Gecko) Mobile Safari/537.36 (compatible; PetalBot;+https://webmaster.petalsearch.com/site/petalbot)"
87.250.224.4 - - [22/Jun/2022:21:24:12 +0000] "GET /node/250/ HTTP/1.1" 200 12854 "-" "Mozilla/5.0 (compatible; YandexBot/3.0; +http://yandex.com/bots)"
114.119.147.87 - - [22/Jun/2022:21:25:23 +0000] "GET /node/790/img_6165?share=facebook HTTP/1.1" 302 154 "https://mrchoke.org/node/790/img_6165" "Mozilla/5.0 (Linux; Android 7.0;) AppleWebKit/537.36 (KHTML, like Gecko) Mobile Safari/537.36 (compatible; PetalBot;+https://webmaster.petalsearch.com/site/petalbot)"
185.7.214.104 - - [22/Jun/2022:21:25:26 +0000] "GET /vendor/phpunit/phpunit/src/Util/PHP/eval-stdin.php HTTP/1.1" 404 197 "-" "Mozilla/5.0 (Windows NT 10.0; Win64; x64) AppleWebKit/537.36 (KHTML, like Gecko) Chrome/78.0.3904.108 Safari/537.36"
114.119.147.87 - - [22/Jun/2022:21:25:27 +0000] "GET /node/790/img_6165?share=facebook HTTP/1.1" 301 178 "https://mrchoke.org/node/790/img_6165" "Mozilla/5.0 (Linux; Android 7.0;) AppleWebKit/537.36 (KHTML, like Gecko) Mobile Safari/537.36 (compatible; PetalBot;+https://webmaster.petalsearch.com/site/petalbot)"
114.119.147.87 - - [22/Jun/2022:21:25:33 +0000] "GET /node/790/img_6165/?share=facebook HTTP/1.1" 200 7900 "https://mrchoke.org/node/790/img_6165" "Mozilla/5.0 (Linux; Android 7.0;) AppleWebKit/537.36 (KHTML, like Gecko) Mobile Safari/537.36 (compatible; PetalBot;+https://webmaster.petalsearch.com/site/petalbot)"
216.244.66.229 - - [22/Jun/2022:21:26:33 +0000] "GET /robots.txt HTTP/1.1" 404 162 "-" "Mozilla/5.0 (compatible; DotBot/1.2; +https://opensiteexplorer.org/dotbot; help@moz.com)"
216.244.66.229 - - [22/Jun/2022:21:26:33 +0000] "GET /robots.txt HTTP/1.1" 404 162 "-" "Mozilla/5.0 (compatible; DotBot/1.2; +https://opensiteexplorer.org/dotbot; help@moz.com)"
114.119.147.73 - - [22/Jun/2022:21:27:46 +0000] "GET /node/date/2008/11/22 HTTP/1.1" 301 178 "https://mrchoke.org/node/219?share=reddit" "Mozilla/5.0 (Linux; Android 7.0;) AppleWebKit/537.36 (KHTML, like Gecko) Mobile Safari/537.36 (compatible; PetalBot;+https://webmaster.petalsearch.com/site/petalbot)"
114.119.147.73 - - [22/Jun/2022:21:27:47 +0000] "GET /node/date/2008/11/22/ HTTP/1.1" 200 7994 "https://mrchoke.org/node/219?share=reddit" "Mozilla/5.0 (Linux; Android 7.0;) AppleWebKit/537.36 (KHTML, like Gecko) Mobile Safari/537.36 (compatible; PetalBot;+https://webmaster.petalsearch.com/site/petalbot)"
66.249.71.25 - - [22/Jun/2022:21:28:21 +0000] "GET /node/1140/img_6652 HTTP/1.1" 301 178 "-" "Mozilla/5.0 (Linux; Android 6.0.1; Nexus 5X Build/MMB29P) AppleWebKit/537.36 (KHTML, like Gecko) Chrome/102.0.5005.115 Mobile Safari/537.36 (compatible; Googlebot/2.1; +http://www.google.com/bot.html)"
66.249.79.245 - - [22/Jun/2022:21:28:23 +0000] "GET /node/1140/img_6652/ HTTP/1.1" 200 7874 "-" "Mozilla/5.0 (Linux; Android 6.0.1; Nexus 5X Build/MMB29P) AppleWebKit/537.36 (KHTML, like Gecko) Chrome/102.0.5005.115 Mobile Safari/537.36 (compatible; Googlebot/2.1; +http://www.google.com/bot.html)"
216.244.66.229 - - [22/Jun/2022:21:28:46 +0000] "GET /node/1228/feed HTTP/1.1" 404 162 "-" "Mozilla/5.0 (compatible; DotBot/1.2; +https://opensiteexplorer.org/dotbot; help@moz.com)"
216.244.66.229 - - [22/Jun/2022:21:28:51 +0000] "GET /node/188/feed HTTP/1.1" 404 162 "-" "Mozilla/5.0 (compatible; DotBot/1.2; +https://opensiteexplorer.org/dotbot; help@moz.com)"
216.244.66.229 - - [22/Jun/2022:21:29:05 +0000] "GET /node/939/img_6364/feed HTTP/1.1" 404 162 "-" "Mozilla/5.0 (compatible; DotBot/1.2; +https://opensiteexplorer.org/dotbot; help@moz.com)"
216.244.66.229 - - [22/Jun/2022:21:29:27 +0000] "GET /node/1558/feed HTTP/1.1" 404 162 "-" "Mozilla/5.0 (compatible; DotBot/1.2; +https://opensiteexplorer.org/dotbot; help@moz.com)"
216.244.66.229 - - [22/Jun/2022:21:29:35 +0000] "GET /node/1120/img_6621 HTTP/1.1" 404 162 "-" "Mozilla/5.0 (compatible; DotBot/1.2; +https://opensiteexplorer.org/dotbot; help@moz.com)"
216.244.66.229 - - [22/Jun/2022:21:29:39 +0000] "GET /node/1164/img_6666 HTTP/1.1" 404 162 "-" "Mozilla/5.0 (compatible; DotBot/1.2; +https://opensiteexplorer.org/dotbot; help@moz.com)"
216.244.66.229 - - [22/Jun/2022:21:29:43 +0000] "GET /wp-content/uploads/2014/01/IMG_6091.jpg HTTP/1.1" 404 162 "-" "Mozilla/5.0 (compatible; DotBot/1.2; +https://opensiteexplorer.org/dotbot; help@moz.com)"
216.244.66.229 - - [22/Jun/2022:21:29:45 +0000] "GET /wp-content/uploads/2014/01/IMG_6382.jpg HTTP/1.1" 404 162 "-" "Mozilla/5.0 (compatible; DotBot/1.2; +https://opensiteexplorer.org/dotbot; help@moz.com)"
216.244.66.229 - - [22/Jun/2022:21:29:47 +0000] "GET /feed/?attachment_id=1513 HTTP/1.1" 404 162 "-" "Mozilla/5.0 (compatible; DotBot/1.2; +https://opensiteexplorer.org/dotbot; help@moz.com)"
114.119.147.81 - - [22/Jun/2022:21:30:01 +0000] "GET /node/date/2007/03/26 HTTP/1.1" 302 154 "https://mrchoke.org/node/179?ak_action=reject_mobile" "Mozilla/5.0 (Linux; Android 7.0;) AppleWebKit/537.36 (KHTML, like Gecko) Mobile Safari/537.36 (compatible; PetalBot;+https://webmaster.petalsearch.com/site/petalbot)"
114.119.147.81 - - [22/Jun/2022:21:30:03 +0000] "GET /node/date/2007/03/26 HTTP/1.1" 301 178 "https://mrchoke.org/node/179?ak_action=reject_mobile" "Mozilla/5.0 (Linux; Android 7.0;) AppleWebKit/537.36 (KHTML, like Gecko) Mobile Safari/537.36 (compatible; PetalBot;+https://webmaster.petalsearch.com/site/petalbot)"
114.119.147.81 - - [22/Jun/2022:21:30:04 +0000] "GET /node/date/2007/03/26/ HTTP/1.1" 200 10056 "https://mrchoke.org/node/179?ak_action=reject_mobile" "Mozilla/5.0 (Linux; Android 7.0;) AppleWebKit/537.36 (KHTML, like Gecko) Mobile Safari/537.36 (compatible; PetalBot;+https://webmaster.petalsearch.com/site/petalbot)"
114.119.147.74 - - [22/Jun/2022:21:32:07 +0000] "GET /node/790/img_6156?share=reddit HTTP/1.1" 302 154 "https://mrchoke.org/node/790/img_6156?ak_action=accept_mobile" "Mozilla/5.0 (Linux; Android 7.0;) AppleWebKit/537.36 (KHTML, like Gecko) Mobile Safari/537.36 (compatible; PetalBot;+https://webmaster.petalsearch.com/site/petalbot)"
114.119.147.74 - - [22/Jun/2022:21:32:16 +0000] "GET /node/790/img_6156?share=reddit HTTP/1.1" 301 178 "https://mrchoke.org/node/790/img_6156?ak_action=accept_mobile" "Mozilla/5.0 (Linux; Android 7.0;) AppleWebKit/537.36 (KHTML, like Gecko) Mobile Safari/537.36 (compatible; PetalBot;+https://webmaster.petalsearch.com/site/petalbot)"
114.119.147.74 - - [22/Jun/2022:21:32:18 +0000] "GET /node/790/img_6156/?share=reddit HTTP/1.1" 200 7877 "https://mrchoke.org/node/790/img_6156?ak_action=accept_mobile" "Mozilla/5.0 (Linux; Android 7.0;) AppleWebKit/537.36 (KHTML, like Gecko) Mobile Safari/537.36 (compatible; PetalBot;+https://webmaster.petalsearch.com/site/petalbot)"
216.244.66.229 - - [22/Jun/2022:21:32:18 +0000] "GET /wp-content/uploads/2014/01/IMG_6974.jpg HTTP/1.1" 404 162 "-" "Mozilla/5.0 (compatible; DotBot/1.2; +https://opensiteexplorer.org/dotbot; help@moz.com)"
87.250.224.154 - - [22/Jun/2022:21:32:23 +0000] "GET /robots.txt HTTP/1.1" 404 162 "-" "Mozilla/5.0 (compatible; YandexBot/3.0; +http://yandex.com/bots)"
87.250.224.3 - - [22/Jun/2022:21:32:26 +0000] "GET /node/author/mrchoke/feed HTTP/1.1" 302 154 "-" "Mozilla/5.0 (compatible; YandexBot/3.0; +http://yandex.com/bots)"
87.250.224.3 - - [22/Jun/2022:21:32:27 +0000] "GET /node/author/mrchoke/feed HTTP/1.1" 404 134 "-" "Mozilla/5.0 (compatible; YandexBot/3.0; +http://yandex.com/bots)"
114.119.147.86 - - [22/Jun/2022:21:34:24 +0000] "GET /node/1255 HTTP/1.1" 302 154 "https://mrchoke.org/node/1255/img_6812?share=linkedin" "Mozilla/5.0 (Linux; Android 7.0;) AppleWebKit/537.36 (KHTML, like Gecko) Mobile Safari/537.36 (compatible; PetalBot;+https://webmaster.petalsearch.com/site/petalbot)"
114.119.147.86 - - [22/Jun/2022:21:34:27 +0000] "GET /node/1255 HTTP/1.1" 301 178 "https://mrchoke.org/node/1255/img_6812?share=linkedin" "Mozilla/5.0 (Linux; Android 7.0;) AppleWebKit/537.36 (KHTML, like Gecko) Mobile Safari/537.36 (compatible; PetalBot;+https://webmaster.petalsearch.com/site/petalbot)"
114.119.147.86 - - [22/Jun/2022:21:34:28 +0000] "GET /node/1255/ HTTP/1.1" 200 12313 "https://mrchoke.org/node/1255/img_6812?share=linkedin" "Mozilla/5.0 (Linux; Android 7.0;) AppleWebKit/537.36 (KHTML, like Gecko) Mobile Safari/537.36 (compatible; PetalBot;+https://webmaster.petalsearch.com/site/petalbot)"
114.119.147.74 - - [22/Jun/2022:21:36:41 +0000] "GET /node/1835?share=facebook HTTP/1.1" 302 154 "https://mrchoke.org/node/1835?ak_action=accept_mobile" "Mozilla/5.0 (Linux; Android 7.0;) AppleWebKit/537.36 (KHTML, like Gecko) Mobile Safari/537.36 (compatible; PetalBot;+https://webmaster.petalsearch.com/site/petalbot)"
114.119.147.74 - - [22/Jun/2022:21:36:49 +0000] "GET /node/1835?share=facebook HTTP/1.1" 301 178 "https://mrchoke.org/node/1835?ak_action=accept_mobile" "Mozilla/5.0 (Linux; Android 7.0;) AppleWebKit/537.36 (KHTML, like Gecko) Mobile Safari/537.36 (compatible; PetalBot;+https://webmaster.petalsearch.com/site/petalbot)"
114.119.147.74 - - [22/Jun/2022:21:36:55 +0000] "GET /node/1835/?share=facebook HTTP/1.1" 200 8286 "https://mrchoke.org/node/1835?ak_action=accept_mobile" "Mozilla/5.0 (Linux; Android 7.0;) AppleWebKit/537.36 (KHTML, like Gecko) Mobile Safari/537.36 (compatible; PetalBot;+https://webmaster.petalsearch.com/site/petalbot)"
45.61.188.95 - - [22/Jun/2022:21:38:09 +0000] "GET / HTTP/1.1" 200 612 "-" "Mozilla/5.0 (X11; Ubuntu; Linux x86_64; rv:97.0) Gecko/20100101 Firefox/97.0"
216.244.66.229 - - [22/Jun/2022:21:38:33 +0000] "GET /node/218/?share=google-plus-1 HTTP/1.1" 404 162 "-" "Mozilla/5.0 (compatible; DotBot/1.2; +https://opensiteexplorer.org/dotbot; help@moz.com)"
114.119.147.74 - - [22/Jun/2022:21:38:53 +0000] "GET /node/926/img_6359?share=facebook HTTP/1.1" 302 154 "https://mrchoke.org/node/926/img_6359" "Mozilla/5.0 (Linux; Android 7.0;) AppleWebKit/537.36 (KHTML, like Gecko) Mobile Safari/537.36 (compatible; PetalBot;+https://webmaster.petalsearch.com/site/petalbot)"
114.119.147.74 - - [22/Jun/2022:21:38:54 +0000] "GET /node/926/img_6359?share=facebook HTTP/1.1" 301 178 "https://mrchoke.org/node/926/img_6359" "Mozilla/5.0 (Linux; Android 7.0;) AppleWebKit/537.36 (KHTML, like Gecko) Mobile Safari/537.36 (compatible; PetalBot;+https://webmaster.petalsearch.com/site/petalbot)"
114.119.147.74 - - [22/Jun/2022:21:38:54 +0000] "GET /node/926/img_6359/?share=facebook HTTP/1.1" 200 7892 "https://mrchoke.org/node/926/img_6359" "Mozilla/5.0 (Linux; Android 7.0;) AppleWebKit/537.36 (KHTML, like Gecko) Mobile Safari/537.36 (compatible; PetalBot;+https://webmaster.petalsearch.com/site/petalbot)"
35.197.62.248 - - [22/Jun/2022:21:40:28 +0000] "GET /old-index.php?daksldlkdsadas=1 HTTP/1.1" 404 564 "mrchoke.org" "Mozilla/5.0 (Windows NT 6.1; WOW64) AppleWebKit/537.36 (KHTML, like Gecko) Chrome/50.0.2661.75 Safari/537.36"
35.197.62.248 - - [22/Jun/2022:21:41:00 +0000] "GET /wp-load.php?daksldlkdsadas=1 HTTP/1.1" 404 564 "mrchoke.org" "Mozilla/5.0 (Windows NT 6.1; WOW64) AppleWebKit/537.36 (KHTML, like Gecko) Chrome/50.0.2661.75 Safari/537.36"
114.119.147.87 - - [22/Jun/2022:21:41:38 +0000] "GET /img_6556 HTTP/1.1" 301 178 "https://mrchoke.org/node/1015?share=facebook" "Mozilla/5.0 (Linux; Android 7.0;) AppleWebKit/537.36 (KHTML, like Gecko) Mobile Safari/537.36 (compatible; PetalBot;+https://webmaster.petalsearch.com/site/petalbot)"
114.119.147.87 - - [22/Jun/2022:21:41:38 +0000] "GET /img_6556/ HTTP/1.1" 200 7922 "https://mrchoke.org/node/1015?share=facebook" "Mozilla/5.0 (Linux; Android 7.0;) AppleWebKit/537.36 (KHTML, like Gecko) Mobile Safari/537.36 (compatible; PetalBot;+https://webmaster.petalsearch.com/site/petalbot)"
216.244.66.229 - - [22/Jun/2022:21:42:23 +0000] "GET /node/19 HTTP/1.1" 404 162 "-" "Mozilla/5.0 (compatible; DotBot/1.2; +https://opensiteexplorer.org/dotbot; help@moz.com)"
114.119.155.103 - - [22/Jun/2022:21:42:53 +0000] "GET /robots.txt HTTP/1.1" 301 178 "-" "Mozilla/5.0 (compatible;PetalBot;+https://webmaster.petalsearch.com/site/petalbot)"
114.119.155.103 - - [22/Jun/2022:21:43:00 +0000] "GET /robots.txt HTTP/1.1" 404 134 "-" "Mozilla/5.0 (compatible;PetalBot;+https://webmaster.petalsearch.com/site/petalbot)"
114.119.147.97 - - [22/Jun/2022:21:44:44 +0000] "GET /node/date/2006/10 HTTP/1.1" 301 178 "https://static.mrchoke.org/ch7_3357" "Mozilla/5.0 (Linux; Android 7.0;) AppleWebKit/537.36 (KHTML, like Gecko) Mobile Safari/537.36 (compatible; PetalBot;+https://webmaster.petalsearch.com/site/petalbot)"
114.119.147.97 - - [22/Jun/2022:21:44:47 +0000] "GET /node/date/2006/10/ HTTP/1.1" 200 13885 "https://static.mrchoke.org/ch7_3357" "Mozilla/5.0 (Linux; Android 7.0;) AppleWebKit/537.36 (KHTML, like Gecko) Mobile Safari/537.36 (compatible; PetalBot;+https://webmaster.petalsearch.com/site/petalbot)"
181.214.218.69 - - [22/Jun/2022:21:45:13 +0000] "GET / HTTP/1.1" 301 178 "-" "Mozilla/5.0 (Windows NT 6.2; WOW64) AppleWebKit/537.36 (KHTML, like Gecko) Chrome/27.0.1453.93 Safari/537.36"
181.214.218.69 - - [22/Jun/2022:21:45:22 +0000] "GET / HTTP/1.1" 200 920 "-" "Mozilla/5.0 (Windows NT 6.2; WOW64) AppleWebKit/537.36 (KHTML, like Gecko) Chrome/27.0.1453.93 Safari/537.36"
114.119.147.86 - - [22/Jun/2022:21:48:03 +0000] "GET /node/939?ak_action=accept_mobile HTTP/1.1" 302 154 "https://mrchoke.org/node/939?ak_action=reject_mobile" "Mozilla/5.0 (Linux; Android 7.0;) AppleWebKit/537.36 (KHTML, like Gecko) Mobile Safari/537.36 (compatible; PetalBot;+https://webmaster.petalsearch.com/site/petalbot)"
114.119.147.86 - - [22/Jun/2022:21:48:05 +0000] "GET /node/939?ak_action=accept_mobile HTTP/1.1" 301 178 "https://mrchoke.org/node/939?ak_action=reject_mobile" "Mozilla/5.0 (Linux; Android 7.0;) AppleWebKit/537.36 (KHTML, like Gecko) Mobile Safari/537.36 (compatible; PetalBot;+https://webmaster.petalsearch.com/site/petalbot)"
114.119.147.86 - - [22/Jun/2022:21:48:09 +0000] "GET /node/939/?ak_action=accept_mobile HTTP/1.1" 200 11162 "https://mrchoke.org/node/939?ak_action=reject_mobile" "Mozilla/5.0 (Linux; Android 7.0;) AppleWebKit/537.36 (KHTML, like Gecko) Mobile Safari/537.36 (compatible; PetalBot;+https://webmaster.petalsearch.com/site/petalbot)"
51.222.253.4 - - [22/Jun/2022:21:50:03 +0000] "GET /node/date/2007/01/19/ HTTP/2.0" 200 8499 "-" "Mozilla/5.0 (compatible; AhrefsBot/7.0; +http://ahrefs.com/robot/)"
114.119.147.73 - - [22/Jun/2022:21:51:04 +0000] "GET /node/790/img_6165?share=twitter HTTP/1.1" 302 154 "https://mrchoke.org/node/790/img_6165?ak_action=accept_mobile" "Mozilla/5.0 (Linux; Android 7.0;) AppleWebKit/537.36 (KHTML, like Gecko) Mobile Safari/537.36 (compatible; PetalBot;+https://webmaster.petalsearch.com/site/petalbot)"
114.119.147.73 - - [22/Jun/2022:21:51:08 +0000] "GET /node/790/img_6165?share=twitter HTTP/1.1" 301 178 "https://mrchoke.org/node/790/img_6165?ak_action=accept_mobile" "Mozilla/5.0 (Linux; Android 7.0;) AppleWebKit/537.36 (KHTML, like Gecko) Mobile Safari/537.36 (compatible; PetalBot;+https://webmaster.petalsearch.com/site/petalbot)"
114.119.147.73 - - [22/Jun/2022:21:51:11 +0000] "GET /node/790/img_6165/?share=twitter HTTP/1.1" 200 7900 "https://mrchoke.org/node/790/img_6165?ak_action=accept_mobile" "Mozilla/5.0 (Linux; Android 7.0;) AppleWebKit/537.36 (KHTML, like Gecko) Mobile Safari/537.36 (compatible; PetalBot;+https://webmaster.petalsearch.com/site/petalbot)"
185.191.171.5 - - [22/Jun/2022:21:53:32 +0000] "GET /robots.txt HTTP/1.1" 404 134 "-" "Mozilla/5.0 (compatible; SemrushBot/7~bl; +http://www.semrush.com/bot.html)"
185.191.171.26 - - [22/Jun/2022:21:53:33 +0000] "GET /showcases/suse/ HTTP/1.1" 404 134 "-" "Mozilla/5.0 (compatible; SemrushBot/7~bl; +http://www.semrush.com/bot.html)"
185.191.171.5 - - [22/Jun/2022:21:54:00 +0000] "GET /img_6939 HTTP/1.1" 301 178 "-" "Mozilla/5.0 (compatible; SemrushBot/7~bl; +http://www.semrush.com/bot.html)"
185.191.171.3 - - [22/Jun/2022:21:54:03 +0000] "GET /img_6939/ HTTP/1.1" 200 7930 "-" "Mozilla/5.0 (compatible; SemrushBot/7~bl; +http://www.semrush.com/bot.html)"
114.119.147.73 - - [22/Jun/2022:21:54:03 +0000] "GET /node/38?share=linkedin HTTP/1.1" 302 154 "https://mrchoke.org/node/38" "Mozilla/5.0 (Linux; Android 7.0;) AppleWebKit/537.36 (KHTML, like Gecko) Mobile Safari/537.36 (compatible; PetalBot;+https://webmaster.petalsearch.com/site/petalbot)"
114.119.147.73 - - [22/Jun/2022:21:54:03 +0000] "GET /node/38?share=linkedin HTTP/1.1" 301 178 "https://mrchoke.org/node/38" "Mozilla/5.0 (Linux; Android 7.0;) AppleWebKit/537.36 (KHTML, like Gecko) Mobile Safari/537.36 (compatible; PetalBot;+https://webmaster.petalsearch.com/site/petalbot)"
114.119.147.73 - - [22/Jun/2022:21:54:03 +0000] "GET /node/38/?share=linkedin HTTP/1.1" 200 8701 "https://mrchoke.org/node/38" "Mozilla/5.0 (Linux; Android 7.0;) AppleWebKit/537.36 (KHTML, like Gecko) Mobile Safari/537.36 (compatible; PetalBot;+https://webmaster.petalsearch.com/site/petalbot)"
74.125.210.175 - - [22/Jun/2022:21:56:10 +0000] "GET /feed HTTP/1.1" 404 134 "-" "FeedFetcher-Google; (+http://www.google.com/feedfetcher.html)"
185.191.171.6 - - [22/Jun/2022:21:56:16 +0000] "GET /ch7_6084 HTTP/1.1" 301 178 "-" "Mozilla/5.0 (compatible; SemrushBot/7~bl; +http://www.semrush.com/bot.html)"
185.191.171.14 - - [22/Jun/2022:21:56:19 +0000] "GET /ch7_6084/ HTTP/1.1" 200 7882 "-" "Mozilla/5.0 (compatible; SemrushBot/7~bl; +http://www.semrush.com/bot.html)"
114.119.147.87 - - [22/Jun/2022:21:57:13 +0000] "GET /node/1607/img_7582 HTTP/1.1" 301 178 "https://mrchoke.org/page/5" "Mozilla/5.0 (Linux; Android 7.0;) AppleWebKit/537.36 (KHTML, like Gecko) Mobile Safari/537.36 (compatible; PetalBot;+https://webmaster.petalsearch.com/site/petalbot)"
114.119.147.87 - - [22/Jun/2022:21:57:13 +0000] "GET /node/1607/img_7582/ HTTP/1.1" 200 7906 "https://mrchoke.org/page/5" "Mozilla/5.0 (Linux; Android 7.0;) AppleWebKit/537.36 (KHTML, like Gecko) Mobile Safari/537.36 (compatible; PetalBot;+https://webmaster.petalsearch.com/site/petalbot)"
114.119.147.74 - - [22/Jun/2022:22:00:06 +0000] "GET /node/151 HTTP/1.1" 302 154 "https://mrchoke.org/node/date/2007/02" "Mozilla/5.0 (Linux; Android 7.0;) AppleWebKit/537.36 (KHTML, like Gecko) Mobile Safari/537.36 (compatible; PetalBot;+https://webmaster.petalsearch.com/site/petalbot)"
114.119.147.74 - - [22/Jun/2022:22:00:09 +0000] "GET /node/151 HTTP/1.1" 301 178 "https://mrchoke.org/node/date/2007/02" "Mozilla/5.0 (Linux; Android 7.0;) AppleWebKit/537.36 (KHTML, like Gecko) Mobile Safari/537.36 (compatible; PetalBot;+https://webmaster.petalsearch.com/site/petalbot)"
114.119.147.74 - - [22/Jun/2022:22:00:10 +0000] "GET /node/151/ HTTP/1.1" 200 7976 "https://mrchoke.org/node/date/2007/02" "Mozilla/5.0 (Linux; Android 7.0;) AppleWebKit/537.36 (KHTML, like Gecko) Mobile Safari/537.36 (compatible; PetalBot;+https://webmaster.petalsearch.com/site/petalbot)"
185.191.171.16 - - [22/Jun/2022:22:01:31 +0000] "GET /robots.txt HTTP/1.1" 404 134 "-" "Mozilla/5.0 (compatible; SemrushBot/7~bl; +http://www.semrush.com/bot.html)"
185.191.171.40 - - [22/Jun/2022:22:01:32 +0000] "GET /node/category/ipad HTTP/1.1" 301 178 "-" "Mozilla/5.0 (compatible; SemrushBot/7~bl; +http://www.semrush.com/bot.html)"
185.191.171.3 - - [22/Jun/2022:22:01:35 +0000] "GET /node/category/ipad/ HTTP/1.1" 200 14030 "-" "Mozilla/5.0 (compatible; SemrushBot/7~bl; +http://www.semrush.com/bot.html)"
114.119.147.87 - - [22/Jun/2022:22:03:06 +0000] "GET /node/459?share=facebook HTTP/1.1" 302 154 "https://mrchoke.org/node/459?replytocom=561&ak_action=accept_mobile" "Mozilla/5.0 (Linux; Android 7.0;) AppleWebKit/537.36 (KHTML, like Gecko) Mobile Safari/537.36 (compatible; PetalBot;+https://webmaster.petalsearch.com/site/petalbot)"
114.119.147.87 - - [22/Jun/2022:22:03:11 +0000] "GET /node/459?share=facebook HTTP/1.1" 301 178 "https://mrchoke.org/node/459?replytocom=561&ak_action=accept_mobile" "Mozilla/5.0 (Linux; Android 7.0;) AppleWebKit/537.36 (KHTML, like Gecko) Mobile Safari/537.36 (compatible; PetalBot;+https://webmaster.petalsearch.com/site/petalbot)"
66.249.71.31 - - [22/Jun/2022:22:03:14 +0000] "GET /node/category/domain/page/19/ HTTP/1.1" 200 8488 "-" "Mozilla/5.0 (Linux; Android 6.0.1; Nexus 5X Build/MMB29P) AppleWebKit/537.36 (KHTML, like Gecko) Chrome/102.0.5005.115 Mobile Safari/537.36 (compatible; Googlebot/2.1; +http://www.google.com/bot.html)"
114.119.147.87 - - [22/Jun/2022:22:03:15 +0000] "GET /node/459/?share=facebook HTTP/1.1" 200 10503 "https://mrchoke.org/node/459?replytocom=561&ak_action=accept_mobile" "Mozilla/5.0 (Linux; Android 7.0;) AppleWebKit/537.36 (KHTML, like Gecko) Mobile Safari/537.36 (compatible; PetalBot;+https://webmaster.petalsearch.com/site/petalbot)"
114.119.147.74 - - [22/Jun/2022:22:05:54 +0000] "GET /page/41?cat=-1 HTTP/1.1" 302 154 "https://mrchoke.org/page/42?cat=-1" "Mozilla/5.0 (Linux; Android 7.0;) AppleWebKit/537.36 (KHTML, like Gecko) Mobile Safari/537.36 (compatible; PetalBot;+https://webmaster.petalsearch.com/site/petalbot)"
114.119.147.74 - - [22/Jun/2022:22:05:55 +0000] "GET /page/41?cat=-1 HTTP/1.1" 404 134 "https://mrchoke.org/page/42?cat=-1" "Mozilla/5.0 (Linux; Android 7.0;) AppleWebKit/537.36 (KHTML, like Gecko) Mobile Safari/537.36 (compatible; PetalBot;+https://webmaster.petalsearch.com/site/petalbot)"
185.191.171.24 - - [22/Jun/2022:22:07:39 +0000] "GET /img_7042 HTTP/1.1" 301 178 "-" "Mozilla/5.0 (compatible; SemrushBot/7~bl; +http://www.semrush.com/bot.html)"
185.191.171.34 - - [22/Jun/2022:22:07:41 +0000] "GET /img_7042/ HTTP/1.1" 200 7880 "-" "Mozilla/5.0 (compatible; SemrushBot/7~bl; +http://www.semrush.com/bot.html)"
51.222.253.12 - - [22/Jun/2022:22:08:11 +0000] "GET /node/234 HTTP/2.0" 301 178 "-" "Mozilla/5.0 (compatible; AhrefsBot/7.0; +http://ahrefs.com/robot/)"
185.7.214.104 - - [22/Jun/2022:22:08:32 +0000] "GET /solr/admin/info/system?wt=json HTTP/1.1" 404 197 "-" "Mozilla/5.0 (Windows NT 10.0; Win64; x64) AppleWebKit/537.36 (KHTML, like Gecko) Chrome/78.0.3904.108 Safari/537.36"
114.119.147.73 - - [22/Jun/2022:22:08:54 +0000] "GET /node/1255/img_6812?share=facebook HTTP/1.1" 302 154 "https://mrchoke.org/node/1255/img_6812?ak_action=accept_mobile" "Mozilla/5.0 (Linux; Android 7.0;) AppleWebKit/537.36 (KHTML, like Gecko) Mobile Safari/537.36 (compatible; PetalBot;+https://webmaster.petalsearch.com/site/petalbot)"
114.119.147.73 - - [22/Jun/2022:22:08:54 +0000] "GET /node/1255/img_6812?share=facebook HTTP/1.1" 301 178 "https://mrchoke.org/node/1255/img_6812?ak_action=accept_mobile" "Mozilla/5.0 (Linux; Android 7.0;) AppleWebKit/537.36 (KHTML, like Gecko) Mobile Safari/537.36 (compatible; PetalBot;+https://webmaster.petalsearch.com/site/petalbot)"
114.119.147.73 - - [22/Jun/2022:22:08:56 +0000] "GET /node/1255/img_6812/?share=facebook HTTP/1.1" 200 7930 "https://mrchoke.org/node/1255/img_6812?ak_action=accept_mobile" "Mozilla/5.0 (Linux; Android 7.0;) AppleWebKit/537.36 (KHTML, like Gecko) Mobile Safari/537.36 (compatible; PetalBot;+https://webmaster.petalsearch.com/site/petalbot)"
54.36.149.12 - - [22/Jun/2022:22:10:07 +0000] "GET /robots.txt HTTP/2.0" 301 178 "-" "Mozilla/5.0 (compatible; AhrefsBot/7.0; +http://ahrefs.com/robot/)"
54.36.149.12 - - [22/Jun/2022:22:10:08 +0000] "GET /robots.txt HTTP/2.0" 404 123 "-" "Mozilla/5.0 (compatible; AhrefsBot/7.0; +http://ahrefs.com/robot/)"
54.36.148.48 - - [22/Jun/2022:22:10:09 +0000] "GET /robots.txt HTTP/1.1" 404 134 "-" "Mozilla/5.0 (compatible; AhrefsBot/7.0; +http://ahrefs.com/robot/)"
192.241.222.109 - - [22/Jun/2022:22:11:20 +0000] "MGLNDD_188.166.238.131_443" 400 166 "-" "-"
114.119.147.87 - - [22/Jun/2022:22:11:38 +0000] "GET /node/926/img_6340 HTTP/1.1" 301 178 "https://mrchoke.org/node/926/img_6359?ak_action=accept_mobile" "Mozilla/5.0 (Linux; Android 7.0;) AppleWebKit/537.36 (KHTML, like Gecko) Mobile Safari/537.36 (compatible; PetalBot;+https://webmaster.petalsearch.com/site/petalbot)"
114.119.147.87 - - [22/Jun/2022:22:11:39 +0000] "GET /node/926/img_6340/ HTTP/1.1" 200 7877 "https://mrchoke.org/node/926/img_6359?ak_action=accept_mobile" "Mozilla/5.0 (Linux; Android 7.0;) AppleWebKit/537.36 (KHTML, like Gecko) Mobile Safari/537.36 (compatible; PetalBot;+https://webmaster.petalsearch.com/site/petalbot)"
185.191.171.4 - - [22/Jun/2022:22:12:44 +0000] "GET /node/tag/%E0%B8%84%E0%B8%AD%E0%B9%80%E0%B8%84%E0%B8%A5%E0%B9%87%E0%B8%94 HTTP/1.1" 404 134 "-" "Mozilla/5.0 (compatible; SemrushBot/7~bl; +http://www.semrush.com/bot.html)"
66.249.71.31 - - [22/Jun/2022:22:13:21 +0000] "GET /node/44/ HTTP/1.1" 200 8776 "-" "Mozilla/5.0 (Linux; Android 6.0.1; Nexus 5X Build/MMB29P) AppleWebKit/537.36 (KHTML, like Gecko) Chrome/102.0.5005.115 Mobile Safari/537.36 (compatible; Googlebot/2.1; +http://www.google.com/bot.html)"
114.119.147.87 - - [22/Jun/2022:22:14:26 +0000] "GET /node/1657/img_7634 HTTP/1.1" 302 154 "https://mrchoke.org/node/1657/img_7632" "Mozilla/5.0 (Linux; Android 7.0;) AppleWebKit/537.36 (KHTML, like Gecko) Mobile Safari/537.36 (compatible; PetalBot;+https://webmaster.petalsearch.com/site/petalbot)"
114.119.147.87 - - [22/Jun/2022:22:14:27 +0000] "GET /node/1657/img_7634 HTTP/1.1" 301 178 "https://mrchoke.org/node/1657/img_7632" "Mozilla/5.0 (Linux; Android 7.0;) AppleWebKit/537.36 (KHTML, like Gecko) Mobile Safari/537.36 (compatible; PetalBot;+https://webmaster.petalsearch.com/site/petalbot)"
114.119.147.87 - - [22/Jun/2022:22:14:29 +0000] "GET /node/1657/img_7634/ HTTP/1.1" 200 7840 "https://mrchoke.org/node/1657/img_7632" "Mozilla/5.0 (Linux; Android 7.0;) AppleWebKit/537.36 (KHTML, like Gecko) Mobile Safari/537.36 (compatible; PetalBot;+https://webmaster.petalsearch.com/site/petalbot)"
157.55.39.114 - - [22/Jun/2022:22:15:52 +0000] "GET /node/1706/ HTTP/2.0" 304 0 "-" "Mozilla/5.0 (compatible; bingbot/2.0; +http://www.bing.com/bingbot.htm)"
114.119.147.74 - - [22/Jun/2022:22:17:21 +0000] "GET /node/188?ak_action=accept_mobile HTTP/1.1" 302 154 "https://mrchoke.org/node/188?ak_action=reject_mobile" "Mozilla/5.0 (Linux; Android 7.0;) AppleWebKit/537.36 (KHTML, like Gecko) Mobile Safari/537.36 (compatible; PetalBot;+https://webmaster.petalsearch.com/site/petalbot)"
114.119.147.74 - - [22/Jun/2022:22:17:24 +0000] "GET /node/188?ak_action=accept_mobile HTTP/1.1" 301 178 "https://mrchoke.org/node/188?ak_action=reject_mobile" "Mozilla/5.0 (Linux; Android 7.0;) AppleWebKit/537.36 (KHTML, like Gecko) Mobile Safari/537.36 (compatible; PetalBot;+https://webmaster.petalsearch.com/site/petalbot)"
114.119.147.74 - - [22/Jun/2022:22:17:24 +0000] "GET /node/188/?ak_action=accept_mobile HTTP/1.1" 200 8824 "https://mrchoke.org/node/188?ak_action=reject_mobile" "Mozilla/5.0 (Linux; Android 7.0;) AppleWebKit/537.36 (KHTML, like Gecko) Mobile Safari/537.36 (compatible; PetalBot;+https://webmaster.petalsearch.com/site/petalbot)"
185.191.171.5 - - [22/Jun/2022:22:18:14 +0000] "GET /node/category/libthai HTTP/1.1" 301 178 "-" "Mozilla/5.0 (compatible; SemrushBot/7~bl; +http://www.semrush.com/bot.html)"
185.191.171.7 - - [22/Jun/2022:22:18:16 +0000] "GET /node/category/libthai/ HTTP/1.1" 200 10065 "-" "Mozilla/5.0 (compatible; SemrushBot/7~bl; +http://www.semrush.com/bot.html)"
185.191.171.39 - - [22/Jun/2022:22:18:48 +0000] "GET /node/581/img_1732 HTTP/1.1" 301 178 "-" "Mozilla/5.0 (compatible; SemrushBot/7~bl; +http://www.semrush.com/bot.html)"
185.191.171.5 - - [22/Jun/2022:22:18:50 +0000] "GET /node/581/img_1732/ HTTP/1.1" 200 7857 "-" "Mozilla/5.0 (compatible; SemrushBot/7~bl; +http://www.semrush.com/bot.html)"
157.55.39.114 - - [22/Jun/2022:22:19:13 +0000] "GET /node/tag/%E0%B8%97%E0%B8%B3%E0%B8%9A%E0%B8%B1%E0%B8%95%E0%B8%A3%E0%B8%9B%E0%B8%A3%E0%B8%B0%E0%B8%8A%E0%B8%B2%E0%B8%8A%E0%B8%99 HTTP/2.0" 302 154 "-" "Mozilla/5.0 (compatible; bingbot/2.0; +http://www.bing.com/bingbot.htm)"
157.55.39.114 - - [22/Jun/2022:22:19:22 +0000] "GET /node/tag/%E0%B8%97%E0%B8%B3%E0%B8%9A%E0%B8%B1%E0%B8%95%E0%B8%A3%E0%B8%9B%E0%B8%A3%E0%B8%B0%E0%B8%8A%E0%B8%B2%E0%B8%8A%E0%B8%99 HTTP/2.0" 404 123 "-" "Mozilla/5.0 (compatible; bingbot/2.0; +http://www.bing.com/bingbot.htm)"
114.119.147.87 - - [22/Jun/2022:22:20:20 +0000] "GET /node/1140?share=reddit HTTP/1.1" 302 154 "https://mrchoke.org/node/1140?replytocom=696&ak_action=accept_mobile" "Mozilla/5.0 (Linux; Android 7.0;) AppleWebKit/537.36 (KHTML, like Gecko) Mobile Safari/537.36 (compatible; PetalBot;+https://webmaster.petalsearch.com/site/petalbot)"
114.119.147.87 - - [22/Jun/2022:22:20:20 +0000] "GET /node/1140?share=reddit HTTP/1.1" 301 178 "https://mrchoke.org/node/1140?replytocom=696&ak_action=accept_mobile" "Mozilla/5.0 (Linux; Android 7.0;) AppleWebKit/537.36 (KHTML, like Gecko) Mobile Safari/537.36 (compatible; PetalBot;+https://webmaster.petalsearch.com/site/petalbot)"
114.119.147.87 - - [22/Jun/2022:22:20:22 +0000] "GET /node/1140/?share=reddit HTTP/1.1" 200 9720 "https://mrchoke.org/node/1140?replytocom=696&ak_action=accept_mobile" "Mozilla/5.0 (Linux; Android 7.0;) AppleWebKit/537.36 (KHTML, like Gecko) Mobile Safari/537.36 (compatible; PetalBot;+https://webmaster.petalsearch.com/site/petalbot)"
216.244.66.229 - - [22/Jun/2022:22:20:44 +0000] "GET /robots.txt HTTP/1.1" 404 162 "-" "Mozilla/5.0 (compatible; DotBot/1.2; +https://opensiteexplorer.org/dotbot; help@moz.com)"
216.244.66.229 - - [22/Jun/2022:22:20:45 +0000] "GET /robots.txt HTTP/1.1" 404 162 "-" "Mozilla/5.0 (compatible; DotBot/1.2; +https://opensiteexplorer.org/dotbot; help@moz.com)"
216.244.66.229 - - [22/Jun/2022:22:22:56 +0000] "GET /node/1335/feed HTTP/1.1" 404 162 "-" "Mozilla/5.0 (compatible; DotBot/1.2; +https://opensiteexplorer.org/dotbot; help@moz.com)"
216.244.66.229 - - [22/Jun/2022:22:23:00 +0000] "GET /node/447/feed HTTP/1.1" 404 162 "-" "Mozilla/5.0 (compatible; DotBot/1.2; +https://opensiteexplorer.org/dotbot; help@moz.com)"
216.244.66.229 - - [22/Jun/2022:22:23:05 +0000] "GET /node/495/feed HTTP/1.1" 404 162 "-" "Mozilla/5.0 (compatible; DotBot/1.2; +https://opensiteexplorer.org/dotbot; help@moz.com)"
114.119.147.87 - - [22/Jun/2022:22:23:06 +0000] "GET /node/category/linux/page/4 HTTP/1.1" 302 154 "https://mrchoke.org/node/category/linux/page/3?ak_action=reject_mobile" "Mozilla/5.0 (Linux; Android 7.0;) AppleWebKit/537.36 (KHTML, like Gecko) Mobile Safari/537.36 (compatible; PetalBot;+https://webmaster.petalsearch.com/site/petalbot)"
114.119.147.87 - - [22/Jun/2022:22:23:06 +0000] "GET /node/category/linux/page/4 HTTP/1.1" 301 178 "https://mrchoke.org/node/category/linux/page/3?ak_action=reject_mobile" "Mozilla/5.0 (Linux; Android 7.0;) AppleWebKit/537.36 (KHTML, like Gecko) Mobile Safari/537.36 (compatible; PetalBot;+https://webmaster.petalsearch.com/site/petalbot)"
114.119.147.87 - - [22/Jun/2022:22:23:06 +0000] "GET /node/category/linux/page/4/ HTTP/1.1" 200 12399 "https://mrchoke.org/node/category/linux/page/3?ak_action=reject_mobile" "Mozilla/5.0 (Linux; Android 7.0;) AppleWebKit/537.36 (KHTML, like Gecko) Mobile Safari/537.36 (compatible; PetalBot;+https://webmaster.petalsearch.com/site/petalbot)"
216.244.66.229 - - [22/Jun/2022:22:23:09 +0000] "GET /img_6547/ HTTP/1.1" 404 162 "-" "Mozilla/5.0 (compatible; DotBot/1.2; +https://opensiteexplorer.org/dotbot; help@moz.com)"
216.244.66.229 - - [22/Jun/2022:22:23:12 +0000] "GET /img_7629/ HTTP/1.1" 404 162 "-" "Mozilla/5.0 (compatible; DotBot/1.2; +https://opensiteexplorer.org/dotbot; help@moz.com)"
216.244.66.229 - - [22/Jun/2022:22:23:42 +0000] "GET /node/1510/feed HTTP/1.1" 404 162 "-" "Mozilla/5.0 (compatible; DotBot/1.2; +https://opensiteexplorer.org/dotbot; help@moz.com)"
216.244.66.229 - - [22/Jun/2022:22:23:48 +0000] "GET /node/939/img_6371 HTTP/1.1" 404 162 "-" "Mozilla/5.0 (compatible; DotBot/1.2; +https://opensiteexplorer.org/dotbot; help@moz.com)"
185.191.171.42 - - [22/Jun/2022:22:23:52 +0000] "GET /node/date/2006/10/19 HTTP/1.1" 301 178 "-" "Mozilla/5.0 (compatible; SemrushBot/7~bl; +http://www.semrush.com/bot.html)"
185.191.171.33 - - [22/Jun/2022:22:23:54 +0000] "GET /node/date/2006/10/19/ HTTP/1.1" 200 8649 "-" "Mozilla/5.0 (compatible; SemrushBot/7~bl; +http://www.semrush.com/bot.html)"
114.119.147.86 - - [22/Jun/2022:22:26:01 +0000] "GET /node/1558/img_7502 HTTP/1.1" 301 178 "https://mrchoke.org/node/1558/img_7504?share=linkedin" "Mozilla/5.0 (Linux; Android 7.0;) AppleWebKit/537.36 (KHTML, like Gecko) Mobile Safari/537.36 (compatible; PetalBot;+https://webmaster.petalsearch.com/site/petalbot)"
114.119.147.86 - - [22/Jun/2022:22:26:05 +0000] "GET /node/1558/img_7502/ HTTP/1.1" 200 7941 "https://mrchoke.org/node/1558/img_7504?share=linkedin" "Mozilla/5.0 (Linux; Android 7.0;) AppleWebKit/537.36 (KHTML, like Gecko) Mobile Safari/537.36 (compatible; PetalBot;+https://webmaster.petalsearch.com/site/petalbot)"
185.191.171.22 - - [22/Jun/2022:22:26:13 +0000] "GET /robots.txt HTTP/1.1" 404 134 "-" "Mozilla/5.0 (compatible; SemrushBot/7~bl; +http://www.semrush.com/bot.html)"
185.191.171.10 - - [22/Jun/2022:22:26:16 +0000] "GET /node/207 HTTP/1.1" 302 154 "-" "Mozilla/5.0 (compatible; SemrushBot/7~bl; +http://www.semrush.com/bot.html)"
185.191.171.19 - - [22/Jun/2022:22:26:18 +0000] "GET /node/207 HTTP/1.1" 301 178 "-" "Mozilla/5.0 (compatible; SemrushBot/7~bl; +http://www.semrush.com/bot.html)"
185.191.171.33 - - [22/Jun/2022:22:26:20 +0000] "GET /node/207/ HTTP/1.1" 200 9054 "-" "Mozilla/5.0 (compatible; SemrushBot/7~bl; +http://www.semrush.com/bot.html)"
51.222.253.18 - - [22/Jun/2022:22:27:43 +0000] "GET /node/865/ch7_3264/ HTTP/2.0" 200 7875 "-" "Mozilla/5.0 (compatible; AhrefsBot/7.0; +http://ahrefs.com/robot/)"
114.119.147.87 - - [22/Jun/2022:22:28:53 +0000] "GET /node/date/2006/10/page/2 HTTP/1.1" 301 178 "https://static.mrchoke.org/node/date/2006/10/page/3" "Mozilla/5.0 (Linux; Android 7.0;) AppleWebKit/537.36 (KHTML, like Gecko) Mobile Safari/537.36 (compatible; PetalBot;+https://webmaster.petalsearch.com/site/petalbot)"
114.119.147.87 - - [22/Jun/2022:22:28:53 +0000] "GET /node/date/2006/10/page/2/ HTTP/1.1" 200 11594 "https://static.mrchoke.org/node/date/2006/10/page/3" "Mozilla/5.0 (Linux; Android 7.0;) AppleWebKit/537.36 (KHTML, like Gecko) Mobile Safari/537.36 (compatible; PetalBot;+https://webmaster.petalsearch.com/site/petalbot)"
87.250.224.3 - - [22/Jun/2022:22:30:27 +0000] "GET /robots.txt HTTP/1.1" 404 162 "-" "Mozilla/5.0 (compatible; YandexBot/3.0; +http://yandex.com/bots)"
87.250.224.3 - - [22/Jun/2022:22:30:30 +0000] "GET / HTTP/1.1" 200 294 "-" "Mozilla/5.0 (compatible; YandexBot/3.0; +http://yandex.com/bots)"
216.244.66.229 - - [22/Jun/2022:22:31:25 +0000] "GET /node/1164/?replytocom=697 HTTP/1.1" 404 162 "-" "Mozilla/5.0 (compatible; DotBot/1.2; +https://opensiteexplorer.org/dotbot; help@moz.com)"
114.119.147.81 - - [22/Jun/2022:22:31:40 +0000] "GET /node/date/2006/06/01 HTTP/1.1" 404 134 "http://www.mrchoke.org/node/323" "Mozilla/5.0 (Linux; Android 7.0;) AppleWebKit/537.36 (KHTML, like Gecko) Mobile Safari/537.36 (compatible; PetalBot;+https://webmaster.petalsearch.com/site/petalbot)"
216.244.66.229 - - [22/Jun/2022:22:32:54 +0000] "GET /node/1255/?share=google-plus-1 HTTP/1.1" 404 162 "-" "Mozilla/5.0 (compatible; DotBot/1.2; +https://opensiteexplorer.org/dotbot; help@moz.com)"
216.244.66.229 - - [22/Jun/2022:22:32:55 +0000] "GET /node/43/?share=google-plus-1 HTTP/1.1" 404 162 "-" "Mozilla/5.0 (compatible; DotBot/1.2; +https://opensiteexplorer.org/dotbot; help@moz.com)"
40.77.167.43 - - [22/Jun/2022:22:33:40 +0000] "GET / HTTP/2.0" 301 178 "-" "Mozilla/5.0 (compatible; bingbot/2.0; +http://www.bing.com/bingbot.htm)"
114.119.147.75 - - [22/Jun/2022:22:34:43 +0000] "GET /node/date/2016/04/22 HTTP/1.1" 302 154 "https://mrchoke.org/node/1908?share=facebook" "Mozilla/5.0 (Linux; Android 7.0;) AppleWebKit/537.36 (KHTML, like Gecko) Mobile Safari/537.36 (compatible; PetalBot;+https://webmaster.petalsearch.com/site/petalbot)"
114.119.147.75 - - [22/Jun/2022:22:34:45 +0000] "GET /node/date/2016/04/22 HTTP/1.1" 301 178 "https://mrchoke.org/node/1908?share=facebook" "Mozilla/5.0 (Linux; Android 7.0;) AppleWebKit/537.36 (KHTML, like Gecko) Mobile Safari/537.36 (compatible; PetalBot;+https://webmaster.petalsearch.com/site/petalbot)"
114.119.147.75 - - [22/Jun/2022:22:34:45 +0000] "GET /node/date/2016/04/22/ HTTP/1.1" 200 8612 "https://mrchoke.org/node/1908?share=facebook" "Mozilla/5.0 (Linux; Android 7.0;) AppleWebKit/537.36 (KHTML, like Gecko) Mobile Safari/537.36 (compatible; PetalBot;+https://webmaster.petalsearch.com/site/petalbot)"
114.119.147.86 - - [22/Jun/2022:22:37:26 +0000] "GET /img_6550 HTTP/1.1" 301 178 "https://mrchoke.org/node/1015?share=facebook" "Mozilla/5.0 (Linux; Android 7.0;) AppleWebKit/537.36 (KHTML, like Gecko) Mobile Safari/537.36 (compatible; PetalBot;+https://webmaster.petalsearch.com/site/petalbot)"
114.119.147.86 - - [22/Jun/2022:22:37:28 +0000] "GET /img_6550/ HTTP/1.1" 200 7891 "https://mrchoke.org/node/1015?share=facebook" "Mozilla/5.0 (Linux; Android 7.0;) AppleWebKit/537.36 (KHTML, like Gecko) Mobile Safari/537.36 (compatible; PetalBot;+https://webmaster.petalsearch.com/site/petalbot)"
5.255.253.163 - - [22/Jun/2022:22:38:18 +0000] "GET /node/tag/cycling-for-kids HTTP/1.1" 302 154 "-" "Mozilla/5.0 (compatible; YandexBot/3.0; +http://yandex.com/bots)"
87.250.224.3 - - [22/Jun/2022:22:38:19 +0000] "GET /node/tag/cycling-for-kids HTTP/1.1" 301 178 "-" "Mozilla/5.0 (compatible; YandexBot/3.0; +http://yandex.com/bots)"
87.250.224.3 - - [22/Jun/2022:22:38:22 +0000] "GET /node/tag/cycling-for-kids/ HTTP/1.1" 200 8619 "-" "Mozilla/5.0 (compatible; YandexBot/3.0; +http://yandex.com/bots)"
114.119.147.97 - - [22/Jun/2022:22:40:15 +0000] "GET /node/1862/ch7_6448-copy HTTP/1.1" 302 154 "https://mrchoke.org/node/1862/ch7_6455?ak_action=reject_mobile" "Mozilla/5.0 (Linux; Android 7.0;) AppleWebKit/537.36 (KHTML, like Gecko) Mobile Safari/537.36 (compatible; PetalBot;+https://webmaster.petalsearch.com/site/petalbot)"
114.119.147.97 - - [22/Jun/2022:22:40:17 +0000] "GET /node/1862/ch7_6448-copy HTTP/1.1" 301 178 "https://mrchoke.org/node/1862/ch7_6455?ak_action=reject_mobile" "Mozilla/5.0 (Linux; Android 7.0;) AppleWebKit/537.36 (KHTML, like Gecko) Mobile Safari/537.36 (compatible; PetalBot;+https://webmaster.petalsearch.com/site/petalbot)"
114.119.147.97 - - [22/Jun/2022:22:40:18 +0000] "GET /node/1862/ch7_6448-copy/ HTTP/1.1" 200 7878 "https://mrchoke.org/node/1862/ch7_6455?ak_action=reject_mobile" "Mozilla/5.0 (Linux; Android 7.0;) AppleWebKit/537.36 (KHTML, like Gecko) Mobile Safari/537.36 (compatible; PetalBot;+https://webmaster.petalsearch.com/site/petalbot)"
185.191.171.5 - - [22/Jun/2022:22:41:29 +0000] "GET /node/11 HTTP/1.1" 301 178 "-" "Mozilla/5.0 (compatible; SemrushBot/7~bl; +http://www.semrush.com/bot.html)"
185.191.171.4 - - [22/Jun/2022:22:41:31 +0000] "GET /node/11/ HTTP/1.1" 200 8222 "-" "Mozilla/5.0 (compatible; SemrushBot/7~bl; +http://www.semrush.com/bot.html)"
92.255.85.183 - - [22/Jun/2022:22:41:44 +0000] "\x03\x00\x00/*\xE0\x00\x00\x00\x00\x00Cookie: mstshash=Administr" 400 166 "-" "-"
192.241.214.157 - - [22/Jun/2022:22:42:48 +0000] "GET /owa/auth/x.js HTTP/1.1" 301 178 "-" "Mozilla/5.0 zgrab/0.x"
185.191.171.38 - - [22/Jun/2022:22:42:56 +0000] "GET /node/926/img_6345 HTTP/1.1" 301 178 "-" "Mozilla/5.0 (compatible; SemrushBot/7~bl; +http://www.semrush.com/bot.html)"
185.191.171.38 - - [22/Jun/2022:22:42:58 +0000] "GET /node/926/img_6345/ HTTP/1.1" 200 7916 "-" "Mozilla/5.0 (compatible; SemrushBot/7~bl; +http://www.semrush.com/bot.html)"
114.119.147.73 - - [22/Jun/2022:22:43:01 +0000] "GET /node/1356/img_7247?share=reddit HTTP/1.1" 302 154 "http://mrchoke.org/node/1356/img_7247" "Mozilla/5.0 (Linux; Android 7.0;) AppleWebKit/537.36 (KHTML, like Gecko) Mobile Safari/537.36 (compatible; PetalBot;+https://webmaster.petalsearch.com/site/petalbot)"
114.119.147.73 - - [22/Jun/2022:22:43:04 +0000] "GET /node/1356/img_7247?share=reddit HTTP/1.1" 301 178 "http://mrchoke.org/node/1356/img_7247" "Mozilla/5.0 (Linux; Android 7.0;) AppleWebKit/537.36 (KHTML, like Gecko) Mobile Safari/537.36 (compatible; PetalBot;+https://webmaster.petalsearch.com/site/petalbot)"
114.119.147.73 - - [22/Jun/2022:22:43:05 +0000] "GET /node/1356/img_7247/?share=reddit HTTP/1.1" 200 7970 "http://mrchoke.org/node/1356/img_7247" "Mozilla/5.0 (Linux; Android 7.0;) AppleWebKit/537.36 (KHTML, like Gecko) Mobile Safari/537.36 (compatible; PetalBot;+https://webmaster.petalsearch.com/site/petalbot)"
192.241.213.19 - - [22/Jun/2022:22:44:35 +0000] "GET /owa/auth/logon.aspx HTTP/1.1" 301 178 "-" "Mozilla/5.0 zgrab/0.x"
192.241.223.66 - - [22/Jun/2022:22:44:41 +0000] "GET /ecp/Current/exporttool/microsoft.exchange.ediscovery.exporttool.application HTTP/1.1" 301 178 "-" "Mozilla/5.0 zgrab/0.x"
114.119.147.75 - - [22/Jun/2022:22:45:53 +0000] "GET /node/780?share=linkedin HTTP/1.1" 302 154 "https://mrchoke.org/node/780?ak_action=reject_mobile" "Mozilla/5.0 (Linux; Android 7.0;) AppleWebKit/537.36 (KHTML, like Gecko) Mobile Safari/537.36 (compatible; PetalBot;+https://webmaster.petalsearch.com/site/petalbot)"
114.119.147.75 - - [22/Jun/2022:22:45:55 +0000] "GET /node/780?share=linkedin HTTP/1.1" 301 178 "https://mrchoke.org/node/780?ak_action=reject_mobile" "Mozilla/5.0 (Linux; Android 7.0;) AppleWebKit/537.36 (KHTML, like Gecko) Mobile Safari/537.36 (compatible; PetalBot;+https://webmaster.petalsearch.com/site/petalbot)"
114.119.147.75 - - [22/Jun/2022:22:45:56 +0000] "GET /node/780/?share=linkedin HTTP/1.1" 200 9192 "https://mrchoke.org/node/780?ak_action=reject_mobile" "Mozilla/5.0 (Linux; Android 7.0;) AppleWebKit/537.36 (KHTML, like Gecko) Mobile Safari/537.36 (compatible; PetalBot;+https://webmaster.petalsearch.com/site/petalbot)"
51.222.253.7 - - [22/Jun/2022:22:46:14 +0000] "GET / HTTP/1.1" 200 396 "-" "Mozilla/5.0 (compatible; AhrefsBot/7.0; +http://ahrefs.com/robot/)"
114.119.147.81 - - [22/Jun/2022:22:48:52 +0000] "GET /node/date/2007/03/page/2 HTTP/1.1" 302 154 "http://mrchoke.org/node/date/2007/03" "Mozilla/5.0 (Linux; Android 7.0;) AppleWebKit/537.36 (KHTML, like Gecko) Mobile Safari/537.36 (compatible; PetalBot;+https://webmaster.petalsearch.com/site/petalbot)"
114.119.147.81 - - [22/Jun/2022:22:48:57 +0000] "GET /node/date/2007/03/page/2 HTTP/1.1" 301 178 "http://mrchoke.org/node/date/2007/03" "Mozilla/5.0 (Linux; Android 7.0;) AppleWebKit/537.36 (KHTML, like Gecko) Mobile Safari/537.36 (compatible; PetalBot;+https://webmaster.petalsearch.com/site/petalbot)"
114.119.147.81 - - [22/Jun/2022:22:49:08 +0000] "GET /node/date/2007/03/page/2/ HTTP/1.1" 200 12790 "http://mrchoke.org/node/date/2007/03" "Mozilla/5.0 (Linux; Android 7.0;) AppleWebKit/537.36 (KHTML, like Gecko) Mobile Safari/537.36 (compatible; PetalBot;+https://webmaster.petalsearch.com/site/petalbot)"
185.191.171.38 - - [22/Jun/2022:22:50:20 +0000] "GET /img_7725 HTTP/1.1" 301 178 "-" "Mozilla/5.0 (compatible; SemrushBot/7~bl; +http://www.semrush.com/bot.html)"
185.191.171.15 - - [22/Jun/2022:22:50:23 +0000] "GET /img_7725/ HTTP/1.1" 200 7876 "-" "Mozilla/5.0 (compatible; SemrushBot/7~bl; +http://www.semrush.com/bot.html)"
114.119.147.75 - - [22/Jun/2022:22:51:46 +0000] "GET /node/author/mrchoke/page/13?ak_action=reject_mobile HTTP/1.1" 302 154 "https://mrchoke.org/node/author/mrchoke/page/14?ak_action=reject_mobile" "Mozilla/5.0 (Linux; Android 7.0;) AppleWebKit/537.36 (KHTML, like Gecko) Mobile Safari/537.36 (compatible; PetalBot;+https://webmaster.petalsearch.com/site/petalbot)"
114.119.147.75 - - [22/Jun/2022:22:51:49 +0000] "GET /node/author/mrchoke/page/13?ak_action=reject_mobile HTTP/1.1" 404 134 "https://mrchoke.org/node/author/mrchoke/page/14?ak_action=reject_mobile" "Mozilla/5.0 (Linux; Android 7.0;) AppleWebKit/537.36 (KHTML, like Gecko) Mobile Safari/537.36 (compatible; PetalBot;+https://webmaster.petalsearch.com/site/petalbot)"
5.45.207.72 - - [22/Jun/2022:22:52:27 +0000] "GET /node/category/kernel HTTP/1.1" 302 154 "-" "Mozilla/5.0 (compatible; YandexBot/3.0; +http://yandex.com/bots)"
87.250.224.3 - - [22/Jun/2022:22:52:31 +0000] "GET /node/category/kernel HTTP/1.1" 301 178 "-" "Mozilla/5.0 (compatible; YandexBot/3.0; +http://yandex.com/bots)"
87.250.224.3 - - [22/Jun/2022:22:52:40 +0000] "GET /node/category/kernel/ HTTP/1.1" 200 9655 "-" "Mozilla/5.0 (compatible; YandexBot/3.0; +http://yandex.com/bots)"
