192.241.216.126 - - [24/Jun/2022:00:00:32 +0000] "GET /actuator/health HTTP/1.1" 301 178 "-" "Mozilla/5.0 zgrab/0.x"
66.249.71.67 - - [24/Jun/2022:00:01:01 +0000] "GET /robots.txt HTTP/1.1" 404 134 "-" "Mozilla/5.0 (compatible; Googlebot/2.1; +http://www.google.com/bot.html)"
66.249.71.91 - - [24/Jun/2022:00:01:01 +0000] "GET /index.php?q=gallery&g2_0=gallery&g2_view=dynamicalbum.RandomAlbum&g2_albumId=4142&g2_itemId=11420&g2_imageViewsIndex=1 HTTP/1.1" 404 134 "-" "Mozilla/5.0 (compatible; Googlebot/2.1; +http://www.google.com/bot.html)"
54.36.148.19 - - [24/Jun/2022:00:01:16 +0000] "GET /node/tag/ipad/ HTTP/2.0" 200 14600 "-" "Mozilla/5.0 (compatible; AhrefsBot/7.0; +http://ahrefs.com/robot/)"
114.119.147.73 - - [24/Jun/2022:00:01:58 +0000] "GET /node/1198?share=facebook HTTP/1.1" 302 154 "https://mrchoke.org/node/1198?ak_action=accept_mobile" "Mozilla/5.0 (Linux; Android 7.0;) AppleWebKit/537.36 (KHTML, like Gecko) Mobile Safari/537.36 (compatible; PetalBot;+https://webmaster.petalsearch.com/site/petalbot)"
114.119.147.73 - - [24/Jun/2022:00:01:59 +0000] "GET /node/1198?share=facebook HTTP/1.1" 301 178 "https://mrchoke.org/node/1198?ak_action=accept_mobile" "Mozilla/5.0 (Linux; Android 7.0;) AppleWebKit/537.36 (KHTML, like Gecko) Mobile Safari/537.36 (compatible; PetalBot;+https://webmaster.petalsearch.com/site/petalbot)"
114.119.147.73 - - [24/Jun/2022:00:02:01 +0000] "GET /node/1198/?share=facebook HTTP/1.1" 200 9804 "https://mrchoke.org/node/1198?ak_action=accept_mobile" "Mozilla/5.0 (Linux; Android 7.0;) AppleWebKit/537.36 (KHTML, like Gecko) Mobile Safari/537.36 (compatible; PetalBot;+https://webmaster.petalsearch.com/site/petalbot)"
2001:470:1:332::a - - [24/Jun/2022:00:02:56 +0000] "GET / HTTP/1.1" 200 612 "-" "-"
145.239.67.10 - - [24/Jun/2022:00:03:26 +0000] "GET /wp-load.php?daksldlkdsadas=1 HTTP/1.1" 404 564 "mrchoke.org" "Mozilla/5.0 (Windows NT 6.1; WOW64) AppleWebKit/537.36 (KHTML, like Gecko) Chrome/50.0.2661.75 Safari/537.36"
145.239.67.10 - - [24/Jun/2022:00:04:02 +0000] "GET /old-index.php?daksldlkdsadas=1 HTTP/1.1" 404 564 "mrchoke.org" "Mozilla/5.0 (Windows NT 6.1; WOW64) AppleWebKit/537.36 (KHTML, like Gecko) Chrome/50.0.2661.75 Safari/537.36"
114.119.147.73 - - [24/Jun/2022:00:04:24 +0000] "GET /node/302?share=twitter HTTP/1.1" 302 154 "https://mrchoke.org/node/302?ak_action=reject_mobile" "Mozilla/5.0 (Linux; Android 7.0;) AppleWebKit/537.36 (KHTML, like Gecko) Mobile Safari/537.36 (compatible; PetalBot;+https://webmaster.petalsearch.com/site/petalbot)"
114.119.147.73 - - [24/Jun/2022:00:04:25 +0000] "GET /node/302?share=twitter HTTP/1.1" 301 178 "https://mrchoke.org/node/302?ak_action=reject_mobile" "Mozilla/5.0 (Linux; Android 7.0;) AppleWebKit/537.36 (KHTML, like Gecko) Mobile Safari/537.36 (compatible; PetalBot;+https://webmaster.petalsearch.com/site/petalbot)"
114.119.147.73 - - [24/Jun/2022:00:04:25 +0000] "GET /node/302/?share=twitter HTTP/1.1" 200 8890 "https://mrchoke.org/node/302?ak_action=reject_mobile" "Mozilla/5.0 (Linux; Android 7.0;) AppleWebKit/537.36 (KHTML, like Gecko) Mobile Safari/537.36 (compatible; PetalBot;+https://webmaster.petalsearch.com/site/petalbot)"
54.36.148.238 - - [24/Jun/2022:00:05:36 +0000] "GET /robots.txt HTTP/1.1" 404 134 "-" "Mozilla/5.0 (compatible; AhrefsBot/7.0; +http://ahrefs.com/robot/)"
114.119.147.87 - - [24/Jun/2022:00:06:53 +0000] "GET /node/category/blog/cycling?ak_action=accept_mobile HTTP/1.1" 302 154 "https://mrchoke.org/node/category/blog/cycling?ak_action=reject_mobile" "Mozilla/5.0 (Linux; Android 7.0;) AppleWebKit/537.36 (KHTML, like Gecko) Mobile Safari/537.36 (compatible; PetalBot;+https://webmaster.petalsearch.com/site/petalbot)"
114.119.147.87 - - [24/Jun/2022:00:07:03 +0000] "GET /node/category/blog/cycling?ak_action=accept_mobile HTTP/1.1" 301 178 "https://mrchoke.org/node/category/blog/cycling?ak_action=reject_mobile" "Mozilla/5.0 (Linux; Android 7.0;) AppleWebKit/537.36 (KHTML, like Gecko) Mobile Safari/537.36 (compatible; PetalBot;+https://webmaster.petalsearch.com/site/petalbot)"
114.119.147.87 - - [24/Jun/2022:00:07:15 +0000] "GET /node/category/blog/cycling/?ak_action=accept_mobile HTTP/1.1" 200 8700 "https://mrchoke.org/node/category/blog/cycling?ak_action=reject_mobile" "Mozilla/5.0 (Linux; Android 7.0;) AppleWebKit/537.36 (KHTML, like Gecko) Mobile Safari/537.36 (compatible; PetalBot;+https://webmaster.petalsearch.com/site/petalbot)"
114.119.147.74 - - [24/Jun/2022:00:09:12 +0000] "GET /node/329 HTTP/1.1" 302 154 "https://mrchoke.org/node/330?ak_action=accept_mobile" "Mozilla/5.0 (Linux; Android 7.0;) AppleWebKit/537.36 (KHTML, like Gecko) Mobile Safari/537.36 (compatible; PetalBot;+https://webmaster.petalsearch.com/site/petalbot)"
185.191.171.11 - - [24/Jun/2022:00:09:23 +0000] "GET /node/319 HTTP/1.1" 301 178 "-" "Mozilla/5.0 (compatible; SemrushBot/7~bl; +http://www.semrush.com/bot.html)"
114.119.147.74 - - [24/Jun/2022:00:09:24 +0000] "GET /node/329 HTTP/1.1" 301 178 "https://mrchoke.org/node/330?ak_action=accept_mobile" "Mozilla/5.0 (Linux; Android 7.0;) AppleWebKit/537.36 (KHTML, like Gecko) Mobile Safari/537.36 (compatible; PetalBot;+https://webmaster.petalsearch.com/site/petalbot)"
185.191.171.21 - - [24/Jun/2022:00:09:26 +0000] "GET /node/319/ HTTP/1.1" 200 12278 "-" "Mozilla/5.0 (compatible; SemrushBot/7~bl; +http://www.semrush.com/bot.html)"
114.119.147.74 - - [24/Jun/2022:00:09:30 +0000] "GET /node/329/ HTTP/1.1" 200 9429 "https://mrchoke.org/node/330?ak_action=accept_mobile" "Mozilla/5.0 (Linux; Android 7.0;) AppleWebKit/537.36 (KHTML, like Gecko) Mobile Safari/537.36 (compatible; PetalBot;+https://webmaster.petalsearch.com/site/petalbot)"
54.36.148.132 - - [24/Jun/2022:00:09:39 +0000] "GET /node/362/ HTTP/2.0" 200 12956 "-" "Mozilla/5.0 (compatible; AhrefsBot/7.0; +http://ahrefs.com/robot/)"
34.145.101.169 - - [24/Jun/2022:00:11:22 +0000] "HEAD / HTTP/2.0" 200 0 "https://t.co/IffhEQoAlP" "-"
114.119.147.74 - - [24/Jun/2022:00:11:36 +0000] "GET /node/238 HTTP/1.1" 301 178 "https://mrchoke.org/node/category/ict" "Mozilla/5.0 (Linux; Android 7.0;) AppleWebKit/537.36 (KHTML, like Gecko) Mobile Safari/537.36 (compatible; PetalBot;+https://webmaster.petalsearch.com/site/petalbot)"
114.119.147.74 - - [24/Jun/2022:00:11:48 +0000] "GET /node/238/ HTTP/1.1" 200 8637 "https://mrchoke.org/node/category/ict" "Mozilla/5.0 (Linux; Android 7.0;) AppleWebKit/537.36 (KHTML, like Gecko) Mobile Safari/537.36 (compatible; PetalBot;+https://webmaster.petalsearch.com/site/petalbot)"
114.119.147.87 - - [24/Jun/2022:00:13:52 +0000] "GET /node/118?ak_action=reject_mobile HTTP/1.1" 302 154 "https://mrchoke.org/node/118?ak_action=accept_mobile" "Mozilla/5.0 (Linux; Android 7.0;) AppleWebKit/537.36 (KHTML, like Gecko) Mobile Safari/537.36 (compatible; PetalBot;+https://webmaster.petalsearch.com/site/petalbot)"
114.119.147.87 - - [24/Jun/2022:00:13:58 +0000] "GET /node/118?ak_action=reject_mobile HTTP/1.1" 301 178 "https://mrchoke.org/node/118?ak_action=accept_mobile" "Mozilla/5.0 (Linux; Android 7.0;) AppleWebKit/537.36 (KHTML, like Gecko) Mobile Safari/537.36 (compatible; PetalBot;+https://webmaster.petalsearch.com/site/petalbot)"
114.119.147.87 - - [24/Jun/2022:00:14:04 +0000] "GET /node/118/?ak_action=reject_mobile HTTP/1.1" 200 8854 "https://mrchoke.org/node/118?ak_action=accept_mobile" "Mozilla/5.0 (Linux; Android 7.0;) AppleWebKit/537.36 (KHTML, like Gecko) Mobile Safari/537.36 (compatible; PetalBot;+https://webmaster.petalsearch.com/site/petalbot)"
114.119.147.87 - - [24/Jun/2022:00:16:54 +0000] "GET /node/494?share=reddit HTTP/1.1" 302 154 "https://mrchoke.org/node/494?replytocom=597&ak_action=accept_mobile" "Mozilla/5.0 (Linux; Android 7.0;) AppleWebKit/537.36 (KHTML, like Gecko) Mobile Safari/537.36 (compatible; PetalBot;+https://webmaster.petalsearch.com/site/petalbot)"
114.119.147.87 - - [24/Jun/2022:00:17:04 +0000] "GET /node/494?share=reddit HTTP/1.1" 301 178 "https://mrchoke.org/node/494?replytocom=597&ak_action=accept_mobile" "Mozilla/5.0 (Linux; Android 7.0;) AppleWebKit/537.36 (KHTML, like Gecko) Mobile Safari/537.36 (compatible; PetalBot;+https://webmaster.petalsearch.com/site/petalbot)"
216.244.66.229 - - [24/Jun/2022:00:17:07 +0000] "GET /robots.txt HTTP/1.1" 404 162 "-" "Mozilla/5.0 (compatible; DotBot/1.2; +https://opensiteexplorer.org/dotbot; help@moz.com)"
185.191.171.7 - - [24/Jun/2022:00:17:14 +0000] "GET /node/1316/img_7123 HTTP/1.1" 302 154 "-" "Mozilla/5.0 (compatible; SemrushBot/7~bl; +http://www.semrush.com/bot.html)"
185.7.214.104 - - [24/Jun/2022:00:17:15 +0000] "POST /cgi-bin/.%2e/.%2e/.%2e/.%2e/bin/sh HTTP/1.1" 400 166 "-" "-"
185.191.171.3 - - [24/Jun/2022:00:17:16 +0000] "GET /node/1316/img_7123 HTTP/1.1" 301 178 "-" "Mozilla/5.0 (compatible; SemrushBot/7~bl; +http://www.semrush.com/bot.html)"
185.191.171.8 - - [24/Jun/2022:00:17:20 +0000] "GET /node/1316/img_7123/ HTTP/1.1" 200 7935 "-" "Mozilla/5.0 (compatible; SemrushBot/7~bl; +http://www.semrush.com/bot.html)"
54.36.148.47 - - [24/Jun/2022:00:17:21 +0000] "GET /node/date/2005/06/27/ HTTP/2.0" 200 12644 "-" "Mozilla/5.0 (compatible; AhrefsBot/7.0; +http://ahrefs.com/robot/)"
114.119.147.73 - - [24/Jun/2022:00:18:53 +0000] "GET /node/1724?share=facebook HTTP/1.1" 302 154 "https://mrchoke.org/node/1724" "Mozilla/5.0 (Linux; Android 7.0;) AppleWebKit/537.36 (KHTML, like Gecko) Mobile Safari/537.36 (compatible; PetalBot;+https://webmaster.petalsearch.com/site/petalbot)"
58.178.113.125 - - [24/Jun/2022:00:18:55 +0000] "GET /wp-content/uploads/2013/12/virtualbox_logo.png HTTP/1.1" 302 154 "https://www.sitepoint.com/" "Mozilla/5.0 (Windows NT 10.0; Win64; x64) AppleWebKit/537.36 (KHTML, like Gecko) Chrome/102.0.0.0 Safari/537.36"
58.178.113.125 - - [24/Jun/2022:00:18:56 +0000] "GET /wp-content/uploads/2013/12/virtualbox_logo.png HTTP/1.1" 404 197 "https://www.sitepoint.com/" "Mozilla/5.0 (Windows NT 10.0; Win64; x64) AppleWebKit/537.36 (KHTML, like Gecko) Chrome/102.0.0.0 Safari/537.36"
114.119.147.73 - - [24/Jun/2022:00:18:59 +0000] "GET /node/1724?share=facebook HTTP/1.1" 301 178 "https://mrchoke.org/node/1724" "Mozilla/5.0 (Linux; Android 7.0;) AppleWebKit/537.36 (KHTML, like Gecko) Mobile Safari/537.36 (compatible; PetalBot;+https://webmaster.petalsearch.com/site/petalbot)"
114.119.147.73 - - [24/Jun/2022:00:19:05 +0000] "GET /node/1724/?share=facebook HTTP/1.1" 200 10462 "https://mrchoke.org/node/1724" "Mozilla/5.0 (Linux; Android 7.0;) AppleWebKit/537.36 (KHTML, like Gecko) Mobile Safari/537.36 (compatible; PetalBot;+https://webmaster.petalsearch.com/site/petalbot)"
185.191.171.37 - - [24/Jun/2022:00:20:07 +0000] "GET /node/date/2005/07/page/4 HTTP/1.1" 301 178 "-" "Mozilla/5.0 (compatible; SemrushBot/7~bl; +http://www.semrush.com/bot.html)"
185.191.171.17 - - [24/Jun/2022:00:20:09 +0000] "GET /node/date/2005/07/page/4/ HTTP/1.1" 200 11536 "-" "Mozilla/5.0 (compatible; SemrushBot/7~bl; +http://www.semrush.com/bot.html)"
216.244.66.229 - - [24/Jun/2022:00:21:02 +0000] "GET /node/432 HTTP/1.1" 404 162 "-" "Mozilla/5.0 (compatible; DotBot/1.2; +https://opensiteexplorer.org/dotbot; help@moz.com)"
216.244.66.229 - - [24/Jun/2022:00:21:07 +0000] "GET /node/52 HTTP/1.1" 404 162 "-" "Mozilla/5.0 (compatible; DotBot/1.2; +https://opensiteexplorer.org/dotbot; help@moz.com)"
114.119.147.86 - - [24/Jun/2022:00:21:44 +0000] "GET /node/581/img_1724 HTTP/1.1" 301 178 "https://mrchoke.org/node/581/img_1723?share=linkedin" "Mozilla/5.0 (Linux; Android 7.0;) AppleWebKit/537.36 (KHTML, like Gecko) Mobile Safari/537.36 (compatible; PetalBot;+https://webmaster.petalsearch.com/site/petalbot)"
114.119.147.86 - - [24/Jun/2022:00:22:00 +0000] "GET /node/581/img_1724/ HTTP/1.1" 200 7911 "https://mrchoke.org/node/581/img_1723?share=linkedin" "Mozilla/5.0 (Linux; Android 7.0;) AppleWebKit/537.36 (KHTML, like Gecko) Mobile Safari/537.36 (compatible; PetalBot;+https://webmaster.petalsearch.com/site/petalbot)"
113.207.6.244 - - [24/Jun/2022:00:22:30 +0000] "GET /wp-content/uploads/2012/05/IMG_1731-150x150.jpg HTTP/1.1" 200 5614 "-" "python-requests/2.26.0"
216.244.66.229 - - [24/Jun/2022:00:22:52 +0000] "GET /node/220/feed HTTP/1.1" 404 162 "-" "Mozilla/5.0 (compatible; DotBot/1.2; +https://opensiteexplorer.org/dotbot; help@moz.com)"
216.244.66.229 - - [24/Jun/2022:00:22:58 +0000] "GET /node/311/feed HTTP/1.1" 404 162 "-" "Mozilla/5.0 (compatible; DotBot/1.2; +https://opensiteexplorer.org/dotbot; help@moz.com)"
216.244.66.229 - - [24/Jun/2022:00:23:01 +0000] "GET /node/432/feed HTTP/1.1" 404 162 "-" "Mozilla/5.0 (compatible; DotBot/1.2; +https://opensiteexplorer.org/dotbot; help@moz.com)"
114.119.147.87 - - [24/Jun/2022:00:23:48 +0000] "GET /node/1657/img_7626?ak_action=accept_mobile HTTP/1.1" 302 154 "https://mrchoke.org/node/1657/img_7626?ak_action=reject_mobile" "Mozilla/5.0 (Linux; Android 7.0;) AppleWebKit/537.36 (KHTML, like Gecko) Mobile Safari/537.36 (compatible; PetalBot;+https://webmaster.petalsearch.com/site/petalbot)"
114.119.147.87 - - [24/Jun/2022:00:23:54 +0000] "GET /node/1657/img_7626?ak_action=accept_mobile HTTP/1.1" 301 178 "https://mrchoke.org/node/1657/img_7626?ak_action=reject_mobile" "Mozilla/5.0 (Linux; Android 7.0;) AppleWebKit/537.36 (KHTML, like Gecko) Mobile Safari/537.36 (compatible; PetalBot;+https://webmaster.petalsearch.com/site/petalbot)"
114.119.147.87 - - [24/Jun/2022:00:24:00 +0000] "GET /node/1657/img_7626/?ak_action=accept_mobile HTTP/1.1" 200 7862 "https://mrchoke.org/node/1657/img_7626?ak_action=reject_mobile" "Mozilla/5.0 (Linux; Android 7.0;) AppleWebKit/537.36 (KHTML, like Gecko) Mobile Safari/537.36 (compatible; PetalBot;+https://webmaster.petalsearch.com/site/petalbot)"
54.36.148.36 - - [24/Jun/2022:00:25:49 +0000] "GET /node/556/ HTTP/2.0" 200 16947 "-" "Mozilla/5.0 (compatible; AhrefsBot/7.0; +http://ahrefs.com/robot/)"
114.119.147.87 - - [24/Jun/2022:00:25:53 +0000] "GET /node/52 HTTP/1.1" 302 154 "https://mrchoke.org/node/category/music/page/7" "Mozilla/5.0 (Linux; Android 7.0;) AppleWebKit/537.36 (KHTML, like Gecko) Mobile Safari/537.36 (compatible; PetalBot;+https://webmaster.petalsearch.com/site/petalbot)"
114.119.147.87 - - [24/Jun/2022:00:25:58 +0000] "GET /node/52 HTTP/1.1" 301 178 "https://mrchoke.org/node/category/music/page/7" "Mozilla/5.0 (Linux; Android 7.0;) AppleWebKit/537.36 (KHTML, like Gecko) Mobile Safari/537.36 (compatible; PetalBot;+https://webmaster.petalsearch.com/site/petalbot)"
114.119.147.87 - - [24/Jun/2022:00:26:03 +0000] "GET /node/52/ HTTP/1.1" 200 9293 "https://mrchoke.org/node/category/music/page/7" "Mozilla/5.0 (Linux; Android 7.0;) AppleWebKit/537.36 (KHTML, like Gecko) Mobile Safari/537.36 (compatible; PetalBot;+https://webmaster.petalsearch.com/site/petalbot)"
114.119.147.74 - - [24/Jun/2022:00:28:18 +0000] "GET /node/1607/img_7591?share=facebook HTTP/1.1" 302 154 "https://mrchoke.org/node/1607/img_7591?ak_action=accept_mobile" "Mozilla/5.0 (Linux; Android 7.0;) AppleWebKit/537.36 (KHTML, like Gecko) Mobile Safari/537.36 (compatible; PetalBot;+https://webmaster.petalsearch.com/site/petalbot)"
114.119.147.74 - - [24/Jun/2022:00:28:21 +0000] "GET /node/1607/img_7591?share=facebook HTTP/1.1" 301 178 "https://mrchoke.org/node/1607/img_7591?ak_action=accept_mobile" "Mozilla/5.0 (Linux; Android 7.0;) AppleWebKit/537.36 (KHTML, like Gecko) Mobile Safari/537.36 (compatible; PetalBot;+https://webmaster.petalsearch.com/site/petalbot)"
114.119.147.74 - - [24/Jun/2022:00:28:24 +0000] "GET /node/1607/img_7591/?share=facebook HTTP/1.1" 200 7887 "https://mrchoke.org/node/1607/img_7591?ak_action=accept_mobile" "Mozilla/5.0 (Linux; Android 7.0;) AppleWebKit/537.36 (KHTML, like Gecko) Mobile Safari/537.36 (compatible; PetalBot;+https://webmaster.petalsearch.com/site/petalbot)"
185.191.171.35 - - [24/Jun/2022:00:28:38 +0000] "GET /node/date/2004/11/20 HTTP/1.1" 301 178 "-" "Mozilla/5.0 (compatible; SemrushBot/7~bl; +http://www.semrush.com/bot.html)"
185.191.171.15 - - [24/Jun/2022:00:28:42 +0000] "GET /node/date/2004/11/20/ HTTP/1.1" 200 10498 "-" "Mozilla/5.0 (compatible; SemrushBot/7~bl; +http://www.semrush.com/bot.html)"
216.244.66.229 - - [24/Jun/2022:00:29:01 +0000] "GET /node/category/uncategorized/page/7 HTTP/1.1" 404 162 "-" "Mozilla/5.0 (compatible; DotBot/1.2; +https://opensiteexplorer.org/dotbot; help@moz.com)"
114.119.147.74 - - [24/Jun/2022:00:30:33 +0000] "GET /node/519/25550414-034346-jpg?share=twitter HTTP/1.1" 302 154 "https://mrchoke.org/node/519/25550414-034346-jpg?ak_action=accept_mobile" "Mozilla/5.0 (Linux; Android 7.0;) AppleWebKit/537.36 (KHTML, like Gecko) Mobile Safari/537.36 (compatible; PetalBot;+https://webmaster.petalsearch.com/site/petalbot)"
114.119.147.74 - - [24/Jun/2022:00:30:37 +0000] "GET /node/519/25550414-034346-jpg?share=twitter HTTP/1.1" 404 134 "https://mrchoke.org/node/519/25550414-034346-jpg?ak_action=accept_mobile" "Mozilla/5.0 (Linux; Android 7.0;) AppleWebKit/537.36 (KHTML, like Gecko) Mobile Safari/537.36 (compatible; PetalBot;+https://webmaster.petalsearch.com/site/petalbot)"
114.119.147.97 - - [24/Jun/2022:00:32:59 +0000] "GET /node/502?share=reddit HTTP/1.1" 302 154 "https://mrchoke.org/node/502?ak_action=accept_mobile" "Mozilla/5.0 (Linux; Android 7.0;) AppleWebKit/537.36 (KHTML, like Gecko) Mobile Safari/537.36 (compatible; PetalBot;+https://webmaster.petalsearch.com/site/petalbot)"
114.119.147.97 - - [24/Jun/2022:00:33:00 +0000] "GET /node/502?share=reddit HTTP/1.1" 301 178 "https://mrchoke.org/node/502?ak_action=accept_mobile" "Mozilla/5.0 (Linux; Android 7.0;) AppleWebKit/537.36 (KHTML, like Gecko) Mobile Safari/537.36 (compatible; PetalBot;+https://webmaster.petalsearch.com/site/petalbot)"
114.119.147.97 - - [24/Jun/2022:00:33:01 +0000] "GET /node/502/?share=reddit HTTP/1.1" 200 8805 "https://mrchoke.org/node/502?ak_action=accept_mobile" "Mozilla/5.0 (Linux; Android 7.0;) AppleWebKit/537.36 (KHTML, like Gecko) Mobile Safari/537.36 (compatible; PetalBot;+https://webmaster.petalsearch.com/site/petalbot)"
185.191.171.14 - - [24/Jun/2022:00:33:12 +0000] "GET /node/447 HTTP/1.1" 301 178 "-" "Mozilla/5.0 (compatible; SemrushBot/7~bl; +http://www.semrush.com/bot.html)"
54.36.149.48 - - [24/Jun/2022:00:34:52 +0000] "GET /node/1164/ HTTP/2.0" 200 9705 "-" "Mozilla/5.0 (compatible; AhrefsBot/7.0; +http://ahrefs.com/robot/)"
66.249.79.245 - - [24/Jun/2022:00:36:15 +0000] "GET /node/tag/redhat HTTP/1.1" 301 178 "-" "Mozilla/5.0 (Linux; Android 6.0.1; Nexus 5X Build/MMB29P) AppleWebKit/537.36 (KHTML, like Gecko) Chrome/102.0.5005.115 Mobile Safari/537.36 (compatible; Googlebot/2.1; +http://www.google.com/bot.html)"
66.249.79.243 - - [24/Jun/2022:00:36:16 +0000] "GET /node/tag/redhat/ HTTP/1.1" 200 10058 "-" "Mozilla/5.0 (Linux; Android 6.0.1; Nexus 5X Build/MMB29P) AppleWebKit/537.36 (KHTML, like Gecko) Chrome/102.0.5005.115 Mobile Safari/537.36 (compatible; Googlebot/2.1; +http://www.google.com/bot.html)"
114.119.147.74 - - [24/Jun/2022:00:37:38 +0000] "GET /node/254?share=facebook HTTP/1.1" 302 154 "https://mrchoke.org/node/254" "Mozilla/5.0 (Linux; Android 7.0;) AppleWebKit/537.36 (KHTML, like Gecko) Mobile Safari/537.36 (compatible; PetalBot;+https://webmaster.petalsearch.com/site/petalbot)"
114.119.147.74 - - [24/Jun/2022:00:37:42 +0000] "GET /node/254?share=facebook HTTP/1.1" 301 178 "https://mrchoke.org/node/254" "Mozilla/5.0 (Linux; Android 7.0;) AppleWebKit/537.36 (KHTML, like Gecko) Mobile Safari/537.36 (compatible; PetalBot;+https://webmaster.petalsearch.com/site/petalbot)"
114.119.147.74 - - [24/Jun/2022:00:37:45 +0000] "GET /node/254/?share=facebook HTTP/1.1" 200 10076 "https://mrchoke.org/node/254" "Mozilla/5.0 (Linux; Android 7.0;) AppleWebKit/537.36 (KHTML, like Gecko) Mobile Safari/537.36 (compatible; PetalBot;+https://webmaster.petalsearch.com/site/petalbot)"
137.226.113.44 - - [24/Jun/2022:00:38:05 +0000] "GET / HTTP/2.0" 301 178 "-" "Mozilla/5.0 (X11; Linux x86_64; rv:84.0) Gecko/20100101 Firefox/84.0"
137.226.113.44 - - [24/Jun/2022:00:38:06 +0000] "GET / HTTP/2.0" 200 282 "https://www.mrchoke.org/" "Mozilla/5.0 (X11; Linux x86_64; rv:84.0) Gecko/20100101 Firefox/84.0"
34.76.146.130 - - [24/Jun/2022:00:38:52 +0000] "GET / HTTP/1.1" 200 612 "-" "Mozilla/5.0 (Windows NT 10.0; Win64; x64) AppleWebKit/537.36 (KHTML, like Gecko) Chrome/84.0.4147.105 Safari/537.36"
216.244.66.229 - - [24/Jun/2022:00:39:13 +0000] "GET /node/1335/?replytocom=702 HTTP/1.1" 404 162 "-" "Mozilla/5.0 (compatible; DotBot/1.2; +https://opensiteexplorer.org/dotbot; help@moz.com)"
114.119.147.74 - - [24/Jun/2022:00:40:01 +0000] "GET /node/date/2004/05/27 HTTP/1.1" 301 178 "https://static.mrchoke.org/node/415" "Mozilla/5.0 (Linux; Android 7.0;) AppleWebKit/537.36 (KHTML, like Gecko) Mobile Safari/537.36 (compatible; PetalBot;+https://webmaster.petalsearch.com/site/petalbot)"
114.119.147.74 - - [24/Jun/2022:00:40:01 +0000] "GET /node/date/2004/05/27/ HTTP/1.1" 200 8862 "https://static.mrchoke.org/node/415" "Mozilla/5.0 (Linux; Android 7.0;) AppleWebKit/537.36 (KHTML, like Gecko) Mobile Safari/537.36 (compatible; PetalBot;+https://webmaster.petalsearch.com/site/petalbot)"
185.191.171.26 - - [24/Jun/2022:00:40:11 +0000] "GET /node/tag/config HTTP/1.1" 301 178 "-" "Mozilla/5.0 (compatible; SemrushBot/7~bl; +http://www.semrush.com/bot.html)"
185.191.171.17 - - [24/Jun/2022:00:40:13 +0000] "GET /node/tag/config/ HTTP/1.1" 200 8509 "-" "Mozilla/5.0 (compatible; SemrushBot/7~bl; +http://www.semrush.com/bot.html)"
114.119.147.74 - - [24/Jun/2022:00:42:22 +0000] "GET /node/category/blog/page/5 HTTP/1.1" 301 178 "https://mrchoke.org/node/category/blog/page/6?ak_action=reject_mobile" "Mozilla/5.0 (Linux; Android 7.0;) AppleWebKit/537.36 (KHTML, like Gecko) Mobile Safari/537.36 (compatible; PetalBot;+https://webmaster.petalsearch.com/site/petalbot)"
114.119.147.74 - - [24/Jun/2022:00:42:28 +0000] "GET /node/category/blog/page/5/ HTTP/1.1" 200 16152 "https://mrchoke.org/node/category/blog/page/6?ak_action=reject_mobile" "Mozilla/5.0 (Linux; Android 7.0;) AppleWebKit/537.36 (KHTML, like Gecko) Mobile Safari/537.36 (compatible; PetalBot;+https://webmaster.petalsearch.com/site/petalbot)"
185.191.171.2 - - [24/Jun/2022:00:42:57 +0000] "GET /node/category/oss HTTP/1.1" 302 154 "-" "Mozilla/5.0 (compatible; SemrushBot/7~bl; +http://www.semrush.com/bot.html)"
185.191.171.36 - - [24/Jun/2022:00:42:58 +0000] "GET /node/category/oss HTTP/1.1" 301 178 "-" "Mozilla/5.0 (compatible; SemrushBot/7~bl; +http://www.semrush.com/bot.html)"
185.191.171.22 - - [24/Jun/2022:00:43:01 +0000] "GET /node/category/oss/ HTTP/1.1" 200 14621 "-" "Mozilla/5.0 (compatible; SemrushBot/7~bl; +http://www.semrush.com/bot.html)"
54.36.148.8 - - [24/Jun/2022:00:43:54 +0000] "GET /node/date/2005/01/17/ HTTP/2.0" 200 9347 "-" "Mozilla/5.0 (compatible; AhrefsBot/7.0; +http://ahrefs.com/robot/)"
114.119.147.86 - - [24/Jun/2022:00:44:38 +0000] "GET /ch7_3335 HTTP/1.1" 301 178 "https://mrchoke.org/node/1101?share=linkedin" "Mozilla/5.0 (Linux; Android 7.0;) AppleWebKit/537.36 (KHTML, like Gecko) Mobile Safari/537.36 (compatible; PetalBot;+https://webmaster.petalsearch.com/site/petalbot)"
114.119.147.86 - - [24/Jun/2022:00:44:39 +0000] "GET /ch7_3335/ HTTP/1.1" 200 7881 "https://mrchoke.org/node/1101?share=linkedin" "Mozilla/5.0 (Linux; Android 7.0;) AppleWebKit/537.36 (KHTML, like Gecko) Mobile Safari/537.36 (compatible; PetalBot;+https://webmaster.petalsearch.com/site/petalbot)"
185.191.171.10 - - [24/Jun/2022:00:44:49 +0000] "GET /node/333 HTTP/1.1" 302 154 "-" "Mozilla/5.0 (compatible; SemrushBot/7~bl; +http://www.semrush.com/bot.html)"
185.191.171.42 - - [24/Jun/2022:00:44:50 +0000] "GET /node/333 HTTP/1.1" 301 178 "-" "Mozilla/5.0 (compatible; SemrushBot/7~bl; +http://www.semrush.com/bot.html)"
185.191.171.3 - - [24/Jun/2022:00:44:52 +0000] "GET /node/333/ HTTP/1.1" 200 9458 "-" "Mozilla/5.0 (compatible; SemrushBot/7~bl; +http://www.semrush.com/bot.html)"
114.119.147.74 - - [24/Jun/2022:00:47:00 +0000] "GET /node/tag/git HTTP/1.1" 302 154 "https://mrchoke.org/node/755?ak_action=reject_mobile" "Mozilla/5.0 (Linux; Android 7.0;) AppleWebKit/537.36 (KHTML, like Gecko) Mobile Safari/537.36 (compatible; PetalBot;+https://webmaster.petalsearch.com/site/petalbot)"
114.119.147.74 - - [24/Jun/2022:00:47:00 +0000] "GET /node/tag/git HTTP/1.1" 301 178 "https://mrchoke.org/node/755?ak_action=reject_mobile" "Mozilla/5.0 (Linux; Android 7.0;) AppleWebKit/537.36 (KHTML, like Gecko) Mobile Safari/537.36 (compatible; PetalBot;+https://webmaster.petalsearch.com/site/petalbot)"
114.119.147.74 - - [24/Jun/2022:00:47:00 +0000] "GET /node/tag/git/ HTTP/1.1" 200 8444 "https://mrchoke.org/node/755?ak_action=reject_mobile" "Mozilla/5.0 (Linux; Android 7.0;) AppleWebKit/537.36 (KHTML, like Gecko) Mobile Safari/537.36 (compatible; PetalBot;+https://webmaster.petalsearch.com/site/petalbot)"
143.198.10.73 - - [24/Jun/2022:00:47:20 +0000] "GET /cookieconv.php HTTP/1.1" 301 178 "-" "Mozilla/5.0 (Windows NT 10.0; WOW64) AppleWebKit/537.36 (KHTML, like Gecko) Chrome/89.0.4389.114 Safari/537.36"
143.198.10.73 - - [24/Jun/2022:00:47:21 +0000] "GET /cookieconv.php HTTP/1.1" 200 920 "https://188.166.238.131/cookieconv.php" "Mozilla/5.0 (Windows NT 10.0; WOW64) AppleWebKit/537.36 (KHTML, like Gecko) Chrome/89.0.4389.114 Safari/537.36"
114.119.147.75 - - [24/Jun/2022:00:49:42 +0000] "GET /page/12?ak_action=reject_mobile HTTP/1.1" 302 154 "https://mrchoke.org/page/11?ak_action=reject_mobile" "Mozilla/5.0 (Linux; Android 7.0;) AppleWebKit/537.36 (KHTML, like Gecko) Mobile Safari/537.36 (compatible; PetalBot;+https://webmaster.petalsearch.com/site/petalbot)"
114.119.147.75 - - [24/Jun/2022:00:49:49 +0000] "GET /page/12?ak_action=reject_mobile HTTP/1.1" 301 178 "https://mrchoke.org/page/11?ak_action=reject_mobile" "Mozilla/5.0 (Linux; Android 7.0;) AppleWebKit/537.36 (KHTML, like Gecko) Mobile Safari/537.36 (compatible; PetalBot;+https://webmaster.petalsearch.com/site/petalbot)"
114.119.147.75 - - [24/Jun/2022:00:49:52 +0000] "GET /page/12/?ak_action=reject_mobile HTTP/1.1" 200 18779 "https://mrchoke.org/page/11?ak_action=reject_mobile" "Mozilla/5.0 (Linux; Android 7.0;) AppleWebKit/537.36 (KHTML, like Gecko) Mobile Safari/537.36 (compatible; PetalBot;+https://webmaster.petalsearch.com/site/petalbot)"
185.7.214.104 - - [24/Jun/2022:00:51:15 +0000] "GET / HTTP/1.1" 200 396 "-" "Mozilla/5.0 (Windows NT 10.0; Win64; x64) AppleWebKit/537.36 (KHTML, like Gecko) Chrome/78.0.3904.108 Safari/537.36"
114.119.147.81 - - [24/Jun/2022:00:52:07 +0000] "GET /node/tag/trip/page/2 HTTP/1.1" 302 154 "https://mrchoke.org/node/tag/trip/page/3?ak_action=reject_mobile" "Mozilla/5.0 (Linux; Android 7.0;) AppleWebKit/537.36 (KHTML, like Gecko) Mobile Safari/537.36 (compatible; PetalBot;+https://webmaster.petalsearch.com/site/petalbot)"
185.191.171.45 - - [24/Jun/2022:00:52:20 +0000] "GET /robots.txt HTTP/1.1" 404 134 "-" "Mozilla/5.0 (compatible; SemrushBot/7~bl; +http://www.semrush.com/bot.html)"
185.191.171.33 - - [24/Jun/2022:00:52:21 +0000] "GET /img_6803 HTTP/1.1" 301 178 "-" "Mozilla/5.0 (compatible; SemrushBot/7~bl; +http://www.semrush.com/bot.html)"
185.191.171.23 - - [24/Jun/2022:00:52:24 +0000] "GET /img_6803/ HTTP/1.1" 200 7948 "-" "Mozilla/5.0 (compatible; SemrushBot/7~bl; +http://www.semrush.com/bot.html)"
114.119.147.81 - - [24/Jun/2022:00:52:28 +0000] "GET /node/tag/trip/page/2 HTTP/1.1" 301 178 "https://mrchoke.org/node/tag/trip/page/3?ak_action=reject_mobile" "Mozilla/5.0 (Linux; Android 7.0;) AppleWebKit/537.36 (KHTML, like Gecko) Mobile Safari/537.36 (compatible; PetalBot;+https://webmaster.petalsearch.com/site/petalbot)"
54.36.149.89 - - [24/Jun/2022:00:53:42 +0000] "GET /node/1607/img_7597/ HTTP/2.0" 200 7952 "-" "Mozilla/5.0 (compatible; AhrefsBot/7.0; +http://ahrefs.com/robot/)"
2403:6200:88a8:b63e:6165:860e:453b:cd6e - - [24/Jun/2022:00:53:47 +0000] "GET /apple-touch-icon-precomposed.png HTTP/2.0" 404 123 "-" "com.apple.WebKit.Networking/8614.1.16.10.5 CFNetwork/1383 Darwin/22.0.0"
2403:6200:88a8:b63e:6165:860e:453b:cd6e - - [24/Jun/2022:00:53:47 +0000] "GET /apple-touch-icon.png HTTP/2.0" 404 123 "-" "com.apple.WebKit.Networking/8614.1.16.10.5 CFNetwork/1383 Darwin/22.0.0"
2403:6200:88a8:b63e:6165:860e:453b:cd6e - - [24/Jun/2022:00:53:47 +0000] "GET /favicon.ico HTTP/2.0" 200 1150 "-" "com.apple.WebKit.Networking/8614.1.16.10.5 CFNetwork/1383 Darwin/22.0.0"
2403:6200:88a8:b63e:6165:860e:453b:cd6e - - [24/Jun/2022:00:53:47 +0000] "GET / HTTP/2.0" 200 282 "-" "Mozilla/5.0 (Macintosh; Intel Mac OS X 10_11_1) AppleWebKit/601.2.4 (KHTML, like Gecko) Version/9.0.1 Safari/601.2.4 facebookexternalhit/1.1 Facebot Twitterbot/1.0"
2403:6200:88a8:b63e:6165:860e:453b:cd6e - - [24/Jun/2022:00:53:47 +0000] "GET /apple-touch-icon-precomposed.png HTTP/2.0" 404 123 "-" "com.apple.WebKit.Networking/8614.1.16.10.5 CFNetwork/1383 Darwin/22.0.0"
2403:6200:88a8:b63e:6165:860e:453b:cd6e - - [24/Jun/2022:00:53:47 +0000] "GET /apple-touch-icon.png HTTP/2.0" 404 123 "-" "com.apple.WebKit.Networking/8614.1.16.10.5 CFNetwork/1383 Darwin/22.0.0"
2403:6200:88a8:b63e:6165:860e:453b:cd6e - - [24/Jun/2022:00:53:47 +0000] "GET /favicon.ico HTTP/2.0" 200 1150 "-" "com.apple.WebKit.Networking/8614.1.16.10.5 CFNetwork/1383 Darwin/22.0.0"
2403:6200:88a8:b63e:6165:860e:453b:cd6e - - [24/Jun/2022:00:53:47 +0000] "GET / HTTP/2.0" 200 282 "-" "Mozilla/5.0 (Macintosh; Intel Mac OS X 10_11_1) AppleWebKit/601.2.4 (KHTML, like Gecko) Version/9.0.1 Safari/601.2.4 facebookexternalhit/1.1 Facebot Twitterbot/1.0"
114.119.147.75 - - [24/Jun/2022:00:54:18 +0000] "GET /node/519/25550414-034346-jpg HTTP/1.1" 404 134 "https://mrchoke.org/node/519?share=reddit" "Mozilla/5.0 (Linux; Android 7.0;) AppleWebKit/537.36 (KHTML, like Gecko) Mobile Safari/537.36 (compatible; PetalBot;+https://webmaster.petalsearch.com/site/petalbot)"
114.119.147.73 - - [24/Jun/2022:00:56:49 +0000] "GET /node/474 HTTP/1.1" 301 178 "https://mrchoke.org/node/382?ak_action=accept_mobile" "Mozilla/5.0 (Linux; Android 7.0;) AppleWebKit/537.36 (KHTML, like Gecko) Mobile Safari/537.36 (compatible; PetalBot;+https://webmaster.petalsearch.com/site/petalbot)"
114.119.147.73 - - [24/Jun/2022:00:56:50 +0000] "GET /node/474/ HTTP/1.1" 200 8338 "https://mrchoke.org/node/382?ak_action=accept_mobile" "Mozilla/5.0 (Linux; Android 7.0;) AppleWebKit/537.36 (KHTML, like Gecko) Mobile Safari/537.36 (compatible; PetalBot;+https://webmaster.petalsearch.com/site/petalbot)"
17.121.113.140 - - [24/Jun/2022:00:57:21 +0000] "GET /wp-content/uploads/2014/01/IMG_6796-300x225.jpg HTTP/1.1" 200 36194 "-" "Mozilla/5.0 (Macintosh; Intel Mac OS X 10_15_5) AppleWebKit/605.1.15 (KHTML, like Gecko) Version/13.1.1 Safari/605.1.15 (Applebot/0.1; +http://www.apple.com/go/applebot)"
114.119.147.97 - - [24/Jun/2022:00:59:24 +0000] "GET /node/395 HTTP/1.1" 302 154 "https://mrchoke.org/node/395?ak_action=accept_mobile" "Mozilla/5.0 (Linux; Android 7.0;) AppleWebKit/537.36 (KHTML, like Gecko) Mobile Safari/537.36 (compatible; PetalBot;+https://webmaster.petalsearch.com/site/petalbot)"
114.119.147.97 - - [24/Jun/2022:00:59:25 +0000] "GET /node/395 HTTP/1.1" 301 178 "https://mrchoke.org/node/395?ak_action=accept_mobile" "Mozilla/5.0 (Linux; Android 7.0;) AppleWebKit/537.36 (KHTML, like Gecko) Mobile Safari/537.36 (compatible; PetalBot;+https://webmaster.petalsearch.com/site/petalbot)"
114.119.147.97 - - [24/Jun/2022:00:59:25 +0000] "GET /node/395/ HTTP/1.1" 200 9570 "https://mrchoke.org/node/395?ak_action=accept_mobile" "Mozilla/5.0 (Linux; Android 7.0;) AppleWebKit/537.36 (KHTML, like Gecko) Mobile Safari/537.36 (compatible; PetalBot;+https://webmaster.petalsearch.com/site/petalbot)"
114.119.147.74 - - [24/Jun/2022:01:01:51 +0000] "GET /node/1815?share=linkedin HTTP/1.1" 302 154 "https://mrchoke.org/node/1815" "Mozilla/5.0 (Linux; Android 7.0;) AppleWebKit/537.36 (KHTML, like Gecko) Mobile Safari/537.36 (compatible; PetalBot;+https://webmaster.petalsearch.com/site/petalbot)"
114.119.147.74 - - [24/Jun/2022:01:01:55 +0000] "GET /node/1815?share=linkedin HTTP/1.1" 301 178 "https://mrchoke.org/node/1815" "Mozilla/5.0 (Linux; Android 7.0;) AppleWebKit/537.36 (KHTML, like Gecko) Mobile Safari/537.36 (compatible; PetalBot;+https://webmaster.petalsearch.com/site/petalbot)"
114.119.147.74 - - [24/Jun/2022:01:01:57 +0000] "GET /node/1815/?share=linkedin HTTP/1.1" 200 8969 "https://mrchoke.org/node/1815" "Mozilla/5.0 (Linux; Android 7.0;) AppleWebKit/537.36 (KHTML, like Gecko) Mobile Safari/537.36 (compatible; PetalBot;+https://webmaster.petalsearch.com/site/petalbot)"
164.68.116.9 - - [24/Jun/2022:01:02:23 +0000] "POST /boaform/admin/formLogin HTTP/1.1" 404 134 "http://188.166.238.131:80/admin/login.asp" "Mozilla/5.0 (X11; Ubuntu; Linux x86_64; rv:71.0) Gecko/20100101 Firefox/71.0"
164.68.116.9 - - [24/Jun/2022:01:02:24 +0000] "" 400 0 "-" "-"
114.119.147.73 - - [24/Jun/2022:01:04:13 +0000] "GET /node/1769?share=twitter HTTP/1.1" 302 154 "https://mrchoke.org/node/1769?replytocom=711" "Mozilla/5.0 (Linux; Android 7.0;) AppleWebKit/537.36 (KHTML, like Gecko) Mobile Safari/537.36 (compatible; PetalBot;+https://webmaster.petalsearch.com/site/petalbot)"
114.119.147.73 - - [24/Jun/2022:01:04:16 +0000] "GET /node/1769?share=twitter HTTP/1.1" 301 178 "https://mrchoke.org/node/1769?replytocom=711" "Mozilla/5.0 (Linux; Android 7.0;) AppleWebKit/537.36 (KHTML, like Gecko) Mobile Safari/537.36 (compatible; PetalBot;+https://webmaster.petalsearch.com/site/petalbot)"
114.119.147.73 - - [24/Jun/2022:01:04:19 +0000] "GET /node/1769/?share=twitter HTTP/1.1" 200 11512 "https://mrchoke.org/node/1769?replytocom=711" "Mozilla/5.0 (Linux; Android 7.0;) AppleWebKit/537.36 (KHTML, like Gecko) Mobile Safari/537.36 (compatible; PetalBot;+https://webmaster.petalsearch.com/site/petalbot)"
54.36.148.77 - - [24/Jun/2022:01:05:42 +0000] "GET /node/1302/screenshot-2014-01-21-21-20-55/ HTTP/2.0" 200 7742 "-" "Mozilla/5.0 (compatible; AhrefsBot/7.0; +http://ahrefs.com/robot/)"
114.119.147.75 - - [24/Jun/2022:01:06:50 +0000] "GET /node/date/2004/05/27 HTTP/1.1" 302 154 "https://mrchoke.org/node/490?ak_action=reject_mobile" "Mozilla/5.0 (Linux; Android 7.0;) AppleWebKit/537.36 (KHTML, like Gecko) Mobile Safari/537.36 (compatible; PetalBot;+https://webmaster.petalsearch.com/site/petalbot)"
114.119.147.75 - - [24/Jun/2022:01:06:51 +0000] "GET /node/date/2004/05/27 HTTP/1.1" 301 178 "https://mrchoke.org/node/490?ak_action=reject_mobile" "Mozilla/5.0 (Linux; Android 7.0;) AppleWebKit/537.36 (KHTML, like Gecko) Mobile Safari/537.36 (compatible; PetalBot;+https://webmaster.petalsearch.com/site/petalbot)"
114.119.147.75 - - [24/Jun/2022:01:06:52 +0000] "GET /node/date/2004/05/27/ HTTP/1.1" 200 8862 "https://mrchoke.org/node/490?ak_action=reject_mobile" "Mozilla/5.0 (Linux; Android 7.0;) AppleWebKit/537.36 (KHTML, like Gecko) Mobile Safari/537.36 (compatible; PetalBot;+https://webmaster.petalsearch.com/site/petalbot)"
114.119.147.81 - - [24/Jun/2022:01:09:20 +0000] "GET /node/date/2004/05/02 HTTP/1.1" 302 154 "https://mrchoke.org/node/427" "Mozilla/5.0 (Linux; Android 7.0;) AppleWebKit/537.36 (KHTML, like Gecko) Mobile Safari/537.36 (compatible; PetalBot;+https://webmaster.petalsearch.com/site/petalbot)"
114.119.147.81 - - [24/Jun/2022:01:09:27 +0000] "GET /node/date/2004/05/02 HTTP/1.1" 301 178 "https://mrchoke.org/node/427" "Mozilla/5.0 (Linux; Android 7.0;) AppleWebKit/537.36 (KHTML, like Gecko) Mobile Safari/537.36 (compatible; PetalBot;+https://webmaster.petalsearch.com/site/petalbot)"
114.119.147.81 - - [24/Jun/2022:01:09:36 +0000] "GET /node/date/2004/05/02/ HTTP/1.1" 200 8430 "https://mrchoke.org/node/427" "Mozilla/5.0 (Linux; Android 7.0;) AppleWebKit/537.36 (KHTML, like Gecko) Mobile Safari/537.36 (compatible; PetalBot;+https://webmaster.petalsearch.com/site/petalbot)"
185.191.171.3 - - [24/Jun/2022:01:09:51 +0000] "GET /robots.txt HTTP/1.1" 404 134 "-" "Mozilla/5.0 (compatible; SemrushBot/7~bl; +http://www.semrush.com/bot.html)"
185.191.171.36 - - [24/Jun/2022:01:09:52 +0000] "GET /node/tag/hot-pot HTTP/1.1" 302 154 "-" "Mozilla/5.0 (compatible; SemrushBot/7~bl; +http://www.semrush.com/bot.html)"
185.191.171.3 - - [24/Jun/2022:01:09:54 +0000] "GET /node/tag/hot-pot HTTP/1.1" 301 178 "-" "Mozilla/5.0 (compatible; SemrushBot/7~bl; +http://www.semrush.com/bot.html)"
185.191.171.17 - - [24/Jun/2022:01:09:56 +0000] "GET /node/tag/hot-pot/ HTTP/1.1" 200 10577 "-" "Mozilla/5.0 (compatible; SemrushBot/7~bl; +http://www.semrush.com/bot.html)"
216.244.66.229 - - [24/Jun/2022:01:10:06 +0000] "GET /robots.txt HTTP/1.1" 404 162 "-" "Mozilla/5.0 (compatible; DotBot/1.2; +https://opensiteexplorer.org/dotbot; help@moz.com)"
216.244.66.229 - - [24/Jun/2022:01:10:06 +0000] "GET /robots.txt HTTP/1.1" 404 162 "-" "Mozilla/5.0 (compatible; DotBot/1.2; +https://opensiteexplorer.org/dotbot; help@moz.com)"
114.119.147.81 - - [24/Jun/2022:01:12:00 +0000] "GET /node/383 HTTP/1.1" 301 178 "https://mrchoke.org/node/475?ak_action=accept_mobile" "Mozilla/5.0 (Linux; Android 7.0;) AppleWebKit/537.36 (KHTML, like Gecko) Mobile Safari/537.36 (compatible; PetalBot;+https://webmaster.petalsearch.com/site/petalbot)"
114.119.147.81 - - [24/Jun/2022:01:12:10 +0000] "GET /node/383/ HTTP/1.1" 200 8380 "https://mrchoke.org/node/475?ak_action=accept_mobile" "Mozilla/5.0 (Linux; Android 7.0;) AppleWebKit/537.36 (KHTML, like Gecko) Mobile Safari/537.36 (compatible; PetalBot;+https://webmaster.petalsearch.com/site/petalbot)"
216.244.66.229 - - [24/Jun/2022:01:13:43 +0000] "GET /img_7782/ HTTP/1.1" 404 162 "-" "Mozilla/5.0 (compatible; DotBot/1.2; +https://opensiteexplorer.org/dotbot; help@moz.com)"
216.244.66.229 - - [24/Jun/2022:01:13:57 +0000] "GET /img_7128/ HTTP/1.1" 404 162 "-" "Mozilla/5.0 (compatible; DotBot/1.2; +https://opensiteexplorer.org/dotbot; help@moz.com)"
216.244.66.229 - - [24/Jun/2022:01:14:01 +0000] "GET /node/326 HTTP/1.1" 404 162 "-" "Mozilla/5.0 (compatible; DotBot/1.2; +https://opensiteexplorer.org/dotbot; help@moz.com)"
114.119.147.86 - - [24/Jun/2022:01:14:21 +0000] "GET /node/tag/polar-h7 HTTP/1.1" 302 154 "https://mrchoke.org/node/1583?share=facebook" "Mozilla/5.0 (Linux; Android 7.0;) AppleWebKit/537.36 (KHTML, like Gecko) Mobile Safari/537.36 (compatible; PetalBot;+https://webmaster.petalsearch.com/site/petalbot)"
114.119.147.86 - - [24/Jun/2022:01:14:21 +0000] "GET /node/tag/polar-h7 HTTP/1.1" 301 178 "https://mrchoke.org/node/1583?share=facebook" "Mozilla/5.0 (Linux; Android 7.0;) AppleWebKit/537.36 (KHTML, like Gecko) Mobile Safari/537.36 (compatible; PetalBot;+https://webmaster.petalsearch.com/site/petalbot)"
114.119.147.86 - - [24/Jun/2022:01:14:21 +0000] "GET /node/tag/polar-h7/ HTTP/1.1" 200 9314 "https://mrchoke.org/node/1583?share=facebook" "Mozilla/5.0 (Linux; Android 7.0;) AppleWebKit/537.36 (KHTML, like Gecko) Mobile Safari/537.36 (compatible; PetalBot;+https://webmaster.petalsearch.com/site/petalbot)"
216.244.66.229 - - [24/Jun/2022:01:14:38 +0000] "GET /node/865/ch7_3250/feed HTTP/1.1" 404 162 "-" "Mozilla/5.0 (compatible; DotBot/1.2; +https://opensiteexplorer.org/dotbot; help@moz.com)"
216.244.66.229 - - [24/Jun/2022:01:15:43 +0000] "GET /node/13/feed HTTP/1.1" 404 162 "-" "Mozilla/5.0 (compatible; DotBot/1.2; +https://opensiteexplorer.org/dotbot; help@moz.com)"
216.244.66.229 - - [24/Jun/2022:01:15:47 +0000] "GET /node/225/feed HTTP/1.1" 404 162 "-" "Mozilla/5.0 (compatible; DotBot/1.2; +https://opensiteexplorer.org/dotbot; help@moz.com)"
216.244.66.229 - - [24/Jun/2022:01:15:50 +0000] "GET /node/445/feed HTTP/1.1" 404 162 "-" "Mozilla/5.0 (compatible; DotBot/1.2; +https://opensiteexplorer.org/dotbot; help@moz.com)"
216.244.66.229 - - [24/Jun/2022:01:15:52 +0000] "GET /node/984/img_6464 HTTP/1.1" 404 162 "-" "Mozilla/5.0 (compatible; DotBot/1.2; +https://opensiteexplorer.org/dotbot; help@moz.com)"
216.244.66.229 - - [24/Jun/2022:01:16:18 +0000] "GET /wp-content/uploads/2014/01/IMG_6188.jpg HTTP/1.1" 404 162 "-" "Mozilla/5.0 (compatible; DotBot/1.2; +https://opensiteexplorer.org/dotbot; help@moz.com)"
54.36.148.32 - - [24/Jun/2022:01:16:19 +0000] "GET /node/1548/ch7_3710-copy/ HTTP/2.0" 200 7863 "-" "Mozilla/5.0 (compatible; AhrefsBot/7.0; +http://ahrefs.com/robot/)"
17.121.113.164 - - [24/Jun/2022:01:17:50 +0000] "GET /wp-content/uploads/2014/01/IMG_6798-300x225.jpg HTTP/1.1" 200 20404 "-" "Mozilla/5.0 (Macintosh; Intel Mac OS X 10_15_5) AppleWebKit/605.1.15 (KHTML, like Gecko) Version/13.1.1 Safari/605.1.15 (Applebot/0.1; +http://www.apple.com/go/applebot)"
114.119.147.97 - - [24/Jun/2022:01:19:22 +0000] "GET /node/450?ak_action=accept_mobile HTTP/1.1" 302 154 "https://mrchoke.org/node/450?replytocom=554&ak_action=reject_mobile" "Mozilla/5.0 (Linux; Android 7.0;) AppleWebKit/537.36 (KHTML, like Gecko) Mobile Safari/537.36 (compatible; PetalBot;+https://webmaster.petalsearch.com/site/petalbot)"
114.119.147.97 - - [24/Jun/2022:01:19:25 +0000] "GET /node/450?ak_action=accept_mobile HTTP/1.1" 301 178 "https://mrchoke.org/node/450?replytocom=554&ak_action=reject_mobile" "Mozilla/5.0 (Linux; Android 7.0;) AppleWebKit/537.36 (KHTML, like Gecko) Mobile Safari/537.36 (compatible; PetalBot;+https://webmaster.petalsearch.com/site/petalbot)"
114.119.147.97 - - [24/Jun/2022:01:19:28 +0000] "GET /node/450/?ak_action=accept_mobile HTTP/1.1" 200 9008 "https://mrchoke.org/node/450?replytocom=554&ak_action=reject_mobile" "Mozilla/5.0 (Linux; Android 7.0;) AppleWebKit/537.36 (KHTML, like Gecko) Mobile Safari/537.36 (compatible; PetalBot;+https://webmaster.petalsearch.com/site/petalbot)"
66.249.71.31 - - [24/Jun/2022:01:21:15 +0000] "GET /node/78 HTTP/1.1" 301 178 "-" "Mozilla/5.0 (Linux; Android 6.0.1; Nexus 5X Build/MMB29P) AppleWebKit/537.36 (KHTML, like Gecko) Chrome/102.0.5005.115 Mobile Safari/537.36 (compatible; Googlebot/2.1; +http://www.google.com/bot.html)"
66.249.71.28 - - [24/Jun/2022:01:21:16 +0000] "GET /node/78/ HTTP/1.1" 200 8694 "-" "Mozilla/5.0 (Linux; Android 6.0.1; Nexus 5X Build/MMB29P) AppleWebKit/537.36 (KHTML, like Gecko) Chrome/102.0.5005.115 Mobile Safari/537.36 (compatible; Googlebot/2.1; +http://www.google.com/bot.html)"
114.119.147.74 - - [24/Jun/2022:01:21:47 +0000] "GET /ch7_3363 HTTP/1.1" 301 178 "https://mrchoke.org/node/1101?share=linkedin" "Mozilla/5.0 (Linux; Android 7.0;) AppleWebKit/537.36 (KHTML, like Gecko) Mobile Safari/537.36 (compatible; PetalBot;+https://webmaster.petalsearch.com/site/petalbot)"
114.119.147.74 - - [24/Jun/2022:01:21:48 +0000] "GET /ch7_3363/ HTTP/1.1" 200 7884 "https://mrchoke.org/node/1101?share=linkedin" "Mozilla/5.0 (Linux; Android 7.0;) AppleWebKit/537.36 (KHTML, like Gecko) Mobile Safari/537.36 (compatible; PetalBot;+https://webmaster.petalsearch.com/site/petalbot)"
185.191.171.11 - - [24/Jun/2022:01:22:31 +0000] "GET /ch7_6446 HTTP/1.1" 301 178 "-" "Mozilla/5.0 (compatible; SemrushBot/7~bl; +http://www.semrush.com/bot.html)"
185.191.171.5 - - [24/Jun/2022:01:22:34 +0000] "GET /ch7_6446/ HTTP/1.1" 200 7883 "-" "Mozilla/5.0 (compatible; SemrushBot/7~bl; +http://www.semrush.com/bot.html)"
87.250.224.3 - - [24/Jun/2022:01:23:43 +0000] "GET /robots.txt HTTP/1.1" 404 162 "-" "Mozilla/5.0 (compatible; YandexBot/3.0; +http://yandex.com/bots)"
87.250.224.3 - - [24/Jun/2022:01:23:46 +0000] "GET /node/1583 HTTP/1.1" 302 154 "-" "Mozilla/5.0 (compatible; YandexBot/3.0; +http://yandex.com/bots)"
87.250.224.3 - - [24/Jun/2022:01:23:48 +0000] "GET /node/1583 HTTP/1.1" 301 178 "-" "Mozilla/5.0 (compatible; YandexBot/3.0; +http://yandex.com/bots)"
87.250.224.3 - - [24/Jun/2022:01:23:49 +0000] "GET /node/1583/ HTTP/1.1" 200 10715 "-" "Mozilla/5.0 (compatible; YandexBot/3.0; +http://yandex.com/bots)"
185.21.216.169 - - [24/Jun/2022:01:24:15 +0000] "GET / HTTP/1.1" 200 396 "-" "Mozilla/5.0 (Macintosh; Intel Mac OS X 10_15_7) AppleWebKit/537.36 (KHTML, like Gecko) Chrome/102.0.0.0 Safari/537.36"
114.119.147.74 - - [24/Jun/2022:01:24:18 +0000] "GET /node/328?share=linkedin HTTP/1.1" 302 154 "https://mrchoke.org/node/328?ak_action=reject_mobile" "Mozilla/5.0 (Linux; Android 7.0;) AppleWebKit/537.36 (KHTML, like Gecko) Mobile Safari/537.36 (compatible; PetalBot;+https://webmaster.petalsearch.com/site/petalbot)"
114.119.147.74 - - [24/Jun/2022:01:24:18 +0000] "GET /node/328?share=linkedin HTTP/1.1" 301 178 "https://mrchoke.org/node/328?ak_action=reject_mobile" "Mozilla/5.0 (Linux; Android 7.0;) AppleWebKit/537.36 (KHTML, like Gecko) Mobile Safari/537.36 (compatible; PetalBot;+https://webmaster.petalsearch.com/site/petalbot)"
114.119.147.74 - - [24/Jun/2022:01:24:18 +0000] "GET /node/328/?share=linkedin HTTP/1.1" 200 9034 "https://mrchoke.org/node/328?ak_action=reject_mobile" "Mozilla/5.0 (Linux; Android 7.0;) AppleWebKit/537.36 (KHTML, like Gecko) Mobile Safari/537.36 (compatible; PetalBot;+https://webmaster.petalsearch.com/site/petalbot)"
216.244.66.229 - - [24/Jun/2022:01:24:42 +0000] "GET /ch7_3414/ HTTP/1.1" 404 162 "-" "Mozilla/5.0 (compatible; DotBot/1.2; +https://opensiteexplorer.org/dotbot; help@moz.com)"
54.36.148.253 - - [24/Jun/2022:01:25:02 +0000] "GET /robots.txt HTTP/2.0" 301 178 "-" "Mozilla/5.0 (compatible; AhrefsBot/7.0; +http://ahrefs.com/robot/)"
54.36.148.253 - - [24/Jun/2022:01:25:03 +0000] "GET /robots.txt HTTP/2.0" 404 123 "-" "Mozilla/5.0 (compatible; AhrefsBot/7.0; +http://ahrefs.com/robot/)"
185.7.214.104 - - [24/Jun/2022:01:25:57 +0000] "GET /actuator/gateway/routes HTTP/1.1" 404 197 "-" "Mozilla/5.0 (Windows NT 10.0; Win64; x64) AppleWebKit/537.36 (KHTML, like Gecko) Chrome/78.0.3904.108 Safari/537.36"
114.119.147.87 - - [24/Jun/2022:01:26:54 +0000] "GET /node/247?share=facebook HTTP/1.1" 302 154 "https://mrchoke.org/node/247?ak_action=reject_mobile" "Mozilla/5.0 (Linux; Android 7.0;) AppleWebKit/537.36 (KHTML, like Gecko) Mobile Safari/537.36 (compatible; PetalBot;+https://webmaster.petalsearch.com/site/petalbot)"
114.119.147.87 - - [24/Jun/2022:01:26:54 +0000] "GET /node/247?share=facebook HTTP/1.1" 301 178 "https://mrchoke.org/node/247?ak_action=reject_mobile" "Mozilla/5.0 (Linux; Android 7.0;) AppleWebKit/537.36 (KHTML, like Gecko) Mobile Safari/537.36 (compatible; PetalBot;+https://webmaster.petalsearch.com/site/petalbot)"
114.119.147.87 - - [24/Jun/2022:01:26:54 +0000] "GET /node/247/?share=facebook HTTP/1.1" 200 15942 "https://mrchoke.org/node/247?ak_action=reject_mobile" "Mozilla/5.0 (Linux; Android 7.0;) AppleWebKit/537.36 (KHTML, like Gecko) Mobile Safari/537.36 (compatible; PetalBot;+https://webmaster.petalsearch.com/site/petalbot)"
167.248.133.120 - - [24/Jun/2022:01:27:11 +0000] "GET / HTTP/1.1" 200 612 "-" "-"
167.248.133.120 - - [24/Jun/2022:01:27:11 +0000] "GET / HTTP/1.1" 200 396 "-" "Mozilla/5.0 (compatible; CensysInspect/1.1; +https://about.censys.io/)"
167.248.133.120 - - [24/Jun/2022:01:27:12 +0000] "PRI * HTTP/2.0" 400 166 "-" "-"
212.71.255.35 - - [24/Jun/2022:01:28:32 +0000] "GET / HTTP/1.1" 301 178 "-" "Mozilla/5.0 (Windows NT 6.1; WOW64; rv:8.0) Gecko/20100101 Firefox/8.0"
212.71.255.35 - - [24/Jun/2022:01:28:33 +0000] "GET / HTTP/1.1" 200 920 "-" "Mozilla/5.0 (Windows NT 6.1; WOW64; rv:8.0) Gecko/20100101 Firefox/8.0"
20.127.168.184 - - [24/Jun/2022:01:29:13 +0000] "GET /.well-known/ HTTP/1.1" 404 197 "www.google.com" "Mozlila/5.0 (Linux; Android 7.0; SM-G892A Bulid/NRD90M; wv) AppleWebKit/537.36 (KHTML, like Gecko) Version/4.0 Chrome/60.0.3112.107 Moblie Safari/537.36"
20.127.168.184 - - [24/Jun/2022:01:29:27 +0000] "GET /.well-known/acme-challenge/ HTTP/1.1" 404 197 "www.google.com" "Mozlila/5.0 (Linux; Android 7.0; SM-G892A Bulid/NRD90M; wv) AppleWebKit/537.36 (KHTML, like Gecko) Version/4.0 Chrome/60.0.3112.107 Moblie Safari/537.36"
20.127.168.184 - - [24/Jun/2022:01:29:39 +0000] "GET /wp-includes/js/ HTTP/1.1" 404 197 "www.google.com" "Mozlila/5.0 (Linux; Android 7.0; SM-G892A Bulid/NRD90M; wv) AppleWebKit/537.36 (KHTML, like Gecko) Version/4.0 Chrome/60.0.3112.107 Moblie Safari/537.36"
207.46.13.149 - - [24/Jun/2022:01:29:45 +0000] "GET /node/tag/%E0%B8%A7%E0%B8%B1%E0%B8%94%E0%B9%84%E0%B8%9C%E0%B9%88%E0%B8%A5%E0%B9%89%E0%B8%AD%E0%B8%A1 HTTP/2.0" 404 123 "-" "Mozilla/5.0 (compatible; bingbot/2.0; +http://www.bing.com/bingbot.htm)"
54.36.148.53 - - [24/Jun/2022:01:29:50 +0000] "GET /node/237/ HTTP/2.0" 200 8234 "-" "Mozilla/5.0 (compatible; AhrefsBot/7.0; +http://ahrefs.com/robot/)"
20.127.168.184 - - [24/Jun/2022:01:29:52 +0000] "GET /wp-admin/css/ HTTP/1.1" 404 197 "www.google.com" "Mozlila/5.0 (Linux; Android 7.0; SM-G892A Bulid/NRD90M; wv) AppleWebKit/537.36 (KHTML, like Gecko) Version/4.0 Chrome/60.0.3112.107 Moblie Safari/537.36"
114.119.147.97 - - [24/Jun/2022:01:29:59 +0000] "GET /node/1496 HTTP/1.1" 301 178 "https://static.mrchoke.org/node/1480" "Mozilla/5.0 (Linux; Android 7.0;) AppleWebKit/537.36 (KHTML, like Gecko) Mobile Safari/537.36 (compatible; PetalBot;+https://webmaster.petalsearch.com/site/petalbot)"
20.127.168.184 - - [24/Jun/2022:01:30:08 +0000] "GET /wp-includes/css/ HTTP/1.1" 404 197 "www.google.com" "Mozlila/5.0 (Linux; Android 7.0; SM-G892A Bulid/NRD90M; wv) AppleWebKit/537.36 (KHTML, like Gecko) Version/4.0 Chrome/60.0.3112.107 Moblie Safari/537.36"
20.127.168.184 - - [24/Jun/2022:01:30:22 +0000] "GET /wp-includes/images/ HTTP/1.1" 404 197 "www.google.com" "Mozlila/5.0 (Linux; Android 7.0; SM-G892A Bulid/NRD90M; wv) AppleWebKit/537.36 (KHTML, like Gecko) Version/4.0 Chrome/60.0.3112.107 Moblie Safari/537.36"
20.127.168.184 - - [24/Jun/2022:01:30:37 +0000] "GET /wp-admin/maint/ HTTP/1.1" 404 197 "www.google.com" "Mozlila/5.0 (Linux; Android 7.0; SM-G892A Bulid/NRD90M; wv) AppleWebKit/537.36 (KHTML, like Gecko) Version/4.0 Chrome/60.0.3112.107 Moblie Safari/537.36"
20.127.168.184 - - [24/Jun/2022:01:30:50 +0000] "GET /wp-admin/network/ HTTP/1.1" 404 197 "www.google.com" "Mozlila/5.0 (Linux; Android 7.0; SM-G892A Bulid/NRD90M; wv) AppleWebKit/537.36 (KHTML, like Gecko) Version/4.0 Chrome/60.0.3112.107 Moblie Safari/537.36"
114.119.147.97 - - [24/Jun/2022:01:30:58 +0000] "GET /node/1496 HTTP/1.1" 301 178 "https://static.mrchoke.org/node/1480" "Mozilla/5.0 (Linux; Android 7.0;) AppleWebKit/537.36 (KHTML, like Gecko) Mobile Safari/537.36 (compatible; PetalBot;+https://webmaster.petalsearch.com/site/petalbot)"
