114.119.147.75 - - [28/Jun/2022:17:36:50 +0000] "GET /node/1657/img_7627?share=reddit HTTP/1.1" 301 178 "https://mrchoke.org/node/1657/img_7627?ak_action=accept_mobile" "Mozilla/5.0 (Linux; Android 7.0;) AppleWebKit/537.36 (KHTML, like Gecko) Mobile Safari/537.36 (compatible; PetalBot;+https://webmaster.petalsearch.com/site/petalbot)"
114.119.147.75 - - [28/Jun/2022:17:36:54 +0000] "GET /node/1657/img_7627/?share=reddit HTTP/1.1" 200 7886 "https://mrchoke.org/node/1657/img_7627?ak_action=accept_mobile" "Mozilla/5.0 (Linux; Android 7.0;) AppleWebKit/537.36 (KHTML, like Gecko) Mobile Safari/537.36 (compatible; PetalBot;+https://webmaster.petalsearch.com/site/petalbot)"
51.222.253.7 - - [28/Jun/2022:17:37:03 +0000] "GET /node/date/2005/06/03/ HTTP/2.0" 200 8458 "-" "Mozilla/5.0 (compatible; AhrefsBot/7.0; +http://ahrefs.com/robot/)"
114.119.147.97 - - [28/Jun/2022:17:39:13 +0000] "GET /node/date/2010/06 HTTP/1.1" 302 154 "https://mrchoke.org/node/939/img_6419" "Mozilla/5.0 (Linux; Android 7.0;) AppleWebKit/537.36 (KHTML, like Gecko) Mobile Safari/537.36 (compatible; PetalBot;+https://webmaster.petalsearch.com/site/petalbot)"
114.119.147.97 - - [28/Jun/2022:17:39:15 +0000] "GET /node/date/2010/06 HTTP/1.1" 301 178 "https://mrchoke.org/node/939/img_6419" "Mozilla/5.0 (Linux; Android 7.0;) AppleWebKit/537.36 (KHTML, like Gecko) Mobile Safari/537.36 (compatible; PetalBot;+https://webmaster.petalsearch.com/site/petalbot)"
114.119.147.97 - - [28/Jun/2022:17:39:16 +0000] "GET /node/date/2010/06/ HTTP/1.1" 200 11791 "https://mrchoke.org/node/939/img_6419" "Mozilla/5.0 (Linux; Android 7.0;) AppleWebKit/537.36 (KHTML, like Gecko) Mobile Safari/537.36 (compatible; PetalBot;+https://webmaster.petalsearch.com/site/petalbot)"
66.249.64.212 - - [28/Jun/2022:17:39:30 +0000] "GET /node/245/ HTTP/1.1" 200 10623 "-" "Mozilla/5.0 (Linux; Android 6.0.1; Nexus 5X Build/MMB29P) AppleWebKit/537.36 (KHTML, like Gecko) Chrome/103.0.5060.53 Mobile Safari/537.36 (compatible; Googlebot/2.1; +http://www.google.com/bot.html)"
66.249.64.214 - - [28/Jun/2022:17:39:48 +0000] "GET /wp-includes/js/comment-reply.min.js?ver=5.7.1 HTTP/1.1" 200 2984 "https://static.mrchoke.org/node/245/" "Mozilla/5.0 (Linux; Android 6.0.1; Nexus 5X Build/MMB29P) AppleWebKit/537.36 (KHTML, like Gecko) Chrome/102.0.5005.115 Mobile Safari/537.36 (compatible; Googlebot/2.1; +http://www.google.com/bot.html)"
51.222.253.4 - - [28/Jun/2022:17:40:18 +0000] "GET /node/date/2007/03/05/ HTTP/2.0" 200 7676 "-" "Mozilla/5.0 (compatible; AhrefsBot/7.0; +http://ahrefs.com/robot/)"
185.191.171.35 - - [28/Jun/2022:17:41:08 +0000] "GET /img_7280 HTTP/1.1" 301 178 "-" "Mozilla/5.0 (compatible; SemrushBot/7~bl; +http://www.semrush.com/bot.html)"
185.191.171.43 - - [28/Jun/2022:17:41:10 +0000] "GET /img_7280/ HTTP/1.1" 200 7886 "-" "Mozilla/5.0 (compatible; SemrushBot/7~bl; +http://www.semrush.com/bot.html)"
114.119.147.74 - - [28/Jun/2022:17:41:48 +0000] "GET /node/349?share=reddit HTTP/1.1" 302 154 "https://mrchoke.org/node/349?ak_action=accept_mobile" "Mozilla/5.0 (Linux; Android 7.0;) AppleWebKit/537.36 (KHTML, like Gecko) Mobile Safari/537.36 (compatible; PetalBot;+https://webmaster.petalsearch.com/site/petalbot)"
114.119.147.74 - - [28/Jun/2022:17:41:48 +0000] "GET /node/349?share=reddit HTTP/1.1" 301 178 "https://mrchoke.org/node/349?ak_action=accept_mobile" "Mozilla/5.0 (Linux; Android 7.0;) AppleWebKit/537.36 (KHTML, like Gecko) Mobile Safari/537.36 (compatible; PetalBot;+https://webmaster.petalsearch.com/site/petalbot)"
114.119.147.74 - - [28/Jun/2022:17:41:50 +0000] "GET /node/349/?share=reddit HTTP/1.1" 200 7831 "https://mrchoke.org/node/349?ak_action=accept_mobile" "Mozilla/5.0 (Linux; Android 7.0;) AppleWebKit/537.36 (KHTML, like Gecko) Mobile Safari/537.36 (compatible; PetalBot;+https://webmaster.petalsearch.com/site/petalbot)"
147.124.218.36 - - [28/Jun/2022:17:42:05 +0000] "GET /node/755/ HTTP/1.1" 200 11681 "-" "Mozilla/4.0 (compatible; MSIE 7.0; Windows NT 6.2; WOW64; Trident/7.0; .NET4.0E; .NET4.0C)"
51.222.253.8 - - [28/Jun/2022:17:43:44 +0000] "GET /node/date/2004/11/17/ HTTP/2.0" 200 8044 "-" "Mozilla/5.0 (compatible; AhrefsBot/7.0; +http://ahrefs.com/robot/)"
114.119.147.87 - - [28/Jun/2022:17:44:14 +0000] "GET /node/357?ak_action=accept_mobile HTTP/1.1" 302 154 "https://mrchoke.org/node/357?ak_action=reject_mobile" "Mozilla/5.0 (Linux; Android 7.0;) AppleWebKit/537.36 (KHTML, like Gecko) Mobile Safari/537.36 (compatible; PetalBot;+https://webmaster.petalsearch.com/site/petalbot)"
114.119.147.87 - - [28/Jun/2022:17:44:15 +0000] "GET /node/357?ak_action=accept_mobile HTTP/1.1" 301 178 "https://mrchoke.org/node/357?ak_action=reject_mobile" "Mozilla/5.0 (Linux; Android 7.0;) AppleWebKit/537.36 (KHTML, like Gecko) Mobile Safari/537.36 (compatible; PetalBot;+https://webmaster.petalsearch.com/site/petalbot)"
114.119.147.87 - - [28/Jun/2022:17:44:15 +0000] "GET /node/357/?ak_action=accept_mobile HTTP/1.1" 200 8571 "https://mrchoke.org/node/357?ak_action=reject_mobile" "Mozilla/5.0 (Linux; Android 7.0;) AppleWebKit/537.36 (KHTML, like Gecko) Mobile Safari/537.36 (compatible; PetalBot;+https://webmaster.petalsearch.com/site/petalbot)"
185.191.171.22 - - [28/Jun/2022:17:44:20 +0000] "GET /robots.txt HTTP/1.1" 404 134 "-" "Mozilla/5.0 (compatible; SemrushBot/7~bl; +http://www.semrush.com/bot.html)"
185.191.171.5 - - [28/Jun/2022:17:44:22 +0000] "GET /node/date/2012/04/16 HTTP/1.1" 301 178 "-" "Mozilla/5.0 (compatible; SemrushBot/7~bl; +http://www.semrush.com/bot.html)"
185.191.171.44 - - [28/Jun/2022:17:44:24 +0000] "GET /node/date/2012/04/16/ HTTP/1.1" 200 8254 "-" "Mozilla/5.0 (compatible; SemrushBot/7~bl; +http://www.semrush.com/bot.html)"
45.95.39.235 - - [28/Jun/2022:17:44:39 +0000] "GET / HTTP/1.1" 200 396 "-" "Mozilla/5.0 (Windows NT 10.0; WOW64) AppleWebKit/537.36 (KHTML, like Gecko) Chrome/68.0.3423.2 Safari/537.36"
114.119.147.81 - - [28/Jun/2022:17:46:46 +0000] "GET /node/790/img_6152 HTTP/1.1" 302 154 "https://mrchoke.org/node/790/img_6156?ak_action=accept_mobile" "Mozilla/5.0 (Linux; Android 7.0;) AppleWebKit/537.36 (KHTML, like Gecko) Mobile Safari/537.36 (compatible; PetalBot;+https://webmaster.petalsearch.com/site/petalbot)"
114.119.147.81 - - [28/Jun/2022:17:46:47 +0000] "GET /node/790/img_6152 HTTP/1.1" 301 178 "https://mrchoke.org/node/790/img_6156?ak_action=accept_mobile" "Mozilla/5.0 (Linux; Android 7.0;) AppleWebKit/537.36 (KHTML, like Gecko) Mobile Safari/537.36 (compatible; PetalBot;+https://webmaster.petalsearch.com/site/petalbot)"
114.119.147.81 - - [28/Jun/2022:17:46:48 +0000] "GET /node/790/img_6152/ HTTP/1.1" 200 7922 "https://mrchoke.org/node/790/img_6156?ak_action=accept_mobile" "Mozilla/5.0 (Linux; Android 7.0;) AppleWebKit/537.36 (KHTML, like Gecko) Mobile Safari/537.36 (compatible; PetalBot;+https://webmaster.petalsearch.com/site/petalbot)"
51.222.253.18 - - [28/Jun/2022:17:47:05 +0000] "GET /node/date/2012/04/24/ HTTP/2.0" 200 9559 "-" "Mozilla/5.0 (compatible; AhrefsBot/7.0; +http://ahrefs.com/robot/)"
185.191.171.22 - - [28/Jun/2022:17:47:36 +0000] "GET /node/292 HTTP/1.1" 301 178 "-" "Mozilla/5.0 (compatible; SemrushBot/7~bl; +http://www.semrush.com/bot.html)"
185.191.171.8 - - [28/Jun/2022:17:47:38 +0000] "GET /node/292/ HTTP/1.1" 200 8036 "-" "Mozilla/5.0 (compatible; SemrushBot/7~bl; +http://www.semrush.com/bot.html)"
114.119.147.81 - - [28/Jun/2022:17:49:23 +0000] "GET /node/1558/img_7525?share=linkedin HTTP/1.1" 302 154 "https://mrchoke.org/node/1558/img_7525?ak_action=accept_mobile" "Mozilla/5.0 (Linux; Android 7.0;) AppleWebKit/537.36 (KHTML, like Gecko) Mobile Safari/537.36 (compatible; PetalBot;+https://webmaster.petalsearch.com/site/petalbot)"
114.119.147.81 - - [28/Jun/2022:17:49:24 +0000] "GET /node/1558/img_7525?share=linkedin HTTP/1.1" 301 178 "https://mrchoke.org/node/1558/img_7525?ak_action=accept_mobile" "Mozilla/5.0 (Linux; Android 7.0;) AppleWebKit/537.36 (KHTML, like Gecko) Mobile Safari/537.36 (compatible; PetalBot;+https://webmaster.petalsearch.com/site/petalbot)"
114.119.147.81 - - [28/Jun/2022:17:49:24 +0000] "GET /node/1558/img_7525/?share=linkedin HTTP/1.1" 200 7926 "https://mrchoke.org/node/1558/img_7525?ak_action=accept_mobile" "Mozilla/5.0 (Linux; Android 7.0;) AppleWebKit/537.36 (KHTML, like Gecko) Mobile Safari/537.36 (compatible; PetalBot;+https://webmaster.petalsearch.com/site/petalbot)"
185.191.171.38 - - [28/Jun/2022:17:50:07 +0000] "GET /node/1885/5 HTTP/1.1" 301 178 "-" "Mozilla/5.0 (compatible; SemrushBot/7~bl; +http://www.semrush.com/bot.html)"
185.191.171.19 - - [28/Jun/2022:17:50:09 +0000] "GET /node/1885/5/ HTTP/1.1" 200 10346 "-" "Mozilla/5.0 (compatible; SemrushBot/7~bl; +http://www.semrush.com/bot.html)"
51.222.253.4 - - [28/Jun/2022:17:50:34 +0000] "GET /node/date/2004/05/31/ HTTP/2.0" 200 7964 "-" "Mozilla/5.0 (compatible; AhrefsBot/7.0; +http://ahrefs.com/robot/)"
185.191.171.33 - - [28/Jun/2022:17:51:02 +0000] "GET /img_7157 HTTP/1.1" 301 178 "-" "Mozilla/5.0 (compatible; SemrushBot/7~bl; +http://www.semrush.com/bot.html)"
185.191.171.23 - - [28/Jun/2022:17:51:04 +0000] "GET /img_7157/ HTTP/1.1" 200 7927 "-" "Mozilla/5.0 (compatible; SemrushBot/7~bl; +http://www.semrush.com/bot.html)"
185.191.171.3 - - [28/Jun/2022:17:51:07 +0000] "GET /node/category/pidgin HTTP/1.1" 301 178 "-" "Mozilla/5.0 (compatible; SemrushBot/7~bl; +http://www.semrush.com/bot.html)"
185.191.171.26 - - [28/Jun/2022:17:51:09 +0000] "GET /node/category/pidgin/ HTTP/1.1" 200 11205 "-" "Mozilla/5.0 (compatible; SemrushBot/7~bl; +http://www.semrush.com/bot.html)"
114.119.147.86 - - [28/Jun/2022:17:51:52 +0000] "GET /node/204 HTTP/1.1" 302 154 "https://mrchoke.org/node/205?share=facebook" "Mozilla/5.0 (Linux; Android 7.0;) AppleWebKit/537.36 (KHTML, like Gecko) Mobile Safari/537.36 (compatible; PetalBot;+https://webmaster.petalsearch.com/site/petalbot)"
114.119.147.86 - - [28/Jun/2022:17:51:53 +0000] "GET /node/204 HTTP/1.1" 301 178 "https://mrchoke.org/node/205?share=facebook" "Mozilla/5.0 (Linux; Android 7.0;) AppleWebKit/537.36 (KHTML, like Gecko) Mobile Safari/537.36 (compatible; PetalBot;+https://webmaster.petalsearch.com/site/petalbot)"
114.119.147.86 - - [28/Jun/2022:17:51:58 +0000] "GET /node/204/ HTTP/1.1" 200 8562 "https://mrchoke.org/node/205?share=facebook" "Mozilla/5.0 (Linux; Android 7.0;) AppleWebKit/537.36 (KHTML, like Gecko) Mobile Safari/537.36 (compatible; PetalBot;+https://webmaster.petalsearch.com/site/petalbot)"
114.119.147.74 - - [28/Jun/2022:17:54:16 +0000] "GET /node/date/2014/01/23 HTTP/1.1" 301 178 "https://mrchoke.org/node/1335?share=reddit" "Mozilla/5.0 (Linux; Android 7.0;) AppleWebKit/537.36 (KHTML, like Gecko) Mobile Safari/537.36 (compatible; PetalBot;+https://webmaster.petalsearch.com/site/petalbot)"
114.119.147.74 - - [28/Jun/2022:17:54:17 +0000] "GET /node/date/2014/01/23/ HTTP/1.1" 200 8588 "https://mrchoke.org/node/1335?share=reddit" "Mozilla/5.0 (Linux; Android 7.0;) AppleWebKit/537.36 (KHTML, like Gecko) Mobile Safari/537.36 (compatible; PetalBot;+https://webmaster.petalsearch.com/site/petalbot)"
51.222.253.3 - - [28/Jun/2022:17:54:23 +0000] "GET /node/tag/polar-h7/ HTTP/2.0" 200 9301 "-" "Mozilla/5.0 (compatible; AhrefsBot/7.0; +http://ahrefs.com/robot/)"
51.222.253.11 - - [28/Jun/2022:17:54:26 +0000] "GET /wp-includes/css/dist/block-library/style.min.css?ver=5.7.1 HTTP/2.0" 200 58171 "-" "Mozilla/5.0 (compatible; AhrefsBot/7.0; +http://ahrefs.com/robot/)"
51.222.253.3 - - [28/Jun/2022:17:54:28 +0000] "GET /wp-includes/js/wp-embed.min.js?ver=5.7.1 HTTP/2.0" 200 1426 "-" "Mozilla/5.0 (compatible; AhrefsBot/7.0; +http://ahrefs.com/robot/)"
51.222.253.2 - - [28/Jun/2022:17:54:30 +0000] "GET /wp-content/uploads/2014/02/IMG_7556-300x300.jpg HTTP/2.0" 200 26001 "-" "Mozilla/5.0 (compatible; AhrefsBot/7.0; +http://ahrefs.com/robot/)"
185.191.171.16 - - [28/Jun/2022:17:55:11 +0000] "GET /robots.txt HTTP/1.1" 404 134 "-" "Mozilla/5.0 (compatible; SemrushBot/7~bl; +http://www.semrush.com/bot.html)"
185.191.171.20 - - [28/Jun/2022:17:55:12 +0000] "GET /node/category/cert HTTP/1.1" 302 154 "-" "Mozilla/5.0 (compatible; SemrushBot/7~bl; +http://www.semrush.com/bot.html)"
185.191.171.37 - - [28/Jun/2022:17:55:14 +0000] "GET /node/category/cert HTTP/1.1" 301 178 "-" "Mozilla/5.0 (compatible; SemrushBot/7~bl; +http://www.semrush.com/bot.html)"
185.191.171.15 - - [28/Jun/2022:17:55:18 +0000] "GET /node/category/cert/ HTTP/1.1" 200 9244 "-" "Mozilla/5.0 (compatible; SemrushBot/7~bl; +http://www.semrush.com/bot.html)"
114.119.147.74 - - [28/Jun/2022:17:56:49 +0000] "GET /node/984/img_6463?share=facebook HTTP/1.1" 302 154 "https://mrchoke.org/node/984/img_6463" "Mozilla/5.0 (Linux; Android 7.0;) AppleWebKit/537.36 (KHTML, like Gecko) Mobile Safari/537.36 (compatible; PetalBot;+https://webmaster.petalsearch.com/site/petalbot)"
114.119.147.74 - - [28/Jun/2022:17:56:50 +0000] "GET /node/984/img_6463?share=facebook HTTP/1.1" 301 178 "https://mrchoke.org/node/984/img_6463" "Mozilla/5.0 (Linux; Android 7.0;) AppleWebKit/537.36 (KHTML, like Gecko) Mobile Safari/537.36 (compatible; PetalBot;+https://webmaster.petalsearch.com/site/petalbot)"
114.119.147.74 - - [28/Jun/2022:17:56:51 +0000] "GET /node/984/img_6463/?share=facebook HTTP/1.1" 200 7892 "https://mrchoke.org/node/984/img_6463" "Mozilla/5.0 (Linux; Android 7.0;) AppleWebKit/537.36 (KHTML, like Gecko) Mobile Safari/537.36 (compatible; PetalBot;+https://webmaster.petalsearch.com/site/petalbot)"
51.222.253.18 - - [28/Jun/2022:17:58:16 +0000] "GET /node/date/2004/05/14/ HTTP/2.0" 200 8364 "-" "Mozilla/5.0 (compatible; AhrefsBot/7.0; +http://ahrefs.com/robot/)"
114.119.147.87 - - [28/Jun/2022:17:59:24 +0000] "GET /node/143?ak_action=accept_mobile HTTP/1.1" 302 154 "https://mrchoke.org/node/143?ak_action=reject_mobile" "Mozilla/5.0 (Linux; Android 7.0;) AppleWebKit/537.36 (KHTML, like Gecko) Mobile Safari/537.36 (compatible; PetalBot;+https://webmaster.petalsearch.com/site/petalbot)"
114.119.147.87 - - [28/Jun/2022:17:59:29 +0000] "GET /node/143?ak_action=accept_mobile HTTP/1.1" 301 178 "https://mrchoke.org/node/143?ak_action=reject_mobile" "Mozilla/5.0 (Linux; Android 7.0;) AppleWebKit/537.36 (KHTML, like Gecko) Mobile Safari/537.36 (compatible; PetalBot;+https://webmaster.petalsearch.com/site/petalbot)"
114.119.147.87 - - [28/Jun/2022:17:59:29 +0000] "GET /node/143/?ak_action=accept_mobile HTTP/1.1" 200 8555 "https://mrchoke.org/node/143?ak_action=reject_mobile" "Mozilla/5.0 (Linux; Android 7.0;) AppleWebKit/537.36 (KHTML, like Gecko) Mobile Safari/537.36 (compatible; PetalBot;+https://webmaster.petalsearch.com/site/petalbot)"
207.46.13.4 - - [28/Jun/2022:17:59:52 +0000] "GET /node/451 HTTP/2.0" 302 154 "-" "Mozilla/5.0 (compatible; bingbot/2.0; +http://www.bing.com/bingbot.htm)"
207.46.13.4 - - [28/Jun/2022:18:00:02 +0000] "GET /node/451 HTTP/2.0" 301 178 "-" "Mozilla/5.0 (compatible; bingbot/2.0; +http://www.bing.com/bingbot.htm)"
207.46.13.4 - - [28/Jun/2022:18:00:13 +0000] "GET /node/451/ HTTP/2.0" 200 8572 "-" "Mozilla/5.0 (compatible; bingbot/2.0; +http://www.bing.com/bingbot.htm)"
207.46.13.174 - - [28/Jun/2022:18:00:45 +0000] "GET /node/244/feed HTTP/2.0" 301 178 "-" "Mozilla/5.0 (compatible; bingbot/2.0; +http://www.bing.com/bingbot.htm)"
207.46.13.174 - - [28/Jun/2022:18:00:54 +0000] "GET /node/244/feed/ HTTP/2.0" 403 123 "-" "Mozilla/5.0 (compatible; bingbot/2.0; +http://www.bing.com/bingbot.htm)"
192.241.222.16 - - [28/Jun/2022:18:01:33 +0000] "SSH-2.0-Go" 400 166 "-" "-"
66.249.70.184 - - [28/Jun/2022:18:01:34 +0000] "GET /node/648/feed HTTP/1.1" 302 154 "-" "Mozilla/5.0 (Linux; Android 6.0.1; Nexus 5X Build/MMB29P) AppleWebKit/537.36 (KHTML, like Gecko) Chrome/103.0.5060.53 Mobile Safari/537.36 (compatible; Googlebot/2.1; +http://www.google.com/bot.html)"
66.249.64.214 - - [28/Jun/2022:18:01:35 +0000] "GET /node/648/feed HTTP/1.1" 301 178 "-" "Mozilla/5.0 (Linux; Android 6.0.1; Nexus 5X Build/MMB29P) AppleWebKit/537.36 (KHTML, like Gecko) Chrome/103.0.5060.53 Mobile Safari/537.36 (compatible; Googlebot/2.1; +http://www.google.com/bot.html)"
66.249.64.212 - - [28/Jun/2022:18:01:36 +0000] "GET /node/648/feed/ HTTP/1.1" 403 196 "-" "Mozilla/5.0 (Linux; Android 6.0.1; Nexus 5X Build/MMB29P) AppleWebKit/537.36 (KHTML, like Gecko) Chrome/103.0.5060.53 Mobile Safari/537.36 (compatible; Googlebot/2.1; +http://www.google.com/bot.html)"
114.119.147.97 - - [28/Jun/2022:18:01:55 +0000] "GET /node/1777 HTTP/1.1" 302 154 "https://mrchoke.org/page/3?ak_action=accept_mobile" "Mozilla/5.0 (Linux; Android 7.0;) AppleWebKit/537.36 (KHTML, like Gecko) Mobile Safari/537.36 (compatible; PetalBot;+https://webmaster.petalsearch.com/site/petalbot)"
114.119.147.97 - - [28/Jun/2022:18:01:57 +0000] "GET /node/1777 HTTP/1.1" 301 178 "https://mrchoke.org/page/3?ak_action=accept_mobile" "Mozilla/5.0 (Linux; Android 7.0;) AppleWebKit/537.36 (KHTML, like Gecko) Mobile Safari/537.36 (compatible; PetalBot;+https://webmaster.petalsearch.com/site/petalbot)"
114.119.147.97 - - [28/Jun/2022:18:02:00 +0000] "GET /node/1777/ HTTP/1.1" 200 9437 "https://mrchoke.org/page/3?ak_action=accept_mobile" "Mozilla/5.0 (Linux; Android 7.0;) AppleWebKit/537.36 (KHTML, like Gecko) Mobile Safari/537.36 (compatible; PetalBot;+https://webmaster.petalsearch.com/site/petalbot)"
51.222.253.20 - - [28/Jun/2022:18:02:12 +0000] "GET /node/date/2014/01/02/ HTTP/2.0" 200 9246 "-" "Mozilla/5.0 (compatible; AhrefsBot/7.0; +http://ahrefs.com/robot/)"
114.119.147.73 - - [28/Jun/2022:18:04:26 +0000] "GET /node/category/music/page/8/ HTTP/1.1" 200 11178 "-" "Mozilla/5.0 (Linux; Android 7.0;) AppleWebKit/537.36 (KHTML, like Gecko) Mobile Safari/537.36 (compatible; PetalBot;+https://webmaster.petalsearch.com/site/petalbot)"
51.222.253.5 - - [28/Jun/2022:18:06:01 +0000] "GET /node/date/2004/06/30/ HTTP/2.0" 200 7763 "-" "Mozilla/5.0 (compatible; AhrefsBot/7.0; +http://ahrefs.com/robot/)"
114.119.147.86 - - [28/Jun/2022:18:07:02 +0000] "GET /node/date/2005/05/01 HTTP/1.1" 301 178 "https://mrchoke.org/node/300" "Mozilla/5.0 (Linux; Android 7.0;) AppleWebKit/537.36 (KHTML, like Gecko) Mobile Safari/537.36 (compatible; PetalBot;+https://webmaster.petalsearch.com/site/petalbot)"
114.119.147.86 - - [28/Jun/2022:18:07:02 +0000] "GET /node/date/2005/05/01/ HTTP/1.1" 200 7855 "https://mrchoke.org/node/300" "Mozilla/5.0 (Linux; Android 7.0;) AppleWebKit/537.36 (KHTML, like Gecko) Mobile Safari/537.36 (compatible; PetalBot;+https://webmaster.petalsearch.com/site/petalbot)"
114.119.147.97 - - [28/Jun/2022:18:09:40 +0000] "GET /node/939/img_6448?ak_action=accept_mobile HTTP/1.1" 302 154 "https://mrchoke.org/node/939/img_6448?ak_action=reject_mobile" "Mozilla/5.0 (Linux; Android 7.0;) AppleWebKit/537.36 (KHTML, like Gecko) Mobile Safari/537.36 (compatible; PetalBot;+https://webmaster.petalsearch.com/site/petalbot)"
114.119.147.97 - - [28/Jun/2022:18:09:44 +0000] "GET /node/939/img_6448?ak_action=accept_mobile HTTP/1.1" 301 178 "https://mrchoke.org/node/939/img_6448?ak_action=reject_mobile" "Mozilla/5.0 (Linux; Android 7.0;) AppleWebKit/537.36 (KHTML, like Gecko) Mobile Safari/537.36 (compatible; PetalBot;+https://webmaster.petalsearch.com/site/petalbot)"
51.222.253.13 - - [28/Jun/2022:18:09:46 +0000] "GET /node/date/2006/05/08/ HTTP/2.0" 200 8237 "-" "Mozilla/5.0 (compatible; AhrefsBot/7.0; +http://ahrefs.com/robot/)"
114.119.147.97 - - [28/Jun/2022:18:09:48 +0000] "GET /node/939/img_6448/?ak_action=accept_mobile HTTP/1.1" 200 7892 "https://mrchoke.org/node/939/img_6448?ak_action=reject_mobile" "Mozilla/5.0 (Linux; Android 7.0;) AppleWebKit/537.36 (KHTML, like Gecko) Mobile Safari/537.36 (compatible; PetalBot;+https://webmaster.petalsearch.com/site/petalbot)"
114.119.147.73 - - [28/Jun/2022:18:12:05 +0000] "GET /node/426?share=linkedin HTTP/1.1" 302 154 "https://mrchoke.org/node/426?ak_action=accept_mobile" "Mozilla/5.0 (Linux; Android 7.0;) AppleWebKit/537.36 (KHTML, like Gecko) Mobile Safari/537.36 (compatible; PetalBot;+https://webmaster.petalsearch.com/site/petalbot)"
114.119.147.73 - - [28/Jun/2022:18:12:07 +0000] "GET /node/426?share=linkedin HTTP/1.1" 301 178 "https://mrchoke.org/node/426?ak_action=accept_mobile" "Mozilla/5.0 (Linux; Android 7.0;) AppleWebKit/537.36 (KHTML, like Gecko) Mobile Safari/537.36 (compatible; PetalBot;+https://webmaster.petalsearch.com/site/petalbot)"
114.119.147.73 - - [28/Jun/2022:18:12:07 +0000] "GET /node/426/?share=linkedin HTTP/1.1" 200 8518 "https://mrchoke.org/node/426?ak_action=accept_mobile" "Mozilla/5.0 (Linux; Android 7.0;) AppleWebKit/537.36 (KHTML, like Gecko) Mobile Safari/537.36 (compatible; PetalBot;+https://webmaster.petalsearch.com/site/petalbot)"
51.222.253.19 - - [28/Jun/2022:18:13:53 +0000] "GET /node/date/2005/06/07/ HTTP/2.0" 200 7921 "-" "Mozilla/5.0 (compatible; AhrefsBot/7.0; +http://ahrefs.com/robot/)"
114.119.147.75 - - [28/Jun/2022:18:14:39 +0000] "GET /wp-content/uploads/2014/01/IMG_7289-300x300.jpg?is-pending-load=1 HTTP/1.1" 404 134 "https://mrchoke.org/node/tag/%E0%B8%9A%E0%B8%A3%E0%B8%B4%E0%B8%88%E0%B8%B2%E0%B8%84%E0%B9%80%E0%B8%A5%E0%B8%B7%E0%B8%AD%E0%B8%94?ak_action=accept_mobile" "Mozilla/5.0 (Linux; Android 7.0;) AppleWebKit/537.36 (KHTML, like Gecko) Mobile Safari/537.36 (compatible; PetalBot;+https://webmaster.petalsearch.com/site/petalbot)"
205.210.31.15 - - [28/Jun/2022:18:15:59 +0000] "GET / HTTP/1.1" 200 612 "-" "Expanse, a Palo Alto Networks company, searches across the global IPv4 space multiple times per day to identify customers&#39; presences on the Internet. If you would like to be excluded from our scans, please send IP addresses/domains to: scaninfo@paloaltonetworks.com"
114.119.147.75 - - [28/Jun/2022:18:17:06 +0000] "GET /node/category/domain/page/19?ak_action=accept_mobile HTTP/1.1" 302 154 "https://mrchoke.org/node/category/domain/page/18?ak_action=accept_mobile" "Mozilla/5.0 (Linux; Android 7.0;) AppleWebKit/537.36 (KHTML, like Gecko) Mobile Safari/537.36 (compatible; PetalBot;+https://webmaster.petalsearch.com/site/petalbot)"
114.119.147.75 - - [28/Jun/2022:18:17:06 +0000] "GET /node/category/domain/page/19?ak_action=accept_mobile HTTP/1.1" 301 178 "https://mrchoke.org/node/category/domain/page/18?ak_action=accept_mobile" "Mozilla/5.0 (Linux; Android 7.0;) AppleWebKit/537.36 (KHTML, like Gecko) Mobile Safari/537.36 (compatible; PetalBot;+https://webmaster.petalsearch.com/site/petalbot)"
114.119.147.75 - - [28/Jun/2022:18:17:06 +0000] "GET /node/category/domain/page/19/?ak_action=accept_mobile HTTP/1.1" 200 8488 "https://mrchoke.org/node/category/domain/page/18?ak_action=accept_mobile" "Mozilla/5.0 (Linux; Android 7.0;) AppleWebKit/537.36 (KHTML, like Gecko) Mobile Safari/537.36 (compatible; PetalBot;+https://webmaster.petalsearch.com/site/petalbot)"
51.222.253.11 - - [28/Jun/2022:18:17:39 +0000] "GET /node/date/2014/01/15/ HTTP/2.0" 200 8948 "-" "Mozilla/5.0 (compatible; AhrefsBot/7.0; +http://ahrefs.com/robot/)"
216.244.66.229 - - [28/Jun/2022:18:18:01 +0000] "GET /robots.txt HTTP/1.1" 404 162 "-" "Mozilla/5.0 (compatible; DotBot/1.2; +https://opensiteexplorer.org/dotbot; help@moz.com)"
216.244.66.229 - - [28/Jun/2022:18:18:01 +0000] "GET /robots.txt HTTP/1.1" 404 162 "-" "Mozilla/5.0 (compatible; DotBot/1.2; +https://opensiteexplorer.org/dotbot; help@moz.com)"
114.119.147.73 - - [28/Jun/2022:18:19:40 +0000] "GET /node/393?share=linkedin HTTP/1.1" 302 154 "https://mrchoke.org/node/393?replytocom=489" "Mozilla/5.0 (Linux; Android 7.0;) AppleWebKit/537.36 (KHTML, like Gecko) Mobile Safari/537.36 (compatible; PetalBot;+https://webmaster.petalsearch.com/site/petalbot)"
114.119.147.73 - - [28/Jun/2022:18:19:41 +0000] "GET /node/393?share=linkedin HTTP/1.1" 301 178 "https://mrchoke.org/node/393?replytocom=489" "Mozilla/5.0 (Linux; Android 7.0;) AppleWebKit/537.36 (KHTML, like Gecko) Mobile Safari/537.36 (compatible; PetalBot;+https://webmaster.petalsearch.com/site/petalbot)"
114.119.147.73 - - [28/Jun/2022:18:19:42 +0000] "GET /node/393/?share=linkedin HTTP/1.1" 200 10162 "https://mrchoke.org/node/393?replytocom=489" "Mozilla/5.0 (Linux; Android 7.0;) AppleWebKit/537.36 (KHTML, like Gecko) Mobile Safari/537.36 (compatible; PetalBot;+https://webmaster.petalsearch.com/site/petalbot)"
216.244.66.229 - - [28/Jun/2022:18:19:58 +0000] "GET /node/251/feed HTTP/1.1" 404 162 "-" "Mozilla/5.0 (compatible; DotBot/1.2; +https://opensiteexplorer.org/dotbot; help@moz.com)"
185.191.171.26 - - [28/Jun/2022:18:20:16 +0000] "GET /node/category/nectec/page/2 HTTP/1.1" 301 178 "-" "Mozilla/5.0 (compatible; SemrushBot/7~bl; +http://www.semrush.com/bot.html)"
185.191.171.9 - - [28/Jun/2022:18:20:20 +0000] "GET /node/category/nectec/page/2/ HTTP/1.1" 200 33150 "-" "Mozilla/5.0 (compatible; SemrushBot/7~bl; +http://www.semrush.com/bot.html)"
51.222.253.7 - - [28/Jun/2022:18:21:31 +0000] "GET /node/date/2004/07/30/ HTTP/2.0" 200 10403 "-" "Mozilla/5.0 (compatible; AhrefsBot/7.0; +http://ahrefs.com/robot/)"
114.119.147.73 - - [28/Jun/2022:18:22:22 +0000] "GET /node/1428?share=twitter HTTP/1.1" 302 154 "https://mrchoke.org/node/1428?ak_action=reject_mobile" "Mozilla/5.0 (Linux; Android 7.0;) AppleWebKit/537.36 (KHTML, like Gecko) Mobile Safari/537.36 (compatible; PetalBot;+https://webmaster.petalsearch.com/site/petalbot)"
114.119.147.73 - - [28/Jun/2022:18:22:22 +0000] "GET /node/1428?share=twitter HTTP/1.1" 301 178 "https://mrchoke.org/node/1428?ak_action=reject_mobile" "Mozilla/5.0 (Linux; Android 7.0;) AppleWebKit/537.36 (KHTML, like Gecko) Mobile Safari/537.36 (compatible; PetalBot;+https://webmaster.petalsearch.com/site/petalbot)"
114.119.147.73 - - [28/Jun/2022:18:22:22 +0000] "GET /node/1428/?share=twitter HTTP/1.1" 200 10881 "https://mrchoke.org/node/1428?ak_action=reject_mobile" "Mozilla/5.0 (Linux; Android 7.0;) AppleWebKit/537.36 (KHTML, like Gecko) Mobile Safari/537.36 (compatible; PetalBot;+https://webmaster.petalsearch.com/site/petalbot)"
216.244.66.229 - - [28/Jun/2022:18:23:36 +0000] "GET /node/387/ HTTP/1.1" 404 162 "-" "Mozilla/5.0 (compatible; DotBot/1.2; +https://opensiteexplorer.org/dotbot; help@moz.com)"
216.244.66.229 - - [28/Jun/2022:18:23:40 +0000] "GET /node/505/ HTTP/1.1" 404 162 "-" "Mozilla/5.0 (compatible; DotBot/1.2; +https://opensiteexplorer.org/dotbot; help@moz.com)"
66.249.71.31 - - [28/Jun/2022:18:24:29 +0000] "GET /node/198 HTTP/1.1" 301 178 "-" "Mozilla/5.0 (compatible; Googlebot/2.1; +http://www.google.com/bot.html)"
66.249.71.28 - - [28/Jun/2022:18:24:30 +0000] "GET /node/198/ HTTP/1.1" 200 9094 "-" "Mozilla/5.0 (compatible; Googlebot/2.1; +http://www.google.com/bot.html)"
114.119.147.74 - - [28/Jun/2022:18:24:55 +0000] "GET /node/1862/ch7_6455?ak_action=accept_mobile HTTP/1.1" 302 154 "https://mrchoke.org/node/1862/ch7_6455?ak_action=reject_mobile" "Mozilla/5.0 (Linux; Android 7.0;) AppleWebKit/537.36 (KHTML, like Gecko) Mobile Safari/537.36 (compatible; PetalBot;+https://webmaster.petalsearch.com/site/petalbot)"
114.119.147.74 - - [28/Jun/2022:18:24:59 +0000] "GET /node/1862/ch7_6455?ak_action=accept_mobile HTTP/1.1" 301 178 "https://mrchoke.org/node/1862/ch7_6455?ak_action=reject_mobile" "Mozilla/5.0 (Linux; Android 7.0;) AppleWebKit/537.36 (KHTML, like Gecko) Mobile Safari/537.36 (compatible; PetalBot;+https://webmaster.petalsearch.com/site/petalbot)"
114.119.147.74 - - [28/Jun/2022:18:25:01 +0000] "GET /node/1862/ch7_6455/?ak_action=accept_mobile HTTP/1.1" 200 7897 "https://mrchoke.org/node/1862/ch7_6455?ak_action=reject_mobile" "Mozilla/5.0 (Linux; Android 7.0;) AppleWebKit/537.36 (KHTML, like Gecko) Mobile Safari/537.36 (compatible; PetalBot;+https://webmaster.petalsearch.com/site/petalbot)"
51.222.253.10 - - [28/Jun/2022:18:25:28 +0000] "GET /node/date/2004/11/28/ HTTP/2.0" 200 7958 "-" "Mozilla/5.0 (compatible; AhrefsBot/7.0; +http://ahrefs.com/robot/)"
2600:1700:e69:c1f:fcc9:ec6d:ab86:4f90 - - [28/Jun/2022:18:25:40 +0000] "GET /wp-content/uploads/2013/12/virtualbox_logo.png HTTP/2.0" 302 154 "https://www.sitepoint.com/" "Mozilla/5.0 (Windows NT 10.0; Win64; x64) AppleWebKit/537.36 (KHTML, like Gecko) Chrome/103.0.5060.53 Safari/537.36 Edg/103.0.1264.37"
216.244.66.229 - - [28/Jun/2022:18:25:40 +0000] "GET /node/865/ch7_3264 HTTP/1.1" 404 162 "-" "Mozilla/5.0 (compatible; DotBot/1.2; +https://opensiteexplorer.org/dotbot; help@moz.com)"
2600:1700:e69:c1f:fcc9:ec6d:ab86:4f90 - - [28/Jun/2022:18:25:40 +0000] "GET /wp-content/uploads/2013/12/virtualbox_logo.png HTTP/2.0" 404 186 "https://www.sitepoint.com/" "Mozilla/5.0 (Windows NT 10.0; Win64; x64) AppleWebKit/537.36 (KHTML, like Gecko) Chrome/103.0.5060.53 Safari/537.36 Edg/103.0.1264.37"
114.119.147.97 - - [28/Jun/2022:18:27:25 +0000] "GET /node/624?ak_action=accept_mobile HTTP/1.1" 302 154 "https://mrchoke.org/node/624?ak_action=reject_mobile" "Mozilla/5.0 (Linux; Android 7.0;) AppleWebKit/537.36 (KHTML, like Gecko) Mobile Safari/537.36 (compatible; PetalBot;+https://webmaster.petalsearch.com/site/petalbot)"
114.119.147.97 - - [28/Jun/2022:18:27:26 +0000] "GET /node/624?ak_action=accept_mobile HTTP/1.1" 301 178 "https://mrchoke.org/node/624?ak_action=reject_mobile" "Mozilla/5.0 (Linux; Android 7.0;) AppleWebKit/537.36 (KHTML, like Gecko) Mobile Safari/537.36 (compatible; PetalBot;+https://webmaster.petalsearch.com/site/petalbot)"
114.119.147.97 - - [28/Jun/2022:18:27:27 +0000] "GET /node/624/?ak_action=accept_mobile HTTP/1.1" 200 8251 "https://mrchoke.org/node/624?ak_action=reject_mobile" "Mozilla/5.0 (Linux; Android 7.0;) AppleWebKit/537.36 (KHTML, like Gecko) Mobile Safari/537.36 (compatible; PetalBot;+https://webmaster.petalsearch.com/site/petalbot)"
51.222.253.3 - - [28/Jun/2022:18:29:05 +0000] "GET /node/date/2005/06/29/ HTTP/2.0" 200 8294 "-" "Mozilla/5.0 (compatible; AhrefsBot/7.0; +http://ahrefs.com/robot/)"
207.46.13.174 - - [28/Jun/2022:18:29:18 +0000] "GET /ch7_3284 HTTP/2.0" 404 186 "-" "Mozilla/5.0 AppleWebKit/537.36 (KHTML, like Gecko; compatible; bingbot/2.0; +http://www.bing.com/bingbot.htm) Chrome/100.0.4896.127 Safari/537.36"
216.244.66.229 - - [28/Jun/2022:18:29:24 +0000] "GET /node/1997?share=reddit HTTP/1.1" 404 162 "-" "Mozilla/5.0 (compatible; DotBot/1.2; +https://opensiteexplorer.org/dotbot; help@moz.com)"
114.119.147.75 - - [28/Jun/2022:18:30:04 +0000] "GET /node/939/img_6374 HTTP/1.1" 302 154 "https://mrchoke.org/node/939/img_6446?ak_action=accept_mobile" "Mozilla/5.0 (Linux; Android 7.0;) AppleWebKit/537.36 (KHTML, like Gecko) Mobile Safari/537.36 (compatible; PetalBot;+https://webmaster.petalsearch.com/site/petalbot)"
114.119.147.75 - - [28/Jun/2022:18:30:06 +0000] "GET /node/939/img_6374 HTTP/1.1" 301 178 "https://mrchoke.org/node/939/img_6446?ak_action=accept_mobile" "Mozilla/5.0 (Linux; Android 7.0;) AppleWebKit/537.36 (KHTML, like Gecko) Mobile Safari/537.36 (compatible; PetalBot;+https://webmaster.petalsearch.com/site/petalbot)"
114.119.147.75 - - [28/Jun/2022:18:30:07 +0000] "GET /node/939/img_6374/ HTTP/1.1" 200 7943 "https://mrchoke.org/node/939/img_6446?ak_action=accept_mobile" "Mozilla/5.0 (Linux; Android 7.0;) AppleWebKit/537.36 (KHTML, like Gecko) Mobile Safari/537.36 (compatible; PetalBot;+https://webmaster.petalsearch.com/site/petalbot)"
185.191.171.20 - - [28/Jun/2022:18:31:23 +0000] "GET /node/date/2006/10/page/6 HTTP/1.1" 301 178 "-" "Mozilla/5.0 (compatible; SemrushBot/7~bl; +http://www.semrush.com/bot.html)"
185.191.171.36 - - [28/Jun/2022:18:31:25 +0000] "GET /node/date/2006/10/page/6/ HTTP/1.1" 200 11282 "-" "Mozilla/5.0 (compatible; SemrushBot/7~bl; +http://www.semrush.com/bot.html)"
185.191.171.44 - - [28/Jun/2022:18:32:02 +0000] "GET /node/57 HTTP/1.1" 301 178 "-" "Mozilla/5.0 (compatible; SemrushBot/7~bl; +http://www.semrush.com/bot.html)"
185.191.171.19 - - [28/Jun/2022:18:32:04 +0000] "GET /node/57/ HTTP/1.1" 200 9700 "-" "Mozilla/5.0 (compatible; SemrushBot/7~bl; +http://www.semrush.com/bot.html)"
54.36.148.178 - - [28/Jun/2022:18:32:33 +0000] "GET /robots.txt HTTP/2.0" 404 123 "-" "Mozilla/5.0 (compatible; AhrefsBot/7.0; +http://ahrefs.com/robot/)"
51.222.253.9 - - [28/Jun/2022:18:32:36 +0000] "GET /node/date/2005/07/01/ HTTP/2.0" 200 9272 "-" "Mozilla/5.0 (compatible; AhrefsBot/7.0; +http://ahrefs.com/robot/)"
114.119.147.86 - - [28/Jun/2022:18:32:48 +0000] "GET /node/28?ak_action=reject_mobile HTTP/1.1" 302 154 "https://mrchoke.org/node/28?ak_action=accept_mobile" "Mozilla/5.0 (Linux; Android 7.0;) AppleWebKit/537.36 (KHTML, like Gecko) Mobile Safari/537.36 (compatible; PetalBot;+https://webmaster.petalsearch.com/site/petalbot)"
114.119.147.86 - - [28/Jun/2022:18:32:49 +0000] "GET /node/28?ak_action=reject_mobile HTTP/1.1" 301 178 "https://mrchoke.org/node/28?ak_action=accept_mobile" "Mozilla/5.0 (Linux; Android 7.0;) AppleWebKit/537.36 (KHTML, like Gecko) Mobile Safari/537.36 (compatible; PetalBot;+https://webmaster.petalsearch.com/site/petalbot)"
114.119.147.86 - - [28/Jun/2022:18:32:54 +0000] "GET /node/28/?ak_action=reject_mobile HTTP/1.1" 200 8827 "https://mrchoke.org/node/28?ak_action=accept_mobile" "Mozilla/5.0 (Linux; Android 7.0;) AppleWebKit/537.36 (KHTML, like Gecko) Mobile Safari/537.36 (compatible; PetalBot;+https://webmaster.petalsearch.com/site/petalbot)"
114.119.147.75 - - [28/Jun/2022:18:35:38 +0000] "GET /node/790/img_6168 HTTP/1.1" 302 154 "https://mrchoke.org/node/790/img_6167?ak_action=reject_mobile" "Mozilla/5.0 (Linux; Android 7.0;) AppleWebKit/537.36 (KHTML, like Gecko) Mobile Safari/537.36 (compatible; PetalBot;+https://webmaster.petalsearch.com/site/petalbot)"
114.119.147.75 - - [28/Jun/2022:18:35:39 +0000] "GET /node/790/img_6168 HTTP/1.1" 301 178 "https://mrchoke.org/node/790/img_6167?ak_action=reject_mobile" "Mozilla/5.0 (Linux; Android 7.0;) AppleWebKit/537.36 (KHTML, like Gecko) Mobile Safari/537.36 (compatible; PetalBot;+https://webmaster.petalsearch.com/site/petalbot)"
114.119.147.75 - - [28/Jun/2022:18:35:40 +0000] "GET /node/790/img_6168/ HTTP/1.1" 200 7907 "https://mrchoke.org/node/790/img_6167?ak_action=reject_mobile" "Mozilla/5.0 (Linux; Android 7.0;) AppleWebKit/537.36 (KHTML, like Gecko) Mobile Safari/537.36 (compatible; PetalBot;+https://webmaster.petalsearch.com/site/petalbot)"
51.222.253.16 - - [28/Jun/2022:18:36:17 +0000] "GET /node/date/2004/07/10/ HTTP/2.0" 200 8303 "-" "Mozilla/5.0 (compatible; AhrefsBot/7.0; +http://ahrefs.com/robot/)"
216.244.66.229 - - [28/Jun/2022:18:37:17 +0000] "GET /node/133 HTTP/1.1" 404 162 "-" "Mozilla/5.0 (compatible; DotBot/1.2; +https://opensiteexplorer.org/dotbot; help@moz.com)"
114.119.147.73 - - [28/Jun/2022:18:38:31 +0000] "GET /node/30 HTTP/1.1" 301 178 "https://mrchoke.org/node/29?share=twitter" "Mozilla/5.0 (Linux; Android 7.0;) AppleWebKit/537.36 (KHTML, like Gecko) Mobile Safari/537.36 (compatible; PetalBot;+https://webmaster.petalsearch.com/site/petalbot)"
114.119.147.73 - - [28/Jun/2022:18:38:36 +0000] "GET /node/30/ HTTP/1.1" 200 10386 "https://mrchoke.org/node/29?share=twitter" "Mozilla/5.0 (Linux; Android 7.0;) AppleWebKit/537.36 (KHTML, like Gecko) Mobile Safari/537.36 (compatible; PetalBot;+https://webmaster.petalsearch.com/site/petalbot)"
51.222.253.9 - - [28/Jun/2022:18:40:16 +0000] "GET /node/date/2005/07/12/ HTTP/2.0" 200 10796 "-" "Mozilla/5.0 (compatible; AhrefsBot/7.0; +http://ahrefs.com/robot/)"
114.119.147.87 - - [28/Jun/2022:18:41:13 +0000] "GET /node/390?share=twitter HTTP/1.1" 302 154 "https://mrchoke.org/node/390?ak_action=accept_mobile" "Mozilla/5.0 (Linux; Android 7.0;) AppleWebKit/537.36 (KHTML, like Gecko) Mobile Safari/537.36 (compatible; PetalBot;+https://webmaster.petalsearch.com/site/petalbot)"
114.119.147.87 - - [28/Jun/2022:18:41:16 +0000] "GET /node/390?share=twitter HTTP/1.1" 301 178 "https://mrchoke.org/node/390?ak_action=accept_mobile" "Mozilla/5.0 (Linux; Android 7.0;) AppleWebKit/537.36 (KHTML, like Gecko) Mobile Safari/537.36 (compatible; PetalBot;+https://webmaster.petalsearch.com/site/petalbot)"
114.119.147.87 - - [28/Jun/2022:18:41:18 +0000] "GET /node/390/?share=twitter HTTP/1.1" 200 8570 "https://mrchoke.org/node/390?ak_action=accept_mobile" "Mozilla/5.0 (Linux; Android 7.0;) AppleWebKit/537.36 (KHTML, like Gecko) Mobile Safari/537.36 (compatible; PetalBot;+https://webmaster.petalsearch.com/site/petalbot)"
207.46.13.149 - - [28/Jun/2022:18:42:23 +0000] "GET /node/category/%E0%B8%AA%E0%B8%B1%E0%B8%87%E0%B8%84%E0%B8%A1 HTTP/2.0" 302 154 "-" "Mozilla/5.0 (compatible; bingbot/2.0; +http://www.bing.com/bingbot.htm)"
207.46.13.149 - - [28/Jun/2022:18:42:33 +0000] "GET /node/category/%E0%B8%AA%E0%B8%B1%E0%B8%87%E0%B8%84%E0%B8%A1 HTTP/2.0" 404 123 "-" "Mozilla/5.0 (compatible; bingbot/2.0; +http://www.bing.com/bingbot.htm)"
114.119.147.74 - - [28/Jun/2022:18:43:49 +0000] "GET /img_6710 HTTP/1.1" 301 178 "https://mrchoke.org/node/tag/trip/page/2?ak_action=accept_mobile" "Mozilla/5.0 (Linux; Android 7.0;) AppleWebKit/537.36 (KHTML, like Gecko) Mobile Safari/537.36 (compatible; PetalBot;+https://webmaster.petalsearch.com/site/petalbot)"
114.119.147.74 - - [28/Jun/2022:18:43:50 +0000] "GET /img_6710/ HTTP/1.1" 200 7887 "https://mrchoke.org/node/tag/trip/page/2?ak_action=accept_mobile" "Mozilla/5.0 (Linux; Android 7.0;) AppleWebKit/537.36 (KHTML, like Gecko) Mobile Safari/537.36 (compatible; PetalBot;+https://webmaster.petalsearch.com/site/petalbot)"
51.222.253.5 - - [28/Jun/2022:18:44:21 +0000] "GET /node/date/2005/07/30/ HTTP/2.0" 200 10118 "-" "Mozilla/5.0 (compatible; AhrefsBot/7.0; +http://ahrefs.com/robot/)"
40.77.167.43 - - [28/Jun/2022:18:45:23 +0000] "GET /node/150/ HTTP/2.0" 200 28252 "-" "Mozilla/5.0 (compatible; bingbot/2.0; +http://www.bing.com/bingbot.htm)"
207.46.13.174 - - [28/Jun/2022:18:45:38 +0000] "GET /wp-includes/js/comment-reply.min.js?ver=5.7.1 HTTP/2.0" 200 2984 "-" "Mozilla/5.0 (compatible; bingbot/2.0; +http://www.bing.com/bingbot.htm)"
207.46.13.174 - - [28/Jun/2022:18:45:41 +0000] "GET /wp-includes/js/wp-emoji-release.min.js?ver=5.7.1 HTTP/2.0" 200 14229 "-" "Mozilla/5.0 (compatible; bingbot/2.0; +http://www.bing.com/bingbot.htm)"
157.55.39.114 - - [28/Jun/2022:18:45:42 +0000] "GET /wp-includes/css/dist/block-library/style.min.css?ver=5.7.1 HTTP/2.0" 200 58171 "-" "Mozilla/5.0 (compatible; bingbot/2.0; +http://www.bing.com/bingbot.htm)"
40.77.167.46 - - [28/Jun/2022:18:45:43 +0000] "GET /wp-content/themes/manifest/style.css HTTP/2.0" 200 21725 "-" "Mozilla/5.0 (compatible; bingbot/2.0; +http://www.bing.com/bingbot.htm)"
114.119.147.74 - - [28/Jun/2022:18:46:37 +0000] "GET /page/7?cat=-1 HTTP/1.1" 302 154 "https://mrchoke.org/page/6?cat=-1" "Mozilla/5.0 (Linux; Android 7.0;) AppleWebKit/537.36 (KHTML, like Gecko) Mobile Safari/537.36 (compatible; PetalBot;+https://webmaster.petalsearch.com/site/petalbot)"
114.119.147.74 - - [28/Jun/2022:18:46:38 +0000] "GET /page/7?cat=-1 HTTP/1.1" 301 178 "https://mrchoke.org/page/6?cat=-1" "Mozilla/5.0 (Linux; Android 7.0;) AppleWebKit/537.36 (KHTML, like Gecko) Mobile Safari/537.36 (compatible; PetalBot;+https://webmaster.petalsearch.com/site/petalbot)"
114.119.147.74 - - [28/Jun/2022:18:46:39 +0000] "GET /page/7/?cat=-1 HTTP/1.1" 200 15773 "https://mrchoke.org/page/6?cat=-1" "Mozilla/5.0 (Linux; Android 7.0;) AppleWebKit/537.36 (KHTML, like Gecko) Mobile Safari/537.36 (compatible; PetalBot;+https://webmaster.petalsearch.com/site/petalbot)"
103.103.212.227 - - [28/Jun/2022:18:48:10 +0000] "GET / HTTP/1.1" 200 612 "-" "Mozilla/5.0 (Macintosh; Intel Mac OS X 10_11_6) AppleWebKit/601.7.7 (KHTML, like Gecko) Version/9.1.2 Safari/601.7.7"
114.119.147.74 - - [28/Jun/2022:18:49:24 +0000] "GET /node/508 HTTP/1.1" 404 134 "http://www.mrchoke.org/node/date/2004/11/20" "Mozilla/5.0 (Linux; Android 7.0;) AppleWebKit/537.36 (KHTML, like Gecko) Mobile Safari/537.36 (compatible; PetalBot;+https://webmaster.petalsearch.com/site/petalbot)"
114.119.147.87 - - [28/Jun/2022:18:52:04 +0000] "GET /node/211?ak_action=accept_mobile HTTP/1.1" 302 154 "https://mrchoke.org/node/211?ak_action=reject_mobile" "Mozilla/5.0 (Linux; Android 7.0;) AppleWebKit/537.36 (KHTML, like Gecko) Mobile Safari/537.36 (compatible; PetalBot;+https://webmaster.petalsearch.com/site/petalbot)"
114.119.147.87 - - [28/Jun/2022:18:52:05 +0000] "GET /node/211?ak_action=accept_mobile HTTP/1.1" 301 178 "https://mrchoke.org/node/211?ak_action=reject_mobile" "Mozilla/5.0 (Linux; Android 7.0;) AppleWebKit/537.36 (KHTML, like Gecko) Mobile Safari/537.36 (compatible; PetalBot;+https://webmaster.petalsearch.com/site/petalbot)"
114.119.147.87 - - [28/Jun/2022:18:52:06 +0000] "GET /node/211/?ak_action=accept_mobile HTTP/1.1" 200 8414 "https://mrchoke.org/node/211?ak_action=reject_mobile" "Mozilla/5.0 (Linux; Android 7.0;) AppleWebKit/537.36 (KHTML, like Gecko) Mobile Safari/537.36 (compatible; PetalBot;+https://webmaster.petalsearch.com/site/petalbot)"
74.125.210.175 - - [28/Jun/2022:18:52:07 +0000] "GET /feed HTTP/1.1" 404 134 "-" "FeedFetcher-Google; (+http://www.google.com/feedfetcher.html)"
114.119.147.86 - - [28/Jun/2022:18:54:49 +0000] "GET /node/790/img_6165 HTTP/1.1" 301 178 "https://mrchoke.org/node/790/img_6167?share=facebook" "Mozilla/5.0 (Linux; Android 7.0;) AppleWebKit/537.36 (KHTML, like Gecko) Mobile Safari/537.36 (compatible; PetalBot;+https://webmaster.petalsearch.com/site/petalbot)"
114.119.147.86 - - [28/Jun/2022:18:54:49 +0000] "GET /node/790/img_6165/ HTTP/1.1" 200 7900 "https://mrchoke.org/node/790/img_6167?share=facebook" "Mozilla/5.0 (Linux; Android 7.0;) AppleWebKit/537.36 (KHTML, like Gecko) Mobile Safari/537.36 (compatible; PetalBot;+https://webmaster.petalsearch.com/site/petalbot)"
114.119.147.81 - - [28/Jun/2022:18:57:30 +0000] "GET /node/1862/screenshot-2014-03-16-22-23-58 HTTP/1.1" 301 178 "https://mrchoke.org/node/1862/screenshot-2014-03-16-22-25-20?share=linkedin" "Mozilla/5.0 (Linux; Android 7.0;) AppleWebKit/537.36 (KHTML, like Gecko) Mobile Safari/537.36 (compatible; PetalBot;+https://webmaster.petalsearch.com/site/petalbot)"
114.119.147.81 - - [28/Jun/2022:18:57:32 +0000] "GET /node/1862/screenshot-2014-03-16-22-23-58/ HTTP/1.1" 200 7931 "https://mrchoke.org/node/1862/screenshot-2014-03-16-22-25-20?share=linkedin" "Mozilla/5.0 (Linux; Android 7.0;) AppleWebKit/537.36 (KHTML, like Gecko) Mobile Safari/537.36 (compatible; PetalBot;+https://webmaster.petalsearch.com/site/petalbot)"
114.119.147.81 - - [28/Jun/2022:19:00:18 +0000] "GET /node/category/linux/linuxsis HTTP/1.1" 301 178 "https://static.mrchoke.org/node/date/2006/10/22/page/4" "Mozilla/5.0 (Linux; Android 7.0;) AppleWebKit/537.36 (KHTML, like Gecko) Mobile Safari/537.36 (compatible; PetalBot;+https://webmaster.petalsearch.com/site/petalbot)"
114.119.147.81 - - [28/Jun/2022:19:00:24 +0000] "GET /node/category/linux/linuxsis/ HTTP/1.1" 200 15729 "https://static.mrchoke.org/node/date/2006/10/22/page/4" "Mozilla/5.0 (Linux; Android 7.0;) AppleWebKit/537.36 (KHTML, like Gecko) Mobile Safari/537.36 (compatible; PetalBot;+https://webmaster.petalsearch.com/site/petalbot)"
114.119.147.81 - - [28/Jun/2022:19:02:59 +0000] "GET /node/date/2004/12/08 HTTP/1.1" 404 134 "http://www.mrchoke.org/node/459" "Mozilla/5.0 (Linux; Android 7.0;) AppleWebKit/537.36 (KHTML, like Gecko) Mobile Safari/537.36 (compatible; PetalBot;+https://webmaster.petalsearch.com/site/petalbot)"
207.46.13.174 - - [28/Jun/2022:19:04:00 +0000] "GET /feed/?attachment_id=1758 HTTP/2.0" 403 123 "-" "Mozilla/5.0 (compatible; bingbot/2.0; +http://www.bing.com/bingbot.htm)"
114.119.147.74 - - [28/Jun/2022:19:05:45 +0000] "GET /node/1208/img_6779 HTTP/1.1" 301 178 "https://mrchoke.org/node/tag/hot-pot?ak_action=accept_mobile" "Mozilla/5.0 (Linux; Android 7.0;) AppleWebKit/537.36 (KHTML, like Gecko) Mobile Safari/537.36 (compatible; PetalBot;+https://webmaster.petalsearch.com/site/petalbot)"
114.119.147.74 - - [28/Jun/2022:19:05:48 +0000] "GET /node/1208/img_6779/ HTTP/1.1" 200 7930 "https://mrchoke.org/node/tag/hot-pot?ak_action=accept_mobile" "Mozilla/5.0 (Linux; Android 7.0;) AppleWebKit/537.36 (KHTML, like Gecko) Mobile Safari/537.36 (compatible; PetalBot;+https://webmaster.petalsearch.com/site/petalbot)"
114.119.147.87 - - [28/Jun/2022:19:08:23 +0000] "GET /node/1839?ak_action=accept_mobile HTTP/1.1" 302 154 "https://mrchoke.org/node/1839?ak_action=reject_mobile" "Mozilla/5.0 (Linux; Android 7.0;) AppleWebKit/537.36 (KHTML, like Gecko) Mobile Safari/537.36 (compatible; PetalBot;+https://webmaster.petalsearch.com/site/petalbot)"
114.119.147.87 - - [28/Jun/2022:19:08:23 +0000] "GET /node/1839?ak_action=accept_mobile HTTP/1.1" 301 178 "https://mrchoke.org/node/1839?ak_action=reject_mobile" "Mozilla/5.0 (Linux; Android 7.0;) AppleWebKit/537.36 (KHTML, like Gecko) Mobile Safari/537.36 (compatible; PetalBot;+https://webmaster.petalsearch.com/site/petalbot)"
114.119.147.87 - - [28/Jun/2022:19:08:23 +0000] "GET /node/1839/?ak_action=accept_mobile HTTP/1.1" 200 12577 "https://mrchoke.org/node/1839?ak_action=reject_mobile" "Mozilla/5.0 (Linux; Android 7.0;) AppleWebKit/537.36 (KHTML, like Gecko) Mobile Safari/537.36 (compatible; PetalBot;+https://webmaster.petalsearch.com/site/petalbot)"
180.149.125.170 - - [28/Jun/2022:19:10:04 +0000] "GET / HTTP/1.1" 301 178 "-" "Mozilla/5.0 (Windows NT 5.1; Win64; x64) AppleWebKit/537.36 (KHTML, like Gecko) Chrome/60.0.3112.90 Safari/537.36"
185.220.101.45 - - [28/Jun/2022:19:10:11 +0000] "GET / HTTP/1.1" 200 396 "-" "Mozilla/5.0 (Windows NT 10.0; Win64; x64) AppleWebKit/537.36 (KHTML, like Gecko) Chrome/95.0.4638.69 Safari/537.36"
216.244.66.229 - - [28/Jun/2022:19:10:14 +0000] "GET /robots.txt HTTP/1.1" 404 162 "-" "Mozilla/5.0 (compatible; DotBot/1.2; +https://opensiteexplorer.org/dotbot; help@moz.com)"
114.119.147.73 - - [28/Jun/2022:19:11:12 +0000] "GET /node/556?share=linkedin HTTP/1.1" 302 154 "https://mrchoke.org/node/556?ak_action=accept_mobile" "Mozilla/5.0 (Linux; Android 7.0;) AppleWebKit/537.36 (KHTML, like Gecko) Mobile Safari/537.36 (compatible; PetalBot;+https://webmaster.petalsearch.com/site/petalbot)"
114.119.147.73 - - [28/Jun/2022:19:11:12 +0000] "GET /node/556?share=linkedin HTTP/1.1" 301 178 "https://mrchoke.org/node/556?ak_action=accept_mobile" "Mozilla/5.0 (Linux; Android 7.0;) AppleWebKit/537.36 (KHTML, like Gecko) Mobile Safari/537.36 (compatible; PetalBot;+https://webmaster.petalsearch.com/site/petalbot)"
114.119.147.73 - - [28/Jun/2022:19:11:12 +0000] "GET /node/556/?share=linkedin HTTP/1.1" 200 16960 "https://mrchoke.org/node/556?ak_action=accept_mobile" "Mozilla/5.0 (Linux; Android 7.0;) AppleWebKit/537.36 (KHTML, like Gecko) Mobile Safari/537.36 (compatible; PetalBot;+https://webmaster.petalsearch.com/site/petalbot)"
20.55.53.144 - - [28/Jun/2022:19:12:23 +0000] "GET /8hW0R5S2N39VCOfwTEBFcvn6aYR HTTP/1.1" 404 197 "-" "Mozilla/5.0 (Windows NT 10.0; Win64; x64) AppleWebKit/537.36 (KHTML, like Gecko) Chrome/79.0.3945.117 Safari/537.36"
216.244.66.229 - - [28/Jun/2022:19:12:26 +0000] "GET /feed/?attachment_id=1564 HTTP/1.1" 404 162 "-" "Mozilla/5.0 (compatible; DotBot/1.2; +https://opensiteexplorer.org/dotbot; help@moz.com)"
114.119.147.74 - - [28/Jun/2022:19:14:01 +0000] "GET /node/date/2007/02/22 HTTP/1.1" 302 154 "https://mrchoke.org/node/152?share=linkedin" "Mozilla/5.0 (Linux; Android 7.0;) AppleWebKit/537.36 (KHTML, like Gecko) Mobile Safari/537.36 (compatible; PetalBot;+https://webmaster.petalsearch.com/site/petalbot)"
114.119.147.74 - - [28/Jun/2022:19:14:03 +0000] "GET /node/date/2007/02/22 HTTP/1.1" 301 178 "https://mrchoke.org/node/152?share=linkedin" "Mozilla/5.0 (Linux; Android 7.0;) AppleWebKit/537.36 (KHTML, like Gecko) Mobile Safari/537.36 (compatible; PetalBot;+https://webmaster.petalsearch.com/site/petalbot)"
114.119.147.74 - - [28/Jun/2022:19:14:03 +0000] "GET /node/date/2007/02/22/ HTTP/1.1" 200 11492 "https://mrchoke.org/node/152?share=linkedin" "Mozilla/5.0 (Linux; Android 7.0;) AppleWebKit/537.36 (KHTML, like Gecko) Mobile Safari/537.36 (compatible; PetalBot;+https://webmaster.petalsearch.com/site/petalbot)"
17.121.114.88 - - [28/Jun/2022:19:14:04 +0000] "GET /files/u1/gnome-codec-install.jpg HTTP/1.1" 404 134 "-" "Mozilla/5.0 (Macintosh; Intel Mac OS X 10_15_5) AppleWebKit/605.1.15 (KHTML, like Gecko) Version/13.1.1 Safari/605.1.15 (Applebot/0.1; +http://www.apple.com/go/applebot)"
216.244.66.229 - - [28/Jun/2022:19:15:42 +0000] "GET /node/865/ch7_3155 HTTP/1.1" 404 162 "-" "Mozilla/5.0 (compatible; DotBot/1.2; +https://opensiteexplorer.org/dotbot; help@moz.com)"
114.119.147.81 - - [28/Jun/2022:19:16:44 +0000] "GET /node/1992?share=facebook HTTP/1.1" 302 154 "https://mrchoke.org/node/1992" "Mozilla/5.0 (Linux; Android 7.0;) AppleWebKit/537.36 (KHTML, like Gecko) Mobile Safari/537.36 (compatible; PetalBot;+https://webmaster.petalsearch.com/site/petalbot)"
114.119.147.81 - - [28/Jun/2022:19:16:45 +0000] "GET /node/1992?share=facebook HTTP/1.1" 301 178 "https://mrchoke.org/node/1992" "Mozilla/5.0 (Linux; Android 7.0;) AppleWebKit/537.36 (KHTML, like Gecko) Mobile Safari/537.36 (compatible; PetalBot;+https://webmaster.petalsearch.com/site/petalbot)"
114.119.147.81 - - [28/Jun/2022:19:16:46 +0000] "GET /node/1992/?share=facebook HTTP/1.1" 200 12369 "https://mrchoke.org/node/1992" "Mozilla/5.0 (Linux; Android 7.0;) AppleWebKit/537.36 (KHTML, like Gecko) Mobile Safari/537.36 (compatible; PetalBot;+https://webmaster.petalsearch.com/site/petalbot)"
185.191.171.16 - - [28/Jun/2022:19:22:30 +0000] "GET /robots.txt HTTP/1.1" 404 134 "-" "Mozilla/5.0 (compatible; SemrushBot/7~bl; +http://www.semrush.com/bot.html)"
185.191.171.3 - - [28/Jun/2022:19:22:34 +0000] "GET /node/category/webpage/page/2 HTTP/1.1" 301 178 "-" "Mozilla/5.0 (compatible; SemrushBot/7~bl; +http://www.semrush.com/bot.html)"
185.191.171.10 - - [28/Jun/2022:19:22:37 +0000] "GET /node/category/webpage/page/2/ HTTP/1.1" 200 8201 "-" "Mozilla/5.0 (compatible; SemrushBot/7~bl; +http://www.semrush.com/bot.html)"
51.222.253.8 - - [28/Jun/2022:19:25:51 +0000] "GET /node/date/2004/07/21/ HTTP/2.0" 200 7720 "-" "Mozilla/5.0 (compatible; AhrefsBot/7.0; +http://ahrefs.com/robot/)"
51.222.253.11 - - [28/Jun/2022:19:40:44 +0000] "GET /node/date/2005/07/page/5/ HTTP/2.0" 200 9358 "-" "Mozilla/5.0 (compatible; AhrefsBot/7.0; +http://ahrefs.com/robot/)"
