114.119.147.87 - - [30/Jun/2022:15:25:02 +0000] "GET /node/468?share=linkedin HTTP/1.1" 302 154 "https://mrchoke.org/node/468?replytocom=570&ak_action=accept_mobile" "Mozilla/5.0 (Linux; Android 7.0;) AppleWebKit/537.36 (KHTML, like Gecko) Mobile Safari/537.36 (compatible; PetalBot;+https://webmaster.petalsearch.com/site/petalbot)"
114.119.147.87 - - [30/Jun/2022:15:25:02 +0000] "GET /node/468?share=linkedin HTTP/1.1" 301 178 "https://mrchoke.org/node/468?replytocom=570&ak_action=accept_mobile" "Mozilla/5.0 (Linux; Android 7.0;) AppleWebKit/537.36 (KHTML, like Gecko) Mobile Safari/537.36 (compatible; PetalBot;+https://webmaster.petalsearch.com/site/petalbot)"
114.119.147.87 - - [30/Jun/2022:15:25:03 +0000] "GET /node/468/?share=linkedin HTTP/1.1" 200 8589 "https://mrchoke.org/node/468?replytocom=570&ak_action=accept_mobile" "Mozilla/5.0 (Linux; Android 7.0;) AppleWebKit/537.36 (KHTML, like Gecko) Mobile Safari/537.36 (compatible; PetalBot;+https://webmaster.petalsearch.com/site/petalbot)"
207.46.13.174 - - [30/Jun/2022:15:25:03 +0000] "GET /feed/?attachment_id=1290 HTTP/2.0" 403 123 "-" "Mozilla/5.0 (compatible; bingbot/2.0; +http://www.bing.com/bingbot.htm)"
216.244.66.229 - - [30/Jun/2022:15:25:21 +0000] "GET /wp-content/uploads/2014/01/IMG_6130-e1388843284160.jpg HTTP/1.1" 404 162 "-" "Mozilla/5.0 (compatible; DotBot/1.2; +https://opensiteexplorer.org/dotbot; help@moz.com)"
216.244.66.229 - - [30/Jun/2022:15:25:26 +0000] "GET /feed/?attachment_id=1265 HTTP/1.1" 404 162 "-" "Mozilla/5.0 (compatible; DotBot/1.2; +https://opensiteexplorer.org/dotbot; help@moz.com)"
216.244.66.229 - - [30/Jun/2022:15:25:30 +0000] "GET /feed/?attachment_id=1397 HTTP/1.1" 404 162 "-" "Mozilla/5.0 (compatible; DotBot/1.2; +https://opensiteexplorer.org/dotbot; help@moz.com)"
185.191.171.33 - - [30/Jun/2022:15:26:06 +0000] "GET /node/116 HTTP/1.1" 301 178 "-" "Mozilla/5.0 (compatible; SemrushBot/7~bl; +http://www.semrush.com/bot.html)"
185.191.171.9 - - [30/Jun/2022:15:26:08 +0000] "GET /node/116/ HTTP/1.1" 200 8757 "-" "Mozilla/5.0 (compatible; SemrushBot/7~bl; +http://www.semrush.com/bot.html)"
114.119.147.86 - - [30/Jun/2022:15:27:27 +0000] "GET /img_6746 HTTP/1.1" 301 178 "https://static.mrchoke.org/node/category/blog/page/10" "Mozilla/5.0 (Linux; Android 7.0;) AppleWebKit/537.36 (KHTML, like Gecko) Mobile Safari/537.36 (compatible; PetalBot;+https://webmaster.petalsearch.com/site/petalbot)"
114.119.147.86 - - [30/Jun/2022:15:27:28 +0000] "GET /img_6746/ HTTP/1.1" 200 7887 "https://static.mrchoke.org/node/category/blog/page/10" "Mozilla/5.0 (Linux; Android 7.0;) AppleWebKit/537.36 (KHTML, like Gecko) Mobile Safari/537.36 (compatible; PetalBot;+https://webmaster.petalsearch.com/site/petalbot)"
51.222.253.7 - - [30/Jun/2022:15:28:43 +0000] "GET /node/196/ HTTP/2.0" 200 8587 "-" "Mozilla/5.0 (compatible; AhrefsBot/7.0; +http://ahrefs.com/robot/)"
45.95.147.29 - - [30/Jun/2022:15:28:50 +0000] "GET / HTTP/1.1" 301 178 "-" "Mozilla/5.0 (Macintosh; Intel Mac OS X 10_15_3) AppleWebKit/537.36 (KHTML, like Gecko) Chrome/80.0.3987.106 Safari/537.36"
45.95.147.29 - - [30/Jun/2022:15:28:54 +0000] "GET / HTTP/1.1" 200 920 "-" "Mozilla/5.0 (Macintosh; Intel Mac OS X 10_15_3) AppleWebKit/537.36 (KHTML, like Gecko) Chrome/80.0.3987.106 Safari/537.36"
45.95.147.29 - - [30/Jun/2022:15:28:55 +0000] "GET /sssss HTTP/1.1" 301 178 "-" "Mozilla/5.0 (Macintosh; Intel Mac OS X 10_15_3) AppleWebKit/537.36 (KHTML, like Gecko) Chrome/80.0.3987.106 Safari/537.36"
45.95.147.29 - - [30/Jun/2022:15:29:00 +0000] "GET /sssss HTTP/1.1" 200 920 "-" "Mozilla/5.0 (Macintosh; Intel Mac OS X 10_15_3) AppleWebKit/537.36 (KHTML, like Gecko) Chrome/80.0.3987.106 Safari/537.36"
157.230.216.203 - - [30/Jun/2022:15:33:02 +0000] "GET /ab2g HTTP/1.1" 400 166 "-" "-"
157.230.216.203 - - [30/Jun/2022:15:33:03 +0000] "GET /ab2h HTTP/1.1" 400 166 "-" "-"
114.119.147.75 - - [30/Jun/2022:15:35:35 +0000] "GET /node/1823?share=reddit HTTP/1.1" 302 154 "https://mrchoke.org/node/1823?ak_action=reject_mobile" "Mozilla/5.0 (Linux; Android 7.0;) AppleWebKit/537.36 (KHTML, like Gecko) Mobile Safari/537.36 (compatible; PetalBot;+https://webmaster.petalsearch.com/site/petalbot)"
114.119.147.75 - - [30/Jun/2022:15:35:37 +0000] "GET /node/1823?share=reddit HTTP/1.1" 301 178 "https://mrchoke.org/node/1823?ak_action=reject_mobile" "Mozilla/5.0 (Linux; Android 7.0;) AppleWebKit/537.36 (KHTML, like Gecko) Mobile Safari/537.36 (compatible; PetalBot;+https://webmaster.petalsearch.com/site/petalbot)"
114.119.147.75 - - [30/Jun/2022:15:35:38 +0000] "GET /node/1823/?share=reddit HTTP/1.1" 200 8439 "https://mrchoke.org/node/1823?ak_action=reject_mobile" "Mozilla/5.0 (Linux; Android 7.0;) AppleWebKit/537.36 (KHTML, like Gecko) Mobile Safari/537.36 (compatible; PetalBot;+https://webmaster.petalsearch.com/site/petalbot)"
51.222.253.20 - - [30/Jun/2022:15:36:53 +0000] "GET /node/date/2007/12/24 HTTP/2.0" 301 178 "-" "Mozilla/5.0 (compatible; AhrefsBot/7.0; +http://ahrefs.com/robot/)"
49.228.150.147 - - [30/Jun/2022:15:37:56 +0000] "GET /wp-content/uploads/2014/01/CH7_3334.jpg HTTP/2.0" 200 2147931 "https://www.google.com/" "Mozilla/5.0 (Windows NT 10.0; Win64; x64; rv:102.0) Gecko/20100101 Firefox/102.0"
87.250.224.3 - - [30/Jun/2022:15:39:46 +0000] "GET / HTTP/1.1" 200 16008 "-" "Mozilla/5.0 (compatible; YandexBot/3.0; +http://yandex.com/bots)"
5.255.253.163 - - [30/Jun/2022:15:39:46 +0000] "GET /robots.txt HTTP/1.1" 404 162 "-" "Mozilla/5.0 (compatible; YandexBot/3.0; +http://yandex.com/bots)"
87.250.224.3 - - [30/Jun/2022:15:39:50 +0000] "GET / HTTP/1.1" 200 294 "-" "Mozilla/5.0 (compatible; YandexBot/3.0; +http://yandex.com/bots)"
114.119.147.81 - - [30/Jun/2022:15:41:02 +0000] "GET /node/190?ak_action=reject_mobile HTTP/1.1" 302 154 "https://mrchoke.org/node/190?ak_action=accept_mobile" "Mozilla/5.0 (Linux; Android 7.0;) AppleWebKit/537.36 (KHTML, like Gecko) Mobile Safari/537.36 (compatible; PetalBot;+https://webmaster.petalsearch.com/site/petalbot)"
114.119.147.81 - - [30/Jun/2022:15:41:19 +0000] "GET /node/190?ak_action=reject_mobile HTTP/1.1" 301 178 "https://mrchoke.org/node/190?ak_action=accept_mobile" "Mozilla/5.0 (Linux; Android 7.0;) AppleWebKit/537.36 (KHTML, like Gecko) Mobile Safari/537.36 (compatible; PetalBot;+https://webmaster.petalsearch.com/site/petalbot)"
114.119.147.81 - - [30/Jun/2022:15:41:24 +0000] "GET /node/190/?ak_action=reject_mobile HTTP/1.1" 200 10061 "https://mrchoke.org/node/190?ak_action=accept_mobile" "Mozilla/5.0 (Linux; Android 7.0;) AppleWebKit/537.36 (KHTML, like Gecko) Mobile Safari/537.36 (compatible; PetalBot;+https://webmaster.petalsearch.com/site/petalbot)"
114.119.147.81 - - [30/Jun/2022:15:46:58 +0000] "GET /node/date/2006/11/22 HTTP/1.1" 301 178 "https://mrchoke.org/node/127?share=facebook" "Mozilla/5.0 (Linux; Android 7.0;) AppleWebKit/537.36 (KHTML, like Gecko) Mobile Safari/537.36 (compatible; PetalBot;+https://webmaster.petalsearch.com/site/petalbot)"
114.119.147.81 - - [30/Jun/2022:15:47:00 +0000] "GET /node/date/2006/11/22/ HTTP/1.1" 200 7610 "https://mrchoke.org/node/127?share=facebook" "Mozilla/5.0 (Linux; Android 7.0;) AppleWebKit/537.36 (KHTML, like Gecko) Mobile Safari/537.36 (compatible; PetalBot;+https://webmaster.petalsearch.com/site/petalbot)"
135.181.180.59 - - [30/Jun/2022:15:48:26 +0000] "GET /robots.txt HTTP/1.1" 404 162 "-" "Mozilla/5.0 (compatible; MJ12bot/v1.4.8; http://mj12bot.com/)"
135.181.180.59 - - [30/Jun/2022:15:48:28 +0000] "GET /node/category/music/%E0%B9%80%E0%B8%9E%E0%B8%A5%E0%B8%87%E0%B9%83%E0%B8%95%E0%B9%89/page/15 HTTP/1.1" 302 154 "-" "Mozilla/5.0 (compatible; MJ12bot/v1.4.8; http://mj12bot.com/)"
135.181.180.59 - - [30/Jun/2022:15:48:30 +0000] "GET /robots.txt HTTP/1.1" 404 162 "-" "Mozilla/5.0 (compatible; MJ12bot/v1.4.8; http://mj12bot.com/)"
135.181.180.59 - - [30/Jun/2022:15:48:31 +0000] "GET /node/category/music/%E0%B9%80%E0%B8%9E%E0%B8%A5%E0%B8%87%E0%B9%83%E0%B8%95%E0%B9%89/page/15 HTTP/1.1" 404 134 "-" "Mozilla/5.0 (compatible; MJ12bot/v1.4.8; http://mj12bot.com/)"
135.181.180.59 - - [30/Jun/2022:15:48:33 +0000] "GET /node/category/music/%E0%B9%80%E0%B8%9E%E0%B8%A5%E0%B8%87%E0%B9%83%E0%B8%95%E0%B9%89/page/7 HTTP/1.1" 302 154 "-" "Mozilla/5.0 (compatible; MJ12bot/v1.4.8; http://mj12bot.com/)"
135.181.180.59 - - [30/Jun/2022:15:48:35 +0000] "GET /node/category/music/%E0%B9%80%E0%B8%9E%E0%B8%A5%E0%B8%87%E0%B9%83%E0%B8%95%E0%B9%89/page/7 HTTP/1.1" 404 134 "-" "Mozilla/5.0 (compatible; MJ12bot/v1.4.8; http://mj12bot.com/)"
135.181.180.59 - - [30/Jun/2022:15:48:36 +0000] "GET /node/category/music/%E0%B9%80%E0%B8%9E%E0%B8%A5%E0%B8%87%E0%B9%83%E0%B8%95%E0%B9%89/page/8 HTTP/1.1" 302 154 "-" "Mozilla/5.0 (compatible; MJ12bot/v1.4.8; http://mj12bot.com/)"
135.181.180.59 - - [30/Jun/2022:15:48:38 +0000] "GET /node/category/music/%E0%B9%80%E0%B8%9E%E0%B8%A5%E0%B8%87%E0%B9%83%E0%B8%95%E0%B9%89/page/8 HTTP/1.1" 404 134 "-" "Mozilla/5.0 (compatible; MJ12bot/v1.4.8; http://mj12bot.com/)"
135.181.180.59 - - [30/Jun/2022:15:48:40 +0000] "GET /node/category/music/%E0%B9%80%E0%B8%9E%E0%B8%A5%E0%B8%87%E0%B9%83%E0%B8%95%E0%B9%89/page/9 HTTP/1.1" 302 154 "-" "Mozilla/5.0 (compatible; MJ12bot/v1.4.8; http://mj12bot.com/)"
135.181.180.59 - - [30/Jun/2022:15:48:41 +0000] "GET /node/category/music/%E0%B9%80%E0%B8%9E%E0%B8%A5%E0%B8%87%E0%B9%83%E0%B8%95%E0%B9%89/page/9 HTTP/1.1" 404 134 "-" "Mozilla/5.0 (compatible; MJ12bot/v1.4.8; http://mj12bot.com/)"
135.181.180.59 - - [30/Jun/2022:15:48:43 +0000] "GET /node/601/%E0%B8%97%E0%B8%B5%E0%B9%88%E0%B8%A1%E0%B8%B2:%20http:/www.pcworld.com/article/252326/new_ipad_slow_to_recharge_barely_charges_during_use.html HTTP/1.1" 404 134 "-" "Mozilla/5.0 (compatible; MJ12bot/v1.4.8; http://mj12bot.com/)"
135.181.180.59 - - [30/Jun/2022:15:48:44 +0000] "GET /node/category/apple/%E0%B8%97%E0%B8%B5%E0%B9%88%E0%B8%A1%E0%B8%B2:%20http:/www.pcworld.com/article/252326/new_ipad_slow_to_recharge_barely_charges_during_use.html HTTP/1.1" 404 134 "-" "Mozilla/5.0 (compatible; MJ12bot/v1.4.8; http://mj12bot.com/)"
135.181.180.59 - - [30/Jun/2022:15:48:46 +0000] "GET /node/category/blog/page/14/%E0%B8%97%E0%B8%B5%E0%B9%88%E0%B8%A1%E0%B8%B2:%20http:/www.pcworld.com/article/252326/new_ipad_slow_to_recharge_barely_charges_during_use.html HTTP/1.1" 404 134 "-" "Mozilla/5.0 (compatible; MJ12bot/v1.4.8; http://mj12bot.com/)"
135.181.180.59 - - [30/Jun/2022:15:48:48 +0000] "GET /node/category/ios/%E0%B8%97%E0%B8%B5%E0%B9%88%E0%B8%A1%E0%B8%B2:%20http:/www.pcworld.com/article/252326/new_ipad_slow_to_recharge_barely_charges_during_use.html HTTP/1.1" 404 134 "-" "Mozilla/5.0 (compatible; MJ12bot/v1.4.8; http://mj12bot.com/)"
135.181.180.59 - - [30/Jun/2022:15:48:49 +0000] "GET /node/category/ipad/%E0%B8%97%E0%B8%B5%E0%B9%88%E0%B8%A1%E0%B8%B2:%20http:/www.pcworld.com/article/252326/new_ipad_slow_to_recharge_barely_charges_during_use.html HTTP/1.1" 404 134 "-" "Mozilla/5.0 (compatible; MJ12bot/v1.4.8; http://mj12bot.com/)"
135.181.180.59 - - [30/Jun/2022:15:48:51 +0000] "GET /node/date/2012/05/04/%E0%B8%97%E0%B8%B5%E0%B9%88%E0%B8%A1%E0%B8%B2:%20http:/www.pcworld.com/article/252326/new_ipad_slow_to_recharge_barely_charges_during_use.html HTTP/1.1" 404 134 "-" "Mozilla/5.0 (compatible; MJ12bot/v1.4.8; http://mj12bot.com/)"
135.181.180.59 - - [30/Jun/2022:15:48:53 +0000] "GET /node/tag/%E0%B8%81%E0%B8%A3%E0%B8%B0%E0%B9%80%E0%B8%9B%E0%B9%8B%E0%B8%B2%E0%B9%80%E0%B8%87%E0%B8%B4%E0%B8%99%E0%B8%AB%E0%B8%B2%E0%B8%A2 HTTP/1.1" 404 134 "-" "Mozilla/5.0 (compatible; MJ12bot/v1.4.8; http://mj12bot.com/)"
135.181.180.59 - - [30/Jun/2022:15:48:55 +0000] "GET /node/tag/%E0%B8%82%E0%B8%B2%E0%B8%A2 HTTP/1.1" 404 134 "-" "Mozilla/5.0 (compatible; MJ12bot/v1.4.8; http://mj12bot.com/)"
135.181.180.59 - - [30/Jun/2022:15:48:56 +0000] "GET /node/tag/%E0%B8%84%E0%B8%A5%E0%B8%AD%E0%B8%87%E0%B8%AA%E0%B8%B2%E0%B8%A1 HTTP/1.1" 404 134 "-" "Mozilla/5.0 (compatible; MJ12bot/v1.4.8; http://mj12bot.com/)"
114.119.147.97 - - [30/Jun/2022:15:48:57 +0000] "GET /node/939/img_6390?share=facebook HTTP/1.1" 302 154 "https://mrchoke.org/node/939/img_6390?ak_action=accept_mobile" "Mozilla/5.0 (Linux; Android 7.0;) AppleWebKit/537.36 (KHTML, like Gecko) Mobile Safari/537.36 (compatible; PetalBot;+https://webmaster.petalsearch.com/site/petalbot)"
135.181.180.59 - - [30/Jun/2022:15:48:58 +0000] "GET /node/tag/%E0%B8%84%E0%B8%AD%E0%B8%99%E0%B9%82%E0%B8%94 HTTP/1.1" 404 134 "-" "Mozilla/5.0 (compatible; MJ12bot/v1.4.8; http://mj12bot.com/)"
135.181.180.59 - - [30/Jun/2022:15:48:59 +0000] "GET /node/tag/%E0%B8%84%E0%B8%AD%E0%B9%80%E0%B8%84%E0%B8%A5%E0%B9%87%E0%B8%94 HTTP/1.1" 404 134 "-" "Mozilla/5.0 (compatible; MJ12bot/v1.4.8; http://mj12bot.com/)"
135.181.180.59 - - [30/Jun/2022:15:49:01 +0000] "GET /node/tag/%E0%B8%85%E0%B8%99%E0%B8%84%E0%B8%A7%E0%B8%99 HTTP/1.1" 404 134 "-" "Mozilla/5.0 (compatible; MJ12bot/v1.4.8; http://mj12bot.com/)"
114.119.147.97 - - [30/Jun/2022:15:49:02 +0000] "GET /node/939/img_6390?share=facebook HTTP/1.1" 301 178 "https://mrchoke.org/node/939/img_6390?ak_action=accept_mobile" "Mozilla/5.0 (Linux; Android 7.0;) AppleWebKit/537.36 (KHTML, like Gecko) Mobile Safari/537.36 (compatible; PetalBot;+https://webmaster.petalsearch.com/site/petalbot)"
135.181.180.59 - - [30/Jun/2022:15:49:03 +0000] "GET /node/tag/%E0%B8%87%E0%B8%B2%E0%B8%99%E0%B8%A8%E0%B8%9E HTTP/1.1" 404 134 "-" "Mozilla/5.0 (compatible; MJ12bot/v1.4.8; http://mj12bot.com/)"
135.181.180.59 - - [30/Jun/2022:15:49:05 +0000] "GET /node/tag/%E0%B8%94%E0%B8%AD%E0%B8%81%E0%B8%9B%E0%B8%B5%E0%B8%9B HTTP/1.1" 404 134 "-" "Mozilla/5.0 (compatible; MJ12bot/v1.4.8; http://mj12bot.com/)"
135.181.180.59 - - [30/Jun/2022:15:49:06 +0000] "GET /node/tag/%E0%B8%97%E0%B8%B3%E0%B8%9A%E0%B8%B1%E0%B8%95%E0%B8%A3%E0%B8%9B%E0%B8%A3%E0%B8%B0%E0%B8%8A%E0%B8%B2%E0%B8%8A%E0%B8%99 HTTP/1.1" 404 134 "-" "Mozilla/5.0 (compatible; MJ12bot/v1.4.8; http://mj12bot.com/)"
135.181.180.59 - - [30/Jun/2022:15:49:08 +0000] "GET /node/tag/%E0%B8%97%E0%B9%89%E0%B8%AD%E0%B8%87%E0%B8%9F%E0%B9%89%E0%B8%B2 HTTP/1.1" 404 134 "-" "Mozilla/5.0 (compatible; MJ12bot/v1.4.8; http://mj12bot.com/)"
114.119.147.97 - - [30/Jun/2022:15:49:09 +0000] "GET /node/939/img_6390/?share=facebook HTTP/1.1" 200 7892 "https://mrchoke.org/node/939/img_6390?ak_action=accept_mobile" "Mozilla/5.0 (Linux; Android 7.0;) AppleWebKit/537.36 (KHTML, like Gecko) Mobile Safari/537.36 (compatible; PetalBot;+https://webmaster.petalsearch.com/site/petalbot)"
135.181.180.59 - - [30/Jun/2022:15:49:09 +0000] "GET /node/tag/%E0%B8%99%E0%B9%89%E0%B8%B3%E0%B8%AB%E0%B8%99%E0%B8%B1%E0%B8%81 HTTP/1.1" 404 134 "-" "Mozilla/5.0 (compatible; MJ12bot/v1.4.8; http://mj12bot.com/)"
135.181.180.59 - - [30/Jun/2022:15:49:11 +0000] "GET /node/tag/%E0%B8%9A%E0%B8%A3%E0%B8%A3%E0%B8%A2%E0%B8%B2%E0%B8%A2 HTTP/1.1" 404 134 "-" "Mozilla/5.0 (compatible; MJ12bot/v1.4.8; http://mj12bot.com/)"
135.181.180.59 - - [30/Jun/2022:15:49:13 +0000] "GET /node/tag/%E0%B8%9A%E0%B8%A3%E0%B8%B4%E0%B8%88%E0%B8%B2%E0%B8%84%E0%B9%80%E0%B8%A5%E0%B8%B7%E0%B8%AD%E0%B8%94 HTTP/1.1" 404 134 "-" "Mozilla/5.0 (compatible; MJ12bot/v1.4.8; http://mj12bot.com/)"
135.181.180.59 - - [30/Jun/2022:15:49:14 +0000] "GET /node/tag/%E0%B8%9A%E0%B8%B1%E0%B8%95%E0%B8%A3%E0%B8%AB%E0%B8%B2%E0%B8%A2 HTTP/1.1" 404 134 "-" "Mozilla/5.0 (compatible; MJ12bot/v1.4.8; http://mj12bot.com/)"
135.181.180.59 - - [30/Jun/2022:15:49:16 +0000] "GET /node/tag/%E0%B8%9B%E0%B8%A5%E0%B8%B2%E0%B9%80%E0%B8%9C%E0%B8%B2 HTTP/1.1" 404 134 "-" "Mozilla/5.0 (compatible; MJ12bot/v1.4.8; http://mj12bot.com/)"
135.181.180.59 - - [30/Jun/2022:15:49:18 +0000] "GET /node/tag/%E0%B8%9B%E0%B8%B1%E0%B9%88%E0%B8%99%E0%B9%80%E0%B8%9E%E0%B8%B7%E0%B9%88%E0%B8%AD%E0%B8%99%E0%B9%89%E0%B8%AD%E0%B8%87 HTTP/1.1" 404 134 "-" "Mozilla/5.0 (compatible; MJ12bot/v1.4.8; http://mj12bot.com/)"
135.181.180.59 - - [30/Jun/2022:15:49:19 +0000] "GET /node/tag/%E0%B8%9B%E0%B9%88%E0%B8%A7%E0%B8%A2 HTTP/1.1" 404 134 "-" "Mozilla/5.0 (compatible; MJ12bot/v1.4.8; http://mj12bot.com/)"
135.181.180.59 - - [30/Jun/2022:15:49:21 +0000] "GET /node/tag/%E0%B8%9E%E0%B8%A3%E0%B8%B0%E0%B8%A3%E0%B8%B2%E0%B8%8A%E0%B8%A7%E0%B8%B1%E0%B8%87%E0%B8%9A%E0%B8%B2%E0%B8%87%E0%B8%9B%E0%B8%B0%E0%B8%AD%E0%B8%B4%E0%B8%99 HTTP/1.1" 404 134 "-" "Mozilla/5.0 (compatible; MJ12bot/v1.4.8; http://mj12bot.com/)"
135.181.180.59 - - [30/Jun/2022:15:49:23 +0000] "GET /node/tag/%E0%B8%9F%E0%B9%89%E0%B8%B2%E0%B9%82%E0%B8%94%E0%B8%A1 HTTP/1.1" 404 134 "-" "Mozilla/5.0 (compatible; MJ12bot/v1.4.8; http://mj12bot.com/)"
135.181.180.59 - - [30/Jun/2022:15:49:24 +0000] "GET /node/tag/%E0%B8%A0%E0%B8%B2%E0%B8%A9%E0%B8%B5 HTTP/1.1" 404 134 "-" "Mozilla/5.0 (compatible; MJ12bot/v1.4.8; http://mj12bot.com/)"
135.181.180.59 - - [30/Jun/2022:15:49:26 +0000] "GET /node/tag/%E0%B8%A0%E0%B8%B9%E0%B8%97%E0%B8%B1%E0%B8%9A%E0%B9%80%E0%B8%9A%E0%B8%B4%E0%B8%81 HTTP/1.1" 404 134 "-" "Mozilla/5.0 (compatible; MJ12bot/v1.4.8; http://mj12bot.com/)"
135.181.180.59 - - [30/Jun/2022:15:49:28 +0000] "GET /node/tag/%E0%B8%A1%E0%B8%98 HTTP/1.1" 404 134 "-" "Mozilla/5.0 (compatible; MJ12bot/v1.4.8; http://mj12bot.com/)"
135.181.180.59 - - [30/Jun/2022:15:49:29 +0000] "GET /node/tag/%E0%B8%A1%E0%B8%B2%E0%B8%86%E0%B8%9A%E0%B8%B9%E0%B8%8A%E0%B8%B2 HTTP/1.1" 404 134 "-" "Mozilla/5.0 (compatible; MJ12bot/v1.4.8; http://mj12bot.com/)"
135.181.180.59 - - [30/Jun/2022:15:49:31 +0000] "GET /node/tag/%E0%B8%A1%E0%B8%B4%E0%B8%A2%E0%B8%B2%E0%B8%9A%E0%B8%B4 HTTP/1.1" 404 134 "-" "Mozilla/5.0 (compatible; MJ12bot/v1.4.8; http://mj12bot.com/)"
135.181.180.59 - - [30/Jun/2022:15:49:33 +0000] "GET /node/tag/%E0%B8%A1-%E0%B8%AD HTTP/1.1" 404 134 "-" "Mozilla/5.0 (compatible; MJ12bot/v1.4.8; http://mj12bot.com/)"
135.181.180.59 - - [30/Jun/2022:15:49:34 +0000] "GET /node/tag/%E0%B8%A3%E0%B8%96%E0%B9%84%E0%B8%9F HTTP/1.1" 404 134 "-" "Mozilla/5.0 (compatible; MJ12bot/v1.4.8; http://mj12bot.com/)"
135.181.180.59 - - [30/Jun/2022:15:49:36 +0000] "GET /node/tag/%E0%B8%A3%E0%B8%AD%E0%B8%87%E0%B9%80%E0%B8%97%E0%B9%89%E0%B8%B2 HTTP/1.1" 404 134 "-" "Mozilla/5.0 (compatible; MJ12bot/v1.4.8; http://mj12bot.com/)"
135.181.180.59 - - [30/Jun/2022:15:49:38 +0000] "GET /node/tag/%E0%B8%A7%E0%B8%B1%E0%B8%94%E0%B9%82%E0%B8%9A%E0%B8%AA%E0%B8%96%E0%B9%8C HTTP/1.1" 404 134 "-" "Mozilla/5.0 (compatible; MJ12bot/v1.4.8; http://mj12bot.com/)"
135.181.180.59 - - [30/Jun/2022:15:49:40 +0000] "GET /node/tag/%E0%B8%A7%E0%B8%B1%E0%B8%94%E0%B9%84%E0%B8%9C%E0%B9%88%E0%B8%A5%E0%B9%89%E0%B8%AD%E0%B8%A1 HTTP/1.1" 404 134 "-" "Mozilla/5.0 (compatible; MJ12bot/v1.4.8; http://mj12bot.com/)"
135.181.180.59 - - [30/Jun/2022:15:49:41 +0000] "GET /node/tag/%E0%B8%A7%E0%B8%B1%E0%B8%94%E0%B9%84%E0%B8%9C%E0%B9%89%E0%B8%A5%E0%B9%89%E0%B8%AD%E0%B8%A1 HTTP/1.1" 404 134 "-" "Mozilla/5.0 (compatible; MJ12bot/v1.4.8; http://mj12bot.com/)"
135.181.180.59 - - [30/Jun/2022:15:49:43 +0000] "GET /node/tag/%E0%B8%A7%E0%B8%B1%E0%B8%99%E0%B9%80%E0%B8%94%E0%B9%87%E0%B8%81 HTTP/1.1" 404 134 "-" "Mozilla/5.0 (compatible; MJ12bot/v1.4.8; http://mj12bot.com/)"
135.181.180.59 - - [30/Jun/2022:15:49:44 +0000] "GET /node/tag/%E0%B8%A8%E0%B8%A3%E0%B8%B5%E0%B8%95%E0%B8%A3%E0%B8%B1%E0%B8%87 HTTP/1.1" 404 134 "-" "Mozilla/5.0 (compatible; MJ12bot/v1.4.8; http://mj12bot.com/)"
135.181.180.59 - - [30/Jun/2022:15:49:46 +0000] "GET /node/tag/%E0%B8%A8%E0%B8%B9%E0%B8%99%E0%B8%A2%E0%B9%8C%E0%B8%A8%E0%B8%B4%E0%B8%A5%E0%B8%9B%E0%B8%B2%E0%B8%8A%E0%B8%B5%E0%B8%9E%E0%B8%9A%E0%B8%B2%E0%B8%87%E0%B9%84%E0%B8%97%E0%B8%A3 HTTP/1.1" 404 134 "-" "Mozilla/5.0 (compatible; MJ12bot/v1.4.8; http://mj12bot.com/)"
135.181.180.59 - - [30/Jun/2022:15:49:48 +0000] "GET /node/tag/%E0%B8%AA%E0%B8%A7%E0%B8%97%E0%B8%8A HTTP/1.1" 404 134 "-" "Mozilla/5.0 (compatible; MJ12bot/v1.4.8; http://mj12bot.com/)"
135.181.180.59 - - [30/Jun/2022:15:49:49 +0000] "GET /node/tag/%E0%B8%AA%E0%B9%88%E0%B8%A7%E0%B8%99%E0%B8%95%E0%B8%B1%E0%B8%A7 HTTP/1.1" 404 134 "-" "Mozilla/5.0 (compatible; MJ12bot/v1.4.8; http://mj12bot.com/)"
135.181.180.59 - - [30/Jun/2022:15:49:51 +0000] "GET /node/tag/%E0%B8%AB%E0%B8%A1%E0%B8%B2 HTTP/1.1" 404 134 "-" "Mozilla/5.0 (compatible; MJ12bot/v1.4.8; http://mj12bot.com/)"
135.181.180.59 - - [30/Jun/2022:15:49:53 +0000] "GET /node/tag/%E0%B8%AB%E0%B8%A5%E0%B8%A7%E0%B8%87%E0%B8%9E%E0%B9%88%E0%B8%AD%E0%B9%82%E0%B8%95 HTTP/1.1" 404 134 "-" "Mozilla/5.0 (compatible; MJ12bot/v1.4.8; http://mj12bot.com/)"
135.181.180.59 - - [30/Jun/2022:15:49:55 +0000] "GET /node/tag/%E0%B8%AB%E0%B8%A5%E0%B8%B2%E0%B8%99%E0%B9%81%E0%B8%9D%E0%B8%94 HTTP/1.1" 404 134 "-" "Mozilla/5.0 (compatible; MJ12bot/v1.4.8; http://mj12bot.com/)"
135.181.180.59 - - [30/Jun/2022:15:49:56 +0000] "GET /node/tag/%E0%B8%AB%E0%B8%AD%E0%B8%9E%E0%B8%B1%E0%B8%81 HTTP/1.1" 404 134 "-" "Mozilla/5.0 (compatible; MJ12bot/v1.4.8; http://mj12bot.com/)"
135.181.180.59 - - [30/Jun/2022:15:49:58 +0000] "GET /node/tag/%E0%B8%AB%E0%B8%B1%E0%B8%A7%E0%B8%A5%E0%B8%B3%E0%B9%82%E0%B8%9E%E0%B8%87 HTTP/1.1" 404 134 "-" "Mozilla/5.0 (compatible; MJ12bot/v1.4.8; http://mj12bot.com/)"
135.181.180.59 - - [30/Jun/2022:15:49:59 +0000] "GET /node/tag/%E0%B8%AD%E0%B8%B5%E0%B9%81%E0%B8%94%E0%B8%87 HTTP/1.1" 404 134 "-" "Mozilla/5.0 (compatible; MJ12bot/v1.4.8; http://mj12bot.com/)"
135.181.180.59 - - [30/Jun/2022:15:50:01 +0000] "GET /node/tag/%E0%B9%80%E0%B8%82%E0%B8%B2%E0%B8%84%E0%B9%89%E0%B8%AD HTTP/1.1" 404 134 "-" "Mozilla/5.0 (compatible; MJ12bot/v1.4.8; http://mj12bot.com/)"
135.181.180.59 - - [30/Jun/2022:15:50:03 +0000] "GET /node/tag/%E0%B9%80%E0%B8%88%E0%B9%87%E0%B8%94%E0%B8%A7%E0%B8%B1%E0%B8%99 HTTP/1.1" 404 134 "-" "Mozilla/5.0 (compatible; MJ12bot/v1.4.8; http://mj12bot.com/)"
135.181.180.59 - - [30/Jun/2022:15:50:04 +0000] "GET /node/tag/%E0%B9%80%E0%B8%8B%E0%B8%B5%E0%B8%A2%E0%B8%A3%E0%B9%8C-%E0%B8%A3%E0%B8%B1%E0%B8%87%E0%B8%AA%E0%B8%B4%E0%B8%95 HTTP/1.1" 404 134 "-" "Mozilla/5.0 (compatible; MJ12bot/v1.4.8; http://mj12bot.com/)"
135.181.180.59 - - [30/Jun/2022:15:50:06 +0000] "GET /node/tag/%E0%B9%80%E0%B8%95%E0%B8%B5%E0%B9%88%E0%B8%A2 HTTP/1.1" 404 134 "-" "Mozilla/5.0 (compatible; MJ12bot/v1.4.8; http://mj12bot.com/)"
135.181.180.59 - - [30/Jun/2022:15:50:07 +0000] "GET /node/tag/%E0%B9%80%E0%B8%9E%E0%B8%8A%E0%B8%A3%E0%B8%9A%E0%B8%B9%E0%B8%A3%E0%B8%93%E0%B9%8C HTTP/1.1" 404 134 "-" "Mozilla/5.0 (compatible; MJ12bot/v1.4.8; http://mj12bot.com/)"
135.181.180.59 - - [30/Jun/2022:15:50:09 +0000] "GET /node/tag/%E0%B9%80%E0%B8%9E%E0%B8%A5%E0%B8%87 HTTP/1.1" 404 134 "-" "Mozilla/5.0 (compatible; MJ12bot/v1.4.8; http://mj12bot.com/)"
135.181.180.59 - - [30/Jun/2022:15:50:11 +0000] "GET /node/tag/%E0%B9%80%E0%B8%AB%E0%B8%A1%E0%B8%A2%E0%B8%9F%E0%B9%89%E0%B8%B2 HTTP/1.1" 404 134 "-" "Mozilla/5.0 (compatible; MJ12bot/v1.4.8; http://mj12bot.com/)"
135.181.180.59 - - [30/Jun/2022:15:50:12 +0000] "GET /node/tag/%E0%B9%81%E0%B8%A1%E0%B8%A7 HTTP/1.1" 404 134 "-" "Mozilla/5.0 (compatible; MJ12bot/v1.4.8; http://mj12bot.com/)"
135.181.180.59 - - [30/Jun/2022:15:50:14 +0000] "GET /node/tag/%E0%B9%84%E0%B8%81%E0%B9%88%E0%B8%A2%E0%B9%88%E0%B8%B2%E0%B8%87%E0%B8%A7%E0%B8%B4%E0%B9%80%E0%B8%8A%E0%B8%B5%E0%B8%A2%E0%B8%A3%E0%B8%9A%E0%B8%B8%E0%B8%A3%E0%B8%B5 HTTP/1.1" 404 134 "-" "Mozilla/5.0 (compatible; MJ12bot/v1.4.8; http://mj12bot.com/)"
135.181.180.59 - - [30/Jun/2022:15:50:15 +0000] "GET /node/tag/%E0%B9%84%E0%B8%AD%E0%B8%94%E0%B8%B4%E0%B8%99 HTTP/1.1" 404 134 "-" "Mozilla/5.0 (compatible; MJ12bot/v1.4.8; http://mj12bot.com/)"
135.181.180.59 - - [30/Jun/2022:15:50:17 +0000] "GET /node/tag/charging-time/%E0%B8%97%E0%B8%B5%E0%B9%88%E0%B8%A1%E0%B8%B2:%20http:/www.pcworld.com/article/252326/new_ipad_slow_to_recharge_barely_charges_during_use.html HTTP/1.1" 404 134 "-" "Mozilla/5.0 (compatible; MJ12bot/v1.4.8; http://mj12bot.com/)"
135.181.180.59 - - [30/Jun/2022:15:50:19 +0000] "GET /node/tag/ipad/%E0%B8%97%E0%B8%B5%E0%B9%88%E0%B8%A1%E0%B8%B2:%20http:/www.pcworld.com/article/252326/new_ipad_slow_to_recharge_barely_charges_during_use.html HTTP/1.1" 404 134 "-" "Mozilla/5.0 (compatible; MJ12bot/v1.4.8; http://mj12bot.com/)"
135.181.180.59 - - [30/Jun/2022:15:50:20 +0000] "GET /node/tag/the-new-ipad/%E0%B8%97%E0%B8%B5%E0%B9%88%E0%B8%A1%E0%B8%B2:%20http:/www.pcworld.com/article/252326/new_ipad_slow_to_recharge_barely_charges_during_use.html HTTP/1.1" 404 134 "-" "Mozilla/5.0 (compatible; MJ12bot/v1.4.8; http://mj12bot.com/)"
114.119.147.74 - - [30/Jun/2022:15:50:45 +0000] "GET /node/351?ak_action=accept_mobile HTTP/1.1" 302 154 "https://mrchoke.org/node/351?ak_action=reject_mobile" "Mozilla/5.0 (Linux; Android 7.0;) AppleWebKit/537.36 (KHTML, like Gecko) Mobile Safari/537.36 (compatible; PetalBot;+https://webmaster.petalsearch.com/site/petalbot)"
114.119.147.74 - - [30/Jun/2022:15:50:51 +0000] "GET /node/351?ak_action=accept_mobile HTTP/1.1" 301 178 "https://mrchoke.org/node/351?ak_action=reject_mobile" "Mozilla/5.0 (Linux; Android 7.0;) AppleWebKit/537.36 (KHTML, like Gecko) Mobile Safari/537.36 (compatible; PetalBot;+https://webmaster.petalsearch.com/site/petalbot)"
114.119.147.74 - - [30/Jun/2022:15:50:54 +0000] "GET /node/351/?ak_action=accept_mobile HTTP/1.1" 200 8101 "https://mrchoke.org/node/351?ak_action=reject_mobile" "Mozilla/5.0 (Linux; Android 7.0;) AppleWebKit/537.36 (KHTML, like Gecko) Mobile Safari/537.36 (compatible; PetalBot;+https://webmaster.petalsearch.com/site/petalbot)"
185.191.171.8 - - [30/Jun/2022:15:51:10 +0000] "GET /node/324 HTTP/1.1" 302 154 "-" "Mozilla/5.0 (compatible; SemrushBot/7~bl; +http://www.semrush.com/bot.html)"
185.191.171.23 - - [30/Jun/2022:15:51:11 +0000] "GET /node/324 HTTP/1.1" 301 178 "-" "Mozilla/5.0 (compatible; SemrushBot/7~bl; +http://www.semrush.com/bot.html)"
185.191.171.35 - - [30/Jun/2022:15:51:13 +0000] "GET /node/324/ HTTP/1.1" 200 9642 "-" "Mozilla/5.0 (compatible; SemrushBot/7~bl; +http://www.semrush.com/bot.html)"
161.35.142.75 - - [30/Jun/2022:15:51:32 +0000] "POST / HTTP/1.1" 301 178 "-" "Mozilla/5.0 (X11; Linux x86_64) AppleWebKit/537.36 (KHTML, like Gecko) Chrome/81.0.4044.129 Safari/537.36"
161.35.142.75 - - [30/Jun/2022:15:51:33 +0000] "GET /.env HTTP/1.1" 301 178 "-" "Mozilla/5.0 (X11; Linux x86_64) AppleWebKit/537.36 (KHTML, like Gecko) Chrome/81.0.4044.129 Safari/537.36"
185.191.171.15 - - [30/Jun/2022:15:52:34 +0000] "GET /node/790 HTTP/1.1" 301 178 "-" "Mozilla/5.0 (compatible; SemrushBot/7~bl; +http://www.semrush.com/bot.html)"
185.191.171.38 - - [30/Jun/2022:15:52:36 +0000] "GET /node/790/ HTTP/1.1" 200 10315 "-" "Mozilla/5.0 (compatible; SemrushBot/7~bl; +http://www.semrush.com/bot.html)"
114.119.147.81 - - [30/Jun/2022:15:56:07 +0000] "GET /node/date/2006/11/14 HTTP/1.1" 302 154 "https://mrchoke.org/node/124?ak_action=accept_mobile" "Mozilla/5.0 (Linux; Android 7.0;) AppleWebKit/537.36 (KHTML, like Gecko) Mobile Safari/537.36 (compatible; PetalBot;+https://webmaster.petalsearch.com/site/petalbot)"
114.119.147.81 - - [30/Jun/2022:15:56:10 +0000] "GET /node/date/2006/11/14 HTTP/1.1" 301 178 "https://mrchoke.org/node/124?ak_action=accept_mobile" "Mozilla/5.0 (Linux; Android 7.0;) AppleWebKit/537.36 (KHTML, like Gecko) Mobile Safari/537.36 (compatible; PetalBot;+https://webmaster.petalsearch.com/site/petalbot)"
114.119.147.81 - - [30/Jun/2022:15:56:12 +0000] "GET /node/date/2006/11/14/ HTTP/1.1" 200 9258 "https://mrchoke.org/node/124?ak_action=accept_mobile" "Mozilla/5.0 (Linux; Android 7.0;) AppleWebKit/537.36 (KHTML, like Gecko) Mobile Safari/537.36 (compatible; PetalBot;+https://webmaster.petalsearch.com/site/petalbot)"
102.68.76.199 - - [30/Jun/2022:15:56:19 +0000] "GET / HTTP/1.1" 200 612 "-" "Mozilla/5.0 (Windows NT 10.0; WOW64) AppleWebKit/537.36 (KHTML, like Gecko) Chrome/51.0.2704.103 Safari/537.36"
51.222.253.14 - - [30/Jun/2022:15:56:52 +0000] "GET /node/251/ HTTP/2.0" 200 8587 "-" "Mozilla/5.0 (compatible; AhrefsBot/7.0; +http://ahrefs.com/robot/)"
216.244.66.229 - - [30/Jun/2022:16:00:57 +0000] "GET /robots.txt HTTP/1.1" 404 162 "-" "Mozilla/5.0 (compatible; DotBot/1.2; +https://opensiteexplorer.org/dotbot; help@moz.com)"
216.244.66.229 - - [30/Jun/2022:16:00:57 +0000] "GET /robots.txt HTTP/1.1" 404 162 "-" "Mozilla/5.0 (compatible; DotBot/1.2; +https://opensiteexplorer.org/dotbot; help@moz.com)"
207.46.13.149 - - [30/Jun/2022:16:03:24 +0000] "GET /feed/?attachment_id=1784 HTTP/2.0" 403 123 "-" "Mozilla/5.0 (compatible; bingbot/2.0; +http://www.bing.com/bingbot.htm)"
40.77.167.43 - - [30/Jun/2022:16:04:41 +0000] "GET /node/234/feed HTTP/2.0" 301 178 "-" "Mozilla/5.0 (compatible; bingbot/2.0; +http://www.bing.com/bingbot.htm)"
40.77.167.43 - - [30/Jun/2022:16:04:51 +0000] "GET /node/234/feed/ HTTP/2.0" 403 123 "-" "Mozilla/5.0 (compatible; bingbot/2.0; +http://www.bing.com/bingbot.htm)"
114.119.147.81 - - [30/Jun/2022:16:05:35 +0000] "GET /node/date/2006/02/01 HTTP/1.1" 301 178 "https://static.mrchoke.org/node/330" "Mozilla/5.0 (Linux; Android 7.0;) AppleWebKit/537.36 (KHTML, like Gecko) Mobile Safari/537.36 (compatible; PetalBot;+https://webmaster.petalsearch.com/site/petalbot)"
114.119.147.81 - - [30/Jun/2022:16:05:42 +0000] "GET /node/date/2006/02/01/ HTTP/1.1" 200 7693 "https://static.mrchoke.org/node/330" "Mozilla/5.0 (Linux; Android 7.0;) AppleWebKit/537.36 (KHTML, like Gecko) Mobile Safari/537.36 (compatible; PetalBot;+https://webmaster.petalsearch.com/site/petalbot)"
193.118.53.210 - - [30/Jun/2022:16:07:13 +0000] "GET / HTTP/1.1" 200 396 "-" "Mozilla/5.0 (Windows NT 10.0; Win64; x64) AppleWebKit/537.36 (KHTML, like Gecko) Chrome/60.0.3112.113 Safari/537.36"
216.244.66.229 - - [30/Jun/2022:16:07:18 +0000] "GET /img_7520/ HTTP/1.1" 404 162 "-" "Mozilla/5.0 (compatible; DotBot/1.2; +https://opensiteexplorer.org/dotbot; help@moz.com)"
216.244.66.229 - - [30/Jun/2022:16:08:27 +0000] "GET /node/1356/img_7244/feed HTTP/1.1" 404 162 "-" "Mozilla/5.0 (compatible; DotBot/1.2; +https://opensiteexplorer.org/dotbot; help@moz.com)"
114.119.147.81 - - [30/Jun/2022:16:09:04 +0000] "GET /node/432 HTTP/1.1" 301 178 "https://mrchoke.org/node/date/2006/10/page/8" "Mozilla/5.0 (Linux; Android 7.0;) AppleWebKit/537.36 (KHTML, like Gecko) Mobile Safari/537.36 (compatible; PetalBot;+https://webmaster.petalsearch.com/site/petalbot)"
114.119.147.81 - - [30/Jun/2022:16:09:12 +0000] "GET /node/432/ HTTP/1.1" 200 8018 "https://mrchoke.org/node/date/2006/10/page/8" "Mozilla/5.0 (Linux; Android 7.0;) AppleWebKit/537.36 (KHTML, like Gecko) Mobile Safari/537.36 (compatible; PetalBot;+https://webmaster.petalsearch.com/site/petalbot)"
185.191.171.3 - - [30/Jun/2022:16:09:13 +0000] "GET /node/23 HTTP/1.1" 302 154 "-" "Mozilla/5.0 (compatible; SemrushBot/7~bl; +http://www.semrush.com/bot.html)"
185.191.171.42 - - [30/Jun/2022:16:09:14 +0000] "GET /node/23 HTTP/1.1" 301 178 "-" "Mozilla/5.0 (compatible; SemrushBot/7~bl; +http://www.semrush.com/bot.html)"
185.191.171.5 - - [30/Jun/2022:16:09:18 +0000] "GET /node/23/ HTTP/1.1" 200 9169 "-" "Mozilla/5.0 (compatible; SemrushBot/7~bl; +http://www.semrush.com/bot.html)"
216.244.66.229 - - [30/Jun/2022:16:09:55 +0000] "GET /node/328/feed HTTP/1.1" 404 162 "-" "Mozilla/5.0 (compatible; DotBot/1.2; +https://opensiteexplorer.org/dotbot; help@moz.com)"
216.244.66.229 - - [30/Jun/2022:16:10:25 +0000] "GET /node/1006/img_6488 HTTP/1.1" 404 162 "-" "Mozilla/5.0 (compatible; DotBot/1.2; +https://opensiteexplorer.org/dotbot; help@moz.com)"
216.244.66.229 - - [30/Jun/2022:16:10:52 +0000] "GET /node/category/music/page/8 HTTP/1.1" 404 162 "-" "Mozilla/5.0 (compatible; DotBot/1.2; +https://opensiteexplorer.org/dotbot; help@moz.com)"
216.244.66.229 - - [30/Jun/2022:16:11:29 +0000] "GET /feed/?attachment_id=1169 HTTP/1.1" 404 162 "-" "Mozilla/5.0 (compatible; DotBot/1.2; +https://opensiteexplorer.org/dotbot; help@moz.com)"
216.244.66.229 - - [30/Jun/2022:16:11:32 +0000] "GET /feed/?attachment_id=1192 HTTP/1.1" 404 162 "-" "Mozilla/5.0 (compatible; DotBot/1.2; +https://opensiteexplorer.org/dotbot; help@moz.com)"
114.119.147.86 - - [30/Jun/2022:16:11:58 +0000] "GET /node/tag/virtualbox?ak_action=reject_mobile HTTP/1.1" 302 154 "https://mrchoke.org/node/tag/virtualbox?ak_action=accept_mobile" "Mozilla/5.0 (Linux; Android 7.0;) AppleWebKit/537.36 (KHTML, like Gecko) Mobile Safari/537.36 (compatible; PetalBot;+https://webmaster.petalsearch.com/site/petalbot)"
114.119.147.86 - - [30/Jun/2022:16:12:01 +0000] "GET /node/tag/virtualbox?ak_action=reject_mobile HTTP/1.1" 301 178 "https://mrchoke.org/node/tag/virtualbox?ak_action=accept_mobile" "Mozilla/5.0 (Linux; Android 7.0;) AppleWebKit/537.36 (KHTML, like Gecko) Mobile Safari/537.36 (compatible; PetalBot;+https://webmaster.petalsearch.com/site/petalbot)"
114.119.147.86 - - [30/Jun/2022:16:12:04 +0000] "GET /node/tag/virtualbox/?ak_action=reject_mobile HTTP/1.1" 200 11003 "https://mrchoke.org/node/tag/virtualbox?ak_action=accept_mobile" "Mozilla/5.0 (Linux; Android 7.0;) AppleWebKit/537.36 (KHTML, like Gecko) Mobile Safari/537.36 (compatible; PetalBot;+https://webmaster.petalsearch.com/site/petalbot)"
44.203.196.45 - - [30/Jun/2022:16:12:59 +0000] "GET /.git/config HTTP/1.1" 404 134 "-" "python-requests/2.22.0"
114.119.147.81 - - [30/Jun/2022:16:13:47 +0000] "GET /node/213?ak_action=accept_mobile HTTP/1.1" 302 154 "https://mrchoke.org/node/213?ak_action=reject_mobile" "Mozilla/5.0 (Linux; Android 7.0;) AppleWebKit/537.36 (KHTML, like Gecko) Mobile Safari/537.36 (compatible; PetalBot;+https://webmaster.petalsearch.com/site/petalbot)"
114.119.147.81 - - [30/Jun/2022:16:13:54 +0000] "GET /node/213?ak_action=accept_mobile HTTP/1.1" 301 178 "https://mrchoke.org/node/213?ak_action=reject_mobile" "Mozilla/5.0 (Linux; Android 7.0;) AppleWebKit/537.36 (KHTML, like Gecko) Mobile Safari/537.36 (compatible; PetalBot;+https://webmaster.petalsearch.com/site/petalbot)"
114.119.147.81 - - [30/Jun/2022:16:14:00 +0000] "GET /node/213/?ak_action=accept_mobile HTTP/1.1" 200 8809 "https://mrchoke.org/node/213?ak_action=reject_mobile" "Mozilla/5.0 (Linux; Android 7.0;) AppleWebKit/537.36 (KHTML, like Gecko) Mobile Safari/537.36 (compatible; PetalBot;+https://webmaster.petalsearch.com/site/petalbot)"
114.119.147.75 - - [30/Jun/2022:16:15:43 +0000] "GET /node/9 HTTP/1.1" 302 154 "http://mrchoke.org/node/date/2005/06/" "Mozilla/5.0 (Linux; Android 7.0;) AppleWebKit/537.36 (KHTML, like Gecko) Mobile Safari/537.36 (compatible; PetalBot;+https://webmaster.petalsearch.com/site/petalbot)"
114.119.147.75 - - [30/Jun/2022:16:15:51 +0000] "GET /node/9 HTTP/1.1" 301 178 "http://mrchoke.org/node/date/2005/06/" "Mozilla/5.0 (Linux; Android 7.0;) AppleWebKit/537.36 (KHTML, like Gecko) Mobile Safari/537.36 (compatible; PetalBot;+https://webmaster.petalsearch.com/site/petalbot)"
114.119.147.75 - - [30/Jun/2022:16:15:57 +0000] "GET /node/9/ HTTP/1.1" 200 8680 "http://mrchoke.org/node/date/2005/06/" "Mozilla/5.0 (Linux; Android 7.0;) AppleWebKit/537.36 (KHTML, like Gecko) Mobile Safari/537.36 (compatible; PetalBot;+https://webmaster.petalsearch.com/site/petalbot)"
216.244.66.229 - - [30/Jun/2022:16:18:28 +0000] "GET /wp-content/uploads/2014/01/CH7_3153.jpg HTTP/1.1" 404 162 "-" "Mozilla/5.0 (compatible; DotBot/1.2; +https://opensiteexplorer.org/dotbot; help@moz.com)"
130.211.54.158 - - [30/Jun/2022:16:22:55 +0000] "GET / HTTP/1.1" 301 178 "-" "python-requests/2.28.0"
114.119.147.75 - - [30/Jun/2022:16:24:35 +0000] "GET /node/date/2005/04 HTTP/1.1" 301 178 "https://mrchoke.org/node/date/2005/07/05" "Mozilla/5.0 (Linux; Android 7.0;) AppleWebKit/537.36 (KHTML, like Gecko) Mobile Safari/537.36 (compatible; PetalBot;+https://webmaster.petalsearch.com/site/petalbot)"
114.119.147.75 - - [30/Jun/2022:16:24:40 +0000] "GET /node/date/2005/04/ HTTP/1.1" 200 10239 "https://mrchoke.org/node/date/2005/07/05" "Mozilla/5.0 (Linux; Android 7.0;) AppleWebKit/537.36 (KHTML, like Gecko) Mobile Safari/537.36 (compatible; PetalBot;+https://webmaster.petalsearch.com/site/petalbot)"
114.119.147.87 - - [30/Jun/2022:16:26:30 +0000] "GET /node/231?ak_action=reject_mobile HTTP/1.1" 302 154 "https://mrchoke.org/node/231?ak_action=accept_mobile" "Mozilla/5.0 (Linux; Android 7.0;) AppleWebKit/537.36 (KHTML, like Gecko) Mobile Safari/537.36 (compatible; PetalBot;+https://webmaster.petalsearch.com/site/petalbot)"
114.119.147.87 - - [30/Jun/2022:16:26:31 +0000] "GET /node/231?ak_action=reject_mobile HTTP/1.1" 301 178 "https://mrchoke.org/node/231?ak_action=accept_mobile" "Mozilla/5.0 (Linux; Android 7.0;) AppleWebKit/537.36 (KHTML, like Gecko) Mobile Safari/537.36 (compatible; PetalBot;+https://webmaster.petalsearch.com/site/petalbot)"
114.119.147.87 - - [30/Jun/2022:16:26:33 +0000] "GET /node/231/?ak_action=reject_mobile HTTP/1.1" 200 9172 "https://mrchoke.org/node/231?ak_action=accept_mobile" "Mozilla/5.0 (Linux; Android 7.0;) AppleWebKit/537.36 (KHTML, like Gecko) Mobile Safari/537.36 (compatible; PetalBot;+https://webmaster.petalsearch.com/site/petalbot)"
114.119.147.74 - - [30/Jun/2022:16:28:20 +0000] "GET /node/date/2005/05 HTTP/1.1" 301 178 "https://mrchoke.org/node/date/2005/07/05" "Mozilla/5.0 (Linux; Android 7.0;) AppleWebKit/537.36 (KHTML, like Gecko) Mobile Safari/537.36 (compatible; PetalBot;+https://webmaster.petalsearch.com/site/petalbot)"
114.119.147.74 - - [30/Jun/2022:16:28:23 +0000] "GET /node/date/2005/05/ HTTP/1.1" 200 10294 "https://mrchoke.org/node/date/2005/07/05" "Mozilla/5.0 (Linux; Android 7.0;) AppleWebKit/537.36 (KHTML, like Gecko) Mobile Safari/537.36 (compatible; PetalBot;+https://webmaster.petalsearch.com/site/petalbot)"
51.222.253.5 - - [30/Jun/2022:16:28:38 +0000] "GET /node/243/ HTTP/2.0" 200 8068 "-" "Mozilla/5.0 (compatible; AhrefsBot/7.0; +http://ahrefs.com/robot/)"
114.119.147.86 - - [30/Jun/2022:16:38:00 +0000] "GET /node/date/2004/11/page/2 HTTP/1.1" 302 154 "https://mrchoke.org/node/date/2004/11/" "Mozilla/5.0 (Linux; Android 7.0;) AppleWebKit/537.36 (KHTML, like Gecko) Mobile Safari/537.36 (compatible; PetalBot;+https://webmaster.petalsearch.com/site/petalbot)"
114.119.147.86 - - [30/Jun/2022:16:38:05 +0000] "GET /node/date/2004/11/page/2 HTTP/1.1" 301 178 "https://mrchoke.org/node/date/2004/11/" "Mozilla/5.0 (Linux; Android 7.0;) AppleWebKit/537.36 (KHTML, like Gecko) Mobile Safari/537.36 (compatible; PetalBot;+https://webmaster.petalsearch.com/site/petalbot)"
114.119.147.86 - - [30/Jun/2022:16:38:07 +0000] "GET /node/date/2004/11/page/2/ HTTP/1.1" 200 10339 "https://mrchoke.org/node/date/2004/11/" "Mozilla/5.0 (Linux; Android 7.0;) AppleWebKit/537.36 (KHTML, like Gecko) Mobile Safari/537.36 (compatible; PetalBot;+https://webmaster.petalsearch.com/site/petalbot)"
221.2.163.231 - - [30/Jun/2022:16:40:37 +0000] "GET / HTTP/1.1" 200 396 "-" "Mozilla/5.0"
178.128.195.38 - - [30/Jun/2022:16:43:26 +0000] "POST /boaform/admin/formLogin HTTP/1.1" 404 134 "http://188.166.238.131:80/admin/login.asp" "Mozilla/5.0 (X11; Ubuntu; Linux x86_64; rv:71.0) Gecko/20100101 Firefox/71.0"
178.128.195.38 - - [30/Jun/2022:16:43:26 +0000] "" 400 0 "-" "-"
114.119.147.74 - - [30/Jun/2022:16:43:33 +0000] "GET /node/581/img_1723?share=linkedin HTTP/1.1" 302 154 "https://mrchoke.org/node/581/img_1723?ak_action=accept_mobile" "Mozilla/5.0 (Linux; Android 7.0;) AppleWebKit/537.36 (KHTML, like Gecko) Mobile Safari/537.36 (compatible; PetalBot;+https://webmaster.petalsearch.com/site/petalbot)"
114.119.147.74 - - [30/Jun/2022:16:43:39 +0000] "GET /node/581/img_1723?share=linkedin HTTP/1.1" 301 178 "https://mrchoke.org/node/581/img_1723?ak_action=accept_mobile" "Mozilla/5.0 (Linux; Android 7.0;) AppleWebKit/537.36 (KHTML, like Gecko) Mobile Safari/537.36 (compatible; PetalBot;+https://webmaster.petalsearch.com/site/petalbot)"
114.119.147.74 - - [30/Jun/2022:16:43:46 +0000] "GET /node/581/img_1723/?share=linkedin HTTP/1.1" 200 7846 "https://mrchoke.org/node/581/img_1723?ak_action=accept_mobile" "Mozilla/5.0 (Linux; Android 7.0;) AppleWebKit/537.36 (KHTML, like Gecko) Mobile Safari/537.36 (compatible; PetalBot;+https://webmaster.petalsearch.com/site/petalbot)"
180.163.220.62 - - [30/Jun/2022:16:44:55 +0000] "GET / HTTP/1.1" 200 294 "https://mrchoke.org/" "Mozilla/5.0 (Windows NT 6.1; WOW64) AppleWebKit/537.36 (KHTML, like Gecko) Chrome/50.0.2661.102 Safari/537.36; 360Spider"
216.244.66.229 - - [30/Jun/2022:16:47:23 +0000] "GET /robots.txt HTTP/1.1" 404 162 "-" "Mozilla/5.0 (compatible; DotBot/1.2; +https://opensiteexplorer.org/dotbot; help@moz.com)"
17.121.112.216 - - [30/Jun/2022:16:50:32 +0000] "GET /robots.txt HTTP/1.1" 404 134 "-" "Mozilla/5.0 (Macintosh; Intel Mac OS X 10_15_5) AppleWebKit/605.1.15 (KHTML, like Gecko) Version/13.1.1 Safari/605.1.15 (Applebot/0.1; +http://www.apple.com/go/applebot)"
17.121.112.216 - - [30/Jun/2022:16:50:32 +0000] "GET /wp-content/uploads/2014/02/IMG_7752-169x300.png HTTP/1.1" 200 15929 "-" "Mozilla/5.0 (Macintosh; Intel Mac OS X 10_15_5) AppleWebKit/605.1.15 (KHTML, like Gecko) Version/13.1.1 Safari/605.1.15 (Applebot/0.1; +http://www.apple.com/go/applebot)"
114.119.147.73 - - [30/Jun/2022:16:50:40 +0000] "GET /node/233?ak_action=accept_mobile HTTP/1.1" 302 154 "https://mrchoke.org/node/233?ak_action=reject_mobile" "Mozilla/5.0 (Linux; Android 7.0;) AppleWebKit/537.36 (KHTML, like Gecko) Mobile Safari/537.36 (compatible; PetalBot;+https://webmaster.petalsearch.com/site/petalbot)"
114.119.147.73 - - [30/Jun/2022:16:50:43 +0000] "GET /node/233?ak_action=accept_mobile HTTP/1.1" 301 178 "https://mrchoke.org/node/233?ak_action=reject_mobile" "Mozilla/5.0 (Linux; Android 7.0;) AppleWebKit/537.36 (KHTML, like Gecko) Mobile Safari/537.36 (compatible; PetalBot;+https://webmaster.petalsearch.com/site/petalbot)"
114.119.147.73 - - [30/Jun/2022:16:50:48 +0000] "GET /node/233/?ak_action=accept_mobile HTTP/1.1" 200 8891 "https://mrchoke.org/node/233?ak_action=reject_mobile" "Mozilla/5.0 (Linux; Android 7.0;) AppleWebKit/537.36 (KHTML, like Gecko) Mobile Safari/537.36 (compatible; PetalBot;+https://webmaster.petalsearch.com/site/petalbot)"
216.244.66.229 - - [30/Jun/2022:16:52:07 +0000] "GET /node/865/ch7_3158 HTTP/1.1" 404 162 "-" "Mozilla/5.0 (compatible; DotBot/1.2; +https://opensiteexplorer.org/dotbot; help@moz.com)"
216.244.66.229 - - [30/Jun/2022:16:53:09 +0000] "GET /node/790/img_6160/feed HTTP/1.1" 404 162 "-" "Mozilla/5.0 (compatible; DotBot/1.2; +https://opensiteexplorer.org/dotbot; help@moz.com)"
185.191.171.33 - - [30/Jun/2022:16:53:34 +0000] "GET /robots.txt HTTP/1.1" 404 134 "-" "Mozilla/5.0 (compatible; SemrushBot/7~bl; +http://www.semrush.com/bot.html)"
185.191.171.40 - - [30/Jun/2022:16:53:35 +0000] "GET /img_7135 HTTP/1.1" 301 178 "-" "Mozilla/5.0 (compatible; SemrushBot/7~bl; +http://www.semrush.com/bot.html)"
185.191.171.6 - - [30/Jun/2022:16:53:37 +0000] "GET /img_7135/ HTTP/1.1" 200 7925 "-" "Mozilla/5.0 (compatible; SemrushBot/7~bl; +http://www.semrush.com/bot.html)"
68.183.61.2 - - [30/Jun/2022:17:11:15 +0000] "GET / HTTP/1.0" 200 612 "-" "Mozilla/5.0 (X11; Linux x86_64; rv:73.0) Gecko/20100101 Firefox/73.0"
20.211.8.18 - - [30/Jun/2022:17:13:02 +0000] "GET /remote/fgt_lang?lang=/../../../..//////////dev/cmdb/sslvpn_websession HTTP/1.1" 301 178 "-" "python-requests/2.28.0"
20.211.8.18 - - [30/Jun/2022:17:13:03 +0000] "GET /remote/fgt_lang?lang=/../../../..//////////dev/cmdb/sslvpn_websession HTTP/1.1" 200 920 "-" "python-requests/2.28.0"
20.211.8.18 - - [30/Jun/2022:17:13:04 +0000] "GET /remote/fgt_lang?lang=/../../../..//////////dev/cmdb/sslvpn_websession HTTP/1.1" 301 178 "-" "Mozilla/5.0"
20.211.8.18 - - [30/Jun/2022:17:13:04 +0000] "GET /remote/fgt_lang?lang=/../../../..//////////dev/cmdb/sslvpn_websession HTTP/1.1" 200 920 "-" "Mozilla/5.0"
207.46.13.4 - - [30/Jun/2022:17:18:32 +0000] "GET /feed/?attachment_id=1390 HTTP/2.0" 403 123 "-" "Mozilla/5.0 (compatible; bingbot/2.0; +http://www.bing.com/bingbot.htm)"
185.191.171.12 - - [30/Jun/2022:17:18:51 +0000] "GET /robots.txt HTTP/1.1" 404 134 "-" "Mozilla/5.0 (compatible; SemrushBot/7~bl; +http://www.semrush.com/bot.html)"
185.191.171.7 - - [30/Jun/2022:17:18:53 +0000] "GET /node/482 HTTP/1.1" 302 154 "-" "Mozilla/5.0 (compatible; SemrushBot/7~bl; +http://www.semrush.com/bot.html)"
185.191.171.10 - - [30/Jun/2022:17:18:55 +0000] "GET /node/482 HTTP/1.1" 301 178 "-" "Mozilla/5.0 (compatible; SemrushBot/7~bl; +http://www.semrush.com/bot.html)"
185.191.171.15 - - [30/Jun/2022:17:18:58 +0000] "GET /node/482/ HTTP/1.1" 200 8040 "-" "Mozilla/5.0 (compatible; SemrushBot/7~bl; +http://www.semrush.com/bot.html)"
40.77.167.46 - - [30/Jun/2022:17:21:00 +0000] "GET /feed/?attachment_id=1873 HTTP/2.0" 403 123 "-" "Mozilla/5.0 (compatible; bingbot/2.0; +http://www.bing.com/bingbot.htm)"
185.7.214.104 - - [30/Jun/2022:17:27:45 +0000] "POST /mifs/.;/services/LogService HTTP/1.1" 301 178 "https://188.166.238.131:443" "Mozilla/5.0 (Windows NT 10.0; Win64; x64) AppleWebKit/537.36 (KHTML, like Gecko) Chrome/78.0.3904.108 Safari/537.36"
68.183.61.2 - - [30/Jun/2022:17:29:15 +0000] "GET / HTTP/1.1" 200 396 "-" "Mozilla/5.0 (X11; Linux x86_64; rv:73.0) Gecko/20100101 Firefox/73.0"
68.183.61.2 - - [30/Jun/2022:17:29:15 +0000] "GET /favicon.ico HTTP/1.1" 404 134 "http://188.166.238.131/" "Mozilla/5.0 (X11; Linux x86_64; rv:73.0) Gecko/20100101 Firefox/73.0"
216.244.66.229 - - [30/Jun/2022:17:34:50 +0000] "GET /robots.txt HTTP/1.1" 404 162 "-" "Mozilla/5.0 (compatible; DotBot/1.2; +https://opensiteexplorer.org/dotbot; help@moz.com)"
216.244.66.229 - - [30/Jun/2022:17:34:50 +0000] "GET /robots.txt HTTP/1.1" 404 162 "-" "Mozilla/5.0 (compatible; DotBot/1.2; +https://opensiteexplorer.org/dotbot; help@moz.com)"
66.249.71.28 - - [30/Jun/2022:17:37:03 +0000] "GET /robots.txt HTTP/1.1" 404 134 "-" "Mozilla/5.0 (compatible; Googlebot/2.1; +http://www.google.com/bot.html)"
66.249.71.25 - - [30/Jun/2022:17:37:03 +0000] "GET /img_6527/ HTTP/1.1" 200 7885 "-" "Mozilla/5.0 (compatible; Googlebot/2.1; +http://www.google.com/bot.html)"
216.244.66.229 - - [30/Jun/2022:17:39:18 +0000] "GET /img_6693/ HTTP/1.1" 404 162 "-" "Mozilla/5.0 (compatible; DotBot/1.2; +https://opensiteexplorer.org/dotbot; help@moz.com)"
216.244.66.229 - - [30/Jun/2022:17:39:23 +0000] "GET /img_6704/ HTTP/1.1" 404 162 "-" "Mozilla/5.0 (compatible; DotBot/1.2; +https://opensiteexplorer.org/dotbot; help@moz.com)"
216.244.66.229 - - [30/Jun/2022:17:39:27 +0000] "GET /img_7462/ HTTP/1.1" 404 162 "-" "Mozilla/5.0 (compatible; DotBot/1.2; +https://opensiteexplorer.org/dotbot; help@moz.com)"
51.222.253.5 - - [30/Jun/2022:17:39:37 +0000] "GET /robots.txt HTTP/1.1" 404 134 "-" "Mozilla/5.0 (compatible; AhrefsBot/7.0; +http://ahrefs.com/robot/)"
216.244.66.229 - - [30/Jun/2022:17:41:48 +0000] "GET /node/556/feed HTTP/1.1" 404 162 "-" "Mozilla/5.0 (compatible; DotBot/1.2; +https://opensiteexplorer.org/dotbot; help@moz.com)"
216.244.66.229 - - [30/Jun/2022:17:42:37 +0000] "GET /node/category/blog/page/3 HTTP/1.1" 404 162 "-" "Mozilla/5.0 (compatible; DotBot/1.2; +https://opensiteexplorer.org/dotbot; help@moz.com)"
216.244.66.229 - - [30/Jun/2022:17:43:09 +0000] "GET /feed/?attachment_id=1520 HTTP/1.1" 404 162 "-" "Mozilla/5.0 (compatible; DotBot/1.2; +https://opensiteexplorer.org/dotbot; help@moz.com)"
216.244.66.229 - - [30/Jun/2022:17:43:11 +0000] "GET /feed/?attachment_id=1560 HTTP/1.1" 404 162 "-" "Mozilla/5.0 (compatible; DotBot/1.2; +https://opensiteexplorer.org/dotbot; help@moz.com)"
216.244.66.229 - - [30/Jun/2022:17:53:29 +0000] "GET /ch7_4202/ HTTP/1.1" 404 162 "-" "Mozilla/5.0 (compatible; DotBot/1.2; +https://opensiteexplorer.org/dotbot; help@moz.com)"
216.244.66.229 - - [30/Jun/2022:17:53:35 +0000] "GET /img_6946/ HTTP/1.1" 404 162 "-" "Mozilla/5.0 (compatible; DotBot/1.2; +https://opensiteexplorer.org/dotbot; help@moz.com)"
185.191.171.17 - - [30/Jun/2022:17:55:45 +0000] "GET /robots.txt HTTP/1.1" 404 134 "-" "Mozilla/5.0 (compatible; SemrushBot/7~bl; +http://www.semrush.com/bot.html)"
185.191.171.23 - - [30/Jun/2022:17:55:46 +0000] "GET /node/46 HTTP/1.1" 301 178 "-" "Mozilla/5.0 (compatible; SemrushBot/7~bl; +http://www.semrush.com/bot.html)"
185.191.171.7 - - [30/Jun/2022:17:55:49 +0000] "GET /node/46/ HTTP/1.1" 200 8625 "-" "Mozilla/5.0 (compatible; SemrushBot/7~bl; +http://www.semrush.com/bot.html)"
66.249.71.25 - - [30/Jun/2022:17:56:32 +0000] "GET /node/tag/time-lapse/ HTTP/1.1" 200 11955 "-" "Mozilla/5.0 (Linux; Android 6.0.1; Nexus 5X Build/MMB29P) AppleWebKit/537.36 (KHTML, like Gecko) Chrome/103.0.5060.53 Mobile Safari/537.36 (compatible; Googlebot/2.1; +http://www.google.com/bot.html)"
5.255.253.174 - - [30/Jun/2022:17:58:58 +0000] "GET /robots.txt HTTP/1.1" 404 162 "-" "Mozilla/5.0 (compatible; YandexBot/3.0; +http://yandex.com/bots)"
5.255.253.174 - - [30/Jun/2022:17:59:01 +0000] "GET /node/216/ HTTP/1.1" 200 8476 "-" "Mozilla/5.0 (compatible; YandexBot/3.0; +http://yandex.com/bots)"
93.176.171.73 - - [30/Jun/2022:18:01:07 +0000] "CONNECT clientservices.dof6.com:443 HTTP/1.1" 400 166 "-" "-"
51.222.253.17 - - [30/Jun/2022:18:03:23 +0000] "GET /robots.txt HTTP/1.1" 404 134 "-" "Mozilla/5.0 (compatible; AhrefsBot/7.0; +http://ahrefs.com/robot/)"
51.222.253.6 - - [30/Jun/2022:18:05:12 +0000] "GET / HTTP/1.1" 200 396 "-" "Mozilla/5.0 (compatible; AhrefsBot/7.0; +http://ahrefs.com/robot/)"
185.21.216.169 - - [30/Jun/2022:18:07:56 +0000] "GET / HTTP/1.1" 200 396 "-" "Mozilla/5.0 (Macintosh; Intel Mac OS X 10_15_7) AppleWebKit/537.36 (KHTML, like Gecko) Chrome/102.0.0.0 Safari/537.36"
185.191.171.11 - - [30/Jun/2022:18:09:26 +0000] "GET /node/category/ios HTTP/1.1" 302 154 "-" "Mozilla/5.0 (compatible; SemrushBot/7~bl; +http://www.semrush.com/bot.html)"
185.191.171.45 - - [30/Jun/2022:18:09:27 +0000] "GET /node/category/ios HTTP/1.1" 301 178 "-" "Mozilla/5.0 (compatible; SemrushBot/7~bl; +http://www.semrush.com/bot.html)"
185.191.171.34 - - [30/Jun/2022:18:09:29 +0000] "GET /node/category/ios/ HTTP/1.1" 200 16443 "-" "Mozilla/5.0 (compatible; SemrushBot/7~bl; +http://www.semrush.com/bot.html)"
114.42.212.187 - - [30/Jun/2022:18:10:39 +0000] "GET /wp-content/uploads/2013/12/virtualbox_logo.png HTTP/2.0" 302 154 "https://www.sitepoint.com/" "Mozilla/5.0 (Linux; Android 5.1.1; KFDOWI) AppleWebKit/537.36 (KHTML, like Gecko) Silk/102.2.1 like Chrome/102.0.5005.125 Safari/537.36"
