20.127.168.184 - - [24/Jun/2022:01:31:04 +0000] "GET /wp-content/ HTTP/1.1" 404 197 "www.google.com" "Mozlila/5.0 (Linux; Android 7.0; SM-G892A Bulid/NRD90M; wv) AppleWebKit/537.36 (KHTML, like Gecko) Version/4.0 Chrome/60.0.3112.107 Moblie Safari/537.36"
114.119.147.97 - - [24/Jun/2022:01:31:07 +0000] "GET /node/1496/ HTTP/1.1" 200 9850 "https://static.mrchoke.org/node/1480" "Mozilla/5.0 (Linux; Android 7.0;) AppleWebKit/537.36 (KHTML, like Gecko) Mobile Safari/537.36 (compatible; PetalBot;+https://webmaster.petalsearch.com/site/petalbot)"
20.127.168.184 - - [24/Jun/2022:01:31:22 +0000] "GET /wp-content/plugins/ HTTP/1.1" 404 197 "www.google.com" "Mozlila/5.0 (Linux; Android 7.0; SM-G892A Bulid/NRD90M; wv) AppleWebKit/537.36 (KHTML, like Gecko) Version/4.0 Chrome/60.0.3112.107 Moblie Safari/537.36"
20.127.168.184 - - [24/Jun/2022:01:31:39 +0000] "GET /upload/image/ HTTP/1.1" 404 197 "www.google.com" "Mozlila/5.0 (Linux; Android 7.0; SM-G892A Bulid/NRD90M; wv) AppleWebKit/537.36 (KHTML, like Gecko) Version/4.0 Chrome/60.0.3112.107 Moblie Safari/537.36"
114.119.147.74 - - [24/Jun/2022:01:31:51 +0000] "GET /node/date/2004/06/09 HTTP/1.1" 301 178 "https://static.mrchoke.org/node/488" "Mozilla/5.0 (Linux; Android 7.0;) AppleWebKit/537.36 (KHTML, like Gecko) Mobile Safari/537.36 (compatible; PetalBot;+https://webmaster.petalsearch.com/site/petalbot)"
20.127.168.184 - - [24/Jun/2022:01:31:55 +0000] "GET /wp-content/plugins/ubh/ HTTP/1.1" 404 197 "www.google.com" "Mozlila/5.0 (Linux; Android 7.0; SM-G892A Bulid/NRD90M; wv) AppleWebKit/537.36 (KHTML, like Gecko) Version/4.0 Chrome/60.0.3112.107 Moblie Safari/537.36"
114.119.147.74 - - [24/Jun/2022:01:31:56 +0000] "GET /node/date/2004/06/09/ HTTP/1.1" 200 7653 "https://static.mrchoke.org/node/488" "Mozilla/5.0 (Linux; Android 7.0;) AppleWebKit/537.36 (KHTML, like Gecko) Mobile Safari/537.36 (compatible; PetalBot;+https://webmaster.petalsearch.com/site/petalbot)"
20.127.168.184 - - [24/Jun/2022:01:32:11 +0000] "GET /wp-content/languages/ HTTP/1.1" 404 197 "www.google.com" "Mozlila/5.0 (Linux; Android 7.0; SM-G892A Bulid/NRD90M; wv) AppleWebKit/537.36 (KHTML, like Gecko) Version/4.0 Chrome/60.0.3112.107 Moblie Safari/537.36"
20.127.168.184 - - [24/Jun/2022:01:32:29 +0000] "GET /wp-content/uploads/ HTTP/1.1" 404 197 "www.google.com" "Mozlila/5.0 (Linux; Android 7.0; SM-G892A Bulid/NRD90M; wv) AppleWebKit/537.36 (KHTML, like Gecko) Version/4.0 Chrome/60.0.3112.107 Moblie Safari/537.36"
20.127.168.184 - - [24/Jun/2022:01:32:44 +0000] "GET /wp-includes/ HTTP/1.1" 404 197 "www.google.com" "Mozlila/5.0 (Linux; Android 7.0; SM-G892A Bulid/NRD90M; wv) AppleWebKit/537.36 (KHTML, like Gecko) Version/4.0 Chrome/60.0.3112.107 Moblie Safari/537.36"
20.127.168.184 - - [24/Jun/2022:01:33:01 +0000] "GET /wp-includes/Text/Diff/Renderer/ HTTP/1.1" 404 197 "www.google.com" "Mozlila/5.0 (Linux; Android 7.0; SM-G892A Bulid/NRD90M; wv) AppleWebKit/537.36 (KHTML, like Gecko) Version/4.0 Chrome/60.0.3112.107 Moblie Safari/537.36"
114.119.147.74 - - [24/Jun/2022:01:34:22 +0000] "GET /node/581/img_1724?ak_action=accept_mobile HTTP/1.1" 302 154 "https://mrchoke.org/node/581/img_1724?ak_action=reject_mobile" "Mozilla/5.0 (Linux; Android 7.0;) AppleWebKit/537.36 (KHTML, like Gecko) Mobile Safari/537.36 (compatible; PetalBot;+https://webmaster.petalsearch.com/site/petalbot)"
114.119.147.74 - - [24/Jun/2022:01:34:25 +0000] "GET /node/581/img_1724?ak_action=accept_mobile HTTP/1.1" 301 178 "https://mrchoke.org/node/581/img_1724?ak_action=reject_mobile" "Mozilla/5.0 (Linux; Android 7.0;) AppleWebKit/537.36 (KHTML, like Gecko) Mobile Safari/537.36 (compatible; PetalBot;+https://webmaster.petalsearch.com/site/petalbot)"
114.119.147.74 - - [24/Jun/2022:01:34:28 +0000] "GET /node/581/img_1724/?ak_action=accept_mobile HTTP/1.1" 200 7911 "https://mrchoke.org/node/581/img_1724?ak_action=reject_mobile" "Mozilla/5.0 (Linux; Android 7.0;) AppleWebKit/537.36 (KHTML, like Gecko) Mobile Safari/537.36 (compatible; PetalBot;+https://webmaster.petalsearch.com/site/petalbot)"
114.119.147.74 - - [24/Jun/2022:01:36:52 +0000] "GET /node/1356/img_7254 HTTP/1.1" 301 178 "https://mrchoke.org/node/1356?share=facebook" "Mozilla/5.0 (Linux; Android 7.0;) AppleWebKit/537.36 (KHTML, like Gecko) Mobile Safari/537.36 (compatible; PetalBot;+https://webmaster.petalsearch.com/site/petalbot)"
114.119.147.74 - - [24/Jun/2022:01:36:53 +0000] "GET /node/1356/img_7254/ HTTP/1.1" 200 7923 "https://mrchoke.org/node/1356?share=facebook" "Mozilla/5.0 (Linux; Android 7.0;) AppleWebKit/537.36 (KHTML, like Gecko) Mobile Safari/537.36 (compatible; PetalBot;+https://webmaster.petalsearch.com/site/petalbot)"
13.89.48.118 - - [24/Jun/2022:01:37:42 +0000] "GET /phpmyadmin/index.php HTTP/1.1" 301 178 "-" "Mozilla/5.0 (iPad; U; CPU OS 4_2_1 like Mac OS X; ja-jp) AppleWebKit/533.17.9 (KHTML, like Gecko) Version/5.0.2 Mobile/8C148 Safari/6533.18.5"
54.36.148.214 - - [24/Jun/2022:01:39:53 +0000] "GET /node/456/ HTTP/2.0" 200 8236 "-" "Mozilla/5.0 (compatible; AhrefsBot/7.0; +http://ahrefs.com/robot/)"
114.119.147.86 - - [24/Jun/2022:01:42:05 +0000] "GET /node/1348/img_7228?share=facebook HTTP/1.1" 302 154 "https://mrchoke.org/node/1348/img_7228?ak_action=accept_mobile" "Mozilla/5.0 (Linux; Android 7.0;) AppleWebKit/537.36 (KHTML, like Gecko) Mobile Safari/537.36 (compatible; PetalBot;+https://webmaster.petalsearch.com/site/petalbot)"
114.119.147.86 - - [24/Jun/2022:01:42:10 +0000] "GET /node/1348/img_7228?share=facebook HTTP/1.1" 301 178 "https://mrchoke.org/node/1348/img_7228?ak_action=accept_mobile" "Mozilla/5.0 (Linux; Android 7.0;) AppleWebKit/537.36 (KHTML, like Gecko) Mobile Safari/537.36 (compatible; PetalBot;+https://webmaster.petalsearch.com/site/petalbot)"
114.119.147.86 - - [24/Jun/2022:01:42:15 +0000] "GET /node/1348/img_7228/?share=facebook HTTP/1.1" 200 7891 "https://mrchoke.org/node/1348/img_7228?ak_action=accept_mobile" "Mozilla/5.0 (Linux; Android 7.0;) AppleWebKit/537.36 (KHTML, like Gecko) Mobile Safari/537.36 (compatible; PetalBot;+https://webmaster.petalsearch.com/site/petalbot)"
114.119.147.74 - - [24/Jun/2022:01:44:23 +0000] "GET /node/category/work HTTP/1.1" 404 134 "http://www.mrchoke.org/node/28" "Mozilla/5.0 (Linux; Android 7.0;) AppleWebKit/537.36 (KHTML, like Gecko) Mobile Safari/537.36 (compatible; PetalBot;+https://webmaster.petalsearch.com/site/petalbot)"
114.119.147.74 - - [24/Jun/2022:01:46:49 +0000] "GET /node/7 HTTP/1.1" 302 154 "https://mrchoke.org/node/6?share=twitter" "Mozilla/5.0 (Linux; Android 7.0;) AppleWebKit/537.36 (KHTML, like Gecko) Mobile Safari/537.36 (compatible; PetalBot;+https://webmaster.petalsearch.com/site/petalbot)"
114.119.147.74 - - [24/Jun/2022:01:46:50 +0000] "GET /node/7 HTTP/1.1" 301 178 "https://mrchoke.org/node/6?share=twitter" "Mozilla/5.0 (Linux; Android 7.0;) AppleWebKit/537.36 (KHTML, like Gecko) Mobile Safari/537.36 (compatible; PetalBot;+https://webmaster.petalsearch.com/site/petalbot)"
114.119.147.74 - - [24/Jun/2022:01:46:52 +0000] "GET /node/7/ HTTP/1.1" 200 9806 "https://mrchoke.org/node/6?share=twitter" "Mozilla/5.0 (Linux; Android 7.0;) AppleWebKit/537.36 (KHTML, like Gecko) Mobile Safari/537.36 (compatible; PetalBot;+https://webmaster.petalsearch.com/site/petalbot)"
185.191.171.20 - - [24/Jun/2022:01:48:58 +0000] "GET /node/581/img_1731 HTTP/1.1" 301 178 "-" "Mozilla/5.0 (compatible; SemrushBot/7~bl; +http://www.semrush.com/bot.html)"
185.191.171.11 - - [24/Jun/2022:01:49:02 +0000] "GET /node/581/img_1731/ HTTP/1.1" 200 7908 "-" "Mozilla/5.0 (compatible; SemrushBot/7~bl; +http://www.semrush.com/bot.html)"
20.98.164.144 - - [24/Jun/2022:01:49:06 +0000] "GET /wp-login.php HTTP/1.1" 404 134 "-" "python-requests/2.25.1"
114.119.147.81 - - [24/Jun/2022:01:49:15 +0000] "GET /node/1754?ak_action=accept_mobile HTTP/1.1" 302 154 "https://mrchoke.org/node/1754?ak_action=reject_mobile" "Mozilla/5.0 (Linux; Android 7.0;) AppleWebKit/537.36 (KHTML, like Gecko) Mobile Safari/537.36 (compatible; PetalBot;+https://webmaster.petalsearch.com/site/petalbot)"
114.119.147.81 - - [24/Jun/2022:01:49:19 +0000] "GET /node/1754?ak_action=accept_mobile HTTP/1.1" 301 178 "https://mrchoke.org/node/1754?ak_action=reject_mobile" "Mozilla/5.0 (Linux; Android 7.0;) AppleWebKit/537.36 (KHTML, like Gecko) Mobile Safari/537.36 (compatible; PetalBot;+https://webmaster.petalsearch.com/site/petalbot)"
114.119.147.81 - - [24/Jun/2022:01:49:19 +0000] "GET /node/1754/?ak_action=accept_mobile HTTP/1.1" 200 9864 "https://mrchoke.org/node/1754?ak_action=reject_mobile" "Mozilla/5.0 (Linux; Android 7.0;) AppleWebKit/537.36 (KHTML, like Gecko) Mobile Safari/537.36 (compatible; PetalBot;+https://webmaster.petalsearch.com/site/petalbot)"
185.191.171.16 - - [24/Jun/2022:01:50:14 +0000] "GET /img_7036 HTTP/1.1" 404 134 "-" "Mozilla/5.0 (compatible; SemrushBot/7~bl; +http://www.semrush.com/bot.html)"
54.36.148.121 - - [24/Jun/2022:01:51:04 +0000] "GET /node/41/ HTTP/2.0" 200 9107 "-" "Mozilla/5.0 (compatible; AhrefsBot/7.0; +http://ahrefs.com/robot/)"
66.249.79.214 - - [24/Jun/2022:01:51:15 +0000] "GET /page/62 HTTP/1.1" 302 154 "-" "Mozilla/5.0 (Linux; Android 6.0.1; Nexus 5X Build/MMB29P) AppleWebKit/537.36 (KHTML, like Gecko) Chrome/102.0.5005.115 Mobile Safari/537.36 (compatible; Googlebot/2.1; +http://www.google.com/bot.html)"
66.249.71.28 - - [24/Jun/2022:01:51:16 +0000] "GET /page/62 HTTP/1.1" 404 197 "-" "Mozilla/5.0 (Linux; Android 6.0.1; Nexus 5X Build/MMB29P) AppleWebKit/537.36 (KHTML, like Gecko) Chrome/102.0.5005.115 Mobile Safari/537.36 (compatible; Googlebot/2.1; +http://www.google.com/bot.html)"
114.119.147.75 - - [24/Jun/2022:01:51:47 +0000] "GET /node/939?ak_action=reject_mobile HTTP/1.1" 302 154 "https://mrchoke.org/node/939?ak_action=accept_mobile" "Mozilla/5.0 (Linux; Android 7.0;) AppleWebKit/537.36 (KHTML, like Gecko) Mobile Safari/537.36 (compatible; PetalBot;+https://webmaster.petalsearch.com/site/petalbot)"
114.119.147.75 - - [24/Jun/2022:01:51:50 +0000] "GET /node/939?ak_action=reject_mobile HTTP/1.1" 301 178 "https://mrchoke.org/node/939?ak_action=accept_mobile" "Mozilla/5.0 (Linux; Android 7.0;) AppleWebKit/537.36 (KHTML, like Gecko) Mobile Safari/537.36 (compatible; PetalBot;+https://webmaster.petalsearch.com/site/petalbot)"
114.119.147.75 - - [24/Jun/2022:01:51:55 +0000] "GET /node/939/?ak_action=reject_mobile HTTP/1.1" 200 11162 "https://mrchoke.org/node/939?ak_action=accept_mobile" "Mozilla/5.0 (Linux; Android 7.0;) AppleWebKit/537.36 (KHTML, like Gecko) Mobile Safari/537.36 (compatible; PetalBot;+https://webmaster.petalsearch.com/site/petalbot)"
114.119.147.74 - - [24/Jun/2022:01:54:05 +0000] "GET /node/984?share=twitter HTTP/1.1" 302 154 "https://mrchoke.org/node/984?ak_action=accept_mobile" "Mozilla/5.0 (Linux; Android 7.0;) AppleWebKit/537.36 (KHTML, like Gecko) Mobile Safari/537.36 (compatible; PetalBot;+https://webmaster.petalsearch.com/site/petalbot)"
114.119.147.74 - - [24/Jun/2022:01:54:10 +0000] "GET /node/984?share=twitter HTTP/1.1" 301 178 "https://mrchoke.org/node/984?ak_action=accept_mobile" "Mozilla/5.0 (Linux; Android 7.0;) AppleWebKit/537.36 (KHTML, like Gecko) Mobile Safari/537.36 (compatible; PetalBot;+https://webmaster.petalsearch.com/site/petalbot)"
114.119.147.74 - - [24/Jun/2022:01:54:19 +0000] "GET /node/984/?share=twitter HTTP/1.1" 200 10553 "https://mrchoke.org/node/984?ak_action=accept_mobile" "Mozilla/5.0 (Linux; Android 7.0;) AppleWebKit/537.36 (KHTML, like Gecko) Mobile Safari/537.36 (compatible; PetalBot;+https://webmaster.petalsearch.com/site/petalbot)"
114.119.147.74 - - [24/Jun/2022:01:56:27 +0000] "GET /node/58 HTTP/1.1" 302 154 "https://mrchoke.org/node/57?ak_action=accept_mobile" "Mozilla/5.0 (Linux; Android 7.0;) AppleWebKit/537.36 (KHTML, like Gecko) Mobile Safari/537.36 (compatible; PetalBot;+https://webmaster.petalsearch.com/site/petalbot)"
114.119.147.74 - - [24/Jun/2022:01:56:30 +0000] "GET /node/58 HTTP/1.1" 301 178 "https://mrchoke.org/node/57?ak_action=accept_mobile" "Mozilla/5.0 (Linux; Android 7.0;) AppleWebKit/537.36 (KHTML, like Gecko) Mobile Safari/537.36 (compatible; PetalBot;+https://webmaster.petalsearch.com/site/petalbot)"
114.119.147.74 - - [24/Jun/2022:01:56:35 +0000] "GET /node/58/ HTTP/1.1" 200 8874 "https://mrchoke.org/node/57?ak_action=accept_mobile" "Mozilla/5.0 (Linux; Android 7.0;) AppleWebKit/537.36 (KHTML, like Gecko) Mobile Safari/537.36 (compatible; PetalBot;+https://webmaster.petalsearch.com/site/petalbot)"
114.119.147.74 - - [24/Jun/2022:01:59:00 +0000] "GET /node/316?share=reddit HTTP/1.1" 302 154 "https://mrchoke.org/node/316?replytocom=332&ak_action=accept_mobile" "Mozilla/5.0 (Linux; Android 7.0;) AppleWebKit/537.36 (KHTML, like Gecko) Mobile Safari/537.36 (compatible; PetalBot;+https://webmaster.petalsearch.com/site/petalbot)"
114.119.147.74 - - [24/Jun/2022:01:59:13 +0000] "GET /node/316?share=reddit HTTP/1.1" 301 178 "https://mrchoke.org/node/316?replytocom=332&ak_action=accept_mobile" "Mozilla/5.0 (Linux; Android 7.0;) AppleWebKit/537.36 (KHTML, like Gecko) Mobile Safari/537.36 (compatible; PetalBot;+https://webmaster.petalsearch.com/site/petalbot)"
35.86.201.74 - - [24/Jun/2022:02:00:43 +0000] "GET / HTTP/1.1" 200 396 "-" "Mozilla/5.0 (Macintosh; Intel Mac OS X 10_8_3) AppleWebKit/537.31 (KHTML, like Gecko) Chrome/26.0.1410.65 Safari/537.31"
114.119.147.86 - - [24/Jun/2022:02:01:22 +0000] "GET /node/1583/img_7561 HTTP/1.1" 301 178 "https://static.mrchoke.org/node/1583/img_7556" "Mozilla/5.0 (Linux; Android 7.0;) AppleWebKit/537.36 (KHTML, like Gecko) Mobile Safari/537.36 (compatible; PetalBot;+https://webmaster.petalsearch.com/site/petalbot)"
114.119.147.86 - - [24/Jun/2022:02:01:24 +0000] "GET /node/1583/img_7561/ HTTP/1.1" 200 7984 "https://static.mrchoke.org/node/1583/img_7556" "Mozilla/5.0 (Linux; Android 7.0;) AppleWebKit/537.36 (KHTML, like Gecko) Mobile Safari/537.36 (compatible; PetalBot;+https://webmaster.petalsearch.com/site/petalbot)"
185.191.171.9 - - [24/Jun/2022:02:01:41 +0000] "GET /robots.txt HTTP/1.1" 404 134 "-" "Mozilla/5.0 (compatible; SemrushBot/7~bl; +http://www.semrush.com/bot.html)"
185.191.171.26 - - [24/Jun/2022:02:01:42 +0000] "GET /node/237 HTTP/1.1" 301 178 "-" "Mozilla/5.0 (compatible; SemrushBot/7~bl; +http://www.semrush.com/bot.html)"
185.191.171.2 - - [24/Jun/2022:02:01:46 +0000] "GET /node/237/ HTTP/1.1" 200 8247 "-" "Mozilla/5.0 (compatible; SemrushBot/7~bl; +http://www.semrush.com/bot.html)"
185.191.171.7 - - [24/Jun/2022:02:02:47 +0000] "GET /node/504 HTTP/1.1" 301 178 "-" "Mozilla/5.0 (compatible; SemrushBot/7~bl; +http://www.semrush.com/bot.html)"
185.191.171.34 - - [24/Jun/2022:02:02:50 +0000] "GET /node/504/ HTTP/1.1" 200 8351 "-" "Mozilla/5.0 (compatible; SemrushBot/7~bl; +http://www.semrush.com/bot.html)"
216.244.66.229 - - [24/Jun/2022:02:02:52 +0000] "GET /robots.txt HTTP/1.1" 404 162 "-" "Mozilla/5.0 (compatible; DotBot/1.2; +https://opensiteexplorer.org/dotbot; help@moz.com)"
216.244.66.229 - - [24/Jun/2022:02:02:52 +0000] "GET /robots.txt HTTP/1.1" 404 162 "-" "Mozilla/5.0 (compatible; DotBot/1.2; +https://opensiteexplorer.org/dotbot; help@moz.com)"
192.241.216.44 - - [24/Jun/2022:02:03:29 +0000] "GET /owa/auth/logon.aspx?url=https%3a%2f%2f1%2fecp%2f HTTP/1.1" 301 178 "-" "Mozilla/5.0 zgrab/0.x"
114.119.147.97 - - [24/Jun/2022:02:03:43 +0000] "GET /node/tag/charging-time HTTP/1.1" 301 178 "https://mrchoke.org/node/601?share=linkedin" "Mozilla/5.0 (Linux; Android 7.0;) AppleWebKit/537.36 (KHTML, like Gecko) Mobile Safari/537.36 (compatible; PetalBot;+https://webmaster.petalsearch.com/site/petalbot)"
114.119.147.97 - - [24/Jun/2022:02:03:44 +0000] "GET /node/tag/charging-time/ HTTP/1.1" 200 9241 "https://mrchoke.org/node/601?share=linkedin" "Mozilla/5.0 (Linux; Android 7.0;) AppleWebKit/537.36 (KHTML, like Gecko) Mobile Safari/537.36 (compatible; PetalBot;+https://webmaster.petalsearch.com/site/petalbot)"
185.191.171.45 - - [24/Jun/2022:02:04:04 +0000] "GET /node/342 HTTP/1.1" 301 178 "-" "Mozilla/5.0 (compatible; SemrushBot/7~bl; +http://www.semrush.com/bot.html)"
185.191.171.22 - - [24/Jun/2022:02:04:57 +0000] "GET /node/499 HTTP/1.1" 301 178 "-" "Mozilla/5.0 (compatible; SemrushBot/7~bl; +http://www.semrush.com/bot.html)"
185.191.171.19 - - [24/Jun/2022:02:04:59 +0000] "GET /node/499/ HTTP/1.1" 200 8835 "-" "Mozilla/5.0 (compatible; SemrushBot/7~bl; +http://www.semrush.com/bot.html)"
114.119.147.73 - - [24/Jun/2022:02:06:09 +0000] "GET /node/790/img_6126 HTTP/1.1" 301 178 "https://mrchoke.org/page/13" "Mozilla/5.0 (Linux; Android 7.0;) AppleWebKit/537.36 (KHTML, like Gecko) Mobile Safari/537.36 (compatible; PetalBot;+https://webmaster.petalsearch.com/site/petalbot)"
114.119.147.73 - - [24/Jun/2022:02:06:09 +0000] "GET /node/790/img_6126/ HTTP/1.1" 200 7900 "https://mrchoke.org/page/13" "Mozilla/5.0 (Linux; Android 7.0;) AppleWebKit/537.36 (KHTML, like Gecko) Mobile Safari/537.36 (compatible; PetalBot;+https://webmaster.petalsearch.com/site/petalbot)"
216.244.66.229 - - [24/Jun/2022:02:06:47 +0000] "GET /node/251 HTTP/1.1" 404 162 "-" "Mozilla/5.0 (compatible; DotBot/1.2; +https://opensiteexplorer.org/dotbot; help@moz.com)"
216.244.66.229 - - [24/Jun/2022:02:06:52 +0000] "GET /node/346 HTTP/1.1" 404 162 "-" "Mozilla/5.0 (compatible; DotBot/1.2; +https://opensiteexplorer.org/dotbot; help@moz.com)"
216.244.66.229 - - [24/Jun/2022:02:07:21 +0000] "GET /node/1862/ch7_6085/feed HTTP/1.1" 404 162 "-" "Mozilla/5.0 (compatible; DotBot/1.2; +https://opensiteexplorer.org/dotbot; help@moz.com)"
216.244.66.229 - - [24/Jun/2022:02:08:26 +0000] "GET /node/345/feed HTTP/1.1" 404 162 "-" "Mozilla/5.0 (compatible; DotBot/1.2; +https://opensiteexplorer.org/dotbot; help@moz.com)"
216.244.66.229 - - [24/Jun/2022:02:09:01 +0000] "GET /feed/?attachment_id=1220 HTTP/1.1" 404 162 "-" "Mozilla/5.0 (compatible; DotBot/1.2; +https://opensiteexplorer.org/dotbot; help@moz.com)"
114.119.147.74 - - [24/Jun/2022:02:11:11 +0000] "GET /node/790/img_6168?share=reddit HTTP/1.1" 302 154 "https://mrchoke.org/node/790/img_6168" "Mozilla/5.0 (Linux; Android 7.0;) AppleWebKit/537.36 (KHTML, like Gecko) Mobile Safari/537.36 (compatible; PetalBot;+https://webmaster.petalsearch.com/site/petalbot)"
114.119.147.74 - - [24/Jun/2022:02:11:13 +0000] "GET /node/790/img_6168?share=reddit HTTP/1.1" 301 178 "https://mrchoke.org/node/790/img_6168" "Mozilla/5.0 (Linux; Android 7.0;) AppleWebKit/537.36 (KHTML, like Gecko) Mobile Safari/537.36 (compatible; PetalBot;+https://webmaster.petalsearch.com/site/petalbot)"
114.119.147.74 - - [24/Jun/2022:02:11:16 +0000] "GET /node/790/img_6168/?share=reddit HTTP/1.1" 200 7907 "https://mrchoke.org/node/790/img_6168" "Mozilla/5.0 (Linux; Android 7.0;) AppleWebKit/537.36 (KHTML, like Gecko) Mobile Safari/537.36 (compatible; PetalBot;+https://webmaster.petalsearch.com/site/petalbot)"
114.119.147.86 - - [24/Jun/2022:02:13:34 +0000] "GET /node/category/linux/page/9?ak_action=reject_mobile HTTP/1.1" 302 154 "https://mrchoke.org/node/category/linux/page/8?ak_action=reject_mobile" "Mozilla/5.0 (Linux; Android 7.0;) AppleWebKit/537.36 (KHTML, like Gecko) Mobile Safari/537.36 (compatible; PetalBot;+https://webmaster.petalsearch.com/site/petalbot)"
114.119.147.86 - - [24/Jun/2022:02:13:34 +0000] "GET /node/category/linux/page/9?ak_action=reject_mobile HTTP/1.1" 301 178 "https://mrchoke.org/node/category/linux/page/8?ak_action=reject_mobile" "Mozilla/5.0 (Linux; Android 7.0;) AppleWebKit/537.36 (KHTML, like Gecko) Mobile Safari/537.36 (compatible; PetalBot;+https://webmaster.petalsearch.com/site/petalbot)"
114.119.147.86 - - [24/Jun/2022:02:13:34 +0000] "GET /node/category/linux/page/9/?ak_action=reject_mobile HTTP/1.1" 200 13416 "https://mrchoke.org/node/category/linux/page/8?ak_action=reject_mobile" "Mozilla/5.0 (Linux; Android 7.0;) AppleWebKit/537.36 (KHTML, like Gecko) Mobile Safari/537.36 (compatible; PetalBot;+https://webmaster.petalsearch.com/site/petalbot)"
64.62.197.2 - - [24/Jun/2022:02:13:36 +0000] "GET / HTTP/1.1" 301 178 "-" "-"
216.244.66.229 - - [24/Jun/2022:02:13:52 +0000] "GET /wp-content/uploads/2014/01/IMG_6399.jpg HTTP/1.1" 404 162 "-" "Mozilla/5.0 (compatible; DotBot/1.2; +https://opensiteexplorer.org/dotbot; help@moz.com)"
185.191.171.26 - - [24/Jun/2022:02:16:00 +0000] "GET /node/7 HTTP/1.1" 301 178 "-" "Mozilla/5.0 (compatible; SemrushBot/7~bl; +http://www.semrush.com/bot.html)"
185.191.171.40 - - [24/Jun/2022:02:16:02 +0000] "GET /node/7/ HTTP/1.1" 200 9806 "-" "Mozilla/5.0 (compatible; SemrushBot/7~bl; +http://www.semrush.com/bot.html)"
114.119.147.74 - - [24/Jun/2022:02:16:04 +0000] "GET /node/150?ak_action=reject_mobile HTTP/1.1" 302 154 "https://mrchoke.org/node/150?ak_action=accept_mobile" "Mozilla/5.0 (Linux; Android 7.0;) AppleWebKit/537.36 (KHTML, like Gecko) Mobile Safari/537.36 (compatible; PetalBot;+https://webmaster.petalsearch.com/site/petalbot)"
114.119.147.74 - - [24/Jun/2022:02:16:04 +0000] "GET /node/150?ak_action=reject_mobile HTTP/1.1" 301 178 "https://mrchoke.org/node/150?ak_action=accept_mobile" "Mozilla/5.0 (Linux; Android 7.0;) AppleWebKit/537.36 (KHTML, like Gecko) Mobile Safari/537.36 (compatible; PetalBot;+https://webmaster.petalsearch.com/site/petalbot)"
114.119.147.74 - - [24/Jun/2022:02:16:06 +0000] "GET /node/150/?ak_action=reject_mobile HTTP/1.1" 200 28272 "https://mrchoke.org/node/150?ak_action=accept_mobile" "Mozilla/5.0 (Linux; Android 7.0;) AppleWebKit/537.36 (KHTML, like Gecko) Mobile Safari/537.36 (compatible; PetalBot;+https://webmaster.petalsearch.com/site/petalbot)"
216.244.66.229 - - [24/Jun/2022:02:16:55 +0000] "GET /img_6744/ HTTP/1.1" 404 162 "-" "Mozilla/5.0 (compatible; DotBot/1.2; +https://opensiteexplorer.org/dotbot; help@moz.com)"
114.119.147.87 - - [24/Jun/2022:02:18:40 +0000] "GET /node/463?ak_action=reject_mobile HTTP/1.1" 302 154 "https://mrchoke.org/node/463?ak_action=accept_mobile" "Mozilla/5.0 (Linux; Android 7.0;) AppleWebKit/537.36 (KHTML, like Gecko) Mobile Safari/537.36 (compatible; PetalBot;+https://webmaster.petalsearch.com/site/petalbot)"
114.119.147.87 - - [24/Jun/2022:02:18:47 +0000] "GET /node/463?ak_action=reject_mobile HTTP/1.1" 301 178 "https://mrchoke.org/node/463?ak_action=accept_mobile" "Mozilla/5.0 (Linux; Android 7.0;) AppleWebKit/537.36 (KHTML, like Gecko) Mobile Safari/537.36 (compatible; PetalBot;+https://webmaster.petalsearch.com/site/petalbot)"
114.119.147.87 - - [24/Jun/2022:02:18:52 +0000] "GET /node/463/?ak_action=reject_mobile HTTP/1.1" 200 9316 "https://mrchoke.org/node/463?ak_action=accept_mobile" "Mozilla/5.0 (Linux; Android 7.0;) AppleWebKit/537.36 (KHTML, like Gecko) Mobile Safari/537.36 (compatible; PetalBot;+https://webmaster.petalsearch.com/site/petalbot)"
17.121.115.185 - - [24/Jun/2022:02:20:09 +0000] "GET /robots.txt HTTP/1.1" 404 134 "-" "Mozilla/5.0 (Macintosh; Intel Mac OS X 10_15_5) AppleWebKit/605.1.15 (KHTML, like Gecko) Version/13.1.1 Safari/605.1.15 (Applebot/0.1; +http://www.apple.com/go/applebot)"
17.121.115.185 - - [24/Jun/2022:02:20:09 +0000] "GET /files/u1/nectec-block.png HTTP/1.1" 404 134 "-" "Mozilla/5.0 (Macintosh; Intel Mac OS X 10_15_5) AppleWebKit/605.1.15 (KHTML, like Gecko) Version/13.1.1 Safari/605.1.15 (Applebot/0.1; +http://www.apple.com/go/applebot)"
192.241.212.184 - - [24/Jun/2022:02:20:46 +0000] "GET / HTTP/1.1" 200 396 "-" "Mozilla/5.0 zgrab/0.x"
114.119.147.73 - - [24/Jun/2022:02:21:06 +0000] "GET /node/1006/img_6488 HTTP/1.1" 301 178 "https://static.mrchoke.org/node/tag/nlc" "Mozilla/5.0 (Linux; Android 7.0;) AppleWebKit/537.36 (KHTML, like Gecko) Mobile Safari/537.36 (compatible; PetalBot;+https://webmaster.petalsearch.com/site/petalbot)"
114.119.147.73 - - [24/Jun/2022:02:21:07 +0000] "GET /node/1006/img_6488/ HTTP/1.1" 200 7924 "https://static.mrchoke.org/node/tag/nlc" "Mozilla/5.0 (Linux; Android 7.0;) AppleWebKit/537.36 (KHTML, like Gecko) Mobile Safari/537.36 (compatible; PetalBot;+https://webmaster.petalsearch.com/site/petalbot)"
66.249.71.25 - - [24/Jun/2022:02:21:15 +0000] "GET /node/tag/work/ HTTP/1.1" 200 17005 "-" "Mozilla/5.0 (Linux; Android 6.0.1; Nexus 5X Build/MMB29P) AppleWebKit/537.36 (KHTML, like Gecko) Chrome/102.0.5005.115 Mobile Safari/537.36 (compatible; Googlebot/2.1; +http://www.google.com/bot.html)"
114.119.147.97 - - [24/Jun/2022:02:23:32 +0000] "GET /node/121 HTTP/1.1" 302 154 "https://mrchoke.org/node/122?ak_action=accept_mobile" "Mozilla/5.0 (Linux; Android 7.0;) AppleWebKit/537.36 (KHTML, like Gecko) Mobile Safari/537.36 (compatible; PetalBot;+https://webmaster.petalsearch.com/site/petalbot)"
114.119.147.97 - - [24/Jun/2022:02:23:33 +0000] "GET /node/121 HTTP/1.1" 301 178 "https://mrchoke.org/node/122?ak_action=accept_mobile" "Mozilla/5.0 (Linux; Android 7.0;) AppleWebKit/537.36 (KHTML, like Gecko) Mobile Safari/537.36 (compatible; PetalBot;+https://webmaster.petalsearch.com/site/petalbot)"
114.119.147.97 - - [24/Jun/2022:02:23:33 +0000] "GET /node/121/ HTTP/1.1" 200 11077 "https://mrchoke.org/node/122?ak_action=accept_mobile" "Mozilla/5.0 (Linux; Android 7.0;) AppleWebKit/537.36 (KHTML, like Gecko) Mobile Safari/537.36 (compatible; PetalBot;+https://webmaster.petalsearch.com/site/petalbot)"
144.217.64.134 - - [24/Jun/2022:02:24:34 +0000] "GET /robots.txt HTTP/1.1" 404 162 "-" "Mozilla/5.0 (compatible; MJ12bot/v1.4.8; http://mj12bot.com/)"
144.217.64.134 - - [24/Jun/2022:02:24:39 +0000] "GET /node/113 HTTP/1.1" 302 154 "-" "Mozilla/5.0 (compatible; MJ12bot/v1.4.8; http://mj12bot.com/)"
144.217.64.134 - - [24/Jun/2022:02:24:43 +0000] "GET /robots.txt HTTP/1.1" 404 162 "-" "Mozilla/5.0 (compatible; MJ12bot/v1.4.8; http://mj12bot.com/)"
144.217.64.134 - - [24/Jun/2022:02:24:50 +0000] "GET /node/113 HTTP/1.1" 301 178 "-" "Mozilla/5.0 (compatible; MJ12bot/v1.4.8; http://mj12bot.com/)"
144.217.64.134 - - [24/Jun/2022:02:24:55 +0000] "GET /node/113/ HTTP/1.1" 200 8599 "-" "Mozilla/5.0 (compatible; MJ12bot/v1.4.8; http://mj12bot.com/)"
144.217.64.134 - - [24/Jun/2022:02:25:11 +0000] "GET /node/113/feed HTTP/1.1" 302 154 "-" "Mozilla/5.0 (compatible; MJ12bot/v1.4.8; http://mj12bot.com/)"
144.217.64.134 - - [24/Jun/2022:02:25:15 +0000] "GET /node/113/feed HTTP/1.1" 301 178 "-" "Mozilla/5.0 (compatible; MJ12bot/v1.4.8; http://mj12bot.com/)"
144.217.64.134 - - [24/Jun/2022:02:25:22 +0000] "GET /node/113/feed/ HTTP/1.1" 403 134 "-" "Mozilla/5.0 (compatible; MJ12bot/v1.4.8; http://mj12bot.com/)"
144.217.64.134 - - [24/Jun/2022:02:25:29 +0000] "GET /node/113?share=facebook HTTP/1.1" 302 154 "-" "Mozilla/5.0 (compatible; MJ12bot/v1.4.8; http://mj12bot.com/)"
144.217.64.134 - - [24/Jun/2022:02:25:38 +0000] "GET /node/113?share=facebook HTTP/1.1" 301 178 "-" "Mozilla/5.0 (compatible; MJ12bot/v1.4.8; http://mj12bot.com/)"
185.191.171.45 - - [24/Jun/2022:02:25:38 +0000] "GET /node/33 HTTP/1.1" 301 178 "-" "Mozilla/5.0 (compatible; SemrushBot/7~bl; +http://www.semrush.com/bot.html)"
185.191.171.35 - - [24/Jun/2022:02:25:40 +0000] "GET /node/33/ HTTP/1.1" 200 8858 "-" "Mozilla/5.0 (compatible; SemrushBot/7~bl; +http://www.semrush.com/bot.html)"
144.217.64.134 - - [24/Jun/2022:02:25:47 +0000] "GET /node/113/?share=facebook HTTP/1.1" 200 8599 "-" "Mozilla/5.0 (compatible; MJ12bot/v1.4.8; http://mj12bot.com/)"
114.119.147.86 - - [24/Jun/2022:02:25:54 +0000] "GET /img_6712 HTTP/1.1" 301 178 "https://mrchoke.org/node/1198?ak_action=accept_mobile" "Mozilla/5.0 (Linux; Android 7.0;) AppleWebKit/537.36 (KHTML, like Gecko) Mobile Safari/537.36 (compatible; PetalBot;+https://webmaster.petalsearch.com/site/petalbot)"
114.119.147.86 - - [24/Jun/2022:02:25:54 +0000] "GET /img_6712/ HTTP/1.1" 200 7880 "https://mrchoke.org/node/1198?ak_action=accept_mobile" "Mozilla/5.0 (Linux; Android 7.0;) AppleWebKit/537.36 (KHTML, like Gecko) Mobile Safari/537.36 (compatible; PetalBot;+https://webmaster.petalsearch.com/site/petalbot)"
144.217.64.134 - - [24/Jun/2022:02:25:55 +0000] "GET /node/113?share=linkedin HTTP/1.1" 302 154 "-" "Mozilla/5.0 (compatible; MJ12bot/v1.4.8; http://mj12bot.com/)"
144.217.64.134 - - [24/Jun/2022:02:26:02 +0000] "GET /node/113?share=linkedin HTTP/1.1" 301 178 "-" "Mozilla/5.0 (compatible; MJ12bot/v1.4.8; http://mj12bot.com/)"
144.217.64.134 - - [24/Jun/2022:02:26:06 +0000] "GET /node/113/?share=linkedin HTTP/1.1" 200 8599 "-" "Mozilla/5.0 (compatible; MJ12bot/v1.4.8; http://mj12bot.com/)"
144.217.64.134 - - [24/Jun/2022:02:26:12 +0000] "GET /node/113?share=reddit HTTP/1.1" 302 154 "-" "Mozilla/5.0 (compatible; MJ12bot/v1.4.8; http://mj12bot.com/)"
144.217.64.134 - - [24/Jun/2022:02:26:19 +0000] "GET /node/113?share=reddit HTTP/1.1" 301 178 "-" "Mozilla/5.0 (compatible; MJ12bot/v1.4.8; http://mj12bot.com/)"
144.217.64.134 - - [24/Jun/2022:02:26:26 +0000] "GET /node/113/?share=reddit HTTP/1.1" 200 8599 "-" "Mozilla/5.0 (compatible; MJ12bot/v1.4.8; http://mj12bot.com/)"
144.217.64.134 - - [24/Jun/2022:02:26:34 +0000] "GET /node/113?share=twitter HTTP/1.1" 302 154 "-" "Mozilla/5.0 (compatible; MJ12bot/v1.4.8; http://mj12bot.com/)"
144.217.64.134 - - [24/Jun/2022:02:26:43 +0000] "GET /node/113?share=twitter HTTP/1.1" 301 178 "-" "Mozilla/5.0 (compatible; MJ12bot/v1.4.8; http://mj12bot.com/)"
144.217.64.134 - - [24/Jun/2022:02:26:46 +0000] "GET /node/113/?share=twitter HTTP/1.1" 200 8599 "-" "Mozilla/5.0 (compatible; MJ12bot/v1.4.8; http://mj12bot.com/)"
144.217.64.134 - - [24/Jun/2022:02:26:54 +0000] "GET /node/114 HTTP/1.1" 302 154 "-" "Mozilla/5.0 (compatible; MJ12bot/v1.4.8; http://mj12bot.com/)"
144.217.64.134 - - [24/Jun/2022:02:27:00 +0000] "GET /node/114 HTTP/1.1" 301 178 "-" "Mozilla/5.0 (compatible; MJ12bot/v1.4.8; http://mj12bot.com/)"
144.217.64.134 - - [24/Jun/2022:02:27:05 +0000] "GET /node/114/ HTTP/1.1" 200 9232 "-" "Mozilla/5.0 (compatible; MJ12bot/v1.4.8; http://mj12bot.com/)"
144.217.64.134 - - [24/Jun/2022:02:27:13 +0000] "GET /node/1198/feed HTTP/1.1" 302 154 "-" "Mozilla/5.0 (compatible; MJ12bot/v1.4.8; http://mj12bot.com/)"
144.217.64.134 - - [24/Jun/2022:02:27:18 +0000] "GET /node/1198/feed HTTP/1.1" 301 178 "-" "Mozilla/5.0 (compatible; MJ12bot/v1.4.8; http://mj12bot.com/)"
144.217.64.134 - - [24/Jun/2022:02:27:24 +0000] "GET /node/1198/feed/ HTTP/1.1" 403 134 "-" "Mozilla/5.0 (compatible; MJ12bot/v1.4.8; http://mj12bot.com/)"
144.217.64.134 - - [24/Jun/2022:02:27:29 +0000] "GET /node/1198?share=facebook HTTP/1.1" 302 154 "-" "Mozilla/5.0 (compatible; MJ12bot/v1.4.8; http://mj12bot.com/)"
144.217.64.134 - - [24/Jun/2022:02:27:40 +0000] "GET /node/1198?share=facebook HTTP/1.1" 301 178 "-" "Mozilla/5.0 (compatible; MJ12bot/v1.4.8; http://mj12bot.com/)"
144.217.64.134 - - [24/Jun/2022:02:27:48 +0000] "GET /node/1198/?share=facebook HTTP/1.1" 200 9804 "-" "Mozilla/5.0 (compatible; MJ12bot/v1.4.8; http://mj12bot.com/)"
144.217.64.134 - - [24/Jun/2022:02:27:55 +0000] "GET /node/1198?share=linkedin HTTP/1.1" 302 154 "-" "Mozilla/5.0 (compatible; MJ12bot/v1.4.8; http://mj12bot.com/)"
144.217.64.134 - - [24/Jun/2022:02:28:02 +0000] "GET /node/1198?share=linkedin HTTP/1.1" 301 178 "-" "Mozilla/5.0 (compatible; MJ12bot/v1.4.8; http://mj12bot.com/)"
144.217.64.134 - - [24/Jun/2022:02:28:09 +0000] "GET /node/1198/?share=linkedin HTTP/1.1" 200 9804 "-" "Mozilla/5.0 (compatible; MJ12bot/v1.4.8; http://mj12bot.com/)"
144.217.64.134 - - [24/Jun/2022:02:28:12 +0000] "GET /node/1198?share=reddit HTTP/1.1" 302 154 "-" "Mozilla/5.0 (compatible; MJ12bot/v1.4.8; http://mj12bot.com/)"
144.217.64.134 - - [24/Jun/2022:02:28:17 +0000] "GET /node/1198?share=reddit HTTP/1.1" 301 178 "-" "Mozilla/5.0 (compatible; MJ12bot/v1.4.8; http://mj12bot.com/)"
144.217.64.134 - - [24/Jun/2022:02:28:22 +0000] "GET /node/1198/?share=reddit HTTP/1.1" 200 9804 "-" "Mozilla/5.0 (compatible; MJ12bot/v1.4.8; http://mj12bot.com/)"
144.217.64.134 - - [24/Jun/2022:02:28:27 +0000] "GET /node/1198?share=twitter HTTP/1.1" 302 154 "-" "Mozilla/5.0 (compatible; MJ12bot/v1.4.8; http://mj12bot.com/)"
144.217.64.134 - - [24/Jun/2022:02:28:33 +0000] "GET /node/1198?share=twitter HTTP/1.1" 301 178 "-" "Mozilla/5.0 (compatible; MJ12bot/v1.4.8; http://mj12bot.com/)"
114.119.147.86 - - [24/Jun/2022:02:28:34 +0000] "GET /node/693/7 HTTP/1.1" 301 178 "https://static.mrchoke.org/node/tag/paas" "Mozilla/5.0 (Linux; Android 7.0;) AppleWebKit/537.36 (KHTML, like Gecko) Mobile Safari/537.36 (compatible; PetalBot;+https://webmaster.petalsearch.com/site/petalbot)"
114.119.147.86 - - [24/Jun/2022:02:28:37 +0000] "GET /node/693/7/ HTTP/1.1" 200 17055 "https://static.mrchoke.org/node/tag/paas" "Mozilla/5.0 (Linux; Android 7.0;) AppleWebKit/537.36 (KHTML, like Gecko) Mobile Safari/537.36 (compatible; PetalBot;+https://webmaster.petalsearch.com/site/petalbot)"
144.217.64.134 - - [24/Jun/2022:02:28:38 +0000] "GET /node/1198/?share=twitter HTTP/1.1" 200 9804 "-" "Mozilla/5.0 (compatible; MJ12bot/v1.4.8; http://mj12bot.com/)"
144.217.64.134 - - [24/Jun/2022:02:28:44 +0000] "GET /node/1428 HTTP/1.1" 302 154 "-" "Mozilla/5.0 (compatible; MJ12bot/v1.4.8; http://mj12bot.com/)"
144.217.64.134 - - [24/Jun/2022:02:28:48 +0000] "GET /node/1428 HTTP/1.1" 301 178 "-" "Mozilla/5.0 (compatible; MJ12bot/v1.4.8; http://mj12bot.com/)"
144.217.64.134 - - [24/Jun/2022:02:28:55 +0000] "GET /node/1428/ HTTP/1.1" 200 10881 "-" "Mozilla/5.0 (compatible; MJ12bot/v1.4.8; http://mj12bot.com/)"
144.217.64.134 - - [24/Jun/2022:02:29:00 +0000] "GET /node/1466 HTTP/1.1" 302 154 "-" "Mozilla/5.0 (compatible; MJ12bot/v1.4.8; http://mj12bot.com/)"
144.217.64.134 - - [24/Jun/2022:02:29:04 +0000] "GET /node/1466 HTTP/1.1" 301 178 "-" "Mozilla/5.0 (compatible; MJ12bot/v1.4.8; http://mj12bot.com/)"
144.217.64.134 - - [24/Jun/2022:02:29:15 +0000] "GET /node/1466/ HTTP/1.1" 200 9552 "-" "Mozilla/5.0 (compatible; MJ12bot/v1.4.8; http://mj12bot.com/)"
144.217.64.134 - - [24/Jun/2022:02:29:24 +0000] "GET /node/1480 HTTP/1.1" 302 154 "-" "Mozilla/5.0 (compatible; MJ12bot/v1.4.8; http://mj12bot.com/)"
144.217.64.134 - - [24/Jun/2022:02:29:28 +0000] "GET /node/1480 HTTP/1.1" 301 178 "-" "Mozilla/5.0 (compatible; MJ12bot/v1.4.8; http://mj12bot.com/)"
144.217.64.134 - - [24/Jun/2022:02:29:31 +0000] "GET /node/1480/ HTTP/1.1" 200 9004 "-" "Mozilla/5.0 (compatible; MJ12bot/v1.4.8; http://mj12bot.com/)"
144.217.64.134 - - [24/Jun/2022:02:29:38 +0000] "GET /node/1496 HTTP/1.1" 302 154 "-" "Mozilla/5.0 (compatible; MJ12bot/v1.4.8; http://mj12bot.com/)"
144.217.64.134 - - [24/Jun/2022:02:29:45 +0000] "GET /node/1496 HTTP/1.1" 301 178 "-" "Mozilla/5.0 (compatible; MJ12bot/v1.4.8; http://mj12bot.com/)"
144.217.64.134 - - [24/Jun/2022:02:29:50 +0000] "GET /node/1496/ HTTP/1.1" 200 9850 "-" "Mozilla/5.0 (compatible; MJ12bot/v1.4.8; http://mj12bot.com/)"
144.217.64.134 - - [24/Jun/2022:02:29:55 +0000] "GET /node/1548 HTTP/1.1" 302 154 "-" "Mozilla/5.0 (compatible; MJ12bot/v1.4.8; http://mj12bot.com/)"
144.217.64.134 - - [24/Jun/2022:02:29:57 +0000] "GET /node/1548 HTTP/1.1" 301 178 "-" "Mozilla/5.0 (compatible; MJ12bot/v1.4.8; http://mj12bot.com/)"
54.36.148.185 - - [24/Jun/2022:02:29:57 +0000] "GET /robots.txt HTTP/2.0" 404 123 "-" "Mozilla/5.0 (compatible; AhrefsBot/7.0; +http://ahrefs.com/robot/)"
54.36.149.107 - - [24/Jun/2022:02:29:59 +0000] "GET / HTTP/2.0" 200 282 "-" "Mozilla/5.0 (compatible; AhrefsBot/7.0; +http://ahrefs.com/robot/)"
144.217.64.134 - - [24/Jun/2022:02:30:02 +0000] "GET /node/1548/ HTTP/1.1" 200 11212 "-" "Mozilla/5.0 (compatible; MJ12bot/v1.4.8; http://mj12bot.com/)"
144.217.64.134 - - [24/Jun/2022:02:30:10 +0000] "GET /node/1583 HTTP/1.1" 302 154 "-" "Mozilla/5.0 (compatible; MJ12bot/v1.4.8; http://mj12bot.com/)"
144.217.64.134 - - [24/Jun/2022:02:30:18 +0000] "GET /node/1583 HTTP/1.1" 301 178 "-" "Mozilla/5.0 (compatible; MJ12bot/v1.4.8; http://mj12bot.com/)"
144.217.64.134 - - [24/Jun/2022:02:30:22 +0000] "GET /node/1583/ HTTP/1.1" 200 10715 "-" "Mozilla/5.0 (compatible; MJ12bot/v1.4.8; http://mj12bot.com/)"
144.217.64.134 - - [24/Jun/2022:02:30:28 +0000] "GET /node/1597 HTTP/1.1" 302 154 "-" "Mozilla/5.0 (compatible; MJ12bot/v1.4.8; http://mj12bot.com/)"
144.217.64.134 - - [24/Jun/2022:02:30:34 +0000] "GET /node/1597 HTTP/1.1" 404 134 "-" "Mozilla/5.0 (compatible; MJ12bot/v1.4.8; http://mj12bot.com/)"
144.217.64.134 - - [24/Jun/2022:02:30:39 +0000] "GET /node/1604 HTTP/1.1" 302 154 "-" "Mozilla/5.0 (compatible; MJ12bot/v1.4.8; http://mj12bot.com/)"
144.217.64.134 - - [24/Jun/2022:02:30:42 +0000] "GET /node/1604 HTTP/1.1" 301 178 "-" "Mozilla/5.0 (compatible; MJ12bot/v1.4.8; http://mj12bot.com/)"
144.217.64.134 - - [24/Jun/2022:02:30:46 +0000] "GET /node/1604/ HTTP/1.1" 200 8774 "-" "Mozilla/5.0 (compatible; MJ12bot/v1.4.8; http://mj12bot.com/)"
144.217.64.134 - - [24/Jun/2022:02:30:52 +0000] "GET /node/1623 HTTP/1.1" 302 154 "-" "Mozilla/5.0 (compatible; MJ12bot/v1.4.8; http://mj12bot.com/)"
144.217.64.134 - - [24/Jun/2022:02:30:58 +0000] "GET /node/1623 HTTP/1.1" 301 178 "-" "Mozilla/5.0 (compatible; MJ12bot/v1.4.8; http://mj12bot.com/)"
114.119.147.86 - - [24/Jun/2022:02:31:03 +0000] "GET /img_6967 HTTP/1.1" 301 178 "https://mrchoke.org/node/1298?ak_action=accept_mobile" "Mozilla/5.0 (Linux; Android 7.0;) AppleWebKit/537.36 (KHTML, like Gecko) Mobile Safari/537.36 (compatible; PetalBot;+https://webmaster.petalsearch.com/site/petalbot)"
144.217.64.134 - - [24/Jun/2022:02:31:04 +0000] "GET /node/1623/ HTTP/1.1" 200 8686 "-" "Mozilla/5.0 (compatible; MJ12bot/v1.4.8; http://mj12bot.com/)"
114.119.147.86 - - [24/Jun/2022:02:31:08 +0000] "GET /img_6967/ HTTP/1.1" 200 7911 "https://mrchoke.org/node/1298?ak_action=accept_mobile" "Mozilla/5.0 (Linux; Android 7.0;) AppleWebKit/537.36 (KHTML, like Gecko) Mobile Safari/537.36 (compatible; PetalBot;+https://webmaster.petalsearch.com/site/petalbot)"
144.217.64.134 - - [24/Jun/2022:02:31:09 +0000] "GET /node/1724 HTTP/1.1" 302 154 "-" "Mozilla/5.0 (compatible; MJ12bot/v1.4.8; http://mj12bot.com/)"
144.217.64.134 - - [24/Jun/2022:02:31:16 +0000] "GET /node/1724 HTTP/1.1" 301 178 "-" "Mozilla/5.0 (compatible; MJ12bot/v1.4.8; http://mj12bot.com/)"
144.217.64.134 - - [24/Jun/2022:02:31:20 +0000] "GET /node/1724/ HTTP/1.1" 200 10462 "-" "Mozilla/5.0 (compatible; MJ12bot/v1.4.8; http://mj12bot.com/)"
144.217.64.134 - - [24/Jun/2022:02:31:28 +0000] "GET /node/1779 HTTP/1.1" 302 154 "-" "Mozilla/5.0 (compatible; MJ12bot/v1.4.8; http://mj12bot.com/)"
144.217.64.134 - - [24/Jun/2022:02:31:34 +0000] "GET /node/1779 HTTP/1.1" 301 178 "-" "Mozilla/5.0 (compatible; MJ12bot/v1.4.8; http://mj12bot.com/)"
144.217.64.134 - - [24/Jun/2022:02:31:40 +0000] "GET /node/1779/ HTTP/1.1" 200 8118 "-" "Mozilla/5.0 (compatible; MJ12bot/v1.4.8; http://mj12bot.com/)"
144.217.64.134 - - [24/Jun/2022:02:31:47 +0000] "GET /node/1786/photo-25-2-14-20-20-20 HTTP/1.1" 302 154 "-" "Mozilla/5.0 (compatible; MJ12bot/v1.4.8; http://mj12bot.com/)"
144.217.64.134 - - [24/Jun/2022:02:31:51 +0000] "GET /node/1786/photo-25-2-14-20-20-20 HTTP/1.1" 301 178 "-" "Mozilla/5.0 (compatible; MJ12bot/v1.4.8; http://mj12bot.com/)"
144.217.64.134 - - [24/Jun/2022:02:31:55 +0000] "GET /node/1786/photo-25-2-14-20-20-20/ HTTP/1.1" 200 7878 "-" "Mozilla/5.0 (compatible; MJ12bot/v1.4.8; http://mj12bot.com/)"
144.217.64.134 - - [24/Jun/2022:02:32:02 +0000] "GET /node/1815/ch7_4276 HTTP/1.1" 302 154 "-" "Mozilla/5.0 (compatible; MJ12bot/v1.4.8; http://mj12bot.com/)"
144.217.64.134 - - [24/Jun/2022:02:32:07 +0000] "GET /node/1815/ch7_4276 HTTP/1.1" 301 178 "-" "Mozilla/5.0 (compatible; MJ12bot/v1.4.8; http://mj12bot.com/)"
144.217.64.134 - - [24/Jun/2022:02:32:13 +0000] "GET /node/1815/ch7_4276/ HTTP/1.1" 200 7862 "-" "Mozilla/5.0 (compatible; MJ12bot/v1.4.8; http://mj12bot.com/)"
144.217.64.134 - - [24/Jun/2022:02:32:19 +0000] "GET /node/1815/ch7_4290 HTTP/1.1" 302 154 "-" "Mozilla/5.0 (compatible; MJ12bot/v1.4.8; http://mj12bot.com/)"
144.217.64.134 - - [24/Jun/2022:02:32:25 +0000] "GET /node/1815/ch7_4290 HTTP/1.1" 301 178 "-" "Mozilla/5.0 (compatible; MJ12bot/v1.4.8; http://mj12bot.com/)"
144.217.64.134 - - [24/Jun/2022:02:32:28 +0000] "GET /node/1815/ch7_4290/ HTTP/1.1" 200 7886 "-" "Mozilla/5.0 (compatible; MJ12bot/v1.4.8; http://mj12bot.com/)"
144.217.64.134 - - [24/Jun/2022:02:32:35 +0000] "GET /node/1815/ch7_4291 HTTP/1.1" 302 154 "-" "Mozilla/5.0 (compatible; MJ12bot/v1.4.8; http://mj12bot.com/)"
144.217.64.134 - - [24/Jun/2022:02:32:44 +0000] "GET /node/1815/ch7_4291 HTTP/1.1" 301 178 "-" "Mozilla/5.0 (compatible; MJ12bot/v1.4.8; http://mj12bot.com/)"
144.217.64.134 - - [24/Jun/2022:02:32:48 +0000] "GET /node/1815/ch7_4291/ HTTP/1.1" 200 7886 "-" "Mozilla/5.0 (compatible; MJ12bot/v1.4.8; http://mj12bot.com/)"
144.217.64.134 - - [24/Jun/2022:02:32:51 +0000] "GET /node/1815/ch7_4338 HTTP/1.1" 302 154 "-" "Mozilla/5.0 (compatible; MJ12bot/v1.4.8; http://mj12bot.com/)"
144.217.64.134 - - [24/Jun/2022:02:32:58 +0000] "GET /node/1815/ch7_4338 HTTP/1.1" 301 178 "-" "Mozilla/5.0 (compatible; MJ12bot/v1.4.8; http://mj12bot.com/)"
144.217.64.134 - - [24/Jun/2022:02:33:02 +0000] "GET /node/1815/ch7_4338/ HTTP/1.1" 200 7855 "-" "Mozilla/5.0 (compatible; MJ12bot/v1.4.8; http://mj12bot.com/)"
144.217.64.134 - - [24/Jun/2022:02:33:08 +0000] "GET /node/182 HTTP/1.1" 302 154 "-" "Mozilla/5.0 (compatible; MJ12bot/v1.4.8; http://mj12bot.com/)"
144.217.64.134 - - [24/Jun/2022:02:33:15 +0000] "GET /node/182 HTTP/1.1" 301 178 "-" "Mozilla/5.0 (compatible; MJ12bot/v1.4.8; http://mj12bot.com/)"
144.217.64.134 - - [24/Jun/2022:02:33:20 +0000] "GET /node/182/ HTTP/1.1" 200 8551 "-" "Mozilla/5.0 (compatible; MJ12bot/v1.4.8; http://mj12bot.com/)"
114.119.147.75 - - [24/Jun/2022:02:33:20 +0000] "GET /node/1504/ch7_3659?share=reddit HTTP/1.1" 302 154 "http://mrchoke.org/node/1504/ch7_3659" "Mozilla/5.0 (Linux; Android 7.0;) AppleWebKit/537.36 (KHTML, like Gecko) Mobile Safari/537.36 (compatible; PetalBot;+https://webmaster.petalsearch.com/site/petalbot)"
144.217.64.134 - - [24/Jun/2022:02:33:24 +0000] "GET /node/1829 HTTP/1.1" 302 154 "-" "Mozilla/5.0 (compatible; MJ12bot/v1.4.8; http://mj12bot.com/)"
114.119.147.75 - - [24/Jun/2022:02:33:29 +0000] "GET /node/1504/ch7_3659?share=reddit HTTP/1.1" 301 178 "http://mrchoke.org/node/1504/ch7_3659" "Mozilla/5.0 (Linux; Android 7.0;) AppleWebKit/537.36 (KHTML, like Gecko) Mobile Safari/537.36 (compatible; PetalBot;+https://webmaster.petalsearch.com/site/petalbot)"
144.217.64.134 - - [24/Jun/2022:02:33:31 +0000] "GET /node/1829 HTTP/1.1" 301 178 "-" "Mozilla/5.0 (compatible; MJ12bot/v1.4.8; http://mj12bot.com/)"
114.119.147.75 - - [24/Jun/2022:02:33:36 +0000] "GET /node/1504/ch7_3659/?share=reddit HTTP/1.1" 200 8023 "http://mrchoke.org/node/1504/ch7_3659" "Mozilla/5.0 (Linux; Android 7.0;) AppleWebKit/537.36 (KHTML, like Gecko) Mobile Safari/537.36 (compatible; PetalBot;+https://webmaster.petalsearch.com/site/petalbot)"
144.217.64.134 - - [24/Jun/2022:02:33:37 +0000] "GET /node/1829/ HTTP/1.1" 200 9864 "-" "Mozilla/5.0 (compatible; MJ12bot/v1.4.8; http://mj12bot.com/)"
144.217.64.134 - - [24/Jun/2022:02:33:40 +0000] "GET /node/1839 HTTP/1.1" 302 154 "-" "Mozilla/5.0 (compatible; MJ12bot/v1.4.8; http://mj12bot.com/)"
144.217.64.134 - - [24/Jun/2022:02:33:47 +0000] "GET /node/1839 HTTP/1.1" 301 178 "-" "Mozilla/5.0 (compatible; MJ12bot/v1.4.8; http://mj12bot.com/)"
144.217.64.134 - - [24/Jun/2022:02:33:52 +0000] "GET /node/1839/ HTTP/1.1" 200 12577 "-" "Mozilla/5.0 (compatible; MJ12bot/v1.4.8; http://mj12bot.com/)"
144.217.64.134 - - [24/Jun/2022:02:33:57 +0000] "GET /node/1862/ch7_6448-copy HTTP/1.1" 302 154 "-" "Mozilla/5.0 (compatible; MJ12bot/v1.4.8; http://mj12bot.com/)"
144.217.64.134 - - [24/Jun/2022:02:34:04 +0000] "GET /node/1862/ch7_6448-copy HTTP/1.1" 301 178 "-" "Mozilla/5.0 (compatible; MJ12bot/v1.4.8; http://mj12bot.com/)"
144.217.64.134 - - [24/Jun/2022:02:34:09 +0000] "GET /node/1862/ch7_6448-copy/ HTTP/1.1" 200 7878 "-" "Mozilla/5.0 (compatible; MJ12bot/v1.4.8; http://mj12bot.com/)"
144.217.64.134 - - [24/Jun/2022:02:34:13 +0000] "GET /node/1908 HTTP/1.1" 302 154 "-" "Mozilla/5.0 (compatible; MJ12bot/v1.4.8; http://mj12bot.com/)"
144.217.64.134 - - [24/Jun/2022:02:34:17 +0000] "GET /node/1908 HTTP/1.1" 301 178 "-" "Mozilla/5.0 (compatible; MJ12bot/v1.4.8; http://mj12bot.com/)"
144.217.64.134 - - [24/Jun/2022:02:34:22 +0000] "GET /node/1908/ HTTP/1.1" 200 15661 "-" "Mozilla/5.0 (compatible; MJ12bot/v1.4.8; http://mj12bot.com/)"
144.217.64.134 - - [24/Jun/2022:02:34:27 +0000] "GET /node/200 HTTP/1.1" 302 154 "-" "Mozilla/5.0 (compatible; MJ12bot/v1.4.8; http://mj12bot.com/)"
144.217.64.134 - - [24/Jun/2022:02:34:32 +0000] "GET /node/200 HTTP/1.1" 301 178 "-" "Mozilla/5.0 (compatible; MJ12bot/v1.4.8; http://mj12bot.com/)"
144.217.64.134 - - [24/Jun/2022:02:34:35 +0000] "GET /node/200/ HTTP/1.1" 200 8410 "-" "Mozilla/5.0 (compatible; MJ12bot/v1.4.8; http://mj12bot.com/)"
144.217.64.134 - - [24/Jun/2022:02:34:40 +0000] "GET /node/790/img_6172/ HTTP/1.1" 200 7884 "-" "Mozilla/5.0 (compatible; MJ12bot/v1.4.8; http://mj12bot.com/)"
144.217.64.134 - - [24/Jun/2022:02:34:47 +0000] "GET /node/790/img_6173 HTTP/1.1" 301 178 "-" "Mozilla/5.0 (compatible; MJ12bot/v1.4.8; http://mj12bot.com/)"
144.217.64.134 - - [24/Jun/2022:02:34:52 +0000] "GET /node/790/img_6173/ HTTP/1.1" 200 7885 "-" "Mozilla/5.0 (compatible; MJ12bot/v1.4.8; http://mj12bot.com/)"
114.119.147.75 - - [24/Jun/2022:02:35:46 +0000] "GET /node/410?ak_action=accept_mobile HTTP/1.1" 302 154 "https://mrchoke.org/node/410?ak_action=reject_mobile" "Mozilla/5.0 (Linux; Android 7.0;) AppleWebKit/537.36 (KHTML, like Gecko) Mobile Safari/537.36 (compatible; PetalBot;+https://webmaster.petalsearch.com/site/petalbot)"
114.119.147.75 - - [24/Jun/2022:02:35:46 +0000] "GET /node/410?ak_action=accept_mobile HTTP/1.1" 301 178 "https://mrchoke.org/node/410?ak_action=reject_mobile" "Mozilla/5.0 (Linux; Android 7.0;) AppleWebKit/537.36 (KHTML, like Gecko) Mobile Safari/537.36 (compatible; PetalBot;+https://webmaster.petalsearch.com/site/petalbot)"
114.119.147.75 - - [24/Jun/2022:02:35:46 +0000] "GET /node/410/?ak_action=accept_mobile HTTP/1.1" 200 9588 "https://mrchoke.org/node/410?ak_action=reject_mobile" "Mozilla/5.0 (Linux; Android 7.0;) AppleWebKit/537.36 (KHTML, like Gecko) Mobile Safari/537.36 (compatible; PetalBot;+https://webmaster.petalsearch.com/site/petalbot)"
49.7.21.91 - - [24/Jun/2022:02:37:09 +0000] "GET / HTTP/1.1" 200 294 "-" "Sogou web spider/4.0(+http://www.sogou.com/docs/help/webmasters.htm#07)"
114.119.147.97 - - [24/Jun/2022:02:38:16 +0000] "GET /node/category/nectec/nsc HTTP/1.1" 302 154 "https://mrchoke.org/node/939/img_6419" "Mozilla/5.0 (Linux; Android 7.0;) AppleWebKit/537.36 (KHTML, like Gecko) Mobile Safari/537.36 (compatible; PetalBot;+https://webmaster.petalsearch.com/site/petalbot)"
114.119.147.97 - - [24/Jun/2022:02:38:16 +0000] "GET /node/category/nectec/nsc HTTP/1.1" 301 178 "https://mrchoke.org/node/939/img_6419" "Mozilla/5.0 (Linux; Android 7.0;) AppleWebKit/537.36 (KHTML, like Gecko) Mobile Safari/537.36 (compatible; PetalBot;+https://webmaster.petalsearch.com/site/petalbot)"
114.119.147.97 - - [24/Jun/2022:02:38:16 +0000] "GET /node/category/nectec/nsc/ HTTP/1.1" 200 34815 "https://mrchoke.org/node/939/img_6419" "Mozilla/5.0 (Linux; Android 7.0;) AppleWebKit/537.36 (KHTML, like Gecko) Mobile Safari/537.36 (compatible; PetalBot;+https://webmaster.petalsearch.com/site/petalbot)"
114.119.147.86 - - [24/Jun/2022:02:40:39 +0000] "GET /page/16?ak_action=reject_mobile HTTP/1.1" 302 154 "https://mrchoke.org/page/15?ak_action=reject_mobile" "Mozilla/5.0 (Linux; Android 7.0;) AppleWebKit/537.36 (KHTML, like Gecko) Mobile Safari/537.36 (compatible; PetalBot;+https://webmaster.petalsearch.com/site/petalbot)"
114.119.147.86 - - [24/Jun/2022:02:40:39 +0000] "GET /page/16?ak_action=reject_mobile HTTP/1.1" 301 178 "https://mrchoke.org/page/15?ak_action=reject_mobile" "Mozilla/5.0 (Linux; Android 7.0;) AppleWebKit/537.36 (KHTML, like Gecko) Mobile Safari/537.36 (compatible; PetalBot;+https://webmaster.petalsearch.com/site/petalbot)"
114.119.147.86 - - [24/Jun/2022:02:40:41 +0000] "GET /page/16/?ak_action=reject_mobile HTTP/1.1" 200 7795 "https://mrchoke.org/page/15?ak_action=reject_mobile" "Mozilla/5.0 (Linux; Android 7.0;) AppleWebKit/537.36 (KHTML, like Gecko) Mobile Safari/537.36 (compatible; PetalBot;+https://webmaster.petalsearch.com/site/petalbot)"
185.191.171.7 - - [24/Jun/2022:02:40:48 +0000] "GET /node/date/2005/05/page/5 HTTP/1.1" 301 178 "-" "Mozilla/5.0 (compatible; SemrushBot/7~bl; +http://www.semrush.com/bot.html)"
185.191.171.26 - - [24/Jun/2022:02:40:50 +0000] "GET /node/date/2005/05/page/5/ HTTP/1.1" 200 8847 "-" "Mozilla/5.0 (compatible; SemrushBot/7~bl; +http://www.semrush.com/bot.html)"
54.36.149.89 - - [24/Jun/2022:02:41:08 +0000] "GET /node/1607/img_7591/ HTTP/2.0" 200 7874 "-" "Mozilla/5.0 (compatible; AhrefsBot/7.0; +http://ahrefs.com/robot/)"
192.241.219.226 - - [24/Jun/2022:02:42:24 +0000] "GET / HTTP/1.1" 301 178 "-" "Mozilla/5.0 zgrab/0.x"
114.119.147.87 - - [24/Jun/2022:02:45:36 +0000] "GET /node/1885/4 HTTP/1.1" 301 178 "https://mrchoke.org/node/category/blog" "Mozilla/5.0 (Linux; Android 7.0;) AppleWebKit/537.36 (KHTML, like Gecko) Mobile Safari/537.36 (compatible; PetalBot;+https://webmaster.petalsearch.com/site/petalbot)"
114.119.147.87 - - [24/Jun/2022:02:45:40 +0000] "GET /node/1885/4/ HTTP/1.1" 200 12144 "https://mrchoke.org/node/category/blog" "Mozilla/5.0 (Linux; Android 7.0;) AppleWebKit/537.36 (KHTML, like Gecko) Mobile Safari/537.36 (compatible; PetalBot;+https://webmaster.petalsearch.com/site/petalbot)"
143.198.14.107 - - [24/Jun/2022:02:50:33 +0000] "GET /isadmin.htm HTTP/1.1" 301 178 "-" "Mozilla/5.0 (Windows NT 4.0; WOW64) AppleWebKit/537.36 (KHTML, like Gecko) Chrome/37.0.2049.0 Safari/537.36"
54.36.148.223 - - [24/Jun/2022:02:51:34 +0000] "GET /img_6692/ HTTP/2.0" 200 7866 "-" "Mozilla/5.0 (compatible; AhrefsBot/7.0; +http://ahrefs.com/robot/)"
114.119.147.73 - - [24/Jun/2022:02:52:43 +0000] "GET /node/151?ak_action=accept_mobile HTTP/1.1" 302 154 "https://mrchoke.org/node/151?ak_action=reject_mobile" "Mozilla/5.0 (Linux; Android 7.0;) AppleWebKit/537.36 (KHTML, like Gecko) Mobile Safari/537.36 (compatible; PetalBot;+https://webmaster.petalsearch.com/site/petalbot)"
