114.119.147.74 - - [21/Jun/2022:22:37:10 +0000] "GET /node/790/img_6169?share=facebook HTTP/1.1" 301 178 "https://mrchoke.org/node/790/img_6169" "Mozilla/5.0 (Linux; Android 7.0;) AppleWebKit/537.36 (KHTML, like Gecko) Mobile Safari/537.36 (compatible; PetalBot;+https://webmaster.petalsearch.com/site/petalbot)"
114.119.147.74 - - [21/Jun/2022:22:37:14 +0000] "GET /node/790/img_6169/?share=facebook HTTP/1.1" 200 7902 "https://mrchoke.org/node/790/img_6169" "Mozilla/5.0 (Linux; Android 7.0;) AppleWebKit/537.36 (KHTML, like Gecko) Mobile Safari/537.36 (compatible; PetalBot;+https://webmaster.petalsearch.com/site/petalbot)"
185.191.171.3 - - [21/Jun/2022:22:41:42 +0000] "GET /node/category/feisty HTTP/1.1" 302 154 "-" "Mozilla/5.0 (compatible; SemrushBot/7~bl; +http://www.semrush.com/bot.html)"
185.191.171.20 - - [21/Jun/2022:22:41:45 +0000] "GET /node/category/feisty HTTP/1.1" 301 178 "-" "Mozilla/5.0 (compatible; SemrushBot/7~bl; +http://www.semrush.com/bot.html)"
185.191.171.39 - - [21/Jun/2022:22:41:48 +0000] "GET /node/category/feisty/ HTTP/1.1" 200 8866 "-" "Mozilla/5.0 (compatible; SemrushBot/7~bl; +http://www.semrush.com/bot.html)"
192.241.214.157 - - [21/Jun/2022:22:43:53 +0000] "GET /owa/auth/x.js HTTP/1.1" 301 178 "-" "Mozilla/5.0 zgrab/0.x"
192.241.221.172 - - [21/Jun/2022:22:44:49 +0000] "GET /owa/auth/logon.aspx HTTP/1.1" 301 178 "-" "Mozilla/5.0 zgrab/0.x"
185.191.171.14 - - [21/Jun/2022:22:46:23 +0000] "GET /node/date/2006/10/page/7/ HTTP/1.1" 200 10915 "-" "Mozilla/5.0 (compatible; SemrushBot/7~bl; +http://www.semrush.com/bot.html)"
192.241.208.53 - - [21/Jun/2022:22:47:00 +0000] "GET /ecp/Current/exporttool/microsoft.exchange.ediscovery.exporttool.application HTTP/1.1" 301 178 "-" "Mozilla/5.0 zgrab/0.x"
157.55.39.114 - - [21/Jun/2022:22:47:41 +0000] "GET /node/tag/config/ HTTP/2.0" 304 0 "-" "Mozilla/5.0 (compatible; bingbot/2.0; +http://www.bing.com/bingbot.htm)"
185.191.171.34 - - [21/Jun/2022:22:47:47 +0000] "GET /node/category/%E0%B8%81%E0%B8%A5%E0%B8%B1%E0%B8%9A%E0%B8%81%E0%B8%A5%E0%B8%B2%E0%B8%A2 HTTP/1.1" 404 134 "-" "Mozilla/5.0 (compatible; SemrushBot/7~bl; +http://www.semrush.com/bot.html)"
66.249.71.31 - - [21/Jun/2022:22:48:36 +0000] "GET /wp-content/uploads/2013/12/Screenshot-2013-12-15-18.07.40.png HTTP/1.1" 200 99617 "-" "Googlebot-Image/1.0"
114.119.147.81 - - [21/Jun/2022:22:50:22 +0000] "GET /node/437?share=linkedin HTTP/1.1" 302 154 "https://mrchoke.org/node/437?ak_action=accept_mobile" "Mozilla/5.0 (Linux; Android 7.0;) AppleWebKit/537.36 (KHTML, like Gecko) Mobile Safari/537.36 (compatible; PetalBot;+https://webmaster.petalsearch.com/site/petalbot)"
114.119.147.81 - - [21/Jun/2022:22:50:29 +0000] "GET /node/437?share=linkedin HTTP/1.1" 301 178 "https://mrchoke.org/node/437?ak_action=accept_mobile" "Mozilla/5.0 (Linux; Android 7.0;) AppleWebKit/537.36 (KHTML, like Gecko) Mobile Safari/537.36 (compatible; PetalBot;+https://webmaster.petalsearch.com/site/petalbot)"
114.119.147.81 - - [21/Jun/2022:22:50:31 +0000] "GET /node/437/?share=linkedin HTTP/1.1" 200 8464 "https://mrchoke.org/node/437?ak_action=accept_mobile" "Mozilla/5.0 (Linux; Android 7.0;) AppleWebKit/537.36 (KHTML, like Gecko) Mobile Safari/537.36 (compatible; PetalBot;+https://webmaster.petalsearch.com/site/petalbot)"
207.46.13.4 - - [21/Jun/2022:22:52:55 +0000] "GET /node/38?share=reddit HTTP/2.0" 302 154 "-" "Mozilla/5.0 (compatible; bingbot/2.0; +http://www.bing.com/bingbot.htm)"
207.46.13.4 - - [21/Jun/2022:22:53:04 +0000] "GET /node/38?share=reddit HTTP/2.0" 301 178 "-" "Mozilla/5.0 (compatible; bingbot/2.0; +http://www.bing.com/bingbot.htm)"
104.217.249.182 - - [21/Jun/2022:22:53:51 +0000] "GET / HTTP/1.1" 200 396 "-" "Mozilla/5.0 (X11; Ubuntu; Linux x86_64; rv:76.0) Gecko/20100101 Firefox/76.0"
192.241.233.164 - - [21/Jun/2022:22:54:54 +0000] "GET /old-index.php?daksldlkdsadas=1 HTTP/1.1" 404 564 "mrchoke.org" "Mozilla/5.0 (Windows NT 6.1; WOW64) AppleWebKit/537.36 (KHTML, like Gecko) Chrome/50.0.2661.75 Safari/537.36"
192.241.233.164 - - [21/Jun/2022:22:55:28 +0000] "GET /wp-load.php?daksldlkdsadas=1 HTTP/1.1" 404 564 "mrchoke.org" "Mozilla/5.0 (Windows NT 6.1; WOW64) AppleWebKit/537.36 (KHTML, like Gecko) Chrome/50.0.2661.75 Safari/537.36"
114.119.147.81 - - [21/Jun/2022:22:55:44 +0000] "GET /node/category/amsn HTTP/1.1" 301 178 "https://static.mrchoke.org/node/date/2005/06/21" "Mozilla/5.0 (Linux; Android 7.0;) AppleWebKit/537.36 (KHTML, like Gecko) Mobile Safari/537.36 (compatible; PetalBot;+https://webmaster.petalsearch.com/site/petalbot)"
114.119.147.81 - - [21/Jun/2022:22:55:47 +0000] "GET /node/category/amsn/ HTTP/1.1" 200 11513 "https://static.mrchoke.org/node/date/2005/06/21" "Mozilla/5.0 (Linux; Android 7.0;) AppleWebKit/537.36 (KHTML, like Gecko) Mobile Safari/537.36 (compatible; PetalBot;+https://webmaster.petalsearch.com/site/petalbot)"
114.119.147.97 - - [21/Jun/2022:22:57:49 +0000] "GET /node/28?share=twitter HTTP/1.1" 302 154 "https://mrchoke.org/node/28?ak_action=accept_mobile" "Mozilla/5.0 (Linux; Android 7.0;) AppleWebKit/537.36 (KHTML, like Gecko) Mobile Safari/537.36 (compatible; PetalBot;+https://webmaster.petalsearch.com/site/petalbot)"
114.119.147.97 - - [21/Jun/2022:22:57:54 +0000] "GET /node/28?share=twitter HTTP/1.1" 301 178 "https://mrchoke.org/node/28?ak_action=accept_mobile" "Mozilla/5.0 (Linux; Android 7.0;) AppleWebKit/537.36 (KHTML, like Gecko) Mobile Safari/537.36 (compatible; PetalBot;+https://webmaster.petalsearch.com/site/petalbot)"
114.119.147.97 - - [21/Jun/2022:22:57:59 +0000] "GET /node/28/?share=twitter HTTP/1.1" 200 8827 "https://mrchoke.org/node/28?ak_action=accept_mobile" "Mozilla/5.0 (Linux; Android 7.0;) AppleWebKit/537.36 (KHTML, like Gecko) Mobile Safari/537.36 (compatible; PetalBot;+https://webmaster.petalsearch.com/site/petalbot)"
207.46.13.174 - - [21/Jun/2022:23:00:09 +0000] "GET /node/tag/%E0%B8%AB%E0%B8%A1%E0%B8%B2 HTTP/2.0" 404 123 "-" "Mozilla/5.0 (compatible; bingbot/2.0; +http://www.bing.com/bingbot.htm)"
114.119.147.73 - - [21/Jun/2022:23:00:18 +0000] "GET /node/407?share=reddit HTTP/1.1" 302 154 "https://mrchoke.org/node/407" "Mozilla/5.0 (Linux; Android 7.0;) AppleWebKit/537.36 (KHTML, like Gecko) Mobile Safari/537.36 (compatible; PetalBot;+https://webmaster.petalsearch.com/site/petalbot)"
114.119.147.73 - - [21/Jun/2022:23:00:34 +0000] "GET /node/407?share=reddit HTTP/1.1" 301 178 "https://mrchoke.org/node/407" "Mozilla/5.0 (Linux; Android 7.0;) AppleWebKit/537.36 (KHTML, like Gecko) Mobile Safari/537.36 (compatible; PetalBot;+https://webmaster.petalsearch.com/site/petalbot)"
45.133.1.84 - - [21/Jun/2022:23:01:16 +0000] "GET / HTTP/1.1" 200 396 "-" "python-requests/2.27.1"
185.191.171.4 - - [21/Jun/2022:23:01:34 +0000] "GET /node/36 HTTP/1.1" 301 178 "-" "Mozilla/5.0 (compatible; SemrushBot/7~bl; +http://www.semrush.com/bot.html)"
185.191.171.4 - - [21/Jun/2022:23:01:37 +0000] "GET /node/36/ HTTP/1.1" 200 9389 "-" "Mozilla/5.0 (compatible; SemrushBot/7~bl; +http://www.semrush.com/bot.html)"
114.119.147.86 - - [21/Jun/2022:23:02:33 +0000] "GET /node/18?share=twitter HTTP/1.1" 302 154 "https://mrchoke.org/node/18" "Mozilla/5.0 (Linux; Android 7.0;) AppleWebKit/537.36 (KHTML, like Gecko) Mobile Safari/537.36 (compatible; PetalBot;+https://webmaster.petalsearch.com/site/petalbot)"
114.119.147.86 - - [21/Jun/2022:23:02:39 +0000] "GET /node/18?share=twitter HTTP/1.1" 301 178 "https://mrchoke.org/node/18" "Mozilla/5.0 (Linux; Android 7.0;) AppleWebKit/537.36 (KHTML, like Gecko) Mobile Safari/537.36 (compatible; PetalBot;+https://webmaster.petalsearch.com/site/petalbot)"
185.7.214.104 - - [21/Jun/2022:23:02:39 +0000] "GET /solr/admin/info/system?wt=json HTTP/1.1" 404 197 "-" "Mozilla/5.0 (Windows NT 10.0; Win64; x64) AppleWebKit/537.36 (KHTML, like Gecko) Chrome/78.0.3904.108 Safari/537.36"
114.119.147.86 - - [21/Jun/2022:23:02:47 +0000] "GET /node/18/?share=twitter HTTP/1.1" 200 11186 "https://mrchoke.org/node/18" "Mozilla/5.0 (Linux; Android 7.0;) AppleWebKit/537.36 (KHTML, like Gecko) Mobile Safari/537.36 (compatible; PetalBot;+https://webmaster.petalsearch.com/site/petalbot)"
71.6.135.131 - - [21/Jun/2022:23:03:00 +0000] "GET / HTTP/1.1" 301 178 "-" "Mozilla/5.0 (X11; Linux x86_64) AppleWebKit/537.36 (KHTML, like Gecko) Chrome/98.0.4758.102 Safari/537.36"
71.6.135.131 - - [21/Jun/2022:23:03:01 +0000] "GET / HTTP/1.1" 200 2581 "-" "Mozilla/5.0 (X11; Linux x86_64) AppleWebKit/537.36 (KHTML, like Gecko) Chrome/34.0.1847.137 Safari/537.36"
71.6.135.131 - - [21/Jun/2022:23:03:09 +0000] "" 400 0 "-" "-"
71.6.135.131 - - [21/Jun/2022:23:03:11 +0000] "" 400 0 "-" "-"
71.6.135.131 - - [21/Jun/2022:23:03:16 +0000] "GET /robots.txt HTTP/1.1" 200 2581 "-" "-"
71.6.135.131 - - [21/Jun/2022:23:03:18 +0000] "GET /sitemap.xml HTTP/1.1" 200 2581 "-" "-"
71.6.135.131 - - [21/Jun/2022:23:03:19 +0000] "GET /.well-known/security.txt HTTP/1.1" 200 2581 "-" "-"
71.6.135.131 - - [21/Jun/2022:23:03:22 +0000] "\x038N\xB2b\x00\x00\x00\x00\x00\x00\x00\x00\x00\x00\x00\x00\x00\x00\x00\x00\x00\x00\x00\x00\x00\x00\x00\x00\x00\x00\x00\x00\x00\x00\x00\x00\x00\x00\x00\x00\x00\x00\x00\x00\x00\x00\x00\x00\x00\x00\x00\x00\x00\x00\x00\x00\x00\x00\x00\x00\x00\x00\x00\x00\x00\x00\x00\x00\x00\x00\x00\x00\x00\x00\x00\x00\x00\x00\x00\x00\x00\x00\x00\x00\x00\x00\x00\x00\x00\x00\x00\x00\x00\x00\x00\x00\x00\x00\x00\x00\x00\x00\x00\x00\x00\x00\x00\x00\x00\x00\x00\x00\x00\x00\x00\x00\x00\x00\x00\x00\x00\x00\x00\x00\x00\x00\x00\x00\x00\x00\x00\x00\x00\x00\x00\x00\x00\x00\x00\x00\x00\x00\x00\x00\x00\x00\x00\x00\x00\x00\x00\x00\x00\x00\x00\x00\x00\x00\x00\x00\x00\x00\x00\x00\x00\x00\x00\x00\x00\x00\x00\x00\x00\x00\x00\x00\x00\x00\x00\x00\x00\x00\x00\x00\x00\x00\x00\x00\x00\x00\x00\x00\x00\x00\x00\x00\x00\x00\x00\x00\x00\x00\x00\x00\x00\x00\x00\x00\x00\x00\x00\x00\x00\x00\x00\x00\x00\x00\x00\x00\x00\x00\x00\x00\x00\x00\x00\x00\x00\x00\x00\x00\x00\x00\x00\x00\x00\x00\x00\x00\x00\x00\x00\x00\x00\x00\x00\x00\x00\x00\x00\x00\x00\x00\x00\x00\x00\x00\x00\x00\x00\x00\x00\x00\x00\x00\x00\x00\x00\x00\x00\x00\x00\x00\x00\x00\x00\x00\x00\x00\x00\x00\x00\x00\x00\x00\x00\x00\x00\x00\x00\x00\x00\x00\x00\x00\x00\x00\x00\x00\x00\x00\x00\x00\x00\x00\x00\x00\x00\x00\x00\x00\x00\x00\x00\x00\x00\x00\x00\x00\x00\x00\x00\x00\x00\x00\x00\x00\x00\x00\x00\x00\x00\x00\x00\x00\x00\x00\x00\x00\x00\x00\x00\x00\x00\x00\x00\x00\x00\x00\x00\x00\x00\x00\x00\x00\x00\x00\x00\x00\x00\x00\x00\x00\x00\x00\x00\x00\x00\x00\x00\x00\x00\x00\x00\x00\x00\x00\x00\x00\x00\x00\x00\x00\x00\x00\x00\x00\x00\x00\x00\x00\x00\x00\x00\x00\x00\x00\x00\x00\x00\x00\x00\x00\x00\x00\x00\x00\x00\x00\x00\x00\x00\x00\x00\x00\x00\x00\x00\x00\x00\x00\x00\x00\x00\x00\x00\x00\x00\x00\x00\x00\x00\x00\x00\x00\x00\x00\x00\x00\x00\x00\x00\x00\x00\x00\x00\x00\x00\x00\x00\x00\x00\x00\x00\x00\x00\x00\x00\x00\x00\x00\x00\x00\x00\x00\x00\x00\x00\x00\x00\x00\x00\x00\x00\x00\x00\x00\x00\x00\x00\x00\x00\x00\x00\x00\x00\x00\x00\x00\x00\x00\x00\x00\x00\x00\x00\x00\x00\x00\x00\x00\x00\x00\x00\x00\x00\x00\x00\x00\x00\x00\x00\x00\x00\x00\x00\x00\x00\x00\x00\x00\x00\x00\x00\x00\x00\x00\x00\x00\x00\x00\x00\x00\x00\x00\x00\x00\x00\x00\x00\x00\x00\x00\x00\x00\x00\x00\x00\x00\x00\x00\x00\x00\x00\x00\x00\x00\x00\x00\x00\x00\x00\x00\x00\x00\x00\x00\x00\x00\x00\x00\x00\x00\x00\x00\x00\x00\x00\x00\x00\x00\x00\x00\x00\x00\x00\x00\x00\x00\x00\x00\x00\x00\x00\x00\x00\x00\x00\x00\x00\x00\x00\x00\x00\x00\x00\x00\x00\x00\x00\x00\x00\x00\x00\x00\x00\x00\x00\x00\x00\x00\x00\x00\x00\x00\x00\x00\x00\x00\x00\x00\x00\x00\x00\x00\x00\x00\x00\x00\x00\x00\x00\x00\x00\x00\x00\x00\x00\x00\x00\x00\x00\x00\x00\x00\x00\x00\x00\x00\x00\x00\x00\x00\x00\x00\x00\x00\x00\x00\x00\x00\x00\x00\x00\x00\x00\x00\x00\x00\x00\x00\x00\x00\x00\x00\x00\x00\x00\x00\x00\x00\x00\x00\x00\x00\x00\x00\x00\x00\x00\x00\x00\x00\x00\x00\x00\x00\x00\x00\x00\x00\x00\x00\x00\x00\x00\x00\x00\x00\x00\x00\x00\x00\x00\x00\x00\x00\x00\x00\x00\x00\x00\x00\x00\x00\x00\x00\x00\x00\x00\x00\x00\x00\x00\x00\x00\x00\x00\x00\x00\x00\x00\x00\x00\x00\x00\x00\x00\x00\x00\x00\x00\x00\x00\x00\x00\x00\x00\x00\x00\x00\x00\x00\x00\x00\x00\x00\x00\x00\x00\x00\x00\x00\x00\x00\x00\x00\x00\x00\x00\x00\x00\x00\x00\x00\x00\x00\x00\x00\x00\x00\x00\x00\x00\x00\x00\x00\x00\x00\x00\x00\x00\x00\x00\x00\x00\x00\x00\x00\x00\x00\x00\x00\x00\x00\x00\x00\x00\x00\x00\x00\x00\x00\x00\x00\x00\x00\x00\x00\x00\x00\x00\x00\x00\x00\x00\x00\x00\x00\x00\x00\x00\x00\x00\x00\x00\x00\x00\x00\x00\x00\x00\x00\x00\x00\x00\x00\x00\x00\x00\x00\x00\x00\x00\x00\x00\x00\x00\x00\x00\x00\x00\x00\x00\x00\x00\x00\x00\x00\x00\x00\x00\x00\x00\x00\x00\x00\x00\x00\x00\x00\x00\x00\x00\x00\x00\x00\x00\x00\x00\x00\x00\x00\x00\x00\x00\x00\x00\x00\x00\x00\x00\x00\x00\x00\x00\x00\x00\x00\x00\x00\x00\x00\x00\x00\x00\x00\x00\x00\x00\x00\x00\x00\x00\x00\x00\x00\x00\x00\x00\x00\x00\x00\x00\x00\x00\x00\x00\x00\x00\x00\x00\x00\x00\x00\x00\x00\x00\x00\x00\x00\x00\x00\x00\x00\x00\x00\x00\x00\x00\x00\x00\x00\x00\x00\x00\x00\x00\x00\x00\x00\x00\x00\x00\x00\x00\x00\x00\x00\x00\x00\x00\x00\x00\x00\x00\x00\x00\x00\x00\x00\x00\x00\x00\x00\x00\x00\x00\x00\x00\x00\x00" 400 166 "-" "-"
203.123.98.86 - - [21/Jun/2022:23:03:29 +0000] "GET /.well-known/security.txt HTTP/1.1" 404 134 "-" "Go-http-client/1.1"
203.123.98.86 - - [21/Jun/2022:23:03:29 +0000] "GET /security.txt HTTP/1.1" 404 134 "-" "Go-http-client/1.1"
203.123.98.86 - - [21/Jun/2022:23:03:29 +0000] "GET /.well-known/security.txt HTTP/1.1" 404 134 "-" "Go-http-client/1.1"
203.123.98.86 - - [21/Jun/2022:23:03:30 +0000] "GET /security.txt HTTP/1.1" 404 134 "-" "Go-http-client/1.1"
34.78.6.216 - - [21/Jun/2022:23:04:02 +0000] "GET / HTTP/1.1" 400 264 "-" "python-requests/2.28.0"
114.119.147.97 - - [21/Jun/2022:23:04:07 +0000] "GET /node/1558?share=facebook HTTP/1.1" 302 154 "https://mrchoke.org/node/1558?ak_action=reject_mobile" "Mozilla/5.0 (Linux; Android 7.0;) AppleWebKit/537.36 (KHTML, like Gecko) Mobile Safari/537.36 (compatible; PetalBot;+https://webmaster.petalsearch.com/site/petalbot)"
114.119.147.97 - - [21/Jun/2022:23:04:14 +0000] "GET /node/1558?share=facebook HTTP/1.1" 301 178 "https://mrchoke.org/node/1558?ak_action=reject_mobile" "Mozilla/5.0 (Linux; Android 7.0;) AppleWebKit/537.36 (KHTML, like Gecko) Mobile Safari/537.36 (compatible; PetalBot;+https://webmaster.petalsearch.com/site/petalbot)"
114.119.147.97 - - [21/Jun/2022:23:04:21 +0000] "GET /node/1558/?share=facebook HTTP/1.1" 200 12881 "https://mrchoke.org/node/1558?ak_action=reject_mobile" "Mozilla/5.0 (Linux; Android 7.0;) AppleWebKit/537.36 (KHTML, like Gecko) Mobile Safari/537.36 (compatible; PetalBot;+https://webmaster.petalsearch.com/site/petalbot)"
114.119.147.87 - - [21/Jun/2022:23:05:55 +0000] "GET /node/150 HTTP/1.1" 302 154 "https://mrchoke.org/node/date/2007/02" "Mozilla/5.0 (Linux; Android 7.0;) AppleWebKit/537.36 (KHTML, like Gecko) Mobile Safari/537.36 (compatible; PetalBot;+https://webmaster.petalsearch.com/site/petalbot)"
114.119.147.87 - - [21/Jun/2022:23:05:55 +0000] "GET /node/150 HTTP/1.1" 301 178 "https://mrchoke.org/node/date/2007/02" "Mozilla/5.0 (Linux; Android 7.0;) AppleWebKit/537.36 (KHTML, like Gecko) Mobile Safari/537.36 (compatible; PetalBot;+https://webmaster.petalsearch.com/site/petalbot)"
114.119.147.87 - - [21/Jun/2022:23:05:56 +0000] "GET /node/150/ HTTP/1.1" 200 28272 "https://mrchoke.org/node/date/2007/02" "Mozilla/5.0 (Linux; Android 7.0;) AppleWebKit/537.36 (KHTML, like Gecko) Mobile Safari/537.36 (compatible; PetalBot;+https://webmaster.petalsearch.com/site/petalbot)"
114.119.147.87 - - [21/Jun/2022:23:08:15 +0000] "GET /node/127?share=facebook HTTP/1.1" 302 154 "https://mrchoke.org/node/127?ak_action=accept_mobile" "Mozilla/5.0 (Linux; Android 7.0;) AppleWebKit/537.36 (KHTML, like Gecko) Mobile Safari/537.36 (compatible; PetalBot;+https://webmaster.petalsearch.com/site/petalbot)"
114.119.147.87 - - [21/Jun/2022:23:08:15 +0000] "GET /node/127?share=facebook HTTP/1.1" 301 178 "https://mrchoke.org/node/127?ak_action=accept_mobile" "Mozilla/5.0 (Linux; Android 7.0;) AppleWebKit/537.36 (KHTML, like Gecko) Mobile Safari/537.36 (compatible; PetalBot;+https://webmaster.petalsearch.com/site/petalbot)"
114.119.147.87 - - [21/Jun/2022:23:08:15 +0000] "GET /node/127/?share=facebook HTTP/1.1" 200 7975 "https://mrchoke.org/node/127?ak_action=accept_mobile" "Mozilla/5.0 (Linux; Android 7.0;) AppleWebKit/537.36 (KHTML, like Gecko) Mobile Safari/537.36 (compatible; PetalBot;+https://webmaster.petalsearch.com/site/petalbot)"
216.244.66.229 - - [21/Jun/2022:23:08:42 +0000] "GET /robots.txt HTTP/1.1" 404 162 "-" "Mozilla/5.0 (compatible; DotBot/1.2; +https://opensiteexplorer.org/dotbot; help@moz.com)"
216.244.66.229 - - [21/Jun/2022:23:08:42 +0000] "GET /robots.txt HTTP/1.1" 404 162 "-" "Mozilla/5.0 (compatible; DotBot/1.2; +https://opensiteexplorer.org/dotbot; help@moz.com)"
114.119.147.87 - - [21/Jun/2022:23:09:59 +0000] "GET /node/487?ak_action=reject_mobile HTTP/1.1" 302 154 "https://mrchoke.org/node/487?ak_action=accept_mobile" "Mozilla/5.0 (Linux; Android 7.0;) AppleWebKit/537.36 (KHTML, like Gecko) Mobile Safari/537.36 (compatible; PetalBot;+https://webmaster.petalsearch.com/site/petalbot)"
114.119.147.87 - - [21/Jun/2022:23:10:01 +0000] "GET /node/487?ak_action=reject_mobile HTTP/1.1" 301 178 "https://mrchoke.org/node/487?ak_action=accept_mobile" "Mozilla/5.0 (Linux; Android 7.0;) AppleWebKit/537.36 (KHTML, like Gecko) Mobile Safari/537.36 (compatible; PetalBot;+https://webmaster.petalsearch.com/site/petalbot)"
114.119.147.87 - - [21/Jun/2022:23:10:06 +0000] "GET /node/487/?ak_action=reject_mobile HTTP/1.1" 200 8332 "https://mrchoke.org/node/487?ak_action=accept_mobile" "Mozilla/5.0 (Linux; Android 7.0;) AppleWebKit/537.36 (KHTML, like Gecko) Mobile Safari/537.36 (compatible; PetalBot;+https://webmaster.petalsearch.com/site/petalbot)"
216.244.66.229 - - [21/Jun/2022:23:11:46 +0000] "GET /node/332 HTTP/1.1" 404 162 "-" "Mozilla/5.0 (compatible; DotBot/1.2; +https://opensiteexplorer.org/dotbot; help@moz.com)"
114.119.147.74 - - [21/Jun/2022:23:11:49 +0000] "GET /node/date/2014/02/01 HTTP/1.1" 404 134 "http://www.mrchoke.org/node/1480" "Mozilla/5.0 (Linux; Android 7.0;) AppleWebKit/537.36 (KHTML, like Gecko) Mobile Safari/537.36 (compatible; PetalBot;+https://webmaster.petalsearch.com/site/petalbot)"
216.244.66.229 - - [21/Jun/2022:23:12:17 +0000] "GET /node/99/feed HTTP/1.1" 404 162 "-" "Mozilla/5.0 (compatible; DotBot/1.2; +https://opensiteexplorer.org/dotbot; help@moz.com)"
216.244.66.229 - - [21/Jun/2022:23:12:22 +0000] "GET /img_7464/ HTTP/1.1" 404 162 "-" "Mozilla/5.0 (compatible; DotBot/1.2; +https://opensiteexplorer.org/dotbot; help@moz.com)"
216.244.66.229 - - [21/Jun/2022:23:12:30 +0000] "GET /node/638/feed HTTP/1.1" 404 162 "-" "Mozilla/5.0 (compatible; DotBot/1.2; +https://opensiteexplorer.org/dotbot; help@moz.com)"
45.133.1.84 - - [21/Jun/2022:23:12:55 +0000] "GET / HTTP/1.1" 200 396 "-" "python-requests/2.27.1"
87.250.224.3 - - [21/Jun/2022:23:12:57 +0000] "GET /ch7_4202 HTTP/1.1" 404 134 "-" "Mozilla/5.0 (compatible; YandexBot/3.0; +http://yandex.com/bots)"
216.244.66.229 - - [21/Jun/2022:23:13:26 +0000] "GET /node/790/img_6140/feed HTTP/1.1" 404 162 "-" "Mozilla/5.0 (compatible; DotBot/1.2; +https://opensiteexplorer.org/dotbot; help@moz.com)"
114.119.147.73 - - [21/Jun/2022:23:14:23 +0000] "GET /node/category/leopard?ak_action=reject_mobile HTTP/1.1" 302 154 "https://mrchoke.org/node/category/leopard?ak_action=accept_mobile" "Mozilla/5.0 (Linux; Android 7.0;) AppleWebKit/537.36 (KHTML, like Gecko) Mobile Safari/537.36 (compatible; PetalBot;+https://webmaster.petalsearch.com/site/petalbot)"
114.119.147.73 - - [21/Jun/2022:23:14:25 +0000] "GET /node/category/leopard?ak_action=reject_mobile HTTP/1.1" 301 178 "https://mrchoke.org/node/category/leopard?ak_action=accept_mobile" "Mozilla/5.0 (Linux; Android 7.0;) AppleWebKit/537.36 (KHTML, like Gecko) Mobile Safari/537.36 (compatible; PetalBot;+https://webmaster.petalsearch.com/site/petalbot)"
114.119.147.73 - - [21/Jun/2022:23:14:28 +0000] "GET /node/category/leopard/?ak_action=reject_mobile HTTP/1.1" 200 11022 "https://mrchoke.org/node/category/leopard?ak_action=accept_mobile" "Mozilla/5.0 (Linux; Android 7.0;) AppleWebKit/537.36 (KHTML, like Gecko) Mobile Safari/537.36 (compatible; PetalBot;+https://webmaster.petalsearch.com/site/petalbot)"
216.244.66.229 - - [21/Jun/2022:23:15:02 +0000] "GET /wp-content/uploads/2014/01/CH7_3364.jpg HTTP/1.1" 404 162 "-" "Mozilla/5.0 (compatible; DotBot/1.2; +https://opensiteexplorer.org/dotbot; help@moz.com)"
216.244.66.229 - - [21/Jun/2022:23:15:23 +0000] "GET /wp-content/uploads/2014/02/Screenshot-2014-02-18-14.50.51.png HTTP/1.1" 404 162 "-" "Mozilla/5.0 (compatible; DotBot/1.2; +https://opensiteexplorer.org/dotbot; help@moz.com)"
114.119.147.73 - - [21/Jun/2022:23:16:21 +0000] "GET /node/1480?ak_action=accept_mobile HTTP/1.1" 302 154 "https://mrchoke.org/node/1480?ak_action=reject_mobile" "Mozilla/5.0 (Linux; Android 7.0;) AppleWebKit/537.36 (KHTML, like Gecko) Mobile Safari/537.36 (compatible; PetalBot;+https://webmaster.petalsearch.com/site/petalbot)"
114.119.147.73 - - [21/Jun/2022:23:16:24 +0000] "GET /node/1480?ak_action=accept_mobile HTTP/1.1" 301 178 "https://mrchoke.org/node/1480?ak_action=reject_mobile" "Mozilla/5.0 (Linux; Android 7.0;) AppleWebKit/537.36 (KHTML, like Gecko) Mobile Safari/537.36 (compatible; PetalBot;+https://webmaster.petalsearch.com/site/petalbot)"
114.119.147.73 - - [21/Jun/2022:23:16:26 +0000] "GET /node/1480/?ak_action=accept_mobile HTTP/1.1" 200 9004 "https://mrchoke.org/node/1480?ak_action=reject_mobile" "Mozilla/5.0 (Linux; Android 7.0;) AppleWebKit/537.36 (KHTML, like Gecko) Mobile Safari/537.36 (compatible; PetalBot;+https://webmaster.petalsearch.com/site/petalbot)"
216.244.66.229 - - [21/Jun/2022:23:16:54 +0000] "GET /node/category/trip/feed HTTP/1.1" 404 162 "-" "Mozilla/5.0 (compatible; DotBot/1.2; +https://opensiteexplorer.org/dotbot; help@moz.com)"
114.119.147.73 - - [21/Jun/2022:23:17:47 +0000] "GET /node/370?ak_action=accept_mobile HTTP/1.1" 302 154 "https://mrchoke.org/node/370?ak_action=reject_mobile" "Mozilla/5.0 (Linux; Android 7.0;) AppleWebKit/537.36 (KHTML, like Gecko) Mobile Safari/537.36 (compatible; PetalBot;+https://webmaster.petalsearch.com/site/petalbot)"
114.119.147.73 - - [21/Jun/2022:23:17:50 +0000] "GET /node/370?ak_action=accept_mobile HTTP/1.1" 301 178 "https://mrchoke.org/node/370?ak_action=reject_mobile" "Mozilla/5.0 (Linux; Android 7.0;) AppleWebKit/537.36 (KHTML, like Gecko) Mobile Safari/537.36 (compatible; PetalBot;+https://webmaster.petalsearch.com/site/petalbot)"
114.119.147.73 - - [21/Jun/2022:23:17:52 +0000] "GET /node/370/?ak_action=accept_mobile HTTP/1.1" 200 9268 "https://mrchoke.org/node/370?ak_action=reject_mobile" "Mozilla/5.0 (Linux; Android 7.0;) AppleWebKit/537.36 (KHTML, like Gecko) Mobile Safari/537.36 (compatible; PetalBot;+https://webmaster.petalsearch.com/site/petalbot)"
114.119.147.73 - - [21/Jun/2022:23:19:36 +0000] "GET /node/406 HTTP/1.1" 404 134 "http://www.mrchoke.org/node/date/2004/06/page/2" "Mozilla/5.0 (Linux; Android 7.0;) AppleWebKit/537.36 (KHTML, like Gecko) Mobile Safari/537.36 (compatible; PetalBot;+https://webmaster.petalsearch.com/site/petalbot)"
185.191.171.37 - - [21/Jun/2022:23:20:18 +0000] "GET /robots.txt HTTP/1.1" 404 134 "-" "Mozilla/5.0 (compatible; SemrushBot/7~bl; +http://www.semrush.com/bot.html)"
185.191.171.9 - - [21/Jun/2022:23:20:20 +0000] "GET /node/5 HTTP/1.1" 301 178 "-" "Mozilla/5.0 (compatible; SemrushBot/7~bl; +http://www.semrush.com/bot.html)"
185.191.171.38 - - [21/Jun/2022:23:20:22 +0000] "GET /node/5/ HTTP/1.1" 200 8202 "-" "Mozilla/5.0 (compatible; SemrushBot/7~bl; +http://www.semrush.com/bot.html)"
114.119.147.75 - - [21/Jun/2022:23:22:13 +0000] "GET /node/tag/lomo HTTP/1.1" 404 134 "http://mrchoke.org/node/519" "Mozilla/5.0 (Linux; Android 7.0;) AppleWebKit/537.36 (KHTML, like Gecko) Mobile Safari/537.36 (compatible; PetalBot;+https://webmaster.petalsearch.com/site/petalbot)"
216.244.66.229 - - [21/Jun/2022:23:22:32 +0000] "GET /img_7470/ HTTP/1.1" 404 162 "-" "Mozilla/5.0 (compatible; DotBot/1.2; +https://opensiteexplorer.org/dotbot; help@moz.com)"
114.119.147.87 - - [21/Jun/2022:23:23:36 +0000] "GET /node/3?share=linkedin HTTP/1.1" 302 154 "https://mrchoke.org/node/3?ak_action=accept_mobile" "Mozilla/5.0 (Linux; Android 7.0;) AppleWebKit/537.36 (KHTML, like Gecko) Mobile Safari/537.36 (compatible; PetalBot;+https://webmaster.petalsearch.com/site/petalbot)"
114.119.147.87 - - [21/Jun/2022:23:23:38 +0000] "GET /node/3?share=linkedin HTTP/1.1" 301 178 "https://mrchoke.org/node/3?ak_action=accept_mobile" "Mozilla/5.0 (Linux; Android 7.0;) AppleWebKit/537.36 (KHTML, like Gecko) Mobile Safari/537.36 (compatible; PetalBot;+https://webmaster.petalsearch.com/site/petalbot)"
114.119.147.87 - - [21/Jun/2022:23:23:40 +0000] "GET /node/3/?share=linkedin HTTP/1.1" 200 8888 "https://mrchoke.org/node/3?ak_action=accept_mobile" "Mozilla/5.0 (Linux; Android 7.0;) AppleWebKit/537.36 (KHTML, like Gecko) Mobile Safari/537.36 (compatible; PetalBot;+https://webmaster.petalsearch.com/site/petalbot)"
114.119.147.97 - - [21/Jun/2022:23:25:14 +0000] "GET /node/category/gallery2 HTTP/1.1" 404 134 "https://mrchoke.org/node/939/img_6419" "Mozilla/5.0 (Linux; Android 7.0;) AppleWebKit/537.36 (KHTML, like Gecko) Mobile Safari/537.36 (compatible; PetalBot;+https://webmaster.petalsearch.com/site/petalbot)"
130.44.212.109 - - [21/Jun/2022:23:25:23 +0000] "GET /wp-content/uploads/2012/04/wordpress-logo-stacked-rgb-300x186.png HTTP/1.1" 200 21012 "-" "Mozilla/5.0 (X11; Ubuntu; Linux x86_64; rv:72.0) Gecko/20100101 Firefox/72.0"
114.119.147.73 - - [21/Jun/2022:23:27:43 +0000] "GET /node/date/2014/02/01 HTTP/1.1" 301 178 "https://mrchoke.org/node/1480" "Mozilla/5.0 (Linux; Android 7.0;) AppleWebKit/537.36 (KHTML, like Gecko) Mobile Safari/537.36 (compatible; PetalBot;+https://webmaster.petalsearch.com/site/petalbot)"
114.119.147.73 - - [21/Jun/2022:23:27:44 +0000] "GET /node/date/2014/02/01/ HTTP/1.1" 200 8583 "https://mrchoke.org/node/1480" "Mozilla/5.0 (Linux; Android 7.0;) AppleWebKit/537.36 (KHTML, like Gecko) Mobile Safari/537.36 (compatible; PetalBot;+https://webmaster.petalsearch.com/site/petalbot)"
152.89.198.161 - - [21/Jun/2022:23:28:52 +0000] "GET /autodiscover/autodiscover.json?@1337.com/owa/?&Email=autodiscover/autodiscover.json%3F@1337.com HTTP/1.1" 301 178 "-" "Mozilla/5.0 (Windows NT 10.0; rv:68.0) Gecko/20100101 Firefox/68.0"
114.119.147.97 - - [21/Jun/2022:23:29:25 +0000] "GET /ch7_6434 HTTP/1.1" 301 178 "https://mrchoke.org/node/1862?ak_action=accept_mobile" "Mozilla/5.0 (Linux; Android 7.0;) AppleWebKit/537.36 (KHTML, like Gecko) Mobile Safari/537.36 (compatible; PetalBot;+https://webmaster.petalsearch.com/site/petalbot)"
114.119.147.97 - - [21/Jun/2022:23:29:27 +0000] "GET /ch7_6434/ HTTP/1.1" 200 7889 "https://mrchoke.org/node/1862?ak_action=accept_mobile" "Mozilla/5.0 (Linux; Android 7.0;) AppleWebKit/537.36 (KHTML, like Gecko) Mobile Safari/537.36 (compatible; PetalBot;+https://webmaster.petalsearch.com/site/petalbot)"
185.191.171.8 - - [21/Jun/2022:23:29:51 +0000] "GET /robots.txt HTTP/1.1" 404 134 "-" "Mozilla/5.0 (compatible; SemrushBot/7~bl; +http://www.semrush.com/bot.html)"
185.191.171.8 - - [21/Jun/2022:23:29:52 +0000] "GET /node/1120 HTTP/1.1" 302 154 "-" "Mozilla/5.0 (compatible; SemrushBot/7~bl; +http://www.semrush.com/bot.html)"
185.191.171.24 - - [21/Jun/2022:23:29:55 +0000] "GET /node/1120 HTTP/1.1" 301 178 "-" "Mozilla/5.0 (compatible; SemrushBot/7~bl; +http://www.semrush.com/bot.html)"
185.191.171.11 - - [21/Jun/2022:23:29:59 +0000] "GET /node/1120/ HTTP/1.1" 200 11471 "-" "Mozilla/5.0 (compatible; SemrushBot/7~bl; +http://www.semrush.com/bot.html)"
114.119.147.97 - - [21/Jun/2022:23:31:14 +0000] "GET /node/315 HTTP/1.1" 404 134 "http://www.mrchoke.org/node/5" "Mozilla/5.0 (Linux; Android 7.0;) AppleWebKit/537.36 (KHTML, like Gecko) Mobile Safari/537.36 (compatible; PetalBot;+https://webmaster.petalsearch.com/site/petalbot)"
114.119.147.86 - - [21/Jun/2022:23:32:47 +0000] "GET /node/213?share=twitter HTTP/1.1" 302 154 "https://mrchoke.org/node/213?ak_action=reject_mobile" "Mozilla/5.0 (Linux; Android 7.0;) AppleWebKit/537.36 (KHTML, like Gecko) Mobile Safari/537.36 (compatible; PetalBot;+https://webmaster.petalsearch.com/site/petalbot)"
114.119.147.86 - - [21/Jun/2022:23:32:51 +0000] "GET /node/213?share=twitter HTTP/1.1" 301 178 "https://mrchoke.org/node/213?ak_action=reject_mobile" "Mozilla/5.0 (Linux; Android 7.0;) AppleWebKit/537.36 (KHTML, like Gecko) Mobile Safari/537.36 (compatible; PetalBot;+https://webmaster.petalsearch.com/site/petalbot)"
114.119.147.86 - - [21/Jun/2022:23:32:52 +0000] "GET /node/213/?share=twitter HTTP/1.1" 200 8809 "https://mrchoke.org/node/213?ak_action=reject_mobile" "Mozilla/5.0 (Linux; Android 7.0;) AppleWebKit/537.36 (KHTML, like Gecko) Mobile Safari/537.36 (compatible; PetalBot;+https://webmaster.petalsearch.com/site/petalbot)"
114.119.147.75 - - [21/Jun/2022:23:35:21 +0000] "GET /node/category/music/page/7 HTTP/1.1" 301 178 "https://mrchoke.org/node/category/music/page/8?ak_action=accept_mobile" "Mozilla/5.0 (Linux; Android 7.0;) AppleWebKit/537.36 (KHTML, like Gecko) Mobile Safari/537.36 (compatible; PetalBot;+https://webmaster.petalsearch.com/site/petalbot)"
114.119.147.75 - - [21/Jun/2022:23:35:24 +0000] "GET /node/category/music/page/7/ HTTP/1.1" 200 11883 "https://mrchoke.org/node/category/music/page/8?ak_action=accept_mobile" "Mozilla/5.0 (Linux; Android 7.0;) AppleWebKit/537.36 (KHTML, like Gecko) Mobile Safari/537.36 (compatible; PetalBot;+https://webmaster.petalsearch.com/site/petalbot)"
114.119.147.81 - - [21/Jun/2022:23:37:17 +0000] "GET /node/470?share=reddit HTTP/1.1" 302 154 "https://mrchoke.org/node/470?replytocom=572&ak_action=accept_mobile" "Mozilla/5.0 (Linux; Android 7.0;) AppleWebKit/537.36 (KHTML, like Gecko) Mobile Safari/537.36 (compatible; PetalBot;+https://webmaster.petalsearch.com/site/petalbot)"
185.7.214.104 - - [21/Jun/2022:23:37:19 +0000] "GET /index.php?s=/Index/\x5Cthink\x5Capp/invokefunction&function=call_user_func_array&vars[0]=md5&vars[1][]=HelloThinkPHP21 HTTP/1.1" 404 197 "-" "Mozilla/5.0 (Windows NT 10.0; Win64; x64) AppleWebKit/537.36 (KHTML, like Gecko) Chrome/78.0.3904.108 Safari/537.36"
114.119.147.81 - - [21/Jun/2022:23:37:22 +0000] "GET /node/470?share=reddit HTTP/1.1" 301 178 "https://mrchoke.org/node/470?replytocom=572&ak_action=accept_mobile" "Mozilla/5.0 (Linux; Android 7.0;) AppleWebKit/537.36 (KHTML, like Gecko) Mobile Safari/537.36 (compatible; PetalBot;+https://webmaster.petalsearch.com/site/petalbot)"
114.119.147.81 - - [21/Jun/2022:23:37:25 +0000] "GET /node/470/?share=reddit HTTP/1.1" 200 10041 "https://mrchoke.org/node/470?replytocom=572&ak_action=accept_mobile" "Mozilla/5.0 (Linux; Android 7.0;) AppleWebKit/537.36 (KHTML, like Gecko) Mobile Safari/537.36 (compatible; PetalBot;+https://webmaster.petalsearch.com/site/petalbot)"
114.119.147.73 - - [21/Jun/2022:23:38:45 +0000] "GET /node/790/img_6148?share=facebook HTTP/1.1" 302 154 "https://mrchoke.org/node/790/img_6148" "Mozilla/5.0 (Linux; Android 7.0;) AppleWebKit/537.36 (KHTML, like Gecko) Mobile Safari/537.36 (compatible; PetalBot;+https://webmaster.petalsearch.com/site/petalbot)"
114.119.147.73 - - [21/Jun/2022:23:38:45 +0000] "GET /node/790/img_6148?share=facebook HTTP/1.1" 301 178 "https://mrchoke.org/node/790/img_6148" "Mozilla/5.0 (Linux; Android 7.0;) AppleWebKit/537.36 (KHTML, like Gecko) Mobile Safari/537.36 (compatible; PetalBot;+https://webmaster.petalsearch.com/site/petalbot)"
114.119.147.73 - - [21/Jun/2022:23:38:47 +0000] "GET /node/790/img_6148/?share=facebook HTTP/1.1" 200 7914 "https://mrchoke.org/node/790/img_6148" "Mozilla/5.0 (Linux; Android 7.0;) AppleWebKit/537.36 (KHTML, like Gecko) Mobile Safari/537.36 (compatible; PetalBot;+https://webmaster.petalsearch.com/site/petalbot)"
114.119.147.97 - - [21/Jun/2022:23:40:29 +0000] "GET /node/790/img_6160 HTTP/1.1" 302 154 "https://mrchoke.org/node/790/img_6158" "Mozilla/5.0 (Linux; Android 7.0;) AppleWebKit/537.36 (KHTML, like Gecko) Mobile Safari/537.36 (compatible; PetalBot;+https://webmaster.petalsearch.com/site/petalbot)"
114.119.147.97 - - [21/Jun/2022:23:40:34 +0000] "GET /node/790/img_6160 HTTP/1.1" 301 178 "https://mrchoke.org/node/790/img_6158" "Mozilla/5.0 (Linux; Android 7.0;) AppleWebKit/537.36 (KHTML, like Gecko) Mobile Safari/537.36 (compatible; PetalBot;+https://webmaster.petalsearch.com/site/petalbot)"
114.119.147.97 - - [21/Jun/2022:23:40:37 +0000] "GET /node/790/img_6160/ HTTP/1.1" 200 7893 "https://mrchoke.org/node/790/img_6158" "Mozilla/5.0 (Linux; Android 7.0;) AppleWebKit/537.36 (KHTML, like Gecko) Mobile Safari/537.36 (compatible; PetalBot;+https://webmaster.petalsearch.com/site/petalbot)"
185.191.171.7 - - [21/Jun/2022:23:41:52 +0000] "GET /node/date/2014/03/09 HTTP/1.1" 301 178 "-" "Mozilla/5.0 (compatible; SemrushBot/7~bl; +http://www.semrush.com/bot.html)"
185.191.171.17 - - [21/Jun/2022:23:41:54 +0000] "GET /node/date/2014/03/09/ HTTP/1.1" 200 8403 "-" "Mozilla/5.0 (compatible; SemrushBot/7~bl; +http://www.semrush.com/bot.html)"
114.119.147.81 - - [21/Jun/2022:23:42:53 +0000] "GET /node/790/img_6130?share=linkedin HTTP/1.1" 302 154 "https://mrchoke.org/node/790/img_6130?ak_action=accept_mobile" "Mozilla/5.0 (Linux; Android 7.0;) AppleWebKit/537.36 (KHTML, like Gecko) Mobile Safari/537.36 (compatible; PetalBot;+https://webmaster.petalsearch.com/site/petalbot)"
114.119.147.81 - - [21/Jun/2022:23:43:00 +0000] "GET /node/790/img_6130?share=linkedin HTTP/1.1" 301 178 "https://mrchoke.org/node/790/img_6130?ak_action=accept_mobile" "Mozilla/5.0 (Linux; Android 7.0;) AppleWebKit/537.36 (KHTML, like Gecko) Mobile Safari/537.36 (compatible; PetalBot;+https://webmaster.petalsearch.com/site/petalbot)"
114.119.147.81 - - [21/Jun/2022:23:43:03 +0000] "GET /node/790/img_6130/?share=linkedin HTTP/1.1" 200 7904 "https://mrchoke.org/node/790/img_6130?ak_action=accept_mobile" "Mozilla/5.0 (Linux; Android 7.0;) AppleWebKit/537.36 (KHTML, like Gecko) Mobile Safari/537.36 (compatible; PetalBot;+https://webmaster.petalsearch.com/site/petalbot)"
114.119.147.74 - - [21/Jun/2022:23:44:36 +0000] "GET /node/date/2004/05/23 HTTP/1.1" 302 154 "https://mrchoke.org/node/417?ak_action=reject_mobile" "Mozilla/5.0 (Linux; Android 7.0;) AppleWebKit/537.36 (KHTML, like Gecko) Mobile Safari/537.36 (compatible; PetalBot;+https://webmaster.petalsearch.com/site/petalbot)"
114.119.147.74 - - [21/Jun/2022:23:44:39 +0000] "GET /node/date/2004/05/23 HTTP/1.1" 301 178 "https://mrchoke.org/node/417?ak_action=reject_mobile" "Mozilla/5.0 (Linux; Android 7.0;) AppleWebKit/537.36 (KHTML, like Gecko) Mobile Safari/537.36 (compatible; PetalBot;+https://webmaster.petalsearch.com/site/petalbot)"
114.119.147.74 - - [21/Jun/2022:23:44:43 +0000] "GET /node/date/2004/05/23/ HTTP/1.1" 200 9470 "https://mrchoke.org/node/417?ak_action=reject_mobile" "Mozilla/5.0 (Linux; Android 7.0;) AppleWebKit/537.36 (KHTML, like Gecko) Mobile Safari/537.36 (compatible; PetalBot;+https://webmaster.petalsearch.com/site/petalbot)"
114.119.147.97 - - [21/Jun/2022:23:46:05 +0000] "GET /page/6 HTTP/1.1" 302 154 "https://mrchoke.org/page/7" "Mozilla/5.0 (Linux; Android 7.0;) AppleWebKit/537.36 (KHTML, like Gecko) Mobile Safari/537.36 (compatible; PetalBot;+https://webmaster.petalsearch.com/site/petalbot)"
114.119.147.97 - - [21/Jun/2022:23:46:10 +0000] "GET /page/6 HTTP/1.1" 301 178 "https://mrchoke.org/page/7" "Mozilla/5.0 (Linux; Android 7.0;) AppleWebKit/537.36 (KHTML, like Gecko) Mobile Safari/537.36 (compatible; PetalBot;+https://webmaster.petalsearch.com/site/petalbot)"
114.119.147.97 - - [21/Jun/2022:23:46:16 +0000] "GET /page/6/ HTTP/1.1" 200 18854 "https://mrchoke.org/page/7" "Mozilla/5.0 (Linux; Android 7.0;) AppleWebKit/537.36 (KHTML, like Gecko) Mobile Safari/537.36 (compatible; PetalBot;+https://webmaster.petalsearch.com/site/petalbot)"
185.191.171.22 - - [21/Jun/2022:23:47:24 +0000] "GET /node/378 HTTP/1.1" 301 178 "-" "Mozilla/5.0 (compatible; SemrushBot/7~bl; +http://www.semrush.com/bot.html)"
185.191.171.1 - - [21/Jun/2022:23:47:28 +0000] "GET /node/378/ HTTP/1.1" 200 9024 "-" "Mozilla/5.0 (compatible; SemrushBot/7~bl; +http://www.semrush.com/bot.html)"
185.191.171.14 - - [21/Jun/2022:23:47:31 +0000] "GET /img_7799 HTTP/1.1" 301 178 "-" "Mozilla/5.0 (compatible; SemrushBot/7~bl; +http://www.semrush.com/bot.html)"
185.191.171.37 - - [21/Jun/2022:23:47:33 +0000] "GET /img_7799/ HTTP/1.1" 200 7911 "-" "Mozilla/5.0 (compatible; SemrushBot/7~bl; +http://www.semrush.com/bot.html)"
109.248.6.108 - - [21/Jun/2022:23:49:28 +0000] "GET /favicon.ico HTTP/1.0" 301 178 "-" "masscan-ng/1.3 (https://github.com/bi-zone/masscan-ng)"
114.119.147.81 - - [21/Jun/2022:23:50:20 +0000] "GET /node/category/uncategorized/page/8 HTTP/1.1" 301 178 "https://static.mrchoke.org/node/category/uncategorized/page/7" "Mozilla/5.0 (Linux; Android 7.0;) AppleWebKit/537.36 (KHTML, like Gecko) Mobile Safari/537.36 (compatible; PetalBot;+https://webmaster.petalsearch.com/site/petalbot)"
114.119.147.81 - - [21/Jun/2022:23:50:21 +0000] "GET /node/category/uncategorized/page/8/ HTTP/1.1" 200 9997 "https://static.mrchoke.org/node/category/uncategorized/page/7" "Mozilla/5.0 (Linux; Android 7.0;) AppleWebKit/537.36 (KHTML, like Gecko) Mobile Safari/537.36 (compatible; PetalBot;+https://webmaster.petalsearch.com/site/petalbot)"
162.221.192.26 - - [21/Jun/2022:23:50:34 +0000] "GET / HTTP/1.1" 200 396 "-" "Mozilla/5.0 (Windows NT 10.0; Win64; x64) AppleWebKit/537.36 (KHTML, like Gecko) Chrome/60.0.3112.113 Safari/537.36"
114.119.147.81 - - [21/Jun/2022:23:51:44 +0000] "GET /node/29?ak_action=accept_mobile HTTP/1.1" 302 154 "https://mrchoke.org/node/29?ak_action=reject_mobile" "Mozilla/5.0 (Linux; Android 7.0;) AppleWebKit/537.36 (KHTML, like Gecko) Mobile Safari/537.36 (compatible; PetalBot;+https://webmaster.petalsearch.com/site/petalbot)"
114.119.147.81 - - [21/Jun/2022:23:51:45 +0000] "GET /node/29?ak_action=accept_mobile HTTP/1.1" 301 178 "https://mrchoke.org/node/29?ak_action=reject_mobile" "Mozilla/5.0 (Linux; Android 7.0;) AppleWebKit/537.36 (KHTML, like Gecko) Mobile Safari/537.36 (compatible; PetalBot;+https://webmaster.petalsearch.com/site/petalbot)"
114.119.147.81 - - [21/Jun/2022:23:51:45 +0000] "GET /node/29/?ak_action=accept_mobile HTTP/1.1" 200 9643 "https://mrchoke.org/node/29?ak_action=reject_mobile" "Mozilla/5.0 (Linux; Android 7.0;) AppleWebKit/537.36 (KHTML, like Gecko) Mobile Safari/537.36 (compatible; PetalBot;+https://webmaster.petalsearch.com/site/petalbot)"
45.134.144.140 - - [21/Jun/2022:23:52:56 +0000] "GET ///ext-js/app/common/zyFunction.js HTTP/1.1" 301 178 "-" "python-requests/2.6.0 CPython/2.7.5 Linux/3.10.0-1160.el7.x86_64"
45.134.144.140 - - [21/Jun/2022:23:52:58 +0000] "GET ///ext-js/app/common/zyFunction.js HTTP/1.1" 404 920 "-" "python-requests/2.6.0 CPython/2.7.5 Linux/3.10.0-1160.el7.x86_64"
114.119.147.87 - - [21/Jun/2022:23:53:14 +0000] "GET /node/445 HTTP/1.1" 301 178 "https://mrchoke.org/node/355" "Mozilla/5.0 (Linux; Android 7.0;) AppleWebKit/537.36 (KHTML, like Gecko) Mobile Safari/537.36 (compatible; PetalBot;+https://webmaster.petalsearch.com/site/petalbot)"
114.119.147.87 - - [21/Jun/2022:23:53:16 +0000] "GET /node/445/ HTTP/1.1" 200 13374 "https://mrchoke.org/node/355" "Mozilla/5.0 (Linux; Android 7.0;) AppleWebKit/537.36 (KHTML, like Gecko) Mobile Safari/537.36 (compatible; PetalBot;+https://webmaster.petalsearch.com/site/petalbot)"
87.250.224.3 - - [21/Jun/2022:23:54:18 +0000] "GET /robots.txt HTTP/1.1" 404 162 "-" "Mozilla/5.0 (compatible; YandexBot/3.0; +http://yandex.com/bots)"
87.250.224.3 - - [21/Jun/2022:23:54:21 +0000] "GET /node/1862 HTTP/1.1" 302 154 "-" "Mozilla/5.0 (compatible; YandexBot/3.0; +http://yandex.com/bots)"
185.191.171.17 - - [21/Jun/2022:23:54:33 +0000] "GET /node/tag/someone HTTP/1.1" 301 178 "-" "Mozilla/5.0 (compatible; SemrushBot/7~bl; +http://www.semrush.com/bot.html)"
87.250.224.3 - - [21/Jun/2022:23:54:34 +0000] "GET /node/1862 HTTP/1.1" 301 178 "-" "Mozilla/5.0 (compatible; YandexBot/3.0; +http://yandex.com/bots)"
185.191.171.18 - - [21/Jun/2022:23:54:35 +0000] "GET /node/tag/someone/ HTTP/1.1" 200 7672 "-" "Mozilla/5.0 (compatible; SemrushBot/7~bl; +http://www.semrush.com/bot.html)"
87.250.224.3 - - [21/Jun/2022:23:54:46 +0000] "GET /node/1862/ HTTP/1.1" 200 12032 "-" "Mozilla/5.0 (compatible; YandexBot/3.0; +http://yandex.com/bots)"
114.119.147.87 - - [21/Jun/2022:23:55:36 +0000] "GET /node/date/2006/11/06 HTTP/1.1" 302 154 "https://mrchoke.org/node/116?ak_action=accept_mobile" "Mozilla/5.0 (Linux; Android 7.0;) AppleWebKit/537.36 (KHTML, like Gecko) Mobile Safari/537.36 (compatible; PetalBot;+https://webmaster.petalsearch.com/site/petalbot)"
114.119.147.87 - - [21/Jun/2022:23:55:37 +0000] "GET /node/date/2006/11/06 HTTP/1.1" 301 178 "https://mrchoke.org/node/116?ak_action=accept_mobile" "Mozilla/5.0 (Linux; Android 7.0;) AppleWebKit/537.36 (KHTML, like Gecko) Mobile Safari/537.36 (compatible; PetalBot;+https://webmaster.petalsearch.com/site/petalbot)"
114.119.147.87 - - [21/Jun/2022:23:55:39 +0000] "GET /node/date/2006/11/06/ HTTP/1.1" 200 8399 "https://mrchoke.org/node/116?ak_action=accept_mobile" "Mozilla/5.0 (Linux; Android 7.0;) AppleWebKit/537.36 (KHTML, like Gecko) Mobile Safari/537.36 (compatible; PetalBot;+https://webmaster.petalsearch.com/site/petalbot)"
114.119.147.87 - - [21/Jun/2022:23:57:10 +0000] "GET /node/tag/bike/page/7 HTTP/1.1" 302 154 "https://mrchoke.org/node/tag/bike/page/6" "Mozilla/5.0 (Linux; Android 7.0;) AppleWebKit/537.36 (KHTML, like Gecko) Mobile Safari/537.36 (compatible; PetalBot;+https://webmaster.petalsearch.com/site/petalbot)"
114.119.147.87 - - [21/Jun/2022:23:57:11 +0000] "GET /node/tag/bike/page/7 HTTP/1.1" 301 178 "https://mrchoke.org/node/tag/bike/page/6" "Mozilla/5.0 (Linux; Android 7.0;) AppleWebKit/537.36 (KHTML, like Gecko) Mobile Safari/537.36 (compatible; PetalBot;+https://webmaster.petalsearch.com/site/petalbot)"
114.119.147.87 - - [21/Jun/2022:23:57:14 +0000] "GET /node/tag/bike/page/7/ HTTP/1.1" 200 12885 "https://mrchoke.org/node/tag/bike/page/6" "Mozilla/5.0 (Linux; Android 7.0;) AppleWebKit/537.36 (KHTML, like Gecko) Mobile Safari/537.36 (compatible; PetalBot;+https://webmaster.petalsearch.com/site/petalbot)"
5.161.129.151 - - [21/Jun/2022:23:57:37 +0000] "GET /node/247/ HTTP/1.1" 200 15942 "-" "Mozilla/5.0 (Windows NT 10.0; Win64; x64) AppleWebKit/537.36 (KHTML, like Gecko) Chrome/84.0.4147.105 Safari/537.36"
23.83.132.151 - - [22/Jun/2022:00:00:00 +0000] "GET /.env HTTP/1.1" 404 134 "-" "Mozilla/5.0 (Macintosh; Intel Mac OS X 10.15; rv:77.0) Gecko/20100101 Firefox/77.0"
