51.222.253.18 - - [21/Jun/2022:06:56:03 +0000] "GET /robots.txt HTTP/1.1" 404 134 "-" "Mozilla/5.0 (compatible; AhrefsBot/7.0; +http://ahrefs.com/robot/)"
216.244.66.229 - - [21/Jun/2022:06:56:24 +0000] "GET /node/363/feed HTTP/1.1" 404 162 "-" "Mozilla/5.0 (compatible; DotBot/1.2; +https://opensiteexplorer.org/dotbot; help@moz.com)"
114.119.147.74 - - [21/Jun/2022:06:56:26 +0000] "GET /node/1120/img_6647 HTTP/1.1" 301 178 "https://mrchoke.org/node/1120?ak_action=reject_mobile" "Mozilla/5.0 (Linux; Android 7.0;) AppleWebKit/537.36 (KHTML, like Gecko) Mobile Safari/537.36 (compatible; PetalBot;+https://webmaster.petalsearch.com/site/petalbot)"
114.119.147.74 - - [21/Jun/2022:06:56:27 +0000] "GET /node/1120/img_6647/ HTTP/1.1" 200 7887 "https://mrchoke.org/node/1120?ak_action=reject_mobile" "Mozilla/5.0 (Linux; Android 7.0;) AppleWebKit/537.36 (KHTML, like Gecko) Mobile Safari/537.36 (compatible; PetalBot;+https://webmaster.petalsearch.com/site/petalbot)"
216.244.66.229 - - [21/Jun/2022:06:57:26 +0000] "GET /node/835/img_6231/feed HTTP/1.1" 404 162 "-" "Mozilla/5.0 (compatible; DotBot/1.2; +https://opensiteexplorer.org/dotbot; help@moz.com)"
216.244.66.229 - - [21/Jun/2022:06:58:40 +0000] "GET /node/865/ch7_2994 HTTP/1.1" 404 162 "-" "Mozilla/5.0 (compatible; DotBot/1.2; +https://opensiteexplorer.org/dotbot; help@moz.com)"
114.119.147.74 - - [21/Jun/2022:06:58:49 +0000] "GET /node/465?share=linkedin HTTP/1.1" 302 154 "https://mrchoke.org/node/465?ak_action=reject_mobile" "Mozilla/5.0 (Linux; Android 7.0;) AppleWebKit/537.36 (KHTML, like Gecko) Mobile Safari/537.36 (compatible; PetalBot;+https://webmaster.petalsearch.com/site/petalbot)"
114.119.147.74 - - [21/Jun/2022:06:58:54 +0000] "GET /node/465?share=linkedin HTTP/1.1" 301 178 "https://mrchoke.org/node/465?ak_action=reject_mobile" "Mozilla/5.0 (Linux; Android 7.0;) AppleWebKit/537.36 (KHTML, like Gecko) Mobile Safari/537.36 (compatible; PetalBot;+https://webmaster.petalsearch.com/site/petalbot)"
114.119.147.74 - - [21/Jun/2022:06:58:54 +0000] "GET /node/465/?share=linkedin HTTP/1.1" 200 8316 "https://mrchoke.org/node/465?ak_action=reject_mobile" "Mozilla/5.0 (Linux; Android 7.0;) AppleWebKit/537.36 (KHTML, like Gecko) Mobile Safari/537.36 (compatible; PetalBot;+https://webmaster.petalsearch.com/site/petalbot)"
216.244.66.229 - - [21/Jun/2022:06:59:05 +0000] "GET /wp-content/uploads/2014/01/CH7_3214.jpg HTTP/1.1" 404 162 "-" "Mozilla/5.0 (compatible; DotBot/1.2; +https://opensiteexplorer.org/dotbot; help@moz.com)"
114.119.147.74 - - [21/Jun/2022:07:00:31 +0000] "GET /node/date/2006/05/06 HTTP/1.1" 302 154 "https://mrchoke.org/node/436?ak_action=accept_mobile" "Mozilla/5.0 (Linux; Android 7.0;) AppleWebKit/537.36 (KHTML, like Gecko) Mobile Safari/537.36 (compatible; PetalBot;+https://webmaster.petalsearch.com/site/petalbot)"
114.119.147.74 - - [21/Jun/2022:07:00:32 +0000] "GET /node/date/2006/05/06 HTTP/1.1" 301 178 "https://mrchoke.org/node/436?ak_action=accept_mobile" "Mozilla/5.0 (Linux; Android 7.0;) AppleWebKit/537.36 (KHTML, like Gecko) Mobile Safari/537.36 (compatible; PetalBot;+https://webmaster.petalsearch.com/site/petalbot)"
114.119.147.74 - - [21/Jun/2022:07:00:33 +0000] "GET /node/date/2006/05/06/ HTTP/1.1" 200 7879 "https://mrchoke.org/node/436?ak_action=accept_mobile" "Mozilla/5.0 (Linux; Android 7.0;) AppleWebKit/537.36 (KHTML, like Gecko) Mobile Safari/537.36 (compatible; PetalBot;+https://webmaster.petalsearch.com/site/petalbot)"
114.119.147.97 - - [21/Jun/2022:07:02:10 +0000] "GET /node/1428?ak_action=reject_mobile HTTP/1.1" 302 154 "https://mrchoke.org/node/1428?ak_action=accept_mobile" "Mozilla/5.0 (Linux; Android 7.0;) AppleWebKit/537.36 (KHTML, like Gecko) Mobile Safari/537.36 (compatible; PetalBot;+https://webmaster.petalsearch.com/site/petalbot)"
114.119.147.97 - - [21/Jun/2022:07:02:13 +0000] "GET /node/1428?ak_action=reject_mobile HTTP/1.1" 301 178 "https://mrchoke.org/node/1428?ak_action=accept_mobile" "Mozilla/5.0 (Linux; Android 7.0;) AppleWebKit/537.36 (KHTML, like Gecko) Mobile Safari/537.36 (compatible; PetalBot;+https://webmaster.petalsearch.com/site/petalbot)"
114.119.147.97 - - [21/Jun/2022:07:02:16 +0000] "GET /node/1428/?ak_action=reject_mobile HTTP/1.1" 200 10881 "https://mrchoke.org/node/1428?ak_action=accept_mobile" "Mozilla/5.0 (Linux; Android 7.0;) AppleWebKit/537.36 (KHTML, like Gecko) Mobile Safari/537.36 (compatible; PetalBot;+https://webmaster.petalsearch.com/site/petalbot)"
34.223.83.20 - - [21/Jun/2022:07:02:29 +0000] "GET /wp-content/uploads/2013/12/Screenshot-2013-12-06-14.59.49.png HTTP/1.1" 200 28777 "-" "Mozilla/5.0 (X11; Ubuntu; Linux x86_64; rv:72.0) Gecko/20100101 Firefox/72.0"
216.244.66.229 - - [21/Jun/2022:07:03:31 +0000] "GET /node/category/nectec/nsc/ HTTP/1.1" 404 162 "-" "Mozilla/5.0 (compatible; DotBot/1.2; +https://opensiteexplorer.org/dotbot; help@moz.com)"
216.244.66.229 - - [21/Jun/2022:07:04:10 +0000] "GET /wp-content/uploads/2014/01/IMG_6599.jpg HTTP/1.1" 404 162 "-" "Mozilla/5.0 (compatible; DotBot/1.2; +https://opensiteexplorer.org/dotbot; help@moz.com)"
216.244.66.229 - - [21/Jun/2022:07:04:13 +0000] "GET /wp-content/uploads/2016/05/img_1283.jpg HTTP/1.1" 404 162 "-" "Mozilla/5.0 (compatible; DotBot/1.2; +https://opensiteexplorer.org/dotbot; help@moz.com)"
114.119.147.86 - - [21/Jun/2022:07:04:33 +0000] "GET /node/153?share=twitter HTTP/1.1" 302 154 "https://mrchoke.org/node/153?ak_action=accept_mobile" "Mozilla/5.0 (Linux; Android 7.0;) AppleWebKit/537.36 (KHTML, like Gecko) Mobile Safari/537.36 (compatible; PetalBot;+https://webmaster.petalsearch.com/site/petalbot)"
114.119.147.86 - - [21/Jun/2022:07:04:36 +0000] "GET /node/153?share=twitter HTTP/1.1" 301 178 "https://mrchoke.org/node/153?ak_action=accept_mobile" "Mozilla/5.0 (Linux; Android 7.0;) AppleWebKit/537.36 (KHTML, like Gecko) Mobile Safari/537.36 (compatible; PetalBot;+https://webmaster.petalsearch.com/site/petalbot)"
114.119.147.86 - - [21/Jun/2022:07:04:40 +0000] "GET /node/153/?share=twitter HTTP/1.1" 200 8945 "https://mrchoke.org/node/153?ak_action=accept_mobile" "Mozilla/5.0 (Linux; Android 7.0;) AppleWebKit/537.36 (KHTML, like Gecko) Mobile Safari/537.36 (compatible; PetalBot;+https://webmaster.petalsearch.com/site/petalbot)"
114.119.147.81 - - [21/Jun/2022:07:06:26 +0000] "GET /node/790/img_6137?share=facebook HTTP/1.1" 302 154 "https://mrchoke.org/node/790/img_6137?ak_action=accept_mobile" "Mozilla/5.0 (Linux; Android 7.0;) AppleWebKit/537.36 (KHTML, like Gecko) Mobile Safari/537.36 (compatible; PetalBot;+https://webmaster.petalsearch.com/site/petalbot)"
114.119.147.81 - - [21/Jun/2022:07:06:29 +0000] "GET /node/790/img_6137?share=facebook HTTP/1.1" 301 178 "https://mrchoke.org/node/790/img_6137?ak_action=accept_mobile" "Mozilla/5.0 (Linux; Android 7.0;) AppleWebKit/537.36 (KHTML, like Gecko) Mobile Safari/537.36 (compatible; PetalBot;+https://webmaster.petalsearch.com/site/petalbot)"
114.119.147.81 - - [21/Jun/2022:07:06:30 +0000] "GET /node/790/img_6137/?share=facebook HTTP/1.1" 200 7900 "https://mrchoke.org/node/790/img_6137?ak_action=accept_mobile" "Mozilla/5.0 (Linux; Android 7.0;) AppleWebKit/537.36 (KHTML, like Gecko) Mobile Safari/537.36 (compatible; PetalBot;+https://webmaster.petalsearch.com/site/petalbot)"
185.191.171.21 - - [21/Jun/2022:07:06:30 +0000] "GET /node/790/img_6137 HTTP/1.1" 301 178 "-" "Mozilla/5.0 (compatible; SemrushBot/7~bl; +http://www.semrush.com/bot.html)"
185.191.171.19 - - [21/Jun/2022:07:06:32 +0000] "GET /node/790/img_6137/ HTTP/1.1" 200 7900 "-" "Mozilla/5.0 (compatible; SemrushBot/7~bl; +http://www.semrush.com/bot.html)"
216.244.66.229 - - [21/Jun/2022:07:06:41 +0000] "GET /node/1548?share=google-plus-1 HTTP/1.1" 404 162 "-" "Mozilla/5.0 (compatible; DotBot/1.2; +https://opensiteexplorer.org/dotbot; help@moz.com)"
216.244.66.229 - - [21/Jun/2022:07:07:43 +0000] "GET /img_6710/ HTTP/1.1" 404 162 "-" "Mozilla/5.0 (compatible; DotBot/1.2; +https://opensiteexplorer.org/dotbot; help@moz.com)"
114.119.147.74 - - [21/Jun/2022:07:07:54 +0000] "GET /node/date/2016/05 HTTP/1.1" 301 178 "https://static.mrchoke.org/node/10" "Mozilla/5.0 (Linux; Android 7.0;) AppleWebKit/537.36 (KHTML, like Gecko) Mobile Safari/537.36 (compatible; PetalBot;+https://webmaster.petalsearch.com/site/petalbot)"
114.119.147.74 - - [21/Jun/2022:07:07:55 +0000] "GET /node/date/2016/05/ HTTP/1.1" 200 10356 "https://static.mrchoke.org/node/10" "Mozilla/5.0 (Linux; Android 7.0;) AppleWebKit/537.36 (KHTML, like Gecko) Mobile Safari/537.36 (compatible; PetalBot;+https://webmaster.petalsearch.com/site/petalbot)"
51.222.253.17 - - [21/Jun/2022:07:08:25 +0000] "GET /robots.txt HTTP/2.0" 301 178 "-" "Mozilla/5.0 (compatible; AhrefsBot/7.0; +http://ahrefs.com/robot/)"
51.222.253.17 - - [21/Jun/2022:07:08:26 +0000] "GET /robots.txt HTTP/2.0" 404 123 "-" "Mozilla/5.0 (compatible; AhrefsBot/7.0; +http://ahrefs.com/robot/)"
114.119.147.73 - - [21/Jun/2022:07:09:25 +0000] "GET /wp-content/uploads/2014/01/IMG_6724-150x150.jpg?is-pending-load=1 HTTP/1.1" 302 154 "https://mrchoke.org/node/1198?ak_action=reject_mobile" "Mozilla/5.0 (Linux; Android 7.0;) AppleWebKit/537.36 (KHTML, like Gecko) Mobile Safari/537.36 (compatible; PetalBot;+https://webmaster.petalsearch.com/site/petalbot)"
114.119.147.73 - - [21/Jun/2022:07:09:27 +0000] "GET /wp-content/uploads/2014/01/IMG_6724-150x150.jpg?is-pending-load=1 HTTP/1.1" 200 27614 "https://mrchoke.org/node/1198?ak_action=reject_mobile" "Mozilla/5.0 (Linux; Android 7.0;) AppleWebKit/537.36 (KHTML, like Gecko) Mobile Safari/537.36 (compatible; PetalBot;+https://webmaster.petalsearch.com/site/petalbot)"
114.119.147.97 - - [21/Jun/2022:07:11:43 +0000] "GET /node/30?share=linkedin HTTP/1.1" 302 154 "https://mrchoke.org/node/30?ak_action=accept_mobile" "Mozilla/5.0 (Linux; Android 7.0;) AppleWebKit/537.36 (KHTML, like Gecko) Mobile Safari/537.36 (compatible; PetalBot;+https://webmaster.petalsearch.com/site/petalbot)"
114.119.147.97 - - [21/Jun/2022:07:11:46 +0000] "GET /node/30?share=linkedin HTTP/1.1" 301 178 "https://mrchoke.org/node/30?ak_action=accept_mobile" "Mozilla/5.0 (Linux; Android 7.0;) AppleWebKit/537.36 (KHTML, like Gecko) Mobile Safari/537.36 (compatible; PetalBot;+https://webmaster.petalsearch.com/site/petalbot)"
114.119.147.97 - - [21/Jun/2022:07:11:49 +0000] "GET /node/30/?share=linkedin HTTP/1.1" 200 10386 "https://mrchoke.org/node/30?ak_action=accept_mobile" "Mozilla/5.0 (Linux; Android 7.0;) AppleWebKit/537.36 (KHTML, like Gecko) Mobile Safari/537.36 (compatible; PetalBot;+https://webmaster.petalsearch.com/site/petalbot)"
185.196.220.81 - - [21/Jun/2022:07:12:05 +0000] "POST /boaform/admin/formLogin HTTP/1.1" 404 134 "http://188.166.238.131:80/admin/login.asp" "Mozilla/5.0 (Windows NT 10.0; Win64; x64) Gecko/20100101 Firefox/71.0"
185.196.220.81 - - [21/Jun/2022:07:12:05 +0000] "" 400 0 "-" "-"
114.119.147.97 - - [21/Jun/2022:07:13:24 +0000] "GET /node/454?share=facebook HTTP/1.1" 302 154 "https://mrchoke.org/node/454?ak_action=reject_mobile" "Mozilla/5.0 (Linux; Android 7.0;) AppleWebKit/537.36 (KHTML, like Gecko) Mobile Safari/537.36 (compatible; PetalBot;+https://webmaster.petalsearch.com/site/petalbot)"
114.119.147.97 - - [21/Jun/2022:07:13:25 +0000] "GET /node/454?share=facebook HTTP/1.1" 301 178 "https://mrchoke.org/node/454?ak_action=reject_mobile" "Mozilla/5.0 (Linux; Android 7.0;) AppleWebKit/537.36 (KHTML, like Gecko) Mobile Safari/537.36 (compatible; PetalBot;+https://webmaster.petalsearch.com/site/petalbot)"
114.119.147.97 - - [21/Jun/2022:07:13:26 +0000] "GET /node/454/?share=facebook HTTP/1.1" 200 8091 "https://mrchoke.org/node/454?ak_action=reject_mobile" "Mozilla/5.0 (Linux; Android 7.0;) AppleWebKit/537.36 (KHTML, like Gecko) Mobile Safari/537.36 (compatible; PetalBot;+https://webmaster.petalsearch.com/site/petalbot)"
207.46.13.117 - - [21/Jun/2022:07:13:47 +0000] "GET /wp-includes/css/dist/block-library/style.min.css?ver=5.7.1 HTTP/2.0" 200 58171 "-" "Mozilla/5.0 (compatible; bingbot/2.0; +http://www.bing.com/bingbot.htm)"
207.46.13.174 - - [21/Jun/2022:07:13:48 +0000] "GET /wp-includes/js/comment-reply.min.js?ver=5.7.1 HTTP/2.0" 200 2984 "-" "Mozilla/5.0 (compatible; bingbot/2.0; +http://www.bing.com/bingbot.htm)"
207.46.13.174 - - [21/Jun/2022:07:13:50 +0000] "GET /wp-includes/js/wp-emoji-release.min.js?ver=5.7.1 HTTP/2.0" 200 14229 "-" "Mozilla/5.0 (compatible; bingbot/2.0; +http://www.bing.com/bingbot.htm)"
40.77.167.46 - - [21/Jun/2022:07:13:53 +0000] "GET /wp-content/themes/manifest/style.css HTTP/2.0" 200 21725 "-" "Mozilla/5.0 (compatible; bingbot/2.0; +http://www.bing.com/bingbot.htm)"
114.119.147.86 - - [21/Jun/2022:07:14:54 +0000] "GET /node/1120/img_6624 HTTP/1.1" 301 178 "https://mrchoke.org/node/1120?ak_action=reject_mobile" "Mozilla/5.0 (Linux; Android 7.0;) AppleWebKit/537.36 (KHTML, like Gecko) Mobile Safari/537.36 (compatible; PetalBot;+https://webmaster.petalsearch.com/site/petalbot)"
114.119.147.86 - - [21/Jun/2022:07:14:57 +0000] "GET /node/1120/img_6624/ HTTP/1.1" 200 7892 "https://mrchoke.org/node/1120?ak_action=reject_mobile" "Mozilla/5.0 (Linux; Android 7.0;) AppleWebKit/537.36 (KHTML, like Gecko) Mobile Safari/537.36 (compatible; PetalBot;+https://webmaster.petalsearch.com/site/petalbot)"
216.244.66.229 - - [21/Jun/2022:07:16:05 +0000] "GET /node/1583/?share=google-plus-1 HTTP/1.1" 404 162 "-" "Mozilla/5.0 (compatible; DotBot/1.2; +https://opensiteexplorer.org/dotbot; help@moz.com)"
216.244.66.229 - - [21/Jun/2022:07:16:07 +0000] "GET /node/254/?share=google-plus-1 HTTP/1.1" 404 162 "-" "Mozilla/5.0 (compatible; DotBot/1.2; +https://opensiteexplorer.org/dotbot; help@moz.com)"
114.119.147.81 - - [21/Jun/2022:07:16:26 +0000] "GET /node/55?share=linkedin HTTP/1.1" 302 154 "https://mrchoke.org/node/55?ak_action=accept_mobile" "Mozilla/5.0 (Linux; Android 7.0;) AppleWebKit/537.36 (KHTML, like Gecko) Mobile Safari/537.36 (compatible; PetalBot;+https://webmaster.petalsearch.com/site/petalbot)"
114.119.147.81 - - [21/Jun/2022:07:16:35 +0000] "GET /node/55?share=linkedin HTTP/1.1" 301 178 "https://mrchoke.org/node/55?ak_action=accept_mobile" "Mozilla/5.0 (Linux; Android 7.0;) AppleWebKit/537.36 (KHTML, like Gecko) Mobile Safari/537.36 (compatible; PetalBot;+https://webmaster.petalsearch.com/site/petalbot)"
114.119.147.81 - - [21/Jun/2022:07:16:39 +0000] "GET /node/55/?share=linkedin HTTP/1.1" 200 8346 "https://mrchoke.org/node/55?ak_action=accept_mobile" "Mozilla/5.0 (Linux; Android 7.0;) AppleWebKit/537.36 (KHTML, like Gecko) Mobile Safari/537.36 (compatible; PetalBot;+https://webmaster.petalsearch.com/site/petalbot)"
128.1.248.42 - - [21/Jun/2022:07:18:31 +0000] "GET / HTTP/1.1" 200 396 "-" "Mozilla/5.0 (Windows NT 10.0; Win64; x64) AppleWebKit/537.36 (KHTML, like Gecko) Chrome/60.0.3112.113 Safari/537.36"
114.119.147.74 - - [21/Jun/2022:07:18:35 +0000] "GET /node/616?share=twitter HTTP/1.1" 302 154 "https://mrchoke.org/node/616?ak_action=reject_mobile" "Mozilla/5.0 (Linux; Android 7.0;) AppleWebKit/537.36 (KHTML, like Gecko) Mobile Safari/537.36 (compatible; PetalBot;+https://webmaster.petalsearch.com/site/petalbot)"
114.119.147.74 - - [21/Jun/2022:07:18:36 +0000] "GET /node/616?share=twitter HTTP/1.1" 301 178 "https://mrchoke.org/node/616?ak_action=reject_mobile" "Mozilla/5.0 (Linux; Android 7.0;) AppleWebKit/537.36 (KHTML, like Gecko) Mobile Safari/537.36 (compatible; PetalBot;+https://webmaster.petalsearch.com/site/petalbot)"
114.119.147.74 - - [21/Jun/2022:07:18:37 +0000] "GET /node/616/?share=twitter HTTP/1.1" 200 8000 "https://mrchoke.org/node/616?ak_action=reject_mobile" "Mozilla/5.0 (Linux; Android 7.0;) AppleWebKit/537.36 (KHTML, like Gecko) Mobile Safari/537.36 (compatible; PetalBot;+https://webmaster.petalsearch.com/site/petalbot)"
114.119.147.97 - - [21/Jun/2022:07:20:11 +0000] "GET /node/1815 HTTP/1.1" 301 178 "https://mrchoke.org/node/1815/ch7_4338?ak_action=accept_mobile" "Mozilla/5.0 (Linux; Android 7.0;) AppleWebKit/537.36 (KHTML, like Gecko) Mobile Safari/537.36 (compatible; PetalBot;+https://webmaster.petalsearch.com/site/petalbot)"
114.119.147.97 - - [21/Jun/2022:07:20:15 +0000] "GET /node/1815/ HTTP/1.1" 200 8969 "https://mrchoke.org/node/1815/ch7_4338?ak_action=accept_mobile" "Mozilla/5.0 (Linux; Android 7.0;) AppleWebKit/537.36 (KHTML, like Gecko) Mobile Safari/537.36 (compatible; PetalBot;+https://webmaster.petalsearch.com/site/petalbot)"
114.119.147.75 - - [21/Jun/2022:07:21:41 +0000] "GET /node/1428/img_7289 HTTP/1.1" 404 134 "https://mrchoke.org/node/date/2014/01/29" "Mozilla/5.0 (Linux; Android 7.0;) AppleWebKit/537.36 (KHTML, like Gecko) Mobile Safari/537.36 (compatible; PetalBot;+https://webmaster.petalsearch.com/site/petalbot)"
114.119.147.86 - - [21/Jun/2022:07:23:58 +0000] "GET /node/category/compiz/page/2?ak_action=reject_mobile HTTP/1.1" 302 154 "https://mrchoke.org/node/category/compiz?ak_action=reject_mobile" "Mozilla/5.0 (Linux; Android 7.0;) AppleWebKit/537.36 (KHTML, like Gecko) Mobile Safari/537.36 (compatible; PetalBot;+https://webmaster.petalsearch.com/site/petalbot)"
114.119.147.86 - - [21/Jun/2022:07:23:58 +0000] "GET /node/category/compiz/page/2?ak_action=reject_mobile HTTP/1.1" 301 178 "https://mrchoke.org/node/category/compiz?ak_action=reject_mobile" "Mozilla/5.0 (Linux; Android 7.0;) AppleWebKit/537.36 (KHTML, like Gecko) Mobile Safari/537.36 (compatible; PetalBot;+https://webmaster.petalsearch.com/site/petalbot)"
114.119.147.86 - - [21/Jun/2022:07:23:59 +0000] "GET /node/category/compiz/page/2/?ak_action=reject_mobile HTTP/1.1" 200 9766 "https://mrchoke.org/node/category/compiz?ak_action=reject_mobile" "Mozilla/5.0 (Linux; Android 7.0;) AppleWebKit/537.36 (KHTML, like Gecko) Mobile Safari/537.36 (compatible; PetalBot;+https://webmaster.petalsearch.com/site/petalbot)"
173.249.30.147 - - [21/Jun/2022:07:24:56 +0000] "GET /robots.txt HTTP/1.1" 404 162 "-" "Mozilla/5.0 (compatible; MJ12bot/v1.4.8; http://mj12bot.com/)"
173.249.30.147 - - [21/Jun/2022:07:25:08 +0000] "GET /node/category/music/%E0%B9%80%E0%B8%9E%E0%B8%A5%E0%B8%87%E0%B9%83%E0%B8%95%E0%B9%89/page/15 HTTP/1.1" 302 154 "-" "Mozilla/5.0 (compatible; MJ12bot/v1.4.8; http://mj12bot.com/)"
173.249.30.147 - - [21/Jun/2022:07:25:20 +0000] "GET /robots.txt HTTP/1.1" 404 162 "-" "Mozilla/5.0 (compatible; MJ12bot/v1.4.8; http://mj12bot.com/)"
173.249.30.147 - - [21/Jun/2022:07:25:29 +0000] "GET /node/category/music/%E0%B9%80%E0%B8%9E%E0%B8%A5%E0%B8%87%E0%B9%83%E0%B8%95%E0%B9%89/page/15 HTTP/1.1" 404 134 "-" "Mozilla/5.0 (compatible; MJ12bot/v1.4.8; http://mj12bot.com/)"
173.249.30.147 - - [21/Jun/2022:07:25:37 +0000] "GET /node/category/music/%E0%B9%80%E0%B8%9E%E0%B8%A5%E0%B8%87%E0%B9%83%E0%B8%95%E0%B9%89/page/7 HTTP/1.1" 302 154 "-" "Mozilla/5.0 (compatible; MJ12bot/v1.4.8; http://mj12bot.com/)"
173.249.30.147 - - [21/Jun/2022:07:25:45 +0000] "GET /node/category/music/%E0%B9%80%E0%B8%9E%E0%B8%A5%E0%B8%87%E0%B9%83%E0%B8%95%E0%B9%89/page/7 HTTP/1.1" 404 134 "-" "Mozilla/5.0 (compatible; MJ12bot/v1.4.8; http://mj12bot.com/)"
173.249.30.147 - - [21/Jun/2022:07:25:57 +0000] "GET /node/category/music/%E0%B9%80%E0%B8%9E%E0%B8%A5%E0%B8%87%E0%B9%83%E0%B8%95%E0%B9%89/page/8 HTTP/1.1" 302 154 "-" "Mozilla/5.0 (compatible; MJ12bot/v1.4.8; http://mj12bot.com/)"
173.249.30.147 - - [21/Jun/2022:07:26:08 +0000] "GET /node/category/music/%E0%B9%80%E0%B8%9E%E0%B8%A5%E0%B8%87%E0%B9%83%E0%B8%95%E0%B9%89/page/8 HTTP/1.1" 404 134 "-" "Mozilla/5.0 (compatible; MJ12bot/v1.4.8; http://mj12bot.com/)"
173.249.30.147 - - [21/Jun/2022:07:26:22 +0000] "GET /node/category/music/%E0%B9%80%E0%B8%9E%E0%B8%A5%E0%B8%87%E0%B9%83%E0%B8%95%E0%B9%89/page/9 HTTP/1.1" 302 154 "-" "Mozilla/5.0 (compatible; MJ12bot/v1.4.8; http://mj12bot.com/)"
173.249.30.147 - - [21/Jun/2022:07:26:28 +0000] "GET /node/category/music/%E0%B9%80%E0%B8%9E%E0%B8%A5%E0%B8%87%E0%B9%83%E0%B8%95%E0%B9%89/page/9 HTTP/1.1" 404 134 "-" "Mozilla/5.0 (compatible; MJ12bot/v1.4.8; http://mj12bot.com/)"
173.249.30.147 - - [21/Jun/2022:07:26:41 +0000] "GET /node/601/%E0%B8%97%E0%B8%B5%E0%B9%88%E0%B8%A1%E0%B8%B2:%20http:/www.pcworld.com/article/252326/new_ipad_slow_to_recharge_barely_charges_during_use.html HTTP/1.1" 404 134 "-" "Mozilla/5.0 (compatible; MJ12bot/v1.4.8; http://mj12bot.com/)"
173.249.30.147 - - [21/Jun/2022:07:26:51 +0000] "GET /node/category/apple/%E0%B8%97%E0%B8%B5%E0%B9%88%E0%B8%A1%E0%B8%B2:%20http:/www.pcworld.com/article/252326/new_ipad_slow_to_recharge_barely_charges_during_use.html HTTP/1.1" 404 134 "-" "Mozilla/5.0 (compatible; MJ12bot/v1.4.8; http://mj12bot.com/)"
51.222.253.6 - - [21/Jun/2022:07:26:53 +0000] "GET / HTTP/1.1" 200 396 "-" "Mozilla/5.0 (compatible; AhrefsBot/7.0; +http://ahrefs.com/robot/)"
173.249.30.147 - - [21/Jun/2022:07:26:58 +0000] "GET /node/category/blog/page/14/%E0%B8%97%E0%B8%B5%E0%B9%88%E0%B8%A1%E0%B8%B2:%20http:/www.pcworld.com/article/252326/new_ipad_slow_to_recharge_barely_charges_during_use.html HTTP/1.1" 404 134 "-" "Mozilla/5.0 (compatible; MJ12bot/v1.4.8; http://mj12bot.com/)"
173.249.30.147 - - [21/Jun/2022:07:27:10 +0000] "GET /node/category/ios/%E0%B8%97%E0%B8%B5%E0%B9%88%E0%B8%A1%E0%B8%B2:%20http:/www.pcworld.com/article/252326/new_ipad_slow_to_recharge_barely_charges_during_use.html HTTP/1.1" 404 134 "-" "Mozilla/5.0 (compatible; MJ12bot/v1.4.8; http://mj12bot.com/)"
173.249.30.147 - - [21/Jun/2022:07:27:18 +0000] "GET /node/category/ipad/%E0%B8%97%E0%B8%B5%E0%B9%88%E0%B8%A1%E0%B8%B2:%20http:/www.pcworld.com/article/252326/new_ipad_slow_to_recharge_barely_charges_during_use.html HTTP/1.1" 404 134 "-" "Mozilla/5.0 (compatible; MJ12bot/v1.4.8; http://mj12bot.com/)"
114.119.147.97 - - [21/Jun/2022:07:27:18 +0000] "GET /img_7785 HTTP/1.1" 301 178 "https://mrchoke.org/node/1754?share=twitter" "Mozilla/5.0 (Linux; Android 7.0;) AppleWebKit/537.36 (KHTML, like Gecko) Mobile Safari/537.36 (compatible; PetalBot;+https://webmaster.petalsearch.com/site/petalbot)"
114.119.147.97 - - [21/Jun/2022:07:27:23 +0000] "GET /img_7785/ HTTP/1.1" 200 7927 "https://mrchoke.org/node/1754?share=twitter" "Mozilla/5.0 (Linux; Android 7.0;) AppleWebKit/537.36 (KHTML, like Gecko) Mobile Safari/537.36 (compatible; PetalBot;+https://webmaster.petalsearch.com/site/petalbot)"
173.249.30.147 - - [21/Jun/2022:07:27:31 +0000] "GET /node/date/2012/05/04/%E0%B8%97%E0%B8%B5%E0%B9%88%E0%B8%A1%E0%B8%B2:%20http:/www.pcworld.com/article/252326/new_ipad_slow_to_recharge_barely_charges_during_use.html HTTP/1.1" 404 134 "-" "Mozilla/5.0 (compatible; MJ12bot/v1.4.8; http://mj12bot.com/)"
173.249.30.147 - - [21/Jun/2022:07:27:36 +0000] "GET /node/tag/%E0%B8%81%E0%B8%A3%E0%B8%B0%E0%B9%80%E0%B8%9B%E0%B9%8B%E0%B8%B2%E0%B9%80%E0%B8%87%E0%B8%B4%E0%B8%99%E0%B8%AB%E0%B8%B2%E0%B8%A2 HTTP/1.1" 404 134 "-" "Mozilla/5.0 (compatible; MJ12bot/v1.4.8; http://mj12bot.com/)"
173.249.30.147 - - [21/Jun/2022:07:27:55 +0000] "GET /node/tag/%E0%B8%82%E0%B8%B2%E0%B8%A2 HTTP/1.1" 404 134 "-" "Mozilla/5.0 (compatible; MJ12bot/v1.4.8; http://mj12bot.com/)"
173.249.30.147 - - [21/Jun/2022:07:28:08 +0000] "GET /node/tag/%E0%B8%84%E0%B8%A5%E0%B8%AD%E0%B8%87%E0%B8%AA%E0%B8%B2%E0%B8%A1 HTTP/1.1" 404 134 "-" "Mozilla/5.0 (compatible; MJ12bot/v1.4.8; http://mj12bot.com/)"
173.249.30.147 - - [21/Jun/2022:07:28:19 +0000] "GET /node/tag/%E0%B8%84%E0%B8%AD%E0%B8%99%E0%B9%82%E0%B8%94 HTTP/1.1" 404 134 "-" "Mozilla/5.0 (compatible; MJ12bot/v1.4.8; http://mj12bot.com/)"
173.249.30.147 - - [21/Jun/2022:07:28:31 +0000] "GET /node/tag/%E0%B8%84%E0%B8%AD%E0%B9%80%E0%B8%84%E0%B8%A5%E0%B9%87%E0%B8%94 HTTP/1.1" 404 134 "-" "Mozilla/5.0 (compatible; MJ12bot/v1.4.8; http://mj12bot.com/)"
173.249.30.147 - - [21/Jun/2022:07:28:36 +0000] "GET /node/tag/%E0%B8%85%E0%B8%99%E0%B8%84%E0%B8%A7%E0%B8%99 HTTP/1.1" 404 134 "-" "Mozilla/5.0 (compatible; MJ12bot/v1.4.8; http://mj12bot.com/)"
173.249.30.147 - - [21/Jun/2022:07:28:49 +0000] "GET /node/tag/%E0%B8%87%E0%B8%B2%E0%B8%99%E0%B8%A8%E0%B8%9E HTTP/1.1" 404 134 "-" "Mozilla/5.0 (compatible; MJ12bot/v1.4.8; http://mj12bot.com/)"
173.249.30.147 - - [21/Jun/2022:07:28:59 +0000] "GET /node/tag/%E0%B8%94%E0%B8%AD%E0%B8%81%E0%B8%9B%E0%B8%B5%E0%B8%9B HTTP/1.1" 404 134 "-" "Mozilla/5.0 (compatible; MJ12bot/v1.4.8; http://mj12bot.com/)"
173.249.30.147 - - [21/Jun/2022:07:29:07 +0000] "GET /node/tag/%E0%B8%97%E0%B8%B3%E0%B8%9A%E0%B8%B1%E0%B8%95%E0%B8%A3%E0%B8%9B%E0%B8%A3%E0%B8%B0%E0%B8%8A%E0%B8%B2%E0%B8%8A%E0%B8%99 HTTP/1.1" 404 134 "-" "Mozilla/5.0 (compatible; MJ12bot/v1.4.8; http://mj12bot.com/)"
114.119.147.74 - - [21/Jun/2022:07:29:16 +0000] "GET /node/date/2012/04/20 HTTP/1.1" 301 178 "https://mrchoke.org/node/567?ak_action=accept_mobile" "Mozilla/5.0 (Linux; Android 7.0;) AppleWebKit/537.36 (KHTML, like Gecko) Mobile Safari/537.36 (compatible; PetalBot;+https://webmaster.petalsearch.com/site/petalbot)"
173.249.30.147 - - [21/Jun/2022:07:29:21 +0000] "GET /node/tag/%E0%B8%97%E0%B9%89%E0%B8%AD%E0%B8%87%E0%B8%9F%E0%B9%89%E0%B8%B2 HTTP/1.1" 404 134 "-" "Mozilla/5.0 (compatible; MJ12bot/v1.4.8; http://mj12bot.com/)"
114.119.147.74 - - [21/Jun/2022:07:29:23 +0000] "GET /node/date/2012/04/20/ HTTP/1.1" 200 9459 "https://mrchoke.org/node/567?ak_action=accept_mobile" "Mozilla/5.0 (Linux; Android 7.0;) AppleWebKit/537.36 (KHTML, like Gecko) Mobile Safari/537.36 (compatible; PetalBot;+https://webmaster.petalsearch.com/site/petalbot)"
173.249.30.147 - - [21/Jun/2022:07:29:30 +0000] "GET /node/tag/%E0%B8%99%E0%B9%89%E0%B8%B3%E0%B8%AB%E0%B8%99%E0%B8%B1%E0%B8%81 HTTP/1.1" 404 134 "-" "Mozilla/5.0 (compatible; MJ12bot/v1.4.8; http://mj12bot.com/)"
173.249.30.147 - - [21/Jun/2022:07:29:41 +0000] "GET /node/tag/%E0%B8%9A%E0%B8%A3%E0%B8%A3%E0%B8%A2%E0%B8%B2%E0%B8%A2 HTTP/1.1" 404 134 "-" "Mozilla/5.0 (compatible; MJ12bot/v1.4.8; http://mj12bot.com/)"
173.249.30.147 - - [21/Jun/2022:07:29:51 +0000] "GET /node/tag/%E0%B8%9A%E0%B8%A3%E0%B8%B4%E0%B8%88%E0%B8%B2%E0%B8%84%E0%B9%80%E0%B8%A5%E0%B8%B7%E0%B8%AD%E0%B8%94 HTTP/1.1" 404 134 "-" "Mozilla/5.0 (compatible; MJ12bot/v1.4.8; http://mj12bot.com/)"
173.249.30.147 - - [21/Jun/2022:07:29:58 +0000] "GET /node/tag/%E0%B8%9A%E0%B8%B1%E0%B8%95%E0%B8%A3%E0%B8%AB%E0%B8%B2%E0%B8%A2 HTTP/1.1" 404 134 "-" "Mozilla/5.0 (compatible; MJ12bot/v1.4.8; http://mj12bot.com/)"
173.249.30.147 - - [21/Jun/2022:07:30:08 +0000] "GET /node/tag/%E0%B8%9B%E0%B8%A5%E0%B8%B2%E0%B9%80%E0%B8%9C%E0%B8%B2 HTTP/1.1" 404 134 "-" "Mozilla/5.0 (compatible; MJ12bot/v1.4.8; http://mj12bot.com/)"
173.249.30.147 - - [21/Jun/2022:07:30:17 +0000] "GET /node/tag/%E0%B8%9B%E0%B8%B1%E0%B9%88%E0%B8%99%E0%B9%80%E0%B8%9E%E0%B8%B7%E0%B9%88%E0%B8%AD%E0%B8%99%E0%B9%89%E0%B8%AD%E0%B8%87 HTTP/1.1" 404 134 "-" "Mozilla/5.0 (compatible; MJ12bot/v1.4.8; http://mj12bot.com/)"
173.249.30.147 - - [21/Jun/2022:07:30:30 +0000] "GET /node/tag/%E0%B8%9B%E0%B9%88%E0%B8%A7%E0%B8%A2 HTTP/1.1" 404 134 "-" "Mozilla/5.0 (compatible; MJ12bot/v1.4.8; http://mj12bot.com/)"
173.249.30.147 - - [21/Jun/2022:07:30:43 +0000] "GET /node/tag/%E0%B8%9E%E0%B8%A3%E0%B8%B0%E0%B8%A3%E0%B8%B2%E0%B8%8A%E0%B8%A7%E0%B8%B1%E0%B8%87%E0%B8%9A%E0%B8%B2%E0%B8%87%E0%B8%9B%E0%B8%B0%E0%B8%AD%E0%B8%B4%E0%B8%99 HTTP/1.1" 404 134 "-" "Mozilla/5.0 (compatible; MJ12bot/v1.4.8; http://mj12bot.com/)"
173.249.30.147 - - [21/Jun/2022:07:30:54 +0000] "GET /node/tag/%E0%B8%9F%E0%B9%89%E0%B8%B2%E0%B9%82%E0%B8%94%E0%B8%A1 HTTP/1.1" 404 134 "-" "Mozilla/5.0 (compatible; MJ12bot/v1.4.8; http://mj12bot.com/)"
114.119.147.74 - - [21/Jun/2022:07:31:00 +0000] "GET /node/1101?share=linkedin HTTP/1.1" 302 154 "https://mrchoke.org/node/1101?ak_action=accept_mobile" "Mozilla/5.0 (Linux; Android 7.0;) AppleWebKit/537.36 (KHTML, like Gecko) Mobile Safari/537.36 (compatible; PetalBot;+https://webmaster.petalsearch.com/site/petalbot)"
114.119.147.74 - - [21/Jun/2022:07:31:00 +0000] "GET /node/1101?share=linkedin HTTP/1.1" 301 178 "https://mrchoke.org/node/1101?ak_action=accept_mobile" "Mozilla/5.0 (Linux; Android 7.0;) AppleWebKit/537.36 (KHTML, like Gecko) Mobile Safari/537.36 (compatible; PetalBot;+https://webmaster.petalsearch.com/site/petalbot)"
114.119.147.74 - - [21/Jun/2022:07:31:00 +0000] "GET /node/1101/?share=linkedin HTTP/1.1" 200 10676 "https://mrchoke.org/node/1101?ak_action=accept_mobile" "Mozilla/5.0 (Linux; Android 7.0;) AppleWebKit/537.36 (KHTML, like Gecko) Mobile Safari/537.36 (compatible; PetalBot;+https://webmaster.petalsearch.com/site/petalbot)"
173.249.30.147 - - [21/Jun/2022:07:31:00 +0000] "GET /node/tag/%E0%B8%A0%E0%B8%B2%E0%B8%A9%E0%B8%B5 HTTP/1.1" 404 134 "-" "Mozilla/5.0 (compatible; MJ12bot/v1.4.8; http://mj12bot.com/)"
173.249.30.147 - - [21/Jun/2022:07:31:09 +0000] "GET /node/tag/%E0%B8%A0%E0%B8%B9%E0%B8%97%E0%B8%B1%E0%B8%9A%E0%B9%80%E0%B8%9A%E0%B8%B4%E0%B8%81 HTTP/1.1" 404 134 "-" "Mozilla/5.0 (compatible; MJ12bot/v1.4.8; http://mj12bot.com/)"
173.249.30.147 - - [21/Jun/2022:07:31:27 +0000] "GET /node/tag/%E0%B8%A1%E0%B8%98 HTTP/1.1" 404 134 "-" "Mozilla/5.0 (compatible; MJ12bot/v1.4.8; http://mj12bot.com/)"
173.249.30.147 - - [21/Jun/2022:07:31:38 +0000] "GET /node/tag/%E0%B8%A1%E0%B8%B2%E0%B8%86%E0%B8%9A%E0%B8%B9%E0%B8%8A%E0%B8%B2 HTTP/1.1" 404 134 "-" "Mozilla/5.0 (compatible; MJ12bot/v1.4.8; http://mj12bot.com/)"
173.249.30.147 - - [21/Jun/2022:07:31:51 +0000] "GET /node/tag/%E0%B8%A1%E0%B8%B4%E0%B8%A2%E0%B8%B2%E0%B8%9A%E0%B8%B4 HTTP/1.1" 404 134 "-" "Mozilla/5.0 (compatible; MJ12bot/v1.4.8; http://mj12bot.com/)"
173.249.30.147 - - [21/Jun/2022:07:31:59 +0000] "GET /node/tag/%E0%B8%A1-%E0%B8%AD HTTP/1.1" 404 134 "-" "Mozilla/5.0 (compatible; MJ12bot/v1.4.8; http://mj12bot.com/)"
173.249.30.147 - - [21/Jun/2022:07:32:07 +0000] "GET /node/tag/%E0%B8%A3%E0%B8%96%E0%B9%84%E0%B8%9F HTTP/1.1" 404 134 "-" "Mozilla/5.0 (compatible; MJ12bot/v1.4.8; http://mj12bot.com/)"
173.249.30.147 - - [21/Jun/2022:07:32:22 +0000] "GET /node/tag/%E0%B8%A3%E0%B8%AD%E0%B8%87%E0%B9%80%E0%B8%97%E0%B9%89%E0%B8%B2 HTTP/1.1" 404 134 "-" "Mozilla/5.0 (compatible; MJ12bot/v1.4.8; http://mj12bot.com/)"
173.249.30.147 - - [21/Jun/2022:07:32:37 +0000] "GET /node/tag/%E0%B8%A7%E0%B8%B1%E0%B8%94%E0%B9%82%E0%B8%9A%E0%B8%AA%E0%B8%96%E0%B9%8C HTTP/1.1" 404 134 "-" "Mozilla/5.0 (compatible; MJ12bot/v1.4.8; http://mj12bot.com/)"
114.119.147.81 - - [21/Jun/2022:07:32:38 +0000] "GET /node/1120?share=facebook HTTP/1.1" 302 154 "https://mrchoke.org/node/1120?replytocom=695" "Mozilla/5.0 (Linux; Android 7.0;) AppleWebKit/537.36 (KHTML, like Gecko) Mobile Safari/537.36 (compatible; PetalBot;+https://webmaster.petalsearch.com/site/petalbot)"
114.119.147.81 - - [21/Jun/2022:07:32:42 +0000] "GET /node/1120?share=facebook HTTP/1.1" 301 178 "https://mrchoke.org/node/1120?replytocom=695" "Mozilla/5.0 (Linux; Android 7.0;) AppleWebKit/537.36 (KHTML, like Gecko) Mobile Safari/537.36 (compatible; PetalBot;+https://webmaster.petalsearch.com/site/petalbot)"
114.119.147.81 - - [21/Jun/2022:07:32:45 +0000] "GET /node/1120/?share=facebook HTTP/1.1" 200 11471 "https://mrchoke.org/node/1120?replytocom=695" "Mozilla/5.0 (Linux; Android 7.0;) AppleWebKit/537.36 (KHTML, like Gecko) Mobile Safari/537.36 (compatible; PetalBot;+https://webmaster.petalsearch.com/site/petalbot)"
173.249.30.147 - - [21/Jun/2022:07:32:51 +0000] "GET /node/tag/%E0%B8%A7%E0%B8%B1%E0%B8%94%E0%B9%84%E0%B8%9C%E0%B9%88%E0%B8%A5%E0%B9%89%E0%B8%AD%E0%B8%A1 HTTP/1.1" 404 134 "-" "Mozilla/5.0 (compatible; MJ12bot/v1.4.8; http://mj12bot.com/)"
173.249.30.147 - - [21/Jun/2022:07:33:08 +0000] "GET /node/tag/%E0%B8%A7%E0%B8%B1%E0%B8%94%E0%B9%84%E0%B8%9C%E0%B9%89%E0%B8%A5%E0%B9%89%E0%B8%AD%E0%B8%A1 HTTP/1.1" 404 134 "-" "Mozilla/5.0 (compatible; MJ12bot/v1.4.8; http://mj12bot.com/)"
173.249.30.147 - - [21/Jun/2022:07:33:19 +0000] "GET /node/tag/%E0%B8%A7%E0%B8%B1%E0%B8%99%E0%B9%80%E0%B8%94%E0%B9%87%E0%B8%81 HTTP/1.1" 404 134 "-" "Mozilla/5.0 (compatible; MJ12bot/v1.4.8; http://mj12bot.com/)"
173.249.30.147 - - [21/Jun/2022:07:33:35 +0000] "GET /node/tag/%E0%B8%A8%E0%B8%A3%E0%B8%B5%E0%B8%95%E0%B8%A3%E0%B8%B1%E0%B8%87 HTTP/1.1" 404 134 "-" "Mozilla/5.0 (compatible; MJ12bot/v1.4.8; http://mj12bot.com/)"
173.249.30.147 - - [21/Jun/2022:07:33:47 +0000] "GET /node/tag/%E0%B8%A8%E0%B8%B9%E0%B8%99%E0%B8%A2%E0%B9%8C%E0%B8%A8%E0%B8%B4%E0%B8%A5%E0%B8%9B%E0%B8%B2%E0%B8%8A%E0%B8%B5%E0%B8%9E%E0%B8%9A%E0%B8%B2%E0%B8%87%E0%B9%84%E0%B8%97%E0%B8%A3 HTTP/1.1" 404 134 "-" "Mozilla/5.0 (compatible; MJ12bot/v1.4.8; http://mj12bot.com/)"
173.249.30.147 - - [21/Jun/2022:07:33:55 +0000] "GET /node/tag/%E0%B8%AA%E0%B8%A7%E0%B8%97%E0%B8%8A HTTP/1.1" 404 134 "-" "Mozilla/5.0 (compatible; MJ12bot/v1.4.8; http://mj12bot.com/)"
61.135.159.132 - - [21/Jun/2022:07:34:03 +0000] "GET / HTTP/1.1" 200 294 "-" "Sogou web spider/4.0(+http://www.sogou.com/docs/help/webmasters.htm#07)"
173.249.30.147 - - [21/Jun/2022:07:34:15 +0000] "GET /node/tag/%E0%B8%AA%E0%B9%88%E0%B8%A7%E0%B8%99%E0%B8%95%E0%B8%B1%E0%B8%A7 HTTP/1.1" 404 134 "-" "Mozilla/5.0 (compatible; MJ12bot/v1.4.8; http://mj12bot.com/)"
114.119.147.81 - - [21/Jun/2022:07:34:29 +0000] "GET /node/790/img_6139?share=twitter HTTP/1.1" 302 154 "https://mrchoke.org/node/790/img_6139?ak_action=accept_mobile" "Mozilla/5.0 (Linux; Android 7.0;) AppleWebKit/537.36 (KHTML, like Gecko) Mobile Safari/537.36 (compatible; PetalBot;+https://webmaster.petalsearch.com/site/petalbot)"
173.249.30.147 - - [21/Jun/2022:07:34:32 +0000] "GET /node/tag/%E0%B8%AB%E0%B8%A1%E0%B8%B2 HTTP/1.1" 404 134 "-" "Mozilla/5.0 (compatible; MJ12bot/v1.4.8; http://mj12bot.com/)"
114.119.147.81 - - [21/Jun/2022:07:34:41 +0000] "GET /node/790/img_6139?share=twitter HTTP/1.1" 301 178 "https://mrchoke.org/node/790/img_6139?ak_action=accept_mobile" "Mozilla/5.0 (Linux; Android 7.0;) AppleWebKit/537.36 (KHTML, like Gecko) Mobile Safari/537.36 (compatible; PetalBot;+https://webmaster.petalsearch.com/site/petalbot)"
173.249.30.147 - - [21/Jun/2022:07:34:47 +0000] "GET /node/tag/%E0%B8%AB%E0%B8%A5%E0%B8%A7%E0%B8%87%E0%B8%9E%E0%B9%88%E0%B8%AD%E0%B9%82%E0%B8%95 HTTP/1.1" 404 134 "-" "Mozilla/5.0 (compatible; MJ12bot/v1.4.8; http://mj12bot.com/)"
173.249.30.147 - - [21/Jun/2022:07:35:05 +0000] "GET /node/tag/%E0%B8%AB%E0%B8%A5%E0%B8%B2%E0%B8%99%E0%B9%81%E0%B8%9D%E0%B8%94 HTTP/1.1" 404 134 "-" "Mozilla/5.0 (compatible; MJ12bot/v1.4.8; http://mj12bot.com/)"
173.249.30.147 - - [21/Jun/2022:07:35:10 +0000] "GET /node/tag/%E0%B8%AB%E0%B8%AD%E0%B8%9E%E0%B8%B1%E0%B8%81 HTTP/1.1" 404 134 "-" "Mozilla/5.0 (compatible; MJ12bot/v1.4.8; http://mj12bot.com/)"
173.249.30.147 - - [21/Jun/2022:07:35:20 +0000] "GET /node/tag/%E0%B8%AB%E0%B8%B1%E0%B8%A7%E0%B8%A5%E0%B8%B3%E0%B9%82%E0%B8%9E%E0%B8%87 HTTP/1.1" 404 134 "-" "Mozilla/5.0 (compatible; MJ12bot/v1.4.8; http://mj12bot.com/)"
173.249.30.147 - - [21/Jun/2022:07:35:32 +0000] "GET /node/tag/%E0%B8%AD%E0%B8%B5%E0%B9%81%E0%B8%94%E0%B8%87 HTTP/1.1" 404 134 "-" "Mozilla/5.0 (compatible; MJ12bot/v1.4.8; http://mj12bot.com/)"
185.191.171.1 - - [21/Jun/2022:07:35:34 +0000] "GET /robots.txt HTTP/1.1" 404 134 "-" "Mozilla/5.0 (compatible; SemrushBot/7~bl; +http://www.semrush.com/bot.html)"
185.191.171.34 - - [21/Jun/2022:07:35:36 +0000] "GET /node/tag/hack HTTP/1.1" 302 154 "-" "Mozilla/5.0 (compatible; SemrushBot/7~bl; +http://www.semrush.com/bot.html)"
185.191.171.2 - - [21/Jun/2022:07:35:37 +0000] "GET /robots.txt HTTP/1.1" 404 134 "-" "Mozilla/5.0 (compatible; SemrushBot/7~bl; +http://www.semrush.com/bot.html)"
173.249.30.147 - - [21/Jun/2022:07:35:38 +0000] "GET /node/tag/%E0%B9%80%E0%B8%82%E0%B8%B2%E0%B8%84%E0%B9%89%E0%B8%AD HTTP/1.1" 404 134 "-" "Mozilla/5.0 (compatible; MJ12bot/v1.4.8; http://mj12bot.com/)"
185.191.171.22 - - [21/Jun/2022:07:35:38 +0000] "GET /node/tag/hack HTTP/1.1" 301 178 "-" "Mozilla/5.0 (compatible; SemrushBot/7~bl; +http://www.semrush.com/bot.html)"
185.191.171.6 - - [21/Jun/2022:07:35:41 +0000] "GET /node/tag/hack/ HTTP/1.1" 200 8817 "-" "Mozilla/5.0 (compatible; SemrushBot/7~bl; +http://www.semrush.com/bot.html)"
173.249.30.147 - - [21/Jun/2022:07:35:45 +0000] "GET /node/tag/%E0%B9%80%E0%B8%88%E0%B9%87%E0%B8%94%E0%B8%A7%E0%B8%B1%E0%B8%99 HTTP/1.1" 404 134 "-" "Mozilla/5.0 (compatible; MJ12bot/v1.4.8; http://mj12bot.com/)"
185.7.214.104 - - [21/Jun/2022:07:35:49 +0000] "GET /_ignition/execute-solution HTTP/1.1" 404 197 "-" "Mozilla/5.0 (Windows NT 10.0; Win64; x64) AppleWebKit/537.36 (KHTML, like Gecko) Chrome/78.0.3904.108 Safari/537.36"
173.249.30.147 - - [21/Jun/2022:07:35:56 +0000] "GET /node/tag/%E0%B9%80%E0%B8%8B%E0%B8%B5%E0%B8%A2%E0%B8%A3%E0%B9%8C-%E0%B8%A3%E0%B8%B1%E0%B8%87%E0%B8%AA%E0%B8%B4%E0%B8%95 HTTP/1.1" 404 134 "-" "Mozilla/5.0 (compatible; MJ12bot/v1.4.8; http://mj12bot.com/)"
54.36.148.21 - - [21/Jun/2022:07:36:02 +0000] "GET /robots.txt HTTP/2.0" 404 123 "-" "Mozilla/5.0 (compatible; AhrefsBot/7.0; +http://ahrefs.com/robot/)"
173.249.30.147 - - [21/Jun/2022:07:36:03 +0000] "GET /node/tag/%E0%B9%80%E0%B8%95%E0%B8%B5%E0%B9%88%E0%B8%A2 HTTP/1.1" 404 134 "-" "Mozilla/5.0 (compatible; MJ12bot/v1.4.8; http://mj12bot.com/)"
54.36.149.25 - - [21/Jun/2022:07:36:04 +0000] "GET / HTTP/2.0" 200 282 "-" "Mozilla/5.0 (compatible; AhrefsBot/7.0; +http://ahrefs.com/robot/)"
173.249.30.147 - - [21/Jun/2022:07:36:15 +0000] "GET /node/tag/%E0%B9%80%E0%B8%9E%E0%B8%8A%E0%B8%A3%E0%B8%9A%E0%B8%B9%E0%B8%A3%E0%B8%93%E0%B9%8C HTTP/1.1" 404 134 "-" "Mozilla/5.0 (compatible; MJ12bot/v1.4.8; http://mj12bot.com/)"
173.249.30.147 - - [21/Jun/2022:07:36:25 +0000] "GET /node/tag/%E0%B9%80%E0%B8%9E%E0%B8%A5%E0%B8%87 HTTP/1.1" 404 134 "-" "Mozilla/5.0 (compatible; MJ12bot/v1.4.8; http://mj12bot.com/)"
185.191.171.20 - - [21/Jun/2022:07:36:29 +0000] "GET /node/date/2004/08/04 HTTP/1.1" 301 178 "-" "Mozilla/5.0 (compatible; SemrushBot/7~bl; +http://www.semrush.com/bot.html)"
185.191.171.13 - - [21/Jun/2022:07:36:31 +0000] "GET /node/date/2004/08/04/ HTTP/1.1" 200 8116 "-" "Mozilla/5.0 (compatible; SemrushBot/7~bl; +http://www.semrush.com/bot.html)"
173.249.30.147 - - [21/Jun/2022:07:36:37 +0000] "GET /node/tag/%E0%B9%80%E0%B8%AB%E0%B8%A1%E0%B8%A2%E0%B8%9F%E0%B9%89%E0%B8%B2 HTTP/1.1" 404 134 "-" "Mozilla/5.0 (compatible; MJ12bot/v1.4.8; http://mj12bot.com/)"
173.249.30.147 - - [21/Jun/2022:07:36:51 +0000] "GET /node/tag/%E0%B9%81%E0%B8%A1%E0%B8%A7 HTTP/1.1" 404 134 "-" "Mozilla/5.0 (compatible; MJ12bot/v1.4.8; http://mj12bot.com/)"
114.119.147.86 - - [21/Jun/2022:07:36:58 +0000] "GET /node/category/3d HTTP/1.1" 301 178 "https://static.mrchoke.org/node/10" "Mozilla/5.0 (Linux; Android 7.0;) AppleWebKit/537.36 (KHTML, like Gecko) Mobile Safari/537.36 (compatible; PetalBot;+https://webmaster.petalsearch.com/site/petalbot)"
173.249.30.147 - - [21/Jun/2022:07:37:02 +0000] "GET /node/tag/%E0%B9%84%E0%B8%81%E0%B9%88%E0%B8%A2%E0%B9%88%E0%B8%B2%E0%B8%87%E0%B8%A7%E0%B8%B4%E0%B9%80%E0%B8%8A%E0%B8%B5%E0%B8%A2%E0%B8%A3%E0%B8%9A%E0%B8%B8%E0%B8%A3%E0%B8%B5 HTTP/1.1" 404 134 "-" "Mozilla/5.0 (compatible; MJ12bot/v1.4.8; http://mj12bot.com/)"
114.119.147.86 - - [21/Jun/2022:07:37:05 +0000] "GET /node/category/3d/ HTTP/1.1" 200 8460 "https://static.mrchoke.org/node/10" "Mozilla/5.0 (Linux; Android 7.0;) AppleWebKit/537.36 (KHTML, like Gecko) Mobile Safari/537.36 (compatible; PetalBot;+https://webmaster.petalsearch.com/site/petalbot)"
173.249.30.147 - - [21/Jun/2022:07:37:14 +0000] "GET /node/tag/%E0%B9%84%E0%B8%AD%E0%B8%94%E0%B8%B4%E0%B8%99 HTTP/1.1" 404 134 "-" "Mozilla/5.0 (compatible; MJ12bot/v1.4.8; http://mj12bot.com/)"
173.249.30.147 - - [21/Jun/2022:07:37:25 +0000] "GET /node/tag/charging-time/%E0%B8%97%E0%B8%B5%E0%B9%88%E0%B8%A1%E0%B8%B2:%20http:/www.pcworld.com/article/252326/new_ipad_slow_to_recharge_barely_charges_during_use.html HTTP/1.1" 404 134 "-" "Mozilla/5.0 (compatible; MJ12bot/v1.4.8; http://mj12bot.com/)"
173.249.30.147 - - [21/Jun/2022:07:37:36 +0000] "GET /node/tag/ipad/%E0%B8%97%E0%B8%B5%E0%B9%88%E0%B8%A1%E0%B8%B2:%20http:/www.pcworld.com/article/252326/new_ipad_slow_to_recharge_barely_charges_during_use.html HTTP/1.1" 404 134 "-" "Mozilla/5.0 (compatible; MJ12bot/v1.4.8; http://mj12bot.com/)"
173.249.30.147 - - [21/Jun/2022:07:37:44 +0000] "GET /node/tag/the-new-ipad/%E0%B8%97%E0%B8%B5%E0%B9%88%E0%B8%A1%E0%B8%B2:%20http:/www.pcworld.com/article/252326/new_ipad_slow_to_recharge_barely_charges_during_use.html HTTP/1.1" 404 134 "-" "Mozilla/5.0 (compatible; MJ12bot/v1.4.8; http://mj12bot.com/)"
34.78.6.216 - - [21/Jun/2022:07:38:14 +0000] "GET / HTTP/1.1" 200 396 "-" "python-requests/2.28.0"
114.119.147.97 - - [21/Jun/2022:07:38:49 +0000] "GET /node/416?share=twitter HTTP/1.1" 302 154 "https://mrchoke.org/node/416?replytocom=512" "Mozilla/5.0 (Linux; Android 7.0;) AppleWebKit/537.36 (KHTML, like Gecko) Mobile Safari/537.36 (compatible; PetalBot;+https://webmaster.petalsearch.com/site/petalbot)"
114.119.147.97 - - [21/Jun/2022:07:38:55 +0000] "GET /node/416?share=twitter HTTP/1.1" 301 178 "https://mrchoke.org/node/416?replytocom=512" "Mozilla/5.0 (Linux; Android 7.0;) AppleWebKit/537.36 (KHTML, like Gecko) Mobile Safari/537.36 (compatible; PetalBot;+https://webmaster.petalsearch.com/site/petalbot)"
114.119.147.97 - - [21/Jun/2022:07:39:01 +0000] "GET /node/416/?share=twitter HTTP/1.1" 200 10354 "https://mrchoke.org/node/416?replytocom=512" "Mozilla/5.0 (Linux; Android 7.0;) AppleWebKit/537.36 (KHTML, like Gecko) Mobile Safari/537.36 (compatible; PetalBot;+https://webmaster.petalsearch.com/site/petalbot)"
114.119.147.74 - - [21/Jun/2022:07:40:28 +0000] "GET /node/category/root?ak_action=accept_mobile HTTP/1.1" 302 154 "https://mrchoke.org/node/category/root?ak_action=reject_mobile" "Mozilla/5.0 (Linux; Android 7.0;) AppleWebKit/537.36 (KHTML, like Gecko) Mobile Safari/537.36 (compatible; PetalBot;+https://webmaster.petalsearch.com/site/petalbot)"
114.119.147.74 - - [21/Jun/2022:07:40:42 +0000] "GET /node/category/root?ak_action=accept_mobile HTTP/1.1" 301 178 "https://mrchoke.org/node/category/root?ak_action=reject_mobile" "Mozilla/5.0 (Linux; Android 7.0;) AppleWebKit/537.36 (KHTML, like Gecko) Mobile Safari/537.36 (compatible; PetalBot;+https://webmaster.petalsearch.com/site/petalbot)"
114.119.147.74 - - [21/Jun/2022:07:42:43 +0000] "GET /node/1558/img_7526?ak_action=accept_mobile HTTP/1.1" 302 154 "https://mrchoke.org/node/1558/img_7526?ak_action=reject_mobile" "Mozilla/5.0 (Linux; Android 7.0;) AppleWebKit/537.36 (KHTML, like Gecko) Mobile Safari/537.36 (compatible; PetalBot;+https://webmaster.petalsearch.com/site/petalbot)"
51.222.253.13 - - [21/Jun/2022:07:43:13 +0000] "GET /node/207/ HTTP/2.0" 200 9041 "-" "Mozilla/5.0 (compatible; AhrefsBot/7.0; +http://ahrefs.com/robot/)"
114.119.147.74 - - [21/Jun/2022:07:43:48 +0000] "GET /node/1558/img_7526?ak_action=accept_mobile HTTP/1.1" 302 154 "https://mrchoke.org/node/1558/img_7526?ak_action=reject_mobile" "Mozilla/5.0 (Linux; Android 7.0;) AppleWebKit/537.36 (KHTML, like Gecko) Mobile Safari/537.36 (compatible; PetalBot;+https://webmaster.petalsearch.com/site/petalbot)"
114.119.147.74 - - [21/Jun/2022:07:44:31 +0000] "GET /node/date/2014/02/ HTTP/1.1" 302 154 "https://mrchoke.org/node/date/2014/02/page/2" "Mozilla/5.0 (Linux; Android 7.0;) AppleWebKit/537.36 (KHTML, like Gecko) Mobile Safari/537.36 (compatible; PetalBot;+https://webmaster.petalsearch.com/site/petalbot)"
114.119.147.74 - - [21/Jun/2022:07:44:36 +0000] "GET /node/date/2014/02/ HTTP/1.1" 200 11544 "https://mrchoke.org/node/date/2014/02/page/2" "Mozilla/5.0 (Linux; Android 7.0;) AppleWebKit/537.36 (KHTML, like Gecko) Mobile Safari/537.36 (compatible; PetalBot;+https://webmaster.petalsearch.com/site/petalbot)"
114.119.147.97 - - [21/Jun/2022:07:46:02 +0000] "GET /node/187 HTTP/1.1" 302 154 "https://mrchoke.org/node/category/linux/page/9" "Mozilla/5.0 (Linux; Android 7.0;) AppleWebKit/537.36 (KHTML, like Gecko) Mobile Safari/537.36 (compatible; PetalBot;+https://webmaster.petalsearch.com/site/petalbot)"
114.119.147.97 - - [21/Jun/2022:07:46:05 +0000] "GET /node/187 HTTP/1.1" 301 178 "https://mrchoke.org/node/category/linux/page/9" "Mozilla/5.0 (Linux; Android 7.0;) AppleWebKit/537.36 (KHTML, like Gecko) Mobile Safari/537.36 (compatible; PetalBot;+https://webmaster.petalsearch.com/site/petalbot)"
114.119.147.97 - - [21/Jun/2022:07:46:08 +0000] "GET /node/187/ HTTP/1.1" 200 9676 "https://mrchoke.org/node/category/linux/page/9" "Mozilla/5.0 (Linux; Android 7.0;) AppleWebKit/537.36 (KHTML, like Gecko) Mobile Safari/537.36 (compatible; PetalBot;+https://webmaster.petalsearch.com/site/petalbot)"
94.232.44.79 - - [21/Jun/2022:07:46:18 +0000] "\x03\x00\x00/*\xE0\x00\x00\x00\x00\x00Cookie: mstshash=Administr" 400 166 "-" "-"
216.244.66.229 - - [21/Jun/2022:07:46:22 +0000] "GET /robots.txt HTTP/1.1" 404 162 "-" "Mozilla/5.0 (compatible; DotBot/1.2; +https://opensiteexplorer.org/dotbot; help@moz.com)"
216.244.66.229 - - [21/Jun/2022:07:46:22 +0000] "GET /robots.txt HTTP/1.1" 404 162 "-" "Mozilla/5.0 (compatible; DotBot/1.2; +https://opensiteexplorer.org/dotbot; help@moz.com)"
114.119.147.74 - - [21/Jun/2022:07:46:56 +0000] "GET /node/6?share=reddit HTTP/1.1" 302 154 "https://mrchoke.org/node/6?ak_action=accept_mobile" "Mozilla/5.0 (Linux; Android 7.0;) AppleWebKit/537.36 (KHTML, like Gecko) Mobile Safari/537.36 (compatible; PetalBot;+https://webmaster.petalsearch.com/site/petalbot)"
114.119.147.74 - - [21/Jun/2022:07:46:56 +0000] "GET /node/6?share=reddit HTTP/1.1" 301 178 "https://mrchoke.org/node/6?ak_action=accept_mobile" "Mozilla/5.0 (Linux; Android 7.0;) AppleWebKit/537.36 (KHTML, like Gecko) Mobile Safari/537.36 (compatible; PetalBot;+https://webmaster.petalsearch.com/site/petalbot)"
114.119.147.74 - - [21/Jun/2022:07:46:56 +0000] "GET /node/6/?share=reddit HTTP/1.1" 200 9043 "https://mrchoke.org/node/6?ak_action=accept_mobile" "Mozilla/5.0 (Linux; Android 7.0;) AppleWebKit/537.36 (KHTML, like Gecko) Mobile Safari/537.36 (compatible; PetalBot;+https://webmaster.petalsearch.com/site/petalbot)"
114.119.147.97 - - [21/Jun/2022:07:48:38 +0000] "GET /node/790/img_6176 HTTP/1.1" 302 154 "https://mrchoke.org/node/790/img_6174" "Mozilla/5.0 (Linux; Android 7.0;) AppleWebKit/537.36 (KHTML, like Gecko) Mobile Safari/537.36 (compatible; PetalBot;+https://webmaster.petalsearch.com/site/petalbot)"
114.119.147.97 - - [21/Jun/2022:07:48:38 +0000] "GET /node/790/img_6176 HTTP/1.1" 301 178 "https://mrchoke.org/node/790/img_6174" "Mozilla/5.0 (Linux; Android 7.0;) AppleWebKit/537.36 (KHTML, like Gecko) Mobile Safari/537.36 (compatible; PetalBot;+https://webmaster.petalsearch.com/site/petalbot)"
114.119.147.97 - - [21/Jun/2022:07:48:38 +0000] "GET /node/790/img_6176/ HTTP/1.1" 200 7875 "https://mrchoke.org/node/790/img_6174" "Mozilla/5.0 (Linux; Android 7.0;) AppleWebKit/537.36 (KHTML, like Gecko) Mobile Safari/537.36 (compatible; PetalBot;+https://webmaster.petalsearch.com/site/petalbot)"
34.136.203.135 - - [21/Jun/2022:07:49:06 +0000] "GET / HTTP/1.1" 200 396 "-" "Mozilla/5.0 (X11; Linux x86_64) AppleWebKit/537.36 (KHTML, like Gecko) Chrome/105.0.0.0 Safari/537.36"
34.136.203.135 - - [21/Jun/2022:07:49:08 +0000] "GET /favicon.ico HTTP/1.1" 404 197 "http://mrchoke.org/" "Mozilla/5.0 (X11; Linux x86_64) AppleWebKit/537.36 (KHTML, like Gecko) Chrome/105.0.0.0 Safari/537.36"
51.222.253.13 - - [21/Jun/2022:07:50:00 +0000] "GET /node/433/ HTTP/2.0" 200 8108 "-" "Mozilla/5.0 (compatible; AhrefsBot/7.0; +http://ahrefs.com/robot/)"
216.244.66.229 - - [21/Jun/2022:07:50:48 +0000] "GET /node/100/feed HTTP/1.1" 404 162 "-" "Mozilla/5.0 (compatible; DotBot/1.2; +https://opensiteexplorer.org/dotbot; help@moz.com)"
216.244.66.229 - - [21/Jun/2022:07:50:54 +0000] "GET /node/292/feed HTTP/1.1" 404 162 "-" "Mozilla/5.0 (compatible; DotBot/1.2; +https://opensiteexplorer.org/dotbot; help@moz.com)"
216.244.66.229 - - [21/Jun/2022:07:50:58 +0000] "GET /node/835/feed HTTP/1.1" 404 162 "-" "Mozilla/5.0 (compatible; DotBot/1.2; +https://opensiteexplorer.org/dotbot; help@moz.com)"
216.244.66.229 - - [21/Jun/2022:07:51:01 +0000] "GET /node/835/img_6210 HTTP/1.1" 404 162 "-" "Mozilla/5.0 (compatible; DotBot/1.2; +https://opensiteexplorer.org/dotbot; help@moz.com)"
216.244.66.229 - - [21/Jun/2022:07:51:04 +0000] "GET /node/865/ch7_3153 HTTP/1.1" 404 162 "-" "Mozilla/5.0 (compatible; DotBot/1.2; +https://opensiteexplorer.org/dotbot; help@moz.com)"
114.119.147.74 - - [21/Jun/2022:07:51:05 +0000] "GET /node/date/2004/10/21 HTTP/1.1" 301 178 "https://mrchoke.org/node/471?ak_action=accept_mobile" "Mozilla/5.0 (Linux; Android 7.0;) AppleWebKit/537.36 (KHTML, like Gecko) Mobile Safari/537.36 (compatible; PetalBot;+https://webmaster.petalsearch.com/site/petalbot)"
216.244.66.229 - - [21/Jun/2022:07:51:09 +0000] "GET /node/865/ch7_3197 HTTP/1.1" 404 162 "-" "Mozilla/5.0 (compatible; DotBot/1.2; +https://opensiteexplorer.org/dotbot; help@moz.com)"
114.119.147.74 - - [21/Jun/2022:07:51:11 +0000] "GET /node/date/2004/10/21/ HTTP/1.1" 200 7683 "https://mrchoke.org/node/471?ak_action=accept_mobile" "Mozilla/5.0 (Linux; Android 7.0;) AppleWebKit/537.36 (KHTML, like Gecko) Mobile Safari/537.36 (compatible; PetalBot;+https://webmaster.petalsearch.com/site/petalbot)"
216.244.66.229 - - [21/Jun/2022:07:51:12 +0000] "GET /img_7757/ HTTP/1.1" 404 162 "-" "Mozilla/5.0 (compatible; DotBot/1.2; +https://opensiteexplorer.org/dotbot; help@moz.com)"
66.249.71.180 - - [21/Jun/2022:07:52:22 +0000] "GET /page/43?cat=-1&ak_action=reject_mobile HTTP/1.1" 302 154 "-" "Mozilla/5.0 (Linux; Android 6.0.1; Nexus 5X Build/MMB29P) AppleWebKit/537.36 (KHTML, like Gecko) Chrome/102.0.5005.115 Mobile Safari/537.36 (compatible; Googlebot/2.1; +http://www.google.com/bot.html)"
66.249.71.25 - - [21/Jun/2022:07:52:23 +0000] "GET /page/43?cat=-1&ak_action=reject_mobile HTTP/1.1" 404 197 "-" "Mozilla/5.0 (Linux; Android 6.0.1; Nexus 5X Build/MMB29P) AppleWebKit/537.36 (KHTML, like Gecko) Chrome/102.0.5005.115 Mobile Safari/537.36 (compatible; Googlebot/2.1; +http://www.google.com/bot.html)"
114.119.147.75 - - [21/Jun/2022:07:52:28 +0000] "GET /node/10?share=linkedin HTTP/1.1" 302 154 "https://mrchoke.org/node/10?ak_action=accept_mobile" "Mozilla/5.0 (Linux; Android 7.0;) AppleWebKit/537.36 (KHTML, like Gecko) Mobile Safari/537.36 (compatible; PetalBot;+https://webmaster.petalsearch.com/site/petalbot)"
