114.119.147.87 - - [01/Jul/2022:12:12:31 +0000] "GET /node/239?share=linkedin HTTP/1.1" 302 154 "https://mrchoke.org/node/239?ak_action=accept_mobile" "Mozilla/5.0 (Linux; Android 7.0;) AppleWebKit/537.36 (KHTML, like Gecko) Mobile Safari/537.36 (compatible; PetalBot;+https://webmaster.petalsearch.com/site/petalbot)"
114.119.147.87 - - [01/Jul/2022:12:12:50 +0000] "GET /node/239?share=linkedin HTTP/1.1" 301 178 "https://mrchoke.org/node/239?ak_action=accept_mobile" "Mozilla/5.0 (Linux; Android 7.0;) AppleWebKit/537.36 (KHTML, like Gecko) Mobile Safari/537.36 (compatible; PetalBot;+https://webmaster.petalsearch.com/site/petalbot)"
114.119.147.86 - - [01/Jul/2022:12:13:13 +0000] "GET /node/239?share=linkedin HTTP/1.1" 302 154 "https://mrchoke.org/node/239?ak_action=accept_mobile" "Mozilla/5.0 (Linux; Android 7.0;) AppleWebKit/537.36 (KHTML, like Gecko) Mobile Safari/537.36 (compatible; PetalBot;+https://webmaster.petalsearch.com/site/petalbot)"
114.119.147.86 - - [01/Jul/2022:12:13:29 +0000] "GET /node/239?share=linkedin HTTP/1.1" 301 178 "https://mrchoke.org/node/239?ak_action=accept_mobile" "Mozilla/5.0 (Linux; Android 7.0;) AppleWebKit/537.36 (KHTML, like Gecko) Mobile Safari/537.36 (compatible; PetalBot;+https://webmaster.petalsearch.com/site/petalbot)"
207.46.13.174 - - [01/Jul/2022:12:14:06 +0000] "GET /wp-content/uploads/2016/05/img_1310.jpg HTTP/2.0" 200 1972060 "-" "Mozilla/5.0 (compatible; bingbot/2.0; +http://www.bing.com/bingbot.htm)"
114.119.147.87 - - [01/Jul/2022:12:14:09 +0000] "GET /node/239?share=linkedin HTTP/1.1" 302 154 "https://mrchoke.org/node/239?ak_action=accept_mobile" "Mozilla/5.0 (Linux; Android 7.0;) AppleWebKit/537.36 (KHTML, like Gecko) Mobile Safari/537.36 (compatible; PetalBot;+https://webmaster.petalsearch.com/site/petalbot)"
114.119.147.87 - - [01/Jul/2022:12:14:22 +0000] "GET /node/239?share=linkedin HTTP/1.1" 302 154 "https://mrchoke.org/node/239?ak_action=accept_mobile" "Mozilla/5.0 (Linux; Android 7.0;) AppleWebKit/537.36 (KHTML, like Gecko) Mobile Safari/537.36 (compatible; PetalBot;+https://webmaster.petalsearch.com/site/petalbot)"
114.119.147.87 - - [01/Jul/2022:12:14:31 +0000] "GET /node/239?share=linkedin HTTP/1.1" 301 178 "https://mrchoke.org/node/239?ak_action=accept_mobile" "Mozilla/5.0 (Linux; Android 7.0;) AppleWebKit/537.36 (KHTML, like Gecko) Mobile Safari/537.36 (compatible; PetalBot;+https://webmaster.petalsearch.com/site/petalbot)"
185.191.171.42 - - [01/Jul/2022:12:15:08 +0000] "GET /node/465 HTTP/1.1" 301 178 "-" "Mozilla/5.0 (compatible; SemrushBot/7~bl; +http://www.semrush.com/bot.html)"
185.191.171.43 - - [01/Jul/2022:12:15:11 +0000] "GET /node/465/ HTTP/1.1" 200 8316 "-" "Mozilla/5.0 (compatible; SemrushBot/7~bl; +http://www.semrush.com/bot.html)"
216.244.66.229 - - [01/Jul/2022:12:17:26 +0000] "GET /robots.txt HTTP/1.1" 404 162 "-" "Mozilla/5.0 (compatible; DotBot/1.2; +https://opensiteexplorer.org/dotbot; help@moz.com)"
216.244.66.229 - - [01/Jul/2022:12:20:29 +0000] "GET /node/790/img_6133 HTTP/1.1" 404 162 "-" "Mozilla/5.0 (compatible; DotBot/1.2; +https://opensiteexplorer.org/dotbot; help@moz.com)"
216.244.66.229 - - [01/Jul/2022:12:20:34 +0000] "GET /node/865/ch7_3171 HTTP/1.1" 404 162 "-" "Mozilla/5.0 (compatible; DotBot/1.2; +https://opensiteexplorer.org/dotbot; help@moz.com)"
216.244.66.229 - - [01/Jul/2022:12:20:38 +0000] "GET /node/865/ch7_3181 HTTP/1.1" 404 162 "-" "Mozilla/5.0 (compatible; DotBot/1.2; +https://opensiteexplorer.org/dotbot; help@moz.com)"
185.191.171.3 - - [01/Jul/2022:12:21:20 +0000] "GET /node/1786/photo-25-2-14-20-20-20 HTTP/1.1" 302 154 "-" "Mozilla/5.0 (compatible; SemrushBot/7~bl; +http://www.semrush.com/bot.html)"
185.191.171.9 - - [01/Jul/2022:12:21:22 +0000] "GET /node/1786/photo-25-2-14-20-20-20 HTTP/1.1" 301 178 "-" "Mozilla/5.0 (compatible; SemrushBot/7~bl; +http://www.semrush.com/bot.html)"
185.191.171.18 - - [01/Jul/2022:12:21:24 +0000] "GET /node/1786/photo-25-2-14-20-20-20/ HTTP/1.1" 200 7878 "-" "Mozilla/5.0 (compatible; SemrushBot/7~bl; +http://www.semrush.com/bot.html)"
216.244.66.229 - - [01/Jul/2022:12:27:24 +0000] "GET /node/351/?share=google-plus-1 HTTP/1.1" 404 162 "-" "Mozilla/5.0 (compatible; DotBot/1.2; +https://opensiteexplorer.org/dotbot; help@moz.com)"
185.191.171.7 - - [01/Jul/2022:12:28:45 +0000] "GET /node/category/linux/page/4 HTTP/1.1" 302 154 "-" "Mozilla/5.0 (compatible; SemrushBot/7~bl; +http://www.semrush.com/bot.html)"
185.191.171.14 - - [01/Jul/2022:12:28:49 +0000] "GET /node/category/linux/page/4 HTTP/1.1" 301 178 "-" "Mozilla/5.0 (compatible; SemrushBot/7~bl; +http://www.semrush.com/bot.html)"
185.191.171.14 - - [01/Jul/2022:12:28:52 +0000] "GET /node/category/linux/page/4/ HTTP/1.1" 200 12399 "-" "Mozilla/5.0 (compatible; SemrushBot/7~bl; +http://www.semrush.com/bot.html)"
185.191.171.12 - - [01/Jul/2022:12:28:54 +0000] "GET /node/196 HTTP/1.1" 301 178 "-" "Mozilla/5.0 (compatible; SemrushBot/7~bl; +http://www.semrush.com/bot.html)"
185.191.171.41 - - [01/Jul/2022:12:28:57 +0000] "GET /node/196/ HTTP/1.1" 200 8600 "-" "Mozilla/5.0 (compatible; SemrushBot/7~bl; +http://www.semrush.com/bot.html)"
185.191.171.41 - - [01/Jul/2022:12:30:41 +0000] "GET /node/date/2005/05/16 HTTP/1.1" 301 178 "-" "Mozilla/5.0 (compatible; SemrushBot/7~bl; +http://www.semrush.com/bot.html)"
185.191.171.15 - - [01/Jul/2022:12:30:44 +0000] "GET /node/date/2005/05/16/ HTTP/1.1" 200 8299 "-" "Mozilla/5.0 (compatible; SemrushBot/7~bl; +http://www.semrush.com/bot.html)"
216.244.66.229 - - [01/Jul/2022:12:31:16 +0000] "GET /node/865/ch7_3026 HTTP/1.1" 404 162 "-" "Mozilla/5.0 (compatible; DotBot/1.2; +https://opensiteexplorer.org/dotbot; help@moz.com)"
185.191.171.14 - - [01/Jul/2022:12:32:35 +0000] "GET /node/1356 HTTP/1.1" 301 178 "-" "Mozilla/5.0 (compatible; SemrushBot/7~bl; +http://www.semrush.com/bot.html)"
185.191.171.22 - - [01/Jul/2022:12:32:39 +0000] "GET /node/1356/ HTTP/1.1" 200 10866 "-" "Mozilla/5.0 (compatible; SemrushBot/7~bl; +http://www.semrush.com/bot.html)"
114.119.147.87 - - [01/Jul/2022:12:35:44 +0000] "GET /node/category/debianclub?ak_action=reject_mobile HTTP/1.1" 302 154 "https://mrchoke.org/node/category/debianclub" "Mozilla/5.0 (Linux; Android 7.0;) AppleWebKit/537.36 (KHTML, like Gecko) Mobile Safari/537.36 (compatible; PetalBot;+https://webmaster.petalsearch.com/site/petalbot)"
114.119.147.87 - - [01/Jul/2022:12:35:45 +0000] "GET /node/category/debianclub?ak_action=reject_mobile HTTP/1.1" 301 178 "https://mrchoke.org/node/category/debianclub" "Mozilla/5.0 (Linux; Android 7.0;) AppleWebKit/537.36 (KHTML, like Gecko) Mobile Safari/537.36 (compatible; PetalBot;+https://webmaster.petalsearch.com/site/petalbot)"
114.119.147.87 - - [01/Jul/2022:12:35:46 +0000] "GET /node/category/debianclub/?ak_action=reject_mobile HTTP/1.1" 200 10329 "https://mrchoke.org/node/category/debianclub" "Mozilla/5.0 (Linux; Android 7.0;) AppleWebKit/537.36 (KHTML, like Gecko) Mobile Safari/537.36 (compatible; PetalBot;+https://webmaster.petalsearch.com/site/petalbot)"
114.119.147.87 - - [01/Jul/2022:12:38:35 +0000] "GET /node/date/2004/12/09 HTTP/1.1" 302 154 "https://mrchoke.org/node/375?share=linkedin" "Mozilla/5.0 (Linux; Android 7.0;) AppleWebKit/537.36 (KHTML, like Gecko) Mobile Safari/537.36 (compatible; PetalBot;+https://webmaster.petalsearch.com/site/petalbot)"
114.119.147.87 - - [01/Jul/2022:12:38:38 +0000] "GET /node/date/2004/12/09 HTTP/1.1" 301 178 "https://mrchoke.org/node/375?share=linkedin" "Mozilla/5.0 (Linux; Android 7.0;) AppleWebKit/537.36 (KHTML, like Gecko) Mobile Safari/537.36 (compatible; PetalBot;+https://webmaster.petalsearch.com/site/petalbot)"
114.119.147.87 - - [01/Jul/2022:12:38:42 +0000] "GET /node/date/2004/12/09/ HTTP/1.1" 200 8106 "https://mrchoke.org/node/375?share=linkedin" "Mozilla/5.0 (Linux; Android 7.0;) AppleWebKit/537.36 (KHTML, like Gecko) Mobile Safari/537.36 (compatible; PetalBot;+https://webmaster.petalsearch.com/site/petalbot)"
5.255.253.174 - - [01/Jul/2022:12:38:44 +0000] "GET /robots.txt HTTP/1.1" 404 162 "-" "Mozilla/5.0 (compatible; YandexBot/3.0; +http://yandex.com/bots)"
5.255.253.174 - - [01/Jul/2022:12:38:47 +0000] "GET /node/category/cert HTTP/1.1" 302 154 "-" "Mozilla/5.0 (compatible; YandexBot/3.0; +http://yandex.com/bots)"
5.45.207.118 - - [01/Jul/2022:12:38:49 +0000] "GET /robots.txt HTTP/1.1" 404 162 "-" "Mozilla/5.0 (compatible; YandexBot/3.0; +http://yandex.com/bots)"
5.45.207.118 - - [01/Jul/2022:12:38:52 +0000] "GET /node/category/cert HTTP/1.1" 301 178 "-" "Mozilla/5.0 (compatible; YandexBot/3.0; +http://yandex.com/bots)"
5.45.207.143 - - [01/Jul/2022:12:38:56 +0000] "GET /node/category/cert/ HTTP/1.1" 200 9244 "-" "Mozilla/5.0 (compatible; YandexBot/3.0; +http://yandex.com/bots)"
185.191.171.20 - - [01/Jul/2022:12:39:52 +0000] "GET /node/tag/%E0%B9%80%E0%B8%AB%E0%B8%A1%E0%B8%A2%E0%B8%9F%E0%B9%89%E0%B8%B2 HTTP/1.1" 404 134 "-" "Mozilla/5.0 (compatible; SemrushBot/7~bl; +http://www.semrush.com/bot.html)"
114.119.147.74 - - [01/Jul/2022:12:41:29 +0000] "GET /node/category/hobbies?ak_action=accept_mobile HTTP/1.1" 302 154 "https://mrchoke.org/node/category/hobbies?ak_action=reject_mobile" "Mozilla/5.0 (Linux; Android 7.0;) AppleWebKit/537.36 (KHTML, like Gecko) Mobile Safari/537.36 (compatible; PetalBot;+https://webmaster.petalsearch.com/site/petalbot)"
114.119.147.74 - - [01/Jul/2022:12:41:45 +0000] "GET /node/category/hobbies?ak_action=accept_mobile HTTP/1.1" 301 178 "https://mrchoke.org/node/category/hobbies?ak_action=reject_mobile" "Mozilla/5.0 (Linux; Android 7.0;) AppleWebKit/537.36 (KHTML, like Gecko) Mobile Safari/537.36 (compatible; PetalBot;+https://webmaster.petalsearch.com/site/petalbot)"
114.119.147.74 - - [01/Jul/2022:12:41:47 +0000] "GET /node/category/hobbies/?ak_action=accept_mobile HTTP/1.1" 200 8486 "https://mrchoke.org/node/category/hobbies?ak_action=reject_mobile" "Mozilla/5.0 (Linux; Android 7.0;) AppleWebKit/537.36 (KHTML, like Gecko) Mobile Safari/537.36 (compatible; PetalBot;+https://webmaster.petalsearch.com/site/petalbot)"
185.191.171.26 - - [01/Jul/2022:12:43:03 +0000] "GET /node/date/2005/01/17 HTTP/1.1" 301 178 "-" "Mozilla/5.0 (compatible; SemrushBot/7~bl; +http://www.semrush.com/bot.html)"
185.191.171.45 - - [01/Jul/2022:12:43:05 +0000] "GET /node/date/2005/01/17/ HTTP/1.1" 200 9360 "-" "Mozilla/5.0 (compatible; SemrushBot/7~bl; +http://www.semrush.com/bot.html)"
185.191.171.43 - - [01/Jul/2022:12:43:12 +0000] "GET /node/120 HTTP/1.1" 301 178 "-" "Mozilla/5.0 (compatible; SemrushBot/7~bl; +http://www.semrush.com/bot.html)"
185.191.171.24 - - [01/Jul/2022:12:43:14 +0000] "GET /node/120/ HTTP/1.1" 200 8822 "-" "Mozilla/5.0 (compatible; SemrushBot/7~bl; +http://www.semrush.com/bot.html)"
114.119.147.86 - - [01/Jul/2022:12:45:29 +0000] "GET /node/152 HTTP/1.1" 404 134 "http://www.mrchoke.org/node/category/linux/linuxsis" "Mozilla/5.0 (Linux; Android 7.0;) AppleWebKit/537.36 (KHTML, like Gecko) Mobile Safari/537.36 (compatible; PetalBot;+https://webmaster.petalsearch.com/site/petalbot)"
185.191.171.40 - - [01/Jul/2022:12:49:50 +0000] "GET /node/346 HTTP/1.1" 302 154 "-" "Mozilla/5.0 (compatible; SemrushBot/7~bl; +http://www.semrush.com/bot.html)"
185.191.171.14 - - [01/Jul/2022:12:49:51 +0000] "GET /node/346 HTTP/1.1" 301 178 "-" "Mozilla/5.0 (compatible; SemrushBot/7~bl; +http://www.semrush.com/bot.html)"
185.191.171.39 - - [01/Jul/2022:12:49:53 +0000] "GET /node/346/ HTTP/1.1" 200 8686 "-" "Mozilla/5.0 (compatible; SemrushBot/7~bl; +http://www.semrush.com/bot.html)"
74.82.47.3 - - [01/Jul/2022:12:53:25 +0000] "GET / HTTP/1.1" 301 178 "-" "-"
185.191.171.4 - - [01/Jul/2022:12:53:51 +0000] "GET /ch7_3994 HTTP/1.1" 301 178 "-" "Mozilla/5.0 (compatible; SemrushBot/7~bl; +http://www.semrush.com/bot.html)"
185.191.171.34 - - [01/Jul/2022:12:53:54 +0000] "GET /ch7_3994/ HTTP/1.1" 200 7877 "-" "Mozilla/5.0 (compatible; SemrushBot/7~bl; +http://www.semrush.com/bot.html)"
185.191.171.38 - - [01/Jul/2022:12:57:28 +0000] "GET /node/65/ HTTP/1.1" 200 8729 "-" "Mozilla/5.0 (compatible; SemrushBot/7~bl; +http://www.semrush.com/bot.html)"
185.191.171.43 - - [01/Jul/2022:12:57:31 +0000] "GET /node/65 HTTP/1.1" 301 178 "-" "Mozilla/5.0 (compatible; SemrushBot/7~bl; +http://www.semrush.com/bot.html)"
185.191.171.3 - - [01/Jul/2022:12:57:56 +0000] "GET /gallery/?g2_enterAlbum=1&g2_itemId=336 HTTP/1.1" 404 134 "-" "Mozilla/5.0 (compatible; SemrushBot/7~bl; +http://www.semrush.com/bot.html)"
185.191.171.10 - - [01/Jul/2022:12:59:39 +0000] "GET /node/1908/screenshot-2016-04-22-11-51-25 HTTP/1.1" 301 178 "-" "Mozilla/5.0 (compatible; SemrushBot/7~bl; +http://www.semrush.com/bot.html)"
185.191.171.18 - - [01/Jul/2022:12:59:41 +0000] "GET /node/1908/screenshot-2016-04-22-11-51-25/ HTTP/1.1" 200 7929 "-" "Mozilla/5.0 (compatible; SemrushBot/7~bl; +http://www.semrush.com/bot.html)"
114.119.147.97 - - [01/Jul/2022:13:02:42 +0000] "GET /node/418 HTTP/1.1" 301 178 "https://static.mrchoke.org/node/date/2004/05/page/2" "Mozilla/5.0 (Linux; Android 7.0;) AppleWebKit/537.36 (KHTML, like Gecko) Mobile Safari/537.36 (compatible; PetalBot;+https://webmaster.petalsearch.com/site/petalbot)"
114.119.147.97 - - [01/Jul/2022:13:02:45 +0000] "GET /node/418/ HTTP/1.1" 200 9977 "https://static.mrchoke.org/node/date/2004/05/page/2" "Mozilla/5.0 (Linux; Android 7.0;) AppleWebKit/537.36 (KHTML, like Gecko) Mobile Safari/537.36 (compatible; PetalBot;+https://webmaster.petalsearch.com/site/petalbot)"
114.119.147.81 - - [01/Jul/2022:13:05:06 +0000] "GET /node/1786/ch7_4264 HTTP/1.1" 302 154 "https://mrchoke.org/node/1786/ch7_4256-copy?ak_action=accept_mobile" "Mozilla/5.0 (Linux; Android 7.0;) AppleWebKit/537.36 (KHTML, like Gecko) Mobile Safari/537.36 (compatible; PetalBot;+https://webmaster.petalsearch.com/site/petalbot)"
114.119.147.81 - - [01/Jul/2022:13:05:10 +0000] "GET /node/1786/ch7_4264 HTTP/1.1" 301 178 "https://mrchoke.org/node/1786/ch7_4256-copy?ak_action=accept_mobile" "Mozilla/5.0 (Linux; Android 7.0;) AppleWebKit/537.36 (KHTML, like Gecko) Mobile Safari/537.36 (compatible; PetalBot;+https://webmaster.petalsearch.com/site/petalbot)"
114.119.147.81 - - [01/Jul/2022:13:05:12 +0000] "GET /node/1786/ch7_4264/ HTTP/1.1" 200 7965 "https://mrchoke.org/node/1786/ch7_4256-copy?ak_action=accept_mobile" "Mozilla/5.0 (Linux; Android 7.0;) AppleWebKit/537.36 (KHTML, like Gecko) Mobile Safari/537.36 (compatible; PetalBot;+https://webmaster.petalsearch.com/site/petalbot)"
54.36.148.16 - - [01/Jul/2022:13:09:40 +0000] "GET /robots.txt HTTP/1.1" 404 134 "-" "Mozilla/5.0 (compatible; AhrefsBot/7.0; +http://ahrefs.com/robot/)"
54.36.148.112 - - [01/Jul/2022:13:09:42 +0000] "GET / HTTP/1.1" 200 396 "-" "Mozilla/5.0 (compatible; AhrefsBot/7.0; +http://ahrefs.com/robot/)"
5.188.62.21 - - [01/Jul/2022:13:11:37 +0000] "GET / HTTP/1.1" 200 396 "-" "Mozilla/5.0 (Windows NT 6.1; WOW64) AppleWebKit/537.36 (KHTML, like Gecko) Chrome/99.0.4844.84 Safari/537.36"
5.188.62.21 - - [01/Jul/2022:13:11:39 +0000] "GET /robots.txt HTTP/1.1" 404 197 "-" "Mozilla/5.0 (Windows NT 6.1; WOW64) AppleWebKit/537.36 (KHTML, like Gecko) Chrome/99.0.4844.84 Safari/537.36"
207.46.13.4 - - [01/Jul/2022:13:11:55 +0000] "GET /node/category/nectec/nsc/feed HTTP/2.0" 301 178 "-" "Mozilla/5.0 (compatible; bingbot/2.0; +http://www.bing.com/bingbot.htm)"
207.46.13.4 - - [01/Jul/2022:13:12:06 +0000] "GET /node/category/nectec/nsc/feed/ HTTP/2.0" 403 123 "-" "Mozilla/5.0 (compatible; bingbot/2.0; +http://www.bing.com/bingbot.htm)"
185.191.171.36 - - [01/Jul/2022:13:12:16 +0000] "GET /robots.txt HTTP/1.1" 404 134 "-" "Mozilla/5.0 (compatible; SemrushBot/7~bl; +http://www.semrush.com/bot.html)"
185.191.171.14 - - [01/Jul/2022:13:12:17 +0000] "GET /node/213 HTTP/1.1" 301 178 "-" "Mozilla/5.0 (compatible; SemrushBot/7~bl; +http://www.semrush.com/bot.html)"
185.191.171.3 - - [01/Jul/2022:13:12:19 +0000] "GET /node/213/ HTTP/1.1" 200 8809 "-" "Mozilla/5.0 (compatible; SemrushBot/7~bl; +http://www.semrush.com/bot.html)"
114.119.147.87 - - [01/Jul/2022:13:13:42 +0000] "GET /node/category/vbox?ak_action=reject_mobile HTTP/1.1" 302 154 "https://mrchoke.org/node/category/vbox?ak_action=accept_mobile" "Mozilla/5.0 (Linux; Android 7.0;) AppleWebKit/537.36 (KHTML, like Gecko) Mobile Safari/537.36 (compatible; PetalBot;+https://webmaster.petalsearch.com/site/petalbot)"
114.119.147.87 - - [01/Jul/2022:13:13:45 +0000] "GET /node/category/vbox?ak_action=reject_mobile HTTP/1.1" 301 178 "https://mrchoke.org/node/category/vbox?ak_action=accept_mobile" "Mozilla/5.0 (Linux; Android 7.0;) AppleWebKit/537.36 (KHTML, like Gecko) Mobile Safari/537.36 (compatible; PetalBot;+https://webmaster.petalsearch.com/site/petalbot)"
114.119.147.87 - - [01/Jul/2022:13:13:46 +0000] "GET /node/category/vbox/?ak_action=reject_mobile HTTP/1.1" 200 12371 "https://mrchoke.org/node/category/vbox?ak_action=accept_mobile" "Mozilla/5.0 (Linux; Android 7.0;) AppleWebKit/537.36 (KHTML, like Gecko) Mobile Safari/537.36 (compatible; PetalBot;+https://webmaster.petalsearch.com/site/petalbot)"
139.162.200.4 - - [01/Jul/2022:13:17:00 +0000] "GET / HTTP/1.1" 200 396 "-" "Mozilla/5.0 (Windows NT 6.1; WOW64; rv:8.0) Gecko/20100101 Firefox/8.0"
216.244.66.229 - - [01/Jul/2022:13:20:29 +0000] "GET /robots.txt HTTP/1.1" 404 162 "-" "Mozilla/5.0 (compatible; DotBot/1.2; +https://opensiteexplorer.org/dotbot; help@moz.com)"
54.215.181.136 - - [01/Jul/2022:13:21:10 +0000] "OPTIONS / HTTP/1.1" 405 568 "-" "Mozilla/5.0 (Macintosh; Intel Mac OS X 10_11_5) AppleWebKit/537.36 (KHTML, like Gecko) Chrome/50.0.2661.102 Safari/537.36"
185.191.171.10 - - [01/Jul/2022:13:21:35 +0000] "GET /node/471 HTTP/1.1" 301 178 "-" "Mozilla/5.0 (compatible; SemrushBot/7~bl; +http://www.semrush.com/bot.html)"
185.191.171.24 - - [01/Jul/2022:13:21:38 +0000] "GET /node/471/ HTTP/1.1" 200 8055 "-" "Mozilla/5.0 (compatible; SemrushBot/7~bl; +http://www.semrush.com/bot.html)"
216.244.66.229 - - [01/Jul/2022:13:22:37 +0000] "GET /node/tag/%E0%B9%80%E0%B8%9E%E0%B8%A5%E0%B8%87 HTTP/1.1" 404 162 "-" "Mozilla/5.0 (compatible; DotBot/1.2; +https://opensiteexplorer.org/dotbot; help@moz.com)"
157.55.39.114 - - [01/Jul/2022:13:24:41 +0000] "GET /node/358/feed HTTP/2.0" 301 178 "-" "Mozilla/5.0 AppleWebKit/537.36 (KHTML, like Gecko; compatible; bingbot/2.0; +http://www.bing.com/bingbot.htm) Chrome/100.0.4896.127 Safari/537.36"
157.55.39.114 - - [01/Jul/2022:13:24:51 +0000] "GET /node/358/feed/ HTTP/2.0" 403 123 "-" "Mozilla/5.0 (compatible; bingbot/2.0; +http://www.bing.com/bingbot.htm)"
185.191.171.2 - - [01/Jul/2022:13:24:54 +0000] "GET /node/category/domain/page/15 HTTP/1.1" 301 178 "-" "Mozilla/5.0 (compatible; SemrushBot/7~bl; +http://www.semrush.com/bot.html)"
185.191.171.44 - - [01/Jul/2022:13:24:56 +0000] "GET /node/category/domain/page/15/ HTTP/1.1" 200 13365 "-" "Mozilla/5.0 (compatible; SemrushBot/7~bl; +http://www.semrush.com/bot.html)"
51.222.253.19 - - [01/Jul/2022:13:24:57 +0000] "GET /robots.txt HTTP/2.0" 404 123 "-" "Mozilla/5.0 (compatible; AhrefsBot/7.0; +http://ahrefs.com/robot/)"
51.222.253.11 - - [01/Jul/2022:13:24:59 +0000] "GET / HTTP/2.0" 200 282 "-" "Mozilla/5.0 (compatible; AhrefsBot/7.0; +http://ahrefs.com/robot/)"
114.119.147.81 - - [01/Jul/2022:13:29:45 +0000] "GET /page/3 HTTP/1.1" 302 154 "https://mrchoke.org/page/2?ak_action=reject_mobile" "Mozilla/5.0 (Linux; Android 7.0;) AppleWebKit/537.36 (KHTML, like Gecko) Mobile Safari/537.36 (compatible; PetalBot;+https://webmaster.petalsearch.com/site/petalbot)"
114.119.147.81 - - [01/Jul/2022:13:29:46 +0000] "GET /page/3 HTTP/1.1" 301 178 "https://mrchoke.org/page/2?ak_action=reject_mobile" "Mozilla/5.0 (Linux; Android 7.0;) AppleWebKit/537.36 (KHTML, like Gecko) Mobile Safari/537.36 (compatible; PetalBot;+https://webmaster.petalsearch.com/site/petalbot)"
114.119.147.81 - - [01/Jul/2022:13:29:49 +0000] "GET /page/3/ HTTP/1.1" 200 14282 "https://mrchoke.org/page/2?ak_action=reject_mobile" "Mozilla/5.0 (Linux; Android 7.0;) AppleWebKit/537.36 (KHTML, like Gecko) Mobile Safari/537.36 (compatible; PetalBot;+https://webmaster.petalsearch.com/site/petalbot)"
114.119.147.87 - - [01/Jul/2022:13:32:10 +0000] "GET /node/224?share=linkedin HTTP/1.1" 302 154 "https://mrchoke.org/node/224?ak_action=accept_mobile" "Mozilla/5.0 (Linux; Android 7.0;) AppleWebKit/537.36 (KHTML, like Gecko) Mobile Safari/537.36 (compatible; PetalBot;+https://webmaster.petalsearch.com/site/petalbot)"
114.119.147.87 - - [01/Jul/2022:13:32:17 +0000] "GET /node/224?share=linkedin HTTP/1.1" 301 178 "https://mrchoke.org/node/224?ak_action=accept_mobile" "Mozilla/5.0 (Linux; Android 7.0;) AppleWebKit/537.36 (KHTML, like Gecko) Mobile Safari/537.36 (compatible; PetalBot;+https://webmaster.petalsearch.com/site/petalbot)"
114.119.147.87 - - [01/Jul/2022:13:32:23 +0000] "GET /node/224/?share=linkedin HTTP/1.1" 200 8570 "https://mrchoke.org/node/224?ak_action=accept_mobile" "Mozilla/5.0 (Linux; Android 7.0;) AppleWebKit/537.36 (KHTML, like Gecko) Mobile Safari/537.36 (compatible; PetalBot;+https://webmaster.petalsearch.com/site/petalbot)"
114.119.147.81 - - [01/Jul/2022:13:34:39 +0000] "GET /node/142?ak_action=accept_mobile HTTP/1.1" 302 154 "https://mrchoke.org/node/142?ak_action=reject_mobile" "Mozilla/5.0 (Linux; Android 7.0;) AppleWebKit/537.36 (KHTML, like Gecko) Mobile Safari/537.36 (compatible; PetalBot;+https://webmaster.petalsearch.com/site/petalbot)"
114.119.147.81 - - [01/Jul/2022:13:34:44 +0000] "GET /node/142?ak_action=accept_mobile HTTP/1.1" 301 178 "https://mrchoke.org/node/142?ak_action=reject_mobile" "Mozilla/5.0 (Linux; Android 7.0;) AppleWebKit/537.36 (KHTML, like Gecko) Mobile Safari/537.36 (compatible; PetalBot;+https://webmaster.petalsearch.com/site/petalbot)"
114.119.147.81 - - [01/Jul/2022:13:34:47 +0000] "GET /node/142/?ak_action=accept_mobile HTTP/1.1" 200 10868 "https://mrchoke.org/node/142?ak_action=reject_mobile" "Mozilla/5.0 (Linux; Android 7.0;) AppleWebKit/537.36 (KHTML, like Gecko) Mobile Safari/537.36 (compatible; PetalBot;+https://webmaster.petalsearch.com/site/petalbot)"
185.191.171.24 - - [01/Jul/2022:13:38:04 +0000] "GET /robots.txt HTTP/1.1" 404 134 "-" "Mozilla/5.0 (compatible; SemrushBot/7~bl; +http://www.semrush.com/bot.html)"
185.191.171.3 - - [01/Jul/2022:13:38:06 +0000] "GET /node/category/nikon HTTP/1.1" 302 154 "-" "Mozilla/5.0 (compatible; SemrushBot/7~bl; +http://www.semrush.com/bot.html)"
185.191.171.23 - - [01/Jul/2022:13:38:08 +0000] "GET /node/category/nikon HTTP/1.1" 301 178 "-" "Mozilla/5.0 (compatible; SemrushBot/7~bl; +http://www.semrush.com/bot.html)"
185.191.171.35 - - [01/Jul/2022:13:38:10 +0000] "GET /node/category/nikon/ HTTP/1.1" 200 8147 "-" "Mozilla/5.0 (compatible; SemrushBot/7~bl; +http://www.semrush.com/bot.html)"
51.222.253.7 - - [01/Jul/2022:13:39:50 +0000] "GET /node/date/2009/03/ HTTP/2.0" 200 9799 "-" "Mozilla/5.0 (compatible; AhrefsBot/7.0; +http://ahrefs.com/robot/)"
114.119.147.81 - - [01/Jul/2022:13:41:28 +0000] "GET /node/220?ak_action=reject_mobile HTTP/1.1" 302 154 "https://mrchoke.org/node/220?ak_action=accept_mobile" "Mozilla/5.0 (Linux; Android 7.0;) AppleWebKit/537.36 (KHTML, like Gecko) Mobile Safari/537.36 (compatible; PetalBot;+https://webmaster.petalsearch.com/site/petalbot)"
114.119.147.81 - - [01/Jul/2022:13:41:36 +0000] "GET /node/220?ak_action=reject_mobile HTTP/1.1" 301 178 "https://mrchoke.org/node/220?ak_action=accept_mobile" "Mozilla/5.0 (Linux; Android 7.0;) AppleWebKit/537.36 (KHTML, like Gecko) Mobile Safari/537.36 (compatible; PetalBot;+https://webmaster.petalsearch.com/site/petalbot)"
114.119.147.81 - - [01/Jul/2022:13:41:42 +0000] "GET /node/220/?ak_action=reject_mobile HTTP/1.1" 200 8134 "https://mrchoke.org/node/220?ak_action=accept_mobile" "Mozilla/5.0 (Linux; Android 7.0;) AppleWebKit/537.36 (KHTML, like Gecko) Mobile Safari/537.36 (compatible; PetalBot;+https://webmaster.petalsearch.com/site/petalbot)"
40.77.167.43 - - [01/Jul/2022:13:43:06 +0000] "GET / HTTP/2.0" 200 282 "-" "Mozilla/5.0 (compatible; bingbot/2.0; +http://www.bing.com/bingbot.htm)"
185.191.171.38 - - [01/Jul/2022:13:43:42 +0000] "GET /node/category/music/page/5/ HTTP/1.1" 200 11606 "-" "Mozilla/5.0 (compatible; SemrushBot/7~bl; +http://www.semrush.com/bot.html)"
207.46.13.174 - - [01/Jul/2022:13:45:31 +0000] "GET /node/1140/img_6658/ HTTP/2.0" 200 7887 "-" "Mozilla/5.0 (compatible; bingbot/2.0; +http://www.bing.com/bingbot.htm)"
54.36.148.129 - - [01/Jul/2022:13:46:12 +0000] "GET /robots.txt HTTP/2.0" 301 178 "-" "Mozilla/5.0 (compatible; AhrefsBot/7.0; +http://ahrefs.com/robot/)"
54.36.148.129 - - [01/Jul/2022:13:46:13 +0000] "GET /robots.txt HTTP/2.0" 404 123 "-" "Mozilla/5.0 (compatible; AhrefsBot/7.0; +http://ahrefs.com/robot/)"
157.245.0.97 - - [01/Jul/2022:13:47:47 +0000] "GET / HTTP/1.0" 200 612 "-" "Mozilla/5.0 (compatible; NetcraftSurveyAgent/1.0; +info@netcraft.com)"
112.132.123.208 - - [01/Jul/2022:13:48:21 +0000] "GET /?s=../%5Cthink%5Capp/invokefunction&function=call_user_func_array&vars%5B0%5D=md5&vars%5B1%5D%5B%5D=HelloThinkPHP HTTP/1.1" 200 16008 "-" "Mozilla/5.0 (compatible; Baiduspider/2.0; +http://www.baidu.com/search/spider.html)"
112.132.123.208 - - [01/Jul/2022:13:48:23 +0000] "GET /?s=../%5Cthink%5CContainer/invokefunction&function=call_user_func_array&vars%5B0%5D=md5&vars%5B1%5D%5B%5D=HelloThinkPHP HTTP/1.1" 200 16008 "-" "Mozilla/5.0 (compatible; Baiduspider/2.0; +http://www.baidu.com/search/spider.html)"
114.119.147.87 - - [01/Jul/2022:13:49:58 +0000] "GET /node/125 HTTP/1.1" 301 178 "https://mrchoke.org/node/date/2006/11/" "Mozilla/5.0 (Linux; Android 7.0;) AppleWebKit/537.36 (KHTML, like Gecko) Mobile Safari/537.36 (compatible; PetalBot;+https://webmaster.petalsearch.com/site/petalbot)"
114.119.147.87 - - [01/Jul/2022:13:49:59 +0000] "GET /node/125/ HTTP/1.1" 200 8250 "https://mrchoke.org/node/date/2006/11/" "Mozilla/5.0 (Linux; Android 7.0;) AppleWebKit/537.36 (KHTML, like Gecko) Mobile Safari/537.36 (compatible; PetalBot;+https://webmaster.petalsearch.com/site/petalbot)"
185.7.214.104 - - [01/Jul/2022:13:51:53 +0000] "GET /index.php?s=/Index/\x5Cthink\x5Capp/invokefunction&function=call_user_func_array&vars[0]=md5&vars[1][]=HelloThinkPHP21 HTTP/1.1" 301 178 "-" "Mozilla/5.0 (Windows NT 10.0; Win64; x64) AppleWebKit/537.36 (KHTML, like Gecko) Chrome/78.0.3904.108 Safari/537.36"
185.191.171.14 - - [01/Jul/2022:13:55:32 +0000] "GET /node/category/stardict HTTP/1.1" 302 154 "-" "Mozilla/5.0 (compatible; SemrushBot/7~bl; +http://www.semrush.com/bot.html)"
185.191.171.44 - - [01/Jul/2022:13:55:33 +0000] "GET /node/category/stardict HTTP/1.1" 301 178 "-" "Mozilla/5.0 (compatible; SemrushBot/7~bl; +http://www.semrush.com/bot.html)"
185.191.171.9 - - [01/Jul/2022:13:55:36 +0000] "GET /node/category/stardict/ HTTP/1.1" 200 10726 "-" "Mozilla/5.0 (compatible; SemrushBot/7~bl; +http://www.semrush.com/bot.html)"
51.222.253.20 - - [01/Jul/2022:13:56:17 +0000] "GET /img_6789/ HTTP/2.0" 200 7933 "-" "Mozilla/5.0 (compatible; AhrefsBot/7.0; +http://ahrefs.com/robot/)"
207.46.13.149 - - [01/Jul/2022:13:56:39 +0000] "GET / HTTP/1.1" 200 396 "-" "Mozilla/5.0 (compatible; bingbot/2.0; +http://www.bing.com/bingbot.htm)"
114.119.147.75 - - [01/Jul/2022:14:02:12 +0000] "GET /node/7 HTTP/1.1" 302 154 "https://mrchoke.org/node/6?share=twitter" "Mozilla/5.0 (Linux; Android 7.0;) AppleWebKit/537.36 (KHTML, like Gecko) Mobile Safari/537.36 (compatible; PetalBot;+https://webmaster.petalsearch.com/site/petalbot)"
114.119.147.75 - - [01/Jul/2022:14:02:13 +0000] "GET /node/7 HTTP/1.1" 301 178 "https://mrchoke.org/node/6?share=twitter" "Mozilla/5.0 (Linux; Android 7.0;) AppleWebKit/537.36 (KHTML, like Gecko) Mobile Safari/537.36 (compatible; PetalBot;+https://webmaster.petalsearch.com/site/petalbot)"
114.119.147.75 - - [01/Jul/2022:14:02:14 +0000] "GET /node/7/ HTTP/1.1" 200 9806 "https://mrchoke.org/node/6?share=twitter" "Mozilla/5.0 (Linux; Android 7.0;) AppleWebKit/537.36 (KHTML, like Gecko) Mobile Safari/537.36 (compatible; PetalBot;+https://webmaster.petalsearch.com/site/petalbot)"
114.119.147.86 - - [01/Jul/2022:14:04:40 +0000] "GET /node/154?share=facebook HTTP/1.1" 302 154 "https://mrchoke.org/node/154?ak_action=reject_mobile" "Mozilla/5.0 (Linux; Android 7.0;) AppleWebKit/537.36 (KHTML, like Gecko) Mobile Safari/537.36 (compatible; PetalBot;+https://webmaster.petalsearch.com/site/petalbot)"
114.119.147.86 - - [01/Jul/2022:14:04:44 +0000] "GET /node/154?share=facebook HTTP/1.1" 301 178 "https://mrchoke.org/node/154?ak_action=reject_mobile" "Mozilla/5.0 (Linux; Android 7.0;) AppleWebKit/537.36 (KHTML, like Gecko) Mobile Safari/537.36 (compatible; PetalBot;+https://webmaster.petalsearch.com/site/petalbot)"
114.119.147.86 - - [01/Jul/2022:14:04:55 +0000] "GET /node/154/?share=facebook HTTP/1.1" 200 11024 "https://mrchoke.org/node/154?ak_action=reject_mobile" "Mozilla/5.0 (Linux; Android 7.0;) AppleWebKit/537.36 (KHTML, like Gecko) Mobile Safari/537.36 (compatible; PetalBot;+https://webmaster.petalsearch.com/site/petalbot)"
185.191.171.9 - - [01/Jul/2022:14:10:15 +0000] "GET /node/date/2004/11/28 HTTP/1.1" 301 178 "-" "Mozilla/5.0 (compatible; SemrushBot/7~bl; +http://www.semrush.com/bot.html)"
185.191.171.17 - - [01/Jul/2022:14:10:18 +0000] "GET /node/date/2004/11/28/ HTTP/1.1" 200 7971 "-" "Mozilla/5.0 (compatible; SemrushBot/7~bl; +http://www.semrush.com/bot.html)"
85.202.169.250 - - [01/Jul/2022:14:10:41 +0000] "GET / HTTP/1.1" 200 612 "-" "Mozilla/5.0 (Windows NT 10.0; Win64; x64) AppleWebKit/537.36 (KHTML, like Gecko) Chrome/95.0.4638.69 Safari/537.36"
85.202.169.250 - - [01/Jul/2022:14:10:42 +0000] "GET /wp-includes/ID3/license.txt HTTP/1.1" 404 564 "-" "Mozilla/5.0 (Windows NT 10.0; Win64; x64) AppleWebKit/537.36 (KHTML, like Gecko) Chrome/95.0.4638.69 Safari/537.36"
85.202.169.250 - - [01/Jul/2022:14:10:43 +0000] "GET /feed/ HTTP/1.1" 404 564 "-" "Mozilla/5.0 (Windows NT 10.0; Win64; x64) AppleWebKit/537.36 (KHTML, like Gecko) Chrome/95.0.4638.69 Safari/537.36"
85.202.169.250 - - [01/Jul/2022:14:10:44 +0000] "GET /xmlrpc.php?rsd HTTP/1.1" 404 564 "-" "Mozilla/5.0 (Windows NT 10.0; Win64; x64) AppleWebKit/537.36 (KHTML, like Gecko) Chrome/95.0.4638.69 Safari/537.36"
85.202.169.250 - - [01/Jul/2022:14:10:45 +0000] "GET /blog/wp-includes/wlwmanifest.xml HTTP/1.1" 404 564 "-" "Mozilla/5.0 (Windows NT 10.0; Win64; x64) AppleWebKit/537.36 (KHTML, like Gecko) Chrome/95.0.4638.69 Safari/537.36"
85.202.169.250 - - [01/Jul/2022:14:10:46 +0000] "GET /web/wp-includes/wlwmanifest.xml HTTP/1.1" 404 564 "-" "Mozilla/5.0 (Windows NT 10.0; Win64; x64) AppleWebKit/537.36 (KHTML, like Gecko) Chrome/95.0.4638.69 Safari/537.36"
85.202.169.250 - - [01/Jul/2022:14:10:46 +0000] "GET /wordpress/wp-includes/wlwmanifest.xml HTTP/1.1" 404 564 "-" "Mozilla/5.0 (Windows NT 10.0; Win64; x64) AppleWebKit/537.36 (KHTML, like Gecko) Chrome/95.0.4638.69 Safari/537.36"
85.202.169.250 - - [01/Jul/2022:14:10:47 +0000] "GET /wp/wp-includes/wlwmanifest.xml HTTP/1.1" 404 564 "-" "Mozilla/5.0 (Windows NT 10.0; Win64; x64) AppleWebKit/537.36 (KHTML, like Gecko) Chrome/95.0.4638.69 Safari/537.36"
85.202.169.250 - - [01/Jul/2022:14:10:48 +0000] "GET /2020/wp-includes/wlwmanifest.xml HTTP/1.1" 404 564 "-" "Mozilla/5.0 (Windows NT 10.0; Win64; x64) AppleWebKit/537.36 (KHTML, like Gecko) Chrome/95.0.4638.69 Safari/537.36"
85.202.169.250 - - [01/Jul/2022:14:10:49 +0000] "GET /2019/wp-includes/wlwmanifest.xml HTTP/1.1" 404 564 "-" "Mozilla/5.0 (Windows NT 10.0; Win64; x64) AppleWebKit/537.36 (KHTML, like Gecko) Chrome/95.0.4638.69 Safari/537.36"
85.202.169.250 - - [01/Jul/2022:14:10:49 +0000] "GET /2021/wp-includes/wlwmanifest.xml HTTP/1.1" 404 564 "-" "Mozilla/5.0 (Windows NT 10.0; Win64; x64) AppleWebKit/537.36 (KHTML, like Gecko) Chrome/95.0.4638.69 Safari/537.36"
85.202.169.250 - - [01/Jul/2022:14:10:50 +0000] "GET /shop/wp-includes/wlwmanifest.xml HTTP/1.1" 404 564 "-" "Mozilla/5.0 (Windows NT 10.0; Win64; x64) AppleWebKit/537.36 (KHTML, like Gecko) Chrome/95.0.4638.69 Safari/537.36"
85.202.169.250 - - [01/Jul/2022:14:10:51 +0000] "GET /wp1/wp-includes/wlwmanifest.xml HTTP/1.1" 404 564 "-" "Mozilla/5.0 (Windows NT 10.0; Win64; x64) AppleWebKit/537.36 (KHTML, like Gecko) Chrome/95.0.4638.69 Safari/537.36"
85.202.169.250 - - [01/Jul/2022:14:10:52 +0000] "GET /test/wp-includes/wlwmanifest.xml HTTP/1.1" 404 564 "-" "Mozilla/5.0 (Windows NT 10.0; Win64; x64) AppleWebKit/537.36 (KHTML, like Gecko) Chrome/95.0.4638.69 Safari/537.36"
85.202.169.250 - - [01/Jul/2022:14:10:52 +0000] "GET /site/wp-includes/wlwmanifest.xml HTTP/1.1" 404 564 "-" "Mozilla/5.0 (Windows NT 10.0; Win64; x64) AppleWebKit/537.36 (KHTML, like Gecko) Chrome/95.0.4638.69 Safari/537.36"
85.202.169.250 - - [01/Jul/2022:14:10:53 +0000] "GET /cms/wp-includes/wlwmanifest.xml HTTP/1.1" 404 564 "-" "Mozilla/5.0 (Windows NT 10.0; Win64; x64) AppleWebKit/537.36 (KHTML, like Gecko) Chrome/95.0.4638.69 Safari/537.36"
85.202.169.250 - - [01/Jul/2022:14:10:54 +0000] "" 400 0 "-" "-"
185.191.171.23 - - [01/Jul/2022:14:11:48 +0000] "GET /node/category/ubuntu/edgy HTTP/1.1" 301 178 "-" "Mozilla/5.0 (compatible; SemrushBot/7~bl; +http://www.semrush.com/bot.html)"
185.191.171.43 - - [01/Jul/2022:14:11:51 +0000] "GET /node/category/ubuntu/edgy/ HTTP/1.1" 200 9451 "-" "Mozilla/5.0 (compatible; SemrushBot/7~bl; +http://www.semrush.com/bot.html)"
51.222.253.16 - - [01/Jul/2022:14:14:53 +0000] "GET /img_6803/ HTTP/2.0" 200 7935 "-" "Mozilla/5.0 (compatible; AhrefsBot/7.0; +http://ahrefs.com/robot/)"
114.119.147.73 - - [01/Jul/2022:14:15:39 +0000] "GET /node/category/a88/ HTTP/1.1" 200 9057 "-" "Mozilla/5.0 (Linux; Android 7.0;) AppleWebKit/537.36 (KHTML, like Gecko) Mobile Safari/537.36 (compatible; PetalBot;+https://webmaster.petalsearch.com/site/petalbot)"
216.244.66.229 - - [01/Jul/2022:14:18:17 +0000] "GET /robots.txt HTTP/1.1" 404 162 "-" "Mozilla/5.0 (compatible; DotBot/1.2; +https://opensiteexplorer.org/dotbot; help@moz.com)"
185.191.171.45 - - [01/Jul/2022:14:18:51 +0000] "GET /robots.txt HTTP/1.1" 404 134 "-" "Mozilla/5.0 (compatible; SemrushBot/7~bl; +http://www.semrush.com/bot.html)"
185.191.171.42 - - [01/Jul/2022:14:18:52 +0000] "GET /img_7959 HTTP/1.1" 301 178 "-" "Mozilla/5.0 (compatible; SemrushBot/7~bl; +http://www.semrush.com/bot.html)"
185.191.171.26 - - [01/Jul/2022:14:18:55 +0000] "GET /img_7959/ HTTP/1.1" 200 7950 "-" "Mozilla/5.0 (compatible; SemrushBot/7~bl; +http://www.semrush.com/bot.html)"
64.62.197.47 - - [01/Jul/2022:14:20:46 +0000] "GET / HTTP/1.1" 200 612 "-" "-"
207.46.13.174 - - [01/Jul/2022:14:21:05 +0000] "GET /feed/?attachment_id=1681 HTTP/2.0" 403 123 "-" "Mozilla/5.0 (compatible; bingbot/2.0; +http://www.bing.com/bingbot.htm)"
216.244.66.229 - - [01/Jul/2022:14:24:23 +0000] "GET /node/category/domain/page/19/ HTTP/1.1" 404 162 "-" "Mozilla/5.0 (compatible; DotBot/1.2; +https://opensiteexplorer.org/dotbot; help@moz.com)"
207.46.13.4 - - [01/Jul/2022:14:26:02 +0000] "GET /feed/?attachment_id=1390 HTTP/2.0" 403 123 "-" "Mozilla/5.0 (compatible; bingbot/2.0; +http://www.bing.com/bingbot.htm)"
216.244.66.229 - - [01/Jul/2022:14:27:17 +0000] "GET /node/181/?share=google-plus-1 HTTP/1.1" 404 162 "-" "Mozilla/5.0 (compatible; DotBot/1.2; +https://opensiteexplorer.org/dotbot; help@moz.com)"
87.250.224.178 - - [01/Jul/2022:14:29:47 +0000] "GET /node/236/ HTTP/1.1" 200 9120 "-" "Mozilla/5.0 (compatible; YandexBot/3.0; +http://yandex.com/bots)"
216.244.66.229 - - [01/Jul/2022:14:30:17 +0000] "GET /node/865/ch7_3177 HTTP/1.1" 404 162 "-" "Mozilla/5.0 (compatible; DotBot/1.2; +https://opensiteexplorer.org/dotbot; help@moz.com)"
216.244.66.229 - - [01/Jul/2022:14:30:22 +0000] "GET /node/865/ch7_3279 HTTP/1.1" 404 162 "-" "Mozilla/5.0 (compatible; DotBot/1.2; +https://opensiteexplorer.org/dotbot; help@moz.com)"
40.77.167.43 - - [01/Jul/2022:14:32:00 +0000] "GET /feed/?attachment_id=1096 HTTP/2.0" 403 123 "-" "Mozilla/5.0 (compatible; bingbot/2.0; +http://www.bing.com/bingbot.htm)"
51.222.253.7 - - [01/Jul/2022:14:34:15 +0000] "GET /node/211/ HTTP/2.0" 200 8401 "-" "Mozilla/5.0 (compatible; AhrefsBot/7.0; +http://ahrefs.com/robot/)"
114.119.147.74 - - [01/Jul/2022:14:34:40 +0000] "GET /node/112 HTTP/1.1" 301 178 "https://mrchoke.org/node/100?share=reddit" "Mozilla/5.0 (Linux; Android 7.0;) AppleWebKit/537.36 (KHTML, like Gecko) Mobile Safari/537.36 (compatible; PetalBot;+https://webmaster.petalsearch.com/site/petalbot)"
114.119.147.74 - - [01/Jul/2022:14:34:43 +0000] "GET /node/112/ HTTP/1.1" 200 8748 "https://mrchoke.org/node/100?share=reddit" "Mozilla/5.0 (Linux; Android 7.0;) AppleWebKit/537.36 (KHTML, like Gecko) Mobile Safari/537.36 (compatible; PetalBot;+https://webmaster.petalsearch.com/site/petalbot)"
185.191.171.4 - - [01/Jul/2022:14:43:11 +0000] "GET /robots.txt HTTP/1.1" 404 134 "-" "Mozilla/5.0 (compatible; SemrushBot/7~bl; +http://www.semrush.com/bot.html)"
185.191.171.19 - - [01/Jul/2022:14:43:11 +0000] "GET /gallery/ HTTP/1.1" 404 134 "-" "Mozilla/5.0 (compatible; SemrushBot/7~bl; +http://www.semrush.com/bot.html)"
40.77.167.46 - - [01/Jul/2022:14:45:59 +0000] "GET /wp-content/uploads/2014/01/CH7_3361.jpg HTTP/2.0" 200 2117097 "-" "Mozilla/5.0 (compatible; bingbot/2.0; +http://www.bing.com/bingbot.htm)"
114.119.147.74 - - [01/Jul/2022:14:45:59 +0000] "GET /node/790?share=facebook HTTP/1.1" 302 154 "https://mrchoke.org/node/790" "Mozilla/5.0 (Linux; Android 7.0;) AppleWebKit/537.36 (KHTML, like Gecko) Mobile Safari/537.36 (compatible; PetalBot;+https://webmaster.petalsearch.com/site/petalbot)"
114.119.147.74 - - [01/Jul/2022:14:46:02 +0000] "GET /node/790?share=facebook HTTP/1.1" 301 178 "https://mrchoke.org/node/790" "Mozilla/5.0 (Linux; Android 7.0;) AppleWebKit/537.36 (KHTML, like Gecko) Mobile Safari/537.36 (compatible; PetalBot;+https://webmaster.petalsearch.com/site/petalbot)"
114.119.147.74 - - [01/Jul/2022:14:46:06 +0000] "GET /node/790/?share=facebook HTTP/1.1" 200 10315 "https://mrchoke.org/node/790" "Mozilla/5.0 (Linux; Android 7.0;) AppleWebKit/537.36 (KHTML, like Gecko) Mobile Safari/537.36 (compatible; PetalBot;+https://webmaster.petalsearch.com/site/petalbot)"
40.77.167.46 - - [01/Jul/2022:14:48:43 +0000] "GET /wp-content/uploads/2014/02/CH7_4051-1024x681.jpg HTTP/2.0" 200 128717 "-" "Mozilla/5.0 (compatible; bingbot/2.0; +http://www.bing.com/bingbot.htm)"
108.59.8.80 - - [01/Jul/2022:14:49:59 +0000] "GET /robots.txt HTTP/1.1" 404 162 "-" "Mozilla/5.0 (compatible; MJ12bot/v1.4.8; http://mj12bot.com/)"
108.59.8.80 - - [01/Jul/2022:14:50:01 +0000] "GET / HTTP/1.1" 200 396 "-" "Mozilla/5.0 (compatible; MJ12bot/v1.4.8; http://mj12bot.com/)"
165.227.186.50 - - [01/Jul/2022:14:50:04 +0000] "GET / HTTP/1.0" 200 612 "-" "Mozilla/5.0 (compatible; NetcraftSurveyAgent/1.0; +info@netcraft.com)"
185.191.171.36 - - [01/Jul/2022:14:50:28 +0000] "GET /robots.txt HTTP/1.1" 404 134 "-" "Mozilla/5.0 (compatible; SemrushBot/7~bl; +http://www.semrush.com/bot.html)"
185.191.171.1 - - [01/Jul/2022:14:50:29 +0000] "GET /node/341 HTTP/1.1" 302 154 "-" "Mozilla/5.0 (compatible; SemrushBot/7~bl; +http://www.semrush.com/bot.html)"
185.191.171.18 - - [01/Jul/2022:14:50:30 +0000] "GET /node/341 HTTP/1.1" 301 178 "-" "Mozilla/5.0 (compatible; SemrushBot/7~bl; +http://www.semrush.com/bot.html)"
185.191.171.23 - - [01/Jul/2022:14:51:19 +0000] "GET /node/category/socail_network HTTP/1.1" 301 178 "-" "Mozilla/5.0 (compatible; SemrushBot/7~bl; +http://www.semrush.com/bot.html)"
185.191.171.14 - - [01/Jul/2022:14:51:23 +0000] "GET /node/category/socail_network/ HTTP/1.1" 200 12383 "-" "Mozilla/5.0 (compatible; SemrushBot/7~bl; +http://www.semrush.com/bot.html)"
185.191.171.19 - - [01/Jul/2022:14:53:15 +0000] "GET /node/category/uncategorized/page/5 HTTP/1.1" 302 154 "-" "Mozilla/5.0 (compatible; SemrushBot/7~bl; +http://www.semrush.com/bot.html)"
185.191.171.10 - - [01/Jul/2022:14:53:17 +0000] "GET /node/category/uncategorized/page/5 HTTP/1.1" 301 178 "-" "Mozilla/5.0 (compatible; SemrushBot/7~bl; +http://www.semrush.com/bot.html)"
185.191.171.3 - - [01/Jul/2022:14:53:20 +0000] "GET /node/category/uncategorized/page/5/ HTTP/1.1" 200 11826 "-" "Mozilla/5.0 (compatible; SemrushBot/7~bl; +http://www.semrush.com/bot.html)"
202.142.178.70 - - [01/Jul/2022:14:55:38 +0000] "GET / HTTP/1.1" 200 612 "-" "Mozilla/5.0 (Windows NT 6.1; WOW64) AppleWebKit/537.36 (KHTML, like Gecko) Chrome/51.0.2704.103 Safari/537.36"
51.222.253.20 - - [01/Jul/2022:14:55:48 +0000] "GET /img_6790/ HTTP/2.0" 200 7984 "-" "Mozilla/5.0 (compatible; AhrefsBot/7.0; +http://ahrefs.com/robot/)"
114.119.147.86 - - [01/Jul/2022:14:57:17 +0000] "GET /node/205 HTTP/1.1" 301 178 "https://mrchoke.org/node/204" "Mozilla/5.0 (Linux; Android 7.0;) AppleWebKit/537.36 (KHTML, like Gecko) Mobile Safari/537.36 (compatible; PetalBot;+https://webmaster.petalsearch.com/site/petalbot)"
114.119.147.86 - - [01/Jul/2022:14:57:18 +0000] "GET /node/205/ HTTP/1.1" 200 9714 "https://mrchoke.org/node/204" "Mozilla/5.0 (Linux; Android 7.0;) AppleWebKit/537.36 (KHTML, like Gecko) Mobile Safari/537.36 (compatible; PetalBot;+https://webmaster.petalsearch.com/site/petalbot)"
207.46.13.4 - - [01/Jul/2022:14:59:32 +0000] "GET /wp-content/uploads/2014/01/CH7_3314.jpg HTTP/2.0" 200 2648681 "-" "Mozilla/5.0 AppleWebKit/537.36 (KHTML, like Gecko; compatible; bingbot/2.0; +http://www.bing.com/bingbot.htm) Chrome/100.0.4896.127 Safari/537.36"
207.46.13.174 - - [01/Jul/2022:15:02:58 +0000] "GET /wp-content/uploads/2013/12/Screenshot-2013-12-06-15.09.49.png?is-pending-load=1 HTTP/1.1" 404 134 "-" "Mozilla/5.0 (compatible; bingbot/2.0; +http://www.bing.com/bingbot.htm)"
114.119.147.73 - - [01/Jul/2022:15:03:11 +0000] "GET /node/category/kernel HTTP/1.1" 301 178 "https://mrchoke.org/node/tag/virtualbox?ak_action=reject_mobile" "Mozilla/5.0 (Linux; Android 7.0;) AppleWebKit/537.36 (KHTML, like Gecko) Mobile Safari/537.36 (compatible; PetalBot;+https://webmaster.petalsearch.com/site/petalbot)"
114.119.147.73 - - [01/Jul/2022:15:03:24 +0000] "GET /node/category/kernel/ HTTP/1.1" 200 9655 "https://mrchoke.org/node/tag/virtualbox?ak_action=reject_mobile" "Mozilla/5.0 (Linux; Android 7.0;) AppleWebKit/537.36 (KHTML, like Gecko) Mobile Safari/537.36 (compatible; PetalBot;+https://webmaster.petalsearch.com/site/petalbot)"
40.77.167.46 - - [01/Jul/2022:15:03:36 +0000] "GET / HTTP/1.1" 200 396 "-" "Mozilla/5.0 (compatible; bingbot/2.0; +http://www.bing.com/bingbot.htm)"
185.191.171.40 - - [01/Jul/2022:15:04:38 +0000] "GET /node/category/nectec/page/3 HTTP/1.1" 301 178 "-" "Mozilla/5.0 (compatible; SemrushBot/7~bl; +http://www.semrush.com/bot.html)"
185.191.171.26 - - [01/Jul/2022:15:04:40 +0000] "GET /node/category/nectec/page/3/ HTTP/1.1" 200 10765 "-" "Mozilla/5.0 (compatible; SemrushBot/7~bl; +http://www.semrush.com/bot.html)"
207.46.13.174 - - [01/Jul/2022:15:04:48 +0000] "GET / HTTP/2.0" 200 15995 "-" "Mozilla/5.0 (compatible; bingbot/2.0; +http://www.bing.com/bingbot.htm)"
114.119.147.74 - - [01/Jul/2022:15:05:07 +0000] "GET /node/117 HTTP/1.1" 301 178 "https://static.mrchoke.org/node/category/linux/linuxsis/" "Mozilla/5.0 (Linux; Android 7.0;) AppleWebKit/537.36 (KHTML, like Gecko) Mobile Safari/537.36 (compatible; PetalBot;+https://webmaster.petalsearch.com/site/petalbot)"
114.119.147.74 - - [01/Jul/2022:15:05:11 +0000] "GET /node/117/ HTTP/1.1" 200 8877 "https://static.mrchoke.org/node/category/linux/linuxsis/" "Mozilla/5.0 (Linux; Android 7.0;) AppleWebKit/537.36 (KHTML, like Gecko) Mobile Safari/537.36 (compatible; PetalBot;+https://webmaster.petalsearch.com/site/petalbot)"
66.249.71.31 - - [01/Jul/2022:15:06:06 +0000] "GET /node/1356/img_7238/ HTTP/1.1" 200 7934 "-" "Mozilla/5.0 (Linux; Android 6.0.1; Nexus 5X Build/MMB29P) AppleWebKit/537.36 (KHTML, like Gecko) Chrome/103.0.5060.53 Mobile Safari/537.36 (compatible; Googlebot/2.1; +http://www.google.com/bot.html)"
114.119.147.87 - - [01/Jul/2022:15:07:25 +0000] "GET /node/1504/img_7457?share=twitter HTTP/1.1" 302 154 "https://mrchoke.org/node/1504/img_7457" "Mozilla/5.0 (Linux; Android 7.0;) AppleWebKit/537.36 (KHTML, like Gecko) Mobile Safari/537.36 (compatible; PetalBot;+https://webmaster.petalsearch.com/site/petalbot)"
114.119.147.87 - - [01/Jul/2022:15:07:34 +0000] "GET /node/1504/img_7457?share=twitter HTTP/1.1" 301 178 "https://mrchoke.org/node/1504/img_7457" "Mozilla/5.0 (Linux; Android 7.0;) AppleWebKit/537.36 (KHTML, like Gecko) Mobile Safari/537.36 (compatible; PetalBot;+https://webmaster.petalsearch.com/site/petalbot)"
216.244.66.229 - - [01/Jul/2022:15:11:44 +0000] "GET /robots.txt HTTP/1.1" 404 162 "-" "Mozilla/5.0 (compatible; DotBot/1.2; +https://opensiteexplorer.org/dotbot; help@moz.com)"
216.244.66.229 - - [01/Jul/2022:15:11:44 +0000] "GET /robots.txt HTTP/1.1" 404 162 "-" "Mozilla/5.0 (compatible; DotBot/1.2; +https://opensiteexplorer.org/dotbot; help@moz.com)"
138.246.253.24 - - [01/Jul/2022:15:13:08 +0000] "GET /robots.txt HTTP/1.1" 301 178 "-" "Mozilla/5.0 (Windows NT 10.0; Win64; x64) AppleWebKit/537.36 (KHTML, like Gecko) Chrome/88.0.4324.146 Safari/537.36"
216.244.66.229 - - [01/Jul/2022:15:15:02 +0000] "GET /wp-content/uploads/2014/01/CH7_3175.jpg HTTP/1.1" 404 162 "-" "Mozilla/5.0 (compatible; DotBot/1.2; +https://opensiteexplorer.org/dotbot; help@moz.com)"
114.119.147.73 - - [01/Jul/2022:15:16:12 +0000] "GET /node/1006 HTTP/1.1" 302 154 "https://mrchoke.org/node/1006/img_6489?share=facebook" "Mozilla/5.0 (Linux; Android 7.0;) AppleWebKit/537.36 (KHTML, like Gecko) Mobile Safari/537.36 (compatible; PetalBot;+https://webmaster.petalsearch.com/site/petalbot)"
114.119.147.73 - - [01/Jul/2022:15:16:23 +0000] "GET /node/1006 HTTP/1.1" 301 178 "https://mrchoke.org/node/1006/img_6489?share=facebook" "Mozilla/5.0 (Linux; Android 7.0;) AppleWebKit/537.36 (KHTML, like Gecko) Mobile Safari/537.36 (compatible; PetalBot;+https://webmaster.petalsearch.com/site/petalbot)"
216.244.66.229 - - [01/Jul/2022:15:16:41 +0000] "GET /wp-content/uploads/2014/02/Screenshot-2014-02-18-14.51.16.png HTTP/1.1" 404 162 "-" "Mozilla/5.0 (compatible; DotBot/1.2; +https://opensiteexplorer.org/dotbot; help@moz.com)"
185.7.214.104 - - [01/Jul/2022:15:17:21 +0000] "GET /?XDEBUG_SESSION_START=phpstorm HTTP/1.1" 301 178 "-" "Mozilla/5.0 (Windows NT 10.0; Win64; x64) AppleWebKit/537.36 (KHTML, like Gecko) Chrome/78.0.3904.108 Safari/537.36"
20.248.243.89 - - [01/Jul/2022:15:18:05 +0000] "GET /shell4.php HTTP/1.1" 404 134 "https://www.google.com" "Mozilla/5.0 (Windows NT 10.0; WOW64; rv:52.0) Gecko/20100101 Firefox/52.0"
20.248.243.89 - - [01/Jul/2022:15:18:05 +0000] "GET /ups.php HTTP/1.1" 404 134 "https://www.google.com" "Mozilla/5.0 (Windows NT 10.0; WOW64; rv:52.0) Gecko/20100101 Firefox/52.0"
20.248.243.89 - - [01/Jul/2022:15:18:06 +0000] "GET /ru.php HTTP/1.1" 404 134 "https://www.google.com" "Mozilla/5.0 (Windows NT 10.0; WOW64; rv:52.0) Gecko/20100101 Firefox/52.0"
20.248.243.89 - - [01/Jul/2022:15:18:06 +0000] "GET /if.php HTTP/1.1" 404 134 "https://www.google.com" "Mozilla/5.0 (Windows NT 10.0; WOW64; rv:52.0) Gecko/20100101 Firefox/52.0"
20.248.243.89 - - [01/Jul/2022:15:18:06 +0000] "GET /vuln.php HTTP/1.1" 404 134 "https://www.google.com" "Mozilla/5.0 (Windows NT 10.0; WOW64; rv:52.0) Gecko/20100101 Firefox/52.0"
20.248.243.89 - - [01/Jul/2022:15:18:07 +0000] "GET /fw.php HTTP/1.1" 404 134 "https://www.google.com" "Mozilla/5.0 (Windows NT 10.0; WOW64; rv:52.0) Gecko/20100101 Firefox/52.0"
20.248.243.89 - - [01/Jul/2022:15:18:07 +0000] "GET /skipper.php HTTP/1.1" 404 134 "https://www.google.com" "Mozilla/5.0 (Windows NT 10.0; WOW64; rv:52.0) Gecko/20100101 Firefox/52.0"
20.248.243.89 - - [01/Jul/2022:15:18:08 +0000] "GET /skippershell.php HTTP/1.1" 404 134 "https://www.google.com" "Mozilla/5.0 (Windows NT 10.0; WOW64; rv:52.0) Gecko/20100101 Firefox/52.0"
20.248.243.89 - - [01/Jul/2022:15:18:08 +0000] "GET /tttt.php HTTP/1.1" 404 134 "https://www.google.com" "Mozilla/5.0 (Windows NT 10.0; WOW64; rv:52.0) Gecko/20100101 Firefox/52.0"
20.248.243.89 - - [01/Jul/2022:15:18:09 +0000] "GET /tshop.php HTTP/1.1" 404 134 "https://www.google.com" "Mozilla/5.0 (Windows NT 10.0; WOW64; rv:52.0) Gecko/20100101 Firefox/52.0"
20.248.243.89 - - [01/Jul/2022:15:18:09 +0000] "GET /alfa.php HTTP/1.1" 404 134 "https://www.google.com" "Mozilla/5.0 (Windows NT 10.0; WOW64; rv:52.0) Gecko/20100101 Firefox/52.0"
20.248.243.89 - - [01/Jul/2022:15:18:10 +0000] "GET /shell.php HTTP/1.1" 404 134 "https://www.google.com" "Mozilla/5.0 (Windows NT 10.0; WOW64; rv:52.0) Gecko/20100101 Firefox/52.0"
20.248.243.89 - - [01/Jul/2022:15:18:10 +0000] "GET /inje3ctor.php HTTP/1.1" 404 134 "https://www.google.com" "Mozilla/5.0 (Windows NT 10.0; WOW64; rv:52.0) Gecko/20100101 Firefox/52.0"
20.248.243.89 - - [01/Jul/2022:15:18:10 +0000] "GET /saudi.php HTTP/1.1" 404 134 "https://www.google.com" "Mozilla/5.0 (Windows NT 10.0; WOW64; rv:52.0) Gecko/20100101 Firefox/52.0"
20.248.243.89 - - [01/Jul/2022:15:18:11 +0000] "GET /wso.php HTTP/1.1" 404 134 "https://www.google.com" "Mozilla/5.0 (Windows NT 10.0; WOW64; rv:52.0) Gecko/20100101 Firefox/52.0"
20.248.243.89 - - [01/Jul/2022:15:18:11 +0000] "GET /alfashell.php HTTP/1.1" 404 134 "https://www.google.com" "Mozilla/5.0 (Windows NT 10.0; WOW64; rv:52.0) Gecko/20100101 Firefox/52.0"
20.248.243.89 - - [01/Jul/2022:15:18:12 +0000] "GET /my_alfa.php HTTP/1.1" 404 134 "https://www.google.com" "Mozilla/5.0 (Windows NT 10.0; WOW64; rv:52.0) Gecko/20100101 Firefox/52.0"
20.248.243.89 - - [01/Jul/2022:15:18:12 +0000] "GET /uploader.php HTTP/1.1" 404 134 "https://www.google.com" "Mozilla/5.0 (Windows NT 10.0; WOW64; rv:52.0) Gecko/20100101 Firefox/52.0"
20.248.243.89 - - [01/Jul/2022:15:18:13 +0000] "GET /up.php HTTP/1.1" 404 134 "https://www.google.com" "Mozilla/5.0 (Windows NT 10.0; WOW64; rv:52.0) Gecko/20100101 Firefox/52.0"
20.248.243.89 - - [01/Jul/2022:15:18:13 +0000] "GET /hacked.php HTTP/1.1" 404 134 "https://www.google.com" "Mozilla/5.0 (Windows NT 10.0; WOW64; rv:52.0) Gecko/20100101 Firefox/52.0"
20.248.243.89 - - [01/Jul/2022:15:18:13 +0000] "GET /c99.php HTTP/1.1" 404 134 "https://www.google.com" "Mozilla/5.0 (Windows NT 10.0; WOW64; rv:52.0) Gecko/20100101 Firefox/52.0"
