192.99.36.166 - - [01/Jul/2022:01:34:21 +0000] "GET /node/865/ch7_2994 HTTP/1.1" 302 154 "-" "Mozilla/5.0 (compatible; MJ12bot/v1.4.8; http://mj12bot.com/)"
192.99.36.166 - - [01/Jul/2022:01:34:23 +0000] "GET /node/865/ch7_2994 HTTP/1.1" 301 178 "-" "Mozilla/5.0 (compatible; MJ12bot/v1.4.8; http://mj12bot.com/)"
192.99.36.166 - - [01/Jul/2022:01:34:26 +0000] "GET /node/865/ch7_2994/ HTTP/1.1" 200 7895 "-" "Mozilla/5.0 (compatible; MJ12bot/v1.4.8; http://mj12bot.com/)"
192.99.36.166 - - [01/Jul/2022:01:34:28 +0000] "GET /node/865/ch7_2994/feed HTTP/1.1" 302 154 "-" "Mozilla/5.0 (compatible; MJ12bot/v1.4.8; http://mj12bot.com/)"
192.99.36.166 - - [01/Jul/2022:01:34:31 +0000] "GET /node/865/ch7_2994/feed HTTP/1.1" 301 178 "-" "Mozilla/5.0 (compatible; MJ12bot/v1.4.8; http://mj12bot.com/)"
192.99.36.166 - - [01/Jul/2022:01:34:33 +0000] "GET /node/865/ch7_2994/feed/ HTTP/1.1" 403 134 "-" "Mozilla/5.0 (compatible; MJ12bot/v1.4.8; http://mj12bot.com/)"
192.99.36.166 - - [01/Jul/2022:01:34:36 +0000] "GET /node/865/ch7_3012 HTTP/1.1" 302 154 "-" "Mozilla/5.0 (compatible; MJ12bot/v1.4.8; http://mj12bot.com/)"
192.99.36.166 - - [01/Jul/2022:01:34:38 +0000] "GET /node/865/ch7_3012 HTTP/1.1" 301 178 "-" "Mozilla/5.0 (compatible; MJ12bot/v1.4.8; http://mj12bot.com/)"
192.99.36.166 - - [01/Jul/2022:01:34:40 +0000] "GET /node/865/ch7_3012/ HTTP/1.1" 200 7891 "-" "Mozilla/5.0 (compatible; MJ12bot/v1.4.8; http://mj12bot.com/)"
192.99.36.166 - - [01/Jul/2022:01:34:44 +0000] "GET /node/865/ch7_3012/feed HTTP/1.1" 302 154 "-" "Mozilla/5.0 (compatible; MJ12bot/v1.4.8; http://mj12bot.com/)"
192.99.36.166 - - [01/Jul/2022:01:34:45 +0000] "GET /node/865/ch7_3012/feed HTTP/1.1" 301 178 "-" "Mozilla/5.0 (compatible; MJ12bot/v1.4.8; http://mj12bot.com/)"
192.99.36.166 - - [01/Jul/2022:01:34:47 +0000] "GET /node/865/ch7_3012/feed/ HTTP/1.1" 403 134 "-" "Mozilla/5.0 (compatible; MJ12bot/v1.4.8; http://mj12bot.com/)"
192.99.36.166 - - [01/Jul/2022:01:34:50 +0000] "GET /node/865/ch7_3022 HTTP/1.1" 302 154 "-" "Mozilla/5.0 (compatible; MJ12bot/v1.4.8; http://mj12bot.com/)"
192.99.36.166 - - [01/Jul/2022:01:34:52 +0000] "GET /node/865/ch7_3022 HTTP/1.1" 301 178 "-" "Mozilla/5.0 (compatible; MJ12bot/v1.4.8; http://mj12bot.com/)"
192.99.36.166 - - [01/Jul/2022:01:34:54 +0000] "GET /node/865/ch7_3022/ HTTP/1.1" 200 7890 "-" "Mozilla/5.0 (compatible; MJ12bot/v1.4.8; http://mj12bot.com/)"
192.99.36.166 - - [01/Jul/2022:01:34:59 +0000] "GET /node/865/ch7_3022/feed HTTP/1.1" 302 154 "-" "Mozilla/5.0 (compatible; MJ12bot/v1.4.8; http://mj12bot.com/)"
192.99.36.166 - - [01/Jul/2022:01:35:01 +0000] "GET /node/865/ch7_3022/feed HTTP/1.1" 301 178 "-" "Mozilla/5.0 (compatible; MJ12bot/v1.4.8; http://mj12bot.com/)"
192.99.36.166 - - [01/Jul/2022:01:35:02 +0000] "GET /node/865/ch7_3022/feed/ HTTP/1.1" 403 134 "-" "Mozilla/5.0 (compatible; MJ12bot/v1.4.8; http://mj12bot.com/)"
192.99.36.166 - - [01/Jul/2022:01:35:04 +0000] "GET /node/865/ch7_3026 HTTP/1.1" 302 154 "-" "Mozilla/5.0 (compatible; MJ12bot/v1.4.8; http://mj12bot.com/)"
192.99.36.166 - - [01/Jul/2022:01:35:06 +0000] "GET /node/865/ch7_3026 HTTP/1.1" 301 178 "-" "Mozilla/5.0 (compatible; MJ12bot/v1.4.8; http://mj12bot.com/)"
192.99.36.166 - - [01/Jul/2022:01:35:08 +0000] "GET /node/865/ch7_3026/ HTTP/1.1" 200 7890 "-" "Mozilla/5.0 (compatible; MJ12bot/v1.4.8; http://mj12bot.com/)"
192.99.36.166 - - [01/Jul/2022:01:35:10 +0000] "GET /node/865/ch7_3026/feed HTTP/1.1" 302 154 "-" "Mozilla/5.0 (compatible; MJ12bot/v1.4.8; http://mj12bot.com/)"
192.99.36.166 - - [01/Jul/2022:01:35:12 +0000] "GET /node/865/ch7_3026/feed HTTP/1.1" 301 178 "-" "Mozilla/5.0 (compatible; MJ12bot/v1.4.8; http://mj12bot.com/)"
192.99.36.166 - - [01/Jul/2022:01:35:14 +0000] "GET /node/865/ch7_3026/feed/ HTTP/1.1" 403 134 "-" "Mozilla/5.0 (compatible; MJ12bot/v1.4.8; http://mj12bot.com/)"
192.99.36.166 - - [01/Jul/2022:01:35:16 +0000] "GET /node/865/ch7_3056 HTTP/1.1" 302 154 "-" "Mozilla/5.0 (compatible; MJ12bot/v1.4.8; http://mj12bot.com/)"
192.99.36.166 - - [01/Jul/2022:01:35:19 +0000] "GET /node/865/ch7_3056 HTTP/1.1" 301 178 "-" "Mozilla/5.0 (compatible; MJ12bot/v1.4.8; http://mj12bot.com/)"
192.99.36.166 - - [01/Jul/2022:01:35:21 +0000] "GET /node/865/ch7_3056/ HTTP/1.1" 200 7885 "-" "Mozilla/5.0 (compatible; MJ12bot/v1.4.8; http://mj12bot.com/)"
192.99.36.166 - - [01/Jul/2022:01:35:23 +0000] "GET /node/865/ch7_3056/feed HTTP/1.1" 302 154 "-" "Mozilla/5.0 (compatible; MJ12bot/v1.4.8; http://mj12bot.com/)"
192.99.36.166 - - [01/Jul/2022:01:35:25 +0000] "GET /node/865/ch7_3056/feed HTTP/1.1" 301 178 "-" "Mozilla/5.0 (compatible; MJ12bot/v1.4.8; http://mj12bot.com/)"
192.99.36.166 - - [01/Jul/2022:01:35:28 +0000] "GET /node/865/ch7_3056/feed/ HTTP/1.1" 403 134 "-" "Mozilla/5.0 (compatible; MJ12bot/v1.4.8; http://mj12bot.com/)"
192.99.36.166 - - [01/Jul/2022:01:35:31 +0000] "GET /node/865/ch7_3057 HTTP/1.1" 302 154 "-" "Mozilla/5.0 (compatible; MJ12bot/v1.4.8; http://mj12bot.com/)"
192.99.36.166 - - [01/Jul/2022:01:35:33 +0000] "GET /node/865/ch7_3057 HTTP/1.1" 301 178 "-" "Mozilla/5.0 (compatible; MJ12bot/v1.4.8; http://mj12bot.com/)"
192.99.36.166 - - [01/Jul/2022:01:35:36 +0000] "GET /node/865/ch7_3057/ HTTP/1.1" 200 7889 "-" "Mozilla/5.0 (compatible; MJ12bot/v1.4.8; http://mj12bot.com/)"
192.99.36.166 - - [01/Jul/2022:01:35:38 +0000] "GET /node/865/ch7_3057/feed HTTP/1.1" 302 154 "-" "Mozilla/5.0 (compatible; MJ12bot/v1.4.8; http://mj12bot.com/)"
192.99.36.166 - - [01/Jul/2022:01:35:42 +0000] "GET /node/865/ch7_3057/feed HTTP/1.1" 301 178 "-" "Mozilla/5.0 (compatible; MJ12bot/v1.4.8; http://mj12bot.com/)"
192.99.36.166 - - [01/Jul/2022:01:35:45 +0000] "GET /node/865/ch7_3057/feed/ HTTP/1.1" 403 134 "-" "Mozilla/5.0 (compatible; MJ12bot/v1.4.8; http://mj12bot.com/)"
192.99.36.166 - - [01/Jul/2022:01:35:48 +0000] "GET /node/865/ch7_3064 HTTP/1.1" 302 154 "-" "Mozilla/5.0 (compatible; MJ12bot/v1.4.8; http://mj12bot.com/)"
109.237.103.123 - - [01/Jul/2022:01:35:51 +0000] "GET /.env HTTP/1.1" 404 197 "-" "Mozilla/5.0 (X11; Linux x86_64) AppleWebKit/537.36 (KHTML, like Gecko) Chrome/81.0.4044.129 Safari/537.36"
192.99.36.166 - - [01/Jul/2022:01:35:51 +0000] "GET /node/865/ch7_3064 HTTP/1.1" 301 178 "-" "Mozilla/5.0 (compatible; MJ12bot/v1.4.8; http://mj12bot.com/)"
109.237.103.123 - - [01/Jul/2022:01:35:51 +0000] "\x16\x03\x01\x01D\x01\x00\x01@\x03\x03\x1Bwa\x82\xD4\xE2^;'\xEF\x17\x11i\xFF1\x22B\xA3|G60\xFE\xE57\xBF\xEA\xA2S.\xEA\xC1 \x8E\x1AG\x9A\xC9A\x0BZ Ze\xB08\x11q\xA6w4\xEFkA\xE9\xA5\xDC=C6\xED#\xC1\xA7\xDC\x00b\x13\x02\x13\x03\x13\x01\xC0,\xC00\xC0+\xC0/\xCC\xA9\xCC\xA8\x00\xA3\x00\x9F\x00\xA2\x00\x9E\xCC\xAA\xC0\xAF\xC0\xAD\xC0$\xC0(\xC0" 400 166 "-" "-"
192.99.36.166 - - [01/Jul/2022:01:35:55 +0000] "GET /node/865/ch7_3064/ HTTP/1.1" 200 7895 "-" "Mozilla/5.0 (compatible; MJ12bot/v1.4.8; http://mj12bot.com/)"
192.99.36.166 - - [01/Jul/2022:01:35:58 +0000] "GET /node/865/ch7_3064/feed HTTP/1.1" 302 154 "-" "Mozilla/5.0 (compatible; MJ12bot/v1.4.8; http://mj12bot.com/)"
192.99.36.166 - - [01/Jul/2022:01:36:02 +0000] "GET /node/865/ch7_3064/feed HTTP/1.1" 301 178 "-" "Mozilla/5.0 (compatible; MJ12bot/v1.4.8; http://mj12bot.com/)"
192.99.36.166 - - [01/Jul/2022:01:36:04 +0000] "GET /node/865/ch7_3064/feed/ HTTP/1.1" 403 134 "-" "Mozilla/5.0 (compatible; MJ12bot/v1.4.8; http://mj12bot.com/)"
192.99.36.166 - - [01/Jul/2022:01:36:07 +0000] "GET /node/865/ch7_3070 HTTP/1.1" 302 154 "-" "Mozilla/5.0 (compatible; MJ12bot/v1.4.8; http://mj12bot.com/)"
192.99.36.166 - - [01/Jul/2022:01:36:10 +0000] "GET /node/865/ch7_3070 HTTP/1.1" 301 178 "-" "Mozilla/5.0 (compatible; MJ12bot/v1.4.8; http://mj12bot.com/)"
192.99.36.166 - - [01/Jul/2022:01:36:13 +0000] "GET /node/865/ch7_3070/ HTTP/1.1" 200 7886 "-" "Mozilla/5.0 (compatible; MJ12bot/v1.4.8; http://mj12bot.com/)"
192.99.36.166 - - [01/Jul/2022:01:36:16 +0000] "GET /node/865/ch7_3082 HTTP/1.1" 302 154 "-" "Mozilla/5.0 (compatible; MJ12bot/v1.4.8; http://mj12bot.com/)"
192.99.36.166 - - [01/Jul/2022:01:36:18 +0000] "GET /node/865/ch7_3082 HTTP/1.1" 301 178 "-" "Mozilla/5.0 (compatible; MJ12bot/v1.4.8; http://mj12bot.com/)"
192.99.36.166 - - [01/Jul/2022:01:36:24 +0000] "GET /node/865/ch7_3082/ HTTP/1.1" 200 7887 "-" "Mozilla/5.0 (compatible; MJ12bot/v1.4.8; http://mj12bot.com/)"
192.99.36.166 - - [01/Jul/2022:01:36:28 +0000] "GET /node/865/ch7_3082/feed HTTP/1.1" 302 154 "-" "Mozilla/5.0 (compatible; MJ12bot/v1.4.8; http://mj12bot.com/)"
192.99.36.166 - - [01/Jul/2022:01:36:33 +0000] "GET /node/865/ch7_3082/feed HTTP/1.1" 301 178 "-" "Mozilla/5.0 (compatible; MJ12bot/v1.4.8; http://mj12bot.com/)"
192.99.36.166 - - [01/Jul/2022:01:36:37 +0000] "GET /node/865/ch7_3082/feed/ HTTP/1.1" 403 134 "-" "Mozilla/5.0 (compatible; MJ12bot/v1.4.8; http://mj12bot.com/)"
192.99.36.166 - - [01/Jul/2022:01:36:40 +0000] "GET /node/865/ch7_3086 HTTP/1.1" 302 154 "-" "Mozilla/5.0 (compatible; MJ12bot/v1.4.8; http://mj12bot.com/)"
192.99.36.166 - - [01/Jul/2022:01:36:42 +0000] "GET /node/865/ch7_3086 HTTP/1.1" 301 178 "-" "Mozilla/5.0 (compatible; MJ12bot/v1.4.8; http://mj12bot.com/)"
192.99.36.166 - - [01/Jul/2022:01:36:45 +0000] "GET /node/865/ch7_3086/ HTTP/1.1" 200 7889 "-" "Mozilla/5.0 (compatible; MJ12bot/v1.4.8; http://mj12bot.com/)"
192.99.36.166 - - [01/Jul/2022:01:36:50 +0000] "GET /node/865/ch7_3086/feed HTTP/1.1" 302 154 "-" "Mozilla/5.0 (compatible; MJ12bot/v1.4.8; http://mj12bot.com/)"
192.99.36.166 - - [01/Jul/2022:01:36:52 +0000] "GET /node/865/ch7_3086/feed HTTP/1.1" 301 178 "-" "Mozilla/5.0 (compatible; MJ12bot/v1.4.8; http://mj12bot.com/)"
192.99.36.166 - - [01/Jul/2022:01:36:58 +0000] "GET /node/865/ch7_3086/feed/ HTTP/1.1" 403 134 "-" "Mozilla/5.0 (compatible; MJ12bot/v1.4.8; http://mj12bot.com/)"
192.99.36.166 - - [01/Jul/2022:01:37:04 +0000] "GET /node/865/ch7_3090 HTTP/1.1" 302 154 "-" "Mozilla/5.0 (compatible; MJ12bot/v1.4.8; http://mj12bot.com/)"
192.99.36.166 - - [01/Jul/2022:01:37:08 +0000] "GET /node/865/ch7_3090 HTTP/1.1" 301 178 "-" "Mozilla/5.0 (compatible; MJ12bot/v1.4.8; http://mj12bot.com/)"
192.99.36.166 - - [01/Jul/2022:01:37:11 +0000] "GET /node/865/ch7_3090/ HTTP/1.1" 200 7889 "-" "Mozilla/5.0 (compatible; MJ12bot/v1.4.8; http://mj12bot.com/)"
192.99.36.166 - - [01/Jul/2022:01:37:18 +0000] "GET /node/865/ch7_3090/feed HTTP/1.1" 302 154 "-" "Mozilla/5.0 (compatible; MJ12bot/v1.4.8; http://mj12bot.com/)"
192.99.36.166 - - [01/Jul/2022:01:37:20 +0000] "GET /node/865/ch7_3090/feed HTTP/1.1" 301 178 "-" "Mozilla/5.0 (compatible; MJ12bot/v1.4.8; http://mj12bot.com/)"
192.99.36.166 - - [01/Jul/2022:01:37:25 +0000] "GET /node/865/ch7_3090/feed/ HTTP/1.1" 403 134 "-" "Mozilla/5.0 (compatible; MJ12bot/v1.4.8; http://mj12bot.com/)"
192.99.36.166 - - [01/Jul/2022:01:37:29 +0000] "GET /node/865/ch7_3096 HTTP/1.1" 302 154 "-" "Mozilla/5.0 (compatible; MJ12bot/v1.4.8; http://mj12bot.com/)"
192.99.36.166 - - [01/Jul/2022:01:37:32 +0000] "GET /node/865/ch7_3096 HTTP/1.1" 301 178 "-" "Mozilla/5.0 (compatible; MJ12bot/v1.4.8; http://mj12bot.com/)"
192.99.36.166 - - [01/Jul/2022:01:37:39 +0000] "GET /node/865/ch7_3096/ HTTP/1.1" 200 7894 "-" "Mozilla/5.0 (compatible; MJ12bot/v1.4.8; http://mj12bot.com/)"
192.99.36.166 - - [01/Jul/2022:01:37:44 +0000] "GET /node/865/ch7_3096/feed HTTP/1.1" 302 154 "-" "Mozilla/5.0 (compatible; MJ12bot/v1.4.8; http://mj12bot.com/)"
114.119.147.74 - - [01/Jul/2022:01:37:44 +0000] "GET /node/790/img_6158?ak_action=reject_mobile HTTP/1.1" 302 154 "https://mrchoke.org/node/790/img_6158?ak_action=accept_mobile" "Mozilla/5.0 (Linux; Android 7.0;) AppleWebKit/537.36 (KHTML, like Gecko) Mobile Safari/537.36 (compatible; PetalBot;+https://webmaster.petalsearch.com/site/petalbot)"
192.99.36.166 - - [01/Jul/2022:01:37:51 +0000] "GET /node/865/ch7_3096/feed HTTP/1.1" 404 134 "-" "Mozilla/5.0 (compatible; MJ12bot/v1.4.8; http://mj12bot.com/)"
114.119.147.74 - - [01/Jul/2022:01:37:55 +0000] "GET /node/790/img_6158?ak_action=reject_mobile HTTP/1.1" 301 178 "https://mrchoke.org/node/790/img_6158?ak_action=accept_mobile" "Mozilla/5.0 (Linux; Android 7.0;) AppleWebKit/537.36 (KHTML, like Gecko) Mobile Safari/537.36 (compatible; PetalBot;+https://webmaster.petalsearch.com/site/petalbot)"
192.99.36.166 - - [01/Jul/2022:01:37:56 +0000] "GET /node/865/ch7_3105 HTTP/1.1" 302 154 "-" "Mozilla/5.0 (compatible; MJ12bot/v1.4.8; http://mj12bot.com/)"
192.99.36.166 - - [01/Jul/2022:01:38:00 +0000] "GET /node/865/ch7_3105 HTTP/1.1" 301 178 "-" "Mozilla/5.0 (compatible; MJ12bot/v1.4.8; http://mj12bot.com/)"
114.119.147.74 - - [01/Jul/2022:01:38:04 +0000] "GET /node/790/img_6158/?ak_action=reject_mobile HTTP/1.1" 200 7945 "https://mrchoke.org/node/790/img_6158?ak_action=accept_mobile" "Mozilla/5.0 (Linux; Android 7.0;) AppleWebKit/537.36 (KHTML, like Gecko) Mobile Safari/537.36 (compatible; PetalBot;+https://webmaster.petalsearch.com/site/petalbot)"
192.99.36.166 - - [01/Jul/2022:01:38:06 +0000] "GET /node/865/ch7_3105/ HTTP/1.1" 200 7892 "-" "Mozilla/5.0 (compatible; MJ12bot/v1.4.8; http://mj12bot.com/)"
192.99.36.166 - - [01/Jul/2022:01:38:12 +0000] "GET /node/865/ch7_3105/feed HTTP/1.1" 302 154 "-" "Mozilla/5.0 (compatible; MJ12bot/v1.4.8; http://mj12bot.com/)"
192.99.36.166 - - [01/Jul/2022:01:38:16 +0000] "GET /node/865/ch7_3105/feed HTTP/1.1" 301 178 "-" "Mozilla/5.0 (compatible; MJ12bot/v1.4.8; http://mj12bot.com/)"
192.99.36.166 - - [01/Jul/2022:01:38:26 +0000] "GET /node/865/ch7_3105/feed/ HTTP/1.1" 403 134 "-" "Mozilla/5.0 (compatible; MJ12bot/v1.4.8; http://mj12bot.com/)"
192.99.36.166 - - [01/Jul/2022:01:38:36 +0000] "GET /node/865/ch7_3124 HTTP/1.1" 302 154 "-" "Mozilla/5.0 (compatible; MJ12bot/v1.4.8; http://mj12bot.com/)"
192.99.36.166 - - [01/Jul/2022:01:38:38 +0000] "GET /node/865/ch7_3124 HTTP/1.1" 301 178 "-" "Mozilla/5.0 (compatible; MJ12bot/v1.4.8; http://mj12bot.com/)"
192.99.36.166 - - [01/Jul/2022:01:38:41 +0000] "GET /node/865/ch7_3124/ HTTP/1.1" 200 7892 "-" "Mozilla/5.0 (compatible; MJ12bot/v1.4.8; http://mj12bot.com/)"
192.99.36.166 - - [01/Jul/2022:01:38:44 +0000] "GET /node/865/ch7_3124/feed HTTP/1.1" 302 154 "-" "Mozilla/5.0 (compatible; MJ12bot/v1.4.8; http://mj12bot.com/)"
192.99.36.166 - - [01/Jul/2022:01:38:47 +0000] "GET /node/865/ch7_3124/feed HTTP/1.1" 301 178 "-" "Mozilla/5.0 (compatible; MJ12bot/v1.4.8; http://mj12bot.com/)"
192.99.36.166 - - [01/Jul/2022:01:38:49 +0000] "GET /node/865/ch7_3124/feed/ HTTP/1.1" 403 134 "-" "Mozilla/5.0 (compatible; MJ12bot/v1.4.8; http://mj12bot.com/)"
192.99.36.166 - - [01/Jul/2022:01:38:53 +0000] "GET /node/865/ch7_3141 HTTP/1.1" 302 154 "-" "Mozilla/5.0 (compatible; MJ12bot/v1.4.8; http://mj12bot.com/)"
192.99.36.166 - - [01/Jul/2022:01:38:58 +0000] "GET /node/865/ch7_3141 HTTP/1.1" 301 178 "-" "Mozilla/5.0 (compatible; MJ12bot/v1.4.8; http://mj12bot.com/)"
192.99.36.166 - - [01/Jul/2022:01:39:01 +0000] "GET /node/865/ch7_3141/ HTTP/1.1" 200 7889 "-" "Mozilla/5.0 (compatible; MJ12bot/v1.4.8; http://mj12bot.com/)"
192.99.36.166 - - [01/Jul/2022:01:39:07 +0000] "GET /node/865/ch7_3141/feed HTTP/1.1" 302 154 "-" "Mozilla/5.0 (compatible; MJ12bot/v1.4.8; http://mj12bot.com/)"
192.99.36.166 - - [01/Jul/2022:01:39:09 +0000] "GET /node/865/ch7_3141/feed HTTP/1.1" 301 178 "-" "Mozilla/5.0 (compatible; MJ12bot/v1.4.8; http://mj12bot.com/)"
192.99.36.166 - - [01/Jul/2022:01:39:13 +0000] "GET /node/865/ch7_3141/feed/ HTTP/1.1" 403 134 "-" "Mozilla/5.0 (compatible; MJ12bot/v1.4.8; http://mj12bot.com/)"
192.99.36.166 - - [01/Jul/2022:01:39:17 +0000] "GET /node/865/ch7_3151/feed HTTP/1.1" 302 154 "-" "Mozilla/5.0 (compatible; MJ12bot/v1.4.8; http://mj12bot.com/)"
192.99.36.166 - - [01/Jul/2022:01:39:25 +0000] "GET /node/865/ch7_3151/feed HTTP/1.1" 301 178 "-" "Mozilla/5.0 (compatible; MJ12bot/v1.4.8; http://mj12bot.com/)"
192.99.36.166 - - [01/Jul/2022:01:39:29 +0000] "GET /node/865/ch7_3151/feed/ HTTP/1.1" 403 134 "-" "Mozilla/5.0 (compatible; MJ12bot/v1.4.8; http://mj12bot.com/)"
192.99.36.166 - - [01/Jul/2022:01:39:33 +0000] "GET /node/865/ch7_3153 HTTP/1.1" 302 154 "-" "Mozilla/5.0 (compatible; MJ12bot/v1.4.8; http://mj12bot.com/)"
114.119.147.97 - - [01/Jul/2022:01:39:36 +0000] "GET /node/category/domain/page/19?ak_action=reject_mobile HTTP/1.1" 302 154 "https://mrchoke.org/node/category/domain/page/18?ak_action=reject_mobile" "Mozilla/5.0 (Linux; Android 7.0;) AppleWebKit/537.36 (KHTML, like Gecko) Mobile Safari/537.36 (compatible; PetalBot;+https://webmaster.petalsearch.com/site/petalbot)"
192.99.36.166 - - [01/Jul/2022:01:39:37 +0000] "GET /node/865/ch7_3153 HTTP/1.1" 301 178 "-" "Mozilla/5.0 (compatible; MJ12bot/v1.4.8; http://mj12bot.com/)"
192.99.36.166 - - [01/Jul/2022:01:39:39 +0000] "GET /node/865/ch7_3153/ HTTP/1.1" 200 7882 "-" "Mozilla/5.0 (compatible; MJ12bot/v1.4.8; http://mj12bot.com/)"
192.99.36.166 - - [01/Jul/2022:01:39:42 +0000] "GET /node/865/ch7_3153/feed HTTP/1.1" 302 154 "-" "Mozilla/5.0 (compatible; MJ12bot/v1.4.8; http://mj12bot.com/)"
192.99.36.166 - - [01/Jul/2022:01:39:46 +0000] "GET /node/865/ch7_3153/feed HTTP/1.1" 301 178 "-" "Mozilla/5.0 (compatible; MJ12bot/v1.4.8; http://mj12bot.com/)"
192.99.36.166 - - [01/Jul/2022:01:39:50 +0000] "GET /node/865/ch7_3153/feed/ HTTP/1.1" 403 134 "-" "Mozilla/5.0 (compatible; MJ12bot/v1.4.8; http://mj12bot.com/)"
192.99.36.166 - - [01/Jul/2022:01:39:53 +0000] "GET /node/865/ch7_3154 HTTP/1.1" 302 154 "-" "Mozilla/5.0 (compatible; MJ12bot/v1.4.8; http://mj12bot.com/)"
114.119.147.97 - - [01/Jul/2022:01:39:55 +0000] "GET /node/category/domain/page/19?ak_action=reject_mobile HTTP/1.1" 301 178 "https://mrchoke.org/node/category/domain/page/18?ak_action=reject_mobile" "Mozilla/5.0 (Linux; Android 7.0;) AppleWebKit/537.36 (KHTML, like Gecko) Mobile Safari/537.36 (compatible; PetalBot;+https://webmaster.petalsearch.com/site/petalbot)"
192.99.36.166 - - [01/Jul/2022:01:39:56 +0000] "GET /node/865/ch7_3154 HTTP/1.1" 301 178 "-" "Mozilla/5.0 (compatible; MJ12bot/v1.4.8; http://mj12bot.com/)"
192.99.36.166 - - [01/Jul/2022:01:40:01 +0000] "GET /node/865/ch7_3154/ HTTP/1.1" 200 7857 "-" "Mozilla/5.0 (compatible; MJ12bot/v1.4.8; http://mj12bot.com/)"
192.99.36.166 - - [01/Jul/2022:01:40:05 +0000] "GET /node/865/ch7_3154/feed HTTP/1.1" 302 154 "-" "Mozilla/5.0 (compatible; MJ12bot/v1.4.8; http://mj12bot.com/)"
192.99.36.166 - - [01/Jul/2022:01:40:09 +0000] "GET /node/865/ch7_3154/feed HTTP/1.1" 301 178 "-" "Mozilla/5.0 (compatible; MJ12bot/v1.4.8; http://mj12bot.com/)"
192.99.36.166 - - [01/Jul/2022:01:40:11 +0000] "GET /node/865/ch7_3154/feed/ HTTP/1.1" 403 134 "-" "Mozilla/5.0 (compatible; MJ12bot/v1.4.8; http://mj12bot.com/)"
192.99.36.166 - - [01/Jul/2022:01:40:13 +0000] "GET /node/865/ch7_3155 HTTP/1.1" 302 154 "-" "Mozilla/5.0 (compatible; MJ12bot/v1.4.8; http://mj12bot.com/)"
192.99.36.166 - - [01/Jul/2022:01:40:18 +0000] "GET /node/865/ch7_3155 HTTP/1.1" 301 178 "-" "Mozilla/5.0 (compatible; MJ12bot/v1.4.8; http://mj12bot.com/)"
192.99.36.166 - - [01/Jul/2022:01:40:20 +0000] "GET /node/865/ch7_3155/ HTTP/1.1" 200 7862 "-" "Mozilla/5.0 (compatible; MJ12bot/v1.4.8; http://mj12bot.com/)"
192.99.36.166 - - [01/Jul/2022:01:40:22 +0000] "GET /node/865/ch7_3155/feed HTTP/1.1" 302 154 "-" "Mozilla/5.0 (compatible; MJ12bot/v1.4.8; http://mj12bot.com/)"
192.99.36.166 - - [01/Jul/2022:01:40:27 +0000] "GET /node/865/ch7_3155/feed HTTP/1.1" 301 178 "-" "Mozilla/5.0 (compatible; MJ12bot/v1.4.8; http://mj12bot.com/)"
192.99.36.166 - - [01/Jul/2022:01:40:30 +0000] "GET /node/865/ch7_3155/feed/ HTTP/1.1" 403 134 "-" "Mozilla/5.0 (compatible; MJ12bot/v1.4.8; http://mj12bot.com/)"
192.99.36.166 - - [01/Jul/2022:01:40:33 +0000] "GET /node/865/ch7_3158 HTTP/1.1" 302 154 "-" "Mozilla/5.0 (compatible; MJ12bot/v1.4.8; http://mj12bot.com/)"
192.99.36.166 - - [01/Jul/2022:01:40:36 +0000] "GET /node/865/ch7_3158 HTTP/1.1" 301 178 "-" "Mozilla/5.0 (compatible; MJ12bot/v1.4.8; http://mj12bot.com/)"
192.99.36.166 - - [01/Jul/2022:01:40:40 +0000] "GET /node/865/ch7_3158/ HTTP/1.1" 200 7888 "-" "Mozilla/5.0 (compatible; MJ12bot/v1.4.8; http://mj12bot.com/)"
192.99.36.166 - - [01/Jul/2022:01:40:43 +0000] "GET /node/865/ch7_3158/feed HTTP/1.1" 302 154 "-" "Mozilla/5.0 (compatible; MJ12bot/v1.4.8; http://mj12bot.com/)"
192.99.36.166 - - [01/Jul/2022:01:40:49 +0000] "GET /node/865/ch7_3158/feed HTTP/1.1" 301 178 "-" "Mozilla/5.0 (compatible; MJ12bot/v1.4.8; http://mj12bot.com/)"
192.99.36.166 - - [01/Jul/2022:01:40:52 +0000] "GET /node/865/ch7_3158/feed/ HTTP/1.1" 403 134 "-" "Mozilla/5.0 (compatible; MJ12bot/v1.4.8; http://mj12bot.com/)"
216.244.66.229 - - [01/Jul/2022:01:40:53 +0000] "GET /robots.txt HTTP/1.1" 404 162 "-" "Mozilla/5.0 (compatible; DotBot/1.2; +https://opensiteexplorer.org/dotbot; help@moz.com)"
192.99.36.166 - - [01/Jul/2022:01:40:55 +0000] "GET /node/865/ch7_3161 HTTP/1.1" 302 154 "-" "Mozilla/5.0 (compatible; MJ12bot/v1.4.8; http://mj12bot.com/)"
192.99.36.166 - - [01/Jul/2022:01:40:59 +0000] "GET /node/865/ch7_3161 HTTP/1.1" 301 178 "-" "Mozilla/5.0 (compatible; MJ12bot/v1.4.8; http://mj12bot.com/)"
192.99.36.166 - - [01/Jul/2022:01:41:06 +0000] "GET /node/865/ch7_3161/ HTTP/1.1" 200 7891 "-" "Mozilla/5.0 (compatible; MJ12bot/v1.4.8; http://mj12bot.com/)"
192.99.36.166 - - [01/Jul/2022:01:41:08 +0000] "GET /node/865/ch7_3161/feed HTTP/1.1" 302 154 "-" "Mozilla/5.0 (compatible; MJ12bot/v1.4.8; http://mj12bot.com/)"
192.99.36.166 - - [01/Jul/2022:01:41:10 +0000] "GET /node/865/ch7_3161/feed HTTP/1.1" 301 178 "-" "Mozilla/5.0 (compatible; MJ12bot/v1.4.8; http://mj12bot.com/)"
192.99.36.166 - - [01/Jul/2022:01:41:12 +0000] "GET /node/865/ch7_3161/feed/ HTTP/1.1" 403 134 "-" "Mozilla/5.0 (compatible; MJ12bot/v1.4.8; http://mj12bot.com/)"
192.99.36.166 - - [01/Jul/2022:01:41:14 +0000] "GET /node/865/ch7_3165 HTTP/1.1" 302 154 "-" "Mozilla/5.0 (compatible; MJ12bot/v1.4.8; http://mj12bot.com/)"
192.99.36.166 - - [01/Jul/2022:01:41:16 +0000] "GET /node/865/ch7_3165 HTTP/1.1" 301 178 "-" "Mozilla/5.0 (compatible; MJ12bot/v1.4.8; http://mj12bot.com/)"
192.99.36.166 - - [01/Jul/2022:01:41:18 +0000] "GET /node/865/ch7_3165/ HTTP/1.1" 200 7886 "-" "Mozilla/5.0 (compatible; MJ12bot/v1.4.8; http://mj12bot.com/)"
192.99.36.166 - - [01/Jul/2022:01:41:21 +0000] "GET /node/865/ch7_3166 HTTP/1.1" 302 154 "-" "Mozilla/5.0 (compatible; MJ12bot/v1.4.8; http://mj12bot.com/)"
192.99.36.166 - - [01/Jul/2022:01:41:24 +0000] "GET /node/865/ch7_3166 HTTP/1.1" 301 178 "-" "Mozilla/5.0 (compatible; MJ12bot/v1.4.8; http://mj12bot.com/)"
192.99.36.166 - - [01/Jul/2022:01:41:26 +0000] "GET /node/865/ch7_3166/ HTTP/1.1" 200 7890 "-" "Mozilla/5.0 (compatible; MJ12bot/v1.4.8; http://mj12bot.com/)"
192.99.36.166 - - [01/Jul/2022:01:41:29 +0000] "GET /node/865/ch7_3166/feed HTTP/1.1" 302 154 "-" "Mozilla/5.0 (compatible; MJ12bot/v1.4.8; http://mj12bot.com/)"
192.99.36.166 - - [01/Jul/2022:01:41:36 +0000] "GET /node/865/ch7_3166/feed HTTP/1.1" 301 178 "-" "Mozilla/5.0 (compatible; MJ12bot/v1.4.8; http://mj12bot.com/)"
114.119.147.81 - - [01/Jul/2022:01:41:36 +0000] "GET /node/1015?ak_action=accept_mobile HTTP/1.1" 302 154 "https://mrchoke.org/node/1015?ak_action=reject_mobile" "Mozilla/5.0 (Linux; Android 7.0;) AppleWebKit/537.36 (KHTML, like Gecko) Mobile Safari/537.36 (compatible; PetalBot;+https://webmaster.petalsearch.com/site/petalbot)"
192.99.36.166 - - [01/Jul/2022:01:41:38 +0000] "GET /node/865/ch7_3166/feed/ HTTP/1.1" 403 134 "-" "Mozilla/5.0 (compatible; MJ12bot/v1.4.8; http://mj12bot.com/)"
114.119.147.81 - - [01/Jul/2022:01:41:41 +0000] "GET /node/1015?ak_action=accept_mobile HTTP/1.1" 301 178 "https://mrchoke.org/node/1015?ak_action=reject_mobile" "Mozilla/5.0 (Linux; Android 7.0;) AppleWebKit/537.36 (KHTML, like Gecko) Mobile Safari/537.36 (compatible; PetalBot;+https://webmaster.petalsearch.com/site/petalbot)"
192.99.36.166 - - [01/Jul/2022:01:41:41 +0000] "GET /node/865/ch7_3170 HTTP/1.1" 302 154 "-" "Mozilla/5.0 (compatible; MJ12bot/v1.4.8; http://mj12bot.com/)"
192.99.36.166 - - [01/Jul/2022:01:41:43 +0000] "GET /node/865/ch7_3170 HTTP/1.1" 301 178 "-" "Mozilla/5.0 (compatible; MJ12bot/v1.4.8; http://mj12bot.com/)"
192.99.36.166 - - [01/Jul/2022:01:41:45 +0000] "GET /node/865/ch7_3170/ HTTP/1.1" 200 7880 "-" "Mozilla/5.0 (compatible; MJ12bot/v1.4.8; http://mj12bot.com/)"
185.191.171.10 - - [01/Jul/2022:01:41:45 +0000] "GET /robots.txt HTTP/1.1" 404 134 "-" "Mozilla/5.0 (compatible; SemrushBot/7~bl; +http://www.semrush.com/bot.html)"
114.119.147.81 - - [01/Jul/2022:01:41:46 +0000] "GET /node/1015/?ak_action=accept_mobile HTTP/1.1" 200 11624 "https://mrchoke.org/node/1015?ak_action=reject_mobile" "Mozilla/5.0 (Linux; Android 7.0;) AppleWebKit/537.36 (KHTML, like Gecko) Mobile Safari/537.36 (compatible; PetalBot;+https://webmaster.petalsearch.com/site/petalbot)"
185.191.171.3 - - [01/Jul/2022:01:41:46 +0000] "GET /node/239 HTTP/1.1" 302 154 "-" "Mozilla/5.0 (compatible; SemrushBot/7~bl; +http://www.semrush.com/bot.html)"
185.191.171.22 - - [01/Jul/2022:01:41:47 +0000] "GET /robots.txt HTTP/1.1" 404 134 "-" "Mozilla/5.0 (compatible; SemrushBot/7~bl; +http://www.semrush.com/bot.html)"
192.99.36.166 - - [01/Jul/2022:01:41:48 +0000] "GET /node/865/ch7_3170/feed HTTP/1.1" 302 154 "-" "Mozilla/5.0 (compatible; MJ12bot/v1.4.8; http://mj12bot.com/)"
185.191.171.8 - - [01/Jul/2022:01:41:48 +0000] "GET /node/239 HTTP/1.1" 301 178 "-" "Mozilla/5.0 (compatible; SemrushBot/7~bl; +http://www.semrush.com/bot.html)"
192.99.36.166 - - [01/Jul/2022:01:41:51 +0000] "GET /node/865/ch7_3170/feed HTTP/1.1" 301 178 "-" "Mozilla/5.0 (compatible; MJ12bot/v1.4.8; http://mj12bot.com/)"
185.191.171.45 - - [01/Jul/2022:01:41:51 +0000] "GET /node/239/ HTTP/1.1" 200 9285 "-" "Mozilla/5.0 (compatible; SemrushBot/7~bl; +http://www.semrush.com/bot.html)"
192.99.36.166 - - [01/Jul/2022:01:41:53 +0000] "GET /node/865/ch7_3170/feed/ HTTP/1.1" 403 134 "-" "Mozilla/5.0 (compatible; MJ12bot/v1.4.8; http://mj12bot.com/)"
192.99.36.166 - - [01/Jul/2022:01:41:56 +0000] "GET /node/865/ch7_3171 HTTP/1.1" 302 154 "-" "Mozilla/5.0 (compatible; MJ12bot/v1.4.8; http://mj12bot.com/)"
192.99.36.166 - - [01/Jul/2022:01:41:59 +0000] "GET /node/865/ch7_3171 HTTP/1.1" 301 178 "-" "Mozilla/5.0 (compatible; MJ12bot/v1.4.8; http://mj12bot.com/)"
192.99.36.166 - - [01/Jul/2022:01:42:02 +0000] "GET /node/865/ch7_3171/ HTTP/1.1" 200 7884 "-" "Mozilla/5.0 (compatible; MJ12bot/v1.4.8; http://mj12bot.com/)"
192.99.36.166 - - [01/Jul/2022:01:42:06 +0000] "GET /node/865/ch7_3253 HTTP/1.1" 302 154 "-" "Mozilla/5.0 (compatible; MJ12bot/v1.4.8; http://mj12bot.com/)"
192.99.36.166 - - [01/Jul/2022:01:42:08 +0000] "GET /node/865/ch7_3253 HTTP/1.1" 301 178 "-" "Mozilla/5.0 (compatible; MJ12bot/v1.4.8; http://mj12bot.com/)"
192.99.36.166 - - [01/Jul/2022:01:42:12 +0000] "GET /node/865/ch7_3253/ HTTP/1.1" 200 7887 "-" "Mozilla/5.0 (compatible; MJ12bot/v1.4.8; http://mj12bot.com/)"
51.222.253.12 - - [01/Jul/2022:01:42:14 +0000] "GET /node/497 HTTP/2.0" 301 178 "-" "Mozilla/5.0 (compatible; AhrefsBot/7.0; +http://ahrefs.com/robot/)"
192.99.36.166 - - [01/Jul/2022:01:42:15 +0000] "GET /node/865/ch7_3253/feed HTTP/1.1" 302 154 "-" "Mozilla/5.0 (compatible; MJ12bot/v1.4.8; http://mj12bot.com/)"
192.99.36.166 - - [01/Jul/2022:01:42:18 +0000] "GET /node/865/ch7_3253/feed HTTP/1.1" 301 178 "-" "Mozilla/5.0 (compatible; MJ12bot/v1.4.8; http://mj12bot.com/)"
192.99.36.166 - - [01/Jul/2022:01:42:20 +0000] "GET /node/865/ch7_3253/feed/ HTTP/1.1" 403 134 "-" "Mozilla/5.0 (compatible; MJ12bot/v1.4.8; http://mj12bot.com/)"
192.99.36.166 - - [01/Jul/2022:01:42:22 +0000] "GET /node/865/ch7_3264/feed HTTP/1.1" 302 154 "-" "Mozilla/5.0 (compatible; MJ12bot/v1.4.8; http://mj12bot.com/)"
192.99.36.166 - - [01/Jul/2022:01:42:27 +0000] "GET /node/865/ch7_3264/feed HTTP/1.1" 301 178 "-" "Mozilla/5.0 (compatible; MJ12bot/v1.4.8; http://mj12bot.com/)"
192.99.36.166 - - [01/Jul/2022:01:42:29 +0000] "GET /node/865/ch7_3264/feed/ HTTP/1.1" 403 134 "-" "Mozilla/5.0 (compatible; MJ12bot/v1.4.8; http://mj12bot.com/)"
192.99.36.166 - - [01/Jul/2022:01:42:31 +0000] "GET /node/865/ch7_3276 HTTP/1.1" 302 154 "-" "Mozilla/5.0 (compatible; MJ12bot/v1.4.8; http://mj12bot.com/)"
192.99.36.166 - - [01/Jul/2022:01:42:33 +0000] "GET /node/865/ch7_3276 HTTP/1.1" 301 178 "-" "Mozilla/5.0 (compatible; MJ12bot/v1.4.8; http://mj12bot.com/)"
192.99.36.166 - - [01/Jul/2022:01:42:35 +0000] "GET /node/865/ch7_3276/ HTTP/1.1" 200 7892 "-" "Mozilla/5.0 (compatible; MJ12bot/v1.4.8; http://mj12bot.com/)"
192.99.36.166 - - [01/Jul/2022:01:42:38 +0000] "GET /node/865/ch7_3279 HTTP/1.1" 302 154 "-" "Mozilla/5.0 (compatible; MJ12bot/v1.4.8; http://mj12bot.com/)"
192.99.36.166 - - [01/Jul/2022:01:42:40 +0000] "GET /node/865/ch7_3279 HTTP/1.1" 301 178 "-" "Mozilla/5.0 (compatible; MJ12bot/v1.4.8; http://mj12bot.com/)"
192.99.36.166 - - [01/Jul/2022:01:42:43 +0000] "GET /node/865/ch7_3279/ HTTP/1.1" 200 7887 "-" "Mozilla/5.0 (compatible; MJ12bot/v1.4.8; http://mj12bot.com/)"
192.99.36.166 - - [01/Jul/2022:01:42:45 +0000] "GET /node/865/ch7_3279/feed HTTP/1.1" 302 154 "-" "Mozilla/5.0 (compatible; MJ12bot/v1.4.8; http://mj12bot.com/)"
192.99.36.166 - - [01/Jul/2022:01:42:48 +0000] "GET /node/865/ch7_3279/feed HTTP/1.1" 301 178 "-" "Mozilla/5.0 (compatible; MJ12bot/v1.4.8; http://mj12bot.com/)"
192.99.36.166 - - [01/Jul/2022:01:42:50 +0000] "GET /node/865/ch7_3279/feed/ HTTP/1.1" 403 134 "-" "Mozilla/5.0 (compatible; MJ12bot/v1.4.8; http://mj12bot.com/)"
192.99.36.166 - - [01/Jul/2022:01:42:53 +0000] "GET /node/88 HTTP/1.1" 302 154 "-" "Mozilla/5.0 (compatible; MJ12bot/v1.4.8; http://mj12bot.com/)"
192.99.36.166 - - [01/Jul/2022:01:42:57 +0000] "GET /node/88 HTTP/1.1" 301 178 "-" "Mozilla/5.0 (compatible; MJ12bot/v1.4.8; http://mj12bot.com/)"
192.99.36.166 - - [01/Jul/2022:01:42:59 +0000] "GET /node/88/ HTTP/1.1" 200 9094 "-" "Mozilla/5.0 (compatible; MJ12bot/v1.4.8; http://mj12bot.com/)"
103.170.255.16 - - [01/Jul/2022:01:42:59 +0000] "GET /.env HTTP/1.1" 404 197 "-" "Mozilla/5.0 (Macintosh; Intel Mac OS X 10_10_3) AppleWebKit/537.36 (KHTML, like Gecko) Chrome/45.0.2454.85 Safari/537.36"
192.99.36.166 - - [01/Jul/2022:01:43:01 +0000] "GET /node/89 HTTP/1.1" 302 154 "-" "Mozilla/5.0 (compatible; MJ12bot/v1.4.8; http://mj12bot.com/)"
103.170.255.16 - - [01/Jul/2022:01:43:02 +0000] "POST / HTTP/1.1" 405 568 "-" "Mozilla/5.0 (Macintosh; Intel Mac OS X 10_10_3) AppleWebKit/537.36 (KHTML, like Gecko) Chrome/45.0.2454.85 Safari/537.36"
192.99.36.166 - - [01/Jul/2022:01:43:06 +0000] "GET /node/89 HTTP/1.1" 301 178 "-" "Mozilla/5.0 (compatible; MJ12bot/v1.4.8; http://mj12bot.com/)"
192.99.36.166 - - [01/Jul/2022:01:43:09 +0000] "GET /node/89/ HTTP/1.1" 200 8968 "-" "Mozilla/5.0 (compatible; MJ12bot/v1.4.8; http://mj12bot.com/)"
192.99.36.166 - - [01/Jul/2022:01:43:11 +0000] "GET /node/926 HTTP/1.1" 302 154 "-" "Mozilla/5.0 (compatible; MJ12bot/v1.4.8; http://mj12bot.com/)"
192.99.36.166 - - [01/Jul/2022:01:43:16 +0000] "GET /node/926 HTTP/1.1" 301 178 "-" "Mozilla/5.0 (compatible; MJ12bot/v1.4.8; http://mj12bot.com/)"
114.119.147.87 - - [01/Jul/2022:01:43:18 +0000] "GET /node/date/2005/07/18 HTTP/1.1" 302 154 "https://mrchoke.org/node/339?share=twitter" "Mozilla/5.0 (Linux; Android 7.0;) AppleWebKit/537.36 (KHTML, like Gecko) Mobile Safari/537.36 (compatible; PetalBot;+https://webmaster.petalsearch.com/site/petalbot)"
192.99.36.166 - - [01/Jul/2022:01:43:18 +0000] "GET /node/926/ HTTP/1.1" 200 11208 "-" "Mozilla/5.0 (compatible; MJ12bot/v1.4.8; http://mj12bot.com/)"
114.119.147.87 - - [01/Jul/2022:01:43:22 +0000] "GET /node/date/2005/07/18 HTTP/1.1" 301 178 "https://mrchoke.org/node/339?share=twitter" "Mozilla/5.0 (Linux; Android 7.0;) AppleWebKit/537.36 (KHTML, like Gecko) Mobile Safari/537.36 (compatible; PetalBot;+https://webmaster.petalsearch.com/site/petalbot)"
192.99.36.166 - - [01/Jul/2022:01:43:22 +0000] "GET /node/939/img_6396 HTTP/1.1" 302 154 "-" "Mozilla/5.0 (compatible; MJ12bot/v1.4.8; http://mj12bot.com/)"
192.99.36.166 - - [01/Jul/2022:01:43:25 +0000] "GET /node/939/img_6396 HTTP/1.1" 301 178 "-" "Mozilla/5.0 (compatible; MJ12bot/v1.4.8; http://mj12bot.com/)"
114.119.147.87 - - [01/Jul/2022:01:43:25 +0000] "GET /node/date/2005/07/18/ HTTP/1.1" 200 8015 "https://mrchoke.org/node/339?share=twitter" "Mozilla/5.0 (Linux; Android 7.0;) AppleWebKit/537.36 (KHTML, like Gecko) Mobile Safari/537.36 (compatible; PetalBot;+https://webmaster.petalsearch.com/site/petalbot)"
17.121.114.119 - - [01/Jul/2022:01:43:28 +0000] "GET /wp-content/uploads/2014/02/Screenshot-2014-02-18-14.51.58.png HTTP/1.1" 200 33795 "-" "Mozilla/5.0 (Macintosh; Intel Mac OS X 10_15_5) AppleWebKit/605.1.15 (KHTML, like Gecko) Version/13.1.1 Safari/605.1.15 (Applebot/0.1; +http://www.apple.com/go/applebot)"
192.99.36.166 - - [01/Jul/2022:01:43:28 +0000] "GET /node/939/img_6396/ HTTP/1.1" 200 7886 "-" "Mozilla/5.0 (compatible; MJ12bot/v1.4.8; http://mj12bot.com/)"
192.99.36.166 - - [01/Jul/2022:01:43:31 +0000] "GET /node/939/img_6396/feed HTTP/1.1" 302 154 "-" "Mozilla/5.0 (compatible; MJ12bot/v1.4.8; http://mj12bot.com/)"
192.99.36.166 - - [01/Jul/2022:01:43:35 +0000] "GET /node/939/img_6396/feed HTTP/1.1" 301 178 "-" "Mozilla/5.0 (compatible; MJ12bot/v1.4.8; http://mj12bot.com/)"
192.99.36.166 - - [01/Jul/2022:01:43:40 +0000] "GET /node/939/img_6396/feed/ HTTP/1.1" 403 134 "-" "Mozilla/5.0 (compatible; MJ12bot/v1.4.8; http://mj12bot.com/)"
192.99.36.166 - - [01/Jul/2022:01:43:44 +0000] "GET /node/939/img_6443 HTTP/1.1" 302 154 "-" "Mozilla/5.0 (compatible; MJ12bot/v1.4.8; http://mj12bot.com/)"
192.99.36.166 - - [01/Jul/2022:01:43:47 +0000] "GET /node/939/img_6443 HTTP/1.1" 301 178 "-" "Mozilla/5.0 (compatible; MJ12bot/v1.4.8; http://mj12bot.com/)"
192.99.36.166 - - [01/Jul/2022:01:43:49 +0000] "GET /node/939/img_6443/ HTTP/1.1" 200 7937 "-" "Mozilla/5.0 (compatible; MJ12bot/v1.4.8; http://mj12bot.com/)"
192.99.36.166 - - [01/Jul/2022:01:43:52 +0000] "GET /node/939/img_6443/feed HTTP/1.1" 302 154 "-" "Mozilla/5.0 (compatible; MJ12bot/v1.4.8; http://mj12bot.com/)"
192.99.36.166 - - [01/Jul/2022:01:43:54 +0000] "GET /node/939/img_6443/feed HTTP/1.1" 301 178 "-" "Mozilla/5.0 (compatible; MJ12bot/v1.4.8; http://mj12bot.com/)"
192.99.36.166 - - [01/Jul/2022:01:43:57 +0000] "GET /node/939/img_6443/feed/ HTTP/1.1" 403 134 "-" "Mozilla/5.0 (compatible; MJ12bot/v1.4.8; http://mj12bot.com/)"
192.99.36.166 - - [01/Jul/2022:01:44:01 +0000] "GET /node/97 HTTP/1.1" 302 154 "-" "Mozilla/5.0 (compatible; MJ12bot/v1.4.8; http://mj12bot.com/)"
192.99.36.166 - - [01/Jul/2022:01:44:05 +0000] "GET /node/97 HTTP/1.1" 301 178 "-" "Mozilla/5.0 (compatible; MJ12bot/v1.4.8; http://mj12bot.com/)"
192.99.36.166 - - [01/Jul/2022:01:44:11 +0000] "GET /node/97/ HTTP/1.1" 200 8717 "-" "Mozilla/5.0 (compatible; MJ12bot/v1.4.8; http://mj12bot.com/)"
192.99.36.166 - - [01/Jul/2022:01:44:14 +0000] "GET /node/author/mrchoke/page/2 HTTP/1.1" 302 154 "-" "Mozilla/5.0 (compatible; MJ12bot/v1.4.8; http://mj12bot.com/)"
192.99.36.166 - - [01/Jul/2022:01:44:19 +0000] "GET /node/author/mrchoke/page/2 HTTP/1.1" 404 134 "-" "Mozilla/5.0 (compatible; MJ12bot/v1.4.8; http://mj12bot.com/)"
192.99.36.166 - - [01/Jul/2022:01:44:25 +0000] "GET /node/category/3d HTTP/1.1" 302 154 "-" "Mozilla/5.0 (compatible; MJ12bot/v1.4.8; http://mj12bot.com/)"
192.99.36.166 - - [01/Jul/2022:01:44:27 +0000] "GET /node/category/3d HTTP/1.1" 301 178 "-" "Mozilla/5.0 (compatible; MJ12bot/v1.4.8; http://mj12bot.com/)"
192.99.36.166 - - [01/Jul/2022:01:44:31 +0000] "GET /node/category/3d/ HTTP/1.1" 200 8460 "-" "Mozilla/5.0 (compatible; MJ12bot/v1.4.8; http://mj12bot.com/)"
192.99.36.166 - - [01/Jul/2022:01:44:33 +0000] "GET /node/category/7300_gt HTTP/1.1" 302 154 "-" "Mozilla/5.0 (compatible; MJ12bot/v1.4.8; http://mj12bot.com/)"
192.99.36.166 - - [01/Jul/2022:01:44:41 +0000] "GET /node/category/7300_gt HTTP/1.1" 301 178 "-" "Mozilla/5.0 (compatible; MJ12bot/v1.4.8; http://mj12bot.com/)"
185.191.171.38 - - [01/Jul/2022:01:44:42 +0000] "GET /node/225 HTTP/1.1" 301 178 "-" "Mozilla/5.0 (compatible; SemrushBot/7~bl; +http://www.semrush.com/bot.html)"
192.99.36.166 - - [01/Jul/2022:01:44:44 +0000] "GET /node/category/7300_gt/ HTTP/1.1" 200 9725 "-" "Mozilla/5.0 (compatible; MJ12bot/v1.4.8; http://mj12bot.com/)"
185.191.171.24 - - [01/Jul/2022:01:44:44 +0000] "GET /node/225/ HTTP/1.1" 200 8454 "-" "Mozilla/5.0 (compatible; SemrushBot/7~bl; +http://www.semrush.com/bot.html)"
192.99.36.166 - - [01/Jul/2022:01:44:51 +0000] "GET /node/category/a88 HTTP/1.1" 302 154 "-" "Mozilla/5.0 (compatible; MJ12bot/v1.4.8; http://mj12bot.com/)"
192.99.36.166 - - [01/Jul/2022:01:44:53 +0000] "GET /node/category/a88 HTTP/1.1" 301 178 "-" "Mozilla/5.0 (compatible; MJ12bot/v1.4.8; http://mj12bot.com/)"
192.99.36.166 - - [01/Jul/2022:01:44:57 +0000] "GET /node/category/a88/ HTTP/1.1" 200 9057 "-" "Mozilla/5.0 (compatible; MJ12bot/v1.4.8; http://mj12bot.com/)"
192.99.36.166 - - [01/Jul/2022:01:45:00 +0000] "GET /node/category/ads HTTP/1.1" 302 154 "-" "Mozilla/5.0 (compatible; MJ12bot/v1.4.8; http://mj12bot.com/)"
192.99.36.166 - - [01/Jul/2022:01:45:02 +0000] "GET /node/category/ads HTTP/1.1" 301 178 "-" "Mozilla/5.0 (compatible; MJ12bot/v1.4.8; http://mj12bot.com/)"
192.99.36.166 - - [01/Jul/2022:01:45:06 +0000] "GET /node/category/ads/ HTTP/1.1" 200 8268 "-" "Mozilla/5.0 (compatible; MJ12bot/v1.4.8; http://mj12bot.com/)"
192.99.36.166 - - [01/Jul/2022:01:45:10 +0000] "GET /node/category/airport HTTP/1.1" 302 154 "-" "Mozilla/5.0 (compatible; MJ12bot/v1.4.8; http://mj12bot.com/)"
192.99.36.166 - - [01/Jul/2022:01:45:14 +0000] "GET /node/category/airport HTTP/1.1" 301 178 "-" "Mozilla/5.0 (compatible; MJ12bot/v1.4.8; http://mj12bot.com/)"
192.99.36.166 - - [01/Jul/2022:01:45:17 +0000] "GET /node/category/airport/ HTTP/1.1" 200 9965 "-" "Mozilla/5.0 (compatible; MJ12bot/v1.4.8; http://mj12bot.com/)"
192.99.36.166 - - [01/Jul/2022:01:45:22 +0000] "GET /node/category/amsn HTTP/1.1" 302 154 "-" "Mozilla/5.0 (compatible; MJ12bot/v1.4.8; http://mj12bot.com/)"
192.99.36.166 - - [01/Jul/2022:01:45:24 +0000] "GET /node/category/amsn HTTP/1.1" 301 178 "-" "Mozilla/5.0 (compatible; MJ12bot/v1.4.8; http://mj12bot.com/)"
192.99.36.166 - - [01/Jul/2022:01:45:27 +0000] "GET /node/category/amsn/ HTTP/1.1" 200 11513 "-" "Mozilla/5.0 (compatible; MJ12bot/v1.4.8; http://mj12bot.com/)"
192.99.36.166 - - [01/Jul/2022:01:45:31 +0000] "GET /node/category/apple HTTP/1.1" 302 154 "-" "Mozilla/5.0 (compatible; MJ12bot/v1.4.8; http://mj12bot.com/)"
192.99.36.166 - - [01/Jul/2022:01:45:33 +0000] "GET /node/category/apple HTTP/1.1" 301 178 "-" "Mozilla/5.0 (compatible; MJ12bot/v1.4.8; http://mj12bot.com/)"
192.99.36.166 - - [01/Jul/2022:01:45:40 +0000] "GET /node/category/apple/ HTTP/1.1" 200 16971 "-" "Mozilla/5.0 (compatible; MJ12bot/v1.4.8; http://mj12bot.com/)"
192.99.36.166 - - [01/Jul/2022:01:45:43 +0000] "GET /node/category/asaingames HTTP/1.1" 302 154 "-" "Mozilla/5.0 (compatible; MJ12bot/v1.4.8; http://mj12bot.com/)"
192.99.36.166 - - [01/Jul/2022:01:45:49 +0000] "GET /node/category/asaingames HTTP/1.1" 301 178 "-" "Mozilla/5.0 (compatible; MJ12bot/v1.4.8; http://mj12bot.com/)"
192.99.36.166 - - [01/Jul/2022:01:45:51 +0000] "GET /node/category/asaingames/ HTTP/1.1" 200 7414 "-" "Mozilla/5.0 (compatible; MJ12bot/v1.4.8; http://mj12bot.com/)"
192.99.36.166 - - [01/Jul/2022:01:45:55 +0000] "GET /node/category/asus HTTP/1.1" 302 154 "-" "Mozilla/5.0 (compatible; MJ12bot/v1.4.8; http://mj12bot.com/)"
192.99.36.166 - - [01/Jul/2022:01:45:58 +0000] "GET /node/category/asus HTTP/1.1" 301 178 "-" "Mozilla/5.0 (compatible; MJ12bot/v1.4.8; http://mj12bot.com/)"
192.99.36.166 - - [01/Jul/2022:01:46:02 +0000] "GET /node/category/asus/ HTTP/1.1" 200 8417 "-" "Mozilla/5.0 (compatible; MJ12bot/v1.4.8; http://mj12bot.com/)"
192.99.36.166 - - [01/Jul/2022:01:46:05 +0000] "GET /node/category/bandwidth HTTP/1.1" 302 154 "-" "Mozilla/5.0 (compatible; MJ12bot/v1.4.8; http://mj12bot.com/)"
192.99.36.166 - - [01/Jul/2022:01:46:09 +0000] "GET /node/category/bandwidth HTTP/1.1" 301 178 "-" "Mozilla/5.0 (compatible; MJ12bot/v1.4.8; http://mj12bot.com/)"
192.99.36.166 - - [01/Jul/2022:01:46:13 +0000] "GET /node/category/bandwidth/ HTTP/1.1" 200 8946 "-" "Mozilla/5.0 (compatible; MJ12bot/v1.4.8; http://mj12bot.com/)"
58.96.88.106 - - [01/Jul/2022:01:46:15 +0000] "GET /wp-content/uploads/2013/12/virtualbox_logo.png HTTP/2.0" 302 154 "https://www.sitepoint.com/" "Mozilla/5.0 (X11; Linux x86_64; rv:91.0) Gecko/20100101 Firefox/91.0"
58.96.88.106 - - [01/Jul/2022:01:46:15 +0000] "GET /wp-content/uploads/2013/12/virtualbox_logo.png HTTP/2.0" 404 123 "https://www.sitepoint.com/" "Mozilla/5.0 (X11; Linux x86_64; rv:91.0) Gecko/20100101 Firefox/91.0"
192.99.36.166 - - [01/Jul/2022:01:46:16 +0000] "GET /node/category/benchmark HTTP/1.1" 302 154 "-" "Mozilla/5.0 (compatible; MJ12bot/v1.4.8; http://mj12bot.com/)"
192.99.36.166 - - [01/Jul/2022:01:46:20 +0000] "GET /node/category/benchmark HTTP/1.1" 301 178 "-" "Mozilla/5.0 (compatible; MJ12bot/v1.4.8; http://mj12bot.com/)"
216.244.66.229 - - [01/Jul/2022:01:46:22 +0000] "GET /node/category/drupal/page/2/ HTTP/1.1" 404 162 "-" "Mozilla/5.0 (compatible; DotBot/1.2; +https://opensiteexplorer.org/dotbot; help@moz.com)"
192.99.36.166 - - [01/Jul/2022:01:46:25 +0000] "GET /node/category/benchmark/ HTTP/1.1" 200 9060 "-" "Mozilla/5.0 (compatible; MJ12bot/v1.4.8; http://mj12bot.com/)"
192.99.36.166 - - [01/Jul/2022:01:46:30 +0000] "GET /node/category/beryl HTTP/1.1" 302 154 "-" "Mozilla/5.0 (compatible; MJ12bot/v1.4.8; http://mj12bot.com/)"
192.99.36.166 - - [01/Jul/2022:01:46:32 +0000] "GET /node/category/beryl HTTP/1.1" 301 178 "-" "Mozilla/5.0 (compatible; MJ12bot/v1.4.8; http://mj12bot.com/)"
192.99.36.166 - - [01/Jul/2022:01:46:35 +0000] "GET /node/category/beryl/ HTTP/1.1" 200 10852 "-" "Mozilla/5.0 (compatible; MJ12bot/v1.4.8; http://mj12bot.com/)"
192.99.36.166 - - [01/Jul/2022:01:46:37 +0000] "GET /node/category/blog HTTP/1.1" 302 154 "-" "Mozilla/5.0 (compatible; MJ12bot/v1.4.8; http://mj12bot.com/)"
192.99.36.166 - - [01/Jul/2022:01:46:40 +0000] "GET /node/category/blog HTTP/1.1" 301 178 "-" "Mozilla/5.0 (compatible; MJ12bot/v1.4.8; http://mj12bot.com/)"
192.99.36.166 - - [01/Jul/2022:01:46:42 +0000] "GET /node/category/blog/ HTTP/1.1" 200 16116 "-" "Mozilla/5.0 (compatible; MJ12bot/v1.4.8; http://mj12bot.com/)"
192.99.36.166 - - [01/Jul/2022:01:46:45 +0000] "GET /node/category/blognone HTTP/1.1" 302 154 "-" "Mozilla/5.0 (compatible; MJ12bot/v1.4.8; http://mj12bot.com/)"
192.99.36.166 - - [01/Jul/2022:01:46:48 +0000] "GET /node/category/blognone HTTP/1.1" 301 178 "-" "Mozilla/5.0 (compatible; MJ12bot/v1.4.8; http://mj12bot.com/)"
192.99.36.166 - - [01/Jul/2022:01:46:52 +0000] "GET /node/category/blognone/ HTTP/1.1" 200 12374 "-" "Mozilla/5.0 (compatible; MJ12bot/v1.4.8; http://mj12bot.com/)"
192.99.36.166 - - [01/Jul/2022:01:46:56 +0000] "GET /node/category/blognone/btd HTTP/1.1" 302 154 "-" "Mozilla/5.0 (compatible; MJ12bot/v1.4.8; http://mj12bot.com/)"
192.99.36.166 - - [01/Jul/2022:01:46:58 +0000] "GET /node/category/blognone/btd HTTP/1.1" 301 178 "-" "Mozilla/5.0 (compatible; MJ12bot/v1.4.8; http://mj12bot.com/)"
192.99.36.166 - - [01/Jul/2022:01:47:00 +0000] "GET /node/category/blognone/btd/ HTTP/1.1" 200 9460 "-" "Mozilla/5.0 (compatible; MJ12bot/v1.4.8; http://mj12bot.com/)"
192.99.36.166 - - [01/Jul/2022:01:47:04 +0000] "GET /node/category/cert HTTP/1.1" 302 154 "-" "Mozilla/5.0 (compatible; MJ12bot/v1.4.8; http://mj12bot.com/)"
192.99.36.166 - - [01/Jul/2022:01:47:07 +0000] "GET /node/category/cert HTTP/1.1" 301 178 "-" "Mozilla/5.0 (compatible; MJ12bot/v1.4.8; http://mj12bot.com/)"
192.99.36.166 - - [01/Jul/2022:01:47:12 +0000] "GET /node/category/cert/ HTTP/1.1" 200 9244 "-" "Mozilla/5.0 (compatible; MJ12bot/v1.4.8; http://mj12bot.com/)"
192.99.36.166 - - [01/Jul/2022:01:47:15 +0000] "GET /node/category/charset HTTP/1.1" 302 154 "-" "Mozilla/5.0 (compatible; MJ12bot/v1.4.8; http://mj12bot.com/)"
192.99.36.166 - - [01/Jul/2022:01:47:17 +0000] "GET /node/category/charset HTTP/1.1" 301 178 "-" "Mozilla/5.0 (compatible; MJ12bot/v1.4.8; http://mj12bot.com/)"
192.99.36.166 - - [01/Jul/2022:01:47:21 +0000] "GET /node/category/charset/ HTTP/1.1" 200 8498 "-" "Mozilla/5.0 (compatible; MJ12bot/v1.4.8; http://mj12bot.com/)"
114.119.147.81 - - [01/Jul/2022:01:47:22 +0000] "GET /node/85?share=facebook HTTP/1.1" 302 154 "https://mrchoke.org/node/85" "Mozilla/5.0 (Linux; Android 7.0;) AppleWebKit/537.36 (KHTML, like Gecko) Mobile Safari/537.36 (compatible; PetalBot;+https://webmaster.petalsearch.com/site/petalbot)"
192.99.36.166 - - [01/Jul/2022:01:47:24 +0000] "GET /node/category/chrome HTTP/1.1" 302 154 "-" "Mozilla/5.0 (compatible; MJ12bot/v1.4.8; http://mj12bot.com/)"
192.99.36.166 - - [01/Jul/2022:01:47:27 +0000] "GET /node/category/chrome HTTP/1.1" 301 178 "-" "Mozilla/5.0 (compatible; MJ12bot/v1.4.8; http://mj12bot.com/)"
192.99.36.166 - - [01/Jul/2022:01:47:29 +0000] "GET /node/category/chrome/ HTTP/1.1" 200 14704 "-" "Mozilla/5.0 (compatible; MJ12bot/v1.4.8; http://mj12bot.com/)"
114.119.147.81 - - [01/Jul/2022:01:47:30 +0000] "GET /node/85?share=facebook HTTP/1.1" 301 178 "https://mrchoke.org/node/85" "Mozilla/5.0 (Linux; Android 7.0;) AppleWebKit/537.36 (KHTML, like Gecko) Mobile Safari/537.36 (compatible; PetalBot;+https://webmaster.petalsearch.com/site/petalbot)"
192.99.36.166 - - [01/Jul/2022:01:47:32 +0000] "GET /node/category/comworld HTTP/1.1" 302 154 "-" "Mozilla/5.0 (compatible; MJ12bot/v1.4.8; http://mj12bot.com/)"
194.223.45.250 - - [01/Jul/2022:01:47:33 +0000] "GET /wp-content/uploads/2013/12/virtualbox_logo.png HTTP/2.0" 302 154 "https://www.sitepoint.com/" "Mozilla/5.0 (Macintosh; Intel Mac OS X 10_15_7) AppleWebKit/537.36 (KHTML, like Gecko) Chrome/103.0.0.0 Safari/537.36"
194.223.45.250 - - [01/Jul/2022:01:47:34 +0000] "GET /wp-content/uploads/2013/12/virtualbox_logo.png HTTP/2.0" 404 186 "https://www.sitepoint.com/" "Mozilla/5.0 (Macintosh; Intel Mac OS X 10_15_7) AppleWebKit/537.36 (KHTML, like Gecko) Chrome/103.0.0.0 Safari/537.36"
192.99.36.166 - - [01/Jul/2022:01:47:34 +0000] "GET /node/category/comworld HTTP/1.1" 301 178 "-" "Mozilla/5.0 (compatible; MJ12bot/v1.4.8; http://mj12bot.com/)"
192.99.36.166 - - [01/Jul/2022:01:47:37 +0000] "GET /node/category/comworld/ HTTP/1.1" 200 8238 "-" "Mozilla/5.0 (compatible; MJ12bot/v1.4.8; http://mj12bot.com/)"
192.99.36.166 - - [01/Jul/2022:01:47:41 +0000] "GET /node/category/d80 HTTP/1.1" 302 154 "-" "Mozilla/5.0 (compatible; MJ12bot/v1.4.8; http://mj12bot.com/)"
114.119.147.81 - - [01/Jul/2022:01:47:41 +0000] "GET /node/85/?share=facebook HTTP/1.1" 200 8835 "https://mrchoke.org/node/85" "Mozilla/5.0 (Linux; Android 7.0;) AppleWebKit/537.36 (KHTML, like Gecko) Mobile Safari/537.36 (compatible; PetalBot;+https://webmaster.petalsearch.com/site/petalbot)"
192.99.36.166 - - [01/Jul/2022:01:47:44 +0000] "GET /node/category/d80 HTTP/1.1" 301 178 "-" "Mozilla/5.0 (compatible; MJ12bot/v1.4.8; http://mj12bot.com/)"
192.99.36.166 - - [01/Jul/2022:01:47:48 +0000] "GET /node/category/d80/ HTTP/1.1" 200 7814 "-" "Mozilla/5.0 (compatible; MJ12bot/v1.4.8; http://mj12bot.com/)"
192.99.36.166 - - [01/Jul/2022:01:47:53 +0000] "GET /node/category/debian HTTP/1.1" 302 154 "-" "Mozilla/5.0 (compatible; MJ12bot/v1.4.8; http://mj12bot.com/)"
194.223.45.250 - - [01/Jul/2022:01:47:53 +0000] "GET /wp-content/uploads/2013/12/virtualbox_logo.png HTTP/2.0" 302 154 "https://www.sitepoint.com/" "Mozilla/5.0 (Macintosh; Intel Mac OS X 10.15; rv:101.0) Gecko/20100101 Firefox/101.0"
194.223.45.250 - - [01/Jul/2022:01:47:53 +0000] "GET /wp-content/uploads/2013/12/virtualbox_logo.png HTTP/2.0" 404 123 "https://www.sitepoint.com/" "Mozilla/5.0 (Macintosh; Intel Mac OS X 10.15; rv:101.0) Gecko/20100101 Firefox/101.0"
192.99.36.166 - - [01/Jul/2022:01:47:57 +0000] "GET /node/category/debian HTTP/1.1" 301 178 "-" "Mozilla/5.0 (compatible; MJ12bot/v1.4.8; http://mj12bot.com/)"
192.99.36.166 - - [01/Jul/2022:01:48:01 +0000] "GET /node/category/debian/ HTTP/1.1" 200 11221 "-" "Mozilla/5.0 (compatible; MJ12bot/v1.4.8; http://mj12bot.com/)"
192.99.36.166 - - [01/Jul/2022:01:48:03 +0000] "GET /node/category/domain/ HTTP/1.1" 302 154 "-" "Mozilla/5.0 (compatible; MJ12bot/v1.4.8; http://mj12bot.com/)"
192.99.36.166 - - [01/Jul/2022:01:48:05 +0000] "GET /node/category/domain/ HTTP/1.1" 200 18555 "-" "Mozilla/5.0 (compatible; MJ12bot/v1.4.8; http://mj12bot.com/)"
192.99.36.166 - - [01/Jul/2022:01:48:09 +0000] "GET /node/category/dreamhost HTTP/1.1" 302 154 "-" "Mozilla/5.0 (compatible; MJ12bot/v1.4.8; http://mj12bot.com/)"
192.99.36.166 - - [01/Jul/2022:01:48:12 +0000] "GET /node/category/dreamhost HTTP/1.1" 301 178 "-" "Mozilla/5.0 (compatible; MJ12bot/v1.4.8; http://mj12bot.com/)"
192.99.36.166 - - [01/Jul/2022:01:48:15 +0000] "GET /node/category/dreamhost/ HTTP/1.1" 200 9164 "-" "Mozilla/5.0 (compatible; MJ12bot/v1.4.8; http://mj12bot.com/)"
192.99.36.166 - - [01/Jul/2022:01:48:18 +0000] "GET /node/category/drupal HTTP/1.1" 302 154 "-" "Mozilla/5.0 (compatible; MJ12bot/v1.4.8; http://mj12bot.com/)"
192.99.36.166 - - [01/Jul/2022:01:48:22 +0000] "GET /node/category/drupal HTTP/1.1" 301 178 "-" "Mozilla/5.0 (compatible; MJ12bot/v1.4.8; http://mj12bot.com/)"
192.99.36.166 - - [01/Jul/2022:01:48:26 +0000] "GET /node/category/drupal/ HTTP/1.1" 200 17470 "-" "Mozilla/5.0 (compatible; MJ12bot/v1.4.8; http://mj12bot.com/)"
192.99.36.166 - - [01/Jul/2022:01:48:31 +0000] "GET /node/category/enlightenment HTTP/1.1" 302 154 "-" "Mozilla/5.0 (compatible; MJ12bot/v1.4.8; http://mj12bot.com/)"
192.99.36.166 - - [01/Jul/2022:01:48:34 +0000] "GET /node/category/enlightenment HTTP/1.1" 301 178 "-" "Mozilla/5.0 (compatible; MJ12bot/v1.4.8; http://mj12bot.com/)"
192.99.36.166 - - [01/Jul/2022:01:48:37 +0000] "GET /node/category/enlightenment/ HTTP/1.1" 200 8094 "-" "Mozilla/5.0 (compatible; MJ12bot/v1.4.8; http://mj12bot.com/)"
