114.119.147.73 - - [23/Jun/2022:03:01:53 +0000] "GET /node/date/2004/05/25/ HTTP/1.1" 200 9044 "https://mrchoke.org/node/416?share=twitter" "Mozilla/5.0 (Linux; Android 7.0;) AppleWebKit/537.36 (KHTML, like Gecko) Mobile Safari/537.36 (compatible; PetalBot;+https://webmaster.petalsearch.com/site/petalbot)"
114.119.147.74 - - [23/Jun/2022:03:04:26 +0000] "GET /node/tag/someone HTTP/1.1" 302 154 "https://mrchoke.org/node/573?share=reddit" "Mozilla/5.0 (Linux; Android 7.0;) AppleWebKit/537.36 (KHTML, like Gecko) Mobile Safari/537.36 (compatible; PetalBot;+https://webmaster.petalsearch.com/site/petalbot)"
114.119.147.74 - - [23/Jun/2022:03:04:31 +0000] "GET /node/tag/someone HTTP/1.1" 301 178 "https://mrchoke.org/node/573?share=reddit" "Mozilla/5.0 (Linux; Android 7.0;) AppleWebKit/537.36 (KHTML, like Gecko) Mobile Safari/537.36 (compatible; PetalBot;+https://webmaster.petalsearch.com/site/petalbot)"
114.119.147.74 - - [23/Jun/2022:03:04:35 +0000] "GET /node/tag/someone/ HTTP/1.1" 200 7672 "https://mrchoke.org/node/573?share=reddit" "Mozilla/5.0 (Linux; Android 7.0;) AppleWebKit/537.36 (KHTML, like Gecko) Mobile Safari/537.36 (compatible; PetalBot;+https://webmaster.petalsearch.com/site/petalbot)"
216.244.66.229 - - [23/Jun/2022:03:05:24 +0000] "GET /ch7_3604 HTTP/1.1" 404 162 "-" "Mozilla/5.0 (compatible; DotBot/1.2; +https://opensiteexplorer.org/dotbot; help@moz.com)"
216.244.66.229 - - [23/Jun/2022:03:05:57 +0000] "GET /node/368 HTTP/1.1" 404 162 "-" "Mozilla/5.0 (compatible; DotBot/1.2; +https://opensiteexplorer.org/dotbot; help@moz.com)"
114.119.147.74 - - [23/Jun/2022:03:07:31 +0000] "GET /node/18?share=linkedin HTTP/1.1" 302 154 "https://mrchoke.org/node/18" "Mozilla/5.0 (Linux; Android 7.0;) AppleWebKit/537.36 (KHTML, like Gecko) Mobile Safari/537.36 (compatible; PetalBot;+https://webmaster.petalsearch.com/site/petalbot)"
114.119.147.74 - - [23/Jun/2022:03:07:38 +0000] "GET /node/18?share=linkedin HTTP/1.1" 301 178 "https://mrchoke.org/node/18" "Mozilla/5.0 (Linux; Android 7.0;) AppleWebKit/537.36 (KHTML, like Gecko) Mobile Safari/537.36 (compatible; PetalBot;+https://webmaster.petalsearch.com/site/petalbot)"
114.119.147.74 - - [23/Jun/2022:03:07:45 +0000] "GET /node/18/?share=linkedin HTTP/1.1" 200 11186 "https://mrchoke.org/node/18" "Mozilla/5.0 (Linux; Android 7.0;) AppleWebKit/537.36 (KHTML, like Gecko) Mobile Safari/537.36 (compatible; PetalBot;+https://webmaster.petalsearch.com/site/petalbot)"
216.244.66.229 - - [23/Jun/2022:03:08:32 +0000] "GET /node/443/?share=google-plus-1 HTTP/1.1" 404 162 "-" "Mozilla/5.0 (compatible; DotBot/1.2; +https://opensiteexplorer.org/dotbot; help@moz.com)"
216.244.66.229 - - [23/Jun/2022:03:09:03 +0000] "GET /node/49/feed HTTP/1.1" 404 162 "-" "Mozilla/5.0 (compatible; DotBot/1.2; +https://opensiteexplorer.org/dotbot; help@moz.com)"
114.119.147.73 - - [23/Jun/2022:03:09:30 +0000] "GET /node/category/ads HTTP/1.1" 301 178 "https://mrchoke.org/node/1428?share=twitter" "Mozilla/5.0 (Linux; Android 7.0;) AppleWebKit/537.36 (KHTML, like Gecko) Mobile Safari/537.36 (compatible; PetalBot;+https://webmaster.petalsearch.com/site/petalbot)"
114.119.147.73 - - [23/Jun/2022:03:09:37 +0000] "GET /node/category/ads/ HTTP/1.1" 200 8268 "https://mrchoke.org/node/1428?share=twitter" "Mozilla/5.0 (Linux; Android 7.0;) AppleWebKit/537.36 (KHTML, like Gecko) Mobile Safari/537.36 (compatible; PetalBot;+https://webmaster.petalsearch.com/site/petalbot)"
185.191.171.38 - - [23/Jun/2022:03:10:31 +0000] "GET /node/1437 HTTP/1.1" 301 178 "-" "Mozilla/5.0 (compatible; SemrushBot/7~bl; +http://www.semrush.com/bot.html)"
66.249.71.25 - - [23/Jun/2022:03:10:33 +0000] "GET /node/66 HTTP/1.1" 301 178 "-" "Mozilla/5.0 (Linux; Android 6.0.1; Nexus 5X Build/MMB29P) AppleWebKit/537.36 (KHTML, like Gecko) Chrome/102.0.5005.115 Mobile Safari/537.36 (compatible; Googlebot/2.1; +http://www.google.com/bot.html)"
66.249.71.31 - - [23/Jun/2022:03:10:34 +0000] "GET /node/66/ HTTP/1.1" 200 8986 "-" "Mozilla/5.0 (Linux; Android 6.0.1; Nexus 5X Build/MMB29P) AppleWebKit/537.36 (KHTML, like Gecko) Chrome/102.0.5005.115 Mobile Safari/537.36 (compatible; Googlebot/2.1; +http://www.google.com/bot.html)"
185.191.171.26 - - [23/Jun/2022:03:10:34 +0000] "GET /node/1437/ HTTP/1.1" 200 10090 "-" "Mozilla/5.0 (compatible; SemrushBot/7~bl; +http://www.semrush.com/bot.html)"
185.7.214.104 - - [23/Jun/2022:03:11:35 +0000] "GET /_ignition/execute-solution HTTP/1.1" 404 197 "-" "Mozilla/5.0 (Windows NT 10.0; Win64; x64) AppleWebKit/537.36 (KHTML, like Gecko) Chrome/78.0.3904.108 Safari/537.36"
114.119.147.87 - - [23/Jun/2022:03:11:38 +0000] "GET /node/23?share=facebook HTTP/1.1" 302 154 "https://mrchoke.org/node/23?ak_action=reject_mobile" "Mozilla/5.0 (Linux; Android 7.0;) AppleWebKit/537.36 (KHTML, like Gecko) Mobile Safari/537.36 (compatible; PetalBot;+https://webmaster.petalsearch.com/site/petalbot)"
114.119.147.87 - - [23/Jun/2022:03:11:43 +0000] "GET /node/23?share=facebook HTTP/1.1" 301 178 "https://mrchoke.org/node/23?ak_action=reject_mobile" "Mozilla/5.0 (Linux; Android 7.0;) AppleWebKit/537.36 (KHTML, like Gecko) Mobile Safari/537.36 (compatible; PetalBot;+https://webmaster.petalsearch.com/site/petalbot)"
114.119.147.87 - - [23/Jun/2022:03:11:47 +0000] "GET /node/23/?share=facebook HTTP/1.1" 200 9169 "https://mrchoke.org/node/23?ak_action=reject_mobile" "Mozilla/5.0 (Linux; Android 7.0;) AppleWebKit/537.36 (KHTML, like Gecko) Mobile Safari/537.36 (compatible; PetalBot;+https://webmaster.petalsearch.com/site/petalbot)"
114.119.147.73 - - [23/Jun/2022:03:13:42 +0000] "GET /node/396?share=linkedin HTTP/1.1" 302 154 "https://mrchoke.org/node/396?ak_action=accept_mobile" "Mozilla/5.0 (Linux; Android 7.0;) AppleWebKit/537.36 (KHTML, like Gecko) Mobile Safari/537.36 (compatible; PetalBot;+https://webmaster.petalsearch.com/site/petalbot)"
114.119.147.73 - - [23/Jun/2022:03:13:50 +0000] "GET /node/396?share=linkedin HTTP/1.1" 301 178 "https://mrchoke.org/node/396?ak_action=accept_mobile" "Mozilla/5.0 (Linux; Android 7.0;) AppleWebKit/537.36 (KHTML, like Gecko) Mobile Safari/537.36 (compatible; PetalBot;+https://webmaster.petalsearch.com/site/petalbot)"
114.119.147.73 - - [23/Jun/2022:03:14:01 +0000] "GET /node/396/?share=linkedin HTTP/1.1" 200 8694 "https://mrchoke.org/node/396?ak_action=accept_mobile" "Mozilla/5.0 (Linux; Android 7.0;) AppleWebKit/537.36 (KHTML, like Gecko) Mobile Safari/537.36 (compatible; PetalBot;+https://webmaster.petalsearch.com/site/petalbot)"
94.232.44.53 - - [23/Jun/2022:03:14:35 +0000] "\x03\x00\x00/*\xE0\x00\x00\x00\x00\x00Cookie: mstshash=Administr" 400 166 "-" "-"
23.251.102.74 - - [23/Jun/2022:03:15:07 +0000] "GET / HTTP/1.1" 200 396 "-" "Mozilla/5.0 (Windows NT 10.0; Win64; x64) AppleWebKit/537.36 (KHTML, like Gecko) Chrome/60.0.3112.113 Safari/537.36"
114.119.147.87 - - [23/Jun/2022:03:15:28 +0000] "GET /node/16 HTTP/1.1" 301 178 "https://static.mrchoke.org/node/category/linux/page/14" "Mozilla/5.0 (Linux; Android 7.0;) AppleWebKit/537.36 (KHTML, like Gecko) Mobile Safari/537.36 (compatible; PetalBot;+https://webmaster.petalsearch.com/site/petalbot)"
114.119.147.87 - - [23/Jun/2022:03:15:33 +0000] "GET /node/16/ HTTP/1.1" 200 8435 "https://static.mrchoke.org/node/category/linux/page/14" "Mozilla/5.0 (Linux; Android 7.0;) AppleWebKit/537.36 (KHTML, like Gecko) Mobile Safari/537.36 (compatible; PetalBot;+https://webmaster.petalsearch.com/site/petalbot)"
185.191.171.8 - - [23/Jun/2022:03:16:25 +0000] "GET /img_7307 HTTP/1.1" 301 178 "-" "Mozilla/5.0 (compatible; SemrushBot/7~bl; +http://www.semrush.com/bot.html)"
185.191.171.33 - - [23/Jun/2022:03:16:28 +0000] "GET /img_7307/ HTTP/1.1" 200 7890 "-" "Mozilla/5.0 (compatible; SemrushBot/7~bl; +http://www.semrush.com/bot.html)"
51.222.253.11 - - [23/Jun/2022:03:17:24 +0000] "GET /robots.txt HTTP/1.1" 404 134 "-" "Mozilla/5.0 (compatible; AhrefsBot/7.0; +http://ahrefs.com/robot/)"
51.222.253.5 - - [23/Jun/2022:03:17:25 +0000] "GET / HTTP/1.1" 200 396 "-" "Mozilla/5.0 (compatible; AhrefsBot/7.0; +http://ahrefs.com/robot/)"
114.119.147.75 - - [23/Jun/2022:03:17:49 +0000] "GET /node/date/2004/05/07 HTTP/1.1" 404 134 "http://www.mrchoke.org/node/421" "Mozilla/5.0 (Linux; Android 7.0;) AppleWebKit/537.36 (KHTML, like Gecko) Mobile Safari/537.36 (compatible; PetalBot;+https://webmaster.petalsearch.com/site/petalbot)"
118.184.177.115 - - [23/Jun/2022:03:19:21 +0000] "GET / HTTP/1.1" 200 294 "-" "Sogou web spider/4.0(+http://www.sogou.com/docs/help/webmasters.htm#07)"
114.119.147.97 - - [23/Jun/2022:03:20:05 +0000] "GET /node/227 HTTP/1.1" 404 134 "http://www.mrchoke.org/node/date/2009/05/14" "Mozilla/5.0 (Linux; Android 7.0;) AppleWebKit/537.36 (KHTML, like Gecko) Mobile Safari/537.36 (compatible; PetalBot;+https://webmaster.petalsearch.com/site/petalbot)"
114.119.147.81 - - [23/Jun/2022:03:22:08 +0000] "GET /node/790/img_6148?share=reddit HTTP/1.1" 302 154 "https://mrchoke.org/node/790/img_6148" "Mozilla/5.0 (Linux; Android 7.0;) AppleWebKit/537.36 (KHTML, like Gecko) Mobile Safari/537.36 (compatible; PetalBot;+https://webmaster.petalsearch.com/site/petalbot)"
114.119.147.81 - - [23/Jun/2022:03:22:10 +0000] "GET /node/790/img_6148?share=reddit HTTP/1.1" 301 178 "https://mrchoke.org/node/790/img_6148" "Mozilla/5.0 (Linux; Android 7.0;) AppleWebKit/537.36 (KHTML, like Gecko) Mobile Safari/537.36 (compatible; PetalBot;+https://webmaster.petalsearch.com/site/petalbot)"
114.119.147.81 - - [23/Jun/2022:03:22:11 +0000] "GET /node/790/img_6148/?share=reddit HTTP/1.1" 200 7914 "https://mrchoke.org/node/790/img_6148" "Mozilla/5.0 (Linux; Android 7.0;) AppleWebKit/537.36 (KHTML, like Gecko) Mobile Safari/537.36 (compatible; PetalBot;+https://webmaster.petalsearch.com/site/petalbot)"
185.191.171.15 - - [23/Jun/2022:03:23:30 +0000] "GET /node/category/desktop HTTP/1.1" 301 178 "-" "Mozilla/5.0 (compatible; SemrushBot/7~bl; +http://www.semrush.com/bot.html)"
185.191.171.3 - - [23/Jun/2022:03:23:33 +0000] "GET /node/category/desktop/ HTTP/1.1" 200 8470 "-" "Mozilla/5.0 (compatible; SemrushBot/7~bl; +http://www.semrush.com/bot.html)"
114.119.147.87 - - [23/Jun/2022:03:24:20 +0000] "GET /node/date/2008/11 HTTP/1.1" 301 178 "https://mrchoke.org/node/1428?share=twitter" "Mozilla/5.0 (Linux; Android 7.0;) AppleWebKit/537.36 (KHTML, like Gecko) Mobile Safari/537.36 (compatible; PetalBot;+https://webmaster.petalsearch.com/site/petalbot)"
114.119.147.87 - - [23/Jun/2022:03:24:22 +0000] "GET /node/date/2008/11/ HTTP/1.1" 200 8287 "https://mrchoke.org/node/1428?share=twitter" "Mozilla/5.0 (Linux; Android 7.0;) AppleWebKit/537.36 (KHTML, like Gecko) Mobile Safari/537.36 (compatible; PetalBot;+https://webmaster.petalsearch.com/site/petalbot)"
114.119.147.75 - - [23/Jun/2022:03:26:25 +0000] "GET /node/date/2005/06/ HTTP/1.1" 200 17109 "https://static.mrchoke.org/node/date/2005/06/page/2" "Mozilla/5.0 (Linux; Android 7.0;) AppleWebKit/537.36 (KHTML, like Gecko) Mobile Safari/537.36 (compatible; PetalBot;+https://webmaster.petalsearch.com/site/petalbot)"
185.191.171.11 - - [23/Jun/2022:03:26:32 +0000] "GET /node/519/25550414-034429-jpg HTTP/1.1" 404 134 "-" "Mozilla/5.0 (compatible; SemrushBot/7~bl; +http://www.semrush.com/bot.html)"
114.119.147.86 - - [23/Jun/2022:03:28:23 +0000] "GET /node/1786?share=twitter HTTP/1.1" 302 154 "https://mrchoke.org/node/1786" "Mozilla/5.0 (Linux; Android 7.0;) AppleWebKit/537.36 (KHTML, like Gecko) Mobile Safari/537.36 (compatible; PetalBot;+https://webmaster.petalsearch.com/site/petalbot)"
114.119.147.86 - - [23/Jun/2022:03:28:30 +0000] "GET /node/1786?share=twitter HTTP/1.1" 301 178 "https://mrchoke.org/node/1786" "Mozilla/5.0 (Linux; Android 7.0;) AppleWebKit/537.36 (KHTML, like Gecko) Mobile Safari/537.36 (compatible; PetalBot;+https://webmaster.petalsearch.com/site/petalbot)"
114.119.147.86 - - [23/Jun/2022:03:28:43 +0000] "GET /node/1786/?share=twitter HTTP/1.1" 200 9402 "https://mrchoke.org/node/1786" "Mozilla/5.0 (Linux; Android 7.0;) AppleWebKit/537.36 (KHTML, like Gecko) Mobile Safari/537.36 (compatible; PetalBot;+https://webmaster.petalsearch.com/site/petalbot)"
114.119.147.75 - - [23/Jun/2022:03:32:01 +0000] "GET /node/427?share=twitter HTTP/1.1" 302 154 "https://mrchoke.org/node/427?ak_action=accept_mobile" "Mozilla/5.0 (Linux; Android 7.0;) AppleWebKit/537.36 (KHTML, like Gecko) Mobile Safari/537.36 (compatible; PetalBot;+https://webmaster.petalsearch.com/site/petalbot)"
114.119.147.75 - - [23/Jun/2022:03:32:10 +0000] "GET /node/427?share=twitter HTTP/1.1" 301 178 "https://mrchoke.org/node/427?ak_action=accept_mobile" "Mozilla/5.0 (Linux; Android 7.0;) AppleWebKit/537.36 (KHTML, like Gecko) Mobile Safari/537.36 (compatible; PetalBot;+https://webmaster.petalsearch.com/site/petalbot)"
185.191.171.18 - - [23/Jun/2022:03:32:23 +0000] "GET /node/926 HTTP/1.1" 302 154 "-" "Mozilla/5.0 (compatible; SemrushBot/7~bl; +http://www.semrush.com/bot.html)"
185.191.171.26 - - [23/Jun/2022:03:32:24 +0000] "GET /node/926 HTTP/1.1" 301 178 "-" "Mozilla/5.0 (compatible; SemrushBot/7~bl; +http://www.semrush.com/bot.html)"
51.222.253.12 - - [23/Jun/2022:03:32:25 +0000] "GET /node/1510 HTTP/2.0" 301 178 "-" "Mozilla/5.0 (compatible; AhrefsBot/7.0; +http://ahrefs.com/robot/)"
40.77.167.97 - - [23/Jun/2022:03:33:50 +0000] "GET /robots.txt HTTP/1.1" 404 134 "-" "Mozilla/5.0 (compatible; bingbot/2.0; +http://www.bing.com/bingbot.htm)"
40.77.167.46 - - [23/Jun/2022:03:33:59 +0000] "GET / HTTP/1.1" 200 396 "-" "Mozilla/5.0 (compatible; bingbot/2.0; +http://www.bing.com/bingbot.htm)"
114.119.147.75 - - [23/Jun/2022:03:34:30 +0000] "GET /node/date/2006/09/07 HTTP/1.1" 301 178 "https://mrchoke.org/node/33?share=facebook" "Mozilla/5.0 (Linux; Android 7.0;) AppleWebKit/537.36 (KHTML, like Gecko) Mobile Safari/537.36 (compatible; PetalBot;+https://webmaster.petalsearch.com/site/petalbot)"
114.119.147.75 - - [23/Jun/2022:03:34:36 +0000] "GET /node/date/2006/09/07/ HTTP/1.1" 200 8477 "https://mrchoke.org/node/33?share=facebook" "Mozilla/5.0 (Linux; Android 7.0;) AppleWebKit/537.36 (KHTML, like Gecko) Mobile Safari/537.36 (compatible; PetalBot;+https://webmaster.petalsearch.com/site/petalbot)"
114.119.147.75 - - [23/Jun/2022:03:36:43 +0000] "GET /node/790/img_6167 HTTP/1.1" 302 154 "https://mrchoke.org/node/790/img_6165" "Mozilla/5.0 (Linux; Android 7.0;) AppleWebKit/537.36 (KHTML, like Gecko) Mobile Safari/537.36 (compatible; PetalBot;+https://webmaster.petalsearch.com/site/petalbot)"
114.119.147.75 - - [23/Jun/2022:03:36:58 +0000] "GET /node/790/img_6167 HTTP/1.1" 301 178 "https://mrchoke.org/node/790/img_6165" "Mozilla/5.0 (Linux; Android 7.0;) AppleWebKit/537.36 (KHTML, like Gecko) Mobile Safari/537.36 (compatible; PetalBot;+https://webmaster.petalsearch.com/site/petalbot)"
66.249.79.243 - - [23/Jun/2022:03:37:06 +0000] "GET /node/509 HTTP/1.1" 301 178 "-" "Mozilla/5.0 (compatible; Googlebot/2.1; +http://www.google.com/bot.html)"
66.249.71.31 - - [23/Jun/2022:03:37:07 +0000] "GET /node/509/ HTTP/1.1" 200 9790 "-" "Mozilla/5.0 (compatible; Googlebot/2.1; +http://www.google.com/bot.html)"
212.102.41.36 - - [23/Jun/2022:03:41:15 +0000] "GET /wp-login.php HTTP/1.1" 404 197 "-" "Mozilla/5.0 (Windows NT 10.0; Win64; x64) AppleWebKit/537.36 (KHTML, like Gecko) Chrome/91.0.4472.124 Safari/537.36"
212.102.41.36 - - [23/Jun/2022:03:41:17 +0000] "GET /wp-login.php HTTP/2.0" 404 186 "-" "Mozilla/5.0 (Windows NT 10.0; Win64; x64) AppleWebKit/537.36 (KHTML, like Gecko) Chrome/91.0.4472.124 Safari/537.36"
114.119.147.86 - - [23/Jun/2022:03:42:18 +0000] "GET /node/1356/img_7245?ak_action=reject_mobile HTTP/1.1" 302 154 "https://mrchoke.org/node/1356/img_7245?ak_action=accept_mobile" "Mozilla/5.0 (Linux; Android 7.0;) AppleWebKit/537.36 (KHTML, like Gecko) Mobile Safari/537.36 (compatible; PetalBot;+https://webmaster.petalsearch.com/site/petalbot)"
114.119.147.86 - - [23/Jun/2022:03:42:32 +0000] "GET /node/1356/img_7245?ak_action=reject_mobile HTTP/1.1" 301 178 "https://mrchoke.org/node/1356/img_7245?ak_action=accept_mobile" "Mozilla/5.0 (Linux; Android 7.0;) AppleWebKit/537.36 (KHTML, like Gecko) Mobile Safari/537.36 (compatible; PetalBot;+https://webmaster.petalsearch.com/site/petalbot)"
114.119.147.86 - - [23/Jun/2022:03:42:39 +0000] "GET /node/1356/img_7245/?ak_action=reject_mobile HTTP/1.1" 200 7998 "https://mrchoke.org/node/1356/img_7245?ak_action=accept_mobile" "Mozilla/5.0 (Linux; Android 7.0;) AppleWebKit/537.36 (KHTML, like Gecko) Mobile Safari/537.36 (compatible; PetalBot;+https://webmaster.petalsearch.com/site/petalbot)"
216.244.66.229 - - [23/Jun/2022:03:43:01 +0000] "GET /robots.txt HTTP/1.1" 404 162 "-" "Mozilla/5.0 (compatible; DotBot/1.2; +https://opensiteexplorer.org/dotbot; help@moz.com)"
216.244.66.229 - - [23/Jun/2022:03:43:01 +0000] "GET /robots.txt HTTP/1.1" 404 162 "-" "Mozilla/5.0 (compatible; DotBot/1.2; +https://opensiteexplorer.org/dotbot; help@moz.com)"
114.119.147.73 - - [23/Jun/2022:03:43:36 +0000] "GET /node/1367/img_7258?ak_action=accept_mobile HTTP/1.1" 302 154 "https://mrchoke.org/node/1367/img_7258?ak_action=reject_mobile" "Mozilla/5.0 (Linux; Android 7.0;) AppleWebKit/537.36 (KHTML, like Gecko) Mobile Safari/537.36 (compatible; PetalBot;+https://webmaster.petalsearch.com/site/petalbot)"
114.119.147.73 - - [23/Jun/2022:03:43:43 +0000] "GET /node/1367/img_7258?ak_action=accept_mobile HTTP/1.1" 301 178 "https://mrchoke.org/node/1367/img_7258?ak_action=reject_mobile" "Mozilla/5.0 (Linux; Android 7.0;) AppleWebKit/537.36 (KHTML, like Gecko) Mobile Safari/537.36 (compatible; PetalBot;+https://webmaster.petalsearch.com/site/petalbot)"
114.119.147.73 - - [23/Jun/2022:03:43:49 +0000] "GET /node/1367/img_7258/?ak_action=accept_mobile HTTP/1.1" 200 7997 "https://mrchoke.org/node/1367/img_7258?ak_action=reject_mobile" "Mozilla/5.0 (Linux; Android 7.0;) AppleWebKit/537.36 (KHTML, like Gecko) Mobile Safari/537.36 (compatible; PetalBot;+https://webmaster.petalsearch.com/site/petalbot)"
114.119.147.73 - - [23/Jun/2022:03:45:52 +0000] "GET /node/1101/ch7_3350_01?share=facebook HTTP/1.1" 302 154 "https://mrchoke.org/node/1101/ch7_3350_01?ak_action=accept_mobile" "Mozilla/5.0 (Linux; Android 7.0;) AppleWebKit/537.36 (KHTML, like Gecko) Mobile Safari/537.36 (compatible; PetalBot;+https://webmaster.petalsearch.com/site/petalbot)"
114.119.147.73 - - [23/Jun/2022:03:45:57 +0000] "GET /node/1101/ch7_3350_01?share=facebook HTTP/1.1" 301 178 "https://mrchoke.org/node/1101/ch7_3350_01?ak_action=accept_mobile" "Mozilla/5.0 (Linux; Android 7.0;) AppleWebKit/537.36 (KHTML, like Gecko) Mobile Safari/537.36 (compatible; PetalBot;+https://webmaster.petalsearch.com/site/petalbot)"
114.119.147.73 - - [23/Jun/2022:03:46:03 +0000] "GET /node/1101/ch7_3350_01/?share=facebook HTTP/1.1" 200 7887 "https://mrchoke.org/node/1101/ch7_3350_01?ak_action=accept_mobile" "Mozilla/5.0 (Linux; Android 7.0;) AppleWebKit/537.36 (KHTML, like Gecko) Mobile Safari/537.36 (compatible; PetalBot;+https://webmaster.petalsearch.com/site/petalbot)"
216.244.66.229 - - [23/Jun/2022:03:46:14 +0000] "GET /node/205/feed HTTP/1.1" 404 162 "-" "Mozilla/5.0 (compatible; DotBot/1.2; +https://opensiteexplorer.org/dotbot; help@moz.com)"
216.244.66.229 - - [23/Jun/2022:03:46:19 +0000] "GET /img_7785/ HTTP/1.1" 404 162 "-" "Mozilla/5.0 (compatible; DotBot/1.2; +https://opensiteexplorer.org/dotbot; help@moz.com)"
216.244.66.229 - - [23/Jun/2022:03:46:53 +0000] "GET /node/835/img_6199/feed HTTP/1.1" 404 162 "-" "Mozilla/5.0 (compatible; DotBot/1.2; +https://opensiteexplorer.org/dotbot; help@moz.com)"
94.102.61.8 - - [23/Jun/2022:03:46:55 +0000] "GET / HTTP/1.1" 301 178 "-" "Mozilla/5.0 (Windows NT 10.0; Win64; x64) AppleWebKit/537.36 (KHTML, like Gecko) Chrome/88.0.4324.190 Safari/537.36"
216.244.66.229 - - [23/Jun/2022:03:46:57 +0000] "GET /node/category/mysql/feed HTTP/1.1" 404 162 "-" "Mozilla/5.0 (compatible; DotBot/1.2; +https://opensiteexplorer.org/dotbot; help@moz.com)"
94.102.61.8 - - [23/Jun/2022:03:47:00 +0000] "GET / HTTP/1.1" 200 920 "https://188.166.238.131:443/" "Mozilla/5.0 (Windows NT 10.0; Win64; x64) AppleWebKit/537.36 (KHTML, like Gecko) Chrome/88.0.4324.190 Safari/537.36"
216.244.66.229 - - [23/Jun/2022:03:47:27 +0000] "GET /node/764/feed HTTP/1.1" 404 162 "-" "Mozilla/5.0 (compatible; DotBot/1.2; +https://opensiteexplorer.org/dotbot; help@moz.com)"
216.244.66.229 - - [23/Jun/2022:03:47:50 +0000] "GET /node/category/ubuntu/page/7 HTTP/1.1" 404 162 "-" "Mozilla/5.0 (compatible; DotBot/1.2; +https://opensiteexplorer.org/dotbot; help@moz.com)"
51.222.253.15 - - [23/Jun/2022:03:47:52 +0000] "GET /img_7459 HTTP/2.0" 301 178 "-" "Mozilla/5.0 (compatible; AhrefsBot/7.0; +http://ahrefs.com/robot/)"
114.119.147.73 - - [23/Jun/2022:03:47:55 +0000] "GET /node/category/karmic HTTP/1.1" 404 134 "http://www.mrchoke.org/node/28" "Mozilla/5.0 (Linux; Android 7.0;) AppleWebKit/537.36 (KHTML, like Gecko) Mobile Safari/537.36 (compatible; PetalBot;+https://webmaster.petalsearch.com/site/petalbot)"
193.201.9.157 - - [23/Jun/2022:03:49:38 +0000] "GET / HTTP/1.0" 200 612 "-" "masscan/1.3 (https://github.com/robertdavidgraham/masscan)"
193.201.9.157 - - [23/Jun/2022:03:49:41 +0000] "GET / HTTP/1.0" 200 612 "-" "masscan/1.3 (https://github.com/robertdavidgraham/masscan)"
114.119.147.87 - - [23/Jun/2022:03:50:21 +0000] "GET /img_7631 HTTP/1.1" 301 178 "https://mrchoke.org/node/tag/iphone-2?ak_action=reject_mobile" "Mozilla/5.0 (Linux; Android 7.0;) AppleWebKit/537.36 (KHTML, like Gecko) Mobile Safari/537.36 (compatible; PetalBot;+https://webmaster.petalsearch.com/site/petalbot)"
114.119.147.86 - - [23/Jun/2022:03:51:51 +0000] "GET /node/category/domain/page/2?ak_action=reject_mobile HTTP/1.1" 302 154 "https://mrchoke.org/node/category/domain/page/3?ak_action=reject_mobile" "Mozilla/5.0 (Linux; Android 7.0;) AppleWebKit/537.36 (KHTML, like Gecko) Mobile Safari/537.36 (compatible; PetalBot;+https://webmaster.petalsearch.com/site/petalbot)"
114.119.147.86 - - [23/Jun/2022:03:51:58 +0000] "GET /node/category/domain/page/2?ak_action=reject_mobile HTTP/1.1" 301 178 "https://mrchoke.org/node/category/domain/page/3?ak_action=reject_mobile" "Mozilla/5.0 (Linux; Android 7.0;) AppleWebKit/537.36 (KHTML, like Gecko) Mobile Safari/537.36 (compatible; PetalBot;+https://webmaster.petalsearch.com/site/petalbot)"
114.119.147.86 - - [23/Jun/2022:03:52:05 +0000] "GET /node/category/domain/page/2/?ak_action=reject_mobile HTTP/1.1" 200 18131 "https://mrchoke.org/node/category/domain/page/3?ak_action=reject_mobile" "Mozilla/5.0 (Linux; Android 7.0;) AppleWebKit/537.36 (KHTML, like Gecko) Mobile Safari/537.36 (compatible; PetalBot;+https://webmaster.petalsearch.com/site/petalbot)"
114.119.147.81 - - [23/Jun/2022:03:53:45 +0000] "GET /ch7_3292 HTTP/1.1" 301 178 "https://mrchoke.org/node/1101?share=linkedin" "Mozilla/5.0 (Linux; Android 7.0;) AppleWebKit/537.36 (KHTML, like Gecko) Mobile Safari/537.36 (compatible; PetalBot;+https://webmaster.petalsearch.com/site/petalbot)"
114.119.147.81 - - [23/Jun/2022:03:53:51 +0000] "GET /ch7_3292/ HTTP/1.1" 200 7879 "https://mrchoke.org/node/1101?share=linkedin" "Mozilla/5.0 (Linux; Android 7.0;) AppleWebKit/537.36 (KHTML, like Gecko) Mobile Safari/537.36 (compatible; PetalBot;+https://webmaster.petalsearch.com/site/petalbot)"
114.119.147.73 - - [23/Jun/2022:03:57:10 +0000] "GET /node/471?ak_action=reject_mobile HTTP/1.1" 302 154 "https://mrchoke.org/node/471?ak_action=accept_mobile" "Mozilla/5.0 (Linux; Android 7.0;) AppleWebKit/537.36 (KHTML, like Gecko) Mobile Safari/537.36 (compatible; PetalBot;+https://webmaster.petalsearch.com/site/petalbot)"
114.119.147.73 - - [23/Jun/2022:03:57:21 +0000] "GET /node/471?ak_action=reject_mobile HTTP/1.1" 301 178 "https://mrchoke.org/node/471?ak_action=accept_mobile" "Mozilla/5.0 (Linux; Android 7.0;) AppleWebKit/537.36 (KHTML, like Gecko) Mobile Safari/537.36 (compatible; PetalBot;+https://webmaster.petalsearch.com/site/petalbot)"
216.244.66.229 - - [23/Jun/2022:03:58:07 +0000] "GET /img_6671 HTTP/1.1" 404 162 "-" "Mozilla/5.0 (compatible; DotBot/1.2; +https://opensiteexplorer.org/dotbot; help@moz.com)"
164.92.231.47 - - [23/Jun/2022:03:58:13 +0000] "SSH-2.0-OpenSSH" 400 166 "-" "-"
114.119.147.73 - - [23/Jun/2022:03:59:15 +0000] "GET /node/1607/img_7582?share=reddit HTTP/1.1" 302 154 "https://mrchoke.org/node/1607/img_7582" "Mozilla/5.0 (Linux; Android 7.0;) AppleWebKit/537.36 (KHTML, like Gecko) Mobile Safari/537.36 (compatible; PetalBot;+https://webmaster.petalsearch.com/site/petalbot)"
114.119.147.73 - - [23/Jun/2022:03:59:29 +0000] "GET /node/1607/img_7582?share=reddit HTTP/1.1" 301 178 "https://mrchoke.org/node/1607/img_7582" "Mozilla/5.0 (Linux; Android 7.0;) AppleWebKit/537.36 (KHTML, like Gecko) Mobile Safari/537.36 (compatible; PetalBot;+https://webmaster.petalsearch.com/site/petalbot)"
216.244.66.229 - - [23/Jun/2022:03:59:52 +0000] "GET /node/1724/?share=google-plus-1 HTTP/1.1" 404 162 "-" "Mozilla/5.0 (compatible; DotBot/1.2; +https://opensiteexplorer.org/dotbot; help@moz.com)"
40.77.167.46 - - [23/Jun/2022:03:59:53 +0000] "GET /node/66 HTTP/2.0" 302 154 "-" "Mozilla/5.0 (compatible; bingbot/2.0; +http://www.bing.com/bingbot.htm)"
40.77.167.46 - - [23/Jun/2022:04:00:03 +0000] "GET /node/66 HTTP/2.0" 301 178 "-" "Mozilla/5.0 (compatible; bingbot/2.0; +http://www.bing.com/bingbot.htm)"
40.77.167.46 - - [23/Jun/2022:04:00:13 +0000] "GET /node/66/ HTTP/2.0" 304 0 "-" "Mozilla/5.0 (compatible; bingbot/2.0; +http://www.bing.com/bingbot.htm)"
216.244.66.229 - - [23/Jun/2022:04:00:24 +0000] "GET /node/1228/feed HTTP/1.1" 404 162 "-" "Mozilla/5.0 (compatible; DotBot/1.2; +https://opensiteexplorer.org/dotbot; help@moz.com)"
199.249.230.87 - - [23/Jun/2022:04:01:28 +0000] "GET / HTTP/1.1" 301 178 "-" "Mozilla/5.0 (Windows NT 10.0; Win64; x64) AppleWebKit/537.36 (KHTML, like Gecko) Chrome/95.0.4638.69 Safari/537.36"
199.249.230.87 - - [23/Jun/2022:04:01:29 +0000] "GET / HTTP/1.1" 200 920 "https://188.166.238.131/" "Mozilla/5.0 (Windows NT 10.0; Win64; x64) AppleWebKit/537.36 (KHTML, like Gecko) Chrome/95.0.4638.69 Safari/537.36"
114.119.147.74 - - [23/Jun/2022:04:02:03 +0000] "GET /node/144 HTTP/1.1" 302 154 "https://mrchoke.org/node/category/domain/page/15?ak_action=accept_mobile" "Mozilla/5.0 (Linux; Android 7.0;) AppleWebKit/537.36 (KHTML, like Gecko) Mobile Safari/537.36 (compatible; PetalBot;+https://webmaster.petalsearch.com/site/petalbot)"
114.119.147.74 - - [23/Jun/2022:04:02:11 +0000] "GET /node/144 HTTP/1.1" 301 178 "https://mrchoke.org/node/category/domain/page/15?ak_action=accept_mobile" "Mozilla/5.0 (Linux; Android 7.0;) AppleWebKit/537.36 (KHTML, like Gecko) Mobile Safari/537.36 (compatible; PetalBot;+https://webmaster.petalsearch.com/site/petalbot)"
185.191.171.2 - - [23/Jun/2022:04:02:37 +0000] "GET /robots.txt HTTP/1.1" 404 134 "-" "Mozilla/5.0 (compatible; SemrushBot/7~bl; +http://www.semrush.com/bot.html)"
185.191.171.6 - - [23/Jun/2022:04:02:38 +0000] "GET /node/124 HTTP/1.1" 301 178 "-" "Mozilla/5.0 (compatible; SemrushBot/7~bl; +http://www.semrush.com/bot.html)"
185.191.171.5 - - [23/Jun/2022:04:02:40 +0000] "GET /node/124/ HTTP/1.1" 200 9646 "-" "Mozilla/5.0 (compatible; SemrushBot/7~bl; +http://www.semrush.com/bot.html)"
114.119.147.86 - - [23/Jun/2022:04:03:34 +0000] "GET /node/438?share=reddit HTTP/1.1" 302 154 "https://mrchoke.org/node/438" "Mozilla/5.0 (Linux; Android 7.0;) AppleWebKit/537.36 (KHTML, like Gecko) Mobile Safari/537.36 (compatible; PetalBot;+https://webmaster.petalsearch.com/site/petalbot)"
66.249.79.242 - - [23/Jun/2022:04:03:38 +0000] "GET /robots.txt HTTP/1.1" 404 134 "-" "Mozilla/5.0 (compatible; Googlebot/2.1; +http://www.google.com/bot.html)"
66.249.79.242 - - [23/Jun/2022:04:03:38 +0000] "GET /taxonomy/term/11%2013/function.mysql-query?page=4 HTTP/1.1" 404 134 "-" "Mozilla/5.0 (compatible; Googlebot/2.1; +http://www.google.com/bot.html)"
114.119.147.86 - - [23/Jun/2022:04:03:45 +0000] "GET /node/438?share=reddit HTTP/1.1" 301 178 "https://mrchoke.org/node/438" "Mozilla/5.0 (Linux; Android 7.0;) AppleWebKit/537.36 (KHTML, like Gecko) Mobile Safari/537.36 (compatible; PetalBot;+https://webmaster.petalsearch.com/site/petalbot)"
51.222.253.1 - - [23/Jun/2022:04:05:06 +0000] "GET /node/1537/screenshot-2014-02-04-22-44-30/ HTTP/2.0" 200 7878 "-" "Mozilla/5.0 (compatible; AhrefsBot/7.0; +http://ahrefs.com/robot/)"
114.119.147.75 - - [23/Jun/2022:04:06:21 +0000] "GET /node/category/blog/page/11?ak_action=reject_mobile HTTP/1.1" 302 154 "https://mrchoke.org/node/category/blog/page/10?ak_action=reject_mobile" "Mozilla/5.0 (Linux; Android 7.0;) AppleWebKit/537.36 (KHTML, like Gecko) Mobile Safari/537.36 (compatible; PetalBot;+https://webmaster.petalsearch.com/site/petalbot)"
114.119.147.75 - - [23/Jun/2022:04:06:35 +0000] "GET /node/category/blog/page/11?ak_action=reject_mobile HTTP/1.1" 301 178 "https://mrchoke.org/node/category/blog/page/10?ak_action=reject_mobile" "Mozilla/5.0 (Linux; Android 7.0;) AppleWebKit/537.36 (KHTML, like Gecko) Mobile Safari/537.36 (compatible; PetalBot;+https://webmaster.petalsearch.com/site/petalbot)"
114.119.147.86 - - [23/Jun/2022:04:08:12 +0000] "GET /node/date/2006/11/09 HTTP/1.1" 404 134 "http://www.mrchoke.org/node/117" "Mozilla/5.0 (Linux; Android 7.0;) AppleWebKit/537.36 (KHTML, like Gecko) Mobile Safari/537.36 (compatible; PetalBot;+https://webmaster.petalsearch.com/site/petalbot)"
114.119.147.81 - - [23/Jun/2022:04:10:21 +0000] "GET /node/1992 HTTP/1.1" 301 178 "https://mrchoke.org/node/category/blog" "Mozilla/5.0 (Linux; Android 7.0;) AppleWebKit/537.36 (KHTML, like Gecko) Mobile Safari/537.36 (compatible; PetalBot;+https://webmaster.petalsearch.com/site/petalbot)"
114.119.147.81 - - [23/Jun/2022:04:10:24 +0000] "GET /node/1992/ HTTP/1.1" 200 12369 "https://mrchoke.org/node/category/blog" "Mozilla/5.0 (Linux; Android 7.0;) AppleWebKit/537.36 (KHTML, like Gecko) Mobile Safari/537.36 (compatible; PetalBot;+https://webmaster.petalsearch.com/site/petalbot)"
114.119.147.73 - - [23/Jun/2022:04:12:27 +0000] "GET /node/1657/img_7626?share=twitter HTTP/1.1" 302 154 "https://mrchoke.org/node/1657/img_7626?ak_action=accept_mobile" "Mozilla/5.0 (Linux; Android 7.0;) AppleWebKit/537.36 (KHTML, like Gecko) Mobile Safari/537.36 (compatible; PetalBot;+https://webmaster.petalsearch.com/site/petalbot)"
114.119.147.73 - - [23/Jun/2022:04:12:41 +0000] "GET /node/1657/img_7626?share=twitter HTTP/1.1" 301 178 "https://mrchoke.org/node/1657/img_7626?ak_action=accept_mobile" "Mozilla/5.0 (Linux; Android 7.0;) AppleWebKit/537.36 (KHTML, like Gecko) Mobile Safari/537.36 (compatible; PetalBot;+https://webmaster.petalsearch.com/site/petalbot)"
114.119.147.97 - - [23/Jun/2022:04:15:28 +0000] "GET /node/464?ak_action=accept_mobile HTTP/1.1" 302 154 "https://mrchoke.org/node/464?ak_action=reject_mobile" "Mozilla/5.0 (Linux; Android 7.0;) AppleWebKit/537.36 (KHTML, like Gecko) Mobile Safari/537.36 (compatible; PetalBot;+https://webmaster.petalsearch.com/site/petalbot)"
114.119.147.97 - - [23/Jun/2022:04:15:35 +0000] "GET /node/464?ak_action=accept_mobile HTTP/1.1" 301 178 "https://mrchoke.org/node/464?ak_action=reject_mobile" "Mozilla/5.0 (Linux; Android 7.0;) AppleWebKit/537.36 (KHTML, like Gecko) Mobile Safari/537.36 (compatible; PetalBot;+https://webmaster.petalsearch.com/site/petalbot)"
114.119.147.97 - - [23/Jun/2022:04:15:41 +0000] "GET /node/464/?ak_action=accept_mobile HTTP/1.1" 200 8475 "https://mrchoke.org/node/464?ak_action=reject_mobile" "Mozilla/5.0 (Linux; Android 7.0;) AppleWebKit/537.36 (KHTML, like Gecko) Mobile Safari/537.36 (compatible; PetalBot;+https://webmaster.petalsearch.com/site/petalbot)"
185.191.171.11 - - [23/Jun/2022:04:17:00 +0000] "GET /downloads/link.php?id=0002 HTTP/1.1" 404 134 "-" "Mozilla/5.0 (compatible; SemrushBot/7~bl; +http://www.semrush.com/bot.html)"
185.191.171.23 - - [23/Jun/2022:04:17:19 +0000] "GET /robots.txt HTTP/1.1" 404 134 "-" "Mozilla/5.0 (compatible; SemrushBot/7~bl; +http://www.semrush.com/bot.html)"
185.191.171.38 - - [23/Jun/2022:04:17:21 +0000] "GET /node/4 HTTP/1.1" 302 154 "-" "Mozilla/5.0 (compatible; SemrushBot/7~bl; +http://www.semrush.com/bot.html)"
185.191.171.39 - - [23/Jun/2022:04:17:22 +0000] "GET /node/4 HTTP/1.1" 301 178 "-" "Mozilla/5.0 (compatible; SemrushBot/7~bl; +http://www.semrush.com/bot.html)"
185.191.171.19 - - [23/Jun/2022:04:17:24 +0000] "GET /node/4/ HTTP/1.1" 200 10658 "-" "Mozilla/5.0 (compatible; SemrushBot/7~bl; +http://www.semrush.com/bot.html)"
114.119.147.81 - - [23/Jun/2022:04:17:31 +0000] "GET /node/1839/ch7_5475_2?share=twitter HTTP/1.1" 302 154 "https://mrchoke.org/node/1839/ch7_5475_2" "Mozilla/5.0 (Linux; Android 7.0;) AppleWebKit/537.36 (KHTML, like Gecko) Mobile Safari/537.36 (compatible; PetalBot;+https://webmaster.petalsearch.com/site/petalbot)"
114.119.147.81 - - [23/Jun/2022:04:17:43 +0000] "GET /node/1839/ch7_5475_2?share=twitter HTTP/1.1" 301 178 "https://mrchoke.org/node/1839/ch7_5475_2" "Mozilla/5.0 (Linux; Android 7.0;) AppleWebKit/537.36 (KHTML, like Gecko) Mobile Safari/537.36 (compatible; PetalBot;+https://webmaster.petalsearch.com/site/petalbot)"
2a03:2880:23ff:f::face:b00c - - [23/Jun/2022:04:18:20 +0000] "GET / HTTP/1.1" 200 396 "-" "facebookexternalhit/1.1 (+http://www.facebook.com/externalhit_uatext.php)"
2a03:2880:21ff:11::face:b00c - - [23/Jun/2022:04:18:20 +0000] "GET /?fbclid=IwAR2Up9jhDRmCJ2x6PXADBAxnqNA2BvuI1bFrq_81nfdM3YPU4H7HfRXAVs4 HTTP/1.1" 200 396 "-" "Mozilla/5.0 (iPhone; CPU iPhone OS 15_5 like Mac OS X) AppleWebKit/605.1.15 (KHTML, like Gecko) Mobile/15E148 Safari Line/12.9.0"
2a03:2880:23ff:f::face:b00c - - [23/Jun/2022:04:18:20 +0000] "GET / HTTP/1.1" 200 294 "-" "facebookexternalhit/1.1 (+http://www.facebook.com/externalhit_uatext.php)"
2a03:2880:10ff:e::face:b00c - - [23/Jun/2022:04:18:21 +0000] "GET /?fbclid=IwAR0P9tchvcMX9guQZVElyWMZOsC2ifpihE2bj3PWlbF6cp5Nqqvk5GFYogU HTTP/2.0" 200 282 "-" "Mozilla/5.0 (iPhone; CPU iPhone OS 15_5 like Mac OS X) AppleWebKit/605.1.15 (KHTML, like Gecko) Mobile/15E148 Safari Line/12.9.0"
185.7.214.104 - - [23/Jun/2022:04:18:36 +0000] "GET / HTTP/1.1" 200 396 "-" "Mozilla/5.0 (Windows NT 10.0; Win64; x64) AppleWebKit/537.36 (KHTML, like Gecko) Chrome/78.0.3904.108 Safari/537.36"
2a03:2880:27ff:6::face:b00c - - [23/Jun/2022:04:18:52 +0000] "GET / HTTP/1.1" 200 396 "-" "facebookexternalhit/1.1 (+http://www.facebook.com/externalhit_uatext.php)"
2a03:2880:24ff:4::face:b00c - - [23/Jun/2022:04:18:53 +0000] "GET / HTTP/1.1" 200 294 "-" "facebookexternalhit/1.1 (+http://www.facebook.com/externalhit_uatext.php)"
114.119.147.81 - - [23/Jun/2022:04:20:04 +0000] "GET /node/date/2012/04/21 HTTP/1.1" 302 154 "https://mrchoke.org/node/573?share=reddit" "Mozilla/5.0 (Linux; Android 7.0;) AppleWebKit/537.36 (KHTML, like Gecko) Mobile Safari/537.36 (compatible; PetalBot;+https://webmaster.petalsearch.com/site/petalbot)"
114.119.147.81 - - [23/Jun/2022:04:20:14 +0000] "GET /node/date/2012/04/21 HTTP/1.1" 301 178 "https://mrchoke.org/node/573?share=reddit" "Mozilla/5.0 (Linux; Android 7.0;) AppleWebKit/537.36 (KHTML, like Gecko) Mobile Safari/537.36 (compatible; PetalBot;+https://webmaster.petalsearch.com/site/petalbot)"
114.119.147.81 - - [23/Jun/2022:04:20:26 +0000] "GET /node/date/2012/04/21/ HTTP/1.1" 200 7611 "https://mrchoke.org/node/573?share=reddit" "Mozilla/5.0 (Linux; Android 7.0;) AppleWebKit/537.36 (KHTML, like Gecko) Mobile Safari/537.36 (compatible; PetalBot;+https://webmaster.petalsearch.com/site/petalbot)"
51.222.253.17 - - [23/Jun/2022:04:22:28 +0000] "GET /node/416/ HTTP/2.0" 200 10341 "-" "Mozilla/5.0 (compatible; AhrefsBot/7.0; +http://ahrefs.com/robot/)"
114.119.147.87 - - [23/Jun/2022:04:22:57 +0000] "GET /node/219 HTTP/1.1" 302 154 "https://mrchoke.org/node/category/domain/page/6" "Mozilla/5.0 (Linux; Android 7.0;) AppleWebKit/537.36 (KHTML, like Gecko) Mobile Safari/537.36 (compatible; PetalBot;+https://webmaster.petalsearch.com/site/petalbot)"
114.119.147.87 - - [23/Jun/2022:04:23:11 +0000] "GET /node/219 HTTP/1.1" 301 178 "https://mrchoke.org/node/category/domain/page/6" "Mozilla/5.0 (Linux; Android 7.0;) AppleWebKit/537.36 (KHTML, like Gecko) Mobile Safari/537.36 (compatible; PetalBot;+https://webmaster.petalsearch.com/site/petalbot)"
114.119.147.75 - - [23/Jun/2022:04:24:46 +0000] "GET /node/247 HTTP/1.1" 301 178 "https://mrchoke.org/node/date/2010/03/20" "Mozilla/5.0 (Linux; Android 7.0;) AppleWebKit/537.36 (KHTML, like Gecko) Mobile Safari/537.36 (compatible; PetalBot;+https://webmaster.petalsearch.com/site/petalbot)"
114.119.147.75 - - [23/Jun/2022:04:24:52 +0000] "GET /node/247/ HTTP/1.1" 200 15942 "https://mrchoke.org/node/date/2010/03/20" "Mozilla/5.0 (Linux; Android 7.0;) AppleWebKit/537.36 (KHTML, like Gecko) Mobile Safari/537.36 (compatible; PetalBot;+https://webmaster.petalsearch.com/site/petalbot)"
114.119.147.73 - - [23/Jun/2022:04:27:02 +0000] "GET /ch7_3478 HTTP/1.1" 301 178 "https://mrchoke.org/page/8" "Mozilla/5.0 (Linux; Android 7.0;) AppleWebKit/537.36 (KHTML, like Gecko) Mobile Safari/537.36 (compatible; PetalBot;+https://webmaster.petalsearch.com/site/petalbot)"
114.119.147.73 - - [23/Jun/2022:04:27:09 +0000] "GET /ch7_3478/ HTTP/1.1" 200 7887 "https://mrchoke.org/page/8" "Mozilla/5.0 (Linux; Android 7.0;) AppleWebKit/537.36 (KHTML, like Gecko) Mobile Safari/537.36 (compatible; PetalBot;+https://webmaster.petalsearch.com/site/petalbot)"
94.232.44.68 - - [23/Jun/2022:04:28:06 +0000] "\x03\x00\x00/*\xE0\x00\x00\x00\x00\x00Cookie: mstshash=Administr" 400 166 "-" "-"
185.7.214.104 - - [23/Jun/2022:04:29:55 +0000] "POST /cgi-bin/.%2e/.%2e/.%2e/.%2e/bin/sh HTTP/1.1" 400 166 "-" "-"
114.119.147.81 - - [23/Jun/2022:04:30:02 +0000] "GET /node/22?ak_action=reject_mobile HTTP/1.1" 302 154 "https://mrchoke.org/node/22?ak_action=accept_mobile" "Mozilla/5.0 (Linux; Android 7.0;) AppleWebKit/537.36 (KHTML, like Gecko) Mobile Safari/537.36 (compatible; PetalBot;+https://webmaster.petalsearch.com/site/petalbot)"
114.119.147.81 - - [23/Jun/2022:04:30:13 +0000] "GET /node/22?ak_action=reject_mobile HTTP/1.1" 301 178 "https://mrchoke.org/node/22?ak_action=accept_mobile" "Mozilla/5.0 (Linux; Android 7.0;) AppleWebKit/537.36 (KHTML, like Gecko) Mobile Safari/537.36 (compatible; PetalBot;+https://webmaster.petalsearch.com/site/petalbot)"
114.119.147.81 - - [23/Jun/2022:04:30:18 +0000] "GET /node/22/?ak_action=reject_mobile HTTP/1.1" 200 7926 "https://mrchoke.org/node/22?ak_action=accept_mobile" "Mozilla/5.0 (Linux; Android 7.0;) AppleWebKit/537.36 (KHTML, like Gecko) Mobile Safari/537.36 (compatible; PetalBot;+https://webmaster.petalsearch.com/site/petalbot)"
66.249.71.67 - - [23/Jun/2022:04:30:53 +0000] "GET /taxonomy/term/11%2013/0?page=4 HTTP/1.1" 404 134 "-" "Mozilla/5.0 (compatible; Googlebot/2.1; +http://www.google.com/bot.html)"
114.119.147.74 - - [23/Jun/2022:04:32:11 +0000] "GET /img_6500 HTTP/1.1" 301 178 "https://mrchoke.org/node/date/2014/01/page/5" "Mozilla/5.0 (Linux; Android 7.0;) AppleWebKit/537.36 (KHTML, like Gecko) Mobile Safari/537.36 (compatible; PetalBot;+https://webmaster.petalsearch.com/site/petalbot)"
114.119.147.74 - - [23/Jun/2022:04:32:17 +0000] "GET /img_6500/ HTTP/1.1" 200 7925 "https://mrchoke.org/node/date/2014/01/page/5" "Mozilla/5.0 (Linux; Android 7.0;) AppleWebKit/537.36 (KHTML, like Gecko) Mobile Safari/537.36 (compatible; PetalBot;+https://webmaster.petalsearch.com/site/petalbot)"
185.191.171.16 - - [23/Jun/2022:04:35:05 +0000] "GET /node/category/linux/page/5 HTTP/1.1" 301 178 "-" "Mozilla/5.0 (compatible; SemrushBot/7~bl; +http://www.semrush.com/bot.html)"
114.119.147.75 - - [23/Jun/2022:04:35:14 +0000] "GET /node/1558/img_7510?share=facebook HTTP/1.1" 302 154 "https://mrchoke.org/node/1558/img_7510?ak_action=accept_mobile" "Mozilla/5.0 (Linux; Android 7.0;) AppleWebKit/537.36 (KHTML, like Gecko) Mobile Safari/537.36 (compatible; PetalBot;+https://webmaster.petalsearch.com/site/petalbot)"
185.191.171.12 - - [23/Jun/2022:04:35:19 +0000] "GET /node/tag/polar-h7 HTTP/1.1" 302 154 "-" "Mozilla/5.0 (compatible; SemrushBot/7~bl; +http://www.semrush.com/bot.html)"
185.191.171.4 - - [23/Jun/2022:04:35:20 +0000] "GET /node/tag/polar-h7 HTTP/1.1" 301 178 "-" "Mozilla/5.0 (compatible; SemrushBot/7~bl; +http://www.semrush.com/bot.html)"
185.191.171.18 - - [23/Jun/2022:04:35:22 +0000] "GET /node/tag/polar-h7/ HTTP/1.1" 200 9314 "-" "Mozilla/5.0 (compatible; SemrushBot/7~bl; +http://www.semrush.com/bot.html)"
114.119.147.75 - - [23/Jun/2022:04:35:26 +0000] "GET /node/1558/img_7510?share=facebook HTTP/1.1" 301 178 "https://mrchoke.org/node/1558/img_7510?ak_action=accept_mobile" "Mozilla/5.0 (Linux; Android 7.0;) AppleWebKit/537.36 (KHTML, like Gecko) Mobile Safari/537.36 (compatible; PetalBot;+https://webmaster.petalsearch.com/site/petalbot)"
114.119.147.75 - - [23/Jun/2022:04:35:37 +0000] "GET /node/1558/img_7510/?share=facebook HTTP/1.1" 200 7924 "https://mrchoke.org/node/1558/img_7510?ak_action=accept_mobile" "Mozilla/5.0 (Linux; Android 7.0;) AppleWebKit/537.36 (KHTML, like Gecko) Mobile Safari/537.36 (compatible; PetalBot;+https://webmaster.petalsearch.com/site/petalbot)"
216.244.66.229 - - [23/Jun/2022:04:36:19 +0000] "GET /robots.txt HTTP/1.1" 404 162 "-" "Mozilla/5.0 (compatible; DotBot/1.2; +https://opensiteexplorer.org/dotbot; help@moz.com)"
216.244.66.229 - - [23/Jun/2022:04:36:19 +0000] "GET /robots.txt HTTP/1.1" 404 162 "-" "Mozilla/5.0 (compatible; DotBot/1.2; +https://opensiteexplorer.org/dotbot; help@moz.com)"
216.244.66.229 - - [23/Jun/2022:04:36:19 +0000] "GET /robots.txt HTTP/1.1" 404 162 "-" "Mozilla/5.0 (compatible; DotBot/1.2; +https://opensiteexplorer.org/dotbot; help@moz.com)"
114.119.147.97 - - [23/Jun/2022:04:37:18 +0000] "GET /page/4?ak_action=reject_mobile HTTP/1.1" 302 154 "https://mrchoke.org/page/5?ak_action=reject_mobile" "Mozilla/5.0 (Linux; Android 7.0;) AppleWebKit/537.36 (KHTML, like Gecko) Mobile Safari/537.36 (compatible; PetalBot;+https://webmaster.petalsearch.com/site/petalbot)"
114.119.147.97 - - [23/Jun/2022:04:37:24 +0000] "GET /page/4?ak_action=reject_mobile HTTP/1.1" 301 178 "https://mrchoke.org/page/5?ak_action=reject_mobile" "Mozilla/5.0 (Linux; Android 7.0;) AppleWebKit/537.36 (KHTML, like Gecko) Mobile Safari/537.36 (compatible; PetalBot;+https://webmaster.petalsearch.com/site/petalbot)"
114.119.147.97 - - [23/Jun/2022:04:37:30 +0000] "GET /page/4/?ak_action=reject_mobile HTTP/1.1" 200 11861 "https://mrchoke.org/page/5?ak_action=reject_mobile" "Mozilla/5.0 (Linux; Android 7.0;) AppleWebKit/537.36 (KHTML, like Gecko) Mobile Safari/537.36 (compatible; PetalBot;+https://webmaster.petalsearch.com/site/petalbot)"
185.191.171.39 - - [23/Jun/2022:04:38:01 +0000] "GET /img_7033 HTTP/1.1" 301 178 "-" "Mozilla/5.0 (compatible; SemrushBot/7~bl; +http://www.semrush.com/bot.html)"
185.191.171.4 - - [23/Jun/2022:04:38:03 +0000] "GET /img_7033/ HTTP/1.1" 200 7907 "-" "Mozilla/5.0 (compatible; SemrushBot/7~bl; +http://www.semrush.com/bot.html)"
114.119.147.74 - - [23/Jun/2022:04:39:48 +0000] "GET /node/329?share=linkedin HTTP/1.1" 302 154 "https://mrchoke.org/node/329?ak_action=accept_mobile" "Mozilla/5.0 (Linux; Android 7.0;) AppleWebKit/537.36 (KHTML, like Gecko) Mobile Safari/537.36 (compatible; PetalBot;+https://webmaster.petalsearch.com/site/petalbot)"
114.119.147.74 - - [23/Jun/2022:04:39:53 +0000] "GET /node/329?share=linkedin HTTP/1.1" 301 178 "https://mrchoke.org/node/329?ak_action=accept_mobile" "Mozilla/5.0 (Linux; Android 7.0;) AppleWebKit/537.36 (KHTML, like Gecko) Mobile Safari/537.36 (compatible; PetalBot;+https://webmaster.petalsearch.com/site/petalbot)"
114.119.147.74 - - [23/Jun/2022:04:39:58 +0000] "GET /node/329/?share=linkedin HTTP/1.1" 200 9429 "https://mrchoke.org/node/329?ak_action=accept_mobile" "Mozilla/5.0 (Linux; Android 7.0;) AppleWebKit/537.36 (KHTML, like Gecko) Mobile Safari/537.36 (compatible; PetalBot;+https://webmaster.petalsearch.com/site/petalbot)"
216.244.66.229 - - [23/Jun/2022:04:40:39 +0000] "GET /node/1731/screenshot-2014-02-18-14-51-16 HTTP/1.1" 404 162 "-" "Mozilla/5.0 (compatible; DotBot/1.2; +https://opensiteexplorer.org/dotbot; help@moz.com)"
216.244.66.229 - - [23/Jun/2022:04:40:44 +0000] "GET /node/6 HTTP/1.1" 404 162 "-" "Mozilla/5.0 (compatible; DotBot/1.2; +https://opensiteexplorer.org/dotbot; help@moz.com)"
185.191.171.44 - - [23/Jun/2022:04:41:06 +0000] "GET /node/date/2005/06/09 HTTP/1.1" 301 178 "-" "Mozilla/5.0 (compatible; SemrushBot/7~bl; +http://www.semrush.com/bot.html)"
185.191.171.16 - - [23/Jun/2022:04:41:09 +0000] "GET /node/date/2005/06/09/ HTTP/1.1" 200 7736 "-" "Mozilla/5.0 (compatible; SemrushBot/7~bl; +http://www.semrush.com/bot.html)"
51.222.253.5 - - [23/Jun/2022:04:41:22 +0000] "GET /node/100/ HTTP/2.0" 200 9704 "-" "Mozilla/5.0 (compatible; AhrefsBot/7.0; +http://ahrefs.com/robot/)"
216.244.66.229 - - [23/Jun/2022:04:41:35 +0000] "GET /node/865/ch7_3183/feed HTTP/1.1" 404 162 "-" "Mozilla/5.0 (compatible; DotBot/1.2; +https://opensiteexplorer.org/dotbot; help@moz.com)"
114.119.147.74 - - [23/Jun/2022:04:42:42 +0000] "GET /node/category/blog/page/9?ak_action=reject_mobile HTTP/1.1" 302 154 "https://mrchoke.org/node/category/blog/page/10?ak_action=reject_mobile" "Mozilla/5.0 (Linux; Android 7.0;) AppleWebKit/537.36 (KHTML, like Gecko) Mobile Safari/537.36 (compatible; PetalBot;+https://webmaster.petalsearch.com/site/petalbot)"
114.119.147.74 - - [23/Jun/2022:04:42:59 +0000] "GET /node/category/blog/page/9?ak_action=reject_mobile HTTP/1.1" 301 178 "https://mrchoke.org/node/category/blog/page/10?ak_action=reject_mobile" "Mozilla/5.0 (Linux; Android 7.0;) AppleWebKit/537.36 (KHTML, like Gecko) Mobile Safari/537.36 (compatible; PetalBot;+https://webmaster.petalsearch.com/site/petalbot)"
114.119.147.74 - - [23/Jun/2022:04:43:07 +0000] "GET /node/category/blog/page/9/?ak_action=reject_mobile HTTP/1.1" 200 16717 "https://mrchoke.org/node/category/blog/page/10?ak_action=reject_mobile" "Mozilla/5.0 (Linux; Android 7.0;) AppleWebKit/537.36 (KHTML, like Gecko) Mobile Safari/537.36 (compatible; PetalBot;+https://webmaster.petalsearch.com/site/petalbot)"
114.119.147.86 - - [23/Jun/2022:04:44:50 +0000] "GET /node/34?ak_action=accept_mobile HTTP/1.1" 302 154 "https://mrchoke.org/node/34?ak_action=reject_mobile" "Mozilla/5.0 (Linux; Android 7.0;) AppleWebKit/537.36 (KHTML, like Gecko) Mobile Safari/537.36 (compatible; PetalBot;+https://webmaster.petalsearch.com/site/petalbot)"
114.119.147.86 - - [23/Jun/2022:04:45:01 +0000] "GET /node/34?ak_action=accept_mobile HTTP/1.1" 301 178 "https://mrchoke.org/node/34?ak_action=reject_mobile" "Mozilla/5.0 (Linux; Android 7.0;) AppleWebKit/537.36 (KHTML, like Gecko) Mobile Safari/537.36 (compatible; PetalBot;+https://webmaster.petalsearch.com/site/petalbot)"
114.119.147.86 - - [23/Jun/2022:04:45:08 +0000] "GET /node/34/?ak_action=accept_mobile HTTP/1.1" 200 8546 "https://mrchoke.org/node/34?ak_action=reject_mobile" "Mozilla/5.0 (Linux; Android 7.0;) AppleWebKit/537.36 (KHTML, like Gecko) Mobile Safari/537.36 (compatible; PetalBot;+https://webmaster.petalsearch.com/site/petalbot)"
114.119.147.81 - - [23/Jun/2022:04:47:13 +0000] "GET /node/1724?ak_action=accept_mobile HTTP/1.1" 302 154 "https://mrchoke.org/node/1724?ak_action=reject_mobile" "Mozilla/5.0 (Linux; Android 7.0;) AppleWebKit/537.36 (KHTML, like Gecko) Mobile Safari/537.36 (compatible; PetalBot;+https://webmaster.petalsearch.com/site/petalbot)"
114.119.147.81 - - [23/Jun/2022:04:47:18 +0000] "GET /node/1724?ak_action=accept_mobile HTTP/1.1" 301 178 "https://mrchoke.org/node/1724?ak_action=reject_mobile" "Mozilla/5.0 (Linux; Android 7.0;) AppleWebKit/537.36 (KHTML, like Gecko) Mobile Safari/537.36 (compatible; PetalBot;+https://webmaster.petalsearch.com/site/petalbot)"
114.119.147.81 - - [23/Jun/2022:04:47:24 +0000] "GET /node/1724/?ak_action=accept_mobile HTTP/1.1" 200 10462 "https://mrchoke.org/node/1724?ak_action=reject_mobile" "Mozilla/5.0 (Linux; Android 7.0;) AppleWebKit/537.36 (KHTML, like Gecko) Mobile Safari/537.36 (compatible; PetalBot;+https://webmaster.petalsearch.com/site/petalbot)"
216.244.66.229 - - [23/Jun/2022:04:48:38 +0000] "GET /gallery/?g2_itemId=9409 HTTP/1.1" 404 162 "-" "Mozilla/5.0 (compatible; DotBot/1.2; +https://opensiteexplorer.org/dotbot; help@moz.com)"
185.191.171.10 - - [23/Jun/2022:04:49:11 +0000] "GET /img_7327 HTTP/1.1" 301 178 "-" "Mozilla/5.0 (compatible; SemrushBot/7~bl; +http://www.semrush.com/bot.html)"
185.191.171.3 - - [23/Jun/2022:04:49:13 +0000] "GET /img_7327/ HTTP/1.1" 200 7870 "-" "Mozilla/5.0 (compatible; SemrushBot/7~bl; +http://www.semrush.com/bot.html)"
114.119.147.74 - - [23/Jun/2022:04:50:33 +0000] "GET /node/939/img_6382?ak_action=accept_mobile HTTP/1.1" 302 154 "https://mrchoke.org/node/939/img_6382?ak_action=reject_mobile" "Mozilla/5.0 (Linux; Android 7.0;) AppleWebKit/537.36 (KHTML, like Gecko) Mobile Safari/537.36 (compatible; PetalBot;+https://webmaster.petalsearch.com/site/petalbot)"
114.119.147.74 - - [23/Jun/2022:04:50:49 +0000] "GET /node/939/img_6382?ak_action=accept_mobile HTTP/1.1" 301 178 "https://mrchoke.org/node/939/img_6382?ak_action=reject_mobile" "Mozilla/5.0 (Linux; Android 7.0;) AppleWebKit/537.36 (KHTML, like Gecko) Mobile Safari/537.36 (compatible; PetalBot;+https://webmaster.petalsearch.com/site/petalbot)"
167.114.173.115 - - [23/Jun/2022:04:50:59 +0000] "GET /robots.txt HTTP/1.1" 404 162 "-" "Mozilla/5.0 (compatible; MJ12bot/v1.4.8; http://mj12bot.com/)"
167.114.173.115 - - [23/Jun/2022:04:51:01 +0000] "GET /node/category/music/%E0%B9%80%E0%B8%9E%E0%B8%A5%E0%B8%87%E0%B9%83%E0%B8%95%E0%B9%89/page/14 HTTP/1.1" 302 154 "-" "Mozilla/5.0 (compatible; MJ12bot/v1.4.8; http://mj12bot.com/)"
167.114.173.115 - - [23/Jun/2022:04:51:08 +0000] "GET /robots.txt HTTP/1.1" 404 162 "-" "Mozilla/5.0 (compatible; MJ12bot/v1.4.8; http://mj12bot.com/)"
167.114.173.115 - - [23/Jun/2022:04:51:10 +0000] "GET /node/category/music/%E0%B9%80%E0%B8%9E%E0%B8%A5%E0%B8%87%E0%B9%83%E0%B8%95%E0%B9%89/page/14 HTTP/1.1" 404 134 "-" "Mozilla/5.0 (compatible; MJ12bot/v1.4.8; http://mj12bot.com/)"
