185.191.171.5 - - [01/Jul/2022:09:32:38 +0000] "GET /ch7_4108 HTTP/1.1" 301 178 "-" "Mozilla/5.0 (compatible; SemrushBot/7~bl; +http://www.semrush.com/bot.html)"
185.191.171.2 - - [01/Jul/2022:09:32:41 +0000] "GET /ch7_4108/ HTTP/1.1" 200 7886 "-" "Mozilla/5.0 (compatible; SemrushBot/7~bl; +http://www.semrush.com/bot.html)"
142.132.248.80 - - [01/Jul/2022:09:33:05 +0000] "GET / HTTP/1.1" 200 396 "-" "Mozilla/5.0 (compatible; DataForSeoBot/1.0; +https://dataforseo.com/dataforseo-bot)"
114.119.147.87 - - [01/Jul/2022:09:33:20 +0000] "GET /node/35 HTTP/1.1" 301 178 "https://static.mrchoke.org/node/34" "Mozilla/5.0 (Linux; Android 7.0;) AppleWebKit/537.36 (KHTML, like Gecko) Mobile Safari/537.36 (compatible; PetalBot;+https://webmaster.petalsearch.com/site/petalbot)"
114.119.147.87 - - [01/Jul/2022:09:33:37 +0000] "GET /node/35/ HTTP/1.1" 200 8602 "https://static.mrchoke.org/node/34" "Mozilla/5.0 (Linux; Android 7.0;) AppleWebKit/537.36 (KHTML, like Gecko) Mobile Safari/537.36 (compatible; PetalBot;+https://webmaster.petalsearch.com/site/petalbot)"
66.249.71.178 - - [01/Jul/2022:09:35:27 +0000] "GET /node/tag/%E0%B8%82%E0%B8%B2%E0%B8%A2/feed HTTP/1.1" 302 154 "-" "Mozilla/5.0 (Linux; Android 6.0.1; Nexus 5X Build/MMB29P) AppleWebKit/537.36 (KHTML, like Gecko) Chrome/103.0.5060.53 Mobile Safari/537.36 (compatible; Googlebot/2.1; +http://www.google.com/bot.html)"
66.249.71.31 - - [01/Jul/2022:09:35:29 +0000] "GET /node/tag/%E0%B8%82%E0%B8%B2%E0%B8%A2/feed HTTP/1.1" 404 197 "-" "Mozilla/5.0 (Linux; Android 6.0.1; Nexus 5X Build/MMB29P) AppleWebKit/537.36 (KHTML, like Gecko) Chrome/103.0.5060.53 Mobile Safari/537.36 (compatible; Googlebot/2.1; +http://www.google.com/bot.html)"
114.119.147.74 - - [01/Jul/2022:09:35:44 +0000] "GET /node/323?share=twitter HTTP/1.1" 302 154 "https://mrchoke.org/node/323?replytocom=354&ak_action=reject_mobile" "Mozilla/5.0 (Linux; Android 7.0;) AppleWebKit/537.36 (KHTML, like Gecko) Mobile Safari/537.36 (compatible; PetalBot;+https://webmaster.petalsearch.com/site/petalbot)"
114.119.147.74 - - [01/Jul/2022:09:35:46 +0000] "GET /node/323?share=twitter HTTP/1.1" 301 178 "https://mrchoke.org/node/323?replytocom=354&ak_action=reject_mobile" "Mozilla/5.0 (Linux; Android 7.0;) AppleWebKit/537.36 (KHTML, like Gecko) Mobile Safari/537.36 (compatible; PetalBot;+https://webmaster.petalsearch.com/site/petalbot)"
114.119.147.74 - - [01/Jul/2022:09:35:49 +0000] "GET /node/323/?share=twitter HTTP/1.1" 200 9737 "https://mrchoke.org/node/323?replytocom=354&ak_action=reject_mobile" "Mozilla/5.0 (Linux; Android 7.0;) AppleWebKit/537.36 (KHTML, like Gecko) Mobile Safari/537.36 (compatible; PetalBot;+https://webmaster.petalsearch.com/site/petalbot)"
114.119.147.87 - - [01/Jul/2022:09:39:00 +0000] "GET /wp-content/uploads/2014/01/IMG_7298-766x574.jpg HTTP/1.1" 302 154 "https://mrchoke.org/node/1428/img_7298" "Mozilla/5.0 (Linux; Android 7.0;) AppleWebKit/537.36 (KHTML, like Gecko) Mobile Safari/537.36 (compatible; PetalBot;+https://webmaster.petalsearch.com/site/petalbot)"
114.119.147.87 - - [01/Jul/2022:09:39:00 +0000] "GET /wp-content/uploads/2014/01/IMG_7298-766x574.jpg HTTP/1.1" 200 89181 "https://mrchoke.org/node/1428/img_7298" "Mozilla/5.0 (Linux; Android 7.0;) AppleWebKit/537.36 (KHTML, like Gecko) Mobile Safari/537.36 (compatible; PetalBot;+https://webmaster.petalsearch.com/site/petalbot)"
207.46.13.174 - - [01/Jul/2022:09:40:08 +0000] "GET /modules/tinymce/tinymce/jscripts/tiny_mce/plugins/emotions/images/smiley-tongue-out.gif HTTP/2.0" 404 123 "-" "Mozilla/5.0 (compatible; bingbot/2.0; +http://www.bing.com/bingbot.htm)"
114.119.141.103 - - [01/Jul/2022:09:40:18 +0000] "GET /robots.txt HTTP/1.1" 404 134 "-" "Mozilla/5.0 (compatible;PetalBot;+https://webmaster.petalsearch.com/site/petalbot)"
114.119.147.86 - - [01/Jul/2022:09:42:15 +0000] "GET /node/category/webpage/page/2?ak_action=accept_mobile HTTP/1.1" 302 154 "https://mrchoke.org/node/category/webpage?ak_action=accept_mobile" "Mozilla/5.0 (Linux; Android 7.0;) AppleWebKit/537.36 (KHTML, like Gecko) Mobile Safari/537.36 (compatible; PetalBot;+https://webmaster.petalsearch.com/site/petalbot)"
114.119.147.86 - - [01/Jul/2022:09:42:18 +0000] "GET /node/category/webpage/page/2?ak_action=accept_mobile HTTP/1.1" 301 178 "https://mrchoke.org/node/category/webpage?ak_action=accept_mobile" "Mozilla/5.0 (Linux; Android 7.0;) AppleWebKit/537.36 (KHTML, like Gecko) Mobile Safari/537.36 (compatible; PetalBot;+https://webmaster.petalsearch.com/site/petalbot)"
114.119.147.86 - - [01/Jul/2022:09:42:21 +0000] "GET /node/category/webpage/page/2/?ak_action=accept_mobile HTTP/1.1" 200 8201 "https://mrchoke.org/node/category/webpage?ak_action=accept_mobile" "Mozilla/5.0 (Linux; Android 7.0;) AppleWebKit/537.36 (KHTML, like Gecko) Mobile Safari/537.36 (compatible; PetalBot;+https://webmaster.petalsearch.com/site/petalbot)"
185.191.171.4 - - [01/Jul/2022:09:42:25 +0000] "GET /robots.txt HTTP/1.1" 404 134 "-" "Mozilla/5.0 (compatible; SemrushBot/7~bl; +http://www.semrush.com/bot.html)"
185.191.171.1 - - [01/Jul/2022:09:42:27 +0000] "GET /img_7465 HTTP/1.1" 301 178 "-" "Mozilla/5.0 (compatible; SemrushBot/7~bl; +http://www.semrush.com/bot.html)"
185.191.171.43 - - [01/Jul/2022:09:42:29 +0000] "GET /img_7465/ HTTP/1.1" 200 7865 "-" "Mozilla/5.0 (compatible; SemrushBot/7~bl; +http://www.semrush.com/bot.html)"
66.249.71.178 - - [01/Jul/2022:09:43:35 +0000] "GET /node/1992/feed HTTP/1.1" 302 154 "-" "Mozilla/5.0 (Linux; Android 6.0.1; Nexus 5X Build/MMB29P) AppleWebKit/537.36 (KHTML, like Gecko) Chrome/103.0.5060.53 Mobile Safari/537.36 (compatible; Googlebot/2.1; +http://www.google.com/bot.html)"
66.249.71.28 - - [01/Jul/2022:09:43:36 +0000] "GET /node/1992/feed HTTP/1.1" 301 178 "-" "Mozilla/5.0 (Linux; Android 6.0.1; Nexus 5X Build/MMB29P) AppleWebKit/537.36 (KHTML, like Gecko) Chrome/103.0.5060.53 Mobile Safari/537.36 (compatible; Googlebot/2.1; +http://www.google.com/bot.html)"
66.249.71.25 - - [01/Jul/2022:09:43:37 +0000] "GET /node/1992/feed/ HTTP/1.1" 403 196 "-" "Mozilla/5.0 (Linux; Android 6.0.1; Nexus 5X Build/MMB29P) AppleWebKit/537.36 (KHTML, like Gecko) Chrome/103.0.5060.53 Mobile Safari/537.36 (compatible; Googlebot/2.1; +http://www.google.com/bot.html)"
114.119.147.87 - - [01/Jul/2022:09:45:50 +0000] "GET /node/581/img_1726?share=twitter HTTP/1.1" 302 154 "https://mrchoke.org/node/581/img_1726?ak_action=accept_mobile" "Mozilla/5.0 (Linux; Android 7.0;) AppleWebKit/537.36 (KHTML, like Gecko) Mobile Safari/537.36 (compatible; PetalBot;+https://webmaster.petalsearch.com/site/petalbot)"
114.119.147.87 - - [01/Jul/2022:09:45:50 +0000] "GET /node/581/img_1726?share=twitter HTTP/1.1" 301 178 "https://mrchoke.org/node/581/img_1726?ak_action=accept_mobile" "Mozilla/5.0 (Linux; Android 7.0;) AppleWebKit/537.36 (KHTML, like Gecko) Mobile Safari/537.36 (compatible; PetalBot;+https://webmaster.petalsearch.com/site/petalbot)"
114.119.147.87 - - [01/Jul/2022:09:45:50 +0000] "GET /node/581/img_1726/?share=twitter HTTP/1.1" 200 7874 "https://mrchoke.org/node/581/img_1726?ak_action=accept_mobile" "Mozilla/5.0 (Linux; Android 7.0;) AppleWebKit/537.36 (KHTML, like Gecko) Mobile Safari/537.36 (compatible; PetalBot;+https://webmaster.petalsearch.com/site/petalbot)"
66.249.71.180 - - [01/Jul/2022:09:51:43 +0000] "GET /node/1992/feed HTTP/1.1" 302 154 "-" "Mozilla/5.0 (compatible; Googlebot/2.1; +http://www.google.com/bot.html)"
66.249.71.28 - - [01/Jul/2022:09:51:44 +0000] "GET /node/1992/feed HTTP/1.1" 301 178 "-" "Mozilla/5.0 (compatible; Googlebot/2.1; +http://www.google.com/bot.html)"
66.249.71.31 - - [01/Jul/2022:09:51:45 +0000] "GET /node/1992/feed/ HTTP/1.1" 403 134 "-" "Mozilla/5.0 (compatible; Googlebot/2.1; +http://www.google.com/bot.html)"
114.119.147.86 - - [01/Jul/2022:09:51:51 +0000] "GET /node/category/cert?ak_action=accept_mobile HTTP/1.1" 302 154 "https://mrchoke.org/node/category/cert?ak_action=reject_mobile" "Mozilla/5.0 (Linux; Android 7.0;) AppleWebKit/537.36 (KHTML, like Gecko) Mobile Safari/537.36 (compatible; PetalBot;+https://webmaster.petalsearch.com/site/petalbot)"
114.119.147.86 - - [01/Jul/2022:09:51:51 +0000] "GET /node/category/cert?ak_action=accept_mobile HTTP/1.1" 301 178 "https://mrchoke.org/node/category/cert?ak_action=reject_mobile" "Mozilla/5.0 (Linux; Android 7.0;) AppleWebKit/537.36 (KHTML, like Gecko) Mobile Safari/537.36 (compatible; PetalBot;+https://webmaster.petalsearch.com/site/petalbot)"
114.119.147.86 - - [01/Jul/2022:09:51:52 +0000] "GET /node/category/cert/?ak_action=accept_mobile HTTP/1.1" 200 9244 "https://mrchoke.org/node/category/cert?ak_action=reject_mobile" "Mozilla/5.0 (Linux; Android 7.0;) AppleWebKit/537.36 (KHTML, like Gecko) Mobile Safari/537.36 (compatible; PetalBot;+https://webmaster.petalsearch.com/site/petalbot)"
185.191.171.9 - - [01/Jul/2022:09:54:30 +0000] "GET /robots.txt HTTP/1.1" 404 134 "-" "Mozilla/5.0 (compatible; SemrushBot/7~bl; +http://www.semrush.com/bot.html)"
185.191.171.41 - - [01/Jul/2022:09:54:31 +0000] "GET /node/date/2009/01 HTTP/1.1" 302 154 "-" "Mozilla/5.0 (compatible; SemrushBot/7~bl; +http://www.semrush.com/bot.html)"
185.191.171.10 - - [01/Jul/2022:09:54:32 +0000] "GET /node/date/2009/01 HTTP/1.1" 301 178 "-" "Mozilla/5.0 (compatible; SemrushBot/7~bl; +http://www.semrush.com/bot.html)"
185.191.171.3 - - [01/Jul/2022:09:54:35 +0000] "GET /node/date/2009/01/ HTTP/1.1" 200 10380 "-" "Mozilla/5.0 (compatible; SemrushBot/7~bl; +http://www.semrush.com/bot.html)"
114.119.147.97 - - [01/Jul/2022:09:55:38 +0000] "GET /page/12 HTTP/1.1" 302 154 "https://mrchoke.org/page/13?ak_action=reject_mobile" "Mozilla/5.0 (Linux; Android 7.0;) AppleWebKit/537.36 (KHTML, like Gecko) Mobile Safari/537.36 (compatible; PetalBot;+https://webmaster.petalsearch.com/site/petalbot)"
114.119.147.97 - - [01/Jul/2022:09:55:39 +0000] "GET /page/12 HTTP/1.1" 301 178 "https://mrchoke.org/page/13?ak_action=reject_mobile" "Mozilla/5.0 (Linux; Android 7.0;) AppleWebKit/537.36 (KHTML, like Gecko) Mobile Safari/537.36 (compatible; PetalBot;+https://webmaster.petalsearch.com/site/petalbot)"
114.119.147.97 - - [01/Jul/2022:09:55:40 +0000] "GET /page/12/ HTTP/1.1" 200 18779 "https://mrchoke.org/page/13?ak_action=reject_mobile" "Mozilla/5.0 (Linux; Android 7.0;) AppleWebKit/537.36 (KHTML, like Gecko) Mobile Safari/537.36 (compatible; PetalBot;+https://webmaster.petalsearch.com/site/petalbot)"
185.191.171.44 - - [01/Jul/2022:09:58:41 +0000] "GET /node/date/2007/01/ HTTP/1.1" 302 154 "-" "Mozilla/5.0 (compatible; SemrushBot/7~bl; +http://www.semrush.com/bot.html)"
185.191.171.24 - - [01/Jul/2022:09:58:42 +0000] "GET /node/date/2007/01/ HTTP/1.1" 200 13261 "-" "Mozilla/5.0 (compatible; SemrushBot/7~bl; +http://www.semrush.com/bot.html)"
185.191.171.1 - - [01/Jul/2022:09:58:46 +0000] "GET /node/date/2006/06/07 HTTP/1.1" 301 178 "-" "Mozilla/5.0 (compatible; SemrushBot/7~bl; +http://www.semrush.com/bot.html)"
185.191.171.14 - - [01/Jul/2022:09:58:49 +0000] "GET /node/date/2006/06/07/ HTTP/1.1" 200 7750 "-" "Mozilla/5.0 (compatible; SemrushBot/7~bl; +http://www.semrush.com/bot.html)"
114.119.147.74 - - [01/Jul/2022:09:58:54 +0000] "GET /node/114?ak_action=accept_mobile HTTP/1.1" 302 154 "https://mrchoke.org/node/114?ak_action=reject_mobile" "Mozilla/5.0 (Linux; Android 7.0;) AppleWebKit/537.36 (KHTML, like Gecko) Mobile Safari/537.36 (compatible; PetalBot;+https://webmaster.petalsearch.com/site/petalbot)"
114.119.147.74 - - [01/Jul/2022:09:58:54 +0000] "GET /node/114?ak_action=accept_mobile HTTP/1.1" 301 178 "https://mrchoke.org/node/114?ak_action=reject_mobile" "Mozilla/5.0 (Linux; Android 7.0;) AppleWebKit/537.36 (KHTML, like Gecko) Mobile Safari/537.36 (compatible; PetalBot;+https://webmaster.petalsearch.com/site/petalbot)"
114.119.147.74 - - [01/Jul/2022:09:58:54 +0000] "GET /node/114/?ak_action=accept_mobile HTTP/1.1" 200 9232 "https://mrchoke.org/node/114?ak_action=reject_mobile" "Mozilla/5.0 (Linux; Android 7.0;) AppleWebKit/537.36 (KHTML, like Gecko) Mobile Safari/537.36 (compatible; PetalBot;+https://webmaster.petalsearch.com/site/petalbot)"
66.249.71.178 - - [01/Jul/2022:09:59:51 +0000] "GET /node/tag/%E0%B8%82%E0%B8%B2%E0%B8%A2/feed HTTP/1.1" 302 154 "-" "Mozilla/5.0 (compatible; Googlebot/2.1; +http://www.google.com/bot.html)"
66.249.71.31 - - [01/Jul/2022:09:59:52 +0000] "GET /node/tag/%E0%B8%82%E0%B8%B2%E0%B8%A2/feed HTTP/1.1" 404 134 "-" "Mozilla/5.0 (compatible; Googlebot/2.1; +http://www.google.com/bot.html)"
66.249.71.31 - - [01/Jul/2022:10:01:05 +0000] "GET /node/date/2014/01 HTTP/1.1" 301 178 "-" "Mozilla/5.0 (Linux; Android 6.0.1; Nexus 5X Build/MMB29P) AppleWebKit/537.36 (KHTML, like Gecko) Chrome/103.0.5060.53 Mobile Safari/537.36 (compatible; Googlebot/2.1; +http://www.google.com/bot.html)"
66.249.71.31 - - [01/Jul/2022:10:01:06 +0000] "GET /node/date/2014/01/ HTTP/1.1" 200 16563 "-" "Mozilla/5.0 (Linux; Android 6.0.1; Nexus 5X Build/MMB29P) AppleWebKit/537.36 (KHTML, like Gecko) Chrome/103.0.5060.53 Mobile Safari/537.36 (compatible; Googlebot/2.1; +http://www.google.com/bot.html)"
114.119.147.73 - - [01/Jul/2022:10:02:11 +0000] "GET /node/790/img_6176 HTTP/1.1" 302 154 "https://mrchoke.org/node/790/img_6174" "Mozilla/5.0 (Linux; Android 7.0;) AppleWebKit/537.36 (KHTML, like Gecko) Mobile Safari/537.36 (compatible; PetalBot;+https://webmaster.petalsearch.com/site/petalbot)"
114.119.147.73 - - [01/Jul/2022:10:02:11 +0000] "GET /node/790/img_6176 HTTP/1.1" 301 178 "https://mrchoke.org/node/790/img_6174" "Mozilla/5.0 (Linux; Android 7.0;) AppleWebKit/537.36 (KHTML, like Gecko) Mobile Safari/537.36 (compatible; PetalBot;+https://webmaster.petalsearch.com/site/petalbot)"
114.119.147.73 - - [01/Jul/2022:10:02:11 +0000] "GET /node/790/img_6176/ HTTP/1.1" 200 7875 "https://mrchoke.org/node/790/img_6174" "Mozilla/5.0 (Linux; Android 7.0;) AppleWebKit/537.36 (KHTML, like Gecko) Mobile Safari/537.36 (compatible; PetalBot;+https://webmaster.petalsearch.com/site/petalbot)"
139.162.203.83 - - [01/Jul/2022:10:06:26 +0000] "GET / HTTP/1.1" 200 396 "-" "Mozilla/5.0 (Windows NT 6.1; WOW64; rv:8.0) Gecko/20100101 Firefox/8.0"
185.191.171.17 - - [01/Jul/2022:10:09:34 +0000] "GET /node/865/ch7_3175 HTTP/1.1" 301 178 "-" "Mozilla/5.0 (compatible; SemrushBot/7~bl; +http://www.semrush.com/bot.html)"
185.191.171.9 - - [01/Jul/2022:10:09:37 +0000] "GET /node/865/ch7_3175/ HTTP/1.1" 200 7880 "-" "Mozilla/5.0 (compatible; SemrushBot/7~bl; +http://www.semrush.com/bot.html)"
114.119.147.73 - - [01/Jul/2022:10:11:11 +0000] "GET /node/331?share=facebook HTTP/1.1" 302 154 "https://mrchoke.org/node/331" "Mozilla/5.0 (Linux; Android 7.0;) AppleWebKit/537.36 (KHTML, like Gecko) Mobile Safari/537.36 (compatible; PetalBot;+https://webmaster.petalsearch.com/site/petalbot)"
114.119.147.73 - - [01/Jul/2022:10:11:11 +0000] "GET /node/331?share=facebook HTTP/1.1" 301 178 "https://mrchoke.org/node/331" "Mozilla/5.0 (Linux; Android 7.0;) AppleWebKit/537.36 (KHTML, like Gecko) Mobile Safari/537.36 (compatible; PetalBot;+https://webmaster.petalsearch.com/site/petalbot)"
114.119.147.73 - - [01/Jul/2022:10:11:11 +0000] "GET /node/331/?share=facebook HTTP/1.1" 200 9676 "https://mrchoke.org/node/331" "Mozilla/5.0 (Linux; Android 7.0;) AppleWebKit/537.36 (KHTML, like Gecko) Mobile Safari/537.36 (compatible; PetalBot;+https://webmaster.petalsearch.com/site/petalbot)"
40.77.167.46 - - [01/Jul/2022:10:13:17 +0000] "GET /wp-content/uploads/2014/01/CH7_3353-1024x681.jpg HTTP/2.0" 200 255362 "-" "Mozilla/5.0 (compatible; bingbot/2.0; +http://www.bing.com/bingbot.htm)"
114.119.147.97 - - [01/Jul/2022:10:14:28 +0000] "GET /node/351?share=twitter HTTP/1.1" 302 154 "https://mrchoke.org/node/351?ak_action=accept_mobile" "Mozilla/5.0 (Linux; Android 7.0;) AppleWebKit/537.36 (KHTML, like Gecko) Mobile Safari/537.36 (compatible; PetalBot;+https://webmaster.petalsearch.com/site/petalbot)"
114.119.147.97 - - [01/Jul/2022:10:14:28 +0000] "GET /node/351?share=twitter HTTP/1.1" 301 178 "https://mrchoke.org/node/351?ak_action=accept_mobile" "Mozilla/5.0 (Linux; Android 7.0;) AppleWebKit/537.36 (KHTML, like Gecko) Mobile Safari/537.36 (compatible; PetalBot;+https://webmaster.petalsearch.com/site/petalbot)"
114.119.147.97 - - [01/Jul/2022:10:14:32 +0000] "GET /node/351/?share=twitter HTTP/1.1" 200 8101 "https://mrchoke.org/node/351?ak_action=accept_mobile" "Mozilla/5.0 (Linux; Android 7.0;) AppleWebKit/537.36 (KHTML, like Gecko) Mobile Safari/537.36 (compatible; PetalBot;+https://webmaster.petalsearch.com/site/petalbot)"
66.249.71.180 - - [01/Jul/2022:10:16:07 +0000] "GET /node/1356/img_7238/feed HTTP/1.1" 302 154 "-" "Mozilla/5.0 (Linux; Android 6.0.1; Nexus 5X Build/MMB29P) AppleWebKit/537.36 (KHTML, like Gecko) Chrome/103.0.5060.53 Mobile Safari/537.36 (compatible; Googlebot/2.1; +http://www.google.com/bot.html)"
66.249.71.31 - - [01/Jul/2022:10:16:08 +0000] "GET /node/1356/img_7238/feed HTTP/1.1" 301 178 "-" "Mozilla/5.0 (Linux; Android 6.0.1; Nexus 5X Build/MMB29P) AppleWebKit/537.36 (KHTML, like Gecko) Chrome/103.0.5060.53 Mobile Safari/537.36 (compatible; Googlebot/2.1; +http://www.google.com/bot.html)"
66.249.71.25 - - [01/Jul/2022:10:16:09 +0000] "GET /node/1356/img_7238/feed/ HTTP/1.1" 403 196 "-" "Mozilla/5.0 (Linux; Android 6.0.1; Nexus 5X Build/MMB29P) AppleWebKit/537.36 (KHTML, like Gecko) Chrome/103.0.5060.53 Mobile Safari/537.36 (compatible; Googlebot/2.1; +http://www.google.com/bot.html)"
185.21.216.169 - - [01/Jul/2022:10:16:23 +0000] "GET / HTTP/1.1" 200 396 "-" "Mozilla/5.0 (Macintosh; Intel Mac OS X 10_15_7) AppleWebKit/537.36 (KHTML, like Gecko) Chrome/102.0.0.0 Safari/537.36"
114.119.147.87 - - [01/Jul/2022:10:17:45 +0000] "GET /node/556 HTTP/1.1" 301 178 "https://mrchoke.org/node/564?ak_action=reject_mobile" "Mozilla/5.0 (Linux; Android 7.0;) AppleWebKit/537.36 (KHTML, like Gecko) Mobile Safari/537.36 (compatible; PetalBot;+https://webmaster.petalsearch.com/site/petalbot)"
114.119.147.87 - - [01/Jul/2022:10:17:45 +0000] "GET /node/556/ HTTP/1.1" 200 16960 "https://mrchoke.org/node/564?ak_action=reject_mobile" "Mozilla/5.0 (Linux; Android 7.0;) AppleWebKit/537.36 (KHTML, like Gecko) Mobile Safari/537.36 (compatible; PetalBot;+https://webmaster.petalsearch.com/site/petalbot)"
216.244.66.229 - - [01/Jul/2022:10:19:56 +0000] "GET /robots.txt HTTP/1.1" 404 162 "-" "Mozilla/5.0 (compatible; DotBot/1.2; +https://opensiteexplorer.org/dotbot; help@moz.com)"
185.191.171.34 - - [01/Jul/2022:10:20:00 +0000] "GET /node/52 HTTP/1.1" 302 154 "-" "Mozilla/5.0 (compatible; SemrushBot/7~bl; +http://www.semrush.com/bot.html)"
185.191.171.34 - - [01/Jul/2022:10:20:02 +0000] "GET /node/52 HTTP/1.1" 301 178 "-" "Mozilla/5.0 (compatible; SemrushBot/7~bl; +http://www.semrush.com/bot.html)"
185.191.171.4 - - [01/Jul/2022:10:20:04 +0000] "GET /node/52/ HTTP/1.1" 200 9293 "-" "Mozilla/5.0 (compatible; SemrushBot/7~bl; +http://www.semrush.com/bot.html)"
114.119.147.87 - - [01/Jul/2022:10:21:02 +0000] "GET /node/1348?ak_action=accept_mobile HTTP/1.1" 302 154 "https://mrchoke.org/node/1348?ak_action=reject_mobile" "Mozilla/5.0 (Linux; Android 7.0;) AppleWebKit/537.36 (KHTML, like Gecko) Mobile Safari/537.36 (compatible; PetalBot;+https://webmaster.petalsearch.com/site/petalbot)"
114.119.147.87 - - [01/Jul/2022:10:21:02 +0000] "GET /node/1348?ak_action=accept_mobile HTTP/1.1" 301 178 "https://mrchoke.org/node/1348?ak_action=reject_mobile" "Mozilla/5.0 (Linux; Android 7.0;) AppleWebKit/537.36 (KHTML, like Gecko) Mobile Safari/537.36 (compatible; PetalBot;+https://webmaster.petalsearch.com/site/petalbot)"
114.119.147.87 - - [01/Jul/2022:10:21:02 +0000] "GET /node/1348/?ak_action=accept_mobile HTTP/1.1" 200 10997 "https://mrchoke.org/node/1348?ak_action=reject_mobile" "Mozilla/5.0 (Linux; Android 7.0;) AppleWebKit/537.36 (KHTML, like Gecko) Mobile Safari/537.36 (compatible; PetalBot;+https://webmaster.petalsearch.com/site/petalbot)"
185.191.171.12 - - [01/Jul/2022:10:21:38 +0000] "GET /node/date/2014/01/06 HTTP/1.1" 301 178 "-" "Mozilla/5.0 (compatible; SemrushBot/7~bl; +http://www.semrush.com/bot.html)"
185.191.171.8 - - [01/Jul/2022:10:21:40 +0000] "GET /node/date/2014/01/06/ HTTP/1.1" 200 9549 "-" "Mozilla/5.0 (compatible; SemrushBot/7~bl; +http://www.semrush.com/bot.html)"
178.79.163.10 - - [01/Jul/2022:10:22:26 +0000] "GET / HTTP/2.0" 301 178 "-" "Mozilla/5.0 (Windows NT 6.1; WOW64; rv:8.0) Gecko/20100101 Firefox/8.0"
178.79.163.10 - - [01/Jul/2022:10:22:27 +0000] "GET / HTTP/2.0" 200 908 "-" "Mozilla/5.0 (Windows NT 6.1; WOW64; rv:8.0) Gecko/20100101 Firefox/8.0"
216.244.66.229 - - [01/Jul/2022:10:22:31 +0000] "GET /node/242/feed HTTP/1.1" 404 162 "-" "Mozilla/5.0 (compatible; DotBot/1.2; +https://opensiteexplorer.org/dotbot; help@moz.com)"
114.119.142.188 - - [01/Jul/2022:10:22:34 +0000] "GET /robots.txt HTTP/1.1" 404 134 "-" "Mozilla/5.0 (compatible;PetalBot;+https://webmaster.petalsearch.com/site/petalbot)"
216.244.66.229 - - [01/Jul/2022:10:22:36 +0000] "GET /node/790/img_6168 HTTP/1.1" 404 162 "-" "Mozilla/5.0 (compatible; DotBot/1.2; +https://opensiteexplorer.org/dotbot; help@moz.com)"
216.244.66.229 - - [01/Jul/2022:10:22:40 +0000] "GET /node/865/ch7_3194 HTTP/1.1" 404 162 "-" "Mozilla/5.0 (compatible; DotBot/1.2; +https://opensiteexplorer.org/dotbot; help@moz.com)"
185.191.171.15 - - [01/Jul/2022:10:23:32 +0000] "GET /node/411 HTTP/1.1" 302 154 "-" "Mozilla/5.0 (compatible; SemrushBot/7~bl; +http://www.semrush.com/bot.html)"
185.191.171.37 - - [01/Jul/2022:10:23:34 +0000] "GET /node/411 HTTP/1.1" 301 178 "-" "Mozilla/5.0 (compatible; SemrushBot/7~bl; +http://www.semrush.com/bot.html)"
185.191.171.15 - - [01/Jul/2022:10:23:36 +0000] "GET /node/411/ HTTP/1.1" 200 10164 "-" "Mozilla/5.0 (compatible; SemrushBot/7~bl; +http://www.semrush.com/bot.html)"
114.119.147.86 - - [01/Jul/2022:10:24:17 +0000] "GET /node/1428/img_7298?share=linkedin HTTP/1.1" 302 154 "https://mrchoke.org/node/1428/img_7298?ak_action=accept_mobile" "Mozilla/5.0 (Linux; Android 7.0;) AppleWebKit/537.36 (KHTML, like Gecko) Mobile Safari/537.36 (compatible; PetalBot;+https://webmaster.petalsearch.com/site/petalbot)"
114.119.147.86 - - [01/Jul/2022:10:24:17 +0000] "GET /node/1428/img_7298?share=linkedin HTTP/1.1" 301 178 "https://mrchoke.org/node/1428/img_7298?ak_action=accept_mobile" "Mozilla/5.0 (Linux; Android 7.0;) AppleWebKit/537.36 (KHTML, like Gecko) Mobile Safari/537.36 (compatible; PetalBot;+https://webmaster.petalsearch.com/site/petalbot)"
114.119.147.86 - - [01/Jul/2022:10:24:20 +0000] "GET /node/1428/img_7298/?share=linkedin HTTP/1.1" 200 7890 "https://mrchoke.org/node/1428/img_7298?ak_action=accept_mobile" "Mozilla/5.0 (Linux; Android 7.0;) AppleWebKit/537.36 (KHTML, like Gecko) Mobile Safari/537.36 (compatible; PetalBot;+https://webmaster.petalsearch.com/site/petalbot)"
185.191.171.1 - - [01/Jul/2022:10:28:18 +0000] "GET /page/4 HTTP/1.1" 302 154 "-" "Mozilla/5.0 (compatible; SemrushBot/7~bl; +http://www.semrush.com/bot.html)"
185.191.171.15 - - [01/Jul/2022:10:28:19 +0000] "GET /page/4 HTTP/1.1" 301 178 "-" "Mozilla/5.0 (compatible; SemrushBot/7~bl; +http://www.semrush.com/bot.html)"
185.191.171.24 - - [01/Jul/2022:10:28:21 +0000] "GET /page/4/ HTTP/1.1" 200 11861 "-" "Mozilla/5.0 (compatible; SemrushBot/7~bl; +http://www.semrush.com/bot.html)"
185.191.171.20 - - [01/Jul/2022:10:28:34 +0000] "GET /node/790/img_6124 HTTP/1.1" 404 134 "-" "Mozilla/5.0 (compatible; SemrushBot/7~bl; +http://www.semrush.com/bot.html)"
185.191.171.15 - - [01/Jul/2022:10:31:22 +0000] "GET /node/date/2005/06 HTTP/1.1" 302 154 "-" "Mozilla/5.0 (compatible; SemrushBot/7~bl; +http://www.semrush.com/bot.html)"
185.191.171.34 - - [01/Jul/2022:10:31:23 +0000] "GET /node/date/2005/06 HTTP/1.1" 301 178 "-" "Mozilla/5.0 (compatible; SemrushBot/7~bl; +http://www.semrush.com/bot.html)"
185.191.171.6 - - [01/Jul/2022:10:31:26 +0000] "GET /node/date/2005/06/ HTTP/1.1" 200 17109 "-" "Mozilla/5.0 (compatible; SemrushBot/7~bl; +http://www.semrush.com/bot.html)"
216.244.66.229 - - [01/Jul/2022:10:31:53 +0000] "GET /node/1356/img_7244 HTTP/1.1" 404 162 "-" "Mozilla/5.0 (compatible; DotBot/1.2; +https://opensiteexplorer.org/dotbot; help@moz.com)"
66.249.71.178 - - [01/Jul/2022:10:32:23 +0000] "GET /node/1356/img_7238/feed HTTP/1.1" 302 154 "-" "Mozilla/5.0 (compatible; Googlebot/2.1; +http://www.google.com/bot.html)"
66.249.71.28 - - [01/Jul/2022:10:32:24 +0000] "GET /node/1356/img_7238/feed HTTP/1.1" 301 178 "-" "Mozilla/5.0 (compatible; Googlebot/2.1; +http://www.google.com/bot.html)"
66.249.71.25 - - [01/Jul/2022:10:32:24 +0000] "GET /node/1356/img_7238/feed/ HTTP/1.1" 403 134 "-" "Mozilla/5.0 (compatible; Googlebot/2.1; +http://www.google.com/bot.html)"
114.119.147.86 - - [01/Jul/2022:10:33:20 +0000] "GET /node/66 HTTP/1.1" 404 134 "http://www.mrchoke.org/node/67" "Mozilla/5.0 (Linux; Android 7.0;) AppleWebKit/537.36 (KHTML, like Gecko) Mobile Safari/537.36 (compatible; PetalBot;+https://webmaster.petalsearch.com/site/petalbot)"
114.119.147.87 - - [01/Jul/2022:10:36:39 +0000] "GET /node/category/blog/page/2?ak_action=reject_mobile HTTP/1.1" 302 154 "https://mrchoke.org/node/category/blog?ak_action=reject_mobile" "Mozilla/5.0 (Linux; Android 7.0;) AppleWebKit/537.36 (KHTML, like Gecko) Mobile Safari/537.36 (compatible; PetalBot;+https://webmaster.petalsearch.com/site/petalbot)"
114.119.147.87 - - [01/Jul/2022:10:36:39 +0000] "GET /node/category/blog/page/2?ak_action=reject_mobile HTTP/1.1" 301 178 "https://mrchoke.org/node/category/blog?ak_action=reject_mobile" "Mozilla/5.0 (Linux; Android 7.0;) AppleWebKit/537.36 (KHTML, like Gecko) Mobile Safari/537.36 (compatible; PetalBot;+https://webmaster.petalsearch.com/site/petalbot)"
114.119.147.87 - - [01/Jul/2022:10:36:39 +0000] "GET /node/category/blog/page/2/?ak_action=reject_mobile HTTP/1.1" 200 10952 "https://mrchoke.org/node/category/blog?ak_action=reject_mobile" "Mozilla/5.0 (Linux; Android 7.0;) AppleWebKit/537.36 (KHTML, like Gecko) Mobile Safari/537.36 (compatible; PetalBot;+https://webmaster.petalsearch.com/site/petalbot)"
185.191.171.33 - - [01/Jul/2022:10:41:48 +0000] "GET /node/category/dreamhost HTTP/1.1" 301 178 "-" "Mozilla/5.0 (compatible; SemrushBot/7~bl; +http://www.semrush.com/bot.html)"
185.191.171.10 - - [01/Jul/2022:10:41:53 +0000] "GET /node/category/dreamhost/ HTTP/1.1" 200 9164 "-" "Mozilla/5.0 (compatible; SemrushBot/7~bl; +http://www.semrush.com/bot.html)"
114.119.147.74 - - [01/Jul/2022:10:44:37 +0000] "GET /node/1583?share=facebook HTTP/1.1" 302 154 "https://mrchoke.org/node/1583" "Mozilla/5.0 (Linux; Android 7.0;) AppleWebKit/537.36 (KHTML, like Gecko) Mobile Safari/537.36 (compatible; PetalBot;+https://webmaster.petalsearch.com/site/petalbot)"
114.119.147.74 - - [01/Jul/2022:10:44:39 +0000] "GET /node/1583?share=facebook HTTP/1.1" 301 178 "https://mrchoke.org/node/1583" "Mozilla/5.0 (Linux; Android 7.0;) AppleWebKit/537.36 (KHTML, like Gecko) Mobile Safari/537.36 (compatible; PetalBot;+https://webmaster.petalsearch.com/site/petalbot)"
114.119.147.74 - - [01/Jul/2022:10:44:40 +0000] "GET /node/1583/?share=facebook HTTP/1.1" 200 10715 "https://mrchoke.org/node/1583" "Mozilla/5.0 (Linux; Android 7.0;) AppleWebKit/537.36 (KHTML, like Gecko) Mobile Safari/537.36 (compatible; PetalBot;+https://webmaster.petalsearch.com/site/petalbot)"
114.119.147.87 - - [01/Jul/2022:10:48:26 +0000] "GET /node/76?share=facebook HTTP/1.1" 302 154 "https://mrchoke.org/node/76?ak_action=accept_mobile" "Mozilla/5.0 (Linux; Android 7.0;) AppleWebKit/537.36 (KHTML, like Gecko) Mobile Safari/537.36 (compatible; PetalBot;+https://webmaster.petalsearch.com/site/petalbot)"
114.119.147.87 - - [01/Jul/2022:10:48:27 +0000] "GET /node/76?share=facebook HTTP/1.1" 301 178 "https://mrchoke.org/node/76?ak_action=accept_mobile" "Mozilla/5.0 (Linux; Android 7.0;) AppleWebKit/537.36 (KHTML, like Gecko) Mobile Safari/537.36 (compatible; PetalBot;+https://webmaster.petalsearch.com/site/petalbot)"
114.119.147.87 - - [01/Jul/2022:10:48:28 +0000] "GET /node/76/?share=facebook HTTP/1.1" 200 8965 "https://mrchoke.org/node/76?ak_action=accept_mobile" "Mozilla/5.0 (Linux; Android 7.0;) AppleWebKit/537.36 (KHTML, like Gecko) Mobile Safari/537.36 (compatible; PetalBot;+https://webmaster.petalsearch.com/site/petalbot)"
66.249.71.178 - - [01/Jul/2022:10:48:39 +0000] "GET /node/tag/%E0%B9%80%E0%B8%95%E0%B8%B5%E0%B9%88%E0%B8%A2/feed HTTP/1.1" 302 154 "-" "Mozilla/5.0 (compatible; Googlebot/2.1; +http://www.google.com/bot.html)"
66.249.71.28 - - [01/Jul/2022:10:48:40 +0000] "GET /node/tag/%E0%B9%80%E0%B8%95%E0%B8%B5%E0%B9%88%E0%B8%A2/feed HTTP/1.1" 404 134 "-" "Mozilla/5.0 (compatible; Googlebot/2.1; +http://www.google.com/bot.html)"
114.119.147.75 - - [01/Jul/2022:10:51:39 +0000] "GET /node/510?ak_action=reject_mobile HTTP/1.1" 302 154 "https://mrchoke.org/node/510?ak_action=accept_mobile" "Mozilla/5.0 (Linux; Android 7.0;) AppleWebKit/537.36 (KHTML, like Gecko) Mobile Safari/537.36 (compatible; PetalBot;+https://webmaster.petalsearch.com/site/petalbot)"
114.119.147.75 - - [01/Jul/2022:10:51:39 +0000] "GET /node/510?ak_action=reject_mobile HTTP/1.1" 301 178 "https://mrchoke.org/node/510?ak_action=accept_mobile" "Mozilla/5.0 (Linux; Android 7.0;) AppleWebKit/537.36 (KHTML, like Gecko) Mobile Safari/537.36 (compatible; PetalBot;+https://webmaster.petalsearch.com/site/petalbot)"
114.119.147.75 - - [01/Jul/2022:10:51:39 +0000] "GET /node/510/?ak_action=reject_mobile HTTP/1.1" 200 9326 "https://mrchoke.org/node/510?ak_action=accept_mobile" "Mozilla/5.0 (Linux; Android 7.0;) AppleWebKit/537.36 (KHTML, like Gecko) Mobile Safari/537.36 (compatible; PetalBot;+https://webmaster.petalsearch.com/site/petalbot)"
66.249.71.182 - - [01/Jul/2022:10:52:10 +0000] "GET /node/1101 HTTP/1.1" 302 154 "-" "Mozilla/5.0 (Linux; Android 6.0.1; Nexus 5X Build/MMB29P) AppleWebKit/537.36 (KHTML, like Gecko) Chrome/103.0.5060.53 Mobile Safari/537.36 (compatible; Googlebot/2.1; +http://www.google.com/bot.html)"
114.119.147.86 - - [01/Jul/2022:10:55:01 +0000] "GET /node/category/twitter HTTP/1.1" 302 154 "https://mrchoke.org/node/939/img_6419" "Mozilla/5.0 (Linux; Android 7.0;) AppleWebKit/537.36 (KHTML, like Gecko) Mobile Safari/537.36 (compatible; PetalBot;+https://webmaster.petalsearch.com/site/petalbot)"
114.119.147.86 - - [01/Jul/2022:10:55:01 +0000] "GET /node/category/twitter HTTP/1.1" 301 178 "https://mrchoke.org/node/939/img_6419" "Mozilla/5.0 (Linux; Android 7.0;) AppleWebKit/537.36 (KHTML, like Gecko) Mobile Safari/537.36 (compatible; PetalBot;+https://webmaster.petalsearch.com/site/petalbot)"
114.119.147.86 - - [01/Jul/2022:10:55:01 +0000] "GET /node/category/twitter/ HTTP/1.1" 200 7966 "https://mrchoke.org/node/939/img_6419" "Mozilla/5.0 (Linux; Android 7.0;) AppleWebKit/537.36 (KHTML, like Gecko) Mobile Safari/537.36 (compatible; PetalBot;+https://webmaster.petalsearch.com/site/petalbot)"
114.119.147.86 - - [01/Jul/2022:10:58:21 +0000] "GET /node/date/2007/12/24 HTTP/1.1" 301 178 "https://mrchoke.org/node/205?share=reddit" "Mozilla/5.0 (Linux; Android 7.0;) AppleWebKit/537.36 (KHTML, like Gecko) Mobile Safari/537.36 (compatible; PetalBot;+https://webmaster.petalsearch.com/site/petalbot)"
114.119.147.86 - - [01/Jul/2022:10:58:21 +0000] "GET /node/date/2007/12/24/ HTTP/1.1" 200 9238 "https://mrchoke.org/node/205?share=reddit" "Mozilla/5.0 (Linux; Android 7.0;) AppleWebKit/537.36 (KHTML, like Gecko) Mobile Safari/537.36 (compatible; PetalBot;+https://webmaster.petalsearch.com/site/petalbot)"
114.119.147.87 - - [01/Jul/2022:11:01:42 +0000] "GET /node/86?share=linkedin HTTP/1.1" 302 154 "https://mrchoke.org/node/86?ak_action=accept_mobile" "Mozilla/5.0 (Linux; Android 7.0;) AppleWebKit/537.36 (KHTML, like Gecko) Mobile Safari/537.36 (compatible; PetalBot;+https://webmaster.petalsearch.com/site/petalbot)"
114.119.147.87 - - [01/Jul/2022:11:01:45 +0000] "GET /node/86?share=linkedin HTTP/1.1" 301 178 "https://mrchoke.org/node/86?ak_action=accept_mobile" "Mozilla/5.0 (Linux; Android 7.0;) AppleWebKit/537.36 (KHTML, like Gecko) Mobile Safari/537.36 (compatible; PetalBot;+https://webmaster.petalsearch.com/site/petalbot)"
114.119.147.87 - - [01/Jul/2022:11:01:46 +0000] "GET /node/86/?share=linkedin HTTP/1.1" 200 8877 "https://mrchoke.org/node/86?ak_action=accept_mobile" "Mozilla/5.0 (Linux; Android 7.0;) AppleWebKit/537.36 (KHTML, like Gecko) Mobile Safari/537.36 (compatible; PetalBot;+https://webmaster.petalsearch.com/site/petalbot)"
185.191.171.23 - - [01/Jul/2022:11:02:35 +0000] "GET /robots.txt HTTP/1.1" 404 134 "-" "Mozilla/5.0 (compatible; SemrushBot/7~bl; +http://www.semrush.com/bot.html)"
185.191.171.36 - - [01/Jul/2022:11:02:36 +0000] "GET /archive?page=4 HTTP/1.1" 404 134 "-" "Mozilla/5.0 (compatible; SemrushBot/7~bl; +http://www.semrush.com/bot.html)"
185.191.171.6 - - [01/Jul/2022:11:04:37 +0000] "GET /robots.txt HTTP/1.1" 404 134 "-" "Mozilla/5.0 (compatible; SemrushBot/7~bl; +http://www.semrush.com/bot.html)"
185.191.171.13 - - [01/Jul/2022:11:04:39 +0000] "GET /node/category/blognone/btd HTTP/1.1" 302 154 "-" "Mozilla/5.0 (compatible; SemrushBot/7~bl; +http://www.semrush.com/bot.html)"
185.191.171.11 - - [01/Jul/2022:11:04:41 +0000] "GET /robots.txt HTTP/1.1" 404 134 "-" "Mozilla/5.0 (compatible; SemrushBot/7~bl; +http://www.semrush.com/bot.html)"
185.191.171.36 - - [01/Jul/2022:11:04:43 +0000] "GET /node/category/blognone/btd HTTP/1.1" 301 178 "-" "Mozilla/5.0 (compatible; SemrushBot/7~bl; +http://www.semrush.com/bot.html)"
185.191.171.36 - - [01/Jul/2022:11:04:45 +0000] "GET /node/category/blognone/btd/ HTTP/1.1" 200 9460 "-" "Mozilla/5.0 (compatible; SemrushBot/7~bl; +http://www.semrush.com/bot.html)"
66.249.71.182 - - [01/Jul/2022:11:04:55 +0000] "GET /node/tag/%E0%B9%80%E0%B8%95%E0%B8%B5%E0%B9%88%E0%B8%A2/feed HTTP/1.1" 302 154 "-" "Mozilla/5.0 (Linux; Android 6.0.1; Nexus 5X Build/MMB29P) AppleWebKit/537.36 (KHTML, like Gecko) Chrome/103.0.5060.53 Mobile Safari/537.36 (compatible; Googlebot/2.1; +http://www.google.com/bot.html)"
66.249.71.28 - - [01/Jul/2022:11:04:56 +0000] "GET /node/tag/%E0%B9%80%E0%B8%95%E0%B8%B5%E0%B9%88%E0%B8%A2/feed HTTP/1.1" 404 197 "-" "Mozilla/5.0 (Linux; Android 6.0.1; Nexus 5X Build/MMB29P) AppleWebKit/537.36 (KHTML, like Gecko) Chrome/103.0.5060.53 Mobile Safari/537.36 (compatible; Googlebot/2.1; +http://www.google.com/bot.html)"
114.119.147.75 - - [01/Jul/2022:11:04:59 +0000] "GET /node/1255/img_6804?share=linkedin HTTP/1.1" 302 154 "https://mrchoke.org/node/1255/img_6804?ak_action=accept_mobile" "Mozilla/5.0 (Linux; Android 7.0;) AppleWebKit/537.36 (KHTML, like Gecko) Mobile Safari/537.36 (compatible; PetalBot;+https://webmaster.petalsearch.com/site/petalbot)"
114.119.147.75 - - [01/Jul/2022:11:05:01 +0000] "GET /node/1255/img_6804?share=linkedin HTTP/1.1" 301 178 "https://mrchoke.org/node/1255/img_6804?ak_action=accept_mobile" "Mozilla/5.0 (Linux; Android 7.0;) AppleWebKit/537.36 (KHTML, like Gecko) Mobile Safari/537.36 (compatible; PetalBot;+https://webmaster.petalsearch.com/site/petalbot)"
114.119.147.75 - - [01/Jul/2022:11:05:05 +0000] "GET /node/1255/img_6804/?share=linkedin HTTP/1.1" 200 7983 "https://mrchoke.org/node/1255/img_6804?ak_action=accept_mobile" "Mozilla/5.0 (Linux; Android 7.0;) AppleWebKit/537.36 (KHTML, like Gecko) Mobile Safari/537.36 (compatible; PetalBot;+https://webmaster.petalsearch.com/site/petalbot)"
114.119.147.87 - - [01/Jul/2022:11:07:59 +0000] "GET /node/24?share=reddit HTTP/1.1" 302 154 "https://mrchoke.org/node/24?ak_action=reject_mobile" "Mozilla/5.0 (Linux; Android 7.0;) AppleWebKit/537.36 (KHTML, like Gecko) Mobile Safari/537.36 (compatible; PetalBot;+https://webmaster.petalsearch.com/site/petalbot)"
114.119.147.87 - - [01/Jul/2022:11:08:01 +0000] "GET /node/24?share=reddit HTTP/1.1" 301 178 "https://mrchoke.org/node/24?ak_action=reject_mobile" "Mozilla/5.0 (Linux; Android 7.0;) AppleWebKit/537.36 (KHTML, like Gecko) Mobile Safari/537.36 (compatible; PetalBot;+https://webmaster.petalsearch.com/site/petalbot)"
114.119.147.87 - - [01/Jul/2022:11:08:01 +0000] "GET /node/24/?share=reddit HTTP/1.1" 200 8732 "https://mrchoke.org/node/24?ak_action=reject_mobile" "Mozilla/5.0 (Linux; Android 7.0;) AppleWebKit/537.36 (KHTML, like Gecko) Mobile Safari/537.36 (compatible; PetalBot;+https://webmaster.petalsearch.com/site/petalbot)"
185.7.214.104 - - [01/Jul/2022:11:11:38 +0000] "GET /vendor/phpunit/phpunit/src/Util/PHP/eval-stdin.php HTTP/1.1" 301 178 "-" "Mozilla/5.0 (Windows NT 10.0; Win64; x64) AppleWebKit/537.36 (KHTML, like Gecko) Chrome/78.0.3904.108 Safari/537.36"
185.191.171.38 - - [01/Jul/2022:11:11:40 +0000] "GET /node/1731 HTTP/1.1" 302 154 "-" "Mozilla/5.0 (compatible; SemrushBot/7~bl; +http://www.semrush.com/bot.html)"
185.191.171.15 - - [01/Jul/2022:11:11:42 +0000] "GET /node/1731 HTTP/1.1" 301 178 "-" "Mozilla/5.0 (compatible; SemrushBot/7~bl; +http://www.semrush.com/bot.html)"
185.191.171.38 - - [01/Jul/2022:11:11:45 +0000] "GET /node/1731/ HTTP/1.1" 200 11413 "-" "Mozilla/5.0 (compatible; SemrushBot/7~bl; +http://www.semrush.com/bot.html)"
114.119.147.87 - - [01/Jul/2022:11:12:36 +0000] "GET /node/939/img_6377 HTTP/1.1" 302 154 "https://mrchoke.org/node/939/img_6379" "Mozilla/5.0 (Linux; Android 7.0;) AppleWebKit/537.36 (KHTML, like Gecko) Mobile Safari/537.36 (compatible; PetalBot;+https://webmaster.petalsearch.com/site/petalbot)"
114.119.147.87 - - [01/Jul/2022:11:12:38 +0000] "GET /node/939/img_6377 HTTP/1.1" 301 178 "https://mrchoke.org/node/939/img_6379" "Mozilla/5.0 (Linux; Android 7.0;) AppleWebKit/537.36 (KHTML, like Gecko) Mobile Safari/537.36 (compatible; PetalBot;+https://webmaster.petalsearch.com/site/petalbot)"
114.119.147.87 - - [01/Jul/2022:11:12:40 +0000] "GET /node/939/img_6377/ HTTP/1.1" 200 7881 "https://mrchoke.org/node/939/img_6379" "Mozilla/5.0 (Linux; Android 7.0;) AppleWebKit/537.36 (KHTML, like Gecko) Mobile Safari/537.36 (compatible; PetalBot;+https://webmaster.petalsearch.com/site/petalbot)"
185.191.171.6 - - [01/Jul/2022:11:13:37 +0000] "GET /img_6588 HTTP/1.1" 301 178 "-" "Mozilla/5.0 (compatible; SemrushBot/7~bl; +http://www.semrush.com/bot.html)"
185.191.171.18 - - [01/Jul/2022:11:13:39 +0000] "GET /img_6588/ HTTP/1.1" 200 7922 "-" "Mozilla/5.0 (compatible; SemrushBot/7~bl; +http://www.semrush.com/bot.html)"
114.119.147.74 - - [01/Jul/2022:11:18:34 +0000] "GET /node/1607/img_7582?ak_action=accept_mobile HTTP/1.1" 302 154 "https://mrchoke.org/node/1607/img_7582?ak_action=reject_mobile" "Mozilla/5.0 (Linux; Android 7.0;) AppleWebKit/537.36 (KHTML, like Gecko) Mobile Safari/537.36 (compatible; PetalBot;+https://webmaster.petalsearch.com/site/petalbot)"
114.119.147.74 - - [01/Jul/2022:11:18:38 +0000] "GET /node/1607/img_7582?ak_action=accept_mobile HTTP/1.1" 301 178 "https://mrchoke.org/node/1607/img_7582?ak_action=reject_mobile" "Mozilla/5.0 (Linux; Android 7.0;) AppleWebKit/537.36 (KHTML, like Gecko) Mobile Safari/537.36 (compatible; PetalBot;+https://webmaster.petalsearch.com/site/petalbot)"
114.119.147.74 - - [01/Jul/2022:11:18:46 +0000] "GET /node/1607/img_7582/?ak_action=accept_mobile HTTP/1.1" 200 7906 "https://mrchoke.org/node/1607/img_7582?ak_action=reject_mobile" "Mozilla/5.0 (Linux; Android 7.0;) AppleWebKit/537.36 (KHTML, like Gecko) Mobile Safari/537.36 (compatible; PetalBot;+https://webmaster.petalsearch.com/site/petalbot)"
216.244.66.229 - - [01/Jul/2022:11:19:11 +0000] "GET /robots.txt HTTP/1.1" 404 162 "-" "Mozilla/5.0 (compatible; DotBot/1.2; +https://opensiteexplorer.org/dotbot; help@moz.com)"
216.244.66.229 - - [01/Jul/2022:11:19:11 +0000] "GET /robots.txt HTTP/1.1" 404 162 "-" "Mozilla/5.0 (compatible; DotBot/1.2; +https://opensiteexplorer.org/dotbot; help@moz.com)"
207.46.13.149 - - [01/Jul/2022:11:20:34 +0000] "GET /wp-content/uploads/2014/01/IMG_6722-766x574.jpg HTTP/2.0" 200 172956 "-" "Mozilla/5.0 (compatible; bingbot/2.0; +http://www.bing.com/bingbot.htm)"
216.244.66.229 - - [01/Jul/2022:11:21:31 +0000] "GET /node/835/img_6241/feed HTTP/1.1" 404 162 "-" "Mozilla/5.0 (compatible; DotBot/1.2; +https://opensiteexplorer.org/dotbot; help@moz.com)"
182.161.66.103 - - [01/Jul/2022:11:21:47 +0000] "GET / HTTP/1.1" 301 178 "-" "Mozilla/5.0 (Windows NT 10.0; Win64; x64) AppleWebKit/537.36 (KHTML, like Gecko) Chrome/80.0.3987.122 Safari/537.36"
182.161.66.103 - - [01/Jul/2022:11:21:48 +0000] "GET / HTTP/1.1" 200 920 "-" "Mozilla/5.0 (Windows NT 10.0; Win64; x64) AppleWebKit/537.36 (KHTML, like Gecko) Chrome/80.0.3987.122 Safari/537.36"
216.244.66.229 - - [01/Jul/2022:11:21:49 +0000] "GET /node/387/feed HTTP/1.1" 404 162 "-" "Mozilla/5.0 (compatible; DotBot/1.2; +https://opensiteexplorer.org/dotbot; help@moz.com)"
216.244.66.229 - - [01/Jul/2022:11:21:53 +0000] "GET /node/402/feed HTTP/1.1" 404 162 "-" "Mozilla/5.0 (compatible; DotBot/1.2; +https://opensiteexplorer.org/dotbot; help@moz.com)"
216.244.66.229 - - [01/Jul/2022:11:21:57 +0000] "GET /node/939/img_6399 HTTP/1.1" 404 162 "-" "Mozilla/5.0 (compatible; DotBot/1.2; +https://opensiteexplorer.org/dotbot; help@moz.com)"
74.125.210.177 - - [01/Jul/2022:11:26:36 +0000] "GET /feed HTTP/1.1" 404 134 "-" "FeedFetcher-Google; (+http://www.google.com/feedfetcher.html)"
165.232.147.134 - - [01/Jul/2022:11:27:54 +0000] "GET /.env HTTP/1.1" 301 178 "-" "Mozilla/5.0 (Macintosh; Intel Mac OS X 10_15_6) AppleWebKit/537.36 (KHTML, like Gecko) Chrome/100.0.4896.127 Safari/537.36"
185.191.171.39 - - [01/Jul/2022:11:29:44 +0000] "GET /node/78/ HTTP/1.1" 200 8694 "-" "Mozilla/5.0 (compatible; SemrushBot/7~bl; +http://www.semrush.com/bot.html)"
185.191.171.6 - - [01/Jul/2022:11:29:46 +0000] "GET /node/78 HTTP/1.1" 301 178 "-" "Mozilla/5.0 (compatible; SemrushBot/7~bl; +http://www.semrush.com/bot.html)"
185.191.171.3 - - [01/Jul/2022:11:33:24 +0000] "GET /node/72/ HTTP/1.1" 200 8915 "-" "Mozilla/5.0 (compatible; SemrushBot/7~bl; +http://www.semrush.com/bot.html)"
185.191.171.44 - - [01/Jul/2022:11:33:26 +0000] "GET /node/72 HTTP/1.1" 301 178 "-" "Mozilla/5.0 (compatible; SemrushBot/7~bl; +http://www.semrush.com/bot.html)"
185.191.171.9 - - [01/Jul/2022:11:36:38 +0000] "GET /node/309 HTTP/1.1" 301 178 "-" "Mozilla/5.0 (compatible; SemrushBot/7~bl; +http://www.semrush.com/bot.html)"
185.191.171.2 - - [01/Jul/2022:11:36:40 +0000] "GET /node/309/ HTTP/1.1" 200 8716 "-" "Mozilla/5.0 (compatible; SemrushBot/7~bl; +http://www.semrush.com/bot.html)"
130.61.222.88 - - [01/Jul/2022:11:40:49 +0000] "GET /wp-content/uploads/2012/05/IMG_1731-150x150.jpg HTTP/1.1" 200 5614 "-" "Mozilla/5.0 (X11; Ubuntu; Linux x86_64; rv:72.0) Gecko/20100101 Firefox/72.0"
157.230.216.203 - - [01/Jul/2022:11:43:24 +0000] "GET /ab2g HTTP/1.1" 400 166 "-" "-"
157.230.216.203 - - [01/Jul/2022:11:43:25 +0000] "GET /ab2h HTTP/1.1" 400 166 "-" "-"
40.77.167.43 - - [01/Jul/2022:11:44:35 +0000] "GET /wp-content/uploads/2014/02/IMG_7798-766x574.jpg HTTP/2.0" 200 140783 "-" "Mozilla/5.0 (compatible; bingbot/2.0; +http://www.bing.com/bingbot.htm)"
207.46.13.4 - - [01/Jul/2022:11:51:18 +0000] "GET /wp-content/uploads/2014/01/IMG_7017-766x574.jpg HTTP/2.0" 200 108495 "-" "Mozilla/5.0 (compatible; bingbot/2.0; +http://www.bing.com/bingbot.htm)"
40.77.167.43 - - [01/Jul/2022:11:56:46 +0000] "GET /wp-content/uploads/2014/02/IMG_7676-766x574.jpg HTTP/2.0" 200 126517 "-" "Mozilla/5.0 (compatible; bingbot/2.0; +http://www.bing.com/bingbot.htm)"
114.119.147.87 - - [01/Jul/2022:11:58:17 +0000] "GET /node/414?share=twitter HTTP/1.1" 302 154 "https://mrchoke.org/node/414?ak_action=accept_mobile" "Mozilla/5.0 (Linux; Android 7.0;) AppleWebKit/537.36 (KHTML, like Gecko) Mobile Safari/537.36 (compatible; PetalBot;+https://webmaster.petalsearch.com/site/petalbot)"
114.119.147.87 - - [01/Jul/2022:11:58:25 +0000] "GET /node/414?share=twitter HTTP/1.1" 301 178 "https://mrchoke.org/node/414?ak_action=accept_mobile" "Mozilla/5.0 (Linux; Android 7.0;) AppleWebKit/537.36 (KHTML, like Gecko) Mobile Safari/537.36 (compatible; PetalBot;+https://webmaster.petalsearch.com/site/petalbot)"
114.119.147.87 - - [01/Jul/2022:11:58:25 +0000] "GET /node/414/?share=twitter HTTP/1.1" 200 9479 "https://mrchoke.org/node/414?ak_action=accept_mobile" "Mozilla/5.0 (Linux; Android 7.0;) AppleWebKit/537.36 (KHTML, like Gecko) Mobile Safari/537.36 (compatible; PetalBot;+https://webmaster.petalsearch.com/site/petalbot)"
185.191.171.10 - - [01/Jul/2022:11:59:46 +0000] "GET /node/category/chrome HTTP/1.1" 301 178 "-" "Mozilla/5.0 (compatible; SemrushBot/7~bl; +http://www.semrush.com/bot.html)"
185.191.171.9 - - [01/Jul/2022:11:59:49 +0000] "GET /node/category/chrome/ HTTP/1.1" 200 14704 "-" "Mozilla/5.0 (compatible; SemrushBot/7~bl; +http://www.semrush.com/bot.html)"
114.119.147.81 - - [01/Jul/2022:12:00:23 +0000] "GET /node/category/a88 HTTP/1.1" 302 154 "https://mrchoke.org/node/939/img_6419" "Mozilla/5.0 (Linux; Android 7.0;) AppleWebKit/537.36 (KHTML, like Gecko) Mobile Safari/537.36 (compatible; PetalBot;+https://webmaster.petalsearch.com/site/petalbot)"
114.119.147.81 - - [01/Jul/2022:12:00:24 +0000] "GET /node/category/a88 HTTP/1.1" 301 178 "https://mrchoke.org/node/939/img_6419" "Mozilla/5.0 (Linux; Android 7.0;) AppleWebKit/537.36 (KHTML, like Gecko) Mobile Safari/537.36 (compatible; PetalBot;+https://webmaster.petalsearch.com/site/petalbot)"
114.119.147.81 - - [01/Jul/2022:12:00:24 +0000] "GET /node/category/a88/ HTTP/1.1" 200 9057 "https://mrchoke.org/node/939/img_6419" "Mozilla/5.0 (Linux; Android 7.0;) AppleWebKit/537.36 (KHTML, like Gecko) Mobile Safari/537.36 (compatible; PetalBot;+https://webmaster.petalsearch.com/site/petalbot)"
20.29.127.199 - - [01/Jul/2022:12:02:06 +0000] "GET /.env HTTP/1.1" 404 197 "-" "Mozilla/5.0 (X11; Linux x86_64) AppleWebKit/537.36 (KHTML, like Gecko) Chrome/81.0.4044.129 Safari/537.36"
20.29.127.199 - - [01/Jul/2022:12:02:06 +0000] "POST / HTTP/1.1" 405 568 "-" "Mozilla/5.0 (X11; Linux x86_64) AppleWebKit/537.36 (KHTML, like Gecko) Chrome/81.0.4044.129 Safari/537.36"
20.29.127.199 - - [01/Jul/2022:12:02:07 +0000] "GET /.env HTTP/1.1" 301 178 "-" "Mozilla/5.0 (X11; Linux x86_64) AppleWebKit/537.36 (KHTML, like Gecko) Chrome/81.0.4044.129 Safari/537.36"
20.29.127.199 - - [01/Jul/2022:12:02:08 +0000] "POST / HTTP/1.1" 301 178 "-" "Mozilla/5.0 (X11; Linux x86_64) AppleWebKit/537.36 (KHTML, like Gecko) Chrome/81.0.4044.129 Safari/537.36"
114.119.147.75 - - [01/Jul/2022:12:02:51 +0000] "GET /node/325?share=reddit HTTP/1.1" 302 154 "https://mrchoke.org/node/325?ak_action=accept_mobile" "Mozilla/5.0 (Linux; Android 7.0;) AppleWebKit/537.36 (KHTML, like Gecko) Mobile Safari/537.36 (compatible; PetalBot;+https://webmaster.petalsearch.com/site/petalbot)"
114.119.147.75 - - [01/Jul/2022:12:02:57 +0000] "GET /node/325?share=reddit HTTP/1.1" 301 178 "https://mrchoke.org/node/325?ak_action=accept_mobile" "Mozilla/5.0 (Linux; Android 7.0;) AppleWebKit/537.36 (KHTML, like Gecko) Mobile Safari/537.36 (compatible; PetalBot;+https://webmaster.petalsearch.com/site/petalbot)"
114.119.147.75 - - [01/Jul/2022:12:02:59 +0000] "GET /node/325/?share=reddit HTTP/1.1" 200 9670 "https://mrchoke.org/node/325?ak_action=accept_mobile" "Mozilla/5.0 (Linux; Android 7.0;) AppleWebKit/537.36 (KHTML, like Gecko) Mobile Safari/537.36 (compatible; PetalBot;+https://webmaster.petalsearch.com/site/petalbot)"
207.46.13.149 - - [01/Jul/2022:12:03:39 +0000] "GET /blog/exif/exif_004.jpg HTTP/2.0" 200 30312 "-" "Mozilla/5.0 (compatible; bingbot/2.0; +http://www.bing.com/bingbot.htm)"
51.222.253.17 - - [01/Jul/2022:12:04:54 +0000] "GET /robots.txt HTTP/2.0" 404 123 "-" "Mozilla/5.0 (compatible; AhrefsBot/7.0; +http://ahrefs.com/robot/)"
51.222.253.20 - - [01/Jul/2022:12:04:56 +0000] "GET /node/255 HTTP/2.0" 301 178 "-" "Mozilla/5.0 (compatible; AhrefsBot/7.0; +http://ahrefs.com/robot/)"
2001:470:1:b95::7366 - - [01/Jul/2022:12:05:02 +0000] "GET / HTTP/1.1" 200 384 "-" "Mozilla/5.0 (compatible; ev-crawler/1.0; +https://headline.com/legal/crawler)"
114.119.147.81 - - [01/Jul/2022:12:09:39 +0000] "GET /node/1633 HTTP/1.1" 301 178 "https://mrchoke.org/node/1657?share=reddit" "Mozilla/5.0 (Linux; Android 7.0;) AppleWebKit/537.36 (KHTML, like Gecko) Mobile Safari/537.36 (compatible; PetalBot;+https://webmaster.petalsearch.com/site/petalbot)"
114.119.147.81 - - [01/Jul/2022:12:09:43 +0000] "GET /node/1633/ HTTP/1.1" 200 9161 "https://mrchoke.org/node/1657?share=reddit" "Mozilla/5.0 (Linux; Android 7.0;) AppleWebKit/537.36 (KHTML, like Gecko) Mobile Safari/537.36 (compatible; PetalBot;+https://webmaster.petalsearch.com/site/petalbot)"
185.191.171.43 - - [01/Jul/2022:12:10:32 +0000] "GET /robots.txt HTTP/1.1" 404 134 "-" "Mozilla/5.0 (compatible; SemrushBot/7~bl; +http://www.semrush.com/bot.html)"
185.191.171.2 - - [01/Jul/2022:12:10:34 +0000] "GET /node/date/2006/09 HTTP/1.1" 302 154 "-" "Mozilla/5.0 (compatible; SemrushBot/7~bl; +http://www.semrush.com/bot.html)"
185.191.171.40 - - [01/Jul/2022:12:10:35 +0000] "GET /robots.txt HTTP/1.1" 404 134 "-" "Mozilla/5.0 (compatible; SemrushBot/7~bl; +http://www.semrush.com/bot.html)"
185.191.171.38 - - [01/Jul/2022:12:10:37 +0000] "GET /node/date/2006/09 HTTP/1.1" 301 178 "-" "Mozilla/5.0 (compatible; SemrushBot/7~bl; +http://www.semrush.com/bot.html)"
130.61.208.44 - - [01/Jul/2022:12:10:39 +0000] "GET /wp-content/uploads/2013/12/Screenshot-2013-12-06-15.01.45.png HTTP/1.1" 200 35661 "-" "Mozilla/5.0 (X11; Ubuntu; Linux x86_64; rv:72.0) Gecko/20100101 Firefox/72.0"
185.191.171.10 - - [01/Jul/2022:12:10:40 +0000] "GET /node/date/2006/09/ HTTP/1.1" 200 12353 "-" "Mozilla/5.0 (compatible; SemrushBot/7~bl; +http://www.semrush.com/bot.html)"
185.191.171.42 - - [01/Jul/2022:12:12:19 +0000] "GET /node/date/2004/07/page/4 HTTP/1.1" 302 154 "-" "Mozilla/5.0 (compatible; SemrushBot/7~bl; +http://www.semrush.com/bot.html)"
185.191.171.21 - - [01/Jul/2022:12:12:20 +0000] "GET /node/date/2004/07/page/4 HTTP/1.1" 301 178 "-" "Mozilla/5.0 (compatible; SemrushBot/7~bl; +http://www.semrush.com/bot.html)"
