185.191.171.4 - - [22/Jun/2022:19:54:34 +0000] "GET /robots.txt HTTP/1.1" 404 134 "-" "Mozilla/5.0 (compatible; SemrushBot/7~bl; +http://www.semrush.com/bot.html)"
185.191.171.8 - - [22/Jun/2022:19:54:36 +0000] "GET /node/category/%E0%B8%AA%E0%B8%B1%E0%B8%87%E0%B8%84%E0%B8%A1 HTTP/1.1" 404 134 "-" "Mozilla/5.0 (compatible; SemrushBot/7~bl; +http://www.semrush.com/bot.html)"
114.119.147.75 - - [22/Jun/2022:19:55:51 +0000] "GET /node/358?share=facebook HTTP/1.1" 302 154 "https://mrchoke.org/node/358?ak_action=accept_mobile" "Mozilla/5.0 (Linux; Android 7.0;) AppleWebKit/537.36 (KHTML, like Gecko) Mobile Safari/537.36 (compatible; PetalBot;+https://webmaster.petalsearch.com/site/petalbot)"
114.119.147.75 - - [22/Jun/2022:19:56:00 +0000] "GET /node/358?share=facebook HTTP/1.1" 301 178 "https://mrchoke.org/node/358?ak_action=accept_mobile" "Mozilla/5.0 (Linux; Android 7.0;) AppleWebKit/537.36 (KHTML, like Gecko) Mobile Safari/537.36 (compatible; PetalBot;+https://webmaster.petalsearch.com/site/petalbot)"
114.119.147.74 - - [22/Jun/2022:19:57:31 +0000] "GET /node/445?share=linkedin HTTP/1.1" 302 154 "https://mrchoke.org/node/445?replytocom=534" "Mozilla/5.0 (Linux; Android 7.0;) AppleWebKit/537.36 (KHTML, like Gecko) Mobile Safari/537.36 (compatible; PetalBot;+https://webmaster.petalsearch.com/site/petalbot)"
114.119.147.74 - - [22/Jun/2022:19:57:43 +0000] "GET /node/445?share=linkedin HTTP/1.1" 301 178 "https://mrchoke.org/node/445?replytocom=534" "Mozilla/5.0 (Linux; Android 7.0;) AppleWebKit/537.36 (KHTML, like Gecko) Mobile Safari/537.36 (compatible; PetalBot;+https://webmaster.petalsearch.com/site/petalbot)"
114.119.147.74 - - [22/Jun/2022:19:57:56 +0000] "GET /node/445/?share=linkedin HTTP/1.1" 200 13374 "https://mrchoke.org/node/445?replytocom=534" "Mozilla/5.0 (Linux; Android 7.0;) AppleWebKit/537.36 (KHTML, like Gecko) Mobile Safari/537.36 (compatible; PetalBot;+https://webmaster.petalsearch.com/site/petalbot)"
185.191.171.10 - - [22/Jun/2022:19:58:45 +0000] "GET /robots.txt HTTP/1.1" 404 134 "-" "Mozilla/5.0 (compatible; SemrushBot/7~bl; +http://www.semrush.com/bot.html)"
185.191.171.5 - - [22/Jun/2022:19:58:46 +0000] "GET /page/4?g2_itemId=15356&q=gallery HTTP/1.1" 302 154 "-" "Mozilla/5.0 (compatible; SemrushBot/7~bl; +http://www.semrush.com/bot.html)"
185.191.171.35 - - [22/Jun/2022:19:58:47 +0000] "GET /page/4?g2_itemId=15356&q=gallery HTTP/1.1" 301 178 "-" "Mozilla/5.0 (compatible; SemrushBot/7~bl; +http://www.semrush.com/bot.html)"
185.191.171.38 - - [22/Jun/2022:19:58:50 +0000] "GET /page/4/?g2_itemId=15356&q=gallery HTTP/1.1" 200 11861 "-" "Mozilla/5.0 (compatible; SemrushBot/7~bl; +http://www.semrush.com/bot.html)"
114.119.147.87 - - [22/Jun/2022:19:59:02 +0000] "GET /img_6793 HTTP/1.1" 404 134 "https://mrchoke.org/img_6799?ak_action=accept_mobile" "Mozilla/5.0 (Linux; Android 7.0;) AppleWebKit/537.36 (KHTML, like Gecko) Mobile Safari/537.36 (compatible; PetalBot;+https://webmaster.petalsearch.com/site/petalbot)"
114.119.147.75 - - [22/Jun/2022:20:00:51 +0000] "GET /node/382?ak_action=accept_mobile HTTP/1.1" 302 154 "https://mrchoke.org/node/382?ak_action=reject_mobile" "Mozilla/5.0 (Linux; Android 7.0;) AppleWebKit/537.36 (KHTML, like Gecko) Mobile Safari/537.36 (compatible; PetalBot;+https://webmaster.petalsearch.com/site/petalbot)"
114.119.147.75 - - [22/Jun/2022:20:00:51 +0000] "GET /node/382?ak_action=accept_mobile HTTP/1.1" 301 178 "https://mrchoke.org/node/382?ak_action=reject_mobile" "Mozilla/5.0 (Linux; Android 7.0;) AppleWebKit/537.36 (KHTML, like Gecko) Mobile Safari/537.36 (compatible; PetalBot;+https://webmaster.petalsearch.com/site/petalbot)"
114.119.147.75 - - [22/Jun/2022:20:00:51 +0000] "GET /node/382/?ak_action=accept_mobile HTTP/1.1" 200 9042 "https://mrchoke.org/node/382?ak_action=reject_mobile" "Mozilla/5.0 (Linux; Android 7.0;) AppleWebKit/537.36 (KHTML, like Gecko) Mobile Safari/537.36 (compatible; PetalBot;+https://webmaster.petalsearch.com/site/petalbot)"
114.119.147.87 - - [22/Jun/2022:20:03:01 +0000] "GET /node/180?share=reddit HTTP/1.1" 302 154 "https://mrchoke.org/node/180?ak_action=accept_mobile" "Mozilla/5.0 (Linux; Android 7.0;) AppleWebKit/537.36 (KHTML, like Gecko) Mobile Safari/537.36 (compatible; PetalBot;+https://webmaster.petalsearch.com/site/petalbot)"
114.119.147.87 - - [22/Jun/2022:20:03:05 +0000] "GET /node/180?share=reddit HTTP/1.1" 301 178 "https://mrchoke.org/node/180?ak_action=accept_mobile" "Mozilla/5.0 (Linux; Android 7.0;) AppleWebKit/537.36 (KHTML, like Gecko) Mobile Safari/537.36 (compatible; PetalBot;+https://webmaster.petalsearch.com/site/petalbot)"
114.119.147.87 - - [22/Jun/2022:20:03:10 +0000] "GET /node/180/?share=reddit HTTP/1.1" 200 8651 "https://mrchoke.org/node/180?ak_action=accept_mobile" "Mozilla/5.0 (Linux; Android 7.0;) AppleWebKit/537.36 (KHTML, like Gecko) Mobile Safari/537.36 (compatible; PetalBot;+https://webmaster.petalsearch.com/site/petalbot)"
114.119.147.75 - - [22/Jun/2022:20:04:21 +0000] "GET /node/575?ak_action=accept_mobile HTTP/1.1" 302 154 "https://mrchoke.org/node/575?ak_action=reject_mobile" "Mozilla/5.0 (Linux; Android 7.0;) AppleWebKit/537.36 (KHTML, like Gecko) Mobile Safari/537.36 (compatible; PetalBot;+https://webmaster.petalsearch.com/site/petalbot)"
114.119.147.75 - - [22/Jun/2022:20:04:23 +0000] "GET /node/575?ak_action=accept_mobile HTTP/1.1" 301 178 "https://mrchoke.org/node/575?ak_action=reject_mobile" "Mozilla/5.0 (Linux; Android 7.0;) AppleWebKit/537.36 (KHTML, like Gecko) Mobile Safari/537.36 (compatible; PetalBot;+https://webmaster.petalsearch.com/site/petalbot)"
114.119.147.75 - - [22/Jun/2022:20:04:24 +0000] "GET /node/575/?ak_action=accept_mobile HTTP/1.1" 200 10053 "https://mrchoke.org/node/575?ak_action=reject_mobile" "Mozilla/5.0 (Linux; Android 7.0;) AppleWebKit/537.36 (KHTML, like Gecko) Mobile Safari/537.36 (compatible; PetalBot;+https://webmaster.petalsearch.com/site/petalbot)"
114.119.147.86 - - [22/Jun/2022:20:06:19 +0000] "GET /node/482?share=facebook HTTP/1.1" 302 154 "https://mrchoke.org/node/482?ak_action=accept_mobile" "Mozilla/5.0 (Linux; Android 7.0;) AppleWebKit/537.36 (KHTML, like Gecko) Mobile Safari/537.36 (compatible; PetalBot;+https://webmaster.petalsearch.com/site/petalbot)"
114.119.147.86 - - [22/Jun/2022:20:06:21 +0000] "GET /node/482?share=facebook HTTP/1.1" 301 178 "https://mrchoke.org/node/482?ak_action=accept_mobile" "Mozilla/5.0 (Linux; Android 7.0;) AppleWebKit/537.36 (KHTML, like Gecko) Mobile Safari/537.36 (compatible; PetalBot;+https://webmaster.petalsearch.com/site/petalbot)"
114.119.147.86 - - [22/Jun/2022:20:06:21 +0000] "GET /node/482/?share=facebook HTTP/1.1" 200 8040 "https://mrchoke.org/node/482?ak_action=accept_mobile" "Mozilla/5.0 (Linux; Android 7.0;) AppleWebKit/537.36 (KHTML, like Gecko) Mobile Safari/537.36 (compatible; PetalBot;+https://webmaster.petalsearch.com/site/petalbot)"
207.46.13.237 - - [22/Jun/2022:20:06:48 +0000] "GET /robots.txt HTTP/1.1" 404 134 "-" "Mozilla/5.0 (compatible; bingbot/2.0; +http://www.bing.com/bingbot.htm)"
207.46.13.149 - - [22/Jun/2022:20:06:59 +0000] "GET / HTTP/1.1" 200 396 "-" "Mozilla/5.0 (compatible; bingbot/2.0; +http://www.bing.com/bingbot.htm)"
114.119.147.75 - - [22/Jun/2022:20:08:29 +0000] "GET /node/date/2005/06/18 HTTP/1.1" 301 178 "https://mrchoke.org/node/314?share=reddit" "Mozilla/5.0 (Linux; Android 7.0;) AppleWebKit/537.36 (KHTML, like Gecko) Mobile Safari/537.36 (compatible; PetalBot;+https://webmaster.petalsearch.com/site/petalbot)"
114.119.147.75 - - [22/Jun/2022:20:08:35 +0000] "GET /node/date/2005/06/18/ HTTP/1.1" 200 7840 "https://mrchoke.org/node/314?share=reddit" "Mozilla/5.0 (Linux; Android 7.0;) AppleWebKit/537.36 (KHTML, like Gecko) Mobile Safari/537.36 (compatible; PetalBot;+https://webmaster.petalsearch.com/site/petalbot)"
185.191.171.10 - - [22/Jun/2022:20:09:43 +0000] "GET /node/865/ch7_3022 HTTP/1.1" 301 178 "-" "Mozilla/5.0 (compatible; SemrushBot/7~bl; +http://www.semrush.com/bot.html)"
185.191.171.7 - - [22/Jun/2022:20:09:46 +0000] "GET /node/865/ch7_3022/ HTTP/1.1" 200 7890 "-" "Mozilla/5.0 (compatible; SemrushBot/7~bl; +http://www.semrush.com/bot.html)"
114.119.147.75 - - [22/Jun/2022:20:10:52 +0000] "GET /node/225?share=facebook HTTP/1.1" 302 154 "https://mrchoke.org/node/225?ak_action=accept_mobile" "Mozilla/5.0 (Linux; Android 7.0;) AppleWebKit/537.36 (KHTML, like Gecko) Mobile Safari/537.36 (compatible; PetalBot;+https://webmaster.petalsearch.com/site/petalbot)"
114.119.147.75 - - [22/Jun/2022:20:11:02 +0000] "GET /node/225?share=facebook HTTP/1.1" 301 178 "https://mrchoke.org/node/225?ak_action=accept_mobile" "Mozilla/5.0 (Linux; Android 7.0;) AppleWebKit/537.36 (KHTML, like Gecko) Mobile Safari/537.36 (compatible; PetalBot;+https://webmaster.petalsearch.com/site/petalbot)"
114.119.147.97 - - [22/Jun/2022:20:11:33 +0000] "GET /node/225?share=facebook HTTP/1.1" 302 154 "https://mrchoke.org/node/225?ak_action=accept_mobile" "Mozilla/5.0 (Linux; Android 7.0;) AppleWebKit/537.36 (KHTML, like Gecko) Mobile Safari/537.36 (compatible; PetalBot;+https://webmaster.petalsearch.com/site/petalbot)"
114.119.147.97 - - [22/Jun/2022:20:11:51 +0000] "GET /node/225?share=facebook HTTP/1.1" 301 178 "https://mrchoke.org/node/225?ak_action=accept_mobile" "Mozilla/5.0 (Linux; Android 7.0;) AppleWebKit/537.36 (KHTML, like Gecko) Mobile Safari/537.36 (compatible; PetalBot;+https://webmaster.petalsearch.com/site/petalbot)"
114.119.147.75 - - [22/Jun/2022:20:14:05 +0000] "GET /node/date/2005/05/24 HTTP/1.1" 302 154 "https://mrchoke.org/node/355?ak_action=reject_mobile" "Mozilla/5.0 (Linux; Android 7.0;) AppleWebKit/537.36 (KHTML, like Gecko) Mobile Safari/537.36 (compatible; PetalBot;+https://webmaster.petalsearch.com/site/petalbot)"
114.119.147.97 - - [22/Jun/2022:20:14:50 +0000] "GET /ch7_3539?ak_action=accept_mobile HTTP/1.1" 404 134 "https://mrchoke.org/ch7_3539?ak_action=reject_mobile" "Mozilla/5.0 (Linux; Android 7.0;) AppleWebKit/537.36 (KHTML, like Gecko) Mobile Safari/537.36 (compatible; PetalBot;+https://webmaster.petalsearch.com/site/petalbot)"
185.191.171.39 - - [22/Jun/2022:20:14:55 +0000] "GET /node/342 HTTP/1.1" 302 154 "-" "Mozilla/5.0 (compatible; SemrushBot/7~bl; +http://www.semrush.com/bot.html)"
185.191.171.25 - - [22/Jun/2022:20:14:56 +0000] "GET /node/342 HTTP/1.1" 301 178 "-" "Mozilla/5.0 (compatible; SemrushBot/7~bl; +http://www.semrush.com/bot.html)"
185.191.171.39 - - [22/Jun/2022:20:14:59 +0000] "GET /node/342/ HTTP/1.1" 200 8055 "-" "Mozilla/5.0 (compatible; SemrushBot/7~bl; +http://www.semrush.com/bot.html)"
114.119.147.87 - - [22/Jun/2022:20:16:23 +0000] "GET /node/358?share=twitter HTTP/1.1" 302 154 "https://mrchoke.org/node/358?ak_action=accept_mobile" "Mozilla/5.0 (Linux; Android 7.0;) AppleWebKit/537.36 (KHTML, like Gecko) Mobile Safari/537.36 (compatible; PetalBot;+https://webmaster.petalsearch.com/site/petalbot)"
114.119.147.87 - - [22/Jun/2022:20:16:29 +0000] "GET /node/358?share=twitter HTTP/1.1" 301 178 "https://mrchoke.org/node/358?ak_action=accept_mobile" "Mozilla/5.0 (Linux; Android 7.0;) AppleWebKit/537.36 (KHTML, like Gecko) Mobile Safari/537.36 (compatible; PetalBot;+https://webmaster.petalsearch.com/site/petalbot)"
114.119.147.87 - - [22/Jun/2022:20:16:34 +0000] "GET /node/358/?share=twitter HTTP/1.1" 200 7943 "https://mrchoke.org/node/358?ak_action=accept_mobile" "Mozilla/5.0 (Linux; Android 7.0;) AppleWebKit/537.36 (KHTML, like Gecko) Mobile Safari/537.36 (compatible; PetalBot;+https://webmaster.petalsearch.com/site/petalbot)"
66.249.71.180 - - [22/Jun/2022:20:17:51 +0000] "GET /robots.txt HTTP/1.1" 404 134 "-" "Mozilla/5.0 (compatible; Googlebot/2.1; +http://www.google.com/bot.html)"
66.249.71.180 - - [22/Jun/2022:20:17:51 +0000] "GET /node/1302/screenshot-2014-01-21-21-20-55/feed HTTP/1.1" 302 154 "-" "Mozilla/5.0 (Linux; Android 6.0.1; Nexus 5X Build/MMB29P) AppleWebKit/537.36 (KHTML, like Gecko) Chrome/102.0.5005.115 Mobile Safari/537.36 (compatible; Googlebot/2.1; +http://www.google.com/bot.html)"
66.249.71.31 - - [22/Jun/2022:20:17:52 +0000] "GET /node/1302/screenshot-2014-01-21-21-20-55/feed HTTP/1.1" 301 178 "-" "Mozilla/5.0 (Linux; Android 6.0.1; Nexus 5X Build/MMB29P) AppleWebKit/537.36 (KHTML, like Gecko) Chrome/102.0.5005.115 Mobile Safari/537.36 (compatible; Googlebot/2.1; +http://www.google.com/bot.html)"
66.249.71.25 - - [22/Jun/2022:20:17:52 +0000] "GET /node/1302/screenshot-2014-01-21-21-20-55/feed/ HTTP/1.1" 403 196 "-" "Mozilla/5.0 (Linux; Android 6.0.1; Nexus 5X Build/MMB29P) AppleWebKit/537.36 (KHTML, like Gecko) Chrome/102.0.5005.115 Mobile Safari/537.36 (compatible; Googlebot/2.1; +http://www.google.com/bot.html)"
114.119.147.73 - - [22/Jun/2022:20:18:11 +0000] "GET /node/date/2006/11 HTTP/1.1" 302 154 "https://mrchoke.org/node/939/img_6419" "Mozilla/5.0 (Linux; Android 7.0;) AppleWebKit/537.36 (KHTML, like Gecko) Mobile Safari/537.36 (compatible; PetalBot;+https://webmaster.petalsearch.com/site/petalbot)"
114.119.147.73 - - [22/Jun/2022:20:18:12 +0000] "GET /node/date/2006/11 HTTP/1.1" 301 178 "https://mrchoke.org/node/939/img_6419" "Mozilla/5.0 (Linux; Android 7.0;) AppleWebKit/537.36 (KHTML, like Gecko) Mobile Safari/537.36 (compatible; PetalBot;+https://webmaster.petalsearch.com/site/petalbot)"
114.119.147.73 - - [22/Jun/2022:20:18:15 +0000] "GET /node/date/2006/11/ HTTP/1.1" 200 12487 "https://mrchoke.org/node/939/img_6419" "Mozilla/5.0 (Linux; Android 7.0;) AppleWebKit/537.36 (KHTML, like Gecko) Mobile Safari/537.36 (compatible; PetalBot;+https://webmaster.petalsearch.com/site/petalbot)"
114.119.147.75 - - [22/Jun/2022:20:19:51 +0000] "GET /node/790/img_6130?share=facebook HTTP/1.1" 302 154 "https://mrchoke.org/node/790/img_6130?ak_action=accept_mobile" "Mozilla/5.0 (Linux; Android 7.0;) AppleWebKit/537.36 (KHTML, like Gecko) Mobile Safari/537.36 (compatible; PetalBot;+https://webmaster.petalsearch.com/site/petalbot)"
114.119.147.75 - - [22/Jun/2022:20:19:58 +0000] "GET /node/790/img_6130?share=facebook HTTP/1.1" 301 178 "https://mrchoke.org/node/790/img_6130?ak_action=accept_mobile" "Mozilla/5.0 (Linux; Android 7.0;) AppleWebKit/537.36 (KHTML, like Gecko) Mobile Safari/537.36 (compatible; PetalBot;+https://webmaster.petalsearch.com/site/petalbot)"
114.119.147.75 - - [22/Jun/2022:20:20:06 +0000] "GET /node/790/img_6130/?share=facebook HTTP/1.1" 200 7904 "https://mrchoke.org/node/790/img_6130?ak_action=accept_mobile" "Mozilla/5.0 (Linux; Android 7.0;) AppleWebKit/537.36 (KHTML, like Gecko) Mobile Safari/537.36 (compatible; PetalBot;+https://webmaster.petalsearch.com/site/petalbot)"
54.36.149.78 - - [22/Jun/2022:20:20:49 +0000] "GET / HTTP/2.0" 200 282 "-" "Mozilla/5.0 (compatible; AhrefsBot/7.0; +http://ahrefs.com/robot/)"
66.249.71.182 - - [22/Jun/2022:20:21:40 +0000] "GET /node/1302/screenshot-2014-01-21-21-20-55/feed HTTP/1.1" 302 154 "-" "Mozilla/5.0 (compatible; Googlebot/2.1; +http://www.google.com/bot.html)"
66.249.79.247 - - [22/Jun/2022:20:21:42 +0000] "GET /node/1302/screenshot-2014-01-21-21-20-55/feed HTTP/1.1" 301 178 "-" "Mozilla/5.0 (compatible; Googlebot/2.1; +http://www.google.com/bot.html)"
66.249.71.31 - - [22/Jun/2022:20:21:42 +0000] "GET /node/1302/screenshot-2014-01-21-21-20-55/feed/ HTTP/1.1" 403 134 "-" "Mozilla/5.0 (compatible; Googlebot/2.1; +http://www.google.com/bot.html)"
114.119.147.81 - - [22/Jun/2022:20:22:00 +0000] "GET /node/433 HTTP/1.1" 301 178 "https://static.mrchoke.org/node/date/2006/07" "Mozilla/5.0 (Linux; Android 7.0;) AppleWebKit/537.36 (KHTML, like Gecko) Mobile Safari/537.36 (compatible; PetalBot;+https://webmaster.petalsearch.com/site/petalbot)"
114.119.147.81 - - [22/Jun/2022:20:22:08 +0000] "GET /node/433/ HTTP/1.1" 200 8121 "https://static.mrchoke.org/node/date/2006/07" "Mozilla/5.0 (Linux; Android 7.0;) AppleWebKit/537.36 (KHTML, like Gecko) Mobile Safari/537.36 (compatible; PetalBot;+https://webmaster.petalsearch.com/site/petalbot)"
185.191.171.25 - - [22/Jun/2022:20:24:25 +0000] "GET /node/category/nlc HTTP/1.1" 301 178 "-" "Mozilla/5.0 (compatible; SemrushBot/7~bl; +http://www.semrush.com/bot.html)"
185.191.171.25 - - [22/Jun/2022:20:24:28 +0000] "GET /node/category/nlc/ HTTP/1.1" 200 8053 "-" "Mozilla/5.0 (compatible; SemrushBot/7~bl; +http://www.semrush.com/bot.html)"
114.119.147.73 - - [22/Jun/2022:20:24:35 +0000] "GET /node/1348/img_7233?share=reddit HTTP/1.1" 302 154 "https://mrchoke.org/node/1348/img_7233?ak_action=accept_mobile" "Mozilla/5.0 (Linux; Android 7.0;) AppleWebKit/537.36 (KHTML, like Gecko) Mobile Safari/537.36 (compatible; PetalBot;+https://webmaster.petalsearch.com/site/petalbot)"
114.119.147.73 - - [22/Jun/2022:20:24:47 +0000] "GET /node/1348/img_7233?share=reddit HTTP/1.1" 301 178 "https://mrchoke.org/node/1348/img_7233?ak_action=accept_mobile" "Mozilla/5.0 (Linux; Android 7.0;) AppleWebKit/537.36 (KHTML, like Gecko) Mobile Safari/537.36 (compatible; PetalBot;+https://webmaster.petalsearch.com/site/petalbot)"
114.119.147.73 - - [22/Jun/2022:20:24:52 +0000] "GET /node/1348/img_7233/?share=reddit HTTP/1.1" 200 7911 "https://mrchoke.org/node/1348/img_7233?ak_action=accept_mobile" "Mozilla/5.0 (Linux; Android 7.0;) AppleWebKit/537.36 (KHTML, like Gecko) Mobile Safari/537.36 (compatible; PetalBot;+https://webmaster.petalsearch.com/site/petalbot)"
66.249.79.212 - - [22/Jun/2022:20:25:31 +0000] "GET /node/category/nvidia/feed HTTP/1.1" 302 154 "-" "Mozilla/5.0 (compatible; Googlebot/2.1; +http://www.google.com/bot.html)"
66.249.79.243 - - [22/Jun/2022:20:25:32 +0000] "GET /node/category/nvidia/feed HTTP/1.1" 301 178 "-" "Mozilla/5.0 (compatible; Googlebot/2.1; +http://www.google.com/bot.html)"
66.249.71.28 - - [22/Jun/2022:20:25:32 +0000] "GET /node/category/nvidia/feed/ HTTP/1.1" 403 134 "-" "Mozilla/5.0 (compatible; Googlebot/2.1; +http://www.google.com/bot.html)"
114.119.147.97 - - [22/Jun/2022:20:26:11 +0000] "GET /node/381 HTTP/1.1" 301 178 "https://static.mrchoke.org/node/date/2004/10/20" "Mozilla/5.0 (Linux; Android 7.0;) AppleWebKit/537.36 (KHTML, like Gecko) Mobile Safari/537.36 (compatible; PetalBot;+https://webmaster.petalsearch.com/site/petalbot)"
114.119.147.97 - - [22/Jun/2022:20:26:15 +0000] "GET /node/381/ HTTP/1.1" 200 9401 "https://static.mrchoke.org/node/date/2004/10/20" "Mozilla/5.0 (Linux; Android 7.0;) AppleWebKit/537.36 (KHTML, like Gecko) Mobile Safari/537.36 (compatible; PetalBot;+https://webmaster.petalsearch.com/site/petalbot)"
114.119.147.87 - - [22/Jun/2022:20:27:37 +0000] "GET /node/14?ak_action=reject_mobile HTTP/1.1" 302 154 "https://mrchoke.org/node/14?ak_action=accept_mobile" "Mozilla/5.0 (Linux; Android 7.0;) AppleWebKit/537.36 (KHTML, like Gecko) Mobile Safari/537.36 (compatible; PetalBot;+https://webmaster.petalsearch.com/site/petalbot)"
114.119.147.87 - - [22/Jun/2022:20:27:38 +0000] "GET /node/14?ak_action=reject_mobile HTTP/1.1" 301 178 "https://mrchoke.org/node/14?ak_action=accept_mobile" "Mozilla/5.0 (Linux; Android 7.0;) AppleWebKit/537.36 (KHTML, like Gecko) Mobile Safari/537.36 (compatible; PetalBot;+https://webmaster.petalsearch.com/site/petalbot)"
114.119.147.87 - - [22/Jun/2022:20:27:39 +0000] "GET /node/14/?ak_action=reject_mobile HTTP/1.1" 200 9151 "https://mrchoke.org/node/14?ak_action=accept_mobile" "Mozilla/5.0 (Linux; Android 7.0;) AppleWebKit/537.36 (KHTML, like Gecko) Mobile Safari/537.36 (compatible; PetalBot;+https://webmaster.petalsearch.com/site/petalbot)"
66.249.71.184 - - [22/Jun/2022:20:29:20 +0000] "GET /node/category/nvidia/feed HTTP/1.1" 302 154 "-" "Mozilla/5.0 (Linux; Android 6.0.1; Nexus 5X Build/MMB29P) AppleWebKit/537.36 (KHTML, like Gecko) Chrome/102.0.5005.115 Mobile Safari/537.36 (compatible; Googlebot/2.1; +http://www.google.com/bot.html)"
66.249.71.31 - - [22/Jun/2022:20:29:21 +0000] "GET /node/category/nvidia/feed HTTP/1.1" 301 178 "-" "Mozilla/5.0 (Linux; Android 6.0.1; Nexus 5X Build/MMB29P) AppleWebKit/537.36 (KHTML, like Gecko) Chrome/102.0.5005.115 Mobile Safari/537.36 (compatible; Googlebot/2.1; +http://www.google.com/bot.html)"
66.249.71.28 - - [22/Jun/2022:20:29:22 +0000] "GET /node/category/nvidia/feed/ HTTP/1.1" 403 196 "-" "Mozilla/5.0 (Linux; Android 6.0.1; Nexus 5X Build/MMB29P) AppleWebKit/537.36 (KHTML, like Gecko) Chrome/102.0.5005.115 Mobile Safari/537.36 (compatible; Googlebot/2.1; +http://www.google.com/bot.html)"
114.119.147.73 - - [22/Jun/2022:20:29:52 +0000] "GET /node/date/2010/05 HTTP/1.1" 301 178 "https://static.mrchoke.org/ch7_3357" "Mozilla/5.0 (Linux; Android 7.0;) AppleWebKit/537.36 (KHTML, like Gecko) Mobile Safari/537.36 (compatible; PetalBot;+https://webmaster.petalsearch.com/site/petalbot)"
114.119.147.73 - - [22/Jun/2022:20:29:58 +0000] "GET /node/date/2010/05/ HTTP/1.1" 200 8256 "https://static.mrchoke.org/ch7_3357" "Mozilla/5.0 (Linux; Android 7.0;) AppleWebKit/537.36 (KHTML, like Gecko) Mobile Safari/537.36 (compatible; PetalBot;+https://webmaster.petalsearch.com/site/petalbot)"
185.191.171.43 - - [22/Jun/2022:20:31:56 +0000] "GET /node/1101/img_6609 HTTP/1.1" 302 154 "-" "Mozilla/5.0 (compatible; SemrushBot/7~bl; +http://www.semrush.com/bot.html)"
114.119.147.73 - - [22/Jun/2022:20:31:57 +0000] "GET /node/date/2004/06/13 HTTP/1.1" 302 154 "https://mrchoke.org/node/414?share=linkedin" "Mozilla/5.0 (Linux; Android 7.0;) AppleWebKit/537.36 (KHTML, like Gecko) Mobile Safari/537.36 (compatible; PetalBot;+https://webmaster.petalsearch.com/site/petalbot)"
114.119.147.73 - - [22/Jun/2022:20:31:58 +0000] "GET /node/date/2004/06/13 HTTP/1.1" 301 178 "https://mrchoke.org/node/414?share=linkedin" "Mozilla/5.0 (Linux; Android 7.0;) AppleWebKit/537.36 (KHTML, like Gecko) Mobile Safari/537.36 (compatible; PetalBot;+https://webmaster.petalsearch.com/site/petalbot)"
114.119.147.73 - - [22/Jun/2022:20:31:58 +0000] "GET /node/date/2004/06/13/ HTTP/1.1" 200 9120 "https://mrchoke.org/node/414?share=linkedin" "Mozilla/5.0 (Linux; Android 7.0;) AppleWebKit/537.36 (KHTML, like Gecko) Mobile Safari/537.36 (compatible; PetalBot;+https://webmaster.petalsearch.com/site/petalbot)"
185.191.171.11 - - [22/Jun/2022:20:31:58 +0000] "GET /node/1101/img_6609 HTTP/1.1" 301 178 "-" "Mozilla/5.0 (compatible; SemrushBot/7~bl; +http://www.semrush.com/bot.html)"
185.191.171.39 - - [22/Jun/2022:20:32:00 +0000] "GET /node/1101/img_6609/ HTTP/1.1" 200 7856 "-" "Mozilla/5.0 (compatible; SemrushBot/7~bl; +http://www.semrush.com/bot.html)"
66.249.79.212 - - [22/Jun/2022:20:33:10 +0000] "GET /node/423/feed HTTP/1.1" 302 154 "-" "Mozilla/5.0 (Linux; Android 6.0.1; Nexus 5X Build/MMB29P) AppleWebKit/537.36 (KHTML, like Gecko) Chrome/102.0.5005.115 Mobile Safari/537.36 (compatible; Googlebot/2.1; +http://www.google.com/bot.html)"
66.249.71.25 - - [22/Jun/2022:20:33:11 +0000] "GET /node/423/feed HTTP/1.1" 301 178 "-" "Mozilla/5.0 (Linux; Android 6.0.1; Nexus 5X Build/MMB29P) AppleWebKit/537.36 (KHTML, like Gecko) Chrome/102.0.5005.115 Mobile Safari/537.36 (compatible; Googlebot/2.1; +http://www.google.com/bot.html)"
66.249.79.243 - - [22/Jun/2022:20:33:12 +0000] "GET /node/423/feed/ HTTP/1.1" 403 196 "-" "Mozilla/5.0 (Linux; Android 6.0.1; Nexus 5X Build/MMB29P) AppleWebKit/537.36 (KHTML, like Gecko) Chrome/102.0.5005.115 Mobile Safari/537.36 (compatible; Googlebot/2.1; +http://www.google.com/bot.html)"
66.249.71.25 - - [22/Jun/2022:20:33:14 +0000] "GET /img_7017/ HTTP/1.1" 200 7931 "-" "Mozilla/5.0 (Linux; Android 6.0.1; Nexus 5X Build/MMB29P) AppleWebKit/537.36 (KHTML, like Gecko) Chrome/102.0.5005.115 Mobile Safari/537.36 (compatible; Googlebot/2.1; +http://www.google.com/bot.html)"
23.94.174.156 - - [22/Jun/2022:20:33:23 +0000] "HEAD / HTTP/1.1" 200 0 "-" "Mozilla/5.0 (Windows NT 10.0; Win64; x64) AppleWebKit/537.36 (KHTML, like Gecko) Chrome/74.0.3729.169 Safari/537.36"
23.94.174.156 - - [22/Jun/2022:20:33:23 +0000] "HEAD /wordpress HTTP/1.1" 404 0 "-" "Mozilla/5.0 (Windows NT 10.0; Win64; x64) AppleWebKit/537.36 (KHTML, like Gecko) Chrome/74.0.3729.169 Safari/537.36"
23.94.174.156 - - [22/Jun/2022:20:33:23 +0000] "HEAD /Wordpress HTTP/1.1" 404 0 "-" "Mozilla/5.0 (Windows NT 10.0; Win64; x64) AppleWebKit/537.36 (KHTML, like Gecko) Chrome/74.0.3729.169 Safari/537.36"
23.94.174.156 - - [22/Jun/2022:20:33:24 +0000] "HEAD /WORDPRESS HTTP/1.1" 404 0 "-" "Mozilla/5.0 (Windows NT 10.0; Win64; x64) AppleWebKit/537.36 (KHTML, like Gecko) Chrome/74.0.3729.169 Safari/537.36"
23.94.174.156 - - [22/Jun/2022:20:33:24 +0000] "HEAD /WordPress HTTP/1.1" 404 0 "-" "Mozilla/5.0 (Windows NT 10.0; Win64; x64) AppleWebKit/537.36 (KHTML, like Gecko) Chrome/74.0.3729.169 Safari/537.36"
23.94.174.156 - - [22/Jun/2022:20:33:24 +0000] "HEAD /wp HTTP/1.1" 404 0 "-" "Mozilla/5.0 (Windows NT 10.0; Win64; x64) AppleWebKit/537.36 (KHTML, like Gecko) Chrome/74.0.3729.169 Safari/537.36"
23.94.174.156 - - [22/Jun/2022:20:33:24 +0000] "HEAD /Wp HTTP/1.1" 404 0 "-" "Mozilla/5.0 (Windows NT 10.0; Win64; x64) AppleWebKit/537.36 (KHTML, like Gecko) Chrome/74.0.3729.169 Safari/537.36"
23.94.174.156 - - [22/Jun/2022:20:33:24 +0000] "HEAD /WP HTTP/1.1" 404 0 "-" "Mozilla/5.0 (Windows NT 10.0; Win64; x64) AppleWebKit/537.36 (KHTML, like Gecko) Chrome/74.0.3729.169 Safari/537.36"
23.94.174.156 - - [22/Jun/2022:20:33:24 +0000] "HEAD /old HTTP/1.1" 404 0 "-" "Mozilla/5.0 (Windows NT 10.0; Win64; x64) AppleWebKit/537.36 (KHTML, like Gecko) Chrome/74.0.3729.169 Safari/537.36"
23.94.174.156 - - [22/Jun/2022:20:33:25 +0000] "HEAD /Old HTTP/1.1" 404 0 "-" "Mozilla/5.0 (Windows NT 10.0; Win64; x64) AppleWebKit/537.36 (KHTML, like Gecko) Chrome/74.0.3729.169 Safari/537.36"
23.94.174.156 - - [22/Jun/2022:20:33:25 +0000] "HEAD /OLD HTTP/1.1" 404 0 "-" "Mozilla/5.0 (Windows NT 10.0; Win64; x64) AppleWebKit/537.36 (KHTML, like Gecko) Chrome/74.0.3729.169 Safari/537.36"
23.94.174.156 - - [22/Jun/2022:20:33:25 +0000] "HEAD /oldsite HTTP/1.1" 404 0 "-" "Mozilla/5.0 (Windows NT 10.0; Win64; x64) AppleWebKit/537.36 (KHTML, like Gecko) Chrome/74.0.3729.169 Safari/537.36"
23.94.174.156 - - [22/Jun/2022:20:33:25 +0000] "HEAD /new HTTP/1.1" 404 0 "-" "Mozilla/5.0 (Windows NT 10.0; Win64; x64) AppleWebKit/537.36 (KHTML, like Gecko) Chrome/74.0.3729.169 Safari/537.36"
23.94.174.156 - - [22/Jun/2022:20:33:25 +0000] "HEAD /New HTTP/1.1" 404 0 "-" "Mozilla/5.0 (Windows NT 10.0; Win64; x64) AppleWebKit/537.36 (KHTML, like Gecko) Chrome/74.0.3729.169 Safari/537.36"
23.94.174.156 - - [22/Jun/2022:20:33:25 +0000] "HEAD /NEW HTTP/1.1" 404 0 "-" "Mozilla/5.0 (Windows NT 10.0; Win64; x64) AppleWebKit/537.36 (KHTML, like Gecko) Chrome/74.0.3729.169 Safari/537.36"
23.94.174.156 - - [22/Jun/2022:20:33:26 +0000] "HEAD /wp-old HTTP/1.1" 404 0 "-" "Mozilla/5.0 (Windows NT 10.0; Win64; x64) AppleWebKit/537.36 (KHTML, like Gecko) Chrome/74.0.3729.169 Safari/537.36"
23.94.174.156 - - [22/Jun/2022:20:33:26 +0000] "HEAD /2020 HTTP/1.1" 404 0 "-" "Mozilla/5.0 (Windows NT 10.0; Win64; x64) AppleWebKit/537.36 (KHTML, like Gecko) Chrome/74.0.3729.169 Safari/537.36"
23.94.174.156 - - [22/Jun/2022:20:33:26 +0000] "HEAD /2019 HTTP/1.1" 404 0 "-" "Mozilla/5.0 (Windows NT 10.0; Win64; x64) AppleWebKit/537.36 (KHTML, like Gecko) Chrome/74.0.3729.169 Safari/537.36"
23.94.174.156 - - [22/Jun/2022:20:33:26 +0000] "HEAD /2018 HTTP/1.1" 404 0 "-" "Mozilla/5.0 (Windows NT 10.0; Win64; x64) AppleWebKit/537.36 (KHTML, like Gecko) Chrome/74.0.3729.169 Safari/537.36"
23.94.174.156 - - [22/Jun/2022:20:33:26 +0000] "HEAD /backup HTTP/1.1" 404 0 "-" "Mozilla/5.0 (Windows NT 10.0; Win64; x64) AppleWebKit/537.36 (KHTML, like Gecko) Chrome/74.0.3729.169 Safari/537.36"
23.94.174.156 - - [22/Jun/2022:20:33:26 +0000] "HEAD /test HTTP/1.1" 404 0 "-" "Mozilla/5.0 (Windows NT 10.0; Win64; x64) AppleWebKit/537.36 (KHTML, like Gecko) Chrome/74.0.3729.169 Safari/537.36"
23.94.174.156 - - [22/Jun/2022:20:33:27 +0000] "HEAD /Test HTTP/1.1" 404 0 "-" "Mozilla/5.0 (Windows NT 10.0; Win64; x64) AppleWebKit/537.36 (KHTML, like Gecko) Chrome/74.0.3729.169 Safari/537.36"
23.94.174.156 - - [22/Jun/2022:20:33:27 +0000] "HEAD /TEST HTTP/1.1" 404 0 "-" "Mozilla/5.0 (Windows NT 10.0; Win64; x64) AppleWebKit/537.36 (KHTML, like Gecko) Chrome/74.0.3729.169 Safari/537.36"
23.94.174.156 - - [22/Jun/2022:20:33:27 +0000] "HEAD /demo HTTP/1.1" 404 0 "-" "Mozilla/5.0 (Windows NT 10.0; Win64; x64) AppleWebKit/537.36 (KHTML, like Gecko) Chrome/74.0.3729.169 Safari/537.36"
23.94.174.156 - - [22/Jun/2022:20:33:27 +0000] "HEAD /bc HTTP/1.1" 404 0 "-" "Mozilla/5.0 (Windows NT 10.0; Win64; x64) AppleWebKit/537.36 (KHTML, like Gecko) Chrome/74.0.3729.169 Safari/537.36"
23.94.174.156 - - [22/Jun/2022:20:33:27 +0000] "HEAD /www HTTP/1.1" 404 0 "-" "Mozilla/5.0 (Windows NT 10.0; Win64; x64) AppleWebKit/537.36 (KHTML, like Gecko) Chrome/74.0.3729.169 Safari/537.36"
23.94.174.156 - - [22/Jun/2022:20:33:28 +0000] "HEAD /WWW HTTP/1.1" 404 0 "-" "Mozilla/5.0 (Windows NT 10.0; Win64; x64) AppleWebKit/537.36 (KHTML, like Gecko) Chrome/74.0.3729.169 Safari/537.36"
23.94.174.156 - - [22/Jun/2022:20:33:28 +0000] "HEAD /Www HTTP/1.1" 404 0 "-" "Mozilla/5.0 (Windows NT 10.0; Win64; x64) AppleWebKit/537.36 (KHTML, like Gecko) Chrome/74.0.3729.169 Safari/537.36"
23.94.174.156 - - [22/Jun/2022:20:33:28 +0000] "HEAD /2021 HTTP/1.1" 404 0 "-" "Mozilla/5.0 (Windows NT 10.0; Win64; x64) AppleWebKit/537.36 (KHTML, like Gecko) Chrome/74.0.3729.169 Safari/537.36"
23.94.174.156 - - [22/Jun/2022:20:33:28 +0000] "HEAD /main HTTP/1.1" 404 0 "-" "Mozilla/5.0 (Windows NT 10.0; Win64; x64) AppleWebKit/537.36 (KHTML, like Gecko) Chrome/74.0.3729.169 Safari/537.36"
23.94.174.156 - - [22/Jun/2022:20:33:28 +0000] "HEAD /old-site HTTP/1.1" 404 0 "-" "Mozilla/5.0 (Windows NT 10.0; Win64; x64) AppleWebKit/537.36 (KHTML, like Gecko) Chrome/74.0.3729.169 Safari/537.36"
23.94.174.156 - - [22/Jun/2022:20:33:28 +0000] "HEAD /bk HTTP/1.1" 404 0 "-" "Mozilla/5.0 (Windows NT 10.0; Win64; x64) AppleWebKit/537.36 (KHTML, like Gecko) Chrome/74.0.3729.169 Safari/537.36"
23.94.174.156 - - [22/Jun/2022:20:33:29 +0000] "HEAD /Backup HTTP/1.1" 404 0 "-" "Mozilla/5.0 (Windows NT 10.0; Win64; x64) AppleWebKit/537.36 (KHTML, like Gecko) Chrome/74.0.3729.169 Safari/537.36"
23.94.174.156 - - [22/Jun/2022:20:33:29 +0000] "HEAD /BACKUP HTTP/1.1" 404 0 "-" "Mozilla/5.0 (Windows NT 10.0; Win64; x64) AppleWebKit/537.36 (KHTML, like Gecko) Chrome/74.0.3729.169 Safari/537.36"
23.94.174.156 - - [22/Jun/2022:20:33:29 +0000] "HEAD /SHOP HTTP/1.1" 404 0 "-" "Mozilla/5.0 (Windows NT 10.0; Win64; x64) AppleWebKit/537.36 (KHTML, like Gecko) Chrome/74.0.3729.169 Safari/537.36"
23.94.174.156 - - [22/Jun/2022:20:33:29 +0000] "HEAD /Shop HTTP/1.1" 404 0 "-" "Mozilla/5.0 (Windows NT 10.0; Win64; x64) AppleWebKit/537.36 (KHTML, like Gecko) Chrome/74.0.3729.169 Safari/537.36"
23.94.174.156 - - [22/Jun/2022:20:33:29 +0000] "HEAD /shop HTTP/1.1" 404 0 "-" "Mozilla/5.0 (Windows NT 10.0; Win64; x64) AppleWebKit/537.36 (KHTML, like Gecko) Chrome/74.0.3729.169 Safari/537.36"
23.94.174.156 - - [22/Jun/2022:20:33:29 +0000] "HEAD /bak HTTP/1.1" 404 0 "-" "Mozilla/5.0 (Windows NT 10.0; Win64; x64) AppleWebKit/537.36 (KHTML, like Gecko) Chrome/74.0.3729.169 Safari/537.36"
23.94.174.156 - - [22/Jun/2022:20:33:30 +0000] "HEAD /sitio HTTP/1.1" 404 0 "-" "Mozilla/5.0 (Windows NT 10.0; Win64; x64) AppleWebKit/537.36 (KHTML, like Gecko) Chrome/74.0.3729.169 Safari/537.36"
23.94.174.156 - - [22/Jun/2022:20:33:30 +0000] "HEAD /bac HTTP/1.1" 404 0 "-" "Mozilla/5.0 (Windows NT 10.0; Win64; x64) AppleWebKit/537.36 (KHTML, like Gecko) Chrome/74.0.3729.169 Safari/537.36"
23.94.174.156 - - [22/Jun/2022:20:33:30 +0000] "HEAD /sito HTTP/1.1" 404 0 "-" "Mozilla/5.0 (Windows NT 10.0; Win64; x64) AppleWebKit/537.36 (KHTML, like Gecko) Chrome/74.0.3729.169 Safari/537.36"
23.94.174.156 - - [22/Jun/2022:20:33:30 +0000] "HEAD /site HTTP/1.1" 404 0 "-" "Mozilla/5.0 (Windows NT 10.0; Win64; x64) AppleWebKit/537.36 (KHTML, like Gecko) Chrome/74.0.3729.169 Safari/537.36"
23.94.174.156 - - [22/Jun/2022:20:33:30 +0000] "HEAD /Site HTTP/1.1" 404 0 "-" "Mozilla/5.0 (Windows NT 10.0; Win64; x64) AppleWebKit/537.36 (KHTML, like Gecko) Chrome/74.0.3729.169 Safari/537.36"
23.94.174.156 - - [22/Jun/2022:20:33:30 +0000] "HEAD /SITE HTTP/1.1" 404 0 "-" "Mozilla/5.0 (Windows NT 10.0; Win64; x64) AppleWebKit/537.36 (KHTML, like Gecko) Chrome/74.0.3729.169 Safari/537.36"
23.94.174.156 - - [22/Jun/2022:20:33:31 +0000] "HEAD /blog HTTP/1.1" 404 0 "-" "Mozilla/5.0 (Windows NT 10.0; Win64; x64) AppleWebKit/537.36 (KHTML, like Gecko) Chrome/74.0.3729.169 Safari/537.36"
23.94.174.156 - - [22/Jun/2022:20:33:31 +0000] "HEAD /BLOG HTTP/1.1" 404 0 "-" "Mozilla/5.0 (Windows NT 10.0; Win64; x64) AppleWebKit/537.36 (KHTML, like Gecko) Chrome/74.0.3729.169 Safari/537.36"
23.94.174.156 - - [22/Jun/2022:20:33:31 +0000] "HEAD /Blog HTTP/1.1" 404 0 "-" "Mozilla/5.0 (Windows NT 10.0; Win64; x64) AppleWebKit/537.36 (KHTML, like Gecko) Chrome/74.0.3729.169 Safari/537.36"
114.119.147.74 - - [22/Jun/2022:20:34:16 +0000] "GET /node/1356/img_7238 HTTP/1.1" 302 154 "https://mrchoke.org/node/date/2014/01/page/2" "Mozilla/5.0 (Linux; Android 7.0;) AppleWebKit/537.36 (KHTML, like Gecko) Mobile Safari/537.36 (compatible; PetalBot;+https://webmaster.petalsearch.com/site/petalbot)"
114.119.147.74 - - [22/Jun/2022:20:34:24 +0000] "GET /node/1356/img_7238 HTTP/1.1" 301 178 "https://mrchoke.org/node/date/2014/01/page/2" "Mozilla/5.0 (Linux; Android 7.0;) AppleWebKit/537.36 (KHTML, like Gecko) Mobile Safari/537.36 (compatible; PetalBot;+https://webmaster.petalsearch.com/site/petalbot)"
114.119.147.74 - - [22/Jun/2022:20:34:27 +0000] "GET /node/1356/img_7238/ HTTP/1.1" 200 7934 "https://mrchoke.org/node/date/2014/01/page/2" "Mozilla/5.0 (Linux; Android 7.0;) AppleWebKit/537.36 (KHTML, like Gecko) Mobile Safari/537.36 (compatible; PetalBot;+https://webmaster.petalsearch.com/site/petalbot)"
216.244.66.229 - - [22/Jun/2022:20:35:40 +0000] "GET /robots.txt HTTP/1.1" 404 162 "-" "Mozilla/5.0 (compatible; DotBot/1.2; +https://opensiteexplorer.org/dotbot; help@moz.com)"
216.244.66.229 - - [22/Jun/2022:20:35:40 +0000] "GET /robots.txt HTTP/1.1" 404 162 "-" "Mozilla/5.0 (compatible; DotBot/1.2; +https://opensiteexplorer.org/dotbot; help@moz.com)"
114.119.147.74 - - [22/Jun/2022:20:36:40 +0000] "GET /node/16?share=linkedin HTTP/1.1" 302 154 "https://mrchoke.org/node/16" "Mozilla/5.0 (Linux; Android 7.0;) AppleWebKit/537.36 (KHTML, like Gecko) Mobile Safari/537.36 (compatible; PetalBot;+https://webmaster.petalsearch.com/site/petalbot)"
114.119.147.74 - - [22/Jun/2022:20:36:46 +0000] "GET /node/16?share=linkedin HTTP/1.1" 301 178 "https://mrchoke.org/node/16" "Mozilla/5.0 (Linux; Android 7.0;) AppleWebKit/537.36 (KHTML, like Gecko) Mobile Safari/537.36 (compatible; PetalBot;+https://webmaster.petalsearch.com/site/petalbot)"
114.119.147.74 - - [22/Jun/2022:20:36:51 +0000] "GET /node/16/?share=linkedin HTTP/1.1" 200 8435 "https://mrchoke.org/node/16" "Mozilla/5.0 (Linux; Android 7.0;) AppleWebKit/537.36 (KHTML, like Gecko) Mobile Safari/537.36 (compatible; PetalBot;+https://webmaster.petalsearch.com/site/petalbot)"
66.249.71.180 - - [22/Jun/2022:20:37:00 +0000] "GET /node/423/feed HTTP/1.1" 302 154 "-" "Mozilla/5.0 (compatible; Googlebot/2.1; +http://www.google.com/bot.html)"
66.249.71.25 - - [22/Jun/2022:20:37:01 +0000] "GET /node/423/feed HTTP/1.1" 301 178 "-" "Mozilla/5.0 (compatible; Googlebot/2.1; +http://www.google.com/bot.html)"
66.249.71.25 - - [22/Jun/2022:20:37:01 +0000] "GET /node/423/feed/ HTTP/1.1" 403 134 "-" "Mozilla/5.0 (compatible; Googlebot/2.1; +http://www.google.com/bot.html)"
216.244.66.229 - - [22/Jun/2022:20:38:04 +0000] "GET /node/1356/img_7250 HTTP/1.1" 404 162 "-" "Mozilla/5.0 (compatible; DotBot/1.2; +https://opensiteexplorer.org/dotbot; help@moz.com)"
216.244.66.229 - - [22/Jun/2022:20:38:09 +0000] "GET /node/55 HTTP/1.1" 404 162 "-" "Mozilla/5.0 (compatible; DotBot/1.2; +https://opensiteexplorer.org/dotbot; help@moz.com)"
216.244.66.229 - - [22/Jun/2022:20:38:32 +0000] "GET /node/865/ch7_2994/feed HTTP/1.1" 404 162 "-" "Mozilla/5.0 (compatible; DotBot/1.2; +https://opensiteexplorer.org/dotbot; help@moz.com)"
114.119.147.74 - - [22/Jun/2022:20:38:53 +0000] "GET /node/198 HTTP/1.1" 302 154 "https://mrchoke.org/node/198?share=facebook" "Mozilla/5.0 (Linux; Android 7.0;) AppleWebKit/537.36 (KHTML, like Gecko) Mobile Safari/537.36 (compatible; PetalBot;+https://webmaster.petalsearch.com/site/petalbot)"
114.119.147.74 - - [22/Jun/2022:20:38:58 +0000] "GET /node/198 HTTP/1.1" 301 178 "https://mrchoke.org/node/198?share=facebook" "Mozilla/5.0 (Linux; Android 7.0;) AppleWebKit/537.36 (KHTML, like Gecko) Mobile Safari/537.36 (compatible; PetalBot;+https://webmaster.petalsearch.com/site/petalbot)"
114.119.147.74 - - [22/Jun/2022:20:39:04 +0000] "GET /node/198/ HTTP/1.1" 200 9094 "https://mrchoke.org/node/198?share=facebook" "Mozilla/5.0 (Linux; Android 7.0;) AppleWebKit/537.36 (KHTML, like Gecko) Mobile Safari/537.36 (compatible; PetalBot;+https://webmaster.petalsearch.com/site/petalbot)"
216.244.66.229 - - [22/Jun/2022:20:39:17 +0000] "GET /wp-content/uploads/2014/01/IMG_6645.jpg HTTP/1.1" 404 162 "-" "Mozilla/5.0 (compatible; DotBot/1.2; +https://opensiteexplorer.org/dotbot; help@moz.com)"
216.244.66.229 - - [22/Jun/2022:20:40:02 +0000] "GET /node/tag/trip/ HTTP/1.1" 404 162 "-" "Mozilla/5.0 (compatible; DotBot/1.2; +https://opensiteexplorer.org/dotbot; help@moz.com)"
216.244.66.229 - - [22/Jun/2022:20:40:17 +0000] "GET /node/category/a88/feed HTTP/1.1" 404 162 "-" "Mozilla/5.0 (compatible; DotBot/1.2; +https://opensiteexplorer.org/dotbot; help@moz.com)"
114.119.147.74 - - [22/Jun/2022:20:40:51 +0000] "GET /node/date/2006/11/10 HTTP/1.1" 404 134 "http://www.mrchoke.org/node/119" "Mozilla/5.0 (Linux; Android 7.0;) AppleWebKit/537.36 (KHTML, like Gecko) Mobile Safari/537.36 (compatible; PetalBot;+https://webmaster.petalsearch.com/site/petalbot)"
114.119.147.87 - - [22/Jun/2022:20:43:05 +0000] "GET /node/date/2006/04/22 HTTP/1.1" 301 178 "https://mrchoke.org/node/30?share=linkedin" "Mozilla/5.0 (Linux; Android 7.0;) AppleWebKit/537.36 (KHTML, like Gecko) Mobile Safari/537.36 (compatible; PetalBot;+https://webmaster.petalsearch.com/site/petalbot)"
114.119.147.87 - - [22/Jun/2022:20:43:15 +0000] "GET /node/date/2006/04/22/ HTTP/1.1" 200 11150 "https://mrchoke.org/node/30?share=linkedin" "Mozilla/5.0 (Linux; Android 7.0;) AppleWebKit/537.36 (KHTML, like Gecko) Mobile Safari/537.36 (compatible; PetalBot;+https://webmaster.petalsearch.com/site/petalbot)"
114.119.147.74 - - [22/Jun/2022:20:45:13 +0000] "GET /node/71?share=twitter HTTP/1.1" 302 154 "https://mrchoke.org/node/71?ak_action=reject_mobile" "Mozilla/5.0 (Linux; Android 7.0;) AppleWebKit/537.36 (KHTML, like Gecko) Mobile Safari/537.36 (compatible; PetalBot;+https://webmaster.petalsearch.com/site/petalbot)"
66.249.71.25 - - [22/Jun/2022:20:45:21 +0000] "GET /node/tag/icu/ HTTP/1.1" 200 9741 "-" "Mozilla/5.0 (compatible; Googlebot/2.1; +http://www.google.com/bot.html)"
114.119.147.74 - - [22/Jun/2022:20:45:36 +0000] "GET /node/71?share=twitter HTTP/1.1" 301 178 "https://mrchoke.org/node/71?ak_action=reject_mobile" "Mozilla/5.0 (Linux; Android 7.0;) AppleWebKit/537.36 (KHTML, like Gecko) Mobile Safari/537.36 (compatible; PetalBot;+https://webmaster.petalsearch.com/site/petalbot)"
114.119.147.74 - - [22/Jun/2022:20:45:46 +0000] "GET /node/71?share=twitter HTTP/1.1" 302 154 "https://mrchoke.org/node/71?ak_action=reject_mobile" "Mozilla/5.0 (Linux; Android 7.0;) AppleWebKit/537.36 (KHTML, like Gecko) Mobile Safari/537.36 (compatible; PetalBot;+https://webmaster.petalsearch.com/site/petalbot)"
114.119.147.74 - - [22/Jun/2022:20:45:51 +0000] "GET /node/71?share=twitter HTTP/1.1" 301 178 "https://mrchoke.org/node/71?ak_action=reject_mobile" "Mozilla/5.0 (Linux; Android 7.0;) AppleWebKit/537.36 (KHTML, like Gecko) Mobile Safari/537.36 (compatible; PetalBot;+https://webmaster.petalsearch.com/site/petalbot)"
114.119.147.74 - - [22/Jun/2022:20:45:58 +0000] "GET /node/71/?share=twitter HTTP/1.1" 200 8891 "https://mrchoke.org/node/71?ak_action=reject_mobile" "Mozilla/5.0 (Linux; Android 7.0;) AppleWebKit/537.36 (KHTML, like Gecko) Mobile Safari/537.36 (compatible; PetalBot;+https://webmaster.petalsearch.com/site/petalbot)"
114.119.147.97 - - [22/Jun/2022:20:47:15 +0000] "GET /node/408 HTTP/1.1" 301 178 "https://mrchoke.org/node/409?share=facebook" "Mozilla/5.0 (Linux; Android 7.0;) AppleWebKit/537.36 (KHTML, like Gecko) Mobile Safari/537.36 (compatible; PetalBot;+https://webmaster.petalsearch.com/site/petalbot)"
114.119.147.97 - - [22/Jun/2022:20:47:25 +0000] "GET /node/408/ HTTP/1.1" 200 8412 "https://mrchoke.org/node/409?share=facebook" "Mozilla/5.0 (Linux; Android 7.0;) AppleWebKit/537.36 (KHTML, like Gecko) Mobile Safari/537.36 (compatible; PetalBot;+https://webmaster.petalsearch.com/site/petalbot)"
216.244.66.229 - - [22/Jun/2022:20:47:28 +0000] "GET /node/326/?replytocom=366 HTTP/1.1" 404 162 "-" "Mozilla/5.0 (compatible; DotBot/1.2; +https://opensiteexplorer.org/dotbot; help@moz.com)"
216.244.66.229 - - [22/Jun/2022:20:47:30 +0000] "GET /node/372/?replytocom=452 HTTP/1.1" 404 162 "-" "Mozilla/5.0 (compatible; DotBot/1.2; +https://opensiteexplorer.org/dotbot; help@moz.com)"
216.244.66.229 - - [22/Jun/2022:20:49:14 +0000] "GET /node/345/?share=google-plus-1 HTTP/1.1" 404 162 "-" "Mozilla/5.0 (compatible; DotBot/1.2; +https://opensiteexplorer.org/dotbot; help@moz.com)"
216.244.66.229 - - [22/Jun/2022:20:49:16 +0000] "GET /node/87/?share=google-plus-1 HTTP/1.1" 404 162 "-" "Mozilla/5.0 (compatible; DotBot/1.2; +https://opensiteexplorer.org/dotbot; help@moz.com)"
114.119.147.74 - - [22/Jun/2022:20:49:37 +0000] "GET /node/434?share=reddit HTTP/1.1" 302 154 "https://mrchoke.org/node/434" "Mozilla/5.0 (Linux; Android 7.0;) AppleWebKit/537.36 (KHTML, like Gecko) Mobile Safari/537.36 (compatible; PetalBot;+https://webmaster.petalsearch.com/site/petalbot)"
114.119.147.74 - - [22/Jun/2022:20:49:41 +0000] "GET /node/434?share=reddit HTTP/1.1" 301 178 "https://mrchoke.org/node/434" "Mozilla/5.0 (Linux; Android 7.0;) AppleWebKit/537.36 (KHTML, like Gecko) Mobile Safari/537.36 (compatible; PetalBot;+https://webmaster.petalsearch.com/site/petalbot)"
114.119.147.74 - - [22/Jun/2022:20:49:45 +0000] "GET /node/434/?share=reddit HTTP/1.1" 200 8129 "https://mrchoke.org/node/434" "Mozilla/5.0 (Linux; Android 7.0;) AppleWebKit/537.36 (KHTML, like Gecko) Mobile Safari/537.36 (compatible; PetalBot;+https://webmaster.petalsearch.com/site/petalbot)"
114.119.147.97 - - [22/Jun/2022:20:51:48 +0000] "GET /node/category/iiimf?ak_action=accept_mobile HTTP/1.1" 302 154 "https://mrchoke.org/node/category/iiimf?ak_action=reject_mobile" "Mozilla/5.0 (Linux; Android 7.0;) AppleWebKit/537.36 (KHTML, like Gecko) Mobile Safari/537.36 (compatible; PetalBot;+https://webmaster.petalsearch.com/site/petalbot)"
114.119.147.97 - - [22/Jun/2022:20:52:01 +0000] "GET /node/category/iiimf?ak_action=accept_mobile HTTP/1.1" 301 178 "https://mrchoke.org/node/category/iiimf?ak_action=reject_mobile" "Mozilla/5.0 (Linux; Android 7.0;) AppleWebKit/537.36 (KHTML, like Gecko) Mobile Safari/537.36 (compatible; PetalBot;+https://webmaster.petalsearch.com/site/petalbot)"
114.119.147.97 - - [22/Jun/2022:20:54:11 +0000] "GET /node/581/img_1732?share=reddit HTTP/1.1" 302 154 "https://mrchoke.org/node/581/img_1732?ak_action=accept_mobile" "Mozilla/5.0 (Linux; Android 7.0;) AppleWebKit/537.36 (KHTML, like Gecko) Mobile Safari/537.36 (compatible; PetalBot;+https://webmaster.petalsearch.com/site/petalbot)"
114.119.147.97 - - [22/Jun/2022:20:54:18 +0000] "GET /node/581/img_1732?share=reddit HTTP/1.1" 301 178 "https://mrchoke.org/node/581/img_1732?ak_action=accept_mobile" "Mozilla/5.0 (Linux; Android 7.0;) AppleWebKit/537.36 (KHTML, like Gecko) Mobile Safari/537.36 (compatible; PetalBot;+https://webmaster.petalsearch.com/site/petalbot)"
114.119.147.97 - - [22/Jun/2022:20:54:25 +0000] "GET /node/581/img_1732/?share=reddit HTTP/1.1" 200 7857 "https://mrchoke.org/node/581/img_1732?ak_action=accept_mobile" "Mozilla/5.0 (Linux; Android 7.0;) AppleWebKit/537.36 (KHTML, like Gecko) Mobile Safari/537.36 (compatible; PetalBot;+https://webmaster.petalsearch.com/site/petalbot)"
185.7.214.104 - - [22/Jun/2022:20:55:50 +0000] "POST /vendor/phpunit/phpunit/src/Util/PHP/eval-stdin.php HTTP/1.1" 404 197 "-" "Mozilla/5.0 (Windows NT 10.0; Win64; x64) AppleWebKit/537.36 (KHTML, like Gecko) Chrome/78.0.3904.108 Safari/537.36"
114.119.147.74 - - [22/Jun/2022:20:56:13 +0000] "GET /page/4?cat=-1 HTTP/1.1" 302 154 "https://mrchoke.org/page/3?cat=-1" "Mozilla/5.0 (Linux; Android 7.0;) AppleWebKit/537.36 (KHTML, like Gecko) Mobile Safari/537.36 (compatible; PetalBot;+https://webmaster.petalsearch.com/site/petalbot)"
114.119.147.74 - - [22/Jun/2022:20:56:25 +0000] "GET /page/4?cat=-1 HTTP/1.1" 301 178 "https://mrchoke.org/page/3?cat=-1" "Mozilla/5.0 (Linux; Android 7.0;) AppleWebKit/537.36 (KHTML, like Gecko) Mobile Safari/537.36 (compatible; PetalBot;+https://webmaster.petalsearch.com/site/petalbot)"
194.31.98.101 - - [22/Jun/2022:20:56:30 +0000] "GET / HTTP/1.1" 200 396 "-" "python-requests/2.27.1"
114.119.147.87 - - [22/Jun/2022:20:58:13 +0000] "GET /node/date/2007/02/10 HTTP/1.1" 302 154 "https://mrchoke.org/node/150" "Mozilla/5.0 (Linux; Android 7.0;) AppleWebKit/537.36 (KHTML, like Gecko) Mobile Safari/537.36 (compatible; PetalBot;+https://webmaster.petalsearch.com/site/petalbot)"
114.119.147.87 - - [22/Jun/2022:20:58:21 +0000] "GET /node/date/2007/02/10 HTTP/1.1" 301 178 "https://mrchoke.org/node/150" "Mozilla/5.0 (Linux; Android 7.0;) AppleWebKit/537.36 (KHTML, like Gecko) Mobile Safari/537.36 (compatible; PetalBot;+https://webmaster.petalsearch.com/site/petalbot)"
114.119.147.87 - - [22/Jun/2022:20:58:27 +0000] "GET /node/date/2007/02/10/ HTTP/1.1" 200 27862 "https://mrchoke.org/node/150" "Mozilla/5.0 (Linux; Android 7.0;) AppleWebKit/537.36 (KHTML, like Gecko) Mobile Safari/537.36 (compatible; PetalBot;+https://webmaster.petalsearch.com/site/petalbot)"
45.33.88.230 - - [22/Jun/2022:20:58:44 +0000] "GET / HTTP/1.1" 301 178 "-" "Mozilla/5.0 zgrab/0.x"
2600:3c03::f03c:93ff:fe7b:ddca - - [22/Jun/2022:20:58:49 +0000] "GET / HTTP/1.1" 200 920 "https://188.166.238.131/" "Mozilla/5.0 zgrab/0.x"
114.119.147.73 - - [22/Jun/2022:21:00:37 +0000] "GET /node/date/2006/11/13 HTTP/1.1" 301 178 "https://mrchoke.org/node/123?ak_action=reject_mobile" "Mozilla/5.0 (Linux; Android 7.0;) AppleWebKit/537.36 (KHTML, like Gecko) Mobile Safari/537.36 (compatible; PetalBot;+https://webmaster.petalsearch.com/site/petalbot)"
114.119.147.73 - - [22/Jun/2022:21:00:52 +0000] "GET /node/date/2006/11/13/ HTTP/1.1" 200 8672 "https://mrchoke.org/node/123?ak_action=reject_mobile" "Mozilla/5.0 (Linux; Android 7.0;) AppleWebKit/537.36 (KHTML, like Gecko) Mobile Safari/537.36 (compatible; PetalBot;+https://webmaster.petalsearch.com/site/petalbot)"
185.191.171.43 - - [22/Jun/2022:21:01:04 +0000] "GET /robots.txt HTTP/1.1" 404 134 "-" "Mozilla/5.0 (compatible; SemrushBot/7~bl; +http://www.semrush.com/bot.html)"
185.191.171.42 - - [22/Jun/2022:21:01:05 +0000] "GET /gallery/?g2_itemId=937 HTTP/1.1" 404 134 "-" "Mozilla/5.0 (compatible; SemrushBot/7~bl; +http://www.semrush.com/bot.html)"
114.119.147.73 - - [22/Jun/2022:21:03:10 +0000] "GET /node/tag/bike/page/6 HTTP/1.1" 302 154 "https://mrchoke.org/node/tag/bike/page/5" "Mozilla/5.0 (Linux; Android 7.0;) AppleWebKit/537.36 (KHTML, like Gecko) Mobile Safari/537.36 (compatible; PetalBot;+https://webmaster.petalsearch.com/site/petalbot)"
114.119.147.73 - - [22/Jun/2022:21:03:19 +0000] "GET /node/tag/bike/page/6 HTTP/1.1" 301 178 "https://mrchoke.org/node/tag/bike/page/5" "Mozilla/5.0 (Linux; Android 7.0;) AppleWebKit/537.36 (KHTML, like Gecko) Mobile Safari/537.36 (compatible; PetalBot;+https://webmaster.petalsearch.com/site/petalbot)"
87.250.224.3 - - [22/Jun/2022:21:03:27 +0000] "GET /robots.txt HTTP/1.1" 404 162 "-" "Mozilla/5.0 (compatible; YandexBot/3.0; +http://yandex.com/bots)"
87.250.224.3 - - [22/Jun/2022:21:03:28 +0000] "GET /node/1754/img_7781 HTTP/1.1" 301 178 "-" "Mozilla/5.0 (compatible; YandexBot/3.0; +http://yandex.com/bots)"
5.255.253.163 - - [22/Jun/2022:21:03:33 +0000] "GET /node/1754/img_7781 HTTP/1.1" 301 178 "-" "Mozilla/5.0 (compatible; YandexImages/3.0; +http://yandex.com/bots)"
114.119.147.73 - - [22/Jun/2022:21:03:35 +0000] "GET /node/tag/bike/page/6/ HTTP/1.1" 200 16332 "https://mrchoke.org/node/tag/bike/page/5" "Mozilla/5.0 (Linux; Android 7.0;) AppleWebKit/537.36 (KHTML, like Gecko) Mobile Safari/537.36 (compatible; PetalBot;+https://webmaster.petalsearch.com/site/petalbot)"
5.255.253.163 - - [22/Jun/2022:21:03:35 +0000] "GET /node/1754/img_7781/ HTTP/1.1" 200 7914 "-" "Mozilla/5.0 (compatible; YandexImages/3.0; +http://yandex.com/bots)"
5.45.207.92 - - [22/Jun/2022:21:03:40 +0000] "GET /node/1754/img_7781/ HTTP/1.1" 200 7914 "-" "Mozilla/5.0 (compatible; YandexBot/3.0; +http://yandex.com/bots)"
114.119.147.74 - - [22/Jun/2022:21:04:44 +0000] "GET /node/date/2005/07/ HTTP/1.1" 200 12184 "https://static.mrchoke.org/node/date/2005/07/page/2" "Mozilla/5.0 (Linux; Android 7.0;) AppleWebKit/537.36 (KHTML, like Gecko) Mobile Safari/537.36 (compatible; PetalBot;+https://webmaster.petalsearch.com/site/petalbot)"
114.119.147.74 - - [22/Jun/2022:21:06:32 +0000] "GET /node/category/desktop HTTP/1.1" 301 178 "https://static.mrchoke.org/ch7_3357" "Mozilla/5.0 (Linux; Android 7.0;) AppleWebKit/537.36 (KHTML, like Gecko) Mobile Safari/537.36 (compatible; PetalBot;+https://webmaster.petalsearch.com/site/petalbot)"
114.119.147.74 - - [22/Jun/2022:21:06:40 +0000] "GET /node/category/desktop/ HTTP/1.1" 200 8470 "https://static.mrchoke.org/ch7_3357" "Mozilla/5.0 (Linux; Android 7.0;) AppleWebKit/537.36 (KHTML, like Gecko) Mobile Safari/537.36 (compatible; PetalBot;+https://webmaster.petalsearch.com/site/petalbot)"
114.119.147.81 - - [22/Jun/2022:21:08:33 +0000] "GET /node/463 HTTP/1.1" 301 178 "https://static.mrchoke.org/node/date/2004/11/page/2" "Mozilla/5.0 (Linux; Android 7.0;) AppleWebKit/537.36 (KHTML, like Gecko) Mobile Safari/537.36 (compatible; PetalBot;+https://webmaster.petalsearch.com/site/petalbot)"
