114.119.147.86 - - [24/Jun/2022:16:23:47 +0000] "GET /node/date/2004/05/02 HTTP/1.1" 301 178 "https://mrchoke.org/node/427?share=reddit" "Mozilla/5.0 (Linux; Android 7.0;) AppleWebKit/537.36 (KHTML, like Gecko) Mobile Safari/537.36 (compatible; PetalBot;+https://webmaster.petalsearch.com/site/petalbot)"
114.119.147.86 - - [24/Jun/2022:16:23:49 +0000] "GET /node/date/2004/05/02/ HTTP/1.1" 200 8430 "https://mrchoke.org/node/427?share=reddit" "Mozilla/5.0 (Linux; Android 7.0;) AppleWebKit/537.36 (KHTML, like Gecko) Mobile Safari/537.36 (compatible; PetalBot;+https://webmaster.petalsearch.com/site/petalbot)"
114.119.147.73 - - [24/Jun/2022:16:25:39 +0000] "GET /node/790/img_6160?share=reddit HTTP/1.1" 302 154 "https://mrchoke.org/node/790/img_6160?ak_action=accept_mobile" "Mozilla/5.0 (Linux; Android 7.0;) AppleWebKit/537.36 (KHTML, like Gecko) Mobile Safari/537.36 (compatible; PetalBot;+https://webmaster.petalsearch.com/site/petalbot)"
114.119.147.73 - - [24/Jun/2022:16:25:39 +0000] "GET /node/790/img_6160?share=reddit HTTP/1.1" 301 178 "https://mrchoke.org/node/790/img_6160?ak_action=accept_mobile" "Mozilla/5.0 (Linux; Android 7.0;) AppleWebKit/537.36 (KHTML, like Gecko) Mobile Safari/537.36 (compatible; PetalBot;+https://webmaster.petalsearch.com/site/petalbot)"
114.119.147.73 - - [24/Jun/2022:16:25:39 +0000] "GET /node/790/img_6160/?share=reddit HTTP/1.1" 200 7893 "https://mrchoke.org/node/790/img_6160?ak_action=accept_mobile" "Mozilla/5.0 (Linux; Android 7.0;) AppleWebKit/537.36 (KHTML, like Gecko) Mobile Safari/537.36 (compatible; PetalBot;+https://webmaster.petalsearch.com/site/petalbot)"
154.89.5.116 - - [24/Jun/2022:16:26:36 +0000] "GET / HTTP/1.0" 301 178 "-" "-"
74.125.210.173 - - [24/Jun/2022:16:26:39 +0000] "GET /feed HTTP/1.1" 404 134 "-" "FeedFetcher-Google; (+http://www.google.com/feedfetcher.html)"
114.119.147.87 - - [24/Jun/2022:16:27:34 +0000] "GET /node/date/2007/03/05 HTTP/1.1" 302 154 "https://mrchoke.org/node/350?ak_action=reject_mobile" "Mozilla/5.0 (Linux; Android 7.0;) AppleWebKit/537.36 (KHTML, like Gecko) Mobile Safari/537.36 (compatible; PetalBot;+https://webmaster.petalsearch.com/site/petalbot)"
114.119.147.87 - - [24/Jun/2022:16:27:34 +0000] "GET /node/date/2007/03/05 HTTP/1.1" 301 178 "https://mrchoke.org/node/350?ak_action=reject_mobile" "Mozilla/5.0 (Linux; Android 7.0;) AppleWebKit/537.36 (KHTML, like Gecko) Mobile Safari/537.36 (compatible; PetalBot;+https://webmaster.petalsearch.com/site/petalbot)"
114.119.147.87 - - [24/Jun/2022:16:27:34 +0000] "GET /node/date/2007/03/05/ HTTP/1.1" 200 7689 "https://mrchoke.org/node/350?ak_action=reject_mobile" "Mozilla/5.0 (Linux; Android 7.0;) AppleWebKit/537.36 (KHTML, like Gecko) Mobile Safari/537.36 (compatible; PetalBot;+https://webmaster.petalsearch.com/site/petalbot)"
185.191.171.9 - - [24/Jun/2022:16:30:45 +0000] "GET /node/1607/img_7597 HTTP/1.1" 301 178 "-" "Mozilla/5.0 (compatible; SemrushBot/7~bl; +http://www.semrush.com/bot.html)"
185.191.171.25 - - [24/Jun/2022:16:30:48 +0000] "GET /node/1607/img_7597/ HTTP/1.1" 200 7965 "-" "Mozilla/5.0 (compatible; SemrushBot/7~bl; +http://www.semrush.com/bot.html)"
114.119.147.73 - - [24/Jun/2022:16:34:19 +0000] "GET /node/1862/ch7_6085?share=linkedin HTTP/1.1" 302 154 "https://mrchoke.org/node/1862/ch7_6085" "Mozilla/5.0 (Linux; Android 7.0;) AppleWebKit/537.36 (KHTML, like Gecko) Mobile Safari/537.36 (compatible; PetalBot;+https://webmaster.petalsearch.com/site/petalbot)"
114.119.147.73 - - [24/Jun/2022:16:34:20 +0000] "GET /node/1862/ch7_6085?share=linkedin HTTP/1.1" 301 178 "https://mrchoke.org/node/1862/ch7_6085" "Mozilla/5.0 (Linux; Android 7.0;) AppleWebKit/537.36 (KHTML, like Gecko) Mobile Safari/537.36 (compatible; PetalBot;+https://webmaster.petalsearch.com/site/petalbot)"
114.119.147.73 - - [24/Jun/2022:16:34:21 +0000] "GET /node/1862/ch7_6085/?share=linkedin HTTP/1.1" 200 7929 "https://mrchoke.org/node/1862/ch7_6085" "Mozilla/5.0 (Linux; Android 7.0;) AppleWebKit/537.36 (KHTML, like Gecko) Mobile Safari/537.36 (compatible; PetalBot;+https://webmaster.petalsearch.com/site/petalbot)"
2620:96:e000:b0cc:e:2:2:4 - - [24/Jun/2022:16:34:37 +0000] "GET / HTTP/1.1" 301 178 "-" "Mozilla/5.0 (compatible; CensysInspect/1.1; +https://about.censys.io/)"
2620:96:e000:b0cc:e:2:2:4 - - [24/Jun/2022:16:34:39 +0000] "GET / HTTP/1.1" 200 920 "-" "Mozilla/5.0 (compatible; CensysInspect/1.1; +https://about.censys.io/)"
162.142.125.212 - - [24/Jun/2022:16:34:40 +0000] "GET / HTTP/1.1" 200 920 "-" "Mozilla/5.0 (compatible; CensysInspect/1.1; +https://about.censys.io/)"
54.36.148.175 - - [24/Jun/2022:16:35:34 +0000] "GET /node/790/img_6126/ HTTP/2.0" 200 7887 "-" "Mozilla/5.0 (compatible; AhrefsBot/7.0; +http://ahrefs.com/robot/)"
114.119.147.73 - - [24/Jun/2022:16:36:18 +0000] "GET /node/483 HTTP/1.1" 301 178 "https://mrchoke.org/node/483" "Mozilla/5.0 (Linux; Android 7.0;) AppleWebKit/537.36 (KHTML, like Gecko) Mobile Safari/537.36 (compatible; PetalBot;+https://webmaster.petalsearch.com/site/petalbot)"
114.119.147.73 - - [24/Jun/2022:16:36:20 +0000] "GET /node/483/ HTTP/1.1" 200 8786 "https://mrchoke.org/node/483" "Mozilla/5.0 (Linux; Android 7.0;) AppleWebKit/537.36 (KHTML, like Gecko) Mobile Safari/537.36 (compatible; PetalBot;+https://webmaster.petalsearch.com/site/petalbot)"
216.244.66.229 - - [24/Jun/2022:16:36:37 +0000] "GET /robots.txt HTTP/1.1" 404 162 "-" "Mozilla/5.0 (compatible; DotBot/1.2; +https://opensiteexplorer.org/dotbot; help@moz.com)"
216.244.66.229 - - [24/Jun/2022:16:36:37 +0000] "GET /robots.txt HTTP/1.1" 404 162 "-" "Mozilla/5.0 (compatible; DotBot/1.2; +https://opensiteexplorer.org/dotbot; help@moz.com)"
185.7.214.104 - - [24/Jun/2022:16:37:51 +0000] "GET /vendor/phpunit/phpunit/src/Util/PHP/eval-stdin.php HTTP/1.1" 404 197 "-" "Mozilla/5.0 (Windows NT 10.0; Win64; x64) AppleWebKit/537.36 (KHTML, like Gecko) Chrome/78.0.3904.108 Safari/537.36"
114.119.147.75 - - [24/Jun/2022:16:38:26 +0000] "GET /node/456?share=twitter HTTP/1.1" 302 154 "https://mrchoke.org/node/456?ak_action=reject_mobile" "Mozilla/5.0 (Linux; Android 7.0;) AppleWebKit/537.36 (KHTML, like Gecko) Mobile Safari/537.36 (compatible; PetalBot;+https://webmaster.petalsearch.com/site/petalbot)"
114.119.147.75 - - [24/Jun/2022:16:38:26 +0000] "GET /node/456?share=twitter HTTP/1.1" 301 178 "https://mrchoke.org/node/456?ak_action=reject_mobile" "Mozilla/5.0 (Linux; Android 7.0;) AppleWebKit/537.36 (KHTML, like Gecko) Mobile Safari/537.36 (compatible; PetalBot;+https://webmaster.petalsearch.com/site/petalbot)"
114.119.147.75 - - [24/Jun/2022:16:38:26 +0000] "GET /node/456/?share=twitter HTTP/1.1" 200 8249 "https://mrchoke.org/node/456?ak_action=reject_mobile" "Mozilla/5.0 (Linux; Android 7.0;) AppleWebKit/537.36 (KHTML, like Gecko) Mobile Safari/537.36 (compatible; PetalBot;+https://webmaster.petalsearch.com/site/petalbot)"
185.191.171.19 - - [24/Jun/2022:16:39:27 +0000] "GET /node/tag/%E0%B8%99%E0%B9%89%E0%B8%B3%E0%B8%AB%E0%B8%99%E0%B8%B1%E0%B8%81 HTTP/1.1" 404 134 "-" "Mozilla/5.0 (compatible; SemrushBot/7~bl; +http://www.semrush.com/bot.html)"
114.119.147.97 - - [24/Jun/2022:16:40:11 +0000] "GET /node/tag/trip/page/3 HTTP/1.1" 301 178 "https://static.mrchoke.org/node/tag/trip/page/2" "Mozilla/5.0 (Linux; Android 7.0;) AppleWebKit/537.36 (KHTML, like Gecko) Mobile Safari/537.36 (compatible; PetalBot;+https://webmaster.petalsearch.com/site/petalbot)"
114.119.147.97 - - [24/Jun/2022:16:40:12 +0000] "GET /node/tag/trip/page/3/ HTTP/1.1" 200 8812 "https://static.mrchoke.org/node/tag/trip/page/2" "Mozilla/5.0 (Linux; Android 7.0;) AppleWebKit/537.36 (KHTML, like Gecko) Mobile Safari/537.36 (compatible; PetalBot;+https://webmaster.petalsearch.com/site/petalbot)"
216.244.66.229 - - [24/Jun/2022:16:40:14 +0000] "GET /node/180/feed HTTP/1.1" 404 162 "-" "Mozilla/5.0 (compatible; DotBot/1.2; +https://opensiteexplorer.org/dotbot; help@moz.com)"
216.244.66.229 - - [24/Jun/2022:16:40:25 +0000] "GET /img_6668/ HTTP/1.1" 404 162 "-" "Mozilla/5.0 (compatible; DotBot/1.2; +https://opensiteexplorer.org/dotbot; help@moz.com)"
216.244.66.229 - - [24/Jun/2022:16:40:29 +0000] "GET /img_7294/ HTTP/1.1" 404 162 "-" "Mozilla/5.0 (compatible; DotBot/1.2; +https://opensiteexplorer.org/dotbot; help@moz.com)"
216.244.66.229 - - [24/Jun/2022:16:40:33 +0000] "GET /node/193 HTTP/1.1" 404 162 "-" "Mozilla/5.0 (compatible; DotBot/1.2; +https://opensiteexplorer.org/dotbot; help@moz.com)"
66.249.75.148 - - [24/Jun/2022:16:40:48 +0000] "GET /node/89/feed HTTP/1.1" 302 154 "-" "Mozilla/5.0 (Linux; Android 6.0.1; Nexus 5X Build/MMB29P) AppleWebKit/537.36 (KHTML, like Gecko) Chrome/102.0.5005.115 Mobile Safari/537.36 (compatible; Googlebot/2.1; +http://www.google.com/bot.html)"
66.249.77.16 - - [24/Jun/2022:16:40:49 +0000] "GET /node/89/feed HTTP/1.1" 301 178 "-" "Mozilla/5.0 (Linux; Android 6.0.1; Nexus 5X Build/MMB29P) AppleWebKit/537.36 (KHTML, like Gecko) Chrome/102.0.5005.115 Mobile Safari/537.36 (compatible; Googlebot/2.1; +http://www.google.com/bot.html)"
66.249.77.20 - - [24/Jun/2022:16:40:49 +0000] "GET /node/89/feed/ HTTP/1.1" 403 196 "-" "Mozilla/5.0 (Linux; Android 6.0.1; Nexus 5X Build/MMB29P) AppleWebKit/537.36 (KHTML, like Gecko) Chrome/102.0.5005.115 Mobile Safari/537.36 (compatible; Googlebot/2.1; +http://www.google.com/bot.html)"
216.244.66.229 - - [24/Jun/2022:16:41:05 +0000] "GET /node/1356/img_7250/feed HTTP/1.1" 404 162 "-" "Mozilla/5.0 (compatible; DotBot/1.2; +https://opensiteexplorer.org/dotbot; help@moz.com)"
216.244.66.229 - - [24/Jun/2022:16:42:10 +0000] "GET /node/1367/img_7261 HTTP/1.1" 404 162 "-" "Mozilla/5.0 (compatible; DotBot/1.2; +https://opensiteexplorer.org/dotbot; help@moz.com)"
207.46.13.149 - - [24/Jun/2022:16:42:13 +0000] "GET /node/414/feed HTTP/2.0" 301 178 "-" "Mozilla/5.0 (compatible; bingbot/2.0; +http://www.bing.com/bingbot.htm)"
216.244.66.229 - - [24/Jun/2022:16:42:13 +0000] "GET /node/438/ HTTP/1.1" 404 162 "-" "Mozilla/5.0 (compatible; DotBot/1.2; +https://opensiteexplorer.org/dotbot; help@moz.com)"
216.244.66.229 - - [24/Jun/2022:16:42:15 +0000] "GET /node/65/feed HTTP/1.1" 404 162 "-" "Mozilla/5.0 (compatible; DotBot/1.2; +https://opensiteexplorer.org/dotbot; help@moz.com)"
207.46.13.149 - - [24/Jun/2022:16:42:22 +0000] "GET /node/414/feed/ HTTP/2.0" 403 123 "-" "Mozilla/5.0 (compatible; bingbot/2.0; +http://www.bing.com/bingbot.htm)"
185.191.171.34 - - [24/Jun/2022:16:45:14 +0000] "GET /node/category/linux/page/5 HTTP/1.1" 302 154 "-" "Mozilla/5.0 (compatible; SemrushBot/7~bl; +http://www.semrush.com/bot.html)"
185.191.171.43 - - [24/Jun/2022:16:45:15 +0000] "GET /node/category/linux/page/5 HTTP/1.1" 301 178 "-" "Mozilla/5.0 (compatible; SemrushBot/7~bl; +http://www.semrush.com/bot.html)"
185.191.171.14 - - [24/Jun/2022:16:45:18 +0000] "GET /node/category/linux/page/5/ HTTP/1.1" 200 13365 "-" "Mozilla/5.0 (compatible; SemrushBot/7~bl; +http://www.semrush.com/bot.html)"
114.119.147.97 - - [24/Jun/2022:16:46:58 +0000] "GET /node/302?share=linkedin HTTP/1.1" 302 154 "https://mrchoke.org/node/302?ak_action=reject_mobile" "Mozilla/5.0 (Linux; Android 7.0;) AppleWebKit/537.36 (KHTML, like Gecko) Mobile Safari/537.36 (compatible; PetalBot;+https://webmaster.petalsearch.com/site/petalbot)"
114.119.147.97 - - [24/Jun/2022:16:47:00 +0000] "GET /node/302?share=linkedin HTTP/1.1" 301 178 "https://mrchoke.org/node/302?ak_action=reject_mobile" "Mozilla/5.0 (Linux; Android 7.0;) AppleWebKit/537.36 (KHTML, like Gecko) Mobile Safari/537.36 (compatible; PetalBot;+https://webmaster.petalsearch.com/site/petalbot)"
114.119.147.97 - - [24/Jun/2022:16:47:00 +0000] "GET /node/302/?share=linkedin HTTP/1.1" 200 8890 "https://mrchoke.org/node/302?ak_action=reject_mobile" "Mozilla/5.0 (Linux; Android 7.0;) AppleWebKit/537.36 (KHTML, like Gecko) Mobile Safari/537.36 (compatible; PetalBot;+https://webmaster.petalsearch.com/site/petalbot)"
114.119.147.86 - - [24/Jun/2022:16:48:52 +0000] "GET /node/425?share=twitter HTTP/1.1" 302 154 "https://mrchoke.org/node/425?ak_action=accept_mobile" "Mozilla/5.0 (Linux; Android 7.0;) AppleWebKit/537.36 (KHTML, like Gecko) Mobile Safari/537.36 (compatible; PetalBot;+https://webmaster.petalsearch.com/site/petalbot)"
114.119.147.86 - - [24/Jun/2022:16:48:53 +0000] "GET /node/425?share=twitter HTTP/1.1" 301 178 "https://mrchoke.org/node/425?ak_action=accept_mobile" "Mozilla/5.0 (Linux; Android 7.0;) AppleWebKit/537.36 (KHTML, like Gecko) Mobile Safari/537.36 (compatible; PetalBot;+https://webmaster.petalsearch.com/site/petalbot)"
114.119.147.86 - - [24/Jun/2022:16:48:55 +0000] "GET /node/425/?share=twitter HTTP/1.1" 200 8444 "https://mrchoke.org/node/425?ak_action=accept_mobile" "Mozilla/5.0 (Linux; Android 7.0;) AppleWebKit/537.36 (KHTML, like Gecko) Mobile Safari/537.36 (compatible; PetalBot;+https://webmaster.petalsearch.com/site/petalbot)"
216.244.66.229 - - [24/Jun/2022:16:49:44 +0000] "GET /img_6670/ HTTP/1.1" 404 162 "-" "Mozilla/5.0 (compatible; DotBot/1.2; +https://opensiteexplorer.org/dotbot; help@moz.com)"
114.119.147.87 - - [24/Jun/2022:16:52:40 +0000] "GET /wp-content/uploads/2014/02/CH7_4053-766x509.jpg HTTP/1.1" 302 154 "https://mrchoke.org/ch7_4053" "Mozilla/5.0 (Linux; Android 7.0;) AppleWebKit/537.36 (KHTML, like Gecko) Mobile Safari/537.36 (compatible; PetalBot;+https://webmaster.petalsearch.com/site/petalbot)"
114.119.147.87 - - [24/Jun/2022:16:52:47 +0000] "GET /wp-content/uploads/2014/02/CH7_4053-766x509.jpg HTTP/1.1" 200 115234 "https://mrchoke.org/ch7_4053" "Mozilla/5.0 (Linux; Android 7.0;) AppleWebKit/537.36 (KHTML, like Gecko) Mobile Safari/537.36 (compatible; PetalBot;+https://webmaster.petalsearch.com/site/petalbot)"
207.46.13.174 - - [24/Jun/2022:16:53:00 +0000] "GET /feed/?attachment_id=1290 HTTP/2.0" 403 123 "-" "Mozilla/5.0 (compatible; bingbot/2.0; +http://www.bing.com/bingbot.htm)"
66.249.75.150 - - [24/Jun/2022:16:53:37 +0000] "GET /node/category/blog/feed HTTP/1.1" 302 154 "-" "Mozilla/5.0 (Linux; Android 6.0.1; Nexus 5X Build/MMB29P) AppleWebKit/537.36 (KHTML, like Gecko) Chrome/102.0.5005.115 Mobile Safari/537.36 (compatible; Googlebot/2.1; +http://www.google.com/bot.html)"
66.249.77.18 - - [24/Jun/2022:16:53:38 +0000] "GET /node/category/blog/feed HTTP/1.1" 301 178 "-" "Mozilla/5.0 (Linux; Android 6.0.1; Nexus 5X Build/MMB29P) AppleWebKit/537.36 (KHTML, like Gecko) Chrome/102.0.5005.115 Mobile Safari/537.36 (compatible; Googlebot/2.1; +http://www.google.com/bot.html)"
66.249.77.20 - - [24/Jun/2022:16:53:39 +0000] "GET /node/category/blog/feed/ HTTP/1.1" 403 196 "-" "Mozilla/5.0 (Linux; Android 6.0.1; Nexus 5X Build/MMB29P) AppleWebKit/537.36 (KHTML, like Gecko) Chrome/102.0.5005.115 Mobile Safari/537.36 (compatible; Googlebot/2.1; +http://www.google.com/bot.html)"
185.191.171.23 - - [24/Jun/2022:16:54:12 +0000] "GET /robots.txt HTTP/1.1" 404 134 "-" "Mozilla/5.0 (compatible; SemrushBot/7~bl; +http://www.semrush.com/bot.html)"
185.191.171.1 - - [24/Jun/2022:16:54:14 +0000] "GET /node/223 HTTP/1.1" 302 154 "-" "Mozilla/5.0 (compatible; SemrushBot/7~bl; +http://www.semrush.com/bot.html)"
185.191.171.15 - - [24/Jun/2022:16:54:15 +0000] "GET /node/865/ch7_3279 HTTP/1.1" 301 178 "-" "Mozilla/5.0 (compatible; SemrushBot/7~bl; +http://www.semrush.com/bot.html)"
185.191.171.17 - - [24/Jun/2022:16:54:17 +0000] "GET /node/865/ch7_3279/ HTTP/1.1" 200 7887 "-" "Mozilla/5.0 (compatible; SemrushBot/7~bl; +http://www.semrush.com/bot.html)"
185.191.171.14 - - [24/Jun/2022:16:54:20 +0000] "GET /node/223 HTTP/1.1" 301 178 "-" "Mozilla/5.0 (compatible; SemrushBot/7~bl; +http://www.semrush.com/bot.html)"
185.191.171.19 - - [24/Jun/2022:16:54:22 +0000] "GET /node/223/ HTTP/1.1" 200 8841 "-" "Mozilla/5.0 (compatible; SemrushBot/7~bl; +http://www.semrush.com/bot.html)"
114.119.147.87 - - [24/Jun/2022:16:54:27 +0000] "GET /node/17 HTTP/1.1" 301 178 "https://static.mrchoke.org/node/16" "Mozilla/5.0 (Linux; Android 7.0;) AppleWebKit/537.36 (KHTML, like Gecko) Mobile Safari/537.36 (compatible; PetalBot;+https://webmaster.petalsearch.com/site/petalbot)"
114.119.147.87 - - [24/Jun/2022:16:54:30 +0000] "GET /node/17/ HTTP/1.1" 200 9237 "https://static.mrchoke.org/node/16" "Mozilla/5.0 (Linux; Android 7.0;) AppleWebKit/537.36 (KHTML, like Gecko) Mobile Safari/537.36 (compatible; PetalBot;+https://webmaster.petalsearch.com/site/petalbot)"
87.250.224.3 - - [24/Jun/2022:16:55:53 +0000] "GET /robots.txt HTTP/1.1" 404 162 "-" "Mozilla/5.0 (compatible; YandexBot/3.0; +http://yandex.com/bots)"
87.250.224.3 - - [24/Jun/2022:16:55:56 +0000] "GET /node/tag/%E0%B8%A7%E0%B8%B1%E0%B8%94%E0%B9%84%E0%B8%9C%E0%B9%89%E0%B8%A5%E0%B9%89%E0%B8%AD%E0%B8%A1 HTTP/1.1" 302 154 "-" "Mozilla/5.0 (compatible; YandexBot/3.0; +http://yandex.com/bots)"
5.255.253.163 - - [24/Jun/2022:16:56:01 +0000] "GET /robots.txt HTTP/1.1" 404 162 "-" "Mozilla/5.0 (compatible; YandexBot/3.0; +http://yandex.com/bots)"
5.255.253.163 - - [24/Jun/2022:16:56:04 +0000] "GET /node/tag/%E0%B8%A7%E0%B8%B1%E0%B8%94%E0%B9%84%E0%B8%9C%E0%B9%89%E0%B8%A5%E0%B9%89%E0%B8%AD%E0%B8%A1 HTTP/1.1" 404 134 "-" "Mozilla/5.0 (compatible; YandexBot/3.0; +http://yandex.com/bots)"
66.249.77.16 - - [24/Jun/2022:16:56:07 +0000] "GET /node/date/2004/06/26 HTTP/1.1" 301 178 "-" "Mozilla/5.0 (Linux; Android 6.0.1; Nexus 5X Build/MMB29P) AppleWebKit/537.36 (KHTML, like Gecko) Chrome/102.0.5005.115 Mobile Safari/537.36 (compatible; Googlebot/2.1; +http://www.google.com/bot.html)"
66.249.77.20 - - [24/Jun/2022:16:56:08 +0000] "GET /node/date/2004/06/26/ HTTP/1.1" 200 8023 "-" "Mozilla/5.0 (Linux; Android 6.0.1; Nexus 5X Build/MMB29P) AppleWebKit/537.36 (KHTML, like Gecko) Chrome/102.0.5005.115 Mobile Safari/537.36 (compatible; Googlebot/2.1; +http://www.google.com/bot.html)"
207.46.13.4 - - [24/Jun/2022:16:56:58 +0000] "GET /node/45/ HTTP/2.0" 304 0 "-" "Mozilla/5.0 (compatible; bingbot/2.0; +http://www.bing.com/bingbot.htm)"
185.191.171.45 - - [24/Jun/2022:16:58:12 +0000] "GET /node/369 HTTP/1.1" 302 154 "-" "Mozilla/5.0 (compatible; SemrushBot/7~bl; +http://www.semrush.com/bot.html)"
185.191.171.26 - - [24/Jun/2022:16:58:14 +0000] "GET /node/369 HTTP/1.1" 301 178 "-" "Mozilla/5.0 (compatible; SemrushBot/7~bl; +http://www.semrush.com/bot.html)"
54.36.148.248 - - [24/Jun/2022:16:58:14 +0000] "GET /node/tag/wordpress/ HTTP/2.0" 200 10192 "-" "Mozilla/5.0 (compatible; AhrefsBot/7.0; +http://ahrefs.com/robot/)"
185.191.171.19 - - [24/Jun/2022:16:58:16 +0000] "GET /node/369/ HTTP/1.1" 200 8778 "-" "Mozilla/5.0 (compatible; SemrushBot/7~bl; +http://www.semrush.com/bot.html)"
54.36.148.95 - - [24/Jun/2022:16:58:23 +0000] "GET /wp-includes/css/dist/block-library/style.min.css?ver=5.7.1 HTTP/2.0" 200 58171 "-" "Mozilla/5.0 (compatible; AhrefsBot/7.0; +http://ahrefs.com/robot/)"
54.36.148.193 - - [24/Jun/2022:16:58:24 +0000] "GET /wp-content/uploads/2012/04/wordpress-logo-stacked-rgb-300x186.png HTTP/2.0" 200 21012 "-" "Mozilla/5.0 (compatible; AhrefsBot/7.0; +http://ahrefs.com/robot/)"
54.36.148.161 - - [24/Jun/2022:16:58:26 +0000] "GET /wp-includes/js/wp-embed.min.js?ver=5.7.1 HTTP/2.0" 200 1426 "-" "Mozilla/5.0 (compatible; AhrefsBot/7.0; +http://ahrefs.com/robot/)"
185.7.214.104 - - [24/Jun/2022:16:59:18 +0000] "GET /solr/admin/info/system?wt=json HTTP/1.1" 404 197 "-" "Mozilla/5.0 (Windows NT 10.0; Win64; x64) AppleWebKit/537.36 (KHTML, like Gecko) Chrome/78.0.3904.108 Safari/537.36"
114.119.147.74 - - [24/Jun/2022:17:03:09 +0000] "GET /node/date/2009/06/05 HTTP/1.1" 301 178 "https://mrchoke.org/node/230?share=facebook" "Mozilla/5.0 (Linux; Android 7.0;) AppleWebKit/537.36 (KHTML, like Gecko) Mobile Safari/537.36 (compatible; PetalBot;+https://webmaster.petalsearch.com/site/petalbot)"
114.119.147.74 - - [24/Jun/2022:17:03:09 +0000] "GET /node/date/2009/06/05/ HTTP/1.1" 200 8794 "https://mrchoke.org/node/230?share=facebook" "Mozilla/5.0 (Linux; Android 7.0;) AppleWebKit/537.36 (KHTML, like Gecko) Mobile Safari/537.36 (compatible; PetalBot;+https://webmaster.petalsearch.com/site/petalbot)"
185.191.171.44 - - [24/Jun/2022:17:04:39 +0000] "GET /node/219 HTTP/1.1" 301 178 "-" "Mozilla/5.0 (compatible; SemrushBot/7~bl; +http://www.semrush.com/bot.html)"
185.191.171.40 - - [24/Jun/2022:17:04:41 +0000] "GET /node/219/ HTTP/1.1" 200 8390 "-" "Mozilla/5.0 (compatible; SemrushBot/7~bl; +http://www.semrush.com/bot.html)"
66.249.75.152 - - [24/Jun/2022:17:06:26 +0000] "GET /node/category/blog/feed HTTP/1.1" 302 154 "-" "Mozilla/5.0 (compatible; Googlebot/2.1; +http://www.google.com/bot.html)"
66.249.77.20 - - [24/Jun/2022:17:06:27 +0000] "GET /node/category/blog/feed HTTP/1.1" 301 178 "-" "Mozilla/5.0 (compatible; Googlebot/2.1; +http://www.google.com/bot.html)"
66.249.77.20 - - [24/Jun/2022:17:06:28 +0000] "GET /node/category/blog/feed/ HTTP/1.1" 403 134 "-" "Mozilla/5.0 (compatible; Googlebot/2.1; +http://www.google.com/bot.html)"
31.44.185.235 - - [24/Jun/2022:17:08:27 +0000] "GET /../../../mnt/mtd/Config/Account1 HTTP/1.1" 400 166 "-" "-"
114.119.145.205 - - [24/Jun/2022:17:12:39 +0000] "GET /robots.txt HTTP/1.1" 404 134 "-" "Mozilla/5.0 (compatible;PetalBot;+https://webmaster.petalsearch.com/site/petalbot)"
195.154.167.126 - - [24/Jun/2022:17:12:54 +0000] "POST /wp-plain.php HTTP/1.1" 404 197 "www.google.com" "Mozlila/5.0 (Linux; Android 7.0; SM-G892A Bulid/NRD90M; wv) AppleWebKit/537.36 (KHTML, like Gecko) Version/4.0 Chrome/60.0.3112.107 Moblie Safari/537.36"
195.154.167.126 - - [24/Jun/2022:17:13:03 +0000] "GET /69ecC.php?adriv=vz HTTP/1.1" 404 197 "www.google.com" "Mozlila/5.0 (Linux; Android 7.0; SM-G892A Bulid/NRD90M; wv) AppleWebKit/537.36 (KHTML, like Gecko) Version/4.0 Chrome/60.0.3112.107 Moblie Safari/537.36"
195.154.167.126 - - [24/Jun/2022:17:13:19 +0000] "POST /wp-plain.php HTTP/1.1" 404 197 "www.google.com" "Mozlila/5.0 (Linux; Android 7.0; SM-G892A Bulid/NRD90M; wv) AppleWebKit/537.36 (KHTML, like Gecko) Version/4.0 Chrome/60.0.3112.107 Moblie Safari/537.36"
195.154.167.126 - - [24/Jun/2022:17:13:30 +0000] "GET /69ecC.php?adriv=vz HTTP/1.1" 404 197 "www.google.com" "Mozlila/5.0 (Linux; Android 7.0; SM-G892A Bulid/NRD90M; wv) AppleWebKit/537.36 (KHTML, like Gecko) Version/4.0 Chrome/60.0.3112.107 Moblie Safari/537.36"
114.119.147.74 - - [24/Jun/2022:17:14:27 +0000] "GET /node/146?share=twitter HTTP/1.1" 302 154 "https://mrchoke.org/node/146?ak_action=accept_mobile" "Mozilla/5.0 (Linux; Android 7.0;) AppleWebKit/537.36 (KHTML, like Gecko) Mobile Safari/537.36 (compatible; PetalBot;+https://webmaster.petalsearch.com/site/petalbot)"
114.119.147.74 - - [24/Jun/2022:17:14:29 +0000] "GET /node/146?share=twitter HTTP/1.1" 301 178 "https://mrchoke.org/node/146?ak_action=accept_mobile" "Mozilla/5.0 (Linux; Android 7.0;) AppleWebKit/537.36 (KHTML, like Gecko) Mobile Safari/537.36 (compatible; PetalBot;+https://webmaster.petalsearch.com/site/petalbot)"
114.119.147.74 - - [24/Jun/2022:17:14:32 +0000] "GET /node/146/?share=twitter HTTP/1.1" 200 9200 "https://mrchoke.org/node/146?ak_action=accept_mobile" "Mozilla/5.0 (Linux; Android 7.0;) AppleWebKit/537.36 (KHTML, like Gecko) Mobile Safari/537.36 (compatible; PetalBot;+https://webmaster.petalsearch.com/site/petalbot)"
114.119.147.81 - - [24/Jun/2022:17:16:14 +0000] "GET /node/302?ak_action=accept_mobile HTTP/1.1" 302 154 "https://mrchoke.org/node/302?ak_action=reject_mobile" "Mozilla/5.0 (Linux; Android 7.0;) AppleWebKit/537.36 (KHTML, like Gecko) Mobile Safari/537.36 (compatible; PetalBot;+https://webmaster.petalsearch.com/site/petalbot)"
114.119.147.81 - - [24/Jun/2022:17:16:15 +0000] "GET /node/302?ak_action=accept_mobile HTTP/1.1" 301 178 "https://mrchoke.org/node/302?ak_action=reject_mobile" "Mozilla/5.0 (Linux; Android 7.0;) AppleWebKit/537.36 (KHTML, like Gecko) Mobile Safari/537.36 (compatible; PetalBot;+https://webmaster.petalsearch.com/site/petalbot)"
114.119.147.81 - - [24/Jun/2022:17:16:15 +0000] "GET /node/302/?ak_action=accept_mobile HTTP/1.1" 200 8890 "https://mrchoke.org/node/302?ak_action=reject_mobile" "Mozilla/5.0 (Linux; Android 7.0;) AppleWebKit/537.36 (KHTML, like Gecko) Mobile Safari/537.36 (compatible; PetalBot;+https://webmaster.petalsearch.com/site/petalbot)"
114.119.147.73 - - [24/Jun/2022:17:18:08 +0000] "GET /node/939/img_6414?ak_action=reject_mobile HTTP/1.1" 302 154 "https://mrchoke.org/node/939/img_6414?ak_action=accept_mobile" "Mozilla/5.0 (Linux; Android 7.0;) AppleWebKit/537.36 (KHTML, like Gecko) Mobile Safari/537.36 (compatible; PetalBot;+https://webmaster.petalsearch.com/site/petalbot)"
114.119.147.73 - - [24/Jun/2022:17:18:08 +0000] "GET /node/939/img_6414?ak_action=reject_mobile HTTP/1.1" 301 178 "https://mrchoke.org/node/939/img_6414?ak_action=accept_mobile" "Mozilla/5.0 (Linux; Android 7.0;) AppleWebKit/537.36 (KHTML, like Gecko) Mobile Safari/537.36 (compatible; PetalBot;+https://webmaster.petalsearch.com/site/petalbot)"
114.119.147.73 - - [24/Jun/2022:17:18:08 +0000] "GET /node/939/img_6414/?ak_action=reject_mobile HTTP/1.1" 200 7885 "https://mrchoke.org/node/939/img_6414?ak_action=accept_mobile" "Mozilla/5.0 (Linux; Android 7.0;) AppleWebKit/537.36 (KHTML, like Gecko) Mobile Safari/537.36 (compatible; PetalBot;+https://webmaster.petalsearch.com/site/petalbot)"
66.249.75.150 - - [24/Jun/2022:17:19:16 +0000] "GET /node/tag/geoname/feed HTTP/1.1" 302 154 "-" "Mozilla/5.0 (Linux; Android 6.0.1; Nexus 5X Build/MMB29P) AppleWebKit/537.36 (KHTML, like Gecko) Chrome/102.0.5005.115 Mobile Safari/537.36 (compatible; Googlebot/2.1; +http://www.google.com/bot.html)"
66.249.77.20 - - [24/Jun/2022:17:19:17 +0000] "GET /node/tag/geoname/feed HTTP/1.1" 301 178 "-" "Mozilla/5.0 (Linux; Android 6.0.1; Nexus 5X Build/MMB29P) AppleWebKit/537.36 (KHTML, like Gecko) Chrome/102.0.5005.115 Mobile Safari/537.36 (compatible; Googlebot/2.1; +http://www.google.com/bot.html)"
66.249.77.18 - - [24/Jun/2022:17:19:18 +0000] "GET /node/tag/geoname/feed/ HTTP/1.1" 403 196 "-" "Mozilla/5.0 (Linux; Android 6.0.1; Nexus 5X Build/MMB29P) AppleWebKit/537.36 (KHTML, like Gecko) Chrome/102.0.5005.115 Mobile Safari/537.36 (compatible; Googlebot/2.1; +http://www.google.com/bot.html)"
40.77.167.46 - - [24/Jun/2022:17:20:04 +0000] "GET /node/392/ HTTP/2.0" 304 0 "-" "Mozilla/5.0 (compatible; bingbot/2.0; +http://www.bing.com/bingbot.htm)"
114.119.147.74 - - [24/Jun/2022:17:20:19 +0000] "GET /node/category/gaim?ak_action=reject_mobile HTTP/1.1" 302 154 "https://mrchoke.org/node/category/gaim/page/2?ak_action=reject_mobile" "Mozilla/5.0 (Linux; Android 7.0;) AppleWebKit/537.36 (KHTML, like Gecko) Mobile Safari/537.36 (compatible; PetalBot;+https://webmaster.petalsearch.com/site/petalbot)"
114.119.147.74 - - [24/Jun/2022:17:20:26 +0000] "GET /node/category/gaim?ak_action=reject_mobile HTTP/1.1" 301 178 "https://mrchoke.org/node/category/gaim/page/2?ak_action=reject_mobile" "Mozilla/5.0 (Linux; Android 7.0;) AppleWebKit/537.36 (KHTML, like Gecko) Mobile Safari/537.36 (compatible; PetalBot;+https://webmaster.petalsearch.com/site/petalbot)"
114.119.147.74 - - [24/Jun/2022:17:20:33 +0000] "GET /node/category/gaim/?ak_action=reject_mobile HTTP/1.1" 200 13320 "https://mrchoke.org/node/category/gaim/page/2?ak_action=reject_mobile" "Mozilla/5.0 (Linux; Android 7.0;) AppleWebKit/537.36 (KHTML, like Gecko) Mobile Safari/537.36 (compatible; PetalBot;+https://webmaster.petalsearch.com/site/petalbot)"
45.61.187.215 - - [24/Jun/2022:17:20:40 +0000] "GET /config/getuser?index=0 HTTP/1.1" 404 134 "-" "Mozilla/5.0 (X11; Ubuntu; Linux x86_64; rv:76.0) Gecko/20100101 Firefox/76.0"
114.119.147.81 - - [24/Jun/2022:17:22:11 +0000] "GET /node/790/img_6146?share=linkedin HTTP/1.1" 302 154 "https://mrchoke.org/node/790/img_6146?ak_action=accept_mobile" "Mozilla/5.0 (Linux; Android 7.0;) AppleWebKit/537.36 (KHTML, like Gecko) Mobile Safari/537.36 (compatible; PetalBot;+https://webmaster.petalsearch.com/site/petalbot)"
114.119.147.81 - - [24/Jun/2022:17:22:12 +0000] "GET /node/790/img_6146?share=linkedin HTTP/1.1" 301 178 "https://mrchoke.org/node/790/img_6146?ak_action=accept_mobile" "Mozilla/5.0 (Linux; Android 7.0;) AppleWebKit/537.36 (KHTML, like Gecko) Mobile Safari/537.36 (compatible; PetalBot;+https://webmaster.petalsearch.com/site/petalbot)"
114.119.147.81 - - [24/Jun/2022:17:22:12 +0000] "GET /node/790/img_6146/?share=linkedin HTTP/1.1" 200 7943 "https://mrchoke.org/node/790/img_6146?ak_action=accept_mobile" "Mozilla/5.0 (Linux; Android 7.0;) AppleWebKit/537.36 (KHTML, like Gecko) Mobile Safari/537.36 (compatible; PetalBot;+https://webmaster.petalsearch.com/site/petalbot)"
114.119.147.74 - - [24/Jun/2022:17:24:01 +0000] "GET /node/15 HTTP/1.1" 301 178 "https://mrchoke.org/node/14?share=linkedin" "Mozilla/5.0 (Linux; Android 7.0;) AppleWebKit/537.36 (KHTML, like Gecko) Mobile Safari/537.36 (compatible; PetalBot;+https://webmaster.petalsearch.com/site/petalbot)"
114.119.147.74 - - [24/Jun/2022:17:24:01 +0000] "GET /node/15/ HTTP/1.1" 200 9333 "https://mrchoke.org/node/14?share=linkedin" "Mozilla/5.0 (Linux; Android 7.0;) AppleWebKit/537.36 (KHTML, like Gecko) Mobile Safari/537.36 (compatible; PetalBot;+https://webmaster.petalsearch.com/site/petalbot)"
54.36.148.140 - - [24/Jun/2022:17:24:02 +0000] "GET /robots.txt HTTP/2.0" 404 123 "-" "Mozilla/5.0 (compatible; AhrefsBot/7.0; +http://ahrefs.com/robot/)"
54.36.149.80 - - [24/Jun/2022:17:24:04 +0000] "GET /node/406/ HTTP/2.0" 200 8922 "-" "Mozilla/5.0 (compatible; AhrefsBot/7.0; +http://ahrefs.com/robot/)"
185.191.171.11 - - [24/Jun/2022:17:28:54 +0000] "GET /node/865/ch7_3241 HTTP/1.1" 301 178 "-" "Mozilla/5.0 (compatible; SemrushBot/7~bl; +http://www.semrush.com/bot.html)"
185.191.171.1 - - [24/Jun/2022:17:28:58 +0000] "GET /node/865/ch7_3241/ HTTP/1.1" 200 7891 "-" "Mozilla/5.0 (compatible; SemrushBot/7~bl; +http://www.semrush.com/bot.html)"
114.119.147.86 - - [24/Jun/2022:17:29:20 +0000] "GET /node/195?share=linkedin HTTP/1.1" 302 154 "https://mrchoke.org/node/195?ak_action=reject_mobile" "Mozilla/5.0 (Linux; Android 7.0;) AppleWebKit/537.36 (KHTML, like Gecko) Mobile Safari/537.36 (compatible; PetalBot;+https://webmaster.petalsearch.com/site/petalbot)"
114.119.147.86 - - [24/Jun/2022:17:29:22 +0000] "GET /node/195?share=linkedin HTTP/1.1" 301 178 "https://mrchoke.org/node/195?ak_action=reject_mobile" "Mozilla/5.0 (Linux; Android 7.0;) AppleWebKit/537.36 (KHTML, like Gecko) Mobile Safari/537.36 (compatible; PetalBot;+https://webmaster.petalsearch.com/site/petalbot)"
114.119.147.86 - - [24/Jun/2022:17:29:23 +0000] "GET /node/195/?share=linkedin HTTP/1.1" 200 8385 "https://mrchoke.org/node/195?ak_action=reject_mobile" "Mozilla/5.0 (Linux; Android 7.0;) AppleWebKit/537.36 (KHTML, like Gecko) Mobile Safari/537.36 (compatible; PetalBot;+https://webmaster.petalsearch.com/site/petalbot)"
185.191.171.25 - - [24/Jun/2022:17:29:57 +0000] "GET /node/790/img_6126 HTTP/1.1" 301 178 "-" "Mozilla/5.0 (compatible; SemrushBot/7~bl; +http://www.semrush.com/bot.html)"
185.191.171.3 - - [24/Jun/2022:17:30:00 +0000] "GET /node/790/img_6126/ HTTP/1.1" 200 7900 "-" "Mozilla/5.0 (compatible; SemrushBot/7~bl; +http://www.semrush.com/bot.html)"
114.119.147.86 - - [24/Jun/2022:17:31:25 +0000] "GET /node/493 HTTP/1.1" 302 154 "https://mrchoke.org/node/438?share=twitter" "Mozilla/5.0 (Linux; Android 7.0;) AppleWebKit/537.36 (KHTML, like Gecko) Mobile Safari/537.36 (compatible; PetalBot;+https://webmaster.petalsearch.com/site/petalbot)"
114.119.147.86 - - [24/Jun/2022:17:31:28 +0000] "GET /node/493 HTTP/1.1" 301 178 "https://mrchoke.org/node/438?share=twitter" "Mozilla/5.0 (Linux; Android 7.0;) AppleWebKit/537.36 (KHTML, like Gecko) Mobile Safari/537.36 (compatible; PetalBot;+https://webmaster.petalsearch.com/site/petalbot)"
114.119.147.86 - - [24/Jun/2022:17:31:30 +0000] "GET /node/493/ HTTP/1.1" 200 8821 "https://mrchoke.org/node/438?share=twitter" "Mozilla/5.0 (Linux; Android 7.0;) AppleWebKit/537.36 (KHTML, like Gecko) Mobile Safari/537.36 (compatible; PetalBot;+https://webmaster.petalsearch.com/site/petalbot)"
216.244.66.229 - - [24/Jun/2022:17:32:25 +0000] "GET /robots.txt HTTP/1.1" 404 162 "-" "Mozilla/5.0 (compatible; DotBot/1.2; +https://opensiteexplorer.org/dotbot; help@moz.com)"
216.244.66.229 - - [24/Jun/2022:17:32:25 +0000] "GET /robots.txt HTTP/1.1" 404 162 "-" "Mozilla/5.0 (compatible; DotBot/1.2; +https://opensiteexplorer.org/dotbot; help@moz.com)"
139.162.207.84 - - [24/Jun/2022:17:33:15 +0000] "GET / HTTP/1.1" 200 396 "-" "Mozilla/5.0 (Windows NT 10.0; Win64; x64) AppleWebKit/537.36 (KHTML, like Gecko) Chrome/60.0.3112.113 Safari/537.36"
216.244.66.229 - - [24/Jun/2022:17:36:04 +0000] "GET /node/504/feed HTTP/1.1" 404 162 "-" "Mozilla/5.0 (compatible; DotBot/1.2; +https://opensiteexplorer.org/dotbot; help@moz.com)"
216.244.66.229 - - [24/Jun/2022:17:36:18 +0000] "GET /img_7506/ HTTP/1.1" 404 162 "-" "Mozilla/5.0 (compatible; DotBot/1.2; +https://opensiteexplorer.org/dotbot; help@moz.com)"
216.244.66.229 - - [24/Jun/2022:17:36:21 +0000] "GET /node/349 HTTP/1.1" 404 162 "-" "Mozilla/5.0 (compatible; DotBot/1.2; +https://opensiteexplorer.org/dotbot; help@moz.com)"
216.244.66.229 - - [24/Jun/2022:17:38:07 +0000] "GET /node/1101/feed HTTP/1.1" 404 162 "-" "Mozilla/5.0 (compatible; DotBot/1.2; +https://opensiteexplorer.org/dotbot; help@moz.com)"
216.244.66.229 - - [24/Jun/2022:17:38:10 +0000] "GET /node/1583/feed HTTP/1.1" 404 162 "-" "Mozilla/5.0 (compatible; DotBot/1.2; +https://opensiteexplorer.org/dotbot; help@moz.com)"
216.244.66.229 - - [24/Jun/2022:17:38:12 +0000] "GET /node/203/feed HTTP/1.1" 404 162 "-" "Mozilla/5.0 (compatible; DotBot/1.2; +https://opensiteexplorer.org/dotbot; help@moz.com)"
216.244.66.229 - - [24/Jun/2022:17:38:15 +0000] "GET /node/310/feed HTTP/1.1" 404 162 "-" "Mozilla/5.0 (compatible; DotBot/1.2; +https://opensiteexplorer.org/dotbot; help@moz.com)"
216.244.66.229 - - [24/Jun/2022:17:38:17 +0000] "GET /node/41/feed HTTP/1.1" 404 162 "-" "Mozilla/5.0 (compatible; DotBot/1.2; +https://opensiteexplorer.org/dotbot; help@moz.com)"
178.79.169.253 - - [24/Jun/2022:17:38:30 +0000] "GET / HTTP/1.1" 200 396 "-" "Mozilla/5.0 (Windows NT 6.1; WOW64; rv:8.0) Gecko/20100101 Firefox/8.0"
139.162.211.31 - - [24/Jun/2022:17:39:34 +0000] "GET / HTTP/1.1" 301 178 "-" "Mozilla/5.0 (Windows NT 6.1; WOW64; rv:8.0) Gecko/20100101 Firefox/8.0"
139.162.211.31 - - [24/Jun/2022:17:39:34 +0000] "GET / HTTP/1.1" 200 920 "-" "Mozilla/5.0 (Windows NT 6.1; WOW64; rv:8.0) Gecko/20100101 Firefox/8.0"
114.119.147.87 - - [24/Jun/2022:17:39:51 +0000] "GET /img_7515?share=reddit HTTP/1.1" 404 134 "https://mrchoke.org/img_7515?ak_action=accept_mobile" "Mozilla/5.0 (Linux; Android 7.0;) AppleWebKit/537.36 (KHTML, like Gecko) Mobile Safari/537.36 (compatible; PetalBot;+https://webmaster.petalsearch.com/site/petalbot)"
207.46.13.149 - - [24/Jun/2022:17:41:17 +0000] "GET /feed/?attachment_id=1784 HTTP/2.0" 403 123 "-" "Mozilla/5.0 (compatible; bingbot/2.0; +http://www.bing.com/bingbot.htm)"
185.191.171.24 - - [24/Jun/2022:17:42:35 +0000] "GET /node/category/hobbies HTTP/1.1" 301 178 "-" "Mozilla/5.0 (compatible; SemrushBot/7~bl; +http://www.semrush.com/bot.html)"
185.191.171.14 - - [24/Jun/2022:17:42:37 +0000] "GET /node/category/hobbies/ HTTP/1.1" 200 8486 "-" "Mozilla/5.0 (compatible; SemrushBot/7~bl; +http://www.semrush.com/bot.html)"
40.77.167.43 - - [24/Jun/2022:17:42:58 +0000] "GET /node/234/feed HTTP/2.0" 301 178 "-" "Mozilla/5.0 (compatible; bingbot/2.0; +http://www.bing.com/bingbot.htm)"
40.77.167.43 - - [24/Jun/2022:17:43:09 +0000] "GET /node/234/feed/ HTTP/2.0" 403 123 "-" "Mozilla/5.0 (compatible; bingbot/2.0; +http://www.bing.com/bingbot.htm)"
114.119.147.81 - - [24/Jun/2022:17:43:21 +0000] "GET /node/362 HTTP/1.1" 302 154 "https://mrchoke.org/node/362?share=twitter" "Mozilla/5.0 (Linux; Android 7.0;) AppleWebKit/537.36 (KHTML, like Gecko) Mobile Safari/537.36 (compatible; PetalBot;+https://webmaster.petalsearch.com/site/petalbot)"
114.119.147.81 - - [24/Jun/2022:17:43:33 +0000] "GET /node/362 HTTP/1.1" 301 178 "https://mrchoke.org/node/362?share=twitter" "Mozilla/5.0 (Linux; Android 7.0;) AppleWebKit/537.36 (KHTML, like Gecko) Mobile Safari/537.36 (compatible; PetalBot;+https://webmaster.petalsearch.com/site/petalbot)"
114.119.147.81 - - [24/Jun/2022:17:43:36 +0000] "GET /node/362/ HTTP/1.1" 200 12969 "https://mrchoke.org/node/362?share=twitter" "Mozilla/5.0 (Linux; Android 7.0;) AppleWebKit/537.36 (KHTML, like Gecko) Mobile Safari/537.36 (compatible; PetalBot;+https://webmaster.petalsearch.com/site/petalbot)"
216.244.66.229 - - [24/Jun/2022:17:46:09 +0000] "GET /ch7_3529/ HTTP/1.1" 404 162 "-" "Mozilla/5.0 (compatible; DotBot/1.2; +https://opensiteexplorer.org/dotbot; help@moz.com)"
216.244.66.229 - - [24/Jun/2022:17:46:10 +0000] "GET /ch7_3987/ HTTP/1.1" 404 162 "-" "Mozilla/5.0 (compatible; DotBot/1.2; +https://opensiteexplorer.org/dotbot; help@moz.com)"
216.244.66.229 - - [24/Jun/2022:17:46:12 +0000] "GET /ch7_4205/ HTTP/1.1" 404 162 "-" "Mozilla/5.0 (compatible; DotBot/1.2; +https://opensiteexplorer.org/dotbot; help@moz.com)"
207.46.13.174 - - [24/Jun/2022:17:48:25 +0000] "GET /feed/?attachment_id=1179 HTTP/2.0" 403 123 "-" "Mozilla/5.0 (compatible; bingbot/2.0; +http://www.bing.com/bingbot.htm)"
54.36.149.61 - - [24/Jun/2022:17:49:18 +0000] "GET /node/1908/screenshot-2016-04-22-11-51-25/ HTTP/2.0" 200 7916 "-" "Mozilla/5.0 (compatible; AhrefsBot/7.0; +http://ahrefs.com/robot/)"
66.249.77.18 - - [24/Jun/2022:17:49:42 +0000] "GET /node/66 HTTP/1.1" 301 178 "-" "Mozilla/5.0 (compatible; Googlebot/2.1; +http://www.google.com/bot.html)"
66.249.77.16 - - [24/Jun/2022:17:49:43 +0000] "GET /node/66/ HTTP/1.1" 200 8986 "-" "Mozilla/5.0 (compatible; Googlebot/2.1; +http://www.google.com/bot.html)"
185.21.216.169 - - [24/Jun/2022:17:53:23 +0000] "GET / HTTP/1.1" 200 396 "-" "Mozilla/5.0 (Macintosh; Intel Mac OS X 10_15_7) AppleWebKit/537.36 (KHTML, like Gecko) Chrome/102.0.0.0 Safari/537.36"
185.191.171.40 - - [24/Jun/2022:17:54:40 +0000] "GET /robots.txt HTTP/1.1" 404 134 "-" "Mozilla/5.0 (compatible; SemrushBot/7~bl; +http://www.semrush.com/bot.html)"
185.191.171.43 - - [24/Jun/2022:17:54:41 +0000] "GET /node/date/2004/07/28 HTTP/1.1" 301 178 "-" "Mozilla/5.0 (compatible; SemrushBot/7~bl; +http://www.semrush.com/bot.html)"
185.191.171.7 - - [24/Jun/2022:17:54:44 +0000] "GET /node/date/2004/07/28/ HTTP/1.1" 200 8387 "-" "Mozilla/5.0 (compatible; SemrushBot/7~bl; +http://www.semrush.com/bot.html)"
52.73.21.83 - - [24/Jun/2022:17:58:29 +0000] "GET /wp-login.php HTTP/1.1" 404 134 "-" "Mozilla/5.0 (Windows NT 10.0; Win64; x64; rv:96.0) Gecko/20100101 Firefox/96"
185.7.214.104 - - [24/Jun/2022:18:01:45 +0000] "GET /index.php?s=/Index/\x5Cthink\x5Capp/invokefunction&function=call_user_func_array&vars[0]=md5&vars[1][]=HelloThinkPHP21 HTTP/1.1" 404 197 "-" "Mozilla/5.0 (Windows NT 10.0; Win64; x64) AppleWebKit/537.36 (KHTML, like Gecko) Chrome/78.0.3904.108 Safari/537.36"
114.119.147.87 - - [24/Jun/2022:18:03:40 +0000] "GET /node/422?share=reddit HTTP/1.1" 302 154 "https://mrchoke.org/node/422?ak_action=accept_mobile" "Mozilla/5.0 (Linux; Android 7.0;) AppleWebKit/537.36 (KHTML, like Gecko) Mobile Safari/537.36 (compatible; PetalBot;+https://webmaster.petalsearch.com/site/petalbot)"
114.119.147.87 - - [24/Jun/2022:18:03:40 +0000] "GET /node/422?share=reddit HTTP/1.1" 301 178 "https://mrchoke.org/node/422?ak_action=accept_mobile" "Mozilla/5.0 (Linux; Android 7.0;) AppleWebKit/537.36 (KHTML, like Gecko) Mobile Safari/537.36 (compatible; PetalBot;+https://webmaster.petalsearch.com/site/petalbot)"
114.119.147.87 - - [24/Jun/2022:18:03:42 +0000] "GET /node/422/?share=reddit HTTP/1.1" 200 8954 "https://mrchoke.org/node/422?ak_action=accept_mobile" "Mozilla/5.0 (Linux; Android 7.0;) AppleWebKit/537.36 (KHTML, like Gecko) Mobile Safari/537.36 (compatible; PetalBot;+https://webmaster.petalsearch.com/site/petalbot)"
221.2.163.231 - - [24/Jun/2022:18:04:14 +0000] "GET / HTTP/1.1" 200 396 "-" "Mozilla/5.0"
89.248.165.52 - - [24/Jun/2022:18:05:21 +0000] "\x04\x01\x00\x19h/;\xA1\x00" 400 166 "-" "-"
89.248.165.52 - - [24/Jun/2022:18:05:22 +0000] "\x05\x01\x00" 400 166 "-" "-"
89.248.165.52 - - [24/Jun/2022:18:05:22 +0000] "CONNECT hotmail-com.olc.protection.outlook.com:25 HTTP/1.1" 400 166 "-" "-"
114.119.147.97 - - [24/Jun/2022:18:10:20 +0000] "GET /node/1015?share=twitter HTTP/1.1" 302 154 "https://mrchoke.org/node/1015?replytocom=693&ak_action=accept_mobile" "Mozilla/5.0 (Linux; Android 7.0;) AppleWebKit/537.36 (KHTML, like Gecko) Mobile Safari/537.36 (compatible; PetalBot;+https://webmaster.petalsearch.com/site/petalbot)"
114.119.147.97 - - [24/Jun/2022:18:10:22 +0000] "GET /node/1015?share=twitter HTTP/1.1" 301 178 "https://mrchoke.org/node/1015?replytocom=693&ak_action=accept_mobile" "Mozilla/5.0 (Linux; Android 7.0;) AppleWebKit/537.36 (KHTML, like Gecko) Mobile Safari/537.36 (compatible; PetalBot;+https://webmaster.petalsearch.com/site/petalbot)"
114.119.147.97 - - [24/Jun/2022:18:10:26 +0000] "GET /node/1015/?share=twitter HTTP/1.1" 200 11624 "https://mrchoke.org/node/1015?replytocom=693&ak_action=accept_mobile" "Mozilla/5.0 (Linux; Android 7.0;) AppleWebKit/537.36 (KHTML, like Gecko) Mobile Safari/537.36 (compatible; PetalBot;+https://webmaster.petalsearch.com/site/petalbot)"
114.119.147.87 - - [24/Jun/2022:18:12:16 +0000] "GET /node/tag/dreamhost HTTP/1.1" 301 178 "https://mrchoke.org/node/273?ak_action=accept_mobile" "Mozilla/5.0 (Linux; Android 7.0;) AppleWebKit/537.36 (KHTML, like Gecko) Mobile Safari/537.36 (compatible; PetalBot;+https://webmaster.petalsearch.com/site/petalbot)"
114.119.147.87 - - [24/Jun/2022:18:12:18 +0000] "GET /node/tag/dreamhost/ HTTP/1.1" 200 9128 "https://mrchoke.org/node/273?ak_action=accept_mobile" "Mozilla/5.0 (Linux; Android 7.0;) AppleWebKit/537.36 (KHTML, like Gecko) Mobile Safari/537.36 (compatible; PetalBot;+https://webmaster.petalsearch.com/site/petalbot)"
185.191.171.40 - - [24/Jun/2022:18:13:59 +0000] "GET /node/category/nvidia HTTP/1.1" 301 178 "-" "Mozilla/5.0 (compatible; SemrushBot/7~bl; +http://www.semrush.com/bot.html)"
185.191.171.15 - - [24/Jun/2022:18:14:03 +0000] "GET /node/category/nvidia/ HTTP/1.1" 200 12591 "-" "Mozilla/5.0 (compatible; SemrushBot/7~bl; +http://www.semrush.com/bot.html)"
114.119.147.75 - - [24/Jun/2022:18:14:40 +0000] "GET /node/1607/img_7582?share=linkedin HTTP/1.1" 302 154 "https://mrchoke.org/node/1607/img_7582" "Mozilla/5.0 (Linux; Android 7.0;) AppleWebKit/537.36 (KHTML, like Gecko) Mobile Safari/537.36 (compatible; PetalBot;+https://webmaster.petalsearch.com/site/petalbot)"
114.119.147.75 - - [24/Jun/2022:18:14:42 +0000] "GET /node/1607/img_7582?share=linkedin HTTP/1.1" 301 178 "https://mrchoke.org/node/1607/img_7582" "Mozilla/5.0 (Linux; Android 7.0;) AppleWebKit/537.36 (KHTML, like Gecko) Mobile Safari/537.36 (compatible; PetalBot;+https://webmaster.petalsearch.com/site/petalbot)"
114.119.147.75 - - [24/Jun/2022:18:14:43 +0000] "GET /node/1607/img_7582/?share=linkedin HTTP/1.1" 200 7906 "https://mrchoke.org/node/1607/img_7582" "Mozilla/5.0 (Linux; Android 7.0;) AppleWebKit/537.36 (KHTML, like Gecko) Mobile Safari/537.36 (compatible; PetalBot;+https://webmaster.petalsearch.com/site/petalbot)"
185.191.171.4 - - [24/Jun/2022:18:15:58 +0000] "GET /node/date/2014/01 HTTP/1.1" 301 178 "-" "Mozilla/5.0 (compatible; SemrushBot/7~bl; +http://www.semrush.com/bot.html)"
185.191.171.2 - - [24/Jun/2022:18:16:01 +0000] "GET /node/date/2014/01/ HTTP/1.1" 200 16563 "-" "Mozilla/5.0 (compatible; SemrushBot/7~bl; +http://www.semrush.com/bot.html)"
185.191.171.1 - - [24/Jun/2022:18:17:17 +0000] "GET /node/date/2005/07/17 HTTP/1.1" 301 178 "-" "Mozilla/5.0 (compatible; SemrushBot/7~bl; +http://www.semrush.com/bot.html)"
185.191.171.35 - - [24/Jun/2022:18:17:19 +0000] "GET /node/date/2005/07/17/ HTTP/1.1" 200 12023 "-" "Mozilla/5.0 (compatible; SemrushBot/7~bl; +http://www.semrush.com/bot.html)"
54.36.148.28 - - [24/Jun/2022:18:19:05 +0000] "GET /node/30 HTTP/2.0" 301 178 "-" "Mozilla/5.0 (compatible; AhrefsBot/7.0; +http://ahrefs.com/robot/)"
114.119.147.81 - - [24/Jun/2022:18:20:42 +0000] "GET /node/939/img_6435 HTTP/1.1" 302 154 "https://mrchoke.org/node/939/img_6448" "Mozilla/5.0 (Linux; Android 7.0;) AppleWebKit/537.36 (KHTML, like Gecko) Mobile Safari/537.36 (compatible; PetalBot;+https://webmaster.petalsearch.com/site/petalbot)"
114.119.147.81 - - [24/Jun/2022:18:20:47 +0000] "GET /node/939/img_6435 HTTP/1.1" 301 178 "https://mrchoke.org/node/939/img_6448" "Mozilla/5.0 (Linux; Android 7.0;) AppleWebKit/537.36 (KHTML, like Gecko) Mobile Safari/537.36 (compatible; PetalBot;+https://webmaster.petalsearch.com/site/petalbot)"
114.119.147.81 - - [24/Jun/2022:18:20:51 +0000] "GET /node/939/img_6435/ HTTP/1.1" 200 7883 "https://mrchoke.org/node/939/img_6448" "Mozilla/5.0 (Linux; Android 7.0;) AppleWebKit/537.36 (KHTML, like Gecko) Mobile Safari/537.36 (compatible; PetalBot;+https://webmaster.petalsearch.com/site/petalbot)"
114.119.147.86 - - [24/Jun/2022:18:22:30 +0000] "GET /node/category/opensource?ak_action=accept_mobile HTTP/1.1" 302 154 "https://mrchoke.org/node/category/opensource?ak_action=reject_mobile" "Mozilla/5.0 (Linux; Android 7.0;) AppleWebKit/537.36 (KHTML, like Gecko) Mobile Safari/537.36 (compatible; PetalBot;+https://webmaster.petalsearch.com/site/petalbot)"
114.119.147.86 - - [24/Jun/2022:18:22:32 +0000] "GET /node/category/opensource?ak_action=accept_mobile HTTP/1.1" 301 178 "https://mrchoke.org/node/category/opensource?ak_action=reject_mobile" "Mozilla/5.0 (Linux; Android 7.0;) AppleWebKit/537.36 (KHTML, like Gecko) Mobile Safari/537.36 (compatible; PetalBot;+https://webmaster.petalsearch.com/site/petalbot)"
114.119.147.86 - - [24/Jun/2022:18:22:34 +0000] "GET /node/category/opensource/?ak_action=accept_mobile HTTP/1.1" 200 10753 "https://mrchoke.org/node/category/opensource?ak_action=reject_mobile" "Mozilla/5.0 (Linux; Android 7.0;) AppleWebKit/537.36 (KHTML, like Gecko) Mobile Safari/537.36 (compatible; PetalBot;+https://webmaster.petalsearch.com/site/petalbot)"
216.244.66.229 - - [24/Jun/2022:18:24:01 +0000] "GET /robots.txt HTTP/1.1" 404 162 "-" "Mozilla/5.0 (compatible; DotBot/1.2; +https://opensiteexplorer.org/dotbot; help@moz.com)"
216.244.66.229 - - [24/Jun/2022:18:24:01 +0000] "GET /robots.txt HTTP/1.1" 404 162 "-" "Mozilla/5.0 (compatible; DotBot/1.2; +https://opensiteexplorer.org/dotbot; help@moz.com)"
66.249.77.18 - - [24/Jun/2022:18:27:51 +0000] "GET /node/648/feed HTTP/1.1" 301 178 "-" "Mozilla/5.0 (Linux; Android 6.0.1; Nexus 5X Build/MMB29P) AppleWebKit/537.36 (KHTML, like Gecko) Chrome/102.0.5005.115 Mobile Safari/537.36 (compatible; Googlebot/2.1; +http://www.google.com/bot.html)"
66.249.77.16 - - [24/Jun/2022:18:27:52 +0000] "GET /node/648/feed/ HTTP/1.1" 403 196 "-" "Mozilla/5.0 (Linux; Android 6.0.1; Nexus 5X Build/MMB29P) AppleWebKit/537.36 (KHTML, like Gecko) Chrome/102.0.5005.115 Mobile Safari/537.36 (compatible; Googlebot/2.1; +http://www.google.com/bot.html)"
157.230.216.203 - - [24/Jun/2022:18:28:06 +0000] "GET /ab2g HTTP/1.1" 400 166 "-" "-"
157.230.216.203 - - [24/Jun/2022:18:28:06 +0000] "GET /ab2h HTTP/1.1" 400 166 "-" "-"
216.244.66.229 - - [24/Jun/2022:18:28:33 +0000] "GET /img_7467/ HTTP/1.1" 404 162 "-" "Mozilla/5.0 (compatible; DotBot/1.2; +https://opensiteexplorer.org/dotbot; help@moz.com)"
216.244.66.229 - - [24/Jun/2022:18:28:39 +0000] "GET /node/212 HTTP/1.1" 404 162 "-" "Mozilla/5.0 (compatible; DotBot/1.2; +https://opensiteexplorer.org/dotbot; help@moz.com)"
185.191.171.35 - - [24/Jun/2022:18:29:49 +0000] "GET /node/date/2005/02/16 HTTP/1.1" 301 178 "-" "Mozilla/5.0 (compatible; SemrushBot/7~bl; +http://www.semrush.com/bot.html)"
185.191.171.8 - - [24/Jun/2022:18:29:52 +0000] "GET /node/date/2005/02/16/ HTTP/1.1" 200 8543 "-" "Mozilla/5.0 (compatible; SemrushBot/7~bl; +http://www.semrush.com/bot.html)"
114.119.147.86 - - [24/Jun/2022:18:30:03 +0000] "GET /node/790/img_6140?share=linkedin HTTP/1.1" 302 154 "https://mrchoke.org/node/790/img_6140?ak_action=accept_mobile" "Mozilla/5.0 (Linux; Android 7.0;) AppleWebKit/537.36 (KHTML, like Gecko) Mobile Safari/537.36 (compatible; PetalBot;+https://webmaster.petalsearch.com/site/petalbot)"
114.119.147.86 - - [24/Jun/2022:18:30:06 +0000] "GET /node/790/img_6140?share=linkedin HTTP/1.1" 301 178 "https://mrchoke.org/node/790/img_6140?ak_action=accept_mobile" "Mozilla/5.0 (Linux; Android 7.0;) AppleWebKit/537.36 (KHTML, like Gecko) Mobile Safari/537.36 (compatible; PetalBot;+https://webmaster.petalsearch.com/site/petalbot)"
114.119.147.86 - - [24/Jun/2022:18:30:09 +0000] "GET /node/790/img_6140/?share=linkedin HTTP/1.1" 200 7819 "https://mrchoke.org/node/790/img_6140?ak_action=accept_mobile" "Mozilla/5.0 (Linux; Android 7.0;) AppleWebKit/537.36 (KHTML, like Gecko) Mobile Safari/537.36 (compatible; PetalBot;+https://webmaster.petalsearch.com/site/petalbot)"
66.249.77.20 - - [24/Jun/2022:18:30:38 +0000] "GET / HTTP/1.1" 200 16008 "-" "Mozilla/5.0 (compatible; Googlebot/2.1; +http://www.google.com/bot.html)"
66.249.77.18 - - [24/Jun/2022:18:30:39 +0000] "GET / HTTP/1.1" 200 16008 "-" "Mozilla/5.0 (Linux; Android 6.0.1; Nexus 5X Build/MMB29P) AppleWebKit/537.36 (KHTML, like Gecko) Chrome/99.0.4844.84 Mobile Safari/537.36 (compatible; Googlebot/2.1; +http://www.google.com/bot.html)"
216.244.66.229 - - [24/Jun/2022:18:30:53 +0000] "GET /node/1302/feed HTTP/1.1" 404 162 "-" "Mozilla/5.0 (compatible; DotBot/1.2; +https://opensiteexplorer.org/dotbot; help@moz.com)"
216.244.66.229 - - [24/Jun/2022:18:30:57 +0000] "GET /node/77/feed HTTP/1.1" 404 162 "-" "Mozilla/5.0 (compatible; DotBot/1.2; +https://opensiteexplorer.org/dotbot; help@moz.com)"
216.244.66.229 - - [24/Jun/2022:18:31:38 +0000] "GET /wp-content/uploads/2014/01/IMG_6170.jpg HTTP/1.1" 404 162 "-" "Mozilla/5.0 (compatible; DotBot/1.2; +https://opensiteexplorer.org/dotbot; help@moz.com)"
216.244.66.229 - - [24/Jun/2022:18:31:42 +0000] "GET /feed/?attachment_id=1218 HTTP/1.1" 404 162 "-" "Mozilla/5.0 (compatible; DotBot/1.2; +https://opensiteexplorer.org/dotbot; help@moz.com)"
54.36.149.101 - - [24/Jun/2022:18:34:41 +0000] "GET /page/2/ HTTP/2.0" 200 10815 "-" "Mozilla/5.0 (compatible; AhrefsBot/7.0; +http://ahrefs.com/robot/)"
