114.119.147.97 - - [04/Jul/2022:00:00:15 +0000] "GET /node/31?ak_action=reject_mobile HTTP/1.1" 301 178 "https://mrchoke.org/node/31?ak_action=accept_mobile" "Mozilla/5.0 (Linux; Android 7.0;) AppleWebKit/537.36 (KHTML, like Gecko) Mobile Safari/537.36 (compatible; PetalBot;+https://webmaster.petalsearch.com/site/petalbot)"
114.119.147.97 - - [04/Jul/2022:00:00:17 +0000] "GET /node/31/?ak_action=reject_mobile HTTP/1.1" 200 9040 "https://mrchoke.org/node/31?ak_action=accept_mobile" "Mozilla/5.0 (Linux; Android 7.0;) AppleWebKit/537.36 (KHTML, like Gecko) Mobile Safari/537.36 (compatible; PetalBot;+https://webmaster.petalsearch.com/site/petalbot)"
81.70.9.83 - - [04/Jul/2022:00:00:43 +0000] "GET / HTTP/1.1" 200 396 "-" "'Mozilla/5.0"
52.231.116.11 - - [04/Jul/2022:00:01:21 +0000] "GET / HTTP/1.1" 200 612 "-" "Mozilla/5.0 (Windows NT 10.0; Win64; x64) AppleWebKit/537.36 (KHTML, like Gecko) Chrome/79.0 Safari/537.36"
52.231.116.11 - - [04/Jul/2022:00:01:22 +0000] "GET / HTTP/1.1" 200 612 "-" "Mozilla/5.0 (Windows NT 10.0; Win64; x64) AppleWebKit/537.36 (KHTML, like Gecko) Chrome/79.0 Safari/537.36"
52.231.116.11 - - [04/Jul/2022:00:01:22 +0000] "GET /wp-includes/wlwmanifest.xml HTTP/1.1" 404 564 "-" "Mozilla/5.0 (Windows NT 10.0; Win64; x64) AppleWebKit/537.36 (KHTML, like Gecko) Chrome/79.0 Safari/537.36"
52.231.116.11 - - [04/Jul/2022:00:01:22 +0000] "GET /xmlrpc.php?rsd HTTP/1.1" 404 564 "-" "Mozilla/5.0 (Windows NT 10.0; Win64; x64) AppleWebKit/537.36 (KHTML, like Gecko) Chrome/79.0 Safari/537.36"
52.231.116.11 - - [04/Jul/2022:00:01:23 +0000] "GET / HTTP/1.1" 200 612 "-" "Mozilla/5.0 (Windows NT 10.0; Win64; x64) AppleWebKit/537.36 (KHTML, like Gecko) Chrome/79.0 Safari/537.36"
52.231.116.11 - - [04/Jul/2022:00:01:23 +0000] "GET /blog/wp-includes/wlwmanifest.xml HTTP/1.1" 404 564 "-" "Mozilla/5.0 (Windows NT 10.0; Win64; x64) AppleWebKit/537.36 (KHTML, like Gecko) Chrome/79.0 Safari/537.36"
52.231.116.11 - - [04/Jul/2022:00:01:23 +0000] "GET /web/wp-includes/wlwmanifest.xml HTTP/1.1" 404 564 "-" "Mozilla/5.0 (Windows NT 10.0; Win64; x64) AppleWebKit/537.36 (KHTML, like Gecko) Chrome/79.0 Safari/537.36"
52.231.116.11 - - [04/Jul/2022:00:01:24 +0000] "GET /wordpress/wp-includes/wlwmanifest.xml HTTP/1.1" 404 564 "-" "Mozilla/5.0 (Windows NT 10.0; Win64; x64) AppleWebKit/537.36 (KHTML, like Gecko) Chrome/79.0 Safari/537.36"
52.231.116.11 - - [04/Jul/2022:00:01:24 +0000] "GET /website/wp-includes/wlwmanifest.xml HTTP/1.1" 404 564 "-" "Mozilla/5.0 (Windows NT 10.0; Win64; x64) AppleWebKit/537.36 (KHTML, like Gecko) Chrome/79.0 Safari/537.36"
52.231.116.11 - - [04/Jul/2022:00:01:24 +0000] "GET /wp/wp-includes/wlwmanifest.xml HTTP/1.1" 404 564 "-" "Mozilla/5.0 (Windows NT 10.0; Win64; x64) AppleWebKit/537.36 (KHTML, like Gecko) Chrome/79.0 Safari/537.36"
52.231.116.11 - - [04/Jul/2022:00:01:25 +0000] "GET /news/wp-includes/wlwmanifest.xml HTTP/1.1" 404 564 "-" "Mozilla/5.0 (Windows NT 10.0; Win64; x64) AppleWebKit/537.36 (KHTML, like Gecko) Chrome/79.0 Safari/537.36"
52.231.116.11 - - [04/Jul/2022:00:01:25 +0000] "GET /wp1/wp-includes/wlwmanifest.xml HTTP/1.1" 404 564 "-" "Mozilla/5.0 (Windows NT 10.0; Win64; x64) AppleWebKit/537.36 (KHTML, like Gecko) Chrome/79.0 Safari/537.36"
52.231.116.11 - - [04/Jul/2022:00:01:25 +0000] "GET /test/wp-includes/wlwmanifest.xml HTTP/1.1" 404 564 "-" "Mozilla/5.0 (Windows NT 10.0; Win64; x64) AppleWebKit/537.36 (KHTML, like Gecko) Chrome/79.0 Safari/537.36"
52.231.116.11 - - [04/Jul/2022:00:01:26 +0000] "GET /wp2/wp-includes/wlwmanifest.xml HTTP/1.1" 404 564 "-" "Mozilla/5.0 (Windows NT 10.0; Win64; x64) AppleWebKit/537.36 (KHTML, like Gecko) Chrome/79.0 Safari/537.36"
52.231.116.11 - - [04/Jul/2022:00:01:26 +0000] "GET /site/wp-includes/wlwmanifest.xml HTTP/1.1" 404 564 "-" "Mozilla/5.0 (Windows NT 10.0; Win64; x64) AppleWebKit/537.36 (KHTML, like Gecko) Chrome/79.0 Safari/537.36"
52.231.116.11 - - [04/Jul/2022:00:01:27 +0000] "GET /cms/wp-includes/wlwmanifest.xml HTTP/1.1" 404 564 "-" "Mozilla/5.0 (Windows NT 10.0; Win64; x64) AppleWebKit/537.36 (KHTML, like Gecko) Chrome/79.0 Safari/537.36"
52.231.116.11 - - [04/Jul/2022:00:01:27 +0000] "GET /sito/wp-includes/wlwmanifest.xml HTTP/1.1" 404 564 "-" "Mozilla/5.0 (Windows NT 10.0; Win64; x64) AppleWebKit/537.36 (KHTML, like Gecko) Chrome/79.0 Safari/537.36"
52.231.116.11 - - [04/Jul/2022:00:01:27 +0000] "" 400 0 "-" "-"
114.119.147.81 - - [04/Jul/2022:00:02:59 +0000] "GET /page/12?ak_action=accept_mobile HTTP/1.1" 302 154 "https://mrchoke.org/page/11?ak_action=accept_mobile" "Mozilla/5.0 (Linux; Android 7.0;) AppleWebKit/537.36 (KHTML, like Gecko) Mobile Safari/537.36 (compatible; PetalBot;+https://webmaster.petalsearch.com/site/petalbot)"
114.119.147.81 - - [04/Jul/2022:00:03:04 +0000] "GET /page/12?ak_action=accept_mobile HTTP/1.1" 301 178 "https://mrchoke.org/page/11?ak_action=accept_mobile" "Mozilla/5.0 (Linux; Android 7.0;) AppleWebKit/537.36 (KHTML, like Gecko) Mobile Safari/537.36 (compatible; PetalBot;+https://webmaster.petalsearch.com/site/petalbot)"
114.119.147.81 - - [04/Jul/2022:00:03:09 +0000] "GET /page/12/?ak_action=accept_mobile HTTP/1.1" 200 18779 "https://mrchoke.org/page/11?ak_action=accept_mobile" "Mozilla/5.0 (Linux; Android 7.0;) AppleWebKit/537.36 (KHTML, like Gecko) Mobile Safari/537.36 (compatible; PetalBot;+https://webmaster.petalsearch.com/site/petalbot)"
185.7.214.104 - - [04/Jul/2022:00:03:12 +0000] "GET /_ignition/execute-solution HTTP/1.1" 404 197 "-" "Mozilla/5.0 (Windows NT 10.0; Win64; x64) AppleWebKit/537.36 (KHTML, like Gecko) Chrome/78.0.3904.108 Safari/537.36"
114.119.147.73 - - [04/Jul/2022:00:05:32 +0000] "GET /ch7_3311 HTTP/1.1" 301 178 "https://mrchoke.org/node/1101?share=twitter" "Mozilla/5.0 (Linux; Android 7.0;) AppleWebKit/537.36 (KHTML, like Gecko) Mobile Safari/537.36 (compatible; PetalBot;+https://webmaster.petalsearch.com/site/petalbot)"
114.119.147.73 - - [04/Jul/2022:00:05:44 +0000] "GET /ch7_3311/ HTTP/1.1" 200 7880 "https://mrchoke.org/node/1101?share=twitter" "Mozilla/5.0 (Linux; Android 7.0;) AppleWebKit/537.36 (KHTML, like Gecko) Mobile Safari/537.36 (compatible; PetalBot;+https://webmaster.petalsearch.com/site/petalbot)"
185.191.171.7 - - [04/Jul/2022:00:05:46 +0000] "GET /img_6512 HTTP/1.1" 301 178 "-" "Mozilla/5.0 (compatible; SemrushBot/7~bl; +http://www.semrush.com/bot.html)"
185.191.171.38 - - [04/Jul/2022:00:05:48 +0000] "GET /img_6512/ HTTP/1.1" 200 7879 "-" "Mozilla/5.0 (compatible; SemrushBot/7~bl; +http://www.semrush.com/bot.html)"
51.222.253.15 - - [04/Jul/2022:00:07:13 +0000] "GET /node/category/debianclub HTTP/2.0" 301 178 "-" "Mozilla/5.0 (compatible; AhrefsBot/7.0; +http://ahrefs.com/robot/)"
216.244.66.229 - - [04/Jul/2022:00:08:11 +0000] "GET /robots.txt HTTP/1.1" 404 162 "-" "Mozilla/5.0 (compatible; DotBot/1.2; +https://opensiteexplorer.org/dotbot; help@moz.com)"
216.244.66.229 - - [04/Jul/2022:00:08:11 +0000] "GET /robots.txt HTTP/1.1" 404 162 "-" "Mozilla/5.0 (compatible; DotBot/1.2; +https://opensiteexplorer.org/dotbot; help@moz.com)"
114.119.147.97 - - [04/Jul/2022:00:08:16 +0000] "GET /node/320 HTTP/1.1" 301 178 "https://mrchoke.org/node/320?share=reddit" "Mozilla/5.0 (Linux; Android 7.0;) AppleWebKit/537.36 (KHTML, like Gecko) Mobile Safari/537.36 (compatible; PetalBot;+https://webmaster.petalsearch.com/site/petalbot)"
114.119.147.97 - - [04/Jul/2022:00:08:21 +0000] "GET /node/320/ HTTP/1.1" 200 11094 "https://mrchoke.org/node/320?share=reddit" "Mozilla/5.0 (Linux; Android 7.0;) AppleWebKit/537.36 (KHTML, like Gecko) Mobile Safari/537.36 (compatible; PetalBot;+https://webmaster.petalsearch.com/site/petalbot)"
114.119.147.81 - - [04/Jul/2022:00:10:11 +0000] "GET /node/tag/osm?ak_action=accept_mobile HTTP/1.1" 302 154 "https://mrchoke.org/node/tag/osm?ak_action=reject_mobile" "Mozilla/5.0 (Linux; Android 7.0;) AppleWebKit/537.36 (KHTML, like Gecko) Mobile Safari/537.36 (compatible; PetalBot;+https://webmaster.petalsearch.com/site/petalbot)"
114.119.147.81 - - [04/Jul/2022:00:10:14 +0000] "GET /node/tag/osm?ak_action=accept_mobile HTTP/1.1" 301 178 "https://mrchoke.org/node/tag/osm?ak_action=reject_mobile" "Mozilla/5.0 (Linux; Android 7.0;) AppleWebKit/537.36 (KHTML, like Gecko) Mobile Safari/537.36 (compatible; PetalBot;+https://webmaster.petalsearch.com/site/petalbot)"
114.119.147.81 - - [04/Jul/2022:00:10:18 +0000] "GET /node/tag/osm/?ak_action=accept_mobile HTTP/1.1" 200 8094 "https://mrchoke.org/node/tag/osm?ak_action=reject_mobile" "Mozilla/5.0 (Linux; Android 7.0;) AppleWebKit/537.36 (KHTML, like Gecko) Mobile Safari/537.36 (compatible; PetalBot;+https://webmaster.petalsearch.com/site/petalbot)"
185.191.171.10 - - [04/Jul/2022:00:11:17 +0000] "GET /robots.txt HTTP/1.1" 404 134 "-" "Mozilla/5.0 (compatible; SemrushBot/7~bl; +http://www.semrush.com/bot.html)"
185.191.171.44 - - [04/Jul/2022:00:11:22 +0000] "GET /ch7_3292 HTTP/1.1" 301 178 "-" "Mozilla/5.0 (compatible; SemrushBot/7~bl; +http://www.semrush.com/bot.html)"
185.191.171.34 - - [04/Jul/2022:00:11:24 +0000] "GET /ch7_3292/ HTTP/1.1" 200 7879 "-" "Mozilla/5.0 (compatible; SemrushBot/7~bl; +http://www.semrush.com/bot.html)"
157.230.216.203 - - [04/Jul/2022:00:12:30 +0000] "GET /ab2g HTTP/1.1" 400 166 "-" "-"
157.230.216.203 - - [04/Jul/2022:00:12:30 +0000] "GET /ab2h HTTP/1.1" 400 166 "-" "-"
114.119.147.75 - - [04/Jul/2022:00:12:54 +0000] "GET /wp-content/uploads/2014/02/CH7_4211.jpg HTTP/1.1" 200 772239 "https://static.mrchoke.org/ch7_4211" "Mozilla/5.0 (Linux; Android 7.0;) AppleWebKit/537.36 (KHTML, like Gecko) Mobile Safari/537.36 (compatible; PetalBot;+https://webmaster.petalsearch.com/site/petalbot)"
216.244.66.229 - - [04/Jul/2022:00:14:05 +0000] "GET /node/387 HTTP/1.1" 404 162 "-" "Mozilla/5.0 (compatible; DotBot/1.2; +https://opensiteexplorer.org/dotbot; help@moz.com)"
185.191.171.2 - - [04/Jul/2022:00:14:41 +0000] "GET /robots.txt HTTP/1.1" 404 134 "-" "Mozilla/5.0 (compatible; SemrushBot/7~bl; +http://www.semrush.com/bot.html)"
185.191.171.35 - - [04/Jul/2022:00:14:42 +0000] "GET /node/1356/img_7247 HTTP/1.1" 302 154 "-" "Mozilla/5.0 (compatible; SemrushBot/7~bl; +http://www.semrush.com/bot.html)"
185.191.171.33 - - [04/Jul/2022:00:14:43 +0000] "GET /node/1356/img_7247 HTTP/1.1" 301 178 "-" "Mozilla/5.0 (compatible; SemrushBot/7~bl; +http://www.semrush.com/bot.html)"
185.191.171.34 - - [04/Jul/2022:00:14:45 +0000] "GET /node/1356/img_7247/ HTTP/1.1" 200 7970 "-" "Mozilla/5.0 (compatible; SemrushBot/7~bl; +http://www.semrush.com/bot.html)"
216.244.66.229 - - [04/Jul/2022:00:15:07 +0000] "GET /node/865/ch7_3057/feed HTTP/1.1" 404 162 "-" "Mozilla/5.0 (compatible; DotBot/1.2; +https://opensiteexplorer.org/dotbot; help@moz.com)"
216.244.66.229 - - [04/Jul/2022:00:15:28 +0000] "GET /node/tag/%E0%B9%80%E0%B8%9E%E0%B8%A5%E0%B8%87/feed HTTP/1.1" 404 162 "-" "Mozilla/5.0 (compatible; DotBot/1.2; +https://opensiteexplorer.org/dotbot; help@moz.com)"
114.119.147.81 - - [04/Jul/2022:00:15:46 +0000] "GET /node/607?share=twitter HTTP/1.1" 302 154 "https://mrchoke.org/node/607?ak_action=accept_mobile" "Mozilla/5.0 (Linux; Android 7.0;) AppleWebKit/537.36 (KHTML, like Gecko) Mobile Safari/537.36 (compatible; PetalBot;+https://webmaster.petalsearch.com/site/petalbot)"
114.119.147.81 - - [04/Jul/2022:00:15:54 +0000] "GET /node/607?share=twitter HTTP/1.1" 301 178 "https://mrchoke.org/node/607?ak_action=accept_mobile" "Mozilla/5.0 (Linux; Android 7.0;) AppleWebKit/537.36 (KHTML, like Gecko) Mobile Safari/537.36 (compatible; PetalBot;+https://webmaster.petalsearch.com/site/petalbot)"
114.119.147.81 - - [04/Jul/2022:00:16:01 +0000] "GET /node/607/?share=twitter HTTP/1.1" 200 10131 "https://mrchoke.org/node/607?ak_action=accept_mobile" "Mozilla/5.0 (Linux; Android 7.0;) AppleWebKit/537.36 (KHTML, like Gecko) Mobile Safari/537.36 (compatible; PetalBot;+https://webmaster.petalsearch.com/site/petalbot)"
216.244.66.229 - - [04/Jul/2022:00:16:22 +0000] "GET /node/40/feed HTTP/1.1" 404 162 "-" "Mozilla/5.0 (compatible; DotBot/1.2; +https://opensiteexplorer.org/dotbot; help@moz.com)"
216.244.66.229 - - [04/Jul/2022:00:17:24 +0000] "GET /feed/?attachment_id=1522 HTTP/1.1" 404 162 "-" "Mozilla/5.0 (compatible; DotBot/1.2; +https://opensiteexplorer.org/dotbot; help@moz.com)"
51.222.253.18 - - [04/Jul/2022:00:17:48 +0000] "GET /node/category/firefox HTTP/2.0" 301 178 "-" "Mozilla/5.0 (compatible; AhrefsBot/7.0; +http://ahrefs.com/robot/)"
114.119.147.81 - - [04/Jul/2022:00:18:30 +0000] "GET /node/tag/patch HTTP/1.1" 301 178 "https://mrchoke.org/node/780?share=linkedin" "Mozilla/5.0 (Linux; Android 7.0;) AppleWebKit/537.36 (KHTML, like Gecko) Mobile Safari/537.36 (compatible; PetalBot;+https://webmaster.petalsearch.com/site/petalbot)"
114.119.147.81 - - [04/Jul/2022:00:18:43 +0000] "GET /node/tag/patch/ HTTP/1.1" 200 8821 "https://mrchoke.org/node/780?share=linkedin" "Mozilla/5.0 (Linux; Android 7.0;) AppleWebKit/537.36 (KHTML, like Gecko) Mobile Safari/537.36 (compatible; PetalBot;+https://webmaster.petalsearch.com/site/petalbot)"
45.55.41.53 - - [04/Jul/2022:00:20:11 +0000] "GET /wp-admin/include.php HTTP/1.1" 404 564 "mrchoke.org" "Mozilla/5.1 (Windows NT 6.0; WOW64) AppleWebKit/537.37 (KHTML, like Gecko) Chrome/58.0.1145.75 Safari/537.37"
114.119.147.87 - - [04/Jul/2022:00:20:20 +0000] "GET /ch7_6084 HTTP/1.1" 301 178 "https://static.mrchoke.org/ch7_5928" "Mozilla/5.0 (Linux; Android 7.0;) AppleWebKit/537.36 (KHTML, like Gecko) Mobile Safari/537.36 (compatible; PetalBot;+https://webmaster.petalsearch.com/site/petalbot)"
185.191.171.23 - - [04/Jul/2022:00:20:26 +0000] "GET /node/484 HTTP/1.1" 301 178 "-" "Mozilla/5.0 (compatible; SemrushBot/7~bl; +http://www.semrush.com/bot.html)"
185.191.171.25 - - [04/Jul/2022:00:20:29 +0000] "GET /node/484/ HTTP/1.1" 200 8164 "-" "Mozilla/5.0 (compatible; SemrushBot/7~bl; +http://www.semrush.com/bot.html)"
114.119.147.87 - - [04/Jul/2022:00:20:33 +0000] "GET /ch7_6084/ HTTP/1.1" 200 7882 "https://static.mrchoke.org/ch7_5928" "Mozilla/5.0 (Linux; Android 7.0;) AppleWebKit/537.36 (KHTML, like Gecko) Mobile Safari/537.36 (compatible; PetalBot;+https://webmaster.petalsearch.com/site/petalbot)"
45.55.41.53 - - [04/Jul/2022:00:20:42 +0000] "GET /wp-admin/tool.php HTTP/1.1" 404 564 "mrchoke.org" "Mozilla/5.1 (Windows NT 6.0; WOW64) AppleWebKit/537.37 (KHTML, like Gecko) Chrome/58.0.1145.75 Safari/537.37"
45.55.41.53 - - [04/Jul/2022:00:21:36 +0000] "GET /wp-content/app.php HTTP/1.1" 404 564 "mrchoke.org" "Mozilla/5.1 (Windows NT 6.0; WOW64) AppleWebKit/537.37 (KHTML, like Gecko) Chrome/58.0.1145.75 Safari/537.37"
45.55.41.53 - - [04/Jul/2022:00:21:47 +0000] "GET /wp-content/themes/twentythree/inc/index.php HTTP/1.1" 404 564 "mrchoke.org" "Mozilla/5.1 (Windows NT 6.0; WOW64) AppleWebKit/537.37 (KHTML, like Gecko) Chrome/58.0.1145.75 Safari/537.37"
45.55.41.53 - - [04/Jul/2022:00:22:10 +0000] "GET /tool.php HTTP/1.1" 404 564 "mrchoke.org" "Mozilla/5.1 (Windows NT 6.0; WOW64) AppleWebKit/537.37 (KHTML, like Gecko) Chrome/58.0.1145.75 Safari/537.37"
45.55.41.53 - - [04/Jul/2022:00:23:00 +0000] "GET /wp-includes/js/plupload/plupload.php HTTP/1.1" 404 564 "mrchoke.org" "Mozilla/5.1 (Windows NT 6.0; WOW64) AppleWebKit/537.37 (KHTML, like Gecko) Chrome/58.0.1145.75 Safari/537.37"
114.119.147.86 - - [04/Jul/2022:00:23:22 +0000] "GET /node/category/domain/page/18?ak_action=accept_mobile HTTP/1.1" 302 154 "https://mrchoke.org/node/category/domain/page/19?ak_action=accept_mobile" "Mozilla/5.0 (Linux; Android 7.0;) AppleWebKit/537.36 (KHTML, like Gecko) Mobile Safari/537.36 (compatible; PetalBot;+https://webmaster.petalsearch.com/site/petalbot)"
114.119.147.86 - - [04/Jul/2022:00:23:29 +0000] "GET /node/category/domain/page/18?ak_action=accept_mobile HTTP/1.1" 301 178 "https://mrchoke.org/node/category/domain/page/19?ak_action=accept_mobile" "Mozilla/5.0 (Linux; Android 7.0;) AppleWebKit/537.36 (KHTML, like Gecko) Mobile Safari/537.36 (compatible; PetalBot;+https://webmaster.petalsearch.com/site/petalbot)"
45.55.41.53 - - [04/Jul/2022:00:23:30 +0000] "GET /assets/global/plugins/jquery-file-upload/server/php/files/jquery.php HTTP/1.1" 404 564 "mrchoke.org" "Mozilla/5.1 (Windows NT 6.0; WOW64) AppleWebKit/537.37 (KHTML, like Gecko) Chrome/58.0.1145.75 Safari/537.37"
114.119.147.86 - - [04/Jul/2022:00:23:43 +0000] "GET /node/category/domain/page/18/?ak_action=accept_mobile HTTP/1.1" 200 11892 "https://mrchoke.org/node/category/domain/page/19?ak_action=accept_mobile" "Mozilla/5.0 (Linux; Android 7.0;) AppleWebKit/537.36 (KHTML, like Gecko) Mobile Safari/537.36 (compatible; PetalBot;+https://webmaster.petalsearch.com/site/petalbot)"
216.244.66.229 - - [04/Jul/2022:00:24:57 +0000] "GET /wp-content/uploads/2014/01/CH7_3279.jpg HTTP/1.1" 404 162 "-" "Mozilla/5.0 (compatible; DotBot/1.2; +https://opensiteexplorer.org/dotbot; help@moz.com)"
216.244.66.229 - - [04/Jul/2022:00:24:59 +0000] "GET /wp-content/uploads/2014/01/IMG_6420.jpg HTTP/1.1" 404 162 "-" "Mozilla/5.0 (compatible; DotBot/1.2; +https://opensiteexplorer.org/dotbot; help@moz.com)"
45.55.41.53 - - [04/Jul/2022:00:25:13 +0000] "GET /wp-content/themes/classic/inc/index.php HTTP/1.1" 404 564 "mrchoke.org" "Mozilla/5.1 (Windows NT 6.0; WOW64) AppleWebKit/537.37 (KHTML, like Gecko) Chrome/58.0.1145.75 Safari/537.37"
114.119.147.86 - - [04/Jul/2022:00:25:40 +0000] "GET /node/tag/remote-desktop HTTP/1.1" 404 134 "http://www.mrchoke.org/node/745" "Mozilla/5.0 (Linux; Android 7.0;) AppleWebKit/537.36 (KHTML, like Gecko) Mobile Safari/537.36 (compatible; PetalBot;+https://webmaster.petalsearch.com/site/petalbot)"
45.55.41.53 - - [04/Jul/2022:00:26:51 +0000] "GET /authorize.php HTTP/1.1" 404 564 "mrchoke.org" "Mozilla/5.1 (Windows NT 6.0; WOW64) AppleWebKit/537.37 (KHTML, like Gecko) Chrome/58.0.1145.75 Safari/537.37"
114.119.147.75 - - [04/Jul/2022:00:26:57 +0000] "GET /ch7_3290 HTTP/1.1" 301 178 "https://mrchoke.org/node/1101?share=twitter" "Mozilla/5.0 (Linux; Android 7.0;) AppleWebKit/537.36 (KHTML, like Gecko) Mobile Safari/537.36 (compatible; PetalBot;+https://webmaster.petalsearch.com/site/petalbot)"
45.55.41.53 - - [04/Jul/2022:00:26:59 +0000] "GET /wp-content/plugins/core-engine/index.php HTTP/1.1" 404 564 "mrchoke.org" "Mozilla/5.1 (Windows NT 6.0; WOW64) AppleWebKit/537.37 (KHTML, like Gecko) Chrome/58.0.1145.75 Safari/537.37"
114.119.147.75 - - [04/Jul/2022:00:27:00 +0000] "GET /ch7_3290/ HTTP/1.1" 200 7885 "https://mrchoke.org/node/1101?share=twitter" "Mozilla/5.0 (Linux; Android 7.0;) AppleWebKit/537.36 (KHTML, like Gecko) Mobile Safari/537.36 (compatible; PetalBot;+https://webmaster.petalsearch.com/site/petalbot)"
13.66.139.6 - - [04/Jul/2022:00:27:33 +0000] "GET /robots.txt HTTP/2.0" 301 178 "-" "Mozilla/5.0 AppleWebKit/537.36 (KHTML, like Gecko; compatible; bingbot/2.0; +http://www.bing.com/bingbot.htm) Chrome/100.0.4896.127 Safari/537.36"
13.66.139.0 - - [04/Jul/2022:00:27:33 +0000] "GET /robots.txt HTTP/2.0" 404 186 "-" "Mozilla/5.0 AppleWebKit/537.36 (KHTML, like Gecko; compatible; bingbot/2.0; +http://www.bing.com/bingbot.htm) Chrome/100.0.4896.127 Safari/537.36"
216.244.66.229 - - [04/Jul/2022:00:27:48 +0000] "GET /node/category/music/%E0%B9%80%E0%B8%9E%E0%B8%A5%E0%B8%87%E0%B9%83%E0%B8%95%E0%B9%89/%E0%B8%AB%E0%B8%A5%E0%B8%87_%E0%B8%A5%E0%B8%87%E0%B8%A5%E0%B8%B2%E0%B8%A2/%E0%B8%95%E0%B8%B3%E0%B8%99%E0%B8%B2%E0%B8%99%E0%B8%A3%E0%B8%B1%E0%B8%81%E0%B8%AA%E0%B8%B0%E0%B8%97%E0%B9%89%E0%B8%B2%E0%B8%99%E0%B9%82%E0%B8%A5%E0%B8%81%E0%B8%B21/ HTTP/1.1" 404 162 "-" "Mozilla/5.0 (compatible; DotBot/1.2; +https://opensiteexplorer.org/dotbot; help@moz.com)"
13.66.139.2 - - [04/Jul/2022:00:28:08 +0000] "GET /node/date/2008/01/page/2 HTTP/2.0" 301 178 "-" "Mozilla/5.0 (compatible; bingbot/2.0; +http://www.bing.com/bingbot.htm)"
45.55.41.53 - - [04/Jul/2022:00:28:09 +0000] "GET /wp-content/cache.php HTTP/1.1" 404 564 "mrchoke.org" "Mozilla/5.1 (Windows NT 6.0; WOW64) AppleWebKit/537.37 (KHTML, like Gecko) Chrome/58.0.1145.75 Safari/537.37"
51.222.253.18 - - [04/Jul/2022:00:28:39 +0000] "GET / HTTP/2.0" 200 15995 "-" "Mozilla/5.0 (compatible; AhrefsBot/7.0; +http://ahrefs.com/robot/)"
114.119.147.87 - - [04/Jul/2022:00:29:10 +0000] "GET /node/date/2006/09/22 HTTP/1.1" 302 154 "https://mrchoke.org/node/36?ak_action=reject_mobile" "Mozilla/5.0 (Linux; Android 7.0;) AppleWebKit/537.36 (KHTML, like Gecko) Mobile Safari/537.36 (compatible; PetalBot;+https://webmaster.petalsearch.com/site/petalbot)"
114.119.147.87 - - [04/Jul/2022:00:29:10 +0000] "GET /node/date/2006/09/22 HTTP/1.1" 301 178 "https://mrchoke.org/node/36?ak_action=reject_mobile" "Mozilla/5.0 (Linux; Android 7.0;) AppleWebKit/537.36 (KHTML, like Gecko) Mobile Safari/537.36 (compatible; PetalBot;+https://webmaster.petalsearch.com/site/petalbot)"
114.119.147.87 - - [04/Jul/2022:00:29:12 +0000] "GET /node/date/2006/09/22/ HTTP/1.1" 200 8983 "https://mrchoke.org/node/36?ak_action=reject_mobile" "Mozilla/5.0 (Linux; Android 7.0;) AppleWebKit/537.36 (KHTML, like Gecko) Mobile Safari/537.36 (compatible; PetalBot;+https://webmaster.petalsearch.com/site/petalbot)"
114.119.147.73 - - [04/Jul/2022:00:32:22 +0000] "GET /node/467?share=facebook HTTP/1.1" 302 154 "https://mrchoke.org/node/467?replytocom=567" "Mozilla/5.0 (Linux; Android 7.0;) AppleWebKit/537.36 (KHTML, like Gecko) Mobile Safari/537.36 (compatible; PetalBot;+https://webmaster.petalsearch.com/site/petalbot)"
114.119.147.86 - - [04/Jul/2022:00:34:08 +0000] "GET /node/date/2007/06/page/2 HTTP/1.1" 302 154 "https://mrchoke.org/node/date/2007/06" "Mozilla/5.0 (Linux; Android 7.0;) AppleWebKit/537.36 (KHTML, like Gecko) Mobile Safari/537.36 (compatible; PetalBot;+https://webmaster.petalsearch.com/site/petalbot)"
114.119.147.86 - - [04/Jul/2022:00:34:22 +0000] "GET /node/date/2007/06/page/2 HTTP/1.1" 301 178 "https://mrchoke.org/node/date/2007/06" "Mozilla/5.0 (Linux; Android 7.0;) AppleWebKit/537.36 (KHTML, like Gecko) Mobile Safari/537.36 (compatible; PetalBot;+https://webmaster.petalsearch.com/site/petalbot)"
114.119.147.81 - - [04/Jul/2022:00:39:09 +0000] "GET /node/984/img_6463?share=facebook HTTP/1.1" 302 154 "https://mrchoke.org/node/984/img_6463" "Mozilla/5.0 (Linux; Android 7.0;) AppleWebKit/537.36 (KHTML, like Gecko) Mobile Safari/537.36 (compatible; PetalBot;+https://webmaster.petalsearch.com/site/petalbot)"
114.119.147.81 - - [04/Jul/2022:00:39:17 +0000] "GET /node/984/img_6463?share=facebook HTTP/1.1" 301 178 "https://mrchoke.org/node/984/img_6463" "Mozilla/5.0 (Linux; Android 7.0;) AppleWebKit/537.36 (KHTML, like Gecko) Mobile Safari/537.36 (compatible; PetalBot;+https://webmaster.petalsearch.com/site/petalbot)"
114.119.147.81 - - [04/Jul/2022:00:39:26 +0000] "GET /node/984/img_6463/?share=facebook HTTP/1.1" 200 7892 "https://mrchoke.org/node/984/img_6463" "Mozilla/5.0 (Linux; Android 7.0;) AppleWebKit/537.36 (KHTML, like Gecko) Mobile Safari/537.36 (compatible; PetalBot;+https://webmaster.petalsearch.com/site/petalbot)"
92.255.85.183 - - [04/Jul/2022:00:39:35 +0000] "\x03\x00\x00/*\xE0\x00\x00\x00\x00\x00Cookie: mstshash=Administr" 400 166 "-" "-"
51.222.253.18 - - [04/Jul/2022:00:39:41 +0000] "GET /node/581/img_1728/ HTTP/2.0" 200 7859 "-" "Mozilla/5.0 (compatible; AhrefsBot/7.0; +http://ahrefs.com/robot/)"
52.22.88.1 - - [04/Jul/2022:00:39:55 +0000] "GET /wp-content/uploads/2012/05/IMG_1731-150x150.jpg HTTP/1.1" 200 5614 "-" "Mozilla/5.0 (X11; Ubuntu; Linux x86_64; rv:72.0) Gecko/20100101 Firefox/72.0"
114.119.147.87 - - [04/Jul/2022:00:41:00 +0000] "GET /node/category/uncategorized/page/4?ak_action=reject_mobile HTTP/1.1" 302 154 "https://mrchoke.org/node/category/uncategorized/page/3?ak_action=reject_mobile" "Mozilla/5.0 (Linux; Android 7.0;) AppleWebKit/537.36 (KHTML, like Gecko) Mobile Safari/537.36 (compatible; PetalBot;+https://webmaster.petalsearch.com/site/petalbot)"
185.191.171.35 - - [04/Jul/2022:00:41:07 +0000] "GET /node/1607/img_7591 HTTP/1.1" 301 178 "-" "Mozilla/5.0 (compatible; SemrushBot/7~bl; +http://www.semrush.com/bot.html)"
114.119.147.87 - - [04/Jul/2022:00:41:08 +0000] "GET /node/category/uncategorized/page/4?ak_action=reject_mobile HTTP/1.1" 301 178 "https://mrchoke.org/node/category/uncategorized/page/3?ak_action=reject_mobile" "Mozilla/5.0 (Linux; Android 7.0;) AppleWebKit/537.36 (KHTML, like Gecko) Mobile Safari/537.36 (compatible; PetalBot;+https://webmaster.petalsearch.com/site/petalbot)"
185.191.171.33 - - [04/Jul/2022:00:41:09 +0000] "GET /node/1607/img_7591/ HTTP/1.1" 200 7887 "-" "Mozilla/5.0 (compatible; SemrushBot/7~bl; +http://www.semrush.com/bot.html)"
114.119.147.87 - - [04/Jul/2022:00:41:19 +0000] "GET /node/category/uncategorized/page/4/?ak_action=reject_mobile HTTP/1.1" 200 9658 "https://mrchoke.org/node/category/uncategorized/page/3?ak_action=reject_mobile" "Mozilla/5.0 (Linux; Android 7.0;) AppleWebKit/537.36 (KHTML, like Gecko) Mobile Safari/537.36 (compatible; PetalBot;+https://webmaster.petalsearch.com/site/petalbot)"
40.77.167.46 - - [04/Jul/2022:00:41:46 +0000] "GET / HTTP/1.1" 200 396 "-" "Mozilla/5.0 (compatible; bingbot/2.0; +http://www.bing.com/bingbot.htm)"
114.119.147.86 - - [04/Jul/2022:00:43:15 +0000] "GET /node/184?share=linkedin HTTP/1.1" 302 154 "https://mrchoke.org/node/184?ak_action=reject_mobile" "Mozilla/5.0 (Linux; Android 7.0;) AppleWebKit/537.36 (KHTML, like Gecko) Mobile Safari/537.36 (compatible; PetalBot;+https://webmaster.petalsearch.com/site/petalbot)"
114.119.147.86 - - [04/Jul/2022:00:43:26 +0000] "GET /node/184?share=linkedin HTTP/1.1" 301 178 "https://mrchoke.org/node/184?ak_action=reject_mobile" "Mozilla/5.0 (Linux; Android 7.0;) AppleWebKit/537.36 (KHTML, like Gecko) Mobile Safari/537.36 (compatible; PetalBot;+https://webmaster.petalsearch.com/site/petalbot)"
114.119.147.86 - - [04/Jul/2022:00:43:37 +0000] "GET /node/184/?share=linkedin HTTP/1.1" 200 8657 "https://mrchoke.org/node/184?ak_action=reject_mobile" "Mozilla/5.0 (Linux; Android 7.0;) AppleWebKit/537.36 (KHTML, like Gecko) Mobile Safari/537.36 (compatible; PetalBot;+https://webmaster.petalsearch.com/site/petalbot)"
92.255.85.183 - - [04/Jul/2022:00:45:49 +0000] "\x03\x00\x00/*\xE0\x00\x00\x00\x00\x00Cookie: mstshash=Administr" 400 166 "-" "-"
114.119.147.74 - - [04/Jul/2022:00:45:51 +0000] "GET /node/date/2006/02/17 HTTP/1.1" 301 178 "https://mrchoke.org/node/328?share=facebook" "Mozilla/5.0 (Linux; Android 7.0;) AppleWebKit/537.36 (KHTML, like Gecko) Mobile Safari/537.36 (compatible; PetalBot;+https://webmaster.petalsearch.com/site/petalbot)"
114.119.147.74 - - [04/Jul/2022:00:46:02 +0000] "GET /node/date/2006/02/17/ HTTP/1.1" 200 8650 "https://mrchoke.org/node/328?share=facebook" "Mozilla/5.0 (Linux; Android 7.0;) AppleWebKit/537.36 (KHTML, like Gecko) Mobile Safari/537.36 (compatible; PetalBot;+https://webmaster.petalsearch.com/site/petalbot)"
58.87.60.223 - - [04/Jul/2022:00:46:08 +0000] "GET /wp-content/uploads/2013/12/Screenshot-2013-12-08-01.34.07.png HTTP/1.1" 200 100745 "-" "Mozilla/5.0 (X11; Ubuntu; Linux x86_64; rv:72.0) Gecko/20100101 Firefox/72.0"
114.119.147.87 - - [04/Jul/2022:00:47:59 +0000] "GET /node/date/2009/10 HTTP/1.1" 301 178 "https://static.mrchoke.org/node/397" "Mozilla/5.0 (Linux; Android 7.0;) AppleWebKit/537.36 (KHTML, like Gecko) Mobile Safari/537.36 (compatible; PetalBot;+https://webmaster.petalsearch.com/site/petalbot)"
114.119.147.87 - - [04/Jul/2022:00:48:05 +0000] "GET /node/date/2009/10/ HTTP/1.1" 200 13405 "https://static.mrchoke.org/node/397" "Mozilla/5.0 (Linux; Android 7.0;) AppleWebKit/537.36 (KHTML, like Gecko) Mobile Safari/537.36 (compatible; PetalBot;+https://webmaster.petalsearch.com/site/petalbot)"
114.119.147.87 - - [04/Jul/2022:00:50:32 +0000] "GET /img_7642 HTTP/1.1" 301 178 "https://mrchoke.org/node/1706" "Mozilla/5.0 (Linux; Android 7.0;) AppleWebKit/537.36 (KHTML, like Gecko) Mobile Safari/537.36 (compatible; PetalBot;+https://webmaster.petalsearch.com/site/petalbot)"
114.119.147.87 - - [04/Jul/2022:00:50:34 +0000] "GET /img_7642/ HTTP/1.1" 200 7885 "https://mrchoke.org/node/1706" "Mozilla/5.0 (Linux; Android 7.0;) AppleWebKit/537.36 (KHTML, like Gecko) Mobile Safari/537.36 (compatible; PetalBot;+https://webmaster.petalsearch.com/site/petalbot)"
51.222.253.6 - - [04/Jul/2022:00:51:03 +0000] "GET /node/939/ HTTP/2.0" 200 11149 "-" "Mozilla/5.0 (compatible; AhrefsBot/7.0; +http://ahrefs.com/robot/)"
114.119.147.74 - - [04/Jul/2022:00:52:51 +0000] "GET /node/381 HTTP/1.1" 302 154 "https://mrchoke.org/node/473?share=linkedin" "Mozilla/5.0 (Linux; Android 7.0;) AppleWebKit/537.36 (KHTML, like Gecko) Mobile Safari/537.36 (compatible; PetalBot;+https://webmaster.petalsearch.com/site/petalbot)"
114.119.147.74 - - [04/Jul/2022:00:52:58 +0000] "GET /node/381 HTTP/1.1" 301 178 "https://mrchoke.org/node/473?share=linkedin" "Mozilla/5.0 (Linux; Android 7.0;) AppleWebKit/537.36 (KHTML, like Gecko) Mobile Safari/537.36 (compatible; PetalBot;+https://webmaster.petalsearch.com/site/petalbot)"
114.119.147.74 - - [04/Jul/2022:00:53:01 +0000] "GET /node/381/ HTTP/1.1" 200 9401 "https://mrchoke.org/node/473?share=linkedin" "Mozilla/5.0 (Linux; Android 7.0;) AppleWebKit/537.36 (KHTML, like Gecko) Mobile Safari/537.36 (compatible; PetalBot;+https://webmaster.petalsearch.com/site/petalbot)"
114.119.147.75 - - [04/Jul/2022:00:55:09 +0000] "GET /node/352 HTTP/1.1" 302 154 "https://mrchoke.org/node/date/2005/06/11" "Mozilla/5.0 (Linux; Android 7.0;) AppleWebKit/537.36 (KHTML, like Gecko) Mobile Safari/537.36 (compatible; PetalBot;+https://webmaster.petalsearch.com/site/petalbot)"
114.119.147.75 - - [04/Jul/2022:00:55:24 +0000] "GET /node/352 HTTP/1.1" 301 178 "https://mrchoke.org/node/date/2005/06/11" "Mozilla/5.0 (Linux; Android 7.0;) AppleWebKit/537.36 (KHTML, like Gecko) Mobile Safari/537.36 (compatible; PetalBot;+https://webmaster.petalsearch.com/site/petalbot)"
114.119.147.86 - - [04/Jul/2022:00:57:47 +0000] "GET /node/1657?share=linkedin HTTP/1.1" 302 154 "https://mrchoke.org/node/1657?ak_action=accept_mobile" "Mozilla/5.0 (Linux; Android 7.0;) AppleWebKit/537.36 (KHTML, like Gecko) Mobile Safari/537.36 (compatible; PetalBot;+https://webmaster.petalsearch.com/site/petalbot)"
114.119.147.86 - - [04/Jul/2022:00:57:54 +0000] "GET /node/1657?share=linkedin HTTP/1.1" 301 178 "https://mrchoke.org/node/1657?ak_action=accept_mobile" "Mozilla/5.0 (Linux; Android 7.0;) AppleWebKit/537.36 (KHTML, like Gecko) Mobile Safari/537.36 (compatible; PetalBot;+https://webmaster.petalsearch.com/site/petalbot)"
114.119.147.86 - - [04/Jul/2022:00:58:09 +0000] "GET /node/1657/?share=linkedin HTTP/1.1" 200 11605 "https://mrchoke.org/node/1657?ak_action=accept_mobile" "Mozilla/5.0 (Linux; Android 7.0;) AppleWebKit/537.36 (KHTML, like Gecko) Mobile Safari/537.36 (compatible; PetalBot;+https://webmaster.petalsearch.com/site/petalbot)"
114.119.147.86 - - [04/Jul/2022:01:00:48 +0000] "GET /node/category/trip?ak_action=reject_mobile HTTP/1.1" 302 154 "https://mrchoke.org/node/category/trip/page/2?ak_action=reject_mobile" "Mozilla/5.0 (Linux; Android 7.0;) AppleWebKit/537.36 (KHTML, like Gecko) Mobile Safari/537.36 (compatible; PetalBot;+https://webmaster.petalsearch.com/site/petalbot)"
114.119.147.86 - - [04/Jul/2022:01:00:54 +0000] "GET /node/category/trip?ak_action=reject_mobile HTTP/1.1" 301 178 "https://mrchoke.org/node/category/trip/page/2?ak_action=reject_mobile" "Mozilla/5.0 (Linux; Android 7.0;) AppleWebKit/537.36 (KHTML, like Gecko) Mobile Safari/537.36 (compatible; PetalBot;+https://webmaster.petalsearch.com/site/petalbot)"
114.119.147.86 - - [04/Jul/2022:01:01:00 +0000] "GET /node/category/trip/?ak_action=reject_mobile HTTP/1.1" 200 14378 "https://mrchoke.org/node/category/trip/page/2?ak_action=reject_mobile" "Mozilla/5.0 (Linux; Android 7.0;) AppleWebKit/537.36 (KHTML, like Gecko) Mobile Safari/537.36 (compatible; PetalBot;+https://webmaster.petalsearch.com/site/petalbot)"
216.244.66.229 - - [04/Jul/2022:01:01:38 +0000] "GET /robots.txt HTTP/1.1" 404 162 "-" "Mozilla/5.0 (compatible; DotBot/1.2; +https://opensiteexplorer.org/dotbot; help@moz.com)"
51.222.253.18 - - [04/Jul/2022:01:01:39 +0000] "GET /node/581/img_1726/ HTTP/2.0" 200 7861 "-" "Mozilla/5.0 (compatible; AhrefsBot/7.0; +http://ahrefs.com/robot/)"
216.244.66.229 - - [04/Jul/2022:01:01:40 +0000] "GET /robots.txt HTTP/1.1" 404 162 "-" "Mozilla/5.0 (compatible; DotBot/1.2; +https://opensiteexplorer.org/dotbot; help@moz.com)"
185.191.171.2 - - [04/Jul/2022:01:06:02 +0000] "GET /img_6697 HTTP/1.1" 301 178 "-" "Mozilla/5.0 (compatible; SemrushBot/7~bl; +http://www.semrush.com/bot.html)"
185.191.171.40 - - [04/Jul/2022:01:06:04 +0000] "GET /img_6697/ HTTP/1.1" 200 7879 "-" "Mozilla/5.0 (compatible; SemrushBot/7~bl; +http://www.semrush.com/bot.html)"
185.7.214.104 - - [04/Jul/2022:01:06:15 +0000] "GET / HTTP/1.1" 200 396 "-" "Mozilla/5.0 (Windows NT 10.0; Win64; x64) AppleWebKit/537.36 (KHTML, like Gecko) Chrome/78.0.3904.108 Safari/537.36"
216.244.66.229 - - [04/Jul/2022:01:06:38 +0000] "GET /img_6732/ HTTP/1.1" 404 162 "-" "Mozilla/5.0 (compatible; DotBot/1.2; +https://opensiteexplorer.org/dotbot; help@moz.com)"
216.244.66.229 - - [04/Jul/2022:01:06:52 +0000] "GET /node/1504/img_7457 HTTP/1.1" 404 162 "-" "Mozilla/5.0 (compatible; DotBot/1.2; +https://opensiteexplorer.org/dotbot; help@moz.com)"
216.244.66.229 - - [04/Jul/2022:01:06:56 +0000] "GET /node/1731/img_7752 HTTP/1.1" 404 162 "-" "Mozilla/5.0 (compatible; DotBot/1.2; +https://opensiteexplorer.org/dotbot; help@moz.com)"
216.244.66.229 - - [04/Jul/2022:01:07:00 +0000] "GET /node/496 HTTP/1.1" 404 162 "-" "Mozilla/5.0 (compatible; DotBot/1.2; +https://opensiteexplorer.org/dotbot; help@moz.com)"
185.21.216.169 - - [04/Jul/2022:01:07:05 +0000] "GET / HTTP/1.1" 200 396 "-" "Mozilla/5.0 (Macintosh; Intel Mac OS X 10_15_7) AppleWebKit/537.36 (KHTML, like Gecko) Chrome/102.0.0.0 Safari/537.36"
216.244.66.229 - - [04/Jul/2022:01:08:54 +0000] "GET /node/154/feed HTTP/1.1" 404 162 "-" "Mozilla/5.0 (compatible; DotBot/1.2; +https://opensiteexplorer.org/dotbot; help@moz.com)"
114.119.147.87 - - [04/Jul/2022:01:09:48 +0000] "GET /node/1496?share=facebook HTTP/1.1" 302 154 "https://mrchoke.org/node/1496?ak_action=accept_mobile" "Mozilla/5.0 (Linux; Android 7.0;) AppleWebKit/537.36 (KHTML, like Gecko) Mobile Safari/537.36 (compatible; PetalBot;+https://webmaster.petalsearch.com/site/petalbot)"
216.244.66.229 - - [04/Jul/2022:01:09:49 +0000] "GET /node/category/blog/page/11 HTTP/1.1" 404 162 "-" "Mozilla/5.0 (compatible; DotBot/1.2; +https://opensiteexplorer.org/dotbot; help@moz.com)"
114.119.147.87 - - [04/Jul/2022:01:09:50 +0000] "GET /node/1496?share=facebook HTTP/1.1" 301 178 "https://mrchoke.org/node/1496?ak_action=accept_mobile" "Mozilla/5.0 (Linux; Android 7.0;) AppleWebKit/537.36 (KHTML, like Gecko) Mobile Safari/537.36 (compatible; PetalBot;+https://webmaster.petalsearch.com/site/petalbot)"
216.244.66.229 - - [04/Jul/2022:01:09:51 +0000] "GET /feed/?attachment_id=1152 HTTP/1.1" 404 162 "-" "Mozilla/5.0 (compatible; DotBot/1.2; +https://opensiteexplorer.org/dotbot; help@moz.com)"
114.119.147.87 - - [04/Jul/2022:01:09:52 +0000] "GET /node/1496/?share=facebook HTTP/1.1" 200 9850 "https://mrchoke.org/node/1496?ak_action=accept_mobile" "Mozilla/5.0 (Linux; Android 7.0;) AppleWebKit/537.36 (KHTML, like Gecko) Mobile Safari/537.36 (compatible; PetalBot;+https://webmaster.petalsearch.com/site/petalbot)"
216.244.66.229 - - [04/Jul/2022:01:09:56 +0000] "GET /feed/?attachment_id=1251 HTTP/1.1" 404 162 "-" "Mozilla/5.0 (compatible; DotBot/1.2; +https://opensiteexplorer.org/dotbot; help@moz.com)"
114.119.147.86 - - [04/Jul/2022:01:12:45 +0000] "GET /node/category/uncategorized/page/6 HTTP/1.1" 302 154 "https://mrchoke.org/node/category/uncategorized/page/7?ak_action=reject_mobile" "Mozilla/5.0 (Linux; Android 7.0;) AppleWebKit/537.36 (KHTML, like Gecko) Mobile Safari/537.36 (compatible; PetalBot;+https://webmaster.petalsearch.com/site/petalbot)"
114.119.147.86 - - [04/Jul/2022:01:12:49 +0000] "GET /node/category/uncategorized/page/6 HTTP/1.1" 301 178 "https://mrchoke.org/node/category/uncategorized/page/7?ak_action=reject_mobile" "Mozilla/5.0 (Linux; Android 7.0;) AppleWebKit/537.36 (KHTML, like Gecko) Mobile Safari/537.36 (compatible; PetalBot;+https://webmaster.petalsearch.com/site/petalbot)"
114.119.147.86 - - [04/Jul/2022:01:12:49 +0000] "GET /node/category/uncategorized/page/6/ HTTP/1.1" 200 18969 "https://mrchoke.org/node/category/uncategorized/page/7?ak_action=reject_mobile" "Mozilla/5.0 (Linux; Android 7.0;) AppleWebKit/537.36 (KHTML, like Gecko) Mobile Safari/537.36 (compatible; PetalBot;+https://webmaster.petalsearch.com/site/petalbot)"
51.222.253.3 - - [04/Jul/2022:01:13:11 +0000] "GET /node/51/ HTTP/2.0" 200 8964 "-" "Mozilla/5.0 (compatible; AhrefsBot/7.0; +http://ahrefs.com/robot/)"
216.244.66.229 - - [04/Jul/2022:01:15:26 +0000] "GET /wp-content/uploads/2014/01/CH7_3175.jpg HTTP/1.1" 404 162 "-" "Mozilla/5.0 (compatible; DotBot/1.2; +https://opensiteexplorer.org/dotbot; help@moz.com)"
114.119.147.86 - - [04/Jul/2022:01:15:43 +0000] "GET /node/date/2004/08/ HTTP/1.1" 404 134 "http://www.mrchoke.org/node/date/2004/08/page/2" "Mozilla/5.0 (Linux; Android 7.0;) AppleWebKit/537.36 (KHTML, like Gecko) Mobile Safari/537.36 (compatible; PetalBot;+https://webmaster.petalsearch.com/site/petalbot)"
207.46.13.149 - - [04/Jul/2022:01:16:50 +0000] "GET /files/u1/loy-49-03.jpg HTTP/2.0" 200 24939 "-" "Mozilla/5.0 (compatible; bingbot/2.0; +http://www.bing.com/bingbot.htm)"
114.119.147.81 - - [04/Jul/2022:01:18:43 +0000] "GET /node/422 HTTP/1.1" 301 178 "https://mrchoke.org/node/423?ak_action=reject_mobile" "Mozilla/5.0 (Linux; Android 7.0;) AppleWebKit/537.36 (KHTML, like Gecko) Mobile Safari/537.36 (compatible; PetalBot;+https://webmaster.petalsearch.com/site/petalbot)"
114.119.147.81 - - [04/Jul/2022:01:18:45 +0000] "GET /node/422/ HTTP/1.1" 200 8954 "https://mrchoke.org/node/423?ak_action=reject_mobile" "Mozilla/5.0 (Linux; Android 7.0;) AppleWebKit/537.36 (KHTML, like Gecko) Mobile Safari/537.36 (compatible; PetalBot;+https://webmaster.petalsearch.com/site/petalbot)"
114.119.147.74 - - [04/Jul/2022:01:21:42 +0000] "GET /node/439?share=facebook HTTP/1.1" 302 154 "https://mrchoke.org/node/439?replytocom=519&ak_action=reject_mobile" "Mozilla/5.0 (Linux; Android 7.0;) AppleWebKit/537.36 (KHTML, like Gecko) Mobile Safari/537.36 (compatible; PetalBot;+https://webmaster.petalsearch.com/site/petalbot)"
114.119.147.74 - - [04/Jul/2022:01:21:42 +0000] "GET /node/439?share=facebook HTTP/1.1" 301 178 "https://mrchoke.org/node/439?replytocom=519&ak_action=reject_mobile" "Mozilla/5.0 (Linux; Android 7.0;) AppleWebKit/537.36 (KHTML, like Gecko) Mobile Safari/537.36 (compatible; PetalBot;+https://webmaster.petalsearch.com/site/petalbot)"
114.119.147.74 - - [04/Jul/2022:01:21:43 +0000] "GET /node/439/?share=facebook HTTP/1.1" 200 9134 "https://mrchoke.org/node/439?replytocom=519&ak_action=reject_mobile" "Mozilla/5.0 (Linux; Android 7.0;) AppleWebKit/537.36 (KHTML, like Gecko) Mobile Safari/537.36 (compatible; PetalBot;+https://webmaster.petalsearch.com/site/petalbot)"
114.119.147.87 - - [04/Jul/2022:01:24:41 +0000] "GET /node/1839/ch7_5475_2?share=reddit HTTP/1.1" 302 154 "https://mrchoke.org/node/1839/ch7_5475_2" "Mozilla/5.0 (Linux; Android 7.0;) AppleWebKit/537.36 (KHTML, like Gecko) Mobile Safari/537.36 (compatible; PetalBot;+https://webmaster.petalsearch.com/site/petalbot)"
114.119.147.87 - - [04/Jul/2022:01:24:41 +0000] "GET /node/1839/ch7_5475_2?share=reddit HTTP/1.1" 301 178 "https://mrchoke.org/node/1839/ch7_5475_2" "Mozilla/5.0 (Linux; Android 7.0;) AppleWebKit/537.36 (KHTML, like Gecko) Mobile Safari/537.36 (compatible; PetalBot;+https://webmaster.petalsearch.com/site/petalbot)"
114.119.147.87 - - [04/Jul/2022:01:24:41 +0000] "GET /node/1839/ch7_5475_2/?share=reddit HTTP/1.1" 200 7864 "https://mrchoke.org/node/1839/ch7_5475_2" "Mozilla/5.0 (Linux; Android 7.0;) AppleWebKit/537.36 (KHTML, like Gecko) Mobile Safari/537.36 (compatible; PetalBot;+https://webmaster.petalsearch.com/site/petalbot)"
114.119.147.81 - - [04/Jul/2022:01:27:50 +0000] "GET /node/393?share=reddit HTTP/1.1" 302 154 "https://mrchoke.org/node/393?replytocom=489" "Mozilla/5.0 (Linux; Android 7.0;) AppleWebKit/537.36 (KHTML, like Gecko) Mobile Safari/537.36 (compatible; PetalBot;+https://webmaster.petalsearch.com/site/petalbot)"
114.119.147.81 - - [04/Jul/2022:01:27:52 +0000] "GET /node/393?share=reddit HTTP/1.1" 301 178 "https://mrchoke.org/node/393?replytocom=489" "Mozilla/5.0 (Linux; Android 7.0;) AppleWebKit/537.36 (KHTML, like Gecko) Mobile Safari/537.36 (compatible; PetalBot;+https://webmaster.petalsearch.com/site/petalbot)"
114.119.147.81 - - [04/Jul/2022:01:27:52 +0000] "GET /node/393/?share=reddit HTTP/1.1" 200 10162 "https://mrchoke.org/node/393?replytocom=489" "Mozilla/5.0 (Linux; Android 7.0;) AppleWebKit/537.36 (KHTML, like Gecko) Mobile Safari/537.36 (compatible; PetalBot;+https://webmaster.petalsearch.com/site/petalbot)"
114.119.147.81 - - [04/Jul/2022:01:30:44 +0000] "GET /node/date/2012/06/16 HTTP/1.1" 301 178 "https://mrchoke.org/node/624?ak_action=accept_mobile" "Mozilla/5.0 (Linux; Android 7.0;) AppleWebKit/537.36 (KHTML, like Gecko) Mobile Safari/537.36 (compatible; PetalBot;+https://webmaster.petalsearch.com/site/petalbot)"
114.119.147.81 - - [04/Jul/2022:01:30:49 +0000] "GET /node/date/2012/06/16/ HTTP/1.1" 200 7837 "https://mrchoke.org/node/624?ak_action=accept_mobile" "Mozilla/5.0 (Linux; Android 7.0;) AppleWebKit/537.36 (KHTML, like Gecko) Mobile Safari/537.36 (compatible; PetalBot;+https://webmaster.petalsearch.com/site/petalbot)"
114.119.147.87 - - [04/Jul/2022:01:33:36 +0000] "GET /node/926/img_6352?share=linkedin HTTP/1.1" 302 154 "https://mrchoke.org/node/926/img_6352?ak_action=accept_mobile" "Mozilla/5.0 (Linux; Android 7.0;) AppleWebKit/537.36 (KHTML, like Gecko) Mobile Safari/537.36 (compatible; PetalBot;+https://webmaster.petalsearch.com/site/petalbot)"
114.119.147.87 - - [04/Jul/2022:01:33:36 +0000] "GET /node/926/img_6352?share=linkedin HTTP/1.1" 301 178 "https://mrchoke.org/node/926/img_6352?ak_action=accept_mobile" "Mozilla/5.0 (Linux; Android 7.0;) AppleWebKit/537.36 (KHTML, like Gecko) Mobile Safari/537.36 (compatible; PetalBot;+https://webmaster.petalsearch.com/site/petalbot)"
114.119.147.87 - - [04/Jul/2022:01:33:37 +0000] "GET /node/926/img_6352/?share=linkedin HTTP/1.1" 200 7940 "https://mrchoke.org/node/926/img_6352?ak_action=accept_mobile" "Mozilla/5.0 (Linux; Android 7.0;) AppleWebKit/537.36 (KHTML, like Gecko) Mobile Safari/537.36 (compatible; PetalBot;+https://webmaster.petalsearch.com/site/petalbot)"
207.246.113.16 - - [04/Jul/2022:01:35:26 +0000] "GET / HTTP/1.1" 301 178 "-" "Mozilla/5.0 zgrab/0.x"
167.248.133.44 - - [04/Jul/2022:01:36:40 +0000] "GET / HTTP/1.1" 200 612 "-" "-"
167.248.133.44 - - [04/Jul/2022:01:36:41 +0000] "GET / HTTP/1.1" 200 396 "-" "Mozilla/5.0 (compatible; CensysInspect/1.1; +https://about.censys.io/)"
167.248.133.44 - - [04/Jul/2022:01:36:41 +0000] "PRI * HTTP/2.0" 400 166 "-" "-"
114.119.147.81 - - [04/Jul/2022:01:36:46 +0000] "GET /node/tag/endomondo?ak_action=reject_mobile HTTP/1.1" 302 154 "https://mrchoke.org/node/tag/endomondo?ak_action=accept_mobile" "Mozilla/5.0 (Linux; Android 7.0;) AppleWebKit/537.36 (KHTML, like Gecko) Mobile Safari/537.36 (compatible; PetalBot;+https://webmaster.petalsearch.com/site/petalbot)"
114.119.147.81 - - [04/Jul/2022:01:36:54 +0000] "GET /node/tag/endomondo?ak_action=reject_mobile HTTP/1.1" 301 178 "https://mrchoke.org/node/tag/endomondo?ak_action=accept_mobile" "Mozilla/5.0 (Linux; Android 7.0;) AppleWebKit/537.36 (KHTML, like Gecko) Mobile Safari/537.36 (compatible; PetalBot;+https://webmaster.petalsearch.com/site/petalbot)"
114.119.147.81 - - [04/Jul/2022:01:36:55 +0000] "GET /node/tag/endomondo/?ak_action=reject_mobile HTTP/1.1" 200 12644 "https://mrchoke.org/node/tag/endomondo?ak_action=accept_mobile" "Mozilla/5.0 (Linux; Android 7.0;) AppleWebKit/537.36 (KHTML, like Gecko) Mobile Safari/537.36 (compatible; PetalBot;+https://webmaster.petalsearch.com/site/petalbot)"
185.7.214.104 - - [04/Jul/2022:01:37:34 +0000] "POST /cgi-bin/.%2e/.%2e/.%2e/.%2e/bin/sh HTTP/1.1" 400 166 "-" "-"
185.191.171.37 - - [04/Jul/2022:01:38:35 +0000] "GET /robots.txt HTTP/1.1" 404 134 "-" "Mozilla/5.0 (compatible; SemrushBot/7~bl; +http://www.semrush.com/bot.html)"
185.191.171.6 - - [04/Jul/2022:01:38:36 +0000] "GET /node/date/2006/12 HTTP/1.1" 302 154 "-" "Mozilla/5.0 (compatible; SemrushBot/7~bl; +http://www.semrush.com/bot.html)"
185.191.171.9 - - [04/Jul/2022:01:38:37 +0000] "GET /robots.txt HTTP/1.1" 404 134 "-" "Mozilla/5.0 (compatible; SemrushBot/7~bl; +http://www.semrush.com/bot.html)"
185.191.171.1 - - [04/Jul/2022:01:38:39 +0000] "GET /node/date/2006/12 HTTP/1.1" 301 178 "-" "Mozilla/5.0 (compatible; SemrushBot/7~bl; +http://www.semrush.com/bot.html)"
185.191.171.36 - - [04/Jul/2022:01:38:41 +0000] "GET /node/date/2006/12/ HTTP/1.1" 200 11590 "-" "Mozilla/5.0 (compatible; SemrushBot/7~bl; +http://www.semrush.com/bot.html)"
114.119.147.87 - - [04/Jul/2022:01:39:35 +0000] "GET /node/1786?share=reddit HTTP/1.1" 302 154 "https://mrchoke.org/node/1786" "Mozilla/5.0 (Linux; Android 7.0;) AppleWebKit/537.36 (KHTML, like Gecko) Mobile Safari/537.36 (compatible; PetalBot;+https://webmaster.petalsearch.com/site/petalbot)"
114.119.147.87 - - [04/Jul/2022:01:39:35 +0000] "GET /node/1786?share=reddit HTTP/1.1" 301 178 "https://mrchoke.org/node/1786" "Mozilla/5.0 (Linux; Android 7.0;) AppleWebKit/537.36 (KHTML, like Gecko) Mobile Safari/537.36 (compatible; PetalBot;+https://webmaster.petalsearch.com/site/petalbot)"
114.119.147.87 - - [04/Jul/2022:01:39:35 +0000] "GET /node/1786/?share=reddit HTTP/1.1" 200 9402 "https://mrchoke.org/node/1786" "Mozilla/5.0 (Linux; Android 7.0;) AppleWebKit/537.36 (KHTML, like Gecko) Mobile Safari/537.36 (compatible; PetalBot;+https://webmaster.petalsearch.com/site/petalbot)"
114.119.147.87 - - [04/Jul/2022:01:42:31 +0000] "GET /node/939/img_6442?share=twitter HTTP/1.1" 302 154 "https://mrchoke.org/node/939/img_6442?ak_action=accept_mobile" "Mozilla/5.0 (Linux; Android 7.0;) AppleWebKit/537.36 (KHTML, like Gecko) Mobile Safari/537.36 (compatible; PetalBot;+https://webmaster.petalsearch.com/site/petalbot)"
114.119.147.87 - - [04/Jul/2022:01:42:34 +0000] "GET /node/939/img_6442?share=twitter HTTP/1.1" 301 178 "https://mrchoke.org/node/939/img_6442?ak_action=accept_mobile" "Mozilla/5.0 (Linux; Android 7.0;) AppleWebKit/537.36 (KHTML, like Gecko) Mobile Safari/537.36 (compatible; PetalBot;+https://webmaster.petalsearch.com/site/petalbot)"
114.119.147.87 - - [04/Jul/2022:01:42:35 +0000] "GET /node/939/img_6442/?share=twitter HTTP/1.1" 200 7882 "https://mrchoke.org/node/939/img_6442?ak_action=accept_mobile" "Mozilla/5.0 (Linux; Android 7.0;) AppleWebKit/537.36 (KHTML, like Gecko) Mobile Safari/537.36 (compatible; PetalBot;+https://webmaster.petalsearch.com/site/petalbot)"
114.119.147.73 - - [04/Jul/2022:01:45:35 +0000] "GET /img_7685 HTTP/1.1" 301 178 "https://mrchoke.org/node/1706" "Mozilla/5.0 (Linux; Android 7.0;) AppleWebKit/537.36 (KHTML, like Gecko) Mobile Safari/537.36 (compatible; PetalBot;+https://webmaster.petalsearch.com/site/petalbot)"
114.119.147.73 - - [04/Jul/2022:01:45:39 +0000] "GET /img_7685/ HTTP/1.1" 200 7889 "https://mrchoke.org/node/1706" "Mozilla/5.0 (Linux; Android 7.0;) AppleWebKit/537.36 (KHTML, like Gecko) Mobile Safari/537.36 (compatible; PetalBot;+https://webmaster.petalsearch.com/site/petalbot)"
82.141.165.101 - - [04/Jul/2022:01:47:06 +0000] "GET / HTTP/1.1" 200 612 "-" "Mozilla/5.0 (Windows NT 6.1; WOW64) AppleWebKit/537.36 (KHTML, like Gecko) Chrome/51.0.2704.103 Safari/537.36"
13.66.139.0 - - [04/Jul/2022:01:47:54 +0000] "GET /robots.txt HTTP/2.0" 404 123 "-" "Mozilla/5.0 (compatible; bingbot/2.0; +http://www.bing.com/bingbot.htm)"
13.66.139.19 - - [04/Jul/2022:01:48:06 +0000] "GET /ch7_4218/ HTTP/2.0" 200 7866 "-" "Mozilla/5.0 (compatible; bingbot/2.0; +http://www.bing.com/bingbot.htm)"
114.119.147.97 - - [04/Jul/2022:01:48:39 +0000] "GET /node/tag/hack?ak_action=reject_mobile HTTP/1.1" 302 154 "https://mrchoke.org/node/tag/hack?ak_action=accept_mobile" "Mozilla/5.0 (Linux; Android 7.0;) AppleWebKit/537.36 (KHTML, like Gecko) Mobile Safari/537.36 (compatible; PetalBot;+https://webmaster.petalsearch.com/site/petalbot)"
114.119.147.97 - - [04/Jul/2022:01:48:41 +0000] "GET /node/tag/hack?ak_action=reject_mobile HTTP/1.1" 301 178 "https://mrchoke.org/node/tag/hack?ak_action=accept_mobile" "Mozilla/5.0 (Linux; Android 7.0;) AppleWebKit/537.36 (KHTML, like Gecko) Mobile Safari/537.36 (compatible; PetalBot;+https://webmaster.petalsearch.com/site/petalbot)"
114.119.147.97 - - [04/Jul/2022:01:48:46 +0000] "GET /node/tag/hack/?ak_action=reject_mobile HTTP/1.1" 200 8817 "https://mrchoke.org/node/tag/hack?ak_action=accept_mobile" "Mozilla/5.0 (Linux; Android 7.0;) AppleWebKit/537.36 (KHTML, like Gecko) Mobile Safari/537.36 (compatible; PetalBot;+https://webmaster.petalsearch.com/site/petalbot)"
114.119.147.74 - - [04/Jul/2022:01:51:55 +0000] "GET /node/385?ak_action=reject_mobile HTTP/1.1" 302 154 "https://mrchoke.org/node/385?ak_action=accept_mobile" "Mozilla/5.0 (Linux; Android 7.0;) AppleWebKit/537.36 (KHTML, like Gecko) Mobile Safari/537.36 (compatible; PetalBot;+https://webmaster.petalsearch.com/site/petalbot)"
51.222.253.6 - - [04/Jul/2022:01:51:59 +0000] "GET /node/1754/img_7781 HTTP/2.0" 301 178 "-" "Mozilla/5.0 (compatible; AhrefsBot/7.0; +http://ahrefs.com/robot/)"
114.119.147.74 - - [04/Jul/2022:01:51:59 +0000] "GET /node/385?ak_action=reject_mobile HTTP/1.1" 301 178 "https://mrchoke.org/node/385?ak_action=accept_mobile" "Mozilla/5.0 (Linux; Android 7.0;) AppleWebKit/537.36 (KHTML, like Gecko) Mobile Safari/537.36 (compatible; PetalBot;+https://webmaster.petalsearch.com/site/petalbot)"
