138.201.192.37 - - [25/Jun/2022:10:54:21 +0000] "GET /node/50 HTTP/1.1" 301 178 "-" "Mozilla/5.0 (compatible; DataForSeoBot/1.0; +https://dataforseo.com/dataforseo-bot)"
138.201.192.37 - - [25/Jun/2022:10:54:28 +0000] "GET /node/224/ HTTP/1.1" 200 8570 "-" "Mozilla/5.0 (compatible; DataForSeoBot/1.0; +https://dataforseo.com/dataforseo-bot)"
138.201.192.37 - - [25/Jun/2022:10:54:34 +0000] "GET /node/218/ HTTP/1.1" 200 8760 "-" "Mozilla/5.0 (compatible; DataForSeoBot/1.0; +https://dataforseo.com/dataforseo-bot)"
138.201.192.37 - - [25/Jun/2022:10:54:41 +0000] "GET /node/480/ HTTP/1.1" 200 8345 "-" "Mozilla/5.0 (compatible; DataForSeoBot/1.0; +https://dataforseo.com/dataforseo-bot)"
138.201.192.37 - - [25/Jun/2022:10:54:51 +0000] "GET /node/1815/ch7_4290 HTTP/1.1" 301 178 "-" "Mozilla/5.0 (compatible; DataForSeoBot/1.0; +https://dataforseo.com/dataforseo-bot)"
138.201.192.37 - - [25/Jun/2022:10:55:00 +0000] "GET /node/601 HTTP/1.1" 301 178 "-" "Mozilla/5.0 (compatible; DataForSeoBot/1.0; +https://dataforseo.com/dataforseo-bot)"
138.201.192.37 - - [25/Jun/2022:10:55:08 +0000] "GET /node/221 HTTP/1.1" 301 178 "-" "Mozilla/5.0 (compatible; DataForSeoBot/1.0; +https://dataforseo.com/dataforseo-bot)"
138.201.192.37 - - [25/Jun/2022:10:55:16 +0000] "GET /node/114 HTTP/1.1" 301 178 "-" "Mozilla/5.0 (compatible; DataForSeoBot/1.0; +https://dataforseo.com/dataforseo-bot)"
138.201.192.37 - - [25/Jun/2022:10:55:23 +0000] "GET /node/category/microsoft/ HTTP/1.1" 200 8493 "-" "Mozilla/5.0 (compatible; DataForSeoBot/1.0; +https://dataforseo.com/dataforseo-bot)"
138.201.192.37 - - [25/Jun/2022:10:55:31 +0000] "GET /node/100 HTTP/1.1" 301 178 "-" "Mozilla/5.0 (compatible; DataForSeoBot/1.0; +https://dataforseo.com/dataforseo-bot)"
114.119.147.97 - - [25/Jun/2022:10:55:35 +0000] "GET /node/date/2007/06/ HTTP/1.1" 404 134 "http://www.mrchoke.org/node/date/2007/06/page/2" "Mozilla/5.0 (Linux; Android 7.0;) AppleWebKit/537.36 (KHTML, like Gecko) Mobile Safari/537.36 (compatible; PetalBot;+https://webmaster.petalsearch.com/site/petalbot)"
138.201.192.37 - - [25/Jun/2022:10:55:39 +0000] "GET /node/1786/ch7_4264 HTTP/1.1" 301 178 "-" "Mozilla/5.0 (compatible; DataForSeoBot/1.0; +https://dataforseo.com/dataforseo-bot)"
216.244.66.229 - - [25/Jun/2022:10:55:46 +0000] "GET /node/1120/feed HTTP/1.1" 404 162 "-" "Mozilla/5.0 (compatible; DotBot/1.2; +https://opensiteexplorer.org/dotbot; help@moz.com)"
138.201.192.37 - - [25/Jun/2022:10:55:47 +0000] "GET /node/date/2005/03/page/2 HTTP/1.1" 301 178 "-" "Mozilla/5.0 (compatible; DataForSeoBot/1.0; +https://dataforseo.com/dataforseo-bot)"
216.244.66.229 - - [25/Jun/2022:10:55:51 +0000] "GET /node/16/feed HTTP/1.1" 404 162 "-" "Mozilla/5.0 (compatible; DotBot/1.2; +https://opensiteexplorer.org/dotbot; help@moz.com)"
216.244.66.229 - - [25/Jun/2022:10:55:55 +0000] "GET /node/442/feed HTTP/1.1" 404 162 "-" "Mozilla/5.0 (compatible; DotBot/1.2; +https://opensiteexplorer.org/dotbot; help@moz.com)"
138.201.192.37 - - [25/Jun/2022:10:55:55 +0000] "GET /node/category/linux/page/2 HTTP/1.1" 301 178 "-" "Mozilla/5.0 (compatible; DataForSeoBot/1.0; +https://dataforseo.com/dataforseo-bot)"
138.201.192.37 - - [25/Jun/2022:10:56:04 +0000] "GET /node/152 HTTP/1.1" 301 178 "-" "Mozilla/5.0 (compatible; DataForSeoBot/1.0; +https://dataforseo.com/dataforseo-bot)"
138.201.192.37 - - [25/Jun/2022:10:56:12 +0000] "GET /node/228 HTTP/1.1" 301 178 "-" "Mozilla/5.0 (compatible; DataForSeoBot/1.0; +https://dataforseo.com/dataforseo-bot)"
138.201.192.37 - - [25/Jun/2022:10:56:18 +0000] "GET /node/235/ HTTP/1.1" 200 8820 "-" "Mozilla/5.0 (compatible; DataForSeoBot/1.0; +https://dataforseo.com/dataforseo-bot)"
138.201.192.37 - - [25/Jun/2022:10:56:25 +0000] "GET /node/232/ HTTP/1.1" 200 8481 "-" "Mozilla/5.0 (compatible; DataForSeoBot/1.0; +https://dataforseo.com/dataforseo-bot)"
138.201.192.37 - - [25/Jun/2022:10:56:34 +0000] "GET /node/214 HTTP/1.1" 301 178 "-" "Mozilla/5.0 (compatible; DataForSeoBot/1.0; +https://dataforseo.com/dataforseo-bot)"
40.77.167.43 - - [25/Jun/2022:10:56:36 +0000] "GET /node/83/feed HTTP/2.0" 301 178 "-" "Mozilla/5.0 (compatible; bingbot/2.0; +http://www.bing.com/bingbot.htm)"
138.201.192.37 - - [25/Jun/2022:10:56:40 +0000] "GET /node/1510/img_7461 HTTP/1.1" 301 178 "-" "Mozilla/5.0 (compatible; DataForSeoBot/1.0; +https://dataforseo.com/dataforseo-bot)"
40.77.167.43 - - [25/Jun/2022:10:56:46 +0000] "GET /node/83/feed/ HTTP/2.0" 403 123 "-" "Mozilla/5.0 (compatible; bingbot/2.0; +http://www.bing.com/bingbot.htm)"
138.201.192.37 - - [25/Jun/2022:10:56:49 +0000] "GET /node/49/ HTTP/1.1" 200 10212 "-" "Mozilla/5.0 (compatible; DataForSeoBot/1.0; +https://dataforseo.com/dataforseo-bot)"
138.201.192.37 - - [25/Jun/2022:10:56:56 +0000] "GET /node/1885/5/ HTTP/1.1" 200 10346 "-" "Mozilla/5.0 (compatible; DataForSeoBot/1.0; +https://dataforseo.com/dataforseo-bot)"
138.201.192.37 - - [25/Jun/2022:10:57:02 +0000] "GET /node/184/ HTTP/1.1" 200 8657 "-" "Mozilla/5.0 (compatible; DataForSeoBot/1.0; +https://dataforseo.com/dataforseo-bot)"
138.201.192.37 - - [25/Jun/2022:10:57:10 +0000] "GET /node/1815/ch7_4338 HTTP/1.1" 301 178 "-" "Mozilla/5.0 (compatible; DataForSeoBot/1.0; +https://dataforseo.com/dataforseo-bot)"
138.201.192.37 - - [25/Jun/2022:10:57:16 +0000] "GET /img_7463 HTTP/1.1" 301 178 "-" "Mozilla/5.0 (compatible; DataForSeoBot/1.0; +https://dataforseo.com/dataforseo-bot)"
138.201.192.37 - - [25/Jun/2022:10:57:22 +0000] "GET /node/230/ HTTP/1.1" 200 9273 "-" "Mozilla/5.0 (compatible; DataForSeoBot/1.0; +https://dataforseo.com/dataforseo-bot)"
54.36.149.5 - - [25/Jun/2022:10:57:30 +0000] "GET /node/378/ HTTP/2.0" 200 9011 "-" "Mozilla/5.0 (compatible; AhrefsBot/7.0; +http://ahrefs.com/robot/)"
138.201.192.37 - - [25/Jun/2022:10:57:31 +0000] "GET /node/441 HTTP/1.1" 301 178 "-" "Mozilla/5.0 (compatible; DataForSeoBot/1.0; +https://dataforseo.com/dataforseo-bot)"
205.210.31.136 - - [25/Jun/2022:10:57:32 +0000] "GET / HTTP/1.1" 200 60691 "-" "Expanse, a Palo Alto Networks company, searches across the global IPv4 space multiple times per day to identify customers&#39; presences on the Internet. If you would like to be excluded from our scans, please send IP addresses/domains to: scaninfo@paloaltonetworks.com"
138.201.192.37 - - [25/Jun/2022:10:57:37 +0000] "GET /node/category/ubuntu/page/2/ HTTP/1.1" 200 12540 "-" "Mozilla/5.0 (compatible; DataForSeoBot/1.0; +https://dataforseo.com/dataforseo-bot)"
138.201.192.37 - - [25/Jun/2022:10:57:44 +0000] "GET /node/246/ HTTP/1.1" 200 8987 "-" "Mozilla/5.0 (compatible; DataForSeoBot/1.0; +https://dataforseo.com/dataforseo-bot)"
138.201.192.37 - - [25/Jun/2022:10:57:51 +0000] "GET /node/755 HTTP/1.1" 301 178 "-" "Mozilla/5.0 (compatible; DataForSeoBot/1.0; +https://dataforseo.com/dataforseo-bot)"
138.201.192.37 - - [25/Jun/2022:10:57:58 +0000] "GET /node/category/ios/%E0%B8%97%E0%B8%B5%E0%B9%88%E0%B8%A1%E0%B8%B2:%20http:/www.pcworld.com/article/252326/new_ipad_slow_to_recharge_barely_charges_during_use.html HTTP/1.1" 404 134 "-" "Mozilla/5.0 (compatible; DataForSeoBot/1.0; +https://dataforseo.com/dataforseo-bot)"
138.201.192.37 - - [25/Jun/2022:10:58:06 +0000] "GET /node/46/ HTTP/1.1" 200 8625 "-" "Mozilla/5.0 (compatible; DataForSeoBot/1.0; +https://dataforseo.com/dataforseo-bot)"
138.201.192.37 - - [25/Jun/2022:10:58:14 +0000] "GET /node/573 HTTP/1.1" 301 178 "-" "Mozilla/5.0 (compatible; DataForSeoBot/1.0; +https://dataforseo.com/dataforseo-bot)"
138.201.192.37 - - [25/Jun/2022:10:58:19 +0000] "GET /node/255 HTTP/1.1" 301 178 "-" "Mozilla/5.0 (compatible; DataForSeoBot/1.0; +https://dataforseo.com/dataforseo-bot)"
138.201.192.37 - - [25/Jun/2022:10:58:26 +0000] "GET /node/693/3 HTTP/1.1" 301 178 "-" "Mozilla/5.0 (compatible; DataForSeoBot/1.0; +https://dataforseo.com/dataforseo-bot)"
138.201.192.37 - - [25/Jun/2022:10:58:34 +0000] "GET /node/363 HTTP/1.1" 301 178 "-" "Mozilla/5.0 (compatible; DataForSeoBot/1.0; +https://dataforseo.com/dataforseo-bot)"
216.244.66.229 - - [25/Jun/2022:10:58:39 +0000] "GET /node/318/?replytocom=339 HTTP/1.1" 404 162 "-" "Mozilla/5.0 (compatible; DotBot/1.2; +https://opensiteexplorer.org/dotbot; help@moz.com)"
138.201.192.37 - - [25/Jun/2022:10:58:40 +0000] "GET /node/145 HTTP/1.1" 301 178 "-" "Mozilla/5.0 (compatible; DataForSeoBot/1.0; +https://dataforseo.com/dataforseo-bot)"
138.201.192.37 - - [25/Jun/2022:10:58:46 +0000] "GET /node/442 HTTP/1.1" 301 178 "-" "Mozilla/5.0 (compatible; DataForSeoBot/1.0; +https://dataforseo.com/dataforseo-bot)"
138.201.192.37 - - [25/Jun/2022:10:58:56 +0000] "GET /node/179 HTTP/1.1" 301 178 "-" "Mozilla/5.0 (compatible; DataForSeoBot/1.0; +https://dataforseo.com/dataforseo-bot)"
138.201.192.37 - - [25/Jun/2022:10:59:04 +0000] "GET /node/238 HTTP/1.1" 301 178 "-" "Mozilla/5.0 (compatible; DataForSeoBot/1.0; +https://dataforseo.com/dataforseo-bot)"
138.201.192.37 - - [25/Jun/2022:10:59:12 +0000] "GET /node/213 HTTP/1.1" 301 178 "-" "Mozilla/5.0 (compatible; DataForSeoBot/1.0; +https://dataforseo.com/dataforseo-bot)"
114.119.147.86 - - [25/Jun/2022:10:59:15 +0000] "GET /node/939/img_6443?share=facebook HTTP/1.1" 302 154 "https://mrchoke.org/node/939/img_6443?ak_action=accept_mobile" "Mozilla/5.0 (Linux; Android 7.0;) AppleWebKit/537.36 (KHTML, like Gecko) Mobile Safari/537.36 (compatible; PetalBot;+https://webmaster.petalsearch.com/site/petalbot)"
114.119.147.86 - - [25/Jun/2022:10:59:16 +0000] "GET /node/939/img_6443?share=facebook HTTP/1.1" 301 178 "https://mrchoke.org/node/939/img_6443?ak_action=accept_mobile" "Mozilla/5.0 (Linux; Android 7.0;) AppleWebKit/537.36 (KHTML, like Gecko) Mobile Safari/537.36 (compatible; PetalBot;+https://webmaster.petalsearch.com/site/petalbot)"
114.119.147.86 - - [25/Jun/2022:10:59:16 +0000] "GET /node/939/img_6443/?share=facebook HTTP/1.1" 200 7937 "https://mrchoke.org/node/939/img_6443?ak_action=accept_mobile" "Mozilla/5.0 (Linux; Android 7.0;) AppleWebKit/537.36 (KHTML, like Gecko) Mobile Safari/537.36 (compatible; PetalBot;+https://webmaster.petalsearch.com/site/petalbot)"
138.201.192.37 - - [25/Jun/2022:10:59:20 +0000] "GET /node/366 HTTP/1.1" 301 178 "-" "Mozilla/5.0 (compatible; DataForSeoBot/1.0; +https://dataforseo.com/dataforseo-bot)"
138.201.192.37 - - [25/Jun/2022:10:59:27 +0000] "GET /node/188 HTTP/1.1" 301 178 "-" "Mozilla/5.0 (compatible; DataForSeoBot/1.0; +https://dataforseo.com/dataforseo-bot)"
138.201.192.37 - - [25/Jun/2022:10:59:36 +0000] "GET /node/393/ HTTP/1.1" 200 10162 "-" "Mozilla/5.0 (compatible; DataForSeoBot/1.0; +https://dataforseo.com/dataforseo-bot)"
138.201.192.37 - - [25/Jun/2022:10:59:44 +0000] "GET /node/193 HTTP/1.1" 301 178 "-" "Mozilla/5.0 (compatible; DataForSeoBot/1.0; +https://dataforseo.com/dataforseo-bot)"
40.77.167.46 - - [25/Jun/2022:10:59:47 +0000] "GET /node/755 HTTP/2.0" 302 154 "-" "Mozilla/5.0 (compatible; bingbot/2.0; +http://www.bing.com/bingbot.htm)"
138.201.192.37 - - [25/Jun/2022:10:59:52 +0000] "GET /node/693/5 HTTP/1.1" 301 178 "-" "Mozilla/5.0 (compatible; DataForSeoBot/1.0; +https://dataforseo.com/dataforseo-bot)"
40.77.167.46 - - [25/Jun/2022:10:59:57 +0000] "GET /node/755 HTTP/2.0" 301 178 "-" "Mozilla/5.0 (compatible; bingbot/2.0; +http://www.bing.com/bingbot.htm)"
138.201.192.37 - - [25/Jun/2022:11:00:02 +0000] "GET /node/693/6 HTTP/1.1" 301 178 "-" "Mozilla/5.0 (compatible; DataForSeoBot/1.0; +https://dataforseo.com/dataforseo-bot)"
40.77.167.46 - - [25/Jun/2022:11:00:07 +0000] "GET /node/755/ HTTP/2.0" 200 11668 "-" "Mozilla/5.0 (compatible; bingbot/2.0; +http://www.bing.com/bingbot.htm)"
138.201.192.37 - - [25/Jun/2022:11:00:10 +0000] "GET /img_7459 HTTP/1.1" 301 178 "-" "Mozilla/5.0 (compatible; DataForSeoBot/1.0; +https://dataforseo.com/dataforseo-bot)"
138.201.192.37 - - [25/Jun/2022:11:00:16 +0000] "GET /node/category/dreamhost/ HTTP/1.1" 200 9164 "-" "Mozilla/5.0 (compatible; DataForSeoBot/1.0; +https://dataforseo.com/dataforseo-bot)"
138.201.192.37 - - [25/Jun/2022:11:00:24 +0000] "GET /node/197 HTTP/1.1" 301 178 "-" "Mozilla/5.0 (compatible; DataForSeoBot/1.0; +https://dataforseo.com/dataforseo-bot)"
138.201.192.37 - - [25/Jun/2022:11:00:28 +0000] "GET /gallery/?g2_itemId=8621 HTTP/1.1" 404 134 "-" "Mozilla/5.0 (compatible; DataForSeoBot/1.0; +https://dataforseo.com/dataforseo-bot)"
138.201.192.37 - - [25/Jun/2022:11:00:31 +0000] "GET /node/374 HTTP/1.1" 301 178 "-" "Mozilla/5.0 (compatible; DataForSeoBot/1.0; +https://dataforseo.com/dataforseo-bot)"
138.201.192.37 - - [25/Jun/2022:11:00:39 +0000] "GET /node/1510 HTTP/1.1" 301 178 "-" "Mozilla/5.0 (compatible; DataForSeoBot/1.0; +https://dataforseo.com/dataforseo-bot)"
138.201.192.37 - - [25/Jun/2022:11:00:48 +0000] "GET /node/29 HTTP/1.1" 301 178 "-" "Mozilla/5.0 (compatible; DataForSeoBot/1.0; +https://dataforseo.com/dataforseo-bot)"
138.201.192.37 - - [25/Jun/2022:11:00:58 +0000] "GET /node/371 HTTP/1.1" 301 178 "-" "Mozilla/5.0 (compatible; DataForSeoBot/1.0; +https://dataforseo.com/dataforseo-bot)"
138.201.192.37 - - [25/Jun/2022:11:01:04 +0000] "GET /node/1140/img_6653 HTTP/1.1" 301 178 "-" "Mozilla/5.0 (compatible; DataForSeoBot/1.0; +https://dataforseo.com/dataforseo-bot)"
138.201.192.37 - - [25/Jun/2022:11:01:11 +0000] "GET /node/200 HTTP/1.1" 301 178 "-" "Mozilla/5.0 (compatible; DataForSeoBot/1.0; +https://dataforseo.com/dataforseo-bot)"
138.201.192.37 - - [25/Jun/2022:11:01:19 +0000] "GET /img_7782 HTTP/1.1" 301 178 "-" "Mozilla/5.0 (compatible; DataForSeoBot/1.0; +https://dataforseo.com/dataforseo-bot)"
138.201.192.37 - - [25/Jun/2022:11:01:27 +0000] "GET /node/category/l10n/ HTTP/1.1" 200 9350 "-" "Mozilla/5.0 (compatible; DataForSeoBot/1.0; +https://dataforseo.com/dataforseo-bot)"
138.201.192.37 - - [25/Jun/2022:11:01:36 +0000] "GET /node/1706 HTTP/1.1" 301 178 "-" "Mozilla/5.0 (compatible; DataForSeoBot/1.0; +https://dataforseo.com/dataforseo-bot)"
138.201.192.37 - - [25/Jun/2022:11:01:43 +0000] "GET /img_7762 HTTP/1.1" 301 178 "-" "Mozilla/5.0 (compatible; DataForSeoBot/1.0; +https://dataforseo.com/dataforseo-bot)"
138.201.192.37 - - [25/Jun/2022:11:01:53 +0000] "GET /node/248 HTTP/1.1" 301 178 "-" "Mozilla/5.0 (compatible; DataForSeoBot/1.0; +https://dataforseo.com/dataforseo-bot)"
138.201.192.37 - - [25/Jun/2022:11:02:01 +0000] "GET /node/494 HTTP/1.1" 301 178 "-" "Mozilla/5.0 (compatible; DataForSeoBot/1.0; +https://dataforseo.com/dataforseo-bot)"
138.201.192.37 - - [25/Jun/2022:11:02:06 +0000] "GET /img_7469 HTTP/1.1" 301 178 "-" "Mozilla/5.0 (compatible; DataForSeoBot/1.0; +https://dataforseo.com/dataforseo-bot)"
138.201.192.37 - - [25/Jun/2022:11:02:14 +0000] "GET /node/1839/ch7_5475_2 HTTP/1.1" 301 178 "-" "Mozilla/5.0 (compatible; DataForSeoBot/1.0; +https://dataforseo.com/dataforseo-bot)"
138.201.192.37 - - [25/Jun/2022:11:02:20 +0000] "GET /node/202 HTTP/1.1" 301 178 "-" "Mozilla/5.0 (compatible; DataForSeoBot/1.0; +https://dataforseo.com/dataforseo-bot)"
138.201.192.37 - - [25/Jun/2022:11:02:31 +0000] "GET /node/493 HTTP/1.1" 301 178 "-" "Mozilla/5.0 (compatible; DataForSeoBot/1.0; +https://dataforseo.com/dataforseo-bot)"
138.201.192.37 - - [25/Jun/2022:11:02:41 +0000] "GET /node/627 HTTP/1.1" 301 178 "-" "Mozilla/5.0 (compatible; DataForSeoBot/1.0; +https://dataforseo.com/dataforseo-bot)"
138.201.192.37 - - [25/Jun/2022:11:02:50 +0000] "GET /node/391 HTTP/1.1" 301 178 "-" "Mozilla/5.0 (compatible; DataForSeoBot/1.0; +https://dataforseo.com/dataforseo-bot)"
138.201.192.37 - - [25/Jun/2022:11:03:00 +0000] "GET /node/1706/img_7686 HTTP/1.1" 301 178 "-" "Mozilla/5.0 (compatible; DataForSeoBot/1.0; +https://dataforseo.com/dataforseo-bot)"
138.201.192.37 - - [25/Jun/2022:11:03:07 +0000] "GET /node/1754/img_7781 HTTP/1.1" 301 178 "-" "Mozilla/5.0 (compatible; DataForSeoBot/1.0; +https://dataforseo.com/dataforseo-bot)"
138.201.192.37 - - [25/Jun/2022:11:03:17 +0000] "GET /node/199 HTTP/1.1" 301 178 "-" "Mozilla/5.0 (compatible; DataForSeoBot/1.0; +https://dataforseo.com/dataforseo-bot)"
216.244.66.229 - - [25/Jun/2022:11:03:20 +0000] "GET /node/454/?share=google-plus-1 HTTP/1.1" 404 162 "-" "Mozilla/5.0 (compatible; DotBot/1.2; +https://opensiteexplorer.org/dotbot; help@moz.com)"
138.201.192.37 - - [25/Jun/2022:11:03:23 +0000] "GET /img_7462 HTTP/1.1" 301 178 "-" "Mozilla/5.0 (compatible; DataForSeoBot/1.0; +https://dataforseo.com/dataforseo-bot)"
138.201.192.37 - - [25/Jun/2022:11:03:31 +0000] "GET /node/1140/img_6658 HTTP/1.1" 301 178 "-" "Mozilla/5.0 (compatible; DataForSeoBot/1.0; +https://dataforseo.com/dataforseo-bot)"
138.201.192.37 - - [25/Jun/2022:11:03:38 +0000] "GET /node/389 HTTP/1.1" 301 178 "-" "Mozilla/5.0 (compatible; DataForSeoBot/1.0; +https://dataforseo.com/dataforseo-bot)"
138.201.192.37 - - [25/Jun/2022:11:03:46 +0000] "GET /node/119 HTTP/1.1" 301 178 "-" "Mozilla/5.0 (compatible; DataForSeoBot/1.0; +https://dataforseo.com/dataforseo-bot)"
138.201.192.37 - - [25/Jun/2022:11:03:53 +0000] "GET /img_7757 HTTP/1.1" 301 178 "-" "Mozilla/5.0 (compatible; DataForSeoBot/1.0; +https://dataforseo.com/dataforseo-bot)"
138.201.192.37 - - [25/Jun/2022:11:04:02 +0000] "GET /node/505 HTTP/1.1" 301 178 "-" "Mozilla/5.0 (compatible; DataForSeoBot/1.0; +https://dataforseo.com/dataforseo-bot)"
138.201.192.37 - - [25/Jun/2022:11:04:08 +0000] "GET /node/154 HTTP/1.1" 301 178 "-" "Mozilla/5.0 (compatible; DataForSeoBot/1.0; +https://dataforseo.com/dataforseo-bot)"
138.201.192.37 - - [25/Jun/2022:11:04:15 +0000] "GET /node/1657/img_7634 HTTP/1.1" 301 178 "-" "Mozilla/5.0 (compatible; DataForSeoBot/1.0; +https://dataforseo.com/dataforseo-bot)"
138.201.192.37 - - [25/Jun/2022:11:04:23 +0000] "GET /node/151 HTTP/1.1" 301 178 "-" "Mozilla/5.0 (compatible; DataForSeoBot/1.0; +https://dataforseo.com/dataforseo-bot)"
138.201.192.37 - - [25/Jun/2022:11:04:30 +0000] "GET /node/581/img_1725 HTTP/1.1" 301 178 "-" "Mozilla/5.0 (compatible; DataForSeoBot/1.0; +https://dataforseo.com/dataforseo-bot)"
138.201.192.37 - - [25/Jun/2022:11:04:39 +0000] "GET /node/1140/img_6650 HTTP/1.1" 301 178 "-" "Mozilla/5.0 (compatible; DataForSeoBot/1.0; +https://dataforseo.com/dataforseo-bot)"
138.201.192.37 - - [25/Jun/2022:11:04:47 +0000] "GET /node/27 HTTP/1.1" 301 178 "-" "Mozilla/5.0 (compatible; DataForSeoBot/1.0; +https://dataforseo.com/dataforseo-bot)"
138.201.192.37 - - [25/Jun/2022:11:04:54 +0000] "GET /node/1140/img_6657 HTTP/1.1" 301 178 "-" "Mozilla/5.0 (compatible; DataForSeoBot/1.0; +https://dataforseo.com/dataforseo-bot)"
138.201.192.37 - - [25/Jun/2022:11:05:03 +0000] "GET /node/150 HTTP/1.1" 301 178 "-" "Mozilla/5.0 (compatible; DataForSeoBot/1.0; +https://dataforseo.com/dataforseo-bot)"
138.201.192.37 - - [25/Jun/2022:11:05:12 +0000] "GET /node/581/img_1729 HTTP/1.1" 301 178 "-" "Mozilla/5.0 (compatible; DataForSeoBot/1.0; +https://dataforseo.com/dataforseo-bot)"
138.201.192.37 - - [25/Jun/2022:11:05:19 +0000] "GET /node/457 HTTP/1.1" 301 178 "-" "Mozilla/5.0 (compatible; DataForSeoBot/1.0; +https://dataforseo.com/dataforseo-bot)"
138.201.192.37 - - [25/Jun/2022:11:05:27 +0000] "GET /node/201 HTTP/1.1" 301 178 "-" "Mozilla/5.0 (compatible; DataForSeoBot/1.0; +https://dataforseo.com/dataforseo-bot)"
138.201.192.37 - - [25/Jun/2022:11:05:34 +0000] "GET /node/390 HTTP/1.1" 301 178 "-" "Mozilla/5.0 (compatible; DataForSeoBot/1.0; +https://dataforseo.com/dataforseo-bot)"
138.201.192.37 - - [25/Jun/2022:11:05:43 +0000] "GET /node/496 HTTP/1.1" 301 178 "-" "Mozilla/5.0 (compatible; DataForSeoBot/1.0; +https://dataforseo.com/dataforseo-bot)"
138.201.192.37 - - [25/Jun/2022:11:05:51 +0000] "GET /node/date/2004/12/page/2 HTTP/1.1" 301 178 "-" "Mozilla/5.0 (compatible; DataForSeoBot/1.0; +https://dataforseo.com/dataforseo-bot)"
138.201.192.37 - - [25/Jun/2022:11:05:58 +0000] "GET /node/223 HTTP/1.1" 301 178 "-" "Mozilla/5.0 (compatible; DataForSeoBot/1.0; +https://dataforseo.com/dataforseo-bot)"
138.201.192.37 - - [25/Jun/2022:11:06:06 +0000] "GET /node/434 HTTP/1.1" 301 178 "-" "Mozilla/5.0 (compatible; DataForSeoBot/1.0; +https://dataforseo.com/dataforseo-bot)"
138.201.192.37 - - [25/Jun/2022:11:06:13 +0000] "GET /node/333 HTTP/1.1" 301 178 "-" "Mozilla/5.0 (compatible; DataForSeoBot/1.0; +https://dataforseo.com/dataforseo-bot)"
138.201.192.37 - - [25/Jun/2022:11:06:21 +0000] "GET /node/26 HTTP/1.1" 301 178 "-" "Mozilla/5.0 (compatible; DataForSeoBot/1.0; +https://dataforseo.com/dataforseo-bot)"
138.201.192.37 - - [25/Jun/2022:11:06:28 +0000] "GET /node/332 HTTP/1.1" 301 178 "-" "Mozilla/5.0 (compatible; DataForSeoBot/1.0; +https://dataforseo.com/dataforseo-bot)"
138.201.192.37 - - [25/Jun/2022:11:06:37 +0000] "GET /node/1140/img_6652 HTTP/1.1" 301 178 "-" "Mozilla/5.0 (compatible; DataForSeoBot/1.0; +https://dataforseo.com/dataforseo-bot)"
185.191.171.11 - - [25/Jun/2022:11:06:40 +0000] "GET /robots.txt HTTP/1.1" 404 134 "-" "Mozilla/5.0 (compatible; SemrushBot/7~bl; +http://www.semrush.com/bot.html)"
185.191.171.19 - - [25/Jun/2022:11:06:41 +0000] "GET /node/category/%E0%B8%A0%E0%B8%B2%E0%B8%A9%E0%B8%B2%E0%B8%88%E0%B8%B5%E0%B8%99 HTTP/1.1" 404 134 "-" "Mozilla/5.0 (compatible; SemrushBot/7~bl; +http://www.semrush.com/bot.html)"
114.119.147.87 - - [25/Jun/2022:11:06:43 +0000] "GET /node/790/img_6140?ak_action=accept_mobile HTTP/1.1" 302 154 "https://mrchoke.org/node/790/img_6140?ak_action=reject_mobile" "Mozilla/5.0 (Linux; Android 7.0;) AppleWebKit/537.36 (KHTML, like Gecko) Mobile Safari/537.36 (compatible; PetalBot;+https://webmaster.petalsearch.com/site/petalbot)"
114.119.147.87 - - [25/Jun/2022:11:06:44 +0000] "GET /node/790/img_6140?ak_action=accept_mobile HTTP/1.1" 301 178 "https://mrchoke.org/node/790/img_6140?ak_action=reject_mobile" "Mozilla/5.0 (Linux; Android 7.0;) AppleWebKit/537.36 (KHTML, like Gecko) Mobile Safari/537.36 (compatible; PetalBot;+https://webmaster.petalsearch.com/site/petalbot)"
114.119.147.87 - - [25/Jun/2022:11:06:44 +0000] "GET /node/790/img_6140/?ak_action=accept_mobile HTTP/1.1" 200 7819 "https://mrchoke.org/node/790/img_6140?ak_action=reject_mobile" "Mozilla/5.0 (Linux; Android 7.0;) AppleWebKit/537.36 (KHTML, like Gecko) Mobile Safari/537.36 (compatible; PetalBot;+https://webmaster.petalsearch.com/site/petalbot)"
138.201.192.37 - - [25/Jun/2022:11:06:46 +0000] "GET /node/category/ipad/%E0%B8%97%E0%B8%B5%E0%B9%88%E0%B8%A1%E0%B8%B2:%20http:/www.pcworld.com/article/252326/new_ipad_slow_to_recharge_barely_charges_during_use.html HTTP/1.1" 404 134 "-" "Mozilla/5.0 (compatible; DataForSeoBot/1.0; +https://dataforseo.com/dataforseo-bot)"
138.201.192.37 - - [25/Jun/2022:11:06:54 +0000] "GET /node/1839 HTTP/1.1" 301 178 "-" "Mozilla/5.0 (compatible; DataForSeoBot/1.0; +https://dataforseo.com/dataforseo-bot)"
138.201.192.37 - - [25/Jun/2022:11:07:02 +0000] "GET /node/category/linux/linuxtle/ HTTP/1.1" 200 16261 "-" "Mozilla/5.0 (compatible; DataForSeoBot/1.0; +https://dataforseo.com/dataforseo-bot)"
54.36.148.255 - - [25/Jun/2022:11:07:09 +0000] "GET /node/510/ HTTP/2.0" 200 9313 "-" "Mozilla/5.0 (compatible; AhrefsBot/7.0; +http://ahrefs.com/robot/)"
138.201.192.37 - - [25/Jun/2022:11:07:09 +0000] "GET /node/196 HTTP/1.1" 301 178 "-" "Mozilla/5.0 (compatible; DataForSeoBot/1.0; +https://dataforseo.com/dataforseo-bot)"
138.201.192.37 - - [25/Jun/2022:11:07:18 +0000] "GET /node/category/trip/page/2 HTTP/1.1" 301 178 "-" "Mozilla/5.0 (compatible; DataForSeoBot/1.0; +https://dataforseo.com/dataforseo-bot)"
138.201.192.37 - - [25/Jun/2022:11:07:26 +0000] "GET /img_7778 HTTP/1.1" 301 178 "-" "Mozilla/5.0 (compatible; DataForSeoBot/1.0; +https://dataforseo.com/dataforseo-bot)"
138.201.192.37 - - [25/Jun/2022:11:07:33 +0000] "GET /node/206 HTTP/1.1" 301 178 "-" "Mozilla/5.0 (compatible; DataForSeoBot/1.0; +https://dataforseo.com/dataforseo-bot)"
138.201.192.37 - - [25/Jun/2022:11:07:40 +0000] "GET /node/495 HTTP/1.1" 301 178 "-" "Mozilla/5.0 (compatible; DataForSeoBot/1.0; +https://dataforseo.com/dataforseo-bot)"
138.201.192.37 - - [25/Jun/2022:11:07:49 +0000] "GET /node/date/2006/04/page/2 HTTP/1.1" 301 178 "-" "Mozilla/5.0 (compatible; DataForSeoBot/1.0; +https://dataforseo.com/dataforseo-bot)"
138.201.192.37 - - [25/Jun/2022:11:07:57 +0000] "GET /node/349 HTTP/1.1" 301 178 "-" "Mozilla/5.0 (compatible; DataForSeoBot/1.0; +https://dataforseo.com/dataforseo-bot)"
138.201.192.37 - - [25/Jun/2022:11:08:04 +0000] "GET /node/581/img_1728 HTTP/1.1" 301 178 "-" "Mozilla/5.0 (compatible; DataForSeoBot/1.0; +https://dataforseo.com/dataforseo-bot)"
138.201.192.37 - - [25/Jun/2022:11:08:14 +0000] "GET /img_7631 HTTP/1.1" 301 178 "-" "Mozilla/5.0 (compatible; DataForSeoBot/1.0; +https://dataforseo.com/dataforseo-bot)"
138.201.192.37 - - [25/Jun/2022:11:08:21 +0000] "GET /img_7464 HTTP/1.1" 301 178 "-" "Mozilla/5.0 (compatible; DataForSeoBot/1.0; +https://dataforseo.com/dataforseo-bot)"
138.201.192.37 - - [25/Jun/2022:11:08:28 +0000] "GET /node/category/xorg/page/2 HTTP/1.1" 301 178 "-" "Mozilla/5.0 (compatible; DataForSeoBot/1.0; +https://dataforseo.com/dataforseo-bot)"
138.201.192.37 - - [25/Jun/2022:11:08:37 +0000] "GET /node/325 HTTP/1.1" 301 178 "-" "Mozilla/5.0 (compatible; DataForSeoBot/1.0; +https://dataforseo.com/dataforseo-bot)"
138.201.192.37 - - [25/Jun/2022:11:08:44 +0000] "GET /node/243 HTTP/1.1" 301 178 "-" "Mozilla/5.0 (compatible; DataForSeoBot/1.0; +https://dataforseo.com/dataforseo-bot)"
185.191.171.17 - - [25/Jun/2022:11:08:50 +0000] "GET /node/152 HTTP/1.1" 301 178 "-" "Mozilla/5.0 (compatible; SemrushBot/7~bl; +http://www.semrush.com/bot.html)"
138.201.192.37 - - [25/Jun/2022:11:08:53 +0000] "GET /node/date/2005/02/page/2 HTTP/1.1" 301 178 "-" "Mozilla/5.0 (compatible; DataForSeoBot/1.0; +https://dataforseo.com/dataforseo-bot)"
138.201.192.37 - - [25/Jun/2022:11:09:03 +0000] "GET /img_7759 HTTP/1.1" 301 178 "-" "Mozilla/5.0 (compatible; DataForSeoBot/1.0; +https://dataforseo.com/dataforseo-bot)"
138.201.192.37 - - [25/Jun/2022:11:09:10 +0000] "GET /node/581/img_1726 HTTP/1.1" 301 178 "-" "Mozilla/5.0 (compatible; DataForSeoBot/1.0; +https://dataforseo.com/dataforseo-bot)"
138.201.192.37 - - [25/Jun/2022:11:09:18 +0000] "GET /img_7784 HTTP/1.1" 301 178 "-" "Mozilla/5.0 (compatible; DataForSeoBot/1.0; +https://dataforseo.com/dataforseo-bot)"
138.201.192.37 - - [25/Jun/2022:11:09:25 +0000] "GET /node/date/2004/08/page/2 HTTP/1.1" 301 178 "-" "Mozilla/5.0 (compatible; DataForSeoBot/1.0; +https://dataforseo.com/dataforseo-bot)"
138.201.192.37 - - [25/Jun/2022:11:09:31 +0000] "GET /img_7468 HTTP/1.1" 301 178 "-" "Mozilla/5.0 (compatible; DataForSeoBot/1.0; +https://dataforseo.com/dataforseo-bot)"
138.201.192.37 - - [25/Jun/2022:11:09:41 +0000] "GET /node/370 HTTP/1.1" 301 178 "-" "Mozilla/5.0 (compatible; DataForSeoBot/1.0; +https://dataforseo.com/dataforseo-bot)"
104.206.128.78 - - [25/Jun/2022:11:09:42 +0000] "GET / HTTP/1.1" 301 178 "-" "https://gdnplus.com:Gather Analyze Provide."
3.82.243.179 - - [25/Jun/2022:11:09:42 +0000] "GET /.git/config HTTP/1.1" 404 134 "-" "python-requests/2.22.0"
104.206.128.78 - - [25/Jun/2022:11:09:42 +0000] "GET / HTTP/1.1" 200 2581 "-" "https://gdnplus.com:Gather Analyze Provide."
138.201.192.37 - - [25/Jun/2022:11:09:49 +0000] "GET /node/153 HTTP/1.1" 301 178 "-" "Mozilla/5.0 (compatible; DataForSeoBot/1.0; +https://dataforseo.com/dataforseo-bot)"
138.201.192.37 - - [25/Jun/2022:11:09:58 +0000] "GET /node/1885/4/ HTTP/1.1" 200 12144 "-" "Mozilla/5.0 (compatible; DataForSeoBot/1.0; +https://dataforseo.com/dataforseo-bot)"
138.201.192.37 - - [25/Jun/2022:11:10:05 +0000] "GET /node/1140/img_6654 HTTP/1.1" 301 178 "-" "Mozilla/5.0 (compatible; DataForSeoBot/1.0; +https://dataforseo.com/dataforseo-bot)"
138.201.192.37 - - [25/Jun/2022:11:10:12 +0000] "GET /node/category/webpage/ HTTP/1.1" 200 11728 "-" "Mozilla/5.0 (compatible; DataForSeoBot/1.0; +https://dataforseo.com/dataforseo-bot)"
138.201.192.37 - - [25/Jun/2022:11:10:20 +0000] "GET /node/1657 HTTP/1.1" 301 178 "-" "Mozilla/5.0 (compatible; DataForSeoBot/1.0; +https://dataforseo.com/dataforseo-bot)"
114.119.147.86 - - [25/Jun/2022:11:10:26 +0000] "GET /node/date/2014/01/08 HTTP/1.1" 301 178 "https://mrchoke.org/node/939?ak_action=reject_mobile" "Mozilla/5.0 (Linux; Android 7.0;) AppleWebKit/537.36 (KHTML, like Gecko) Mobile Safari/537.36 (compatible; PetalBot;+https://webmaster.petalsearch.com/site/petalbot)"
114.119.147.86 - - [25/Jun/2022:11:10:26 +0000] "GET /node/date/2014/01/08/ HTTP/1.1" 200 9323 "https://mrchoke.org/node/939?ak_action=reject_mobile" "Mozilla/5.0 (Linux; Android 7.0;) AppleWebKit/537.36 (KHTML, like Gecko) Mobile Safari/537.36 (compatible; PetalBot;+https://webmaster.petalsearch.com/site/petalbot)"
138.201.192.37 - - [25/Jun/2022:11:10:28 +0000] "GET /node/120 HTTP/1.1" 301 178 "-" "Mozilla/5.0 (compatible; DataForSeoBot/1.0; +https://dataforseo.com/dataforseo-bot)"
138.201.192.37 - - [25/Jun/2022:11:10:38 +0000] "GET /node/372 HTTP/1.1" 301 178 "-" "Mozilla/5.0 (compatible; DataForSeoBot/1.0; +https://dataforseo.com/dataforseo-bot)"
138.201.192.37 - - [25/Jun/2022:11:10:46 +0000] "GET /node/1140 HTTP/1.1" 301 178 "-" "Mozilla/5.0 (compatible; DataForSeoBot/1.0; +https://dataforseo.com/dataforseo-bot)"
138.201.192.37 - - [25/Jun/2022:11:10:53 +0000] "GET /node/1754/img_7774 HTTP/1.1" 301 178 "-" "Mozilla/5.0 (compatible; DataForSeoBot/1.0; +https://dataforseo.com/dataforseo-bot)"
138.201.192.37 - - [25/Jun/2022:11:11:03 +0000] "GET /node/1135/img_6618 HTTP/1.1" 301 178 "-" "Mozilla/5.0 (compatible; DataForSeoBot/1.0; +https://dataforseo.com/dataforseo-bot)"
138.201.192.37 - - [25/Jun/2022:11:11:11 +0000] "GET /node/1754/img_7786 HTTP/1.1" 301 178 "-" "Mozilla/5.0 (compatible; DataForSeoBot/1.0; +https://dataforseo.com/dataforseo-bot)"
138.201.192.37 - - [25/Jun/2022:11:11:18 +0000] "GET /node/323 HTTP/1.1" 301 178 "-" "Mozilla/5.0 (compatible; DataForSeoBot/1.0; +https://dataforseo.com/dataforseo-bot)"
138.201.192.37 - - [25/Jun/2022:11:11:25 +0000] "GET /node/369 HTTP/1.1" 301 178 "-" "Mozilla/5.0 (compatible; DataForSeoBot/1.0; +https://dataforseo.com/dataforseo-bot)"
138.201.192.37 - - [25/Jun/2022:11:11:34 +0000] "GET /node/387 HTTP/1.1" 301 178 "-" "Mozilla/5.0 (compatible; DataForSeoBot/1.0; +https://dataforseo.com/dataforseo-bot)"
138.201.192.37 - - [25/Jun/2022:11:11:41 +0000] "GET /node/category/asaingames/ HTTP/1.1" 200 7414 "-" "Mozilla/5.0 (compatible; DataForSeoBot/1.0; +https://dataforseo.com/dataforseo-bot)"
138.201.192.37 - - [25/Jun/2022:11:11:50 +0000] "GET /node/581/img_1732 HTTP/1.1" 301 178 "-" "Mozilla/5.0 (compatible; DataForSeoBot/1.0; +https://dataforseo.com/dataforseo-bot)"
138.201.192.37 - - [25/Jun/2022:11:11:58 +0000] "GET /node/123 HTTP/1.1" 301 178 "-" "Mozilla/5.0 (compatible; DataForSeoBot/1.0; +https://dataforseo.com/dataforseo-bot)"
138.201.192.37 - - [25/Jun/2022:11:12:08 +0000] "GET /node/506 HTTP/1.1" 301 178 "-" "Mozilla/5.0 (compatible; DataForSeoBot/1.0; +https://dataforseo.com/dataforseo-bot)"
138.201.192.37 - - [25/Jun/2022:11:12:15 +0000] "GET /node/581/img_1723 HTTP/1.1" 301 178 "-" "Mozilla/5.0 (compatible; DataForSeoBot/1.0; +https://dataforseo.com/dataforseo-bot)"
138.201.192.37 - - [25/Jun/2022:11:12:24 +0000] "GET /node/581 HTTP/1.1" 301 178 "-" "Mozilla/5.0 (compatible; DataForSeoBot/1.0; +https://dataforseo.com/dataforseo-bot)"
138.201.192.37 - - [25/Jun/2022:11:12:30 +0000] "GET /node/149 HTTP/1.1" 301 178 "-" "Mozilla/5.0 (compatible; DataForSeoBot/1.0; +https://dataforseo.com/dataforseo-bot)"
138.201.192.37 - - [25/Jun/2022:11:12:38 +0000] "GET /node/203 HTTP/1.1" 301 178 "-" "Mozilla/5.0 (compatible; DataForSeoBot/1.0; +https://dataforseo.com/dataforseo-bot)"
138.201.192.37 - - [25/Jun/2022:11:12:46 +0000] "GET /img_7760 HTTP/1.1" 301 178 "-" "Mozilla/5.0 (compatible; DataForSeoBot/1.0; +https://dataforseo.com/dataforseo-bot)"
138.201.192.37 - - [25/Jun/2022:11:12:55 +0000] "GET /node/497 HTTP/1.1" 301 178 "-" "Mozilla/5.0 (compatible; DataForSeoBot/1.0; +https://dataforseo.com/dataforseo-bot)"
138.201.192.37 - - [25/Jun/2022:11:13:05 +0000] "GET /node/1135 HTTP/1.1" 301 178 "-" "Mozilla/5.0 (compatible; DataForSeoBot/1.0; +https://dataforseo.com/dataforseo-bot)"
138.201.192.37 - - [25/Jun/2022:11:13:11 +0000] "GET /node/326 HTTP/1.1" 301 178 "-" "Mozilla/5.0 (compatible; DataForSeoBot/1.0; +https://dataforseo.com/dataforseo-bot)"
138.201.192.37 - - [25/Jun/2022:11:13:19 +0000] "GET /img_7785 HTTP/1.1" 301 178 "-" "Mozilla/5.0 (compatible; DataForSeoBot/1.0; +https://dataforseo.com/dataforseo-bot)"
138.201.192.37 - - [25/Jun/2022:11:13:27 +0000] "GET /node/date/2012/09/ HTTP/1.1" 200 10707 "-" "Mozilla/5.0 (compatible; DataForSeoBot/1.0; +https://dataforseo.com/dataforseo-bot)"
138.201.192.37 - - [25/Jun/2022:11:13:36 +0000] "GET /img_7466 HTTP/1.1" 301 178 "-" "Mozilla/5.0 (compatible; DataForSeoBot/1.0; +https://dataforseo.com/dataforseo-bot)"
138.201.192.37 - - [25/Jun/2022:11:13:44 +0000] "GET /node/194 HTTP/1.1" 301 178 "-" "Mozilla/5.0 (compatible; DataForSeoBot/1.0; +https://dataforseo.com/dataforseo-bot)"
138.201.192.37 - - [25/Jun/2022:11:13:51 +0000] "GET /node/1754 HTTP/1.1" 301 178 "-" "Mozilla/5.0 (compatible; DataForSeoBot/1.0; +https://dataforseo.com/dataforseo-bot)"
138.201.192.37 - - [25/Jun/2022:11:14:00 +0000] "GET /node/category/apple/%E0%B8%97%E0%B8%B5%E0%B9%88%E0%B8%A1%E0%B8%B2:%20http:/www.pcworld.com/article/252326/new_ipad_slow_to_recharge_barely_charges_during_use.html HTTP/1.1" 404 134 "-" "Mozilla/5.0 (compatible; DataForSeoBot/1.0; +https://dataforseo.com/dataforseo-bot)"
114.119.147.74 - - [25/Jun/2022:11:14:06 +0000] "GET /node/397 HTTP/1.1" 404 134 "http://www.mrchoke.org/node/date/2004/07/page/2" "Mozilla/5.0 (Linux; Android 7.0;) AppleWebKit/537.36 (KHTML, like Gecko) Mobile Safari/537.36 (compatible; PetalBot;+https://webmaster.petalsearch.com/site/petalbot)"
138.201.192.37 - - [25/Jun/2022:11:14:08 +0000] "GET /node/581/img_1731 HTTP/1.1" 301 178 "-" "Mozilla/5.0 (compatible; DataForSeoBot/1.0; +https://dataforseo.com/dataforseo-bot)"
138.201.192.37 - - [25/Jun/2022:11:14:14 +0000] "GET /img_7629 HTTP/1.1" 301 178 "-" "Mozilla/5.0 (compatible; DataForSeoBot/1.0; +https://dataforseo.com/dataforseo-bot)"
138.201.192.37 - - [25/Jun/2022:11:14:22 +0000] "GET /node/455 HTTP/1.1" 301 178 "-" "Mozilla/5.0 (compatible; DataForSeoBot/1.0; +https://dataforseo.com/dataforseo-bot)"
138.201.192.37 - - [25/Jun/2022:11:14:32 +0000] "GET /node/1657/img_7632 HTTP/1.1" 301 178 "-" "Mozilla/5.0 (compatible; DataForSeoBot/1.0; +https://dataforseo.com/dataforseo-bot)"
138.201.192.37 - - [25/Jun/2022:11:14:40 +0000] "GET /node/1657/img_7627 HTTP/1.1" 301 178 "-" "Mozilla/5.0 (compatible; DataForSeoBot/1.0; +https://dataforseo.com/dataforseo-bot)"
138.201.192.37 - - [25/Jun/2022:11:14:48 +0000] "GET /node/1839/ch7_4625_2 HTTP/1.1" 301 178 "-" "Mozilla/5.0 (compatible; DataForSeoBot/1.0; +https://dataforseo.com/dataforseo-bot)"
138.201.192.37 - - [25/Jun/2022:11:14:57 +0000] "GET /node/581/img_1724 HTTP/1.1" 301 178 "-" "Mozilla/5.0 (compatible; DataForSeoBot/1.0; +https://dataforseo.com/dataforseo-bot)"
138.201.192.37 - - [25/Jun/2022:11:15:07 +0000] "GET /img_7460 HTTP/1.1" 301 178 "-" "Mozilla/5.0 (compatible; DataForSeoBot/1.0; +https://dataforseo.com/dataforseo-bot)"
138.201.192.37 - - [25/Jun/2022:11:15:13 +0000] "GET /node/225 HTTP/1.1" 301 178 "-" "Mozilla/5.0 (compatible; DataForSeoBot/1.0; +https://dataforseo.com/dataforseo-bot)"
138.201.192.37 - - [25/Jun/2022:11:15:24 +0000] "GET /node/581/img_1730 HTTP/1.1" 301 178 "-" "Mozilla/5.0 (compatible; DataForSeoBot/1.0; +https://dataforseo.com/dataforseo-bot)"
138.201.192.37 - - [25/Jun/2022:11:15:32 +0000] "GET /node/date/2005/07/ HTTP/1.1" 200 12184 "-" "Mozilla/5.0 (compatible; DataForSeoBot/1.0; +https://dataforseo.com/dataforseo-bot)"
138.201.192.37 - - [25/Jun/2022:11:15:40 +0000] "GET /node/581/img_1727 HTTP/1.1" 301 178 "-" "Mozilla/5.0 (compatible; DataForSeoBot/1.0; +https://dataforseo.com/dataforseo-bot)"
138.201.192.37 - - [25/Jun/2022:11:15:48 +0000] "GET /node/388 HTTP/1.1" 301 178 "-" "Mozilla/5.0 (compatible; DataForSeoBot/1.0; +https://dataforseo.com/dataforseo-bot)"
138.201.192.37 - - [25/Jun/2022:11:15:55 +0000] "GET /node/458 HTTP/1.1" 301 178 "-" "Mozilla/5.0 (compatible; DataForSeoBot/1.0; +https://dataforseo.com/dataforseo-bot)"
138.201.192.37 - - [25/Jun/2022:11:16:04 +0000] "GET /node/1657/img_7626 HTTP/1.1" 301 178 "-" "Mozilla/5.0 (compatible; DataForSeoBot/1.0; +https://dataforseo.com/dataforseo-bot)"
138.201.192.37 - - [25/Jun/2022:11:16:11 +0000] "GET /node/204 HTTP/1.1" 301 178 "-" "Mozilla/5.0 (compatible; DataForSeoBot/1.0; +https://dataforseo.com/dataforseo-bot)"
138.201.192.37 - - [25/Jun/2022:11:16:21 +0000] "GET /node/205 HTTP/1.1" 301 178 "-" "Mozilla/5.0 (compatible; DataForSeoBot/1.0; +https://dataforseo.com/dataforseo-bot)"
138.201.192.37 - - [25/Jun/2022:11:16:30 +0000] "GET /node/1135/img_6616 HTTP/1.1" 301 178 "-" "Mozilla/5.0 (compatible; DataForSeoBot/1.0; +https://dataforseo.com/dataforseo-bot)"
138.201.192.37 - - [25/Jun/2022:11:16:37 +0000] "GET /node/date/2004/11/page/2 HTTP/1.1" 301 178 "-" "Mozilla/5.0 (compatible; DataForSeoBot/1.0; +https://dataforseo.com/dataforseo-bot)"
138.201.192.37 - - [25/Jun/2022:11:16:46 +0000] "GET /node/113 HTTP/1.1" 301 178 "-" "Mozilla/5.0 (compatible; DataForSeoBot/1.0; +https://dataforseo.com/dataforseo-bot)"
138.201.192.37 - - [25/Jun/2022:11:16:54 +0000] "GET /ch7_3478 HTTP/1.1" 301 178 "-" "Mozilla/5.0 (compatible; DataForSeoBot/1.0; +https://dataforseo.com/dataforseo-bot)"
54.36.149.44 - - [25/Jun/2022:11:16:55 +0000] "GET /node/375/ HTTP/2.0" 200 9795 "-" "Mozilla/5.0 (compatible; AhrefsBot/7.0; +http://ahrefs.com/robot/)"
138.201.192.37 - - [25/Jun/2022:11:17:04 +0000] "GET /node/219 HTTP/1.1" 301 178 "-" "Mozilla/5.0 (compatible; DataForSeoBot/1.0; +https://dataforseo.com/dataforseo-bot)"
138.201.192.37 - - [25/Jun/2022:11:17:12 +0000] "GET /node/443 HTTP/1.1" 301 178 "-" "Mozilla/5.0 (compatible; DataForSeoBot/1.0; +https://dataforseo.com/dataforseo-bot)"
138.201.192.37 - - [25/Jun/2022:11:17:19 +0000] "GET /node/1428 HTTP/1.1" 301 178 "-" "Mozilla/5.0 (compatible; DataForSeoBot/1.0; +https://dataforseo.com/dataforseo-bot)"
138.201.192.37 - - [25/Jun/2022:11:17:27 +0000] "GET /node/346 HTTP/1.1" 301 178 "-" "Mozilla/5.0 (compatible; DataForSeoBot/1.0; +https://dataforseo.com/dataforseo-bot)"
138.201.192.37 - - [25/Jun/2022:11:17:34 +0000] "GET /node/117 HTTP/1.1" 301 178 "-" "Mozilla/5.0 (compatible; DataForSeoBot/1.0; +https://dataforseo.com/dataforseo-bot)"
138.201.192.37 - - [25/Jun/2022:11:17:42 +0000] "GET /ch7_3414 HTTP/1.1" 301 178 "-" "Mozilla/5.0 (compatible; DataForSeoBot/1.0; +https://dataforseo.com/dataforseo-bot)"
114.119.147.87 - - [25/Jun/2022:11:17:50 +0000] "GET /node/5?share=twitter HTTP/1.1" 302 154 "https://mrchoke.org/node/5?ak_action=accept_mobile" "Mozilla/5.0 (Linux; Android 7.0;) AppleWebKit/537.36 (KHTML, like Gecko) Mobile Safari/537.36 (compatible; PetalBot;+https://webmaster.petalsearch.com/site/petalbot)"
138.201.192.37 - - [25/Jun/2022:11:17:51 +0000] "GET /node/date/2004/10/page/2 HTTP/1.1" 301 178 "-" "Mozilla/5.0 (compatible; DataForSeoBot/1.0; +https://dataforseo.com/dataforseo-bot)"
114.119.147.87 - - [25/Jun/2022:11:17:51 +0000] "GET /node/5?share=twitter HTTP/1.1" 301 178 "https://mrchoke.org/node/5?ak_action=accept_mobile" "Mozilla/5.0 (Linux; Android 7.0;) AppleWebKit/537.36 (KHTML, like Gecko) Mobile Safari/537.36 (compatible; PetalBot;+https://webmaster.petalsearch.com/site/petalbot)"
114.119.147.87 - - [25/Jun/2022:11:17:51 +0000] "GET /node/5/?share=twitter HTTP/1.1" 200 8202 "https://mrchoke.org/node/5?ak_action=accept_mobile" "Mozilla/5.0 (Linux; Android 7.0;) AppleWebKit/537.36 (KHTML, like Gecko) Mobile Safari/537.36 (compatible; PetalBot;+https://webmaster.petalsearch.com/site/petalbot)"
138.201.192.37 - - [25/Jun/2022:11:18:00 +0000] "GET /node/category/music/page/2 HTTP/1.1" 301 178 "-" "Mozilla/5.0 (compatible; DataForSeoBot/1.0; +https://dataforseo.com/dataforseo-bot)"
138.201.192.37 - - [25/Jun/2022:11:18:08 +0000] "GET /ch7_3493 HTTP/1.1" 301 178 "-" "Mozilla/5.0 (compatible; DataForSeoBot/1.0; +https://dataforseo.com/dataforseo-bot)"
138.201.192.37 - - [25/Jun/2022:11:18:15 +0000] "GET /node/1407/img_7268 HTTP/1.1" 301 178 "-" "Mozilla/5.0 (compatible; DataForSeoBot/1.0; +https://dataforseo.com/dataforseo-bot)"
138.201.192.37 - - [25/Jun/2022:11:18:22 +0000] "GET /node/1428/img_7298 HTTP/1.1" 301 178 "-" "Mozilla/5.0 (compatible; DataForSeoBot/1.0; +https://dataforseo.com/dataforseo-bot)"
138.201.192.37 - - [25/Jun/2022:11:18:30 +0000] "GET /node/395 HTTP/1.1" 301 178 "-" "Mozilla/5.0 (compatible; DataForSeoBot/1.0; +https://dataforseo.com/dataforseo-bot)"
138.201.192.37 - - [25/Jun/2022:11:18:39 +0000] "GET /node/454 HTTP/1.1" 301 178 "-" "Mozilla/5.0 (compatible; DataForSeoBot/1.0; +https://dataforseo.com/dataforseo-bot)"
138.201.192.37 - - [25/Jun/2022:11:18:48 +0000] "GET /ch7_3537 HTTP/1.1" 301 178 "-" "Mozilla/5.0 (compatible; DataForSeoBot/1.0; +https://dataforseo.com/dataforseo-bot)"
138.201.192.37 - - [25/Jun/2022:11:18:58 +0000] "GET /node/1377/ch7_3645 HTTP/1.1" 301 178 "-" "Mozilla/5.0 (compatible; DataForSeoBot/1.0; +https://dataforseo.com/dataforseo-bot)"
138.201.192.37 - - [25/Jun/2022:11:19:07 +0000] "GET /node/247/ HTTP/1.1" 200 15942 "-" "Mozilla/5.0 (compatible; DataForSeoBot/1.0; +https://dataforseo.com/dataforseo-bot)"
138.201.192.37 - - [25/Jun/2022:11:19:15 +0000] "GET /node/472 HTTP/1.1" 301 178 "-" "Mozilla/5.0 (compatible; DataForSeoBot/1.0; +https://dataforseo.com/dataforseo-bot)"
138.201.192.37 - - [25/Jun/2022:11:19:25 +0000] "GET /node/category/domain/page/2 HTTP/1.1" 301 178 "-" "Mozilla/5.0 (compatible; DataForSeoBot/1.0; +https://dataforseo.com/dataforseo-bot)"
138.201.192.37 - - [25/Jun/2022:11:19:33 +0000] "GET /node/category/bandwidth/ HTTP/1.1" 200 8946 "-" "Mozilla/5.0 (compatible; DataForSeoBot/1.0; +https://dataforseo.com/dataforseo-bot)"
138.201.192.37 - - [25/Jun/2022:11:19:42 +0000] "GET /node/507 HTTP/1.1" 301 178 "-" "Mozilla/5.0 (compatible; DataForSeoBot/1.0; +https://dataforseo.com/dataforseo-bot)"
138.201.192.37 - - [25/Jun/2022:11:19:51 +0000] "GET /node/397 HTTP/1.1" 301 178 "-" "Mozilla/5.0 (compatible; DataForSeoBot/1.0; +https://dataforseo.com/dataforseo-bot)"
138.201.192.37 - - [25/Jun/2022:11:19:59 +0000] "GET /ch7_3548 HTTP/1.1" 301 178 "-" "Mozilla/5.0 (compatible; DataForSeoBot/1.0; +https://dataforseo.com/dataforseo-bot)"
138.201.192.37 - - [25/Jun/2022:11:20:08 +0000] "GET /node/date/2007/07/ HTTP/1.1" 200 8079 "-" "Mozilla/5.0 (compatible; DataForSeoBot/1.0; +https://dataforseo.com/dataforseo-bot)"
138.201.192.37 - - [25/Jun/2022:11:20:16 +0000] "GET /node/519 HTTP/1.1" 301 178 "-" "Mozilla/5.0 (compatible; DataForSeoBot/1.0; +https://dataforseo.com/dataforseo-bot)"
138.201.192.37 - - [25/Jun/2022:11:20:24 +0000] "GET /node/89 HTTP/1.1" 301 178 "-" "Mozilla/5.0 (compatible; DataForSeoBot/1.0; +https://dataforseo.com/dataforseo-bot)"
138.201.192.37 - - [25/Jun/2022:11:20:34 +0000] "GET /node/331 HTTP/1.1" 301 178 "-" "Mozilla/5.0 (compatible; DataForSeoBot/1.0; +https://dataforseo.com/dataforseo-bot)"
138.201.192.37 - - [25/Jun/2022:11:20:40 +0000] "GET /ch7_3416 HTTP/1.1" 301 178 "-" "Mozilla/5.0 (compatible; DataForSeoBot/1.0; +https://dataforseo.com/dataforseo-bot)"
138.201.192.37 - - [25/Jun/2022:11:20:50 +0000] "GET /ch7_3595 HTTP/1.1" 301 178 "-" "Mozilla/5.0 (compatible; DataForSeoBot/1.0; +https://dataforseo.com/dataforseo-bot)"
138.201.192.37 - - [25/Jun/2022:11:20:58 +0000] "GET /node/519/25550414-034540-jpg HTTP/1.1" 404 134 "-" "Mozilla/5.0 (compatible; DataForSeoBot/1.0; +https://dataforseo.com/dataforseo-bot)"
138.201.192.37 - - [25/Jun/2022:11:21:07 +0000] "GET /node/category/vmware/ HTTP/1.1" 200 9655 "-" "Mozilla/5.0 (compatible; DataForSeoBot/1.0; +https://dataforseo.com/dataforseo-bot)"
138.201.192.37 - - [25/Jun/2022:11:21:17 +0000] "GET /node/360 HTTP/1.1" 301 178 "-" "Mozilla/5.0 (compatible; DataForSeoBot/1.0; +https://dataforseo.com/dataforseo-bot)"
138.201.192.37 - - [25/Jun/2022:11:21:25 +0000] "GET /ch7_3499 HTTP/1.1" 301 178 "-" "Mozilla/5.0 (compatible; DataForSeoBot/1.0; +https://dataforseo.com/dataforseo-bot)"
138.201.192.37 - - [25/Jun/2022:11:21:33 +0000] "GET /node/88 HTTP/1.1" 301 178 "-" "Mozilla/5.0 (compatible; DataForSeoBot/1.0; +https://dataforseo.com/dataforseo-bot)"
138.201.192.37 - - [25/Jun/2022:11:21:40 +0000] "GET /node/1407/img_7269 HTTP/1.1" 301 178 "-" "Mozilla/5.0 (compatible; DataForSeoBot/1.0; +https://dataforseo.com/dataforseo-bot)"
138.201.192.37 - - [25/Jun/2022:11:21:50 +0000] "GET /node/503 HTTP/1.1" 301 178 "-" "Mozilla/5.0 (compatible; DataForSeoBot/1.0; +https://dataforseo.com/dataforseo-bot)"
114.119.147.75 - - [25/Jun/2022:11:21:58 +0000] "GET /node/date/2006/10/22/page/2 HTTP/1.1" 302 154 "https://mrchoke.org/node/date/2006/10/22" "Mozilla/5.0 (Linux; Android 7.0;) AppleWebKit/537.36 (KHTML, like Gecko) Mobile Safari/537.36 (compatible; PetalBot;+https://webmaster.petalsearch.com/site/petalbot)"
114.119.147.75 - - [25/Jun/2022:11:21:58 +0000] "GET /node/date/2006/10/22/page/2 HTTP/1.1" 301 178 "https://mrchoke.org/node/date/2006/10/22" "Mozilla/5.0 (Linux; Android 7.0;) AppleWebKit/537.36 (KHTML, like Gecko) Mobile Safari/537.36 (compatible; PetalBot;+https://webmaster.petalsearch.com/site/petalbot)"
114.119.147.75 - - [25/Jun/2022:11:21:58 +0000] "GET /node/date/2006/10/22/page/2/ HTTP/1.1" 200 12024 "https://mrchoke.org/node/date/2006/10/22" "Mozilla/5.0 (Linux; Android 7.0;) AppleWebKit/537.36 (KHTML, like Gecko) Mobile Safari/537.36 (compatible; PetalBot;+https://webmaster.petalsearch.com/site/petalbot)"
138.201.192.37 - - [25/Jun/2022:11:22:00 +0000] "GET /node/10 HTTP/1.1" 301 178 "-" "Mozilla/5.0 (compatible; DataForSeoBot/1.0; +https://dataforseo.com/dataforseo-bot)"
138.201.192.37 - - [25/Jun/2022:11:22:08 +0000] "GET /node/234 HTTP/1.1" 301 178 "-" "Mozilla/5.0 (compatible; DataForSeoBot/1.0; +https://dataforseo.com/dataforseo-bot)"
138.201.192.37 - - [25/Jun/2022:11:22:17 +0000] "GET /node/24 HTTP/1.1" 301 178 "-" "Mozilla/5.0 (compatible; DataForSeoBot/1.0; +https://dataforseo.com/dataforseo-bot)"
138.201.192.37 - - [25/Jun/2022:11:22:25 +0000] "GET /node/648 HTTP/1.1" 301 178 "-" "Mozilla/5.0 (compatible; DataForSeoBot/1.0; +https://dataforseo.com/dataforseo-bot)"
138.201.192.37 - - [25/Jun/2022:11:22:33 +0000] "GET /ch7_3529 HTTP/1.1" 301 178 "-" "Mozilla/5.0 (compatible; DataForSeoBot/1.0; +https://dataforseo.com/dataforseo-bot)"
138.201.192.37 - - [25/Jun/2022:11:22:43 +0000] "GET /node/482 HTTP/1.1" 301 178 "-" "Mozilla/5.0 (compatible; DataForSeoBot/1.0; +https://dataforseo.com/dataforseo-bot)"
138.201.192.37 - - [25/Jun/2022:11:22:51 +0000] "GET /node/504 HTTP/1.1" 301 178 "-" "Mozilla/5.0 (compatible; DataForSeoBot/1.0; +https://dataforseo.com/dataforseo-bot)"
138.201.192.37 - - [25/Jun/2022:11:23:01 +0000] "GET /node/242 HTTP/1.1" 301 178 "-" "Mozilla/5.0 (compatible; DataForSeoBot/1.0; +https://dataforseo.com/dataforseo-bot)"
138.201.192.37 - - [25/Jun/2022:11:23:12 +0000] "GET /node/435 HTTP/1.1" 301 178 "-" "Mozilla/5.0 (compatible; DataForSeoBot/1.0; +https://dataforseo.com/dataforseo-bot)"
138.201.192.37 - - [25/Jun/2022:11:23:20 +0000] "GET /node/461 HTTP/1.1" 301 178 "-" "Mozilla/5.0 (compatible; DataForSeoBot/1.0; +https://dataforseo.com/dataforseo-bot)"
138.201.192.37 - - [25/Jun/2022:11:23:29 +0000] "GET /node/343 HTTP/1.1" 301 178 "-" "Mozilla/5.0 (compatible; DataForSeoBot/1.0; +https://dataforseo.com/dataforseo-bot)"
138.201.192.37 - - [25/Jun/2022:11:23:38 +0000] "GET /ch7_3472 HTTP/1.1" 301 178 "-" "Mozilla/5.0 (compatible; DataForSeoBot/1.0; +https://dataforseo.com/dataforseo-bot)"
138.201.192.37 - - [25/Jun/2022:11:23:48 +0000] "GET /node/1862/screenshot-2014-03-16-22-23-58 HTTP/1.1" 301 178 "-" "Mozilla/5.0 (compatible; DataForSeoBot/1.0; +https://dataforseo.com/dataforseo-bot)"
138.201.192.37 - - [25/Jun/2022:11:23:57 +0000] "GET /node/438 HTTP/1.1" 301 178 "-" "Mozilla/5.0 (compatible; DataForSeoBot/1.0; +https://dataforseo.com/dataforseo-bot)"
138.201.192.37 - - [25/Jun/2022:11:24:06 +0000] "GET /node/381 HTTP/1.1" 301 178 "-" "Mozilla/5.0 (compatible; DataForSeoBot/1.0; +https://dataforseo.com/dataforseo-bot)"
138.201.192.37 - - [25/Jun/2022:11:24:14 +0000] "GET /ch7_3573 HTTP/1.1" 301 178 "-" "Mozilla/5.0 (compatible; DataForSeoBot/1.0; +https://dataforseo.com/dataforseo-bot)"
138.201.192.37 - - [25/Jun/2022:11:24:24 +0000] "GET /node/1437/img_7303 HTTP/1.1" 301 178 "-" "Mozilla/5.0 (compatible; DataForSeoBot/1.0; +https://dataforseo.com/dataforseo-bot)"
138.201.192.37 - - [25/Jun/2022:11:24:32 +0000] "GET /node/1862/ch7_6448-copy HTTP/1.1" 301 178 "-" "Mozilla/5.0 (compatible; DataForSeoBot/1.0; +https://dataforseo.com/dataforseo-bot)"
138.201.192.37 - - [25/Jun/2022:11:24:40 +0000] "GET /node/471 HTTP/1.1" 301 178 "-" "Mozilla/5.0 (compatible; DataForSeoBot/1.0; +https://dataforseo.com/dataforseo-bot)"
138.201.192.37 - - [25/Jun/2022:11:24:50 +0000] "GET /node/date/2012/05/%E0%B8%97%E0%B8%B5%E0%B9%88%E0%B8%A1%E0%B8%B2:%20http:/www.pcworld.com/article/252326/new_ipad_slow_to_recharge_barely_charges_during_use.html HTTP/1.1" 404 134 "-" "Mozilla/5.0 (compatible; DataForSeoBot/1.0; +https://dataforseo.com/dataforseo-bot)"
138.201.192.37 - - [25/Jun/2022:11:25:00 +0000] "GET /ch7_3633 HTTP/1.1" 301 178 "-" "Mozilla/5.0 (compatible; DataForSeoBot/1.0; +https://dataforseo.com/dataforseo-bot)"
138.201.192.37 - - [25/Jun/2022:11:25:07 +0000] "GET /node/1428/img_7289 HTTP/1.1" 301 178 "-" "Mozilla/5.0 (compatible; DataForSeoBot/1.0; +https://dataforseo.com/dataforseo-bot)"
138.201.192.37 - - [25/Jun/2022:11:25:17 +0000] "GET /node/1407/img_7270 HTTP/1.1" 301 178 "-" "Mozilla/5.0 (compatible; DataForSeoBot/1.0; +https://dataforseo.com/dataforseo-bot)"
138.201.192.37 - - [25/Jun/2022:11:25:24 +0000] "GET /node/322 HTTP/1.1" 301 178 "-" "Mozilla/5.0 (compatible; DataForSeoBot/1.0; +https://dataforseo.com/dataforseo-bot)"
138.201.192.37 - - [25/Jun/2022:11:25:33 +0000] "GET /node/433 HTTP/1.1" 301 178 "-" "Mozilla/5.0 (compatible; DataForSeoBot/1.0; +https://dataforseo.com/dataforseo-bot)"
