114.119.147.75 - - [28/Jun/2022:16:07:20 +0000] "GET /node/date/2004/07/02 HTTP/1.1" 301 178 "https://mrchoke.org/node/400?share=reddit" "Mozilla/5.0 (Linux; Android 7.0;) AppleWebKit/537.36 (KHTML, like Gecko) Mobile Safari/537.36 (compatible; PetalBot;+https://webmaster.petalsearch.com/site/petalbot)"
114.119.147.75 - - [28/Jun/2022:16:07:34 +0000] "GET /node/date/2004/07/02/ HTTP/1.1" 200 8120 "https://mrchoke.org/node/400?share=reddit" "Mozilla/5.0 (Linux; Android 7.0;) AppleWebKit/537.36 (KHTML, like Gecko) Mobile Safari/537.36 (compatible; PetalBot;+https://webmaster.petalsearch.com/site/petalbot)"
87.250.224.4 - - [28/Jun/2022:16:08:00 +0000] "GET /robots.txt HTTP/1.1" 404 162 "-" "Mozilla/5.0 (compatible; YandexBot/3.0; +http://yandex.com/bots)"
5.255.253.119 - - [28/Jun/2022:16:08:07 +0000] "GET /ch7_3472 HTTP/1.1" 404 134 "-" "Mozilla/5.0 (compatible; YandexBot/3.0; +http://yandex.com/bots)"
114.119.147.75 - - [28/Jun/2022:16:08:37 +0000] "GET /node/403?ak_action=accept_mobile HTTP/1.1" 302 154 "https://mrchoke.org/node/403?ak_action=reject_mobile" "Mozilla/5.0 (Linux; Android 7.0;) AppleWebKit/537.36 (KHTML, like Gecko) Mobile Safari/537.36 (compatible; PetalBot;+https://webmaster.petalsearch.com/site/petalbot)"
114.119.147.75 - - [28/Jun/2022:16:08:51 +0000] "GET /node/403?ak_action=accept_mobile HTTP/1.1" 301 178 "https://mrchoke.org/node/403?ak_action=reject_mobile" "Mozilla/5.0 (Linux; Android 7.0;) AppleWebKit/537.36 (KHTML, like Gecko) Mobile Safari/537.36 (compatible; PetalBot;+https://webmaster.petalsearch.com/site/petalbot)"
114.119.147.81 - - [28/Jun/2022:16:09:59 +0000] "GET /node/939/img_6443?ak_action=accept_mobile HTTP/1.1" 302 154 "https://mrchoke.org/node/939/img_6443?ak_action=reject_mobile" "Mozilla/5.0 (Linux; Android 7.0;) AppleWebKit/537.36 (KHTML, like Gecko) Mobile Safari/537.36 (compatible; PetalBot;+https://webmaster.petalsearch.com/site/petalbot)"
114.119.147.81 - - [28/Jun/2022:16:10:05 +0000] "GET /node/939/img_6443?ak_action=accept_mobile HTTP/1.1" 301 178 "https://mrchoke.org/node/939/img_6443?ak_action=reject_mobile" "Mozilla/5.0 (Linux; Android 7.0;) AppleWebKit/537.36 (KHTML, like Gecko) Mobile Safari/537.36 (compatible; PetalBot;+https://webmaster.petalsearch.com/site/petalbot)"
114.119.147.81 - - [28/Jun/2022:16:10:12 +0000] "GET /node/939/img_6443/?ak_action=accept_mobile HTTP/1.1" 200 7937 "https://mrchoke.org/node/939/img_6443?ak_action=reject_mobile" "Mozilla/5.0 (Linux; Android 7.0;) AppleWebKit/537.36 (KHTML, like Gecko) Mobile Safari/537.36 (compatible; PetalBot;+https://webmaster.petalsearch.com/site/petalbot)"
216.244.66.229 - - [28/Jun/2022:16:11:25 +0000] "GET /robots.txt HTTP/1.1" 404 162 "-" "Mozilla/5.0 (compatible; DotBot/1.2; +https://opensiteexplorer.org/dotbot; help@moz.com)"
114.119.147.81 - - [28/Jun/2022:16:12:27 +0000] "GET /node/date/2005/12 HTTP/1.1" 302 154 "https://mrchoke.org/node/939/img_6419" "Mozilla/5.0 (Linux; Android 7.0;) AppleWebKit/537.36 (KHTML, like Gecko) Mobile Safari/537.36 (compatible; PetalBot;+https://webmaster.petalsearch.com/site/petalbot)"
114.119.147.81 - - [28/Jun/2022:16:13:18 +0000] "GET /node/date/2004/06/22 HTTP/1.1" 301 178 "https://static.mrchoke.org/node/412" "Mozilla/5.0 (Linux; Android 7.0;) AppleWebKit/537.36 (KHTML, like Gecko) Mobile Safari/537.36 (compatible; PetalBot;+https://webmaster.petalsearch.com/site/petalbot)"
185.191.171.15 - - [28/Jun/2022:16:13:19 +0000] "GET /page/5 HTTP/1.1" 301 178 "-" "Mozilla/5.0 (compatible; SemrushBot/7~bl; +http://www.semrush.com/bot.html)"
185.191.171.33 - - [28/Jun/2022:16:13:22 +0000] "GET /page/5/ HTTP/1.1" 200 13311 "-" "Mozilla/5.0 (compatible; SemrushBot/7~bl; +http://www.semrush.com/bot.html)"
114.119.147.81 - - [28/Jun/2022:16:13:23 +0000] "GET /node/date/2004/06/22/ HTTP/1.1" 200 8399 "https://static.mrchoke.org/node/412" "Mozilla/5.0 (Linux; Android 7.0;) AppleWebKit/537.36 (KHTML, like Gecko) Mobile Safari/537.36 (compatible; PetalBot;+https://webmaster.petalsearch.com/site/petalbot)"
216.244.66.229 - - [28/Jun/2022:16:13:51 +0000] "GET /feed/?attachment_id=1153 HTTP/1.1" 404 162 "-" "Mozilla/5.0 (compatible; DotBot/1.2; +https://opensiteexplorer.org/dotbot; help@moz.com)"
114.119.147.86 - - [28/Jun/2022:16:14:28 +0000] "GET /node/date/2005/12 HTTP/1.1" 302 154 "https://mrchoke.org/node/939/img_6419" "Mozilla/5.0 (Linux; Android 7.0;) AppleWebKit/537.36 (KHTML, like Gecko) Mobile Safari/537.36 (compatible; PetalBot;+https://webmaster.petalsearch.com/site/petalbot)"
114.119.147.86 - - [28/Jun/2022:16:14:44 +0000] "GET /node/date/2005/12 HTTP/1.1" 301 178 "https://mrchoke.org/node/939/img_6419" "Mozilla/5.0 (Linux; Android 7.0;) AppleWebKit/537.36 (KHTML, like Gecko) Mobile Safari/537.36 (compatible; PetalBot;+https://webmaster.petalsearch.com/site/petalbot)"
114.119.147.86 - - [28/Jun/2022:16:15:29 +0000] "GET /node/category/stardict HTTP/1.1" 301 178 "https://static.mrchoke.org/node/316" "Mozilla/5.0 (Linux; Android 7.0;) AppleWebKit/537.36 (KHTML, like Gecko) Mobile Safari/537.36 (compatible; PetalBot;+https://webmaster.petalsearch.com/site/petalbot)"
114.119.147.86 - - [28/Jun/2022:16:15:37 +0000] "GET /node/category/stardict/ HTTP/1.1" 200 10726 "https://static.mrchoke.org/node/316" "Mozilla/5.0 (Linux; Android 7.0;) AppleWebKit/537.36 (KHTML, like Gecko) Mobile Safari/537.36 (compatible; PetalBot;+https://webmaster.petalsearch.com/site/petalbot)"
114.119.147.73 - - [28/Jun/2022:16:16:13 +0000] "GET /node/date/2005/12 HTTP/1.1" 302 154 "https://mrchoke.org/node/939/img_6419" "Mozilla/5.0 (Linux; Android 7.0;) AppleWebKit/537.36 (KHTML, like Gecko) Mobile Safari/537.36 (compatible; PetalBot;+https://webmaster.petalsearch.com/site/petalbot)"
114.119.147.73 - - [28/Jun/2022:16:16:31 +0000] "GET /node/date/2005/12 HTTP/1.1" 301 178 "https://mrchoke.org/node/939/img_6419" "Mozilla/5.0 (Linux; Android 7.0;) AppleWebKit/537.36 (KHTML, like Gecko) Mobile Safari/537.36 (compatible; PetalBot;+https://webmaster.petalsearch.com/site/petalbot)"
66.249.71.182 - - [28/Jun/2022:16:16:59 +0000] "GET /node/245 HTTP/1.1" 302 154 "-" "Mozilla/5.0 (Linux; Android 6.0.1; Nexus 5X Build/MMB29P) AppleWebKit/537.36 (KHTML, like Gecko) Chrome/103.0.5060.53 Mobile Safari/537.36 (compatible; Googlebot/2.1; +http://www.google.com/bot.html)"
66.249.71.25 - - [28/Jun/2022:16:17:00 +0000] "GET /node/245 HTTP/1.1" 301 178 "-" "Mozilla/5.0 (Linux; Android 6.0.1; Nexus 5X Build/MMB29P) AppleWebKit/537.36 (KHTML, like Gecko) Chrome/103.0.5060.53 Mobile Safari/537.36 (compatible; Googlebot/2.1; +http://www.google.com/bot.html)"
216.244.66.229 - - [28/Jun/2022:16:17:28 +0000] "GET /node/369/ HTTP/1.1" 404 162 "-" "Mozilla/5.0 (compatible; DotBot/1.2; +https://opensiteexplorer.org/dotbot; help@moz.com)"
216.244.66.229 - - [28/Jun/2022:16:17:33 +0000] "GET /node/451/ HTTP/1.1" 404 162 "-" "Mozilla/5.0 (compatible; DotBot/1.2; +https://opensiteexplorer.org/dotbot; help@moz.com)"
216.244.66.229 - - [28/Jun/2022:16:17:38 +0000] "GET /node/507/ HTTP/1.1" 404 162 "-" "Mozilla/5.0 (compatible; DotBot/1.2; +https://opensiteexplorer.org/dotbot; help@moz.com)"
216.244.66.229 - - [28/Jun/2022:16:17:41 +0000] "GET /node/57/ HTTP/1.1" 404 162 "-" "Mozilla/5.0 (compatible; DotBot/1.2; +https://opensiteexplorer.org/dotbot; help@moz.com)"
114.119.147.75 - - [28/Jun/2022:16:18:04 +0000] "GET /node/date/2004/12/13 HTTP/1.1" 301 178 "https://static.mrchoke.org/node/506" "Mozilla/5.0 (Linux; Android 7.0;) AppleWebKit/537.36 (KHTML, like Gecko) Mobile Safari/537.36 (compatible; PetalBot;+https://webmaster.petalsearch.com/site/petalbot)"
114.119.147.75 - - [28/Jun/2022:16:18:15 +0000] "GET /node/date/2004/12/13/ HTTP/1.1" 200 8245 "https://static.mrchoke.org/node/506" "Mozilla/5.0 (Linux; Android 7.0;) AppleWebKit/537.36 (KHTML, like Gecko) Mobile Safari/537.36 (compatible; PetalBot;+https://webmaster.petalsearch.com/site/petalbot)"
114.119.147.87 - - [28/Jun/2022:16:18:49 +0000] "GET /node/18?share=twitter HTTP/1.1" 302 154 "https://mrchoke.org/node/18" "Mozilla/5.0 (Linux; Android 7.0;) AppleWebKit/537.36 (KHTML, like Gecko) Mobile Safari/537.36 (compatible; PetalBot;+https://webmaster.petalsearch.com/site/petalbot)"
114.119.147.87 - - [28/Jun/2022:16:18:55 +0000] "GET /node/18?share=twitter HTTP/1.1" 301 178 "https://mrchoke.org/node/18" "Mozilla/5.0 (Linux; Android 7.0;) AppleWebKit/537.36 (KHTML, like Gecko) Mobile Safari/537.36 (compatible; PetalBot;+https://webmaster.petalsearch.com/site/petalbot)"
114.119.147.87 - - [28/Jun/2022:16:19:01 +0000] "GET /node/18/?share=twitter HTTP/1.1" 200 11186 "https://mrchoke.org/node/18" "Mozilla/5.0 (Linux; Android 7.0;) AppleWebKit/537.36 (KHTML, like Gecko) Mobile Safari/537.36 (compatible; PetalBot;+https://webmaster.petalsearch.com/site/petalbot)"
114.119.147.97 - - [28/Jun/2022:16:20:38 +0000] "GET /node/category/airport HTTP/1.1" 301 178 "https://static.mrchoke.org/node/date/2006/10/22/page/4" "Mozilla/5.0 (Linux; Android 7.0;) AppleWebKit/537.36 (KHTML, like Gecko) Mobile Safari/537.36 (compatible; PetalBot;+https://webmaster.petalsearch.com/site/petalbot)"
114.119.147.97 - - [28/Jun/2022:16:20:48 +0000] "GET /node/category/airport/ HTTP/1.1" 200 9965 "https://static.mrchoke.org/node/date/2006/10/22/page/4" "Mozilla/5.0 (Linux; Android 7.0;) AppleWebKit/537.36 (KHTML, like Gecko) Mobile Safari/537.36 (compatible; PetalBot;+https://webmaster.petalsearch.com/site/petalbot)"
114.119.147.86 - - [28/Jun/2022:16:22:12 +0000] "GET /node/tag/trip/page/3 HTTP/1.1" 302 154 "https://mrchoke.org/node/tag/trip/page/2?ak_action=reject_mobile" "Mozilla/5.0 (Linux; Android 7.0;) AppleWebKit/537.36 (KHTML, like Gecko) Mobile Safari/537.36 (compatible; PetalBot;+https://webmaster.petalsearch.com/site/petalbot)"
114.119.147.86 - - [28/Jun/2022:16:22:13 +0000] "GET /node/tag/trip/page/3 HTTP/1.1" 301 178 "https://mrchoke.org/node/tag/trip/page/2?ak_action=reject_mobile" "Mozilla/5.0 (Linux; Android 7.0;) AppleWebKit/537.36 (KHTML, like Gecko) Mobile Safari/537.36 (compatible; PetalBot;+https://webmaster.petalsearch.com/site/petalbot)"
114.119.147.86 - - [28/Jun/2022:16:22:14 +0000] "GET /node/tag/trip/page/3/ HTTP/1.1" 200 8812 "https://mrchoke.org/node/tag/trip/page/2?ak_action=reject_mobile" "Mozilla/5.0 (Linux; Android 7.0;) AppleWebKit/537.36 (KHTML, like Gecko) Mobile Safari/537.36 (compatible; PetalBot;+https://webmaster.petalsearch.com/site/petalbot)"
114.119.147.73 - - [28/Jun/2022:16:23:48 +0000] "GET /node/date/2004/05/14 HTTP/1.1" 302 154 "https://mrchoke.org/node/419?share=twitter" "Mozilla/5.0 (Linux; Android 7.0;) AppleWebKit/537.36 (KHTML, like Gecko) Mobile Safari/537.36 (compatible; PetalBot;+https://webmaster.petalsearch.com/site/petalbot)"
114.119.147.73 - - [28/Jun/2022:16:23:48 +0000] "GET /node/date/2004/05/14 HTTP/1.1" 301 178 "https://mrchoke.org/node/419?share=twitter" "Mozilla/5.0 (Linux; Android 7.0;) AppleWebKit/537.36 (KHTML, like Gecko) Mobile Safari/537.36 (compatible; PetalBot;+https://webmaster.petalsearch.com/site/petalbot)"
114.119.147.73 - - [28/Jun/2022:16:23:48 +0000] "GET /node/date/2004/05/14/ HTTP/1.1" 200 8377 "https://mrchoke.org/node/419?share=twitter" "Mozilla/5.0 (Linux; Android 7.0;) AppleWebKit/537.36 (KHTML, like Gecko) Mobile Safari/537.36 (compatible; PetalBot;+https://webmaster.petalsearch.com/site/petalbot)"
185.191.171.24 - - [28/Jun/2022:16:24:15 +0000] "GET /node/253 HTTP/1.1" 301 178 "-" "Mozilla/5.0 (compatible; SemrushBot/7~bl; +http://www.semrush.com/bot.html)"
185.191.171.25 - - [28/Jun/2022:16:24:19 +0000] "GET /node/253/ HTTP/1.1" 200 8585 "-" "Mozilla/5.0 (compatible; SemrushBot/7~bl; +http://www.semrush.com/bot.html)"
51.222.253.11 - - [28/Jun/2022:16:24:55 +0000] "GET / HTTP/1.1" 200 396 "-" "Mozilla/5.0 (compatible; AhrefsBot/7.0; +http://ahrefs.com/robot/)"
34.140.248.32 - - [28/Jun/2022:16:25:11 +0000] "GET / HTTP/1.1" 301 178 "-" "python-requests/2.28.0"
114.119.147.81 - - [28/Jun/2022:16:25:21 +0000] "GET /node/1731 HTTP/1.1" 301 178 "https://mrchoke.org/node/tag/ipad?ak_action=reject_mobile" "Mozilla/5.0 (Linux; Android 7.0;) AppleWebKit/537.36 (KHTML, like Gecko) Mobile Safari/537.36 (compatible; PetalBot;+https://webmaster.petalsearch.com/site/petalbot)"
114.119.147.81 - - [28/Jun/2022:16:25:22 +0000] "GET /node/1731/ HTTP/1.1" 200 11413 "https://mrchoke.org/node/tag/ipad?ak_action=reject_mobile" "Mozilla/5.0 (Linux; Android 7.0;) AppleWebKit/537.36 (KHTML, like Gecko) Mobile Safari/537.36 (compatible; PetalBot;+https://webmaster.petalsearch.com/site/petalbot)"
114.119.147.74 - - [28/Jun/2022:16:27:43 +0000] "GET /node/date/2005/08/01 HTTP/1.1" 404 134 "http://www.mrchoke.org/node/443" "Mozilla/5.0 (Linux; Android 7.0;) AppleWebKit/537.36 (KHTML, like Gecko) Mobile Safari/537.36 (compatible; PetalBot;+https://webmaster.petalsearch.com/site/petalbot)"
51.222.253.3 - - [28/Jun/2022:16:28:28 +0000] "GET /node/date/2005/06/21/ HTTP/2.0" 200 7752 "-" "Mozilla/5.0 (compatible; AhrefsBot/7.0; +http://ahrefs.com/robot/)"
114.119.147.74 - - [28/Jun/2022:16:29:01 +0000] "GET /node/474?share=linkedin HTTP/1.1" 302 154 "https://mrchoke.org/node/474?ak_action=accept_mobile" "Mozilla/5.0 (Linux; Android 7.0;) AppleWebKit/537.36 (KHTML, like Gecko) Mobile Safari/537.36 (compatible; PetalBot;+https://webmaster.petalsearch.com/site/petalbot)"
114.119.147.74 - - [28/Jun/2022:16:29:10 +0000] "GET /node/474?share=linkedin HTTP/1.1" 301 178 "https://mrchoke.org/node/474?ak_action=accept_mobile" "Mozilla/5.0 (Linux; Android 7.0;) AppleWebKit/537.36 (KHTML, like Gecko) Mobile Safari/537.36 (compatible; PetalBot;+https://webmaster.petalsearch.com/site/petalbot)"
114.119.147.74 - - [28/Jun/2022:16:29:17 +0000] "GET /node/474/?share=linkedin HTTP/1.1" 200 8338 "https://mrchoke.org/node/474?ak_action=accept_mobile" "Mozilla/5.0 (Linux; Android 7.0;) AppleWebKit/537.36 (KHTML, like Gecko) Mobile Safari/537.36 (compatible; PetalBot;+https://webmaster.petalsearch.com/site/petalbot)"
114.119.147.74 - - [28/Jun/2022:16:30:50 +0000] "GET /node/date/2008/01/16 HTTP/1.1" 302 154 "https://mrchoke.org/node/342?ak_action=reject_mobile" "Mozilla/5.0 (Linux; Android 7.0;) AppleWebKit/537.36 (KHTML, like Gecko) Mobile Safari/537.36 (compatible; PetalBot;+https://webmaster.petalsearch.com/site/petalbot)"
114.119.147.74 - - [28/Jun/2022:16:30:54 +0000] "GET /node/date/2008/01/16 HTTP/1.1" 301 178 "https://mrchoke.org/node/342?ak_action=reject_mobile" "Mozilla/5.0 (Linux; Android 7.0;) AppleWebKit/537.36 (KHTML, like Gecko) Mobile Safari/537.36 (compatible; PetalBot;+https://webmaster.petalsearch.com/site/petalbot)"
114.119.147.74 - - [28/Jun/2022:16:30:57 +0000] "GET /node/date/2008/01/16/ HTTP/1.1" 200 7670 "https://mrchoke.org/node/342?ak_action=reject_mobile" "Mozilla/5.0 (Linux; Android 7.0;) AppleWebKit/537.36 (KHTML, like Gecko) Mobile Safari/537.36 (compatible; PetalBot;+https://webmaster.petalsearch.com/site/petalbot)"
51.222.253.13 - - [28/Jun/2022:16:31:41 +0000] "GET /node/141 HTTP/2.0" 301 178 "-" "Mozilla/5.0 (compatible; AhrefsBot/7.0; +http://ahrefs.com/robot/)"
114.119.147.74 - - [28/Jun/2022:16:32:34 +0000] "GET /node/69?share=twitter HTTP/1.1" 302 154 "https://mrchoke.org/node/69?ak_action=accept_mobile" "Mozilla/5.0 (Linux; Android 7.0;) AppleWebKit/537.36 (KHTML, like Gecko) Mobile Safari/537.36 (compatible; PetalBot;+https://webmaster.petalsearch.com/site/petalbot)"
114.119.147.74 - - [28/Jun/2022:16:32:36 +0000] "GET /node/69?share=twitter HTTP/1.1" 301 178 "https://mrchoke.org/node/69?ak_action=accept_mobile" "Mozilla/5.0 (Linux; Android 7.0;) AppleWebKit/537.36 (KHTML, like Gecko) Mobile Safari/537.36 (compatible; PetalBot;+https://webmaster.petalsearch.com/site/petalbot)"
114.119.147.74 - - [28/Jun/2022:16:32:38 +0000] "GET /node/69/?share=twitter HTTP/1.1" 200 8948 "https://mrchoke.org/node/69?ak_action=accept_mobile" "Mozilla/5.0 (Linux; Android 7.0;) AppleWebKit/537.36 (KHTML, like Gecko) Mobile Safari/537.36 (compatible; PetalBot;+https://webmaster.petalsearch.com/site/petalbot)"
114.119.147.75 - - [28/Jun/2022:16:34:18 +0000] "GET /node/567?share=linkedin HTTP/1.1" 302 154 "https://mrchoke.org/node/567" "Mozilla/5.0 (Linux; Android 7.0;) AppleWebKit/537.36 (KHTML, like Gecko) Mobile Safari/537.36 (compatible; PetalBot;+https://webmaster.petalsearch.com/site/petalbot)"
114.119.147.75 - - [28/Jun/2022:16:34:20 +0000] "GET /node/567?share=linkedin HTTP/1.1" 301 178 "https://mrchoke.org/node/567" "Mozilla/5.0 (Linux; Android 7.0;) AppleWebKit/537.36 (KHTML, like Gecko) Mobile Safari/537.36 (compatible; PetalBot;+https://webmaster.petalsearch.com/site/petalbot)"
114.119.147.75 - - [28/Jun/2022:16:34:22 +0000] "GET /node/567/?share=linkedin HTTP/1.1" 200 14402 "https://mrchoke.org/node/567" "Mozilla/5.0 (Linux; Android 7.0;) AppleWebKit/537.36 (KHTML, like Gecko) Mobile Safari/537.36 (compatible; PetalBot;+https://webmaster.petalsearch.com/site/petalbot)"
51.222.253.14 - - [28/Jun/2022:16:35:02 +0000] "GET /node/date/2004/05/04/ HTTP/2.0" 200 8291 "-" "Mozilla/5.0 (compatible; AhrefsBot/7.0; +http://ahrefs.com/robot/)"
114.119.147.74 - - [28/Jun/2022:16:36:06 +0000] "GET /node/501?share=twitter HTTP/1.1" 302 154 "https://mrchoke.org/node/501?ak_action=accept_mobile" "Mozilla/5.0 (Linux; Android 7.0;) AppleWebKit/537.36 (KHTML, like Gecko) Mobile Safari/537.36 (compatible; PetalBot;+https://webmaster.petalsearch.com/site/petalbot)"
114.119.147.74 - - [28/Jun/2022:16:36:09 +0000] "GET /node/501?share=twitter HTTP/1.1" 301 178 "https://mrchoke.org/node/501?ak_action=accept_mobile" "Mozilla/5.0 (Linux; Android 7.0;) AppleWebKit/537.36 (KHTML, like Gecko) Mobile Safari/537.36 (compatible; PetalBot;+https://webmaster.petalsearch.com/site/petalbot)"
114.119.147.74 - - [28/Jun/2022:16:36:12 +0000] "GET /node/501/?share=twitter HTTP/1.1" 200 8221 "https://mrchoke.org/node/501?ak_action=accept_mobile" "Mozilla/5.0 (Linux; Android 7.0;) AppleWebKit/537.36 (KHTML, like Gecko) Mobile Safari/537.36 (compatible; PetalBot;+https://webmaster.petalsearch.com/site/petalbot)"
114.119.147.74 - - [28/Jun/2022:16:37:50 +0000] "GET /node/427 HTTP/1.1" 302 154 "https://mrchoke.org/node/426?share=reddit" "Mozilla/5.0 (Linux; Android 7.0;) AppleWebKit/537.36 (KHTML, like Gecko) Mobile Safari/537.36 (compatible; PetalBot;+https://webmaster.petalsearch.com/site/petalbot)"
114.119.147.74 - - [28/Jun/2022:16:37:50 +0000] "GET /node/427 HTTP/1.1" 301 178 "https://mrchoke.org/node/426?share=reddit" "Mozilla/5.0 (Linux; Android 7.0;) AppleWebKit/537.36 (KHTML, like Gecko) Mobile Safari/537.36 (compatible; PetalBot;+https://webmaster.petalsearch.com/site/petalbot)"
114.119.147.74 - - [28/Jun/2022:16:37:52 +0000] "GET /node/427/ HTTP/1.1" 200 8789 "https://mrchoke.org/node/426?share=reddit" "Mozilla/5.0 (Linux; Android 7.0;) AppleWebKit/537.36 (KHTML, like Gecko) Mobile Safari/537.36 (compatible; PetalBot;+https://webmaster.petalsearch.com/site/petalbot)"
51.222.253.14 - - [28/Jun/2022:16:38:56 +0000] "GET /node/date/2004/05/21/ HTTP/2.0" 200 8969 "-" "Mozilla/5.0 (compatible; AhrefsBot/7.0; +http://ahrefs.com/robot/)"
66.249.71.182 - - [28/Jun/2022:16:39:29 +0000] "GET /node/1480 HTTP/1.1" 302 154 "-" "Mozilla/5.0 (Linux; Android 6.0.1; Nexus 5X Build/MMB29P) AppleWebKit/537.36 (KHTML, like Gecko) Chrome/103.0.5060.53 Mobile Safari/537.36 (compatible; Googlebot/2.1; +http://www.google.com/bot.html)"
66.249.64.216 - - [28/Jun/2022:16:39:31 +0000] "GET /node/1480 HTTP/1.1" 301 178 "-" "Mozilla/5.0 (Linux; Android 6.0.1; Nexus 5X Build/MMB29P) AppleWebKit/537.36 (KHTML, like Gecko) Chrome/103.0.5060.53 Mobile Safari/537.36 (compatible; Googlebot/2.1; +http://www.google.com/bot.html)"
66.249.71.28 - - [28/Jun/2022:16:39:31 +0000] "GET /node/1480/ HTTP/1.1" 200 9004 "-" "Mozilla/5.0 (Linux; Android 6.0.1; Nexus 5X Build/MMB29P) AppleWebKit/537.36 (KHTML, like Gecko) Chrome/103.0.5060.53 Mobile Safari/537.36 (compatible; Googlebot/2.1; +http://www.google.com/bot.html)"
2001:470:1:b95::7366 - - [28/Jun/2022:16:40:05 +0000] "GET / HTTP/1.1" 200 384 "-" "Mozilla/5.0 (compatible; ev-crawler/1.0; +https://headline.com/legal/crawler)"
193.118.53.194 - - [28/Jun/2022:16:41:21 +0000] "GET / HTTP/1.1" 200 396 "-" "Mozilla/5.0 (Windows NT 10.0; Win64; x64) AppleWebKit/537.36 (KHTML, like Gecko) Chrome/60.0.3112.113 Safari/537.36"
114.119.147.86 - - [28/Jun/2022:16:41:40 +0000] "GET /node/1633?ak_action=accept_mobile HTTP/1.1" 302 154 "https://mrchoke.org/node/1633?ak_action=reject_mobile" "Mozilla/5.0 (Linux; Android 7.0;) AppleWebKit/537.36 (KHTML, like Gecko) Mobile Safari/537.36 (compatible; PetalBot;+https://webmaster.petalsearch.com/site/petalbot)"
114.119.147.86 - - [28/Jun/2022:16:41:49 +0000] "GET /node/1633?ak_action=accept_mobile HTTP/1.1" 301 178 "https://mrchoke.org/node/1633?ak_action=reject_mobile" "Mozilla/5.0 (Linux; Android 7.0;) AppleWebKit/537.36 (KHTML, like Gecko) Mobile Safari/537.36 (compatible; PetalBot;+https://webmaster.petalsearch.com/site/petalbot)"
114.119.147.86 - - [28/Jun/2022:16:41:57 +0000] "GET /node/1633/?ak_action=accept_mobile HTTP/1.1" 200 9161 "https://mrchoke.org/node/1633?ak_action=reject_mobile" "Mozilla/5.0 (Linux; Android 7.0;) AppleWebKit/537.36 (KHTML, like Gecko) Mobile Safari/537.36 (compatible; PetalBot;+https://webmaster.petalsearch.com/site/petalbot)"
51.222.253.1 - - [28/Jun/2022:16:42:40 +0000] "GET /node/30/ HTTP/2.0" 200 10373 "-" "Mozilla/5.0 (compatible; AhrefsBot/7.0; +http://ahrefs.com/robot/)"
74.201.28.120 - - [28/Jun/2022:16:42:54 +0000] "GET /.env HTTP/1.1" 404 197 "-" "Mozilla/5.0 (X11; Linux x86_64) AppleWebKit/537.36 (KHTML, like Gecko) Chrome/81.0.4044.129 Safari/537.36"
74.201.28.120 - - [28/Jun/2022:16:42:55 +0000] "POST / HTTP/1.1" 405 568 "-" "Mozilla/5.0 (X11; Linux x86_64) AppleWebKit/537.36 (KHTML, like Gecko) Chrome/81.0.4044.129 Safari/537.36"
74.201.28.120 - - [28/Jun/2022:16:42:56 +0000] "GET /.env HTTP/1.1" 301 178 "-" "Mozilla/5.0 (X11; Linux x86_64) AppleWebKit/537.36 (KHTML, like Gecko) Chrome/81.0.4044.129 Safari/537.36"
74.201.28.120 - - [28/Jun/2022:16:42:58 +0000] "POST / HTTP/1.1" 301 178 "-" "Mozilla/5.0 (X11; Linux x86_64) AppleWebKit/537.36 (KHTML, like Gecko) Chrome/81.0.4044.129 Safari/537.36"
40.77.167.46 - - [28/Jun/2022:16:43:11 +0000] "GET /feed/?attachment_id=1875 HTTP/2.0" 403 123 "-" "Mozilla/5.0 (compatible; bingbot/2.0; +http://www.bing.com/bingbot.htm)"
114.119.147.86 - - [28/Jun/2022:16:43:45 +0000] "GET /node/date/2006/10/page/10 HTTP/1.1" 301 178 "https://static.mrchoke.org/node/date/2006/10/page/9" "Mozilla/5.0 (Linux; Android 7.0;) AppleWebKit/537.36 (KHTML, like Gecko) Mobile Safari/537.36 (compatible; PetalBot;+https://webmaster.petalsearch.com/site/petalbot)"
114.119.147.86 - - [28/Jun/2022:16:43:51 +0000] "GET /node/date/2006/10/page/10/ HTTP/1.1" 200 8244 "https://static.mrchoke.org/node/date/2006/10/page/9" "Mozilla/5.0 (Linux; Android 7.0;) AppleWebKit/537.36 (KHTML, like Gecko) Mobile Safari/537.36 (compatible; PetalBot;+https://webmaster.petalsearch.com/site/petalbot)"
185.191.171.4 - - [28/Jun/2022:16:44:12 +0000] "GET /robots.txt HTTP/1.1" 404 134 "-" "Mozilla/5.0 (compatible; SemrushBot/7~bl; +http://www.semrush.com/bot.html)"
185.191.171.24 - - [28/Jun/2022:16:44:13 +0000] "GET /node/939/img_6409 HTTP/1.1" 301 178 "-" "Mozilla/5.0 (compatible; SemrushBot/7~bl; +http://www.semrush.com/bot.html)"
185.191.171.12 - - [28/Jun/2022:16:44:15 +0000] "GET /node/939/img_6409/ HTTP/1.1" 200 7887 "-" "Mozilla/5.0 (compatible; SemrushBot/7~bl; +http://www.semrush.com/bot.html)"
114.119.147.74 - - [28/Jun/2022:16:45:34 +0000] "GET /node/category/3d HTTP/1.1" 302 154 "https://mrchoke.org/node/939/img_6419" "Mozilla/5.0 (Linux; Android 7.0;) AppleWebKit/537.36 (KHTML, like Gecko) Mobile Safari/537.36 (compatible; PetalBot;+https://webmaster.petalsearch.com/site/petalbot)"
114.119.147.74 - - [28/Jun/2022:16:45:42 +0000] "GET /node/category/3d HTTP/1.1" 301 178 "https://mrchoke.org/node/939/img_6419" "Mozilla/5.0 (Linux; Android 7.0;) AppleWebKit/537.36 (KHTML, like Gecko) Mobile Safari/537.36 (compatible; PetalBot;+https://webmaster.petalsearch.com/site/petalbot)"
114.119.147.74 - - [28/Jun/2022:16:45:55 +0000] "GET /node/category/3d/ HTTP/1.1" 200 8460 "https://mrchoke.org/node/939/img_6419" "Mozilla/5.0 (Linux; Android 7.0;) AppleWebKit/537.36 (KHTML, like Gecko) Mobile Safari/537.36 (compatible; PetalBot;+https://webmaster.petalsearch.com/site/petalbot)"
51.222.253.16 - - [28/Jun/2022:16:46:10 +0000] "GET /node/date/2004/08/06/ HTTP/2.0" 200 9638 "-" "Mozilla/5.0 (compatible; AhrefsBot/7.0; +http://ahrefs.com/robot/)"
114.119.147.87 - - [28/Jun/2022:16:48:14 +0000] "GET /node/1377?ak_action=accept_mobile HTTP/1.1" 302 154 "https://mrchoke.org/node/1377?ak_action=reject_mobile" "Mozilla/5.0 (Linux; Android 7.0;) AppleWebKit/537.36 (KHTML, like Gecko) Mobile Safari/537.36 (compatible; PetalBot;+https://webmaster.petalsearch.com/site/petalbot)"
114.119.147.87 - - [28/Jun/2022:16:48:34 +0000] "GET /node/1377?ak_action=accept_mobile HTTP/1.1" 301 178 "https://mrchoke.org/node/1377?ak_action=reject_mobile" "Mozilla/5.0 (Linux; Android 7.0;) AppleWebKit/537.36 (KHTML, like Gecko) Mobile Safari/537.36 (compatible; PetalBot;+https://webmaster.petalsearch.com/site/petalbot)"
185.191.171.35 - - [28/Jun/2022:16:49:09 +0000] "GET /robots.txt HTTP/1.1" 404 134 "-" "Mozilla/5.0 (compatible; SemrushBot/7~bl; +http://www.semrush.com/bot.html)"
185.191.171.2 - - [28/Jun/2022:16:49:11 +0000] "GET /node/category/blognone HTTP/1.1" 302 154 "-" "Mozilla/5.0 (compatible; SemrushBot/7~bl; +http://www.semrush.com/bot.html)"
185.191.171.11 - - [28/Jun/2022:16:49:13 +0000] "GET /node/category/blognone HTTP/1.1" 301 178 "-" "Mozilla/5.0 (compatible; SemrushBot/7~bl; +http://www.semrush.com/bot.html)"
185.191.171.25 - - [28/Jun/2022:16:49:16 +0000] "GET /node/category/blognone/ HTTP/1.1" 200 12374 "-" "Mozilla/5.0 (compatible; SemrushBot/7~bl; +http://www.semrush.com/bot.html)"
114.119.147.74 - - [28/Jun/2022:16:49:42 +0000] "GET /node/414?share=reddit HTTP/1.1" 302 154 "https://mrchoke.org/node/414?ak_action=accept_mobile" "Mozilla/5.0 (Linux; Android 7.0;) AppleWebKit/537.36 (KHTML, like Gecko) Mobile Safari/537.36 (compatible; PetalBot;+https://webmaster.petalsearch.com/site/petalbot)"
114.119.147.74 - - [28/Jun/2022:16:49:44 +0000] "GET /node/414?share=reddit HTTP/1.1" 301 178 "https://mrchoke.org/node/414?ak_action=accept_mobile" "Mozilla/5.0 (Linux; Android 7.0;) AppleWebKit/537.36 (KHTML, like Gecko) Mobile Safari/537.36 (compatible; PetalBot;+https://webmaster.petalsearch.com/site/petalbot)"
114.119.147.74 - - [28/Jun/2022:16:49:46 +0000] "GET /node/414/?share=reddit HTTP/1.1" 200 9479 "https://mrchoke.org/node/414?ak_action=accept_mobile" "Mozilla/5.0 (Linux; Android 7.0;) AppleWebKit/537.36 (KHTML, like Gecko) Mobile Safari/537.36 (compatible; PetalBot;+https://webmaster.petalsearch.com/site/petalbot)"
66.249.71.182 - - [28/Jun/2022:16:50:58 +0000] "GET /node/648/feed HTTP/1.1" 302 154 "-" "Mozilla/5.0 (compatible; Googlebot/2.1; +http://www.google.com/bot.html)"
66.249.71.25 - - [28/Jun/2022:16:50:59 +0000] "GET /node/648/feed HTTP/1.1" 301 178 "-" "Mozilla/5.0 (compatible; Googlebot/2.1; +http://www.google.com/bot.html)"
66.249.64.214 - - [28/Jun/2022:16:51:00 +0000] "GET /node/648/feed/ HTTP/1.1" 403 134 "-" "Mozilla/5.0 (compatible; Googlebot/2.1; +http://www.google.com/bot.html)"
114.119.147.86 - - [28/Jun/2022:16:52:07 +0000] "GET /node/1437 HTTP/1.1" 404 134 "http://www.mrchoke.org/node/tag/openshift-origin/" "Mozilla/5.0 (Linux; Android 7.0;) AppleWebKit/537.36 (KHTML, like Gecko) Mobile Safari/537.36 (compatible; PetalBot;+https://webmaster.petalsearch.com/site/petalbot)"
51.222.253.12 - - [28/Jun/2022:16:52:16 +0000] "GET /node/date/2005/06/16/ HTTP/2.0" 200 7676 "-" "Mozilla/5.0 (compatible; AhrefsBot/7.0; +http://ahrefs.com/robot/)"
185.191.171.25 - - [28/Jun/2022:16:52:56 +0000] "GET /node/1255/img_6866 HTTP/1.1" 301 178 "-" "Mozilla/5.0 (compatible; SemrushBot/7~bl; +http://www.semrush.com/bot.html)"
185.191.171.16 - - [28/Jun/2022:16:52:58 +0000] "GET /node/1255/img_6866/ HTTP/1.1" 200 7909 "-" "Mozilla/5.0 (compatible; SemrushBot/7~bl; +http://www.semrush.com/bot.html)"
114.119.147.87 - - [28/Jun/2022:16:54:40 +0000] "GET /node/939/img_6374?share=linkedin HTTP/1.1" 302 154 "https://mrchoke.org/node/939/img_6374?ak_action=accept_mobile" "Mozilla/5.0 (Linux; Android 7.0;) AppleWebKit/537.36 (KHTML, like Gecko) Mobile Safari/537.36 (compatible; PetalBot;+https://webmaster.petalsearch.com/site/petalbot)"
114.119.147.87 - - [28/Jun/2022:16:54:41 +0000] "GET /node/939/img_6374?share=linkedin HTTP/1.1" 301 178 "https://mrchoke.org/node/939/img_6374?ak_action=accept_mobile" "Mozilla/5.0 (Linux; Android 7.0;) AppleWebKit/537.36 (KHTML, like Gecko) Mobile Safari/537.36 (compatible; PetalBot;+https://webmaster.petalsearch.com/site/petalbot)"
114.119.147.87 - - [28/Jun/2022:16:54:43 +0000] "GET /node/939/img_6374/?share=linkedin HTTP/1.1" 200 7943 "https://mrchoke.org/node/939/img_6374?ak_action=accept_mobile" "Mozilla/5.0 (Linux; Android 7.0;) AppleWebKit/537.36 (KHTML, like Gecko) Mobile Safari/537.36 (compatible; PetalBot;+https://webmaster.petalsearch.com/site/petalbot)"
51.222.253.7 - - [28/Jun/2022:16:55:24 +0000] "GET /node/1335/photo-23-1-14-22-19-24/ HTTP/2.0" 200 7963 "-" "Mozilla/5.0 (compatible; AhrefsBot/7.0; +http://ahrefs.com/robot/)"
114.119.147.75 - - [28/Jun/2022:16:57:13 +0000] "GET /node/417?share=facebook HTTP/1.1" 302 154 "https://mrchoke.org/node/417?ak_action=accept_mobile" "Mozilla/5.0 (Linux; Android 7.0;) AppleWebKit/537.36 (KHTML, like Gecko) Mobile Safari/537.36 (compatible; PetalBot;+https://webmaster.petalsearch.com/site/petalbot)"
114.119.147.75 - - [28/Jun/2022:16:57:13 +0000] "GET /node/417?share=facebook HTTP/1.1" 301 178 "https://mrchoke.org/node/417?ak_action=accept_mobile" "Mozilla/5.0 (Linux; Android 7.0;) AppleWebKit/537.36 (KHTML, like Gecko) Mobile Safari/537.36 (compatible; PetalBot;+https://webmaster.petalsearch.com/site/petalbot)"
114.119.147.75 - - [28/Jun/2022:16:57:16 +0000] "GET /node/417/?share=facebook HTTP/1.1" 200 10577 "https://mrchoke.org/node/417?ak_action=accept_mobile" "Mozilla/5.0 (Linux; Android 7.0;) AppleWebKit/537.36 (KHTML, like Gecko) Mobile Safari/537.36 (compatible; PetalBot;+https://webmaster.petalsearch.com/site/petalbot)"
185.191.171.8 - - [28/Jun/2022:16:57:23 +0000] "GET /node/date/2006/05/08 HTTP/1.1" 301 178 "-" "Mozilla/5.0 (compatible; SemrushBot/7~bl; +http://www.semrush.com/bot.html)"
185.191.171.11 - - [28/Jun/2022:16:57:29 +0000] "GET /node/date/2006/05/08/ HTTP/1.1" 200 8250 "-" "Mozilla/5.0 (compatible; SemrushBot/7~bl; +http://www.semrush.com/bot.html)"
185.21.216.169 - - [28/Jun/2022:16:58:33 +0000] "GET / HTTP/1.1" 200 396 "-" "Mozilla/5.0 (Macintosh; Intel Mac OS X 10_15_7) AppleWebKit/537.36 (KHTML, like Gecko) Chrome/102.0.0.0 Safari/537.36"
51.222.253.15 - - [28/Jun/2022:16:58:46 +0000] "GET /node/tag/thachana/ HTTP/2.0" 200 8616 "-" "Mozilla/5.0 (compatible; AhrefsBot/7.0; +http://ahrefs.com/robot/)"
114.119.147.97 - - [28/Jun/2022:16:59:35 +0000] "GET /node/488?ak_action=accept_mobile HTTP/1.1" 302 154 "https://mrchoke.org/node/488?ak_action=reject_mobile" "Mozilla/5.0 (Linux; Android 7.0;) AppleWebKit/537.36 (KHTML, like Gecko) Mobile Safari/537.36 (compatible; PetalBot;+https://webmaster.petalsearch.com/site/petalbot)"
114.119.147.97 - - [28/Jun/2022:16:59:38 +0000] "GET /node/488?ak_action=accept_mobile HTTP/1.1" 301 178 "https://mrchoke.org/node/488?ak_action=reject_mobile" "Mozilla/5.0 (Linux; Android 7.0;) AppleWebKit/537.36 (KHTML, like Gecko) Mobile Safari/537.36 (compatible; PetalBot;+https://webmaster.petalsearch.com/site/petalbot)"
114.119.147.97 - - [28/Jun/2022:16:59:41 +0000] "GET /node/488/?ak_action=accept_mobile HTTP/1.1" 200 9553 "https://mrchoke.org/node/488?ak_action=reject_mobile" "Mozilla/5.0 (Linux; Android 7.0;) AppleWebKit/537.36 (KHTML, like Gecko) Mobile Safari/537.36 (compatible; PetalBot;+https://webmaster.petalsearch.com/site/petalbot)"
185.191.171.25 - - [28/Jun/2022:17:00:13 +0000] "GET /node/tag/airport-express HTTP/1.1" 301 178 "-" "Mozilla/5.0 (compatible; SemrushBot/7~bl; +http://www.semrush.com/bot.html)"
185.191.171.33 - - [28/Jun/2022:17:00:15 +0000] "GET /node/tag/airport-express/ HTTP/1.1" 200 9589 "-" "Mozilla/5.0 (compatible; SemrushBot/7~bl; +http://www.semrush.com/bot.html)"
114.119.147.81 - - [28/Jun/2022:17:01:59 +0000] "GET /node/21?share=linkedin HTTP/1.1" 302 154 "https://mrchoke.org/node/21" "Mozilla/5.0 (Linux; Android 7.0;) AppleWebKit/537.36 (KHTML, like Gecko) Mobile Safari/537.36 (compatible; PetalBot;+https://webmaster.petalsearch.com/site/petalbot)"
114.119.147.81 - - [28/Jun/2022:17:02:00 +0000] "GET /node/21?share=linkedin HTTP/1.1" 301 178 "https://mrchoke.org/node/21" "Mozilla/5.0 (Linux; Android 7.0;) AppleWebKit/537.36 (KHTML, like Gecko) Mobile Safari/537.36 (compatible; PetalBot;+https://webmaster.petalsearch.com/site/petalbot)"
51.222.253.15 - - [28/Jun/2022:17:02:06 +0000] "GET /node/tag/ratree/ HTTP/2.0" 200 9504 "-" "Mozilla/5.0 (compatible; AhrefsBot/7.0; +http://ahrefs.com/robot/)"
114.119.147.81 - - [28/Jun/2022:17:02:06 +0000] "GET /node/21/?share=linkedin HTTP/1.1" 200 12010 "https://mrchoke.org/node/21" "Mozilla/5.0 (Linux; Android 7.0;) AppleWebKit/537.36 (KHTML, like Gecko) Mobile Safari/537.36 (compatible; PetalBot;+https://webmaster.petalsearch.com/site/petalbot)"
74.125.210.173 - - [28/Jun/2022:17:03:15 +0000] "GET /feed HTTP/1.1" 404 134 "-" "FeedFetcher-Google; (+http://www.google.com/feedfetcher.html)"
114.119.147.86 - - [28/Jun/2022:17:04:31 +0000] "GET /node/1862/screenshot-2014-03-16-22-25-20 HTTP/1.1" 301 178 "https://mrchoke.org/node/1862?share=reddit" "Mozilla/5.0 (Linux; Android 7.0;) AppleWebKit/537.36 (KHTML, like Gecko) Mobile Safari/537.36 (compatible; PetalBot;+https://webmaster.petalsearch.com/site/petalbot)"
114.119.147.86 - - [28/Jun/2022:17:04:32 +0000] "GET /node/1862/screenshot-2014-03-16-22-25-20/ HTTP/1.1" 200 7906 "https://mrchoke.org/node/1862?share=reddit" "Mozilla/5.0 (Linux; Android 7.0;) AppleWebKit/537.36 (KHTML, like Gecko) Mobile Safari/537.36 (compatible; PetalBot;+https://webmaster.petalsearch.com/site/petalbot)"
51.222.253.2 - - [28/Jun/2022:17:05:35 +0000] "GET /node/date/2014/01/01/ HTTP/2.0" 200 8296 "-" "Mozilla/5.0 (compatible; AhrefsBot/7.0; +http://ahrefs.com/robot/)"
114.119.147.74 - - [28/Jun/2022:17:07:02 +0000] "GET /node/date/2014/01/05 HTTP/1.1" 404 134 "http://www.mrchoke.org/node/835" "Mozilla/5.0 (Linux; Android 7.0;) AppleWebKit/537.36 (KHTML, like Gecko) Mobile Safari/537.36 (compatible; PetalBot;+https://webmaster.petalsearch.com/site/petalbot)"
185.191.171.23 - - [28/Jun/2022:17:08:48 +0000] "GET /node/category/dtac HTTP/1.1" 302 154 "-" "Mozilla/5.0 (compatible; SemrushBot/7~bl; +http://www.semrush.com/bot.html)"
185.191.171.21 - - [28/Jun/2022:17:08:49 +0000] "GET /node/category/dtac HTTP/1.1" 301 178 "-" "Mozilla/5.0 (compatible; SemrushBot/7~bl; +http://www.semrush.com/bot.html)"
185.191.171.38 - - [28/Jun/2022:17:08:52 +0000] "GET /node/category/dtac/ HTTP/1.1" 200 10534 "-" "Mozilla/5.0 (compatible; SemrushBot/7~bl; +http://www.semrush.com/bot.html)"
51.222.253.6 - - [28/Jun/2022:17:09:12 +0000] "GET /node/date/2005/05/01/ HTTP/2.0" 200 7842 "-" "Mozilla/5.0 (compatible; AhrefsBot/7.0; +http://ahrefs.com/robot/)"
185.191.171.38 - - [28/Jun/2022:17:09:20 +0000] "GET /node/939/img_6450 HTTP/1.1" 302 154 "-" "Mozilla/5.0 (compatible; SemrushBot/7~bl; +http://www.semrush.com/bot.html)"
185.191.171.2 - - [28/Jun/2022:17:09:21 +0000] "GET /node/939/img_6450 HTTP/1.1" 301 178 "-" "Mozilla/5.0 (compatible; SemrushBot/7~bl; +http://www.semrush.com/bot.html)"
185.191.171.43 - - [28/Jun/2022:17:09:24 +0000] "GET /node/939/img_6450/ HTTP/1.1" 200 7889 "-" "Mozilla/5.0 (compatible; SemrushBot/7~bl; +http://www.semrush.com/bot.html)"
66.249.64.216 - - [28/Jun/2022:17:09:30 +0000] "GET /node/1101 HTTP/1.1" 301 178 "-" "Mozilla/5.0 (compatible; Googlebot/2.1; +http://www.google.com/bot.html)"
66.249.71.25 - - [28/Jun/2022:17:09:31 +0000] "GET /node/1101/ HTTP/1.1" 200 10676 "-" "Mozilla/5.0 (compatible; Googlebot/2.1; +http://www.google.com/bot.html)"
114.119.147.86 - - [28/Jun/2022:17:09:43 +0000] "GET /page/2?ak_action=accept_mobile HTTP/1.1" 302 154 "https://mrchoke.org?ak_action=accept_mobile" "Mozilla/5.0 (Linux; Android 7.0;) AppleWebKit/537.36 (KHTML, like Gecko) Mobile Safari/537.36 (compatible; PetalBot;+https://webmaster.petalsearch.com/site/petalbot)"
114.119.147.86 - - [28/Jun/2022:17:09:47 +0000] "GET /page/2?ak_action=accept_mobile HTTP/1.1" 301 178 "https://mrchoke.org?ak_action=accept_mobile" "Mozilla/5.0 (Linux; Android 7.0;) AppleWebKit/537.36 (KHTML, like Gecko) Mobile Safari/537.36 (compatible; PetalBot;+https://webmaster.petalsearch.com/site/petalbot)"
114.119.147.86 - - [28/Jun/2022:17:09:51 +0000] "GET /page/2/?ak_action=accept_mobile HTTP/1.1" 200 10828 "https://mrchoke.org?ak_action=accept_mobile" "Mozilla/5.0 (Linux; Android 7.0;) AppleWebKit/537.36 (KHTML, like Gecko) Mobile Safari/537.36 (compatible; PetalBot;+https://webmaster.petalsearch.com/site/petalbot)"
114.119.147.87 - - [28/Jun/2022:17:12:07 +0000] "GET /node/category/vmware HTTP/1.1" 301 178 "https://static.mrchoke.org/node/date/2006/10/22/page/4" "Mozilla/5.0 (Linux; Android 7.0;) AppleWebKit/537.36 (KHTML, like Gecko) Mobile Safari/537.36 (compatible; PetalBot;+https://webmaster.petalsearch.com/site/petalbot)"
114.119.147.87 - - [28/Jun/2022:17:12:12 +0000] "GET /node/category/vmware/ HTTP/1.1" 200 9655 "https://static.mrchoke.org/node/date/2006/10/22/page/4" "Mozilla/5.0 (Linux; Android 7.0;) AppleWebKit/537.36 (KHTML, like Gecko) Mobile Safari/537.36 (compatible; PetalBot;+https://webmaster.petalsearch.com/site/petalbot)"
51.222.253.5 - - [28/Jun/2022:17:12:39 +0000] "GET /node/date/2004/12/08/ HTTP/2.0" 200 9521 "-" "Mozilla/5.0 (compatible; AhrefsBot/7.0; +http://ahrefs.com/robot/)"
216.244.66.229 - - [28/Jun/2022:17:13:24 +0000] "GET /robots.txt HTTP/1.1" 404 162 "-" "Mozilla/5.0 (compatible; DotBot/1.2; +https://opensiteexplorer.org/dotbot; help@moz.com)"
114.119.147.74 - - [28/Jun/2022:17:14:35 +0000] "GET /node/453?share=facebook HTTP/1.1" 302 154 "https://mrchoke.org/node/453" "Mozilla/5.0 (Linux; Android 7.0;) AppleWebKit/537.36 (KHTML, like Gecko) Mobile Safari/537.36 (compatible; PetalBot;+https://webmaster.petalsearch.com/site/petalbot)"
114.119.147.74 - - [28/Jun/2022:17:14:35 +0000] "GET /node/453?share=facebook HTTP/1.1" 301 178 "https://mrchoke.org/node/453" "Mozilla/5.0 (Linux; Android 7.0;) AppleWebKit/537.36 (KHTML, like Gecko) Mobile Safari/537.36 (compatible; PetalBot;+https://webmaster.petalsearch.com/site/petalbot)"
114.119.147.74 - - [28/Jun/2022:17:14:35 +0000] "GET /node/453/?share=facebook HTTP/1.1" 200 8908 "https://mrchoke.org/node/453" "Mozilla/5.0 (Linux; Android 7.0;) AppleWebKit/537.36 (KHTML, like Gecko) Mobile Safari/537.36 (compatible; PetalBot;+https://webmaster.petalsearch.com/site/petalbot)"
216.244.66.229 - - [28/Jun/2022:17:15:28 +0000] "GET /node/27/ HTTP/1.1" 404 162 "-" "Mozilla/5.0 (compatible; DotBot/1.2; +https://opensiteexplorer.org/dotbot; help@moz.com)"
51.222.253.5 - - [28/Jun/2022:17:15:46 +0000] "GET /node/date/2004/06/page/4/ HTTP/2.0" 200 9910 "-" "Mozilla/5.0 (compatible; AhrefsBot/7.0; +http://ahrefs.com/robot/)"
114.119.147.86 - - [28/Jun/2022:17:17:09 +0000] "GET /node/date/2006/10 HTTP/1.1" 302 154 "https://mrchoke.org/node/939/img_6419" "Mozilla/5.0 (Linux; Android 7.0;) AppleWebKit/537.36 (KHTML, like Gecko) Mobile Safari/537.36 (compatible; PetalBot;+https://webmaster.petalsearch.com/site/petalbot)"
114.119.147.86 - - [28/Jun/2022:17:17:10 +0000] "GET /node/date/2006/10 HTTP/1.1" 301 178 "https://mrchoke.org/node/939/img_6419" "Mozilla/5.0 (Linux; Android 7.0;) AppleWebKit/537.36 (KHTML, like Gecko) Mobile Safari/537.36 (compatible; PetalBot;+https://webmaster.petalsearch.com/site/petalbot)"
114.119.147.86 - - [28/Jun/2022:17:17:10 +0000] "GET /node/date/2006/10/ HTTP/1.1" 200 13885 "https://mrchoke.org/node/939/img_6419" "Mozilla/5.0 (Linux; Android 7.0;) AppleWebKit/537.36 (KHTML, like Gecko) Mobile Safari/537.36 (compatible; PetalBot;+https://webmaster.petalsearch.com/site/petalbot)"
204.152.216.118 - - [28/Jun/2022:17:18:08 +0000] "GET /wp-content/uploads/2013/12/virtualbox_logo.png HTTP/1.1" 302 154 "http://www.sitepoint.com/re-introducing-vagrant-right-way-start-php/" "Mozilla/4.5 (compatible; HTTrack 3.0x; Windows 98)"
204.152.216.118 - - [28/Jun/2022:17:18:09 +0000] "GET /wp-content/uploads/2013/12/virtualbox_logo.png HTTP/1.1" 404 134 "http://www.sitepoint.com/re-introducing-vagrant-right-way-start-php/" "Mozilla/4.5 (compatible; HTTrack 3.0x; Windows 98)"
62.210.215.113 - - [28/Jun/2022:17:18:42 +0000] "GET /node/1407/feed HTTP/1.1" 404 197 "-" "Mozilla/5.0 (X11; Linux i686) AppleWebKit/537.36 (KHTML, like Gecko) Chrome/30.0.1599.66 Safari/537.36"
216.244.66.229 - - [28/Jun/2022:17:18:52 +0000] "GET /node/125/ HTTP/1.1" 404 162 "-" "Mozilla/5.0 (compatible; DotBot/1.2; +https://opensiteexplorer.org/dotbot; help@moz.com)"
216.244.66.229 - - [28/Jun/2022:17:18:57 +0000] "GET /node/350/ HTTP/1.1" 404 162 "-" "Mozilla/5.0 (compatible; DotBot/1.2; +https://opensiteexplorer.org/dotbot; help@moz.com)"
51.222.253.11 - - [28/Jun/2022:17:19:20 +0000] "GET /node/date/2006/09/21/ HTTP/2.0" 200 8214 "-" "Mozilla/5.0 (compatible; AhrefsBot/7.0; +http://ahrefs.com/robot/)"
114.119.147.73 - - [28/Jun/2022:17:19:54 +0000] "GET /node/449 HTTP/1.1" 301 178 "https://mrchoke.org/node/449?share=facebook" "Mozilla/5.0 (Linux; Android 7.0;) AppleWebKit/537.36 (KHTML, like Gecko) Mobile Safari/537.36 (compatible; PetalBot;+https://webmaster.petalsearch.com/site/petalbot)"
114.119.147.73 - - [28/Jun/2022:17:19:55 +0000] "GET /node/449/ HTTP/1.1" 200 8593 "https://mrchoke.org/node/449?share=facebook" "Mozilla/5.0 (Linux; Android 7.0;) AppleWebKit/537.36 (KHTML, like Gecko) Mobile Safari/537.36 (compatible; PetalBot;+https://webmaster.petalsearch.com/site/petalbot)"
114.119.147.73 - - [28/Jun/2022:17:21:59 +0000] "GET /node/790/img_6130?share=linkedin HTTP/1.1" 302 154 "https://mrchoke.org/node/790/img_6130?ak_action=accept_mobile" "Mozilla/5.0 (Linux; Android 7.0;) AppleWebKit/537.36 (KHTML, like Gecko) Mobile Safari/537.36 (compatible; PetalBot;+https://webmaster.petalsearch.com/site/petalbot)"
114.119.147.73 - - [28/Jun/2022:17:22:01 +0000] "GET /node/790/img_6130?share=linkedin HTTP/1.1" 301 178 "https://mrchoke.org/node/790/img_6130?ak_action=accept_mobile" "Mozilla/5.0 (Linux; Android 7.0;) AppleWebKit/537.36 (KHTML, like Gecko) Mobile Safari/537.36 (compatible; PetalBot;+https://webmaster.petalsearch.com/site/petalbot)"
114.119.147.73 - - [28/Jun/2022:17:22:02 +0000] "GET /node/790/img_6130/?share=linkedin HTTP/1.1" 200 7904 "https://mrchoke.org/node/790/img_6130?ak_action=accept_mobile" "Mozilla/5.0 (Linux; Android 7.0;) AppleWebKit/537.36 (KHTML, like Gecko) Mobile Safari/537.36 (compatible; PetalBot;+https://webmaster.petalsearch.com/site/petalbot)"
51.222.253.20 - - [28/Jun/2022:17:22:45 +0000] "GET /node/date/2004/07/02/ HTTP/2.0" 200 8107 "-" "Mozilla/5.0 (compatible; AhrefsBot/7.0; +http://ahrefs.com/robot/)"
40.77.167.43 - - [28/Jun/2022:17:23:14 +0000] "GET /node/153/feed HTTP/2.0" 301 178 "-" "Mozilla/5.0 (compatible; bingbot/2.0; +http://www.bing.com/bingbot.htm)"
40.77.167.43 - - [28/Jun/2022:17:23:24 +0000] "GET /node/153/feed/ HTTP/2.0" 403 123 "-" "Mozilla/5.0 (compatible; bingbot/2.0; +http://www.bing.com/bingbot.htm)"
114.119.147.97 - - [28/Jun/2022:17:24:23 +0000] "GET /node/date/2013/04/23 HTTP/1.1" 302 154 "https://mrchoke.org/node/648?share=reddit" "Mozilla/5.0 (Linux; Android 7.0;) AppleWebKit/537.36 (KHTML, like Gecko) Mobile Safari/537.36 (compatible; PetalBot;+https://webmaster.petalsearch.com/site/petalbot)"
114.119.147.97 - - [28/Jun/2022:17:24:24 +0000] "GET /node/date/2013/04/23 HTTP/1.1" 301 178 "https://mrchoke.org/node/648?share=reddit" "Mozilla/5.0 (Linux; Android 7.0;) AppleWebKit/537.36 (KHTML, like Gecko) Mobile Safari/537.36 (compatible; PetalBot;+https://webmaster.petalsearch.com/site/petalbot)"
114.119.147.97 - - [28/Jun/2022:17:24:25 +0000] "GET /node/date/2013/04/23/ HTTP/1.1" 200 8154 "https://mrchoke.org/node/648?share=reddit" "Mozilla/5.0 (Linux; Android 7.0;) AppleWebKit/537.36 (KHTML, like Gecko) Mobile Safari/537.36 (compatible; PetalBot;+https://webmaster.petalsearch.com/site/petalbot)"
185.191.171.38 - - [28/Jun/2022:17:24:31 +0000] "GET /node/1504 HTTP/1.1" 301 178 "-" "Mozilla/5.0 (compatible; SemrushBot/7~bl; +http://www.semrush.com/bot.html)"
185.191.171.35 - - [28/Jun/2022:17:24:34 +0000] "GET /node/1504/ HTTP/1.1" 200 10679 "-" "Mozilla/5.0 (compatible; SemrushBot/7~bl; +http://www.semrush.com/bot.html)"
51.222.253.10 - - [28/Jun/2022:17:26:28 +0000] "GET /node/date/2012/04/18/ HTTP/2.0" 200 9457 "-" "Mozilla/5.0 (compatible; AhrefsBot/7.0; +http://ahrefs.com/robot/)"
114.119.147.74 - - [28/Jun/2022:17:26:48 +0000] "GET /node/1815/ch7_4335 HTTP/1.1" 301 178 "https://mrchoke.org/node/1815?share=facebook" "Mozilla/5.0 (Linux; Android 7.0;) AppleWebKit/537.36 (KHTML, like Gecko) Mobile Safari/537.36 (compatible; PetalBot;+https://webmaster.petalsearch.com/site/petalbot)"
114.119.147.74 - - [28/Jun/2022:17:26:48 +0000] "GET /node/1815/ch7_4335/ HTTP/1.1" 200 7887 "https://mrchoke.org/node/1815?share=facebook" "Mozilla/5.0 (Linux; Android 7.0;) AppleWebKit/537.36 (KHTML, like Gecko) Mobile Safari/537.36 (compatible; PetalBot;+https://webmaster.petalsearch.com/site/petalbot)"
114.119.147.74 - - [28/Jun/2022:17:29:14 +0000] "GET /node/tag/ios-2 HTTP/1.1" 301 178 "https://mrchoke.org/node/1731?share=reddit" "Mozilla/5.0 (Linux; Android 7.0;) AppleWebKit/537.36 (KHTML, like Gecko) Mobile Safari/537.36 (compatible; PetalBot;+https://webmaster.petalsearch.com/site/petalbot)"
114.119.147.74 - - [28/Jun/2022:17:29:15 +0000] "GET /node/tag/ios-2/ HTTP/1.1" 200 9660 "https://mrchoke.org/node/1731?share=reddit" "Mozilla/5.0 (Linux; Android 7.0;) AppleWebKit/537.36 (KHTML, like Gecko) Mobile Safari/537.36 (compatible; PetalBot;+https://webmaster.petalsearch.com/site/petalbot)"
51.222.253.1 - - [28/Jun/2022:17:29:59 +0000] "GET /node/date/2004/11/07/ HTTP/2.0" 200 8380 "-" "Mozilla/5.0 (compatible; AhrefsBot/7.0; +http://ahrefs.com/robot/)"
114.119.147.75 - - [28/Jun/2022:17:31:44 +0000] "GET /node/date/2007/01/04 HTTP/1.1" 301 178 "https://mrchoke.org/node/144" "Mozilla/5.0 (Linux; Android 7.0;) AppleWebKit/537.36 (KHTML, like Gecko) Mobile Safari/537.36 (compatible; PetalBot;+https://webmaster.petalsearch.com/site/petalbot)"
114.119.147.75 - - [28/Jun/2022:17:31:44 +0000] "GET /node/date/2007/01/04/ HTTP/1.1" 200 7688 "https://mrchoke.org/node/144" "Mozilla/5.0 (Linux; Android 7.0;) AppleWebKit/537.36 (KHTML, like Gecko) Mobile Safari/537.36 (compatible; PetalBot;+https://webmaster.petalsearch.com/site/petalbot)"
66.249.71.182 - - [28/Jun/2022:17:32:09 +0000] "GET /node/755/feed HTTP/1.1" 302 154 "-" "Mozilla/5.0 (compatible; Googlebot/2.1; +http://www.google.com/bot.html)"
66.249.71.31 - - [28/Jun/2022:17:32:10 +0000] "GET /node/755/feed HTTP/1.1" 301 178 "-" "Mozilla/5.0 (compatible; Googlebot/2.1; +http://www.google.com/bot.html)"
66.249.71.28 - - [28/Jun/2022:17:32:10 +0000] "GET /node/755/feed/ HTTP/1.1" 403 134 "-" "Mozilla/5.0 (compatible; Googlebot/2.1; +http://www.google.com/bot.html)"
185.191.171.33 - - [28/Jun/2022:17:32:50 +0000] "GET /node/20 HTTP/1.1" 302 154 "-" "Mozilla/5.0 (compatible; SemrushBot/7~bl; +http://www.semrush.com/bot.html)"
185.191.171.1 - - [28/Jun/2022:17:32:52 +0000] "GET /node/20 HTTP/1.1" 301 178 "-" "Mozilla/5.0 (compatible; SemrushBot/7~bl; +http://www.semrush.com/bot.html)"
185.191.171.13 - - [28/Jun/2022:17:32:55 +0000] "GET /node/20/ HTTP/1.1" 200 8313 "-" "Mozilla/5.0 (compatible; SemrushBot/7~bl; +http://www.semrush.com/bot.html)"
51.222.253.18 - - [28/Jun/2022:17:33:36 +0000] "GET /node/date/2012/04/20/ HTTP/2.0" 200 9446 "-" "Mozilla/5.0 (compatible; AhrefsBot/7.0; +http://ahrefs.com/robot/)"
114.119.147.75 - - [28/Jun/2022:17:34:16 +0000] "GET /node/date/2012/04/18 HTTP/1.1" 302 154 "https://mrchoke.org/node/556?share=reddit" "Mozilla/5.0 (Linux; Android 7.0;) AppleWebKit/537.36 (KHTML, like Gecko) Mobile Safari/537.36 (compatible; PetalBot;+https://webmaster.petalsearch.com/site/petalbot)"
114.119.147.75 - - [28/Jun/2022:17:34:16 +0000] "GET /node/date/2012/04/18 HTTP/1.1" 301 178 "https://mrchoke.org/node/556?share=reddit" "Mozilla/5.0 (Linux; Android 7.0;) AppleWebKit/537.36 (KHTML, like Gecko) Mobile Safari/537.36 (compatible; PetalBot;+https://webmaster.petalsearch.com/site/petalbot)"
114.119.147.75 - - [28/Jun/2022:17:34:16 +0000] "GET /node/date/2012/04/18/ HTTP/1.1" 200 9470 "https://mrchoke.org/node/556?share=reddit" "Mozilla/5.0 (Linux; Android 7.0;) AppleWebKit/537.36 (KHTML, like Gecko) Mobile Safari/537.36 (compatible; PetalBot;+https://webmaster.petalsearch.com/site/petalbot)"
185.191.171.44 - - [28/Jun/2022:17:35:27 +0000] "GET /node/790/img_6130 HTTP/1.1" 301 178 "-" "Mozilla/5.0 (compatible; SemrushBot/7~bl; +http://www.semrush.com/bot.html)"
185.191.171.8 - - [28/Jun/2022:17:35:29 +0000] "GET /node/790/img_6130/ HTTP/1.1" 200 7904 "-" "Mozilla/5.0 (compatible; SemrushBot/7~bl; +http://www.semrush.com/bot.html)"
114.119.147.75 - - [28/Jun/2022:17:36:49 +0000] "GET /node/1657/img_7627?share=reddit HTTP/1.1" 302 154 "https://mrchoke.org/node/1657/img_7627?ak_action=accept_mobile" "Mozilla/5.0 (Linux; Android 7.0;) AppleWebKit/537.36 (KHTML, like Gecko) Mobile Safari/537.36 (compatible; PetalBot;+https://webmaster.petalsearch.com/site/petalbot)"
