51.222.253.15 - - [28/Jun/2022:00:01:01 +0000] "GET /robots.txt HTTP/1.1" 404 134 "-" "Mozilla/5.0 (compatible; AhrefsBot/7.0; +http://ahrefs.com/robot/)"
51.222.253.9 - - [28/Jun/2022:00:01:04 +0000] "GET / HTTP/1.1" 200 396 "-" "Mozilla/5.0 (compatible; AhrefsBot/7.0; +http://ahrefs.com/robot/)"
207.46.13.174 - - [28/Jun/2022:00:01:11 +0000] "GET /wp-includes/js/comment-reply.min.js?ver=5.7.1 HTTP/2.0" 200 2984 "-" "Mozilla/5.0 (compatible; bingbot/2.0; +http://www.bing.com/bingbot.htm)"
157.55.39.114 - - [28/Jun/2022:00:01:12 +0000] "GET /wp-includes/css/dist/block-library/style.min.css?ver=5.7.1 HTTP/2.0" 200 58171 "-" "Mozilla/5.0 (compatible; bingbot/2.0; +http://www.bing.com/bingbot.htm)"
207.46.13.174 - - [28/Jun/2022:00:01:14 +0000] "GET /wp-includes/js/wp-emoji-release.min.js?ver=5.7.1 HTTP/2.0" 200 14229 "-" "Mozilla/5.0 (compatible; bingbot/2.0; +http://www.bing.com/bingbot.htm)"
40.77.167.46 - - [28/Jun/2022:00:01:15 +0000] "GET /wp-content/themes/manifest/style.css HTTP/2.0" 200 21725 "-" "Mozilla/5.0 (compatible; bingbot/2.0; +http://www.bing.com/bingbot.htm)"
185.191.171.39 - - [28/Jun/2022:00:01:19 +0000] "GET /node/1101/ch7_3334 HTTP/1.1" 302 154 "-" "Mozilla/5.0 (compatible; SemrushBot/7~bl; +http://www.semrush.com/bot.html)"
185.191.171.26 - - [28/Jun/2022:00:01:21 +0000] "GET /node/1101/ch7_3334 HTTP/1.1" 301 178 "-" "Mozilla/5.0 (compatible; SemrushBot/7~bl; +http://www.semrush.com/bot.html)"
185.191.171.8 - - [28/Jun/2022:00:01:24 +0000] "GET /node/1101/ch7_3334/ HTTP/1.1" 200 7899 "-" "Mozilla/5.0 (compatible; SemrushBot/7~bl; +http://www.semrush.com/bot.html)"
114.119.147.87 - - [28/Jun/2022:00:01:59 +0000] "GET /node/category/blog/page/12?ak_action=reject_mobile HTTP/1.1" 302 154 "https://mrchoke.org/node/category/blog/page/13?ak_action=reject_mobile" "Mozilla/5.0 (Linux; Android 7.0;) AppleWebKit/537.36 (KHTML, like Gecko) Mobile Safari/537.36 (compatible; PetalBot;+https://webmaster.petalsearch.com/site/petalbot)"
114.119.147.73 - - [28/Jun/2022:00:01:59 +0000] "GET /node/category/blog/page/12?ak_action=reject_mobile HTTP/1.1" 302 154 "https://mrchoke.org/node/category/blog/page/13?ak_action=reject_mobile" "Mozilla/5.0 (Linux; Android 7.0;) AppleWebKit/537.36 (KHTML, like Gecko) Mobile Safari/537.36 (compatible; PetalBot;+https://webmaster.petalsearch.com/site/petalbot)"
114.119.147.73 - - [28/Jun/2022:00:02:02 +0000] "GET /node/category/blog/page/12?ak_action=reject_mobile HTTP/1.1" 301 178 "https://mrchoke.org/node/category/blog/page/13?ak_action=reject_mobile" "Mozilla/5.0 (Linux; Android 7.0;) AppleWebKit/537.36 (KHTML, like Gecko) Mobile Safari/537.36 (compatible; PetalBot;+https://webmaster.petalsearch.com/site/petalbot)"
114.119.147.73 - - [28/Jun/2022:00:02:06 +0000] "GET /node/category/blog/page/12/?ak_action=reject_mobile HTTP/1.1" 200 15404 "https://mrchoke.org/node/category/blog/page/13?ak_action=reject_mobile" "Mozilla/5.0 (Linux; Android 7.0;) AppleWebKit/537.36 (KHTML, like Gecko) Mobile Safari/537.36 (compatible; PetalBot;+https://webmaster.petalsearch.com/site/petalbot)"
114.119.147.87 - - [28/Jun/2022:00:02:17 +0000] "GET /node/category/blog/page/12?ak_action=reject_mobile HTTP/1.1" 301 178 "https://mrchoke.org/node/category/blog/page/13?ak_action=reject_mobile" "Mozilla/5.0 (Linux; Android 7.0;) AppleWebKit/537.36 (KHTML, like Gecko) Mobile Safari/537.36 (compatible; PetalBot;+https://webmaster.petalsearch.com/site/petalbot)"
114.119.147.87 - - [28/Jun/2022:00:02:24 +0000] "GET /node/category/blog/page/12/?ak_action=reject_mobile HTTP/1.1" 200 15404 "https://mrchoke.org/node/category/blog/page/13?ak_action=reject_mobile" "Mozilla/5.0 (Linux; Android 7.0;) AppleWebKit/537.36 (KHTML, like Gecko) Mobile Safari/537.36 (compatible; PetalBot;+https://webmaster.petalsearch.com/site/petalbot)"
185.191.171.26 - - [28/Jun/2022:00:03:17 +0000] "GET /node/tag/icu HTTP/1.1" 301 178 "-" "Mozilla/5.0 (compatible; SemrushBot/7~bl; +http://www.semrush.com/bot.html)"
185.191.171.39 - - [28/Jun/2022:00:03:21 +0000] "GET /node/tag/icu/ HTTP/1.1" 200 9741 "-" "Mozilla/5.0 (compatible; SemrushBot/7~bl; +http://www.semrush.com/bot.html)"
114.119.147.97 - - [28/Jun/2022:00:04:44 +0000] "GET /node/1255?share=reddit HTTP/1.1" 302 154 "https://mrchoke.org/node/1255?ak_action=accept_mobile" "Mozilla/5.0 (Linux; Android 7.0;) AppleWebKit/537.36 (KHTML, like Gecko) Mobile Safari/537.36 (compatible; PetalBot;+https://webmaster.petalsearch.com/site/petalbot)"
114.119.147.97 - - [28/Jun/2022:00:04:53 +0000] "GET /node/1255?share=reddit HTTP/1.1" 301 178 "https://mrchoke.org/node/1255?ak_action=accept_mobile" "Mozilla/5.0 (Linux; Android 7.0;) AppleWebKit/537.36 (KHTML, like Gecko) Mobile Safari/537.36 (compatible; PetalBot;+https://webmaster.petalsearch.com/site/petalbot)"
114.119.147.97 - - [28/Jun/2022:00:05:00 +0000] "GET /node/1255/?share=reddit HTTP/1.1" 200 12313 "https://mrchoke.org/node/1255?ak_action=accept_mobile" "Mozilla/5.0 (Linux; Android 7.0;) AppleWebKit/537.36 (KHTML, like Gecko) Mobile Safari/537.36 (compatible; PetalBot;+https://webmaster.petalsearch.com/site/petalbot)"
51.222.253.18 - - [28/Jun/2022:00:05:06 +0000] "GET /ch7_3284/ HTTP/2.0" 200 7869 "-" "Mozilla/5.0 (compatible; AhrefsBot/7.0; +http://ahrefs.com/robot/)"
51.222.253.18 - - [28/Jun/2022:00:09:13 +0000] "GET /img_6803 HTTP/2.0" 301 178 "-" "Mozilla/5.0 (compatible; AhrefsBot/7.0; +http://ahrefs.com/robot/)"
66.249.71.28 - - [28/Jun/2022:00:09:35 +0000] "GET /node/581 HTTP/1.1" 301 178 "-" "Mozilla/5.0 (Linux; Android 6.0.1; Nexus 5X Build/MMB29P) AppleWebKit/537.36 (KHTML, like Gecko) Chrome/103.0.5060.53 Mobile Safari/537.36 (compatible; Googlebot/2.1; +http://www.google.com/bot.html)"
66.249.71.31 - - [28/Jun/2022:00:09:36 +0000] "GET /node/581/ HTTP/1.1" 200 9696 "-" "Mozilla/5.0 (Linux; Android 6.0.1; Nexus 5X Build/MMB29P) AppleWebKit/537.36 (KHTML, like Gecko) Chrome/103.0.5060.53 Mobile Safari/537.36 (compatible; Googlebot/2.1; +http://www.google.com/bot.html)"
167.248.133.47 - - [28/Jun/2022:00:12:33 +0000] "GET / HTTP/1.1" 200 612 "-" "-"
167.248.133.47 - - [28/Jun/2022:00:12:33 +0000] "GET / HTTP/1.1" 200 396 "-" "Mozilla/5.0 (compatible; CensysInspect/1.1; +https://about.censys.io/)"
167.248.133.47 - - [28/Jun/2022:00:12:33 +0000] "GET / HTTP/1.1" 301 178 "-" "-"
167.248.133.47 - - [28/Jun/2022:00:12:34 +0000] "PRI * HTTP/2.0" 400 166 "-" "-"
167.248.133.47 - - [28/Jun/2022:00:12:34 +0000] "GET / HTTP/1.1" 200 16008 "-" "Mozilla/5.0 (compatible; CensysInspect/1.1; +https://about.censys.io/)"
17.121.112.38 - - [28/Jun/2022:00:13:09 +0000] "GET /files/u1/Gmenu-hint.jpg HTTP/1.1" 404 134 "-" "Mozilla/5.0 (Macintosh; Intel Mac OS X 10_15_5) AppleWebKit/605.1.15 (KHTML, like Gecko) Version/13.1.1 Safari/605.1.15 (Applebot/0.1; +http://www.apple.com/go/applebot)"
51.222.253.13 - - [28/Jun/2022:00:13:13 +0000] "GET /node/date/2006/10/27/ HTTP/2.0" 200 8540 "-" "Mozilla/5.0 (compatible; AhrefsBot/7.0; +http://ahrefs.com/robot/)"
185.191.171.1 - - [28/Jun/2022:00:14:06 +0000] "GET /node/date/2014/02/18 HTTP/1.1" 301 178 "-" "Mozilla/5.0 (compatible; SemrushBot/7~bl; +http://www.semrush.com/bot.html)"
185.191.171.34 - - [28/Jun/2022:00:14:09 +0000] "GET /node/date/2014/02/18/ HTTP/1.1" 200 8126 "-" "Mozilla/5.0 (compatible; SemrushBot/7~bl; +http://www.semrush.com/bot.html)"
51.222.253.10 - - [28/Jun/2022:00:17:01 +0000] "GET /node/category/linux/page/3/ HTTP/2.0" 200 16212 "-" "Mozilla/5.0 (compatible; AhrefsBot/7.0; +http://ahrefs.com/robot/)"
51.222.253.1 - - [28/Jun/2022:00:20:47 +0000] "GET /node/category/blog/page/4/ HTTP/2.0" 200 12880 "-" "Mozilla/5.0 (compatible; AhrefsBot/7.0; +http://ahrefs.com/robot/)"
114.119.147.86 - - [28/Jun/2022:00:20:51 +0000] "GET /node/1537/screenshot-2014-02-04-22-44-30?share=twitter HTTP/1.1" 302 154 "https://mrchoke.org/node/1537/screenshot-2014-02-04-22-44-30?ak_action=accept_mobile" "Mozilla/5.0 (Linux; Android 7.0;) AppleWebKit/537.36 (KHTML, like Gecko) Mobile Safari/537.36 (compatible; PetalBot;+https://webmaster.petalsearch.com/site/petalbot)"
114.119.147.86 - - [28/Jun/2022:00:20:54 +0000] "GET /node/1537/screenshot-2014-02-04-22-44-30?share=twitter HTTP/1.1" 301 178 "https://mrchoke.org/node/1537/screenshot-2014-02-04-22-44-30?ak_action=accept_mobile" "Mozilla/5.0 (Linux; Android 7.0;) AppleWebKit/537.36 (KHTML, like Gecko) Mobile Safari/537.36 (compatible; PetalBot;+https://webmaster.petalsearch.com/site/petalbot)"
114.119.147.86 - - [28/Jun/2022:00:20:55 +0000] "GET /node/1537/screenshot-2014-02-04-22-44-30/?share=twitter HTTP/1.1" 200 7891 "https://mrchoke.org/node/1537/screenshot-2014-02-04-22-44-30?ak_action=accept_mobile" "Mozilla/5.0 (Linux; Android 7.0;) AppleWebKit/537.36 (KHTML, like Gecko) Mobile Safari/537.36 (compatible; PetalBot;+https://webmaster.petalsearch.com/site/petalbot)"
185.191.171.5 - - [28/Jun/2022:00:22:34 +0000] "GET /img_6699 HTTP/1.1" 301 178 "-" "Mozilla/5.0 (compatible; SemrushBot/7~bl; +http://www.semrush.com/bot.html)"
185.191.171.44 - - [28/Jun/2022:00:22:36 +0000] "GET /img_6699/ HTTP/1.1" 200 7887 "-" "Mozilla/5.0 (compatible; SemrushBot/7~bl; +http://www.semrush.com/bot.html)"
51.222.253.6 - - [28/Jun/2022:00:24:32 +0000] "GET /node/category/compiz/ HTTP/2.0" 200 13799 "-" "Mozilla/5.0 (compatible; AhrefsBot/7.0; +http://ahrefs.com/robot/)"
114.119.147.73 - - [28/Jun/2022:00:26:14 +0000] "GET /node/255?share=facebook HTTP/1.1" 302 154 "https://mrchoke.org/node/255?ak_action=reject_mobile" "Mozilla/5.0 (Linux; Android 7.0;) AppleWebKit/537.36 (KHTML, like Gecko) Mobile Safari/537.36 (compatible; PetalBot;+https://webmaster.petalsearch.com/site/petalbot)"
216.244.66.229 - - [28/Jun/2022:00:26:27 +0000] "GET /robots.txt HTTP/1.1" 404 162 "-" "Mozilla/5.0 (compatible; DotBot/1.2; +https://opensiteexplorer.org/dotbot; help@moz.com)"
216.244.66.229 - - [28/Jun/2022:00:26:27 +0000] "GET /robots.txt HTTP/1.1" 404 162 "-" "Mozilla/5.0 (compatible; DotBot/1.2; +https://opensiteexplorer.org/dotbot; help@moz.com)"
114.119.147.73 - - [28/Jun/2022:00:26:32 +0000] "GET /node/255?share=facebook HTTP/1.1" 301 178 "https://mrchoke.org/node/255?ak_action=reject_mobile" "Mozilla/5.0 (Linux; Android 7.0;) AppleWebKit/537.36 (KHTML, like Gecko) Mobile Safari/537.36 (compatible; PetalBot;+https://webmaster.petalsearch.com/site/petalbot)"
185.191.171.10 - - [28/Jun/2022:00:27:05 +0000] "GET /node/1558/img_7504 HTTP/1.1" 301 178 "-" "Mozilla/5.0 (compatible; SemrushBot/7~bl; +http://www.semrush.com/bot.html)"
185.191.171.1 - - [28/Jun/2022:00:27:09 +0000] "GET /node/1558/img_7504/ HTTP/1.1" 200 7916 "-" "Mozilla/5.0 (compatible; SemrushBot/7~bl; +http://www.semrush.com/bot.html)"
114.119.147.87 - - [28/Jun/2022:00:27:13 +0000] "GET /node/255?share=facebook HTTP/1.1" 302 154 "https://mrchoke.org/node/255?ak_action=reject_mobile" "Mozilla/5.0 (Linux; Android 7.0;) AppleWebKit/537.36 (KHTML, like Gecko) Mobile Safari/537.36 (compatible; PetalBot;+https://webmaster.petalsearch.com/site/petalbot)"
51.222.253.6 - - [28/Jun/2022:00:27:45 +0000] "GET /node/tag/firefox/ HTTP/2.0" 200 10499 "-" "Mozilla/5.0 (compatible; AhrefsBot/7.0; +http://ahrefs.com/robot/)"
216.244.66.229 - - [28/Jun/2022:00:28:12 +0000] "GET /ch7_3478 HTTP/1.1" 404 162 "-" "Mozilla/5.0 (compatible; DotBot/1.2; +https://opensiteexplorer.org/dotbot; help@moz.com)"
216.244.66.229 - - [28/Jun/2022:00:29:15 +0000] "GET /node/939/img_6404 HTTP/1.1" 404 162 "-" "Mozilla/5.0 (compatible; DotBot/1.2; +https://opensiteexplorer.org/dotbot; help@moz.com)"
216.244.66.229 - - [28/Jun/2022:00:29:20 +0000] "GET /node/category/blog/page/13 HTTP/1.1" 404 162 "-" "Mozilla/5.0 (compatible; DotBot/1.2; +https://opensiteexplorer.org/dotbot; help@moz.com)"
185.191.171.19 - - [28/Jun/2022:00:30:50 +0000] "GET /node/tag/%E0%B8%A1%E0%B8%98 HTTP/1.1" 404 134 "-" "Mozilla/5.0 (compatible; SemrushBot/7~bl; +http://www.semrush.com/bot.html)"
51.222.253.7 - - [28/Jun/2022:00:31:00 +0000] "GET /node/790/img_6130/ HTTP/2.0" 200 7891 "-" "Mozilla/5.0 (compatible; AhrefsBot/7.0; +http://ahrefs.com/robot/)"
185.191.171.44 - - [28/Jun/2022:00:32:37 +0000] "GET /node/date/2004/11/13 HTTP/1.1" 301 178 "-" "Mozilla/5.0 (compatible; SemrushBot/7~bl; +http://www.semrush.com/bot.html)"
185.191.171.43 - - [28/Jun/2022:00:32:40 +0000] "GET /node/date/2004/11/13/ HTTP/1.1" 200 8490 "-" "Mozilla/5.0 (compatible; SemrushBot/7~bl; +http://www.semrush.com/bot.html)"
216.244.66.229 - - [28/Jun/2022:00:33:38 +0000] "GET /ch7_4121 HTTP/1.1" 404 162 "-" "Mozilla/5.0 (compatible; DotBot/1.2; +https://opensiteexplorer.org/dotbot; help@moz.com)"
51.222.253.5 - - [28/Jun/2022:00:34:34 +0000] "GET /node/date/2006/09/page/3/ HTTP/2.0" 200 11695 "-" "Mozilla/5.0 (compatible; AhrefsBot/7.0; +http://ahrefs.com/robot/)"
216.244.66.229 - - [28/Jun/2022:00:35:50 +0000] "GET /node/19/?share=google-plus-1 HTTP/1.1" 404 162 "-" "Mozilla/5.0 (compatible; DotBot/1.2; +https://opensiteexplorer.org/dotbot; help@moz.com)"
135.181.75.58 - - [28/Jun/2022:00:36:05 +0000] "GET /robots.txt HTTP/1.1" 404 162 "-" "Mozilla/5.0 (compatible; MJ12bot/v1.4.8; http://mj12bot.com/)"
135.181.75.58 - - [28/Jun/2022:00:36:13 +0000] "GET /node/1356/feed HTTP/1.1" 302 154 "-" "Mozilla/5.0 (compatible; MJ12bot/v1.4.8; http://mj12bot.com/)"
135.181.75.58 - - [28/Jun/2022:00:36:48 +0000] "GET /node/1356/img_7242 HTTP/1.1" 302 154 "-" "Mozilla/5.0 (compatible; MJ12bot/v1.4.8; http://mj12bot.com/)"
135.181.75.58 - - [28/Jun/2022:00:36:56 +0000] "GET /node/1356/img_7244 HTTP/1.1" 302 154 "-" "Mozilla/5.0 (compatible; MJ12bot/v1.4.8; http://mj12bot.com/)"
2a01:4f9:6a:4a25::2 - - [28/Jun/2022:00:37:04 +0000] "GET /robots.txt HTTP/1.1" 404 162 "-" "Mozilla/5.0 (compatible; MJ12bot/v1.4.8; http://mj12bot.com/)"
135.181.75.58 - - [28/Jun/2022:00:37:08 +0000] "GET /node/1356/img_7245 HTTP/1.1" 302 154 "-" "Mozilla/5.0 (compatible; MJ12bot/v1.4.8; http://mj12bot.com/)"
40.77.167.43 - - [28/Jun/2022:00:37:09 +0000] "GET /wp-content/uploads/2014/02/CH7_4121-766x509.jpg HTTP/2.0" 200 160520 "-" "Mozilla/5.0 (compatible; bingbot/2.0; +http://www.bing.com/bingbot.htm)"
135.181.75.58 - - [28/Jun/2022:00:37:14 +0000] "GET /node/1356/img_7247 HTTP/1.1" 302 154 "-" "Mozilla/5.0 (compatible; MJ12bot/v1.4.8; http://mj12bot.com/)"
2a01:4f9:6a:4a25::2 - - [28/Jun/2022:00:37:14 +0000] "GET / HTTP/1.1" 200 396 "-" "Mozilla/5.0 (compatible; MJ12bot/v1.4.8; http://mj12bot.com/)"
135.181.75.58 - - [28/Jun/2022:00:37:26 +0000] "GET /node/1356/img_7250 HTTP/1.1" 302 154 "-" "Mozilla/5.0 (compatible; MJ12bot/v1.4.8; http://mj12bot.com/)"
135.181.75.58 - - [28/Jun/2022:00:37:38 +0000] "GET /node/1356/img_7254 HTTP/1.1" 302 154 "-" "Mozilla/5.0 (compatible; MJ12bot/v1.4.8; http://mj12bot.com/)"
51.222.253.8 - - [28/Jun/2022:00:37:54 +0000] "GET /node/category/music/page/4/ HTTP/2.0" 200 11699 "-" "Mozilla/5.0 (compatible; AhrefsBot/7.0; +http://ahrefs.com/robot/)"
216.244.66.229 - - [28/Jun/2022:00:37:59 +0000] "GET /img_6550 HTTP/1.1" 404 162 "-" "Mozilla/5.0 (compatible; DotBot/1.2; +https://opensiteexplorer.org/dotbot; help@moz.com)"
216.244.66.229 - - [28/Jun/2022:00:38:02 +0000] "GET /node/433/?share=google-plus-1 HTTP/1.1" 404 162 "-" "Mozilla/5.0 (compatible; DotBot/1.2; +https://opensiteexplorer.org/dotbot; help@moz.com)"
135.181.75.58 - - [28/Jun/2022:00:38:33 +0000] "GET /node/1356?share=linkedin HTTP/1.1" 302 154 "-" "Mozilla/5.0 (compatible; MJ12bot/v1.4.8; http://mj12bot.com/)"
66.249.71.28 - - [28/Jun/2022:00:38:39 +0000] "GET /robots.txt HTTP/1.1" 404 134 "-" "Mozilla/5.0 (compatible; Googlebot/2.1; +http://www.google.com/bot.html)"
66.249.71.31 - - [28/Jun/2022:00:38:39 +0000] "GET / HTTP/1.1" 200 16008 "-" "Mozilla/5.0 (compatible; Googlebot/2.1; +http://www.google.com/bot.html)"
135.181.75.58 - - [28/Jun/2022:00:39:23 +0000] "GET /node/1356?share=twitter HTTP/1.1" 302 154 "-" "Mozilla/5.0 (compatible; MJ12bot/v1.4.8; http://mj12bot.com/)"
135.181.75.58 - - [28/Jun/2022:00:40:19 +0000] "GET /node/1367/img_7256/feed HTTP/1.1" 302 154 "-" "Mozilla/5.0 (compatible; MJ12bot/v1.4.8; http://mj12bot.com/)"
216.244.66.229 - - [28/Jun/2022:00:40:38 +0000] "GET /node/790/img_6130 HTTP/1.1" 404 162 "-" "Mozilla/5.0 (compatible; DotBot/1.2; +https://opensiteexplorer.org/dotbot; help@moz.com)"
185.36.81.23 - - [28/Jun/2022:00:40:51 +0000] "GET /.env HTTP/1.1" 404 134 "-" "Mozilla/5.0 (Macintosh; Intel Mac OS X 10.15; rv:77.0) Gecko/20100101 Firefox/77.0"
135.181.75.58 - - [28/Jun/2022:00:41:09 +0000] "GET /node/1367/img_7258/feed HTTP/1.1" 302 154 "-" "Mozilla/5.0 (compatible; MJ12bot/v1.4.8; http://mj12bot.com/)"
51.222.253.9 - - [28/Jun/2022:00:41:37 +0000] "GET /node/date/2006/10/30/ HTTP/2.0" 200 8351 "-" "Mozilla/5.0 (compatible; AhrefsBot/7.0; +http://ahrefs.com/robot/)"
135.181.75.58 - - [28/Jun/2022:00:42:04 +0000] "GET /node/154 HTTP/1.1" 302 154 "-" "Mozilla/5.0 (compatible; MJ12bot/v1.4.8; http://mj12bot.com/)"
135.181.75.58 - - [28/Jun/2022:00:43:46 +0000] "GET /node/217 HTTP/1.1" 302 154 "-" "Mozilla/5.0 (compatible; MJ12bot/v1.4.8; http://mj12bot.com/)"
135.181.75.58 - - [28/Jun/2022:00:44:05 +0000] "GET /node/218 HTTP/1.1" 302 154 "-" "Mozilla/5.0 (compatible; MJ12bot/v1.4.8; http://mj12bot.com/)"
135.181.75.58 - - [28/Jun/2022:00:44:15 +0000] "GET /node/220 HTTP/1.1" 302 154 "-" "Mozilla/5.0 (compatible; MJ12bot/v1.4.8; http://mj12bot.com/)"
135.181.75.58 - - [28/Jun/2022:00:44:21 +0000] "GET /node/220/feed HTTP/1.1" 302 154 "-" "Mozilla/5.0 (compatible; MJ12bot/v1.4.8; http://mj12bot.com/)"
135.181.75.58 - - [28/Jun/2022:00:44:29 +0000] "GET /node/220?share=facebook HTTP/1.1" 302 154 "-" "Mozilla/5.0 (compatible; MJ12bot/v1.4.8; http://mj12bot.com/)"
135.181.75.58 - - [28/Jun/2022:00:44:34 +0000] "GET /node/220?share=reddit HTTP/1.1" 302 154 "-" "Mozilla/5.0 (compatible; MJ12bot/v1.4.8; http://mj12bot.com/)"
207.46.13.149 - - [28/Jun/2022:00:44:41 +0000] "GET /img_7517/ HTTP/2.0" 304 0 "-" "Mozilla/5.0 (compatible; bingbot/2.0; +http://www.bing.com/bingbot.htm)"
135.181.75.58 - - [28/Jun/2022:00:44:44 +0000] "GET /node/221/feed HTTP/1.1" 302 154 "-" "Mozilla/5.0 (compatible; MJ12bot/v1.4.8; http://mj12bot.com/)"
135.181.75.58 - - [28/Jun/2022:00:44:54 +0000] "GET /node/221?share=facebook HTTP/1.1" 302 154 "-" "Mozilla/5.0 (compatible; MJ12bot/v1.4.8; http://mj12bot.com/)"
135.181.75.58 - - [28/Jun/2022:00:45:01 +0000] "GET /node/221?share=twitter HTTP/1.1" 302 154 "-" "Mozilla/5.0 (compatible; MJ12bot/v1.4.8; http://mj12bot.com/)"
135.181.75.58 - - [28/Jun/2022:00:45:09 +0000] "GET /node/222 HTTP/1.1" 302 154 "-" "Mozilla/5.0 (compatible; MJ12bot/v1.4.8; http://mj12bot.com/)"
51.222.253.5 - - [28/Jun/2022:00:45:10 +0000] "GET /node/category/uncategorized/page/4/ HTTP/2.0" 200 9645 "-" "Mozilla/5.0 (compatible; AhrefsBot/7.0; +http://ahrefs.com/robot/)"
135.181.75.58 - - [28/Jun/2022:00:45:17 +0000] "GET /node/222/feed HTTP/1.1" 302 154 "-" "Mozilla/5.0 (compatible; MJ12bot/v1.4.8; http://mj12bot.com/)"
185.36.81.23 - - [28/Jun/2022:00:45:18 +0000] "GET /.env HTTP/1.1" 404 134 "-" "Mozilla/5.0 (Macintosh; Intel Mac OS X 10.15; rv:77.0) Gecko/20100101 Firefox/77.0"
135.181.75.58 - - [28/Jun/2022:00:45:24 +0000] "GET /node/222?share=facebook HTTP/1.1" 302 154 "-" "Mozilla/5.0 (compatible; MJ12bot/v1.4.8; http://mj12bot.com/)"
135.181.75.58 - - [28/Jun/2022:00:45:33 +0000] "GET /node/222?share=linkedin HTTP/1.1" 302 154 "-" "Mozilla/5.0 (compatible; MJ12bot/v1.4.8; http://mj12bot.com/)"
135.181.75.58 - - [28/Jun/2022:00:45:36 +0000] "GET /node/222?share=reddit HTTP/1.1" 302 154 "-" "Mozilla/5.0 (compatible; MJ12bot/v1.4.8; http://mj12bot.com/)"
135.181.75.58 - - [28/Jun/2022:00:45:43 +0000] "GET /node/222?share=twitter HTTP/1.1" 302 154 "-" "Mozilla/5.0 (compatible; MJ12bot/v1.4.8; http://mj12bot.com/)"
135.181.75.58 - - [28/Jun/2022:00:45:53 +0000] "GET /node/223 HTTP/1.1" 302 154 "-" "Mozilla/5.0 (compatible; MJ12bot/v1.4.8; http://mj12bot.com/)"
135.181.75.58 - - [28/Jun/2022:00:46:05 +0000] "GET /node/224 HTTP/1.1" 302 154 "-" "Mozilla/5.0 (compatible; MJ12bot/v1.4.8; http://mj12bot.com/)"
135.181.75.58 - - [28/Jun/2022:00:46:09 +0000] "GET /node/224/feed HTTP/1.1" 302 154 "-" "Mozilla/5.0 (compatible; MJ12bot/v1.4.8; http://mj12bot.com/)"
135.181.75.58 - - [28/Jun/2022:00:46:22 +0000] "GET /node/224?share=facebook HTTP/1.1" 302 154 "-" "Mozilla/5.0 (compatible; MJ12bot/v1.4.8; http://mj12bot.com/)"
135.181.75.58 - - [28/Jun/2022:00:46:30 +0000] "GET /node/224?share=linkedin HTTP/1.1" 302 154 "-" "Mozilla/5.0 (compatible; MJ12bot/v1.4.8; http://mj12bot.com/)"
135.181.75.58 - - [28/Jun/2022:00:46:43 +0000] "GET /node/224?share=reddit HTTP/1.1" 302 154 "-" "Mozilla/5.0 (compatible; MJ12bot/v1.4.8; http://mj12bot.com/)"
135.181.75.58 - - [28/Jun/2022:00:46:59 +0000] "GET /node/224?share=twitter HTTP/1.1" 302 154 "-" "Mozilla/5.0 (compatible; MJ12bot/v1.4.8; http://mj12bot.com/)"
135.181.75.58 - - [28/Jun/2022:00:47:08 +0000] "GET /node/225 HTTP/1.1" 302 154 "-" "Mozilla/5.0 (compatible; MJ12bot/v1.4.8; http://mj12bot.com/)"
40.77.167.43 - - [28/Jun/2022:00:47:09 +0000] "GET /node/83/feed HTTP/2.0" 301 178 "-" "Mozilla/5.0 (compatible; bingbot/2.0; +http://www.bing.com/bingbot.htm)"
40.77.167.43 - - [28/Jun/2022:00:47:19 +0000] "GET /node/83/feed/ HTTP/2.0" 403 123 "-" "Mozilla/5.0 (compatible; bingbot/2.0; +http://www.bing.com/bingbot.htm)"
135.181.75.58 - - [28/Jun/2022:00:47:25 +0000] "GET /node/225?share=facebook HTTP/1.1" 302 154 "-" "Mozilla/5.0 (compatible; MJ12bot/v1.4.8; http://mj12bot.com/)"
135.181.75.58 - - [28/Jun/2022:00:47:33 +0000] "GET /node/225?share=linkedin HTTP/1.1" 302 154 "-" "Mozilla/5.0 (compatible; MJ12bot/v1.4.8; http://mj12bot.com/)"
135.181.75.58 - - [28/Jun/2022:00:47:35 +0000] "GET /node/225?share=reddit HTTP/1.1" 302 154 "-" "Mozilla/5.0 (compatible; MJ12bot/v1.4.8; http://mj12bot.com/)"
135.181.75.58 - - [28/Jun/2022:00:47:49 +0000] "GET /node/225?share=twitter HTTP/1.1" 302 154 "-" "Mozilla/5.0 (compatible; MJ12bot/v1.4.8; http://mj12bot.com/)"
135.181.75.58 - - [28/Jun/2022:00:47:58 +0000] "GET /node/226 HTTP/1.1" 302 154 "-" "Mozilla/5.0 (compatible; MJ12bot/v1.4.8; http://mj12bot.com/)"
135.181.75.58 - - [28/Jun/2022:00:48:10 +0000] "GET /node/230?share=facebook HTTP/1.1" 302 154 "-" "Mozilla/5.0 (compatible; MJ12bot/v1.4.8; http://mj12bot.com/)"
135.181.75.58 - - [28/Jun/2022:00:48:19 +0000] "GET /node/230?share=linkedin HTTP/1.1" 302 154 "-" "Mozilla/5.0 (compatible; MJ12bot/v1.4.8; http://mj12bot.com/)"
135.181.75.58 - - [28/Jun/2022:00:48:28 +0000] "GET /node/230?share=twitter HTTP/1.1" 302 154 "-" "Mozilla/5.0 (compatible; MJ12bot/v1.4.8; http://mj12bot.com/)"
135.181.75.58 - - [28/Jun/2022:00:48:34 +0000] "GET /node/233 HTTP/1.1" 302 154 "-" "Mozilla/5.0 (compatible; MJ12bot/v1.4.8; http://mj12bot.com/)"
135.181.75.58 - - [28/Jun/2022:00:48:48 +0000] "GET /node/233/feed HTTP/1.1" 302 154 "-" "Mozilla/5.0 (compatible; MJ12bot/v1.4.8; http://mj12bot.com/)"
51.222.253.15 - - [28/Jun/2022:00:48:56 +0000] "GET /node/tag/ios6/ HTTP/2.0" 200 10715 "-" "Mozilla/5.0 (compatible; AhrefsBot/7.0; +http://ahrefs.com/robot/)"
135.181.75.58 - - [28/Jun/2022:00:48:57 +0000] "GET /node/233?share=facebook HTTP/1.1" 302 154 "-" "Mozilla/5.0 (compatible; MJ12bot/v1.4.8; http://mj12bot.com/)"
135.181.75.58 - - [28/Jun/2022:00:49:06 +0000] "GET /node/233?share=linkedin HTTP/1.1" 302 154 "-" "Mozilla/5.0 (compatible; MJ12bot/v1.4.8; http://mj12bot.com/)"
135.181.75.58 - - [28/Jun/2022:00:49:15 +0000] "GET /node/233?share=reddit HTTP/1.1" 302 154 "-" "Mozilla/5.0 (compatible; MJ12bot/v1.4.8; http://mj12bot.com/)"
135.181.75.58 - - [28/Jun/2022:00:49:23 +0000] "GET /node/233?share=twitter HTTP/1.1" 302 154 "-" "Mozilla/5.0 (compatible; MJ12bot/v1.4.8; http://mj12bot.com/)"
135.181.75.58 - - [28/Jun/2022:00:49:31 +0000] "GET /node/238 HTTP/1.1" 302 154 "-" "Mozilla/5.0 (compatible; MJ12bot/v1.4.8; http://mj12bot.com/)"
135.181.75.58 - - [28/Jun/2022:00:49:38 +0000] "GET /node/238/feed HTTP/1.1" 302 154 "-" "Mozilla/5.0 (compatible; MJ12bot/v1.4.8; http://mj12bot.com/)"
135.181.75.58 - - [28/Jun/2022:00:49:48 +0000] "GET /node/238?share=linkedin HTTP/1.1" 302 154 "-" "Mozilla/5.0 (compatible; MJ12bot/v1.4.8; http://mj12bot.com/)"
135.181.75.58 - - [28/Jun/2022:00:49:55 +0000] "GET /node/238?share=reddit HTTP/1.1" 302 154 "-" "Mozilla/5.0 (compatible; MJ12bot/v1.4.8; http://mj12bot.com/)"
135.181.75.58 - - [28/Jun/2022:00:50:07 +0000] "GET /node/238?share=twitter HTTP/1.1" 302 154 "-" "Mozilla/5.0 (compatible; MJ12bot/v1.4.8; http://mj12bot.com/)"
135.181.75.58 - - [28/Jun/2022:00:50:22 +0000] "GET /node/239 HTTP/1.1" 302 154 "-" "Mozilla/5.0 (compatible; MJ12bot/v1.4.8; http://mj12bot.com/)"
135.181.75.58 - - [28/Jun/2022:00:50:33 +0000] "GET /node/239/feed HTTP/1.1" 302 154 "-" "Mozilla/5.0 (compatible; MJ12bot/v1.4.8; http://mj12bot.com/)"
135.181.75.58 - - [28/Jun/2022:00:50:48 +0000] "GET /node/239?share=facebook HTTP/1.1" 302 154 "-" "Mozilla/5.0 (compatible; MJ12bot/v1.4.8; http://mj12bot.com/)"
135.181.75.58 - - [28/Jun/2022:00:50:58 +0000] "GET /node/239?share=linkedin HTTP/1.1" 302 154 "-" "Mozilla/5.0 (compatible; MJ12bot/v1.4.8; http://mj12bot.com/)"
135.181.75.58 - - [28/Jun/2022:00:51:05 +0000] "GET /node/239?share=reddit HTTP/1.1" 302 154 "-" "Mozilla/5.0 (compatible; MJ12bot/v1.4.8; http://mj12bot.com/)"
135.181.75.58 - - [28/Jun/2022:00:51:10 +0000] "GET /node/239?share=twitter HTTP/1.1" 302 154 "-" "Mozilla/5.0 (compatible; MJ12bot/v1.4.8; http://mj12bot.com/)"
135.181.75.58 - - [28/Jun/2022:00:51:19 +0000] "GET /node/240 HTTP/1.1" 302 154 "-" "Mozilla/5.0 (compatible; MJ12bot/v1.4.8; http://mj12bot.com/)"
135.181.75.58 - - [28/Jun/2022:00:51:32 +0000] "GET /node/240/feed HTTP/1.1" 302 154 "-" "Mozilla/5.0 (compatible; MJ12bot/v1.4.8; http://mj12bot.com/)"
135.181.75.58 - - [28/Jun/2022:00:51:41 +0000] "GET /node/240?share=facebook HTTP/1.1" 302 154 "-" "Mozilla/5.0 (compatible; MJ12bot/v1.4.8; http://mj12bot.com/)"
135.181.75.58 - - [28/Jun/2022:00:51:53 +0000] "GET /node/240?share=linkedin HTTP/1.1" 302 154 "-" "Mozilla/5.0 (compatible; MJ12bot/v1.4.8; http://mj12bot.com/)"
135.181.75.58 - - [28/Jun/2022:00:52:05 +0000] "GET /node/240?share=reddit HTTP/1.1" 302 154 "-" "Mozilla/5.0 (compatible; MJ12bot/v1.4.8; http://mj12bot.com/)"
135.181.75.58 - - [28/Jun/2022:00:52:15 +0000] "GET /node/240?share=twitter HTTP/1.1" 302 154 "-" "Mozilla/5.0 (compatible; MJ12bot/v1.4.8; http://mj12bot.com/)"
135.181.75.58 - - [28/Jun/2022:00:52:29 +0000] "GET /node/241 HTTP/1.1" 302 154 "-" "Mozilla/5.0 (compatible; MJ12bot/v1.4.8; http://mj12bot.com/)"
135.181.75.58 - - [28/Jun/2022:00:52:40 +0000] "GET /node/241/feed HTTP/1.1" 302 154 "-" "Mozilla/5.0 (compatible; MJ12bot/v1.4.8; http://mj12bot.com/)"
135.181.75.58 - - [28/Jun/2022:00:52:46 +0000] "GET /node/241?share=facebook HTTP/1.1" 302 154 "-" "Mozilla/5.0 (compatible; MJ12bot/v1.4.8; http://mj12bot.com/)"
51.222.253.20 - - [28/Jun/2022:00:52:56 +0000] "GET /node/date/2005/06/page/4/ HTTP/2.0" 200 9435 "-" "Mozilla/5.0 (compatible; AhrefsBot/7.0; +http://ahrefs.com/robot/)"
135.181.75.58 - - [28/Jun/2022:00:52:58 +0000] "GET /node/241?share=linkedin HTTP/1.1" 302 154 "-" "Mozilla/5.0 (compatible; MJ12bot/v1.4.8; http://mj12bot.com/)"
135.181.75.58 - - [28/Jun/2022:00:53:05 +0000] "GET /node/241?share=reddit HTTP/1.1" 302 154 "-" "Mozilla/5.0 (compatible; MJ12bot/v1.4.8; http://mj12bot.com/)"
135.181.75.58 - - [28/Jun/2022:00:53:17 +0000] "GET /node/243 HTTP/1.1" 302 154 "-" "Mozilla/5.0 (compatible; MJ12bot/v1.4.8; http://mj12bot.com/)"
135.181.75.58 - - [28/Jun/2022:00:53:28 +0000] "GET /node/249 HTTP/1.1" 302 154 "-" "Mozilla/5.0 (compatible; MJ12bot/v1.4.8; http://mj12bot.com/)"
135.181.75.58 - - [28/Jun/2022:00:53:36 +0000] "GET /node/249/feed HTTP/1.1" 302 154 "-" "Mozilla/5.0 (compatible; MJ12bot/v1.4.8; http://mj12bot.com/)"
135.181.75.58 - - [28/Jun/2022:00:53:49 +0000] "GET /node/250 HTTP/1.1" 302 154 "-" "Mozilla/5.0 (compatible; MJ12bot/v1.4.8; http://mj12bot.com/)"
135.181.75.58 - - [28/Jun/2022:00:54:05 +0000] "GET /node/250/feed HTTP/1.1" 302 154 "-" "Mozilla/5.0 (compatible; MJ12bot/v1.4.8; http://mj12bot.com/)"
135.181.75.58 - - [28/Jun/2022:00:54:15 +0000] "GET /node/250?share=facebook HTTP/1.1" 302 154 "-" "Mozilla/5.0 (compatible; MJ12bot/v1.4.8; http://mj12bot.com/)"
185.191.171.1 - - [28/Jun/2022:00:54:23 +0000] "GET /robots.txt HTTP/1.1" 404 134 "-" "Mozilla/5.0 (compatible; SemrushBot/7~bl; +http://www.semrush.com/bot.html)"
185.191.171.1 - - [28/Jun/2022:00:54:24 +0000] "GET /node/category/%E0%B8%A1%E0%B8%AD. HTTP/1.1" 404 134 "-" "Mozilla/5.0 (compatible; SemrushBot/7~bl; +http://www.semrush.com/bot.html)"
135.181.75.58 - - [28/Jun/2022:00:54:27 +0000] "GET /node/250?share=linkedin HTTP/1.1" 302 154 "-" "Mozilla/5.0 (compatible; MJ12bot/v1.4.8; http://mj12bot.com/)"
135.181.75.58 - - [28/Jun/2022:00:54:34 +0000] "GET /node/250?share=reddit HTTP/1.1" 302 154 "-" "Mozilla/5.0 (compatible; MJ12bot/v1.4.8; http://mj12bot.com/)"
135.181.75.58 - - [28/Jun/2022:00:54:44 +0000] "GET /node/250?share=twitter HTTP/1.1" 302 154 "-" "Mozilla/5.0 (compatible; MJ12bot/v1.4.8; http://mj12bot.com/)"
135.181.75.58 - - [28/Jun/2022:00:54:51 +0000] "GET /node/252 HTTP/1.1" 302 154 "-" "Mozilla/5.0 (compatible; MJ12bot/v1.4.8; http://mj12bot.com/)"
135.181.75.58 - - [28/Jun/2022:00:55:06 +0000] "GET /node/252/feed HTTP/1.1" 302 154 "-" "Mozilla/5.0 (compatible; MJ12bot/v1.4.8; http://mj12bot.com/)"
135.181.75.58 - - [28/Jun/2022:00:55:16 +0000] "GET /node/252?share=facebook HTTP/1.1" 302 154 "-" "Mozilla/5.0 (compatible; MJ12bot/v1.4.8; http://mj12bot.com/)"
135.181.75.58 - - [28/Jun/2022:00:55:35 +0000] "GET /node/252?share=twitter HTTP/1.1" 302 154 "-" "Mozilla/5.0 (compatible; MJ12bot/v1.4.8; http://mj12bot.com/)"
135.181.75.58 - - [28/Jun/2022:00:55:50 +0000] "GET /node/254 HTTP/1.1" 302 154 "-" "Mozilla/5.0 (compatible; MJ12bot/v1.4.8; http://mj12bot.com/)"
135.181.75.58 - - [28/Jun/2022:00:55:55 +0000] "GET /node/255 HTTP/1.1" 302 154 "-" "Mozilla/5.0 (compatible; MJ12bot/v1.4.8; http://mj12bot.com/)"
135.181.75.58 - - [28/Jun/2022:00:56:09 +0000] "GET /node/26 HTTP/1.1" 302 154 "-" "Mozilla/5.0 (compatible; MJ12bot/v1.4.8; http://mj12bot.com/)"
213.159.38.90 - - [28/Jun/2022:00:56:12 +0000] "GET / HTTP/1.0" 200 612 "http://mrchoke.org/" "Mozilla/5.0 (Windows NT 10.0; WOW64) AppleWebKit/537.36 (KHTML, like Gecko) Chrome/90.0.4430.93 Safari/537.36"
135.181.75.58 - - [28/Jun/2022:00:56:18 +0000] "GET /node/26/feed HTTP/1.1" 302 154 "-" "Mozilla/5.0 (compatible; MJ12bot/v1.4.8; http://mj12bot.com/)"
135.181.75.58 - - [28/Jun/2022:00:56:28 +0000] "GET /node/26?share=facebook HTTP/1.1" 302 154 "-" "Mozilla/5.0 (compatible; MJ12bot/v1.4.8; http://mj12bot.com/)"
135.181.75.58 - - [28/Jun/2022:00:56:38 +0000] "GET /node/26?share=linkedin HTTP/1.1" 302 154 "-" "Mozilla/5.0 (compatible; MJ12bot/v1.4.8; http://mj12bot.com/)"
167.94.138.120 - - [28/Jun/2022:00:56:41 +0000] "GET / HTTP/1.1" 200 612 "-" "-"
167.94.138.120 - - [28/Jun/2022:00:56:42 +0000] "GET / HTTP/1.1" 200 396 "-" "Mozilla/5.0 (compatible; CensysInspect/1.1; +https://about.censys.io/)"
167.94.138.120 - - [28/Jun/2022:00:56:43 +0000] "PRI * HTTP/2.0" 400 166 "-" "-"
135.181.75.58 - - [28/Jun/2022:00:56:55 +0000] "GET /node/26?share=reddit HTTP/1.1" 302 154 "-" "Mozilla/5.0 (compatible; MJ12bot/v1.4.8; http://mj12bot.com/)"
51.222.253.19 - - [28/Jun/2022:00:56:59 +0000] "GET /node/date/2004/05/page/3/ HTTP/2.0" 200 12192 "-" "Mozilla/5.0 (compatible; AhrefsBot/7.0; +http://ahrefs.com/robot/)"
135.181.75.58 - - [28/Jun/2022:00:57:11 +0000] "GET /node/26?share=twitter HTTP/1.1" 302 154 "-" "Mozilla/5.0 (compatible; MJ12bot/v1.4.8; http://mj12bot.com/)"
135.181.75.58 - - [28/Jun/2022:00:57:16 +0000] "GET /node/27 HTTP/1.1" 302 154 "-" "Mozilla/5.0 (compatible; MJ12bot/v1.4.8; http://mj12bot.com/)"
135.181.75.58 - - [28/Jun/2022:00:57:26 +0000] "GET /node/27/feed HTTP/1.1" 302 154 "-" "Mozilla/5.0 (compatible; MJ12bot/v1.4.8; http://mj12bot.com/)"
135.181.75.58 - - [28/Jun/2022:00:57:43 +0000] "GET /node/27?share=facebook HTTP/1.1" 302 154 "-" "Mozilla/5.0 (compatible; MJ12bot/v1.4.8; http://mj12bot.com/)"
135.181.75.58 - - [28/Jun/2022:00:57:56 +0000] "GET /node/27?share=linkedin HTTP/1.1" 302 154 "-" "Mozilla/5.0 (compatible; MJ12bot/v1.4.8; http://mj12bot.com/)"
135.181.75.58 - - [28/Jun/2022:00:58:06 +0000] "GET /node/27?share=reddit HTTP/1.1" 302 154 "-" "Mozilla/5.0 (compatible; MJ12bot/v1.4.8; http://mj12bot.com/)"
135.181.75.58 - - [28/Jun/2022:00:58:15 +0000] "GET /node/27?share=twitter HTTP/1.1" 302 154 "-" "Mozilla/5.0 (compatible; MJ12bot/v1.4.8; http://mj12bot.com/)"
135.181.75.58 - - [28/Jun/2022:00:58:28 +0000] "GET /node/28 HTTP/1.1" 302 154 "-" "Mozilla/5.0 (compatible; MJ12bot/v1.4.8; http://mj12bot.com/)"
135.181.75.58 - - [28/Jun/2022:00:58:38 +0000] "GET /node/28/feed HTTP/1.1" 302 154 "-" "Mozilla/5.0 (compatible; MJ12bot/v1.4.8; http://mj12bot.com/)"
135.181.75.58 - - [28/Jun/2022:00:58:48 +0000] "GET /node/28?share=facebook HTTP/1.1" 302 154 "-" "Mozilla/5.0 (compatible; MJ12bot/v1.4.8; http://mj12bot.com/)"
135.181.75.58 - - [28/Jun/2022:00:58:57 +0000] "GET /node/28?share=linkedin HTTP/1.1" 302 154 "-" "Mozilla/5.0 (compatible; MJ12bot/v1.4.8; http://mj12bot.com/)"
135.181.75.58 - - [28/Jun/2022:00:59:03 +0000] "GET /node/28?share=reddit HTTP/1.1" 302 154 "-" "Mozilla/5.0 (compatible; MJ12bot/v1.4.8; http://mj12bot.com/)"
135.181.75.58 - - [28/Jun/2022:00:59:23 +0000] "GET /node/28?share=twitter HTTP/1.1" 302 154 "-" "Mozilla/5.0 (compatible; MJ12bot/v1.4.8; http://mj12bot.com/)"
135.181.75.58 - - [28/Jun/2022:00:59:28 +0000] "GET /node/29 HTTP/1.1" 302 154 "-" "Mozilla/5.0 (compatible; MJ12bot/v1.4.8; http://mj12bot.com/)"
66.249.71.180 - - [28/Jun/2022:00:59:32 +0000] "GET /robots.txt HTTP/1.1" 404 134 "-" "Mozilla/5.0 (compatible; Googlebot/2.1; +http://www.google.com/bot.html)"
109.237.103.118 - - [28/Jun/2022:00:59:32 +0000] "GET /.aws/credentials HTTP/1.1" 404 197 "-" "Mozilla/5.0 (X11; Linux x86_64) AppleWebKit/537.36 (KHTML, like Gecko) Chrome/81.0.4044.129 Safari/537.36"
66.249.71.180 - - [28/Jun/2022:00:59:32 +0000] "GET /page/3?q=gallery&g2_itemId=213 HTTP/1.1" 302 154 "-" "Mozilla/5.0 (Linux; Android 6.0.1; Nexus 5X Build/MMB29P) AppleWebKit/537.36 (KHTML, like Gecko) Chrome/103.0.5060.53 Mobile Safari/537.36 (compatible; Googlebot/2.1; +http://www.google.com/bot.html)"
109.237.103.118 - - [28/Jun/2022:00:59:32 +0000] "\x16\x03\x01\x01D\x01\x00\x01@\x03\x03\xB3\xEE\xBE\xF2 \x1B\xEA+\xF9wQ\xD5\xA36\xD2@a\xAD\xADW\xF5G^\x8E\xC6\xDFC\x8E\xC0(Xb n\x1A\x8CF\xCDo\x12\x18\x0F\xD7G\xB1\xB9\x14\xC1\x833\x07\xE9:\xE1\x8E\x0E\x83\xEB\xFA\xA7\xA7{DA\xE3\x00b\x13\x02\x13\x03\x13\x01\xC0,\xC00\xC0+\xC0/\xCC\xA9\xCC\xA8\x00\xA3\x00\x9F\x00\xA2\x00\x9E\xCC\xAA\xC0\xAF\xC0\xAD\xC0$\xC0(\xC0" 400 166 "-" "-"
66.249.71.31 - - [28/Jun/2022:00:59:33 +0000] "GET /page/3?q=gallery&g2_itemId=213 HTTP/1.1" 301 178 "-" "Mozilla/5.0 (Linux; Android 6.0.1; Nexus 5X Build/MMB29P) AppleWebKit/537.36 (KHTML, like Gecko) Chrome/103.0.5060.53 Mobile Safari/537.36 (compatible; Googlebot/2.1; +http://www.google.com/bot.html)"
66.249.71.25 - - [28/Jun/2022:00:59:33 +0000] "GET /page/3/?q=gallery&g2_itemId=213 HTTP/1.1" 200 14282 "-" "Mozilla/5.0 (Linux; Android 6.0.1; Nexus 5X Build/MMB29P) AppleWebKit/537.36 (KHTML, like Gecko) Chrome/103.0.5060.53 Mobile Safari/537.36 (compatible; Googlebot/2.1; +http://www.google.com/bot.html)"
135.181.75.58 - - [28/Jun/2022:00:59:39 +0000] "GET /node/29/feed HTTP/1.1" 302 154 "-" "Mozilla/5.0 (compatible; MJ12bot/v1.4.8; http://mj12bot.com/)"
135.181.75.58 - - [28/Jun/2022:00:59:49 +0000] "GET /node/29?share=facebook HTTP/1.1" 302 154 "-" "Mozilla/5.0 (compatible; MJ12bot/v1.4.8; http://mj12bot.com/)"
135.181.75.58 - - [28/Jun/2022:01:00:04 +0000] "GET /node/29?share=linkedin HTTP/1.1" 302 154 "-" "Mozilla/5.0 (compatible; MJ12bot/v1.4.8; http://mj12bot.com/)"
135.181.75.58 - - [28/Jun/2022:01:00:13 +0000] "GET /node/29?share=reddit HTTP/1.1" 302 154 "-" "Mozilla/5.0 (compatible; MJ12bot/v1.4.8; http://mj12bot.com/)"
135.181.75.58 - - [28/Jun/2022:01:00:23 +0000] "GET /node/29?share=twitter HTTP/1.1" 302 154 "-" "Mozilla/5.0 (compatible; MJ12bot/v1.4.8; http://mj12bot.com/)"
135.181.75.58 - - [28/Jun/2022:01:00:40 +0000] "GET /node/301/feed HTTP/1.1" 302 154 "-" "Mozilla/5.0 (compatible; MJ12bot/v1.4.8; http://mj12bot.com/)"
135.181.75.58 - - [28/Jun/2022:01:00:44 +0000] "GET /node/301?share=facebook HTTP/1.1" 302 154 "-" "Mozilla/5.0 (compatible; MJ12bot/v1.4.8; http://mj12bot.com/)"
51.222.253.3 - - [28/Jun/2022:01:00:53 +0000] "GET /node/category/music/page/7/ HTTP/2.0" 200 11870 "-" "Mozilla/5.0 (compatible; AhrefsBot/7.0; +http://ahrefs.com/robot/)"
135.181.75.58 - - [28/Jun/2022:01:00:53 +0000] "GET /node/301?share=linkedin HTTP/1.1" 302 154 "-" "Mozilla/5.0 (compatible; MJ12bot/v1.4.8; http://mj12bot.com/)"
185.191.171.40 - - [28/Jun/2022:01:01:03 +0000] "GET /robots.txt HTTP/1.1" 404 134 "-" "Mozilla/5.0 (compatible; SemrushBot/7~bl; +http://www.semrush.com/bot.html)"
185.191.171.16 - - [28/Jun/2022:01:01:04 +0000] "GET /node/date/2016/08 HTTP/1.1" 302 154 "-" "Mozilla/5.0 (compatible; SemrushBot/7~bl; +http://www.semrush.com/bot.html)"
185.191.171.33 - - [28/Jun/2022:01:01:12 +0000] "GET /node/date/2016/08 HTTP/1.1" 301 178 "-" "Mozilla/5.0 (compatible; SemrushBot/7~bl; +http://www.semrush.com/bot.html)"
135.181.75.58 - - [28/Jun/2022:01:01:13 +0000] "GET /node/301?share=reddit HTTP/1.1" 302 154 "-" "Mozilla/5.0 (compatible; MJ12bot/v1.4.8; http://mj12bot.com/)"
185.191.171.9 - - [28/Jun/2022:01:01:14 +0000] "GET /node/date/2016/08/ HTTP/1.1" 200 9239 "-" "Mozilla/5.0 (compatible; SemrushBot/7~bl; +http://www.semrush.com/bot.html)"
135.181.75.58 - - [28/Jun/2022:01:01:25 +0000] "GET /node/301?share=twitter HTTP/1.1" 302 154 "-" "Mozilla/5.0 (compatible; MJ12bot/v1.4.8; http://mj12bot.com/)"
135.181.75.58 - - [28/Jun/2022:01:01:34 +0000] "GET /node/302 HTTP/1.1" 302 154 "-" "Mozilla/5.0 (compatible; MJ12bot/v1.4.8; http://mj12bot.com/)"
135.181.75.58 - - [28/Jun/2022:01:01:42 +0000] "GET /node/304 HTTP/1.1" 302 154 "-" "Mozilla/5.0 (compatible; MJ12bot/v1.4.8; http://mj12bot.com/)"
135.181.75.58 - - [28/Jun/2022:01:01:55 +0000] "GET /node/31/feed HTTP/1.1" 302 154 "-" "Mozilla/5.0 (compatible; MJ12bot/v1.4.8; http://mj12bot.com/)"
135.181.75.58 - - [28/Jun/2022:01:01:58 +0000] "GET /node/310 HTTP/1.1" 302 154 "-" "Mozilla/5.0 (compatible; MJ12bot/v1.4.8; http://mj12bot.com/)"
135.181.75.58 - - [28/Jun/2022:01:02:08 +0000] "GET /node/313 HTTP/1.1" 302 154 "-" "Mozilla/5.0 (compatible; MJ12bot/v1.4.8; http://mj12bot.com/)"
135.181.75.58 - - [28/Jun/2022:01:02:16 +0000] "GET /node/314 HTTP/1.1" 302 154 "-" "Mozilla/5.0 (compatible; MJ12bot/v1.4.8; http://mj12bot.com/)"
135.181.75.58 - - [28/Jun/2022:01:02:25 +0000] "GET /node/315 HTTP/1.1" 302 154 "-" "Mozilla/5.0 (compatible; MJ12bot/v1.4.8; http://mj12bot.com/)"
135.181.75.58 - - [28/Jun/2022:01:02:38 +0000] "GET /node/316 HTTP/1.1" 302 154 "-" "Mozilla/5.0 (compatible; MJ12bot/v1.4.8; http://mj12bot.com/)"
135.181.75.58 - - [28/Jun/2022:01:02:51 +0000] "GET /node/319 HTTP/1.1" 302 154 "-" "Mozilla/5.0 (compatible; MJ12bot/v1.4.8; http://mj12bot.com/)"
135.181.75.58 - - [28/Jun/2022:01:03:10 +0000] "GET /node/321/feed HTTP/1.1" 302 154 "-" "Mozilla/5.0 (compatible; MJ12bot/v1.4.8; http://mj12bot.com/)"
40.77.167.43 - - [28/Jun/2022:01:03:12 +0000] "GET / HTTP/2.0" 301 178 "-" "Mozilla/5.0 (compatible; bingbot/2.0; +http://www.bing.com/bingbot.htm)"
135.181.75.58 - - [28/Jun/2022:01:03:15 +0000] "GET /node/321?share=facebook HTTP/1.1" 302 154 "-" "Mozilla/5.0 (compatible; MJ12bot/v1.4.8; http://mj12bot.com/)"
135.181.75.58 - - [28/Jun/2022:01:03:24 +0000] "GET /node/321?share=linkedin HTTP/1.1" 302 154 "-" "Mozilla/5.0 (compatible; MJ12bot/v1.4.8; http://mj12bot.com/)"
135.181.75.58 - - [28/Jun/2022:01:03:32 +0000] "GET /node/321?share=reddit HTTP/1.1" 302 154 "-" "Mozilla/5.0 (compatible; MJ12bot/v1.4.8; http://mj12bot.com/)"
135.181.75.58 - - [28/Jun/2022:01:03:48 +0000] "GET /node/323 HTTP/1.1" 302 154 "-" "Mozilla/5.0 (compatible; MJ12bot/v1.4.8; http://mj12bot.com/)"
135.181.75.58 - - [28/Jun/2022:01:04:05 +0000] "GET /node/325?share=facebook HTTP/1.1" 302 154 "-" "Mozilla/5.0 (compatible; MJ12bot/v1.4.8; http://mj12bot.com/)"
135.181.75.58 - - [28/Jun/2022:01:04:16 +0000] "GET /node/325?share=linkedin HTTP/1.1" 302 154 "-" "Mozilla/5.0 (compatible; MJ12bot/v1.4.8; http://mj12bot.com/)"
135.181.75.58 - - [28/Jun/2022:01:04:23 +0000] "GET /node/325?share=reddit HTTP/1.1" 302 154 "-" "Mozilla/5.0 (compatible; MJ12bot/v1.4.8; http://mj12bot.com/)"
135.181.75.58 - - [28/Jun/2022:01:04:34 +0000] "GET /node/325?share=twitter HTTP/1.1" 302 154 "-" "Mozilla/5.0 (compatible; MJ12bot/v1.4.8; http://mj12bot.com/)"
135.181.75.58 - - [28/Jun/2022:01:04:47 +0000] "GET /node/326 HTTP/1.1" 302 154 "-" "Mozilla/5.0 (compatible; MJ12bot/v1.4.8; http://mj12bot.com/)"
135.181.75.58 - - [28/Jun/2022:01:05:04 +0000] "GET /node/328 HTTP/1.1" 302 154 "-" "Mozilla/5.0 (compatible; MJ12bot/v1.4.8; http://mj12bot.com/)"
135.181.75.58 - - [28/Jun/2022:01:05:08 +0000] "GET /node/33 HTTP/1.1" 302 154 "-" "Mozilla/5.0 (compatible; MJ12bot/v1.4.8; http://mj12bot.com/)"
185.191.171.14 - - [28/Jun/2022:01:05:13 +0000] "GET /node/1208 HTTP/1.1" 302 154 "-" "Mozilla/5.0 (compatible; SemrushBot/7~bl; +http://www.semrush.com/bot.html)"
51.222.253.19 - - [28/Jun/2022:01:05:16 +0000] "GET /node/category/xorg/ HTTP/2.0" 200 15044 "-" "Mozilla/5.0 (compatible; AhrefsBot/7.0; +http://ahrefs.com/robot/)"
185.191.171.15 - - [28/Jun/2022:01:05:16 +0000] "GET /node/1208 HTTP/1.1" 301 178 "-" "Mozilla/5.0 (compatible; SemrushBot/7~bl; +http://www.semrush.com/bot.html)"
135.181.75.58 - - [28/Jun/2022:01:05:19 +0000] "GET /node/33/feed HTTP/1.1" 302 154 "-" "Mozilla/5.0 (compatible; MJ12bot/v1.4.8; http://mj12bot.com/)"
185.191.171.18 - - [28/Jun/2022:01:05:19 +0000] "GET /node/1208/ HTTP/1.1" 200 11308 "-" "Mozilla/5.0 (compatible; SemrushBot/7~bl; +http://www.semrush.com/bot.html)"
135.181.75.58 - - [28/Jun/2022:01:05:26 +0000] "GET /node/330 HTTP/1.1" 302 154 "-" "Mozilla/5.0 (compatible; MJ12bot/v1.4.8; http://mj12bot.com/)"
135.181.75.58 - - [28/Jun/2022:01:05:44 +0000] "GET /node/332 HTTP/1.1" 302 154 "-" "Mozilla/5.0 (compatible; MJ12bot/v1.4.8; http://mj12bot.com/)"
135.181.75.58 - - [28/Jun/2022:01:05:53 +0000] "GET /node/333 HTTP/1.1" 302 154 "-" "Mozilla/5.0 (compatible; MJ12bot/v1.4.8; http://mj12bot.com/)"
135.181.75.58 - - [28/Jun/2022:01:06:04 +0000] "GET /node/335 HTTP/1.1" 302 154 "-" "Mozilla/5.0 (compatible; MJ12bot/v1.4.8; http://mj12bot.com/)"
135.181.75.58 - - [28/Jun/2022:01:06:12 +0000] "GET /node/337 HTTP/1.1" 302 154 "-" "Mozilla/5.0 (compatible; MJ12bot/v1.4.8; http://mj12bot.com/)"
135.181.75.58 - - [28/Jun/2022:01:06:23 +0000] "GET /node/338 HTTP/1.1" 302 154 "-" "Mozilla/5.0 (compatible; MJ12bot/v1.4.8; http://mj12bot.com/)"
135.181.75.58 - - [28/Jun/2022:01:06:25 +0000] "GET /node/338/feed HTTP/1.1" 302 154 "-" "Mozilla/5.0 (compatible; MJ12bot/v1.4.8; http://mj12bot.com/)"
135.181.75.58 - - [28/Jun/2022:01:06:37 +0000] "GET /node/338?share=facebook HTTP/1.1" 302 154 "-" "Mozilla/5.0 (compatible; MJ12bot/v1.4.8; http://mj12bot.com/)"
135.181.75.58 - - [28/Jun/2022:01:06:50 +0000] "GET /node/338?share=linkedin HTTP/1.1" 302 154 "-" "Mozilla/5.0 (compatible; MJ12bot/v1.4.8; http://mj12bot.com/)"
135.181.75.58 - - [28/Jun/2022:01:06:56 +0000] "GET /node/338?share=reddit HTTP/1.1" 302 154 "-" "Mozilla/5.0 (compatible; MJ12bot/v1.4.8; http://mj12bot.com/)"
135.181.75.58 - - [28/Jun/2022:01:07:10 +0000] "GET /node/338?share=twitter HTTP/1.1" 302 154 "-" "Mozilla/5.0 (compatible; MJ12bot/v1.4.8; http://mj12bot.com/)"
135.181.75.58 - - [28/Jun/2022:01:07:16 +0000] "GET /node/33?share=facebook HTTP/1.1" 302 154 "-" "Mozilla/5.0 (compatible; MJ12bot/v1.4.8; http://mj12bot.com/)"
135.181.75.58 - - [28/Jun/2022:01:07:27 +0000] "GET /node/33?share=linkedin HTTP/1.1" 302 154 "-" "Mozilla/5.0 (compatible; MJ12bot/v1.4.8; http://mj12bot.com/)"
135.181.75.58 - - [28/Jun/2022:01:07:33 +0000] "GET /node/33?share=reddit HTTP/1.1" 302 154 "-" "Mozilla/5.0 (compatible; MJ12bot/v1.4.8; http://mj12bot.com/)"
135.181.75.58 - - [28/Jun/2022:01:07:37 +0000] "GET /node/33?share=twitter HTTP/1.1" 302 154 "-" "Mozilla/5.0 (compatible; MJ12bot/v1.4.8; http://mj12bot.com/)"
135.181.75.58 - - [28/Jun/2022:01:07:48 +0000] "GET /node/34 HTTP/1.1" 302 154 "-" "Mozilla/5.0 (compatible; MJ12bot/v1.4.8; http://mj12bot.com/)"
135.181.75.58 - - [28/Jun/2022:01:08:00 +0000] "GET /node/34/feed HTTP/1.1" 302 154 "-" "Mozilla/5.0 (compatible; MJ12bot/v1.4.8; http://mj12bot.com/)"
135.181.75.58 - - [28/Jun/2022:01:08:09 +0000] "GET /node/343 HTTP/1.1" 302 154 "-" "Mozilla/5.0 (compatible; MJ12bot/v1.4.8; http://mj12bot.com/)"
135.181.75.58 - - [28/Jun/2022:01:08:17 +0000] "GET /node/346/feed HTTP/1.1" 302 154 "-" "Mozilla/5.0 (compatible; MJ12bot/v1.4.8; http://mj12bot.com/)"
135.181.75.58 - - [28/Jun/2022:01:08:25 +0000] "GET /node/346?share=facebook HTTP/1.1" 302 154 "-" "Mozilla/5.0 (compatible; MJ12bot/v1.4.8; http://mj12bot.com/)"
135.181.75.58 - - [28/Jun/2022:01:08:39 +0000] "GET /node/346?share=reddit HTTP/1.1" 302 154 "-" "Mozilla/5.0 (compatible; MJ12bot/v1.4.8; http://mj12bot.com/)"
135.181.75.58 - - [28/Jun/2022:01:08:49 +0000] "GET /node/346?share=twitter HTTP/1.1" 302 154 "-" "Mozilla/5.0 (compatible; MJ12bot/v1.4.8; http://mj12bot.com/)"
135.181.75.58 - - [28/Jun/2022:01:08:58 +0000] "GET /node/34?share=facebook HTTP/1.1" 302 154 "-" "Mozilla/5.0 (compatible; MJ12bot/v1.4.8; http://mj12bot.com/)"
135.181.75.58 - - [28/Jun/2022:01:09:07 +0000] "GET /node/34?share=linkedin HTTP/1.1" 302 154 "-" "Mozilla/5.0 (compatible; MJ12bot/v1.4.8; http://mj12bot.com/)"
135.181.75.58 - - [28/Jun/2022:01:09:20 +0000] "GET /node/34?share=reddit HTTP/1.1" 302 154 "-" "Mozilla/5.0 (compatible; MJ12bot/v1.4.8; http://mj12bot.com/)"
135.181.75.58 - - [28/Jun/2022:01:09:27 +0000] "GET /node/34?share=twitter HTTP/1.1" 302 154 "-" "Mozilla/5.0 (compatible; MJ12bot/v1.4.8; http://mj12bot.com/)"
135.181.75.58 - - [28/Jun/2022:01:09:36 +0000] "GET /node/35 HTTP/1.1" 302 154 "-" "Mozilla/5.0 (compatible; MJ12bot/v1.4.8; http://mj12bot.com/)"
135.181.75.58 - - [28/Jun/2022:01:09:40 +0000] "GET /node/352 HTTP/1.1" 302 154 "-" "Mozilla/5.0 (compatible; MJ12bot/v1.4.8; http://mj12bot.com/)"
51.222.253.1 - - [28/Jun/2022:01:09:43 +0000] "GET /node/date/2006/10/page/3/ HTTP/2.0" 200 12041 "-" "Mozilla/5.0 (compatible; AhrefsBot/7.0; +http://ahrefs.com/robot/)"
135.181.75.58 - - [28/Jun/2022:01:09:48 +0000] "GET /node/353 HTTP/1.1" 302 154 "-" "Mozilla/5.0 (compatible; MJ12bot/v1.4.8; http://mj12bot.com/)"
135.181.75.58 - - [28/Jun/2022:01:09:57 +0000] "GET /node/355 HTTP/1.1" 302 154 "-" "Mozilla/5.0 (compatible; MJ12bot/v1.4.8; http://mj12bot.com/)"
135.181.75.58 - - [28/Jun/2022:01:10:08 +0000] "GET /node/358 HTTP/1.1" 302 154 "-" "Mozilla/5.0 (compatible; MJ12bot/v1.4.8; http://mj12bot.com/)"
135.181.75.58 - - [28/Jun/2022:01:10:15 +0000] "GET /node/359 HTTP/1.1" 302 154 "-" "Mozilla/5.0 (compatible; MJ12bot/v1.4.8; http://mj12bot.com/)"
135.181.75.58 - - [28/Jun/2022:01:10:30 +0000] "GET /node/360 HTTP/1.1" 302 154 "-" "Mozilla/5.0 (compatible; MJ12bot/v1.4.8; http://mj12bot.com/)"
135.181.75.58 - - [28/Jun/2022:01:10:37 +0000] "GET /node/362/feed HTTP/1.1" 302 154 "-" "Mozilla/5.0 (compatible; MJ12bot/v1.4.8; http://mj12bot.com/)"
135.181.75.58 - - [28/Jun/2022:01:10:46 +0000] "GET /node/362?share=facebook HTTP/1.1" 302 154 "-" "Mozilla/5.0 (compatible; MJ12bot/v1.4.8; http://mj12bot.com/)"
135.181.75.58 - - [28/Jun/2022:01:10:55 +0000] "GET /node/362?share=linkedin HTTP/1.1" 302 154 "-" "Mozilla/5.0 (compatible; MJ12bot/v1.4.8; http://mj12bot.com/)"
135.181.75.58 - - [28/Jun/2022:01:11:05 +0000] "GET /node/362?share=reddit HTTP/1.1" 302 154 "-" "Mozilla/5.0 (compatible; MJ12bot/v1.4.8; http://mj12bot.com/)"
135.181.75.58 - - [28/Jun/2022:01:11:16 +0000] "GET /node/362?share=twitter HTTP/1.1" 302 154 "-" "Mozilla/5.0 (compatible; MJ12bot/v1.4.8; http://mj12bot.com/)"
135.181.75.58 - - [28/Jun/2022:01:11:31 +0000] "GET /node/363 HTTP/1.1" 302 154 "-" "Mozilla/5.0 (compatible; MJ12bot/v1.4.8; http://mj12bot.com/)"
135.181.75.58 - - [28/Jun/2022:01:11:55 +0000] "GET /node/364 HTTP/1.1" 302 154 "-" "Mozilla/5.0 (compatible; MJ12bot/v1.4.8; http://mj12bot.com/)"
135.181.75.58 - - [28/Jun/2022:01:12:14 +0000] "GET /node/368 HTTP/1.1" 302 154 "-" "Mozilla/5.0 (compatible; MJ12bot/v1.4.8; http://mj12bot.com/)"
135.181.75.58 - - [28/Jun/2022:01:12:40 +0000] "GET /node/369 HTTP/1.1" 302 154 "-" "Mozilla/5.0 (compatible; MJ12bot/v1.4.8; http://mj12bot.com/)"
114.119.147.74 - - [28/Jun/2022:01:12:53 +0000] "GET /node/20?share=reddit HTTP/1.1" 302 154 "https://mrchoke.org/node/20?ak_action=accept_mobile" "Mozilla/5.0 (Linux; Android 7.0;) AppleWebKit/537.36 (KHTML, like Gecko) Mobile Safari/537.36 (compatible; PetalBot;+https://webmaster.petalsearch.com/site/petalbot)"
114.119.147.74 - - [28/Jun/2022:01:12:56 +0000] "GET /node/20?share=reddit HTTP/1.1" 301 178 "https://mrchoke.org/node/20?ak_action=accept_mobile" "Mozilla/5.0 (Linux; Android 7.0;) AppleWebKit/537.36 (KHTML, like Gecko) Mobile Safari/537.36 (compatible; PetalBot;+https://webmaster.petalsearch.com/site/petalbot)"
135.181.75.58 - - [28/Jun/2022:01:12:58 +0000] "GET /node/369/feed HTTP/1.1" 302 154 "-" "Mozilla/5.0 (compatible; MJ12bot/v1.4.8; http://mj12bot.com/)"
114.119.147.74 - - [28/Jun/2022:01:13:00 +0000] "GET /node/20/?share=reddit HTTP/1.1" 200 8313 "https://mrchoke.org/node/20?ak_action=accept_mobile" "Mozilla/5.0 (Linux; Android 7.0;) AppleWebKit/537.36 (KHTML, like Gecko) Mobile Safari/537.36 (compatible; PetalBot;+https://webmaster.petalsearch.com/site/petalbot)"
135.181.75.58 - - [28/Jun/2022:01:13:13 +0000] "GET /node/369?share=facebook HTTP/1.1" 302 154 "-" "Mozilla/5.0 (compatible; MJ12bot/v1.4.8; http://mj12bot.com/)"
