192.99.0.62 - - [20/Jun/2022:04:08:59 +0000] "GET /node/1407/img_7268 HTTP/1.1" 302 154 "-" "Mozilla/5.0 (compatible; MJ12bot/v1.4.8; http://mj12bot.com/)"
192.99.0.62 - - [20/Jun/2022:04:09:06 +0000] "GET /node/1407/img_7268 HTTP/1.1" 301 178 "-" "Mozilla/5.0 (compatible; MJ12bot/v1.4.8; http://mj12bot.com/)"
192.99.0.62 - - [20/Jun/2022:04:09:11 +0000] "GET /node/1407/img_7268/ HTTP/1.1" 200 7923 "-" "Mozilla/5.0 (compatible; MJ12bot/v1.4.8; http://mj12bot.com/)"
192.99.0.62 - - [20/Jun/2022:04:09:17 +0000] "GET /node/1407/img_7269 HTTP/1.1" 302 154 "-" "Mozilla/5.0 (compatible; MJ12bot/v1.4.8; http://mj12bot.com/)"
192.99.0.62 - - [20/Jun/2022:04:09:22 +0000] "GET /node/1407/img_7269 HTTP/1.1" 301 178 "-" "Mozilla/5.0 (compatible; MJ12bot/v1.4.8; http://mj12bot.com/)"
192.99.0.62 - - [20/Jun/2022:04:09:27 +0000] "GET /node/1407/img_7269/ HTTP/1.1" 200 7943 "-" "Mozilla/5.0 (compatible; MJ12bot/v1.4.8; http://mj12bot.com/)"
192.99.0.62 - - [20/Jun/2022:04:09:33 +0000] "GET /node/1407/img_7270 HTTP/1.1" 302 154 "-" "Mozilla/5.0 (compatible; MJ12bot/v1.4.8; http://mj12bot.com/)"
192.99.0.62 - - [20/Jun/2022:04:09:36 +0000] "GET /node/1407/img_7270 HTTP/1.1" 301 178 "-" "Mozilla/5.0 (compatible; MJ12bot/v1.4.8; http://mj12bot.com/)"
192.99.0.62 - - [20/Jun/2022:04:09:57 +0000] "GET /node/1407/img_7270/ HTTP/1.1" 200 7907 "-" "Mozilla/5.0 (compatible; MJ12bot/v1.4.8; http://mj12bot.com/)"
192.99.0.62 - - [20/Jun/2022:04:10:07 +0000] "GET /node/142 HTTP/1.1" 302 154 "-" "Mozilla/5.0 (compatible; MJ12bot/v1.4.8; http://mj12bot.com/)"
192.99.0.62 - - [20/Jun/2022:04:10:17 +0000] "GET /node/142 HTTP/1.1" 301 178 "-" "Mozilla/5.0 (compatible; MJ12bot/v1.4.8; http://mj12bot.com/)"
192.99.0.62 - - [20/Jun/2022:04:10:32 +0000] "GET /node/142/ HTTP/1.1" 200 10868 "-" "Mozilla/5.0 (compatible; MJ12bot/v1.4.8; http://mj12bot.com/)"
192.99.0.62 - - [20/Jun/2022:04:10:42 +0000] "GET /node/1428/img_7289 HTTP/1.1" 302 154 "-" "Mozilla/5.0 (compatible; MJ12bot/v1.4.8; http://mj12bot.com/)"
192.99.0.62 - - [20/Jun/2022:04:11:00 +0000] "GET /node/1428/img_7289 HTTP/1.1" 301 178 "-" "Mozilla/5.0 (compatible; MJ12bot/v1.4.8; http://mj12bot.com/)"
223.24.185.71 - - [20/Jun/2022:04:11:04 +0000] "GET /node/203 HTTP/2.0" 301 178 "https://www.google.com/" "Mozilla/5.0 (Linux; Android 11; SM-A025F) AppleWebKit/537.36 (KHTML, like Gecko) Chrome/101.0.0.0 Mobile Safari/537.36"
223.24.185.71 - - [20/Jun/2022:04:11:04 +0000] "GET /wp-content/themes/manifest/style.css HTTP/2.0" 200 21725 "-" "Mozilla/5.0 (Linux; Android 11; SM-A025F) AppleWebKit/537.36 (KHTML, like Gecko) Chrome/101.0.0.0 Mobile Safari/537.36"
223.24.185.71 - - [20/Jun/2022:04:11:04 +0000] "GET /wp-includes/css/dist/block-library/style.min.css?ver=5.7.1 HTTP/2.0" 200 58171 "-" "Mozilla/5.0 (Linux; Android 11; SM-A025F) AppleWebKit/537.36 (KHTML, like Gecko) Chrome/101.0.0.0 Mobile Safari/537.36"
223.24.185.71 - - [20/Jun/2022:04:11:04 +0000] "GET /node/203/ HTTP/2.0" 200 8759 "https://www.google.com/" "Mozilla/5.0 (Linux; Android 11; SM-A025F) AppleWebKit/537.36 (KHTML, like Gecko) Chrome/101.0.0.0 Mobile Safari/537.36"
223.24.185.71 - - [20/Jun/2022:04:11:04 +0000] "GET /wp-includes/js/comment-reply.min.js?ver=5.7.1 HTTP/2.0" 200 2984 "https://static.mrchoke.org/node/203/" "Mozilla/5.0 (Linux; Android 11; SM-A025F) AppleWebKit/537.36 (KHTML, like Gecko) Chrome/101.0.0.0 Mobile Safari/537.36"
223.24.185.71 - - [20/Jun/2022:04:11:04 +0000] "GET /wp-includes/js/wp-embed.min.js?ver=5.7.1 HTTP/2.0" 200 1426 "https://static.mrchoke.org/node/203/" "Mozilla/5.0 (Linux; Android 11; SM-A025F) AppleWebKit/537.36 (KHTML, like Gecko) Chrome/101.0.0.0 Mobile Safari/537.36"
223.24.185.71 - - [20/Jun/2022:04:11:04 +0000] "GET /wp-includes/js/wp-emoji-release.min.js?ver=5.7.1 HTTP/2.0" 200 14229 "https://static.mrchoke.org/node/203/" "Mozilla/5.0 (Linux; Android 11; SM-A025F) AppleWebKit/537.36 (KHTML, like Gecko) Chrome/101.0.0.0 Mobile Safari/537.36"
223.24.185.71 - - [20/Jun/2022:04:11:05 +0000] "GET /wp-content/uploads/2012/04/garland_logo.png HTTP/2.0" 200 1274 "https://static.mrchoke.org/node/203/" "Mozilla/5.0 (Linux; Android 11; SM-A025F) AppleWebKit/537.36 (KHTML, like Gecko) Chrome/101.0.0.0 Mobile Safari/537.36"
192.99.0.62 - - [20/Jun/2022:04:11:09 +0000] "GET /node/1428/img_7289/ HTTP/1.1" 200 7857 "-" "Mozilla/5.0 (compatible; MJ12bot/v1.4.8; http://mj12bot.com/)"
192.99.0.62 - - [20/Jun/2022:04:11:27 +0000] "GET /node/1428/img_7297 HTTP/1.1" 302 154 "-" "Mozilla/5.0 (compatible; MJ12bot/v1.4.8; http://mj12bot.com/)"
192.99.0.62 - - [20/Jun/2022:04:11:45 +0000] "GET /node/1428/img_7297 HTTP/1.1" 301 178 "-" "Mozilla/5.0 (compatible; MJ12bot/v1.4.8; http://mj12bot.com/)"
192.99.0.62 - - [20/Jun/2022:04:11:57 +0000] "GET /node/1428/img_7297/ HTTP/1.1" 200 7975 "-" "Mozilla/5.0 (compatible; MJ12bot/v1.4.8; http://mj12bot.com/)"
192.99.0.62 - - [20/Jun/2022:04:12:09 +0000] "GET /node/1428/img_7298 HTTP/1.1" 302 154 "-" "Mozilla/5.0 (compatible; MJ12bot/v1.4.8; http://mj12bot.com/)"
192.99.0.62 - - [20/Jun/2022:04:12:22 +0000] "GET /node/1428/img_7298 HTTP/1.1" 301 178 "-" "Mozilla/5.0 (compatible; MJ12bot/v1.4.8; http://mj12bot.com/)"
192.99.0.62 - - [20/Jun/2022:04:12:32 +0000] "GET /node/1428/img_7298/ HTTP/1.1" 200 7890 "-" "Mozilla/5.0 (compatible; MJ12bot/v1.4.8; http://mj12bot.com/)"
192.99.0.62 - - [20/Jun/2022:04:12:43 +0000] "GET /node/1428/img_7299 HTTP/1.1" 302 154 "-" "Mozilla/5.0 (compatible; MJ12bot/v1.4.8; http://mj12bot.com/)"
192.99.0.62 - - [20/Jun/2022:04:12:51 +0000] "GET /node/1428/img_7299 HTTP/1.1" 301 178 "-" "Mozilla/5.0 (compatible; MJ12bot/v1.4.8; http://mj12bot.com/)"
192.99.0.62 - - [20/Jun/2022:04:13:08 +0000] "GET /node/1428/img_7299/ HTTP/1.1" 200 7947 "-" "Mozilla/5.0 (compatible; MJ12bot/v1.4.8; http://mj12bot.com/)"
114.119.147.74 - - [20/Jun/2022:04:13:18 +0000] "GET /node/616 HTTP/1.1" 302 154 "https://mrchoke.org/node/tag/ipv6" "Mozilla/5.0 (Linux; Android 7.0;) AppleWebKit/537.36 (KHTML, like Gecko) Mobile Safari/537.36 (compatible; PetalBot;+https://webmaster.petalsearch.com/site/petalbot)"
114.119.147.74 - - [20/Jun/2022:04:13:20 +0000] "GET /node/616 HTTP/1.1" 301 178 "https://mrchoke.org/node/tag/ipv6" "Mozilla/5.0 (Linux; Android 7.0;) AppleWebKit/537.36 (KHTML, like Gecko) Mobile Safari/537.36 (compatible; PetalBot;+https://webmaster.petalsearch.com/site/petalbot)"
114.119.147.74 - - [20/Jun/2022:04:13:20 +0000] "GET /node/616/ HTTP/1.1" 200 8000 "https://mrchoke.org/node/tag/ipv6" "Mozilla/5.0 (Linux; Android 7.0;) AppleWebKit/537.36 (KHTML, like Gecko) Mobile Safari/537.36 (compatible; PetalBot;+https://webmaster.petalsearch.com/site/petalbot)"
192.99.0.62 - - [20/Jun/2022:04:13:30 +0000] "GET /node/142?share=facebook HTTP/1.1" 302 154 "-" "Mozilla/5.0 (compatible; MJ12bot/v1.4.8; http://mj12bot.com/)"
192.99.0.62 - - [20/Jun/2022:04:13:40 +0000] "GET /node/142?share=facebook HTTP/1.1" 301 178 "-" "Mozilla/5.0 (compatible; MJ12bot/v1.4.8; http://mj12bot.com/)"
192.99.0.62 - - [20/Jun/2022:04:13:52 +0000] "GET /node/142/?share=facebook HTTP/1.1" 200 10868 "-" "Mozilla/5.0 (compatible; MJ12bot/v1.4.8; http://mj12bot.com/)"
192.99.0.62 - - [20/Jun/2022:04:13:58 +0000] "GET /node/142?share=linkedin HTTP/1.1" 302 154 "-" "Mozilla/5.0 (compatible; MJ12bot/v1.4.8; http://mj12bot.com/)"
192.99.0.62 - - [20/Jun/2022:04:14:05 +0000] "GET /node/142?share=linkedin HTTP/1.1" 301 178 "-" "Mozilla/5.0 (compatible; MJ12bot/v1.4.8; http://mj12bot.com/)"
192.99.0.62 - - [20/Jun/2022:04:14:10 +0000] "GET /node/142/?share=linkedin HTTP/1.1" 200 10868 "-" "Mozilla/5.0 (compatible; MJ12bot/v1.4.8; http://mj12bot.com/)"
192.99.0.62 - - [20/Jun/2022:04:14:18 +0000] "GET /node/142?share=reddit HTTP/1.1" 302 154 "-" "Mozilla/5.0 (compatible; MJ12bot/v1.4.8; http://mj12bot.com/)"
192.99.0.62 - - [20/Jun/2022:04:14:23 +0000] "GET /node/142?share=reddit HTTP/1.1" 301 178 "-" "Mozilla/5.0 (compatible; MJ12bot/v1.4.8; http://mj12bot.com/)"
192.99.0.62 - - [20/Jun/2022:04:14:29 +0000] "GET /node/142/?share=reddit HTTP/1.1" 200 10868 "-" "Mozilla/5.0 (compatible; MJ12bot/v1.4.8; http://mj12bot.com/)"
192.99.0.62 - - [20/Jun/2022:04:14:36 +0000] "GET /node/142?share=twitter HTTP/1.1" 302 154 "-" "Mozilla/5.0 (compatible; MJ12bot/v1.4.8; http://mj12bot.com/)"
114.119.147.86 - - [20/Jun/2022:04:14:51 +0000] "GET /node/504?share=facebook HTTP/1.1" 302 154 "https://mrchoke.org/node/504?ak_action=reject_mobile" "Mozilla/5.0 (Linux; Android 7.0;) AppleWebKit/537.36 (KHTML, like Gecko) Mobile Safari/537.36 (compatible; PetalBot;+https://webmaster.petalsearch.com/site/petalbot)"
114.119.147.86 - - [20/Jun/2022:04:14:51 +0000] "GET /node/504?share=facebook HTTP/1.1" 301 178 "https://mrchoke.org/node/504?ak_action=reject_mobile" "Mozilla/5.0 (Linux; Android 7.0;) AppleWebKit/537.36 (KHTML, like Gecko) Mobile Safari/537.36 (compatible; PetalBot;+https://webmaster.petalsearch.com/site/petalbot)"
114.119.147.86 - - [20/Jun/2022:04:14:52 +0000] "GET /node/504/?share=facebook HTTP/1.1" 200 8351 "https://mrchoke.org/node/504?ak_action=reject_mobile" "Mozilla/5.0 (Linux; Android 7.0;) AppleWebKit/537.36 (KHTML, like Gecko) Mobile Safari/537.36 (compatible; PetalBot;+https://webmaster.petalsearch.com/site/petalbot)"
192.99.0.62 - - [20/Jun/2022:04:14:57 +0000] "GET /node/142?share=twitter HTTP/1.1" 301 178 "-" "Mozilla/5.0 (compatible; MJ12bot/v1.4.8; http://mj12bot.com/)"
192.99.0.62 - - [20/Jun/2022:04:15:07 +0000] "GET /node/142/?share=twitter HTTP/1.1" 200 10868 "-" "Mozilla/5.0 (compatible; MJ12bot/v1.4.8; http://mj12bot.com/)"
192.99.0.62 - - [20/Jun/2022:04:15:16 +0000] "GET /node/143 HTTP/1.1" 302 154 "-" "Mozilla/5.0 (compatible; MJ12bot/v1.4.8; http://mj12bot.com/)"
192.99.0.62 - - [20/Jun/2022:04:15:32 +0000] "GET /node/143 HTTP/1.1" 301 178 "-" "Mozilla/5.0 (compatible; MJ12bot/v1.4.8; http://mj12bot.com/)"
192.99.0.62 - - [20/Jun/2022:04:15:44 +0000] "GET /node/143/ HTTP/1.1" 200 8555 "-" "Mozilla/5.0 (compatible; MJ12bot/v1.4.8; http://mj12bot.com/)"
192.99.0.62 - - [20/Jun/2022:04:15:58 +0000] "GET /node/143?share=facebook HTTP/1.1" 302 154 "-" "Mozilla/5.0 (compatible; MJ12bot/v1.4.8; http://mj12bot.com/)"
192.99.0.62 - - [20/Jun/2022:04:16:12 +0000] "GET /node/143?share=facebook HTTP/1.1" 301 178 "-" "Mozilla/5.0 (compatible; MJ12bot/v1.4.8; http://mj12bot.com/)"
192.99.0.62 - - [20/Jun/2022:04:16:23 +0000] "GET /node/143/?share=facebook HTTP/1.1" 200 8555 "-" "Mozilla/5.0 (compatible; MJ12bot/v1.4.8; http://mj12bot.com/)"
114.119.147.74 - - [20/Jun/2022:04:16:27 +0000] "GET /node/category/osx?ak_action=reject_mobile HTTP/1.1" 302 154 "https://mrchoke.org/node/category/osx" "Mozilla/5.0 (Linux; Android 7.0;) AppleWebKit/537.36 (KHTML, like Gecko) Mobile Safari/537.36 (compatible; PetalBot;+https://webmaster.petalsearch.com/site/petalbot)"
114.119.147.74 - - [20/Jun/2022:04:16:27 +0000] "GET /node/category/osx?ak_action=reject_mobile HTTP/1.1" 301 178 "https://mrchoke.org/node/category/osx" "Mozilla/5.0 (Linux; Android 7.0;) AppleWebKit/537.36 (KHTML, like Gecko) Mobile Safari/537.36 (compatible; PetalBot;+https://webmaster.petalsearch.com/site/petalbot)"
114.119.147.74 - - [20/Jun/2022:04:16:34 +0000] "GET /node/category/osx/?ak_action=reject_mobile HTTP/1.1" 200 8417 "https://mrchoke.org/node/category/osx" "Mozilla/5.0 (Linux; Android 7.0;) AppleWebKit/537.36 (KHTML, like Gecko) Mobile Safari/537.36 (compatible; PetalBot;+https://webmaster.petalsearch.com/site/petalbot)"
192.99.0.62 - - [20/Jun/2022:04:16:36 +0000] "GET /node/143?share=linkedin HTTP/1.1" 302 154 "-" "Mozilla/5.0 (compatible; MJ12bot/v1.4.8; http://mj12bot.com/)"
192.99.0.62 - - [20/Jun/2022:04:16:50 +0000] "GET /node/143?share=linkedin HTTP/1.1" 301 178 "-" "Mozilla/5.0 (compatible; MJ12bot/v1.4.8; http://mj12bot.com/)"
192.99.0.62 - - [20/Jun/2022:04:17:05 +0000] "GET /node/143/?share=linkedin HTTP/1.1" 200 8555 "-" "Mozilla/5.0 (compatible; MJ12bot/v1.4.8; http://mj12bot.com/)"
192.99.0.62 - - [20/Jun/2022:04:17:15 +0000] "GET /node/143?share=reddit HTTP/1.1" 302 154 "-" "Mozilla/5.0 (compatible; MJ12bot/v1.4.8; http://mj12bot.com/)"
192.99.0.62 - - [20/Jun/2022:04:17:27 +0000] "GET /node/143?share=reddit HTTP/1.1" 301 178 "-" "Mozilla/5.0 (compatible; MJ12bot/v1.4.8; http://mj12bot.com/)"
192.99.0.62 - - [20/Jun/2022:04:17:42 +0000] "GET /node/143/?share=reddit HTTP/1.1" 200 8555 "-" "Mozilla/5.0 (compatible; MJ12bot/v1.4.8; http://mj12bot.com/)"
192.99.0.62 - - [20/Jun/2022:04:17:54 +0000] "GET /node/143?share=twitter HTTP/1.1" 302 154 "-" "Mozilla/5.0 (compatible; MJ12bot/v1.4.8; http://mj12bot.com/)"
192.99.0.62 - - [20/Jun/2022:04:18:13 +0000] "GET /node/143?share=twitter HTTP/1.1" 301 178 "-" "Mozilla/5.0 (compatible; MJ12bot/v1.4.8; http://mj12bot.com/)"
114.119.147.86 - - [20/Jun/2022:04:18:15 +0000] "GET /node/category/x11?ak_action=reject_mobile HTTP/1.1" 302 154 "https://mrchoke.org/node/category/x11?ak_action=accept_mobile" "Mozilla/5.0 (Linux; Android 7.0;) AppleWebKit/537.36 (KHTML, like Gecko) Mobile Safari/537.36 (compatible; PetalBot;+https://webmaster.petalsearch.com/site/petalbot)"
114.119.147.86 - - [20/Jun/2022:04:18:17 +0000] "GET /node/category/x11?ak_action=reject_mobile HTTP/1.1" 301 178 "https://mrchoke.org/node/category/x11?ak_action=accept_mobile" "Mozilla/5.0 (Linux; Android 7.0;) AppleWebKit/537.36 (KHTML, like Gecko) Mobile Safari/537.36 (compatible; PetalBot;+https://webmaster.petalsearch.com/site/petalbot)"
114.119.147.86 - - [20/Jun/2022:04:18:18 +0000] "GET /node/category/x11/?ak_action=reject_mobile HTTP/1.1" 200 8886 "https://mrchoke.org/node/category/x11?ak_action=accept_mobile" "Mozilla/5.0 (Linux; Android 7.0;) AppleWebKit/537.36 (KHTML, like Gecko) Mobile Safari/537.36 (compatible; PetalBot;+https://webmaster.petalsearch.com/site/petalbot)"
192.99.0.62 - - [20/Jun/2022:04:18:25 +0000] "GET /node/143/?share=twitter HTTP/1.1" 200 8555 "-" "Mozilla/5.0 (compatible; MJ12bot/v1.4.8; http://mj12bot.com/)"
192.99.0.62 - - [20/Jun/2022:04:18:37 +0000] "GET /node/144 HTTP/1.1" 302 154 "-" "Mozilla/5.0 (compatible; MJ12bot/v1.4.8; http://mj12bot.com/)"
192.99.0.62 - - [20/Jun/2022:04:18:43 +0000] "GET /node/144 HTTP/1.1" 301 178 "-" "Mozilla/5.0 (compatible; MJ12bot/v1.4.8; http://mj12bot.com/)"
192.99.0.62 - - [20/Jun/2022:04:18:48 +0000] "GET /node/144/ HTTP/1.1" 200 8106 "-" "Mozilla/5.0 (compatible; MJ12bot/v1.4.8; http://mj12bot.com/)"
192.99.0.62 - - [20/Jun/2022:04:18:53 +0000] "GET /node/144/feed HTTP/1.1" 302 154 "-" "Mozilla/5.0 (compatible; MJ12bot/v1.4.8; http://mj12bot.com/)"
192.99.0.62 - - [20/Jun/2022:04:19:08 +0000] "GET /node/144/feed HTTP/1.1" 301 178 "-" "Mozilla/5.0 (compatible; MJ12bot/v1.4.8; http://mj12bot.com/)"
192.99.0.62 - - [20/Jun/2022:04:19:20 +0000] "GET /node/144/feed/ HTTP/1.1" 403 134 "-" "Mozilla/5.0 (compatible; MJ12bot/v1.4.8; http://mj12bot.com/)"
192.99.0.62 - - [20/Jun/2022:04:19:38 +0000] "GET /node/144?share=facebook HTTP/1.1" 302 154 "-" "Mozilla/5.0 (compatible; MJ12bot/v1.4.8; http://mj12bot.com/)"
192.99.0.62 - - [20/Jun/2022:04:19:54 +0000] "GET /node/144?share=facebook HTTP/1.1" 301 178 "-" "Mozilla/5.0 (compatible; MJ12bot/v1.4.8; http://mj12bot.com/)"
192.99.0.62 - - [20/Jun/2022:04:20:06 +0000] "GET /node/144/?share=facebook HTTP/1.1" 200 8106 "-" "Mozilla/5.0 (compatible; MJ12bot/v1.4.8; http://mj12bot.com/)"
185.191.171.5 - - [20/Jun/2022:04:20:09 +0000] "GET /img_7692 HTTP/1.1" 301 178 "-" "Mozilla/5.0 (compatible; SemrushBot/7~bl; +http://www.semrush.com/bot.html)"
185.191.171.3 - - [20/Jun/2022:04:20:12 +0000] "GET /img_7692/ HTTP/1.1" 200 7878 "-" "Mozilla/5.0 (compatible; SemrushBot/7~bl; +http://www.semrush.com/bot.html)"
192.99.0.62 - - [20/Jun/2022:04:20:23 +0000] "GET /node/144?share=linkedin HTTP/1.1" 302 154 "-" "Mozilla/5.0 (compatible; MJ12bot/v1.4.8; http://mj12bot.com/)"
192.99.0.62 - - [20/Jun/2022:04:20:39 +0000] "GET /node/144?share=linkedin HTTP/1.1" 301 178 "-" "Mozilla/5.0 (compatible; MJ12bot/v1.4.8; http://mj12bot.com/)"
192.99.0.62 - - [20/Jun/2022:04:20:53 +0000] "GET /node/144/?share=linkedin HTTP/1.1" 200 8106 "-" "Mozilla/5.0 (compatible; MJ12bot/v1.4.8; http://mj12bot.com/)"
192.99.0.62 - - [20/Jun/2022:04:21:00 +0000] "GET /node/144?share=reddit HTTP/1.1" 302 154 "-" "Mozilla/5.0 (compatible; MJ12bot/v1.4.8; http://mj12bot.com/)"
192.99.0.62 - - [20/Jun/2022:04:21:11 +0000] "GET /node/144?share=reddit HTTP/1.1" 301 178 "-" "Mozilla/5.0 (compatible; MJ12bot/v1.4.8; http://mj12bot.com/)"
192.99.0.62 - - [20/Jun/2022:04:21:21 +0000] "GET /node/144/?share=reddit HTTP/1.1" 200 8106 "-" "Mozilla/5.0 (compatible; MJ12bot/v1.4.8; http://mj12bot.com/)"
192.99.0.62 - - [20/Jun/2022:04:21:27 +0000] "GET /node/144?share=twitter HTTP/1.1" 302 154 "-" "Mozilla/5.0 (compatible; MJ12bot/v1.4.8; http://mj12bot.com/)"
192.99.0.62 - - [20/Jun/2022:04:21:35 +0000] "GET /node/144?share=twitter HTTP/1.1" 301 178 "-" "Mozilla/5.0 (compatible; MJ12bot/v1.4.8; http://mj12bot.com/)"
192.99.0.62 - - [20/Jun/2022:04:21:39 +0000] "GET /node/144/?share=twitter HTTP/1.1" 200 8106 "-" "Mozilla/5.0 (compatible; MJ12bot/v1.4.8; http://mj12bot.com/)"
192.99.0.62 - - [20/Jun/2022:04:21:44 +0000] "GET /node/148 HTTP/1.1" 302 154 "-" "Mozilla/5.0 (compatible; MJ12bot/v1.4.8; http://mj12bot.com/)"
192.99.0.62 - - [20/Jun/2022:04:21:48 +0000] "GET /node/148 HTTP/1.1" 301 178 "-" "Mozilla/5.0 (compatible; MJ12bot/v1.4.8; http://mj12bot.com/)"
192.99.0.62 - - [20/Jun/2022:04:21:52 +0000] "GET /node/148/ HTTP/1.1" 200 8886 "-" "Mozilla/5.0 (compatible; MJ12bot/v1.4.8; http://mj12bot.com/)"
192.99.0.62 - - [20/Jun/2022:04:21:58 +0000] "GET /node/1504 HTTP/1.1" 302 154 "-" "Mozilla/5.0 (compatible; MJ12bot/v1.4.8; http://mj12bot.com/)"
192.99.0.62 - - [20/Jun/2022:04:22:05 +0000] "GET /node/1504 HTTP/1.1" 301 178 "-" "Mozilla/5.0 (compatible; MJ12bot/v1.4.8; http://mj12bot.com/)"
192.99.0.62 - - [20/Jun/2022:04:22:11 +0000] "GET /node/1504/ HTTP/1.1" 200 10679 "-" "Mozilla/5.0 (compatible; MJ12bot/v1.4.8; http://mj12bot.com/)"
192.99.0.62 - - [20/Jun/2022:04:22:15 +0000] "GET /node/150?share=facebook HTTP/1.1" 302 154 "-" "Mozilla/5.0 (compatible; MJ12bot/v1.4.8; http://mj12bot.com/)"
192.99.0.62 - - [20/Jun/2022:04:22:20 +0000] "GET /node/150?share=facebook HTTP/1.1" 301 178 "-" "Mozilla/5.0 (compatible; MJ12bot/v1.4.8; http://mj12bot.com/)"
192.99.0.62 - - [20/Jun/2022:04:22:26 +0000] "GET /node/150/?share=facebook HTTP/1.1" 200 28272 "-" "Mozilla/5.0 (compatible; MJ12bot/v1.4.8; http://mj12bot.com/)"
192.99.0.62 - - [20/Jun/2022:04:22:33 +0000] "GET /node/1510 HTTP/1.1" 302 154 "-" "Mozilla/5.0 (compatible; MJ12bot/v1.4.8; http://mj12bot.com/)"
192.99.0.62 - - [20/Jun/2022:04:22:38 +0000] "GET /node/1510 HTTP/1.1" 301 178 "-" "Mozilla/5.0 (compatible; MJ12bot/v1.4.8; http://mj12bot.com/)"
192.99.0.62 - - [20/Jun/2022:04:22:44 +0000] "GET /node/1510/ HTTP/1.1" 200 9438 "-" "Mozilla/5.0 (compatible; MJ12bot/v1.4.8; http://mj12bot.com/)"
192.99.0.62 - - [20/Jun/2022:04:22:56 +0000] "GET /node/1510/img_7461 HTTP/1.1" 302 154 "-" "Mozilla/5.0 (compatible; MJ12bot/v1.4.8; http://mj12bot.com/)"
192.99.0.62 - - [20/Jun/2022:04:23:17 +0000] "GET /node/1510/img_7461 HTTP/1.1" 301 178 "-" "Mozilla/5.0 (compatible; MJ12bot/v1.4.8; http://mj12bot.com/)"
192.99.0.62 - - [20/Jun/2022:04:23:29 +0000] "GET /node/1510/img_7461/ HTTP/1.1" 200 7789 "-" "Mozilla/5.0 (compatible; MJ12bot/v1.4.8; http://mj12bot.com/)"
192.99.0.62 - - [20/Jun/2022:04:23:44 +0000] "GET /node/1510/img_7461/feed HTTP/1.1" 302 154 "-" "Mozilla/5.0 (compatible; MJ12bot/v1.4.8; http://mj12bot.com/)"
192.99.0.62 - - [20/Jun/2022:04:24:00 +0000] "GET /node/1510/img_7461/feed HTTP/1.1" 301 178 "-" "Mozilla/5.0 (compatible; MJ12bot/v1.4.8; http://mj12bot.com/)"
192.99.0.62 - - [20/Jun/2022:04:24:07 +0000] "GET /node/1510/img_7461/feed/ HTTP/1.1" 403 134 "-" "Mozilla/5.0 (compatible; MJ12bot/v1.4.8; http://mj12bot.com/)"
192.99.0.62 - - [20/Jun/2022:04:24:19 +0000] "GET /node/1537 HTTP/1.1" 302 154 "-" "Mozilla/5.0 (compatible; MJ12bot/v1.4.8; http://mj12bot.com/)"
192.99.0.62 - - [20/Jun/2022:04:24:32 +0000] "GET /node/1537 HTTP/1.1" 301 178 "-" "Mozilla/5.0 (compatible; MJ12bot/v1.4.8; http://mj12bot.com/)"
192.99.0.62 - - [20/Jun/2022:04:24:42 +0000] "GET /node/1537/ HTTP/1.1" 200 10910 "-" "Mozilla/5.0 (compatible; MJ12bot/v1.4.8; http://mj12bot.com/)"
192.99.0.62 - - [20/Jun/2022:04:24:47 +0000] "GET /node/1558 HTTP/1.1" 302 154 "-" "Mozilla/5.0 (compatible; MJ12bot/v1.4.8; http://mj12bot.com/)"
87.250.224.107 - - [20/Jun/2022:04:24:55 +0000] "GET /node/category/shell_script HTTP/1.1" 302 154 "-" "Mozilla/5.0 (compatible; YandexBot/3.0; +http://yandex.com/bots)"
213.180.203.86 - - [20/Jun/2022:04:24:59 +0000] "GET /node/category/shell_script HTTP/1.1" 301 178 "-" "Mozilla/5.0 (compatible; YandexBot/3.0; +http://yandex.com/bots)"
5.255.253.122 - - [20/Jun/2022:04:25:07 +0000] "GET /node/category/shell_script/ HTTP/1.1" 200 8121 "-" "Mozilla/5.0 (compatible; YandexBot/3.0; +http://yandex.com/bots)"
192.99.0.62 - - [20/Jun/2022:04:25:08 +0000] "GET /node/1558 HTTP/1.1" 301 178 "-" "Mozilla/5.0 (compatible; MJ12bot/v1.4.8; http://mj12bot.com/)"
192.99.0.62 - - [20/Jun/2022:04:25:19 +0000] "GET /node/1558/ HTTP/1.1" 200 12881 "-" "Mozilla/5.0 (compatible; MJ12bot/v1.4.8; http://mj12bot.com/)"
66.249.71.28 - - [20/Jun/2022:04:25:34 +0000] "GET /node/445 HTTP/1.1" 301 178 "-" "Mozilla/5.0 (compatible; Googlebot/2.1; +http://www.google.com/bot.html)"
66.249.71.31 - - [20/Jun/2022:04:25:35 +0000] "GET /node/445/ HTTP/1.1" 200 13374 "-" "Mozilla/5.0 (compatible; Googlebot/2.1; +http://www.google.com/bot.html)"
192.99.0.62 - - [20/Jun/2022:04:25:36 +0000] "GET /node/1580 HTTP/1.1" 302 154 "-" "Mozilla/5.0 (compatible; MJ12bot/v1.4.8; http://mj12bot.com/)"
192.99.0.62 - - [20/Jun/2022:04:25:46 +0000] "GET /node/1580 HTTP/1.1" 301 178 "-" "Mozilla/5.0 (compatible; MJ12bot/v1.4.8; http://mj12bot.com/)"
192.99.0.62 - - [20/Jun/2022:04:25:59 +0000] "GET /node/1580/ HTTP/1.1" 200 8537 "-" "Mozilla/5.0 (compatible; MJ12bot/v1.4.8; http://mj12bot.com/)"
192.99.0.62 - - [20/Jun/2022:04:26:11 +0000] "GET /node/1597/20140209-225605-jpg HTTP/1.1" 302 154 "-" "Mozilla/5.0 (compatible; MJ12bot/v1.4.8; http://mj12bot.com/)"
192.99.0.62 - - [20/Jun/2022:04:26:22 +0000] "GET /node/1597/20140209-225605-jpg HTTP/1.1" 404 134 "-" "Mozilla/5.0 (compatible; MJ12bot/v1.4.8; http://mj12bot.com/)"
192.99.0.62 - - [20/Jun/2022:04:26:38 +0000] "GET /node/1597/20140209-225614-jpg HTTP/1.1" 302 154 "-" "Mozilla/5.0 (compatible; MJ12bot/v1.4.8; http://mj12bot.com/)"
192.99.0.62 - - [20/Jun/2022:04:26:52 +0000] "GET /node/1597/20140209-225614-jpg HTTP/1.1" 404 134 "-" "Mozilla/5.0 (compatible; MJ12bot/v1.4.8; http://mj12bot.com/)"
192.99.0.62 - - [20/Jun/2022:04:27:00 +0000] "GET /node/1633 HTTP/1.1" 302 154 "-" "Mozilla/5.0 (compatible; MJ12bot/v1.4.8; http://mj12bot.com/)"
192.99.0.62 - - [20/Jun/2022:04:27:16 +0000] "GET /node/1633 HTTP/1.1" 301 178 "-" "Mozilla/5.0 (compatible; MJ12bot/v1.4.8; http://mj12bot.com/)"
192.99.0.62 - - [20/Jun/2022:04:27:35 +0000] "GET /node/1633/ HTTP/1.1" 200 9161 "-" "Mozilla/5.0 (compatible; MJ12bot/v1.4.8; http://mj12bot.com/)"
192.99.0.62 - - [20/Jun/2022:04:27:51 +0000] "GET /node/1657 HTTP/1.1" 302 154 "-" "Mozilla/5.0 (compatible; MJ12bot/v1.4.8; http://mj12bot.com/)"
192.99.0.62 - - [20/Jun/2022:04:27:59 +0000] "GET /node/1657 HTTP/1.1" 301 178 "-" "Mozilla/5.0 (compatible; MJ12bot/v1.4.8; http://mj12bot.com/)"
192.99.0.62 - - [20/Jun/2022:04:28:12 +0000] "GET /node/1657/ HTTP/1.1" 200 11605 "-" "Mozilla/5.0 (compatible; MJ12bot/v1.4.8; http://mj12bot.com/)"
192.99.0.62 - - [20/Jun/2022:04:28:24 +0000] "GET /node/1657/img_7627 HTTP/1.1" 302 154 "-" "Mozilla/5.0 (compatible; MJ12bot/v1.4.8; http://mj12bot.com/)"
192.99.0.62 - - [20/Jun/2022:04:28:33 +0000] "GET /node/1657/img_7627 HTTP/1.1" 301 178 "-" "Mozilla/5.0 (compatible; MJ12bot/v1.4.8; http://mj12bot.com/)"
192.99.0.62 - - [20/Jun/2022:04:28:43 +0000] "GET /node/1657/img_7627/ HTTP/1.1" 200 7886 "-" "Mozilla/5.0 (compatible; MJ12bot/v1.4.8; http://mj12bot.com/)"
192.99.0.62 - - [20/Jun/2022:04:28:55 +0000] "GET /node/1657/img_7627/feed HTTP/1.1" 302 154 "-" "Mozilla/5.0 (compatible; MJ12bot/v1.4.8; http://mj12bot.com/)"
192.99.0.62 - - [20/Jun/2022:04:29:11 +0000] "GET /node/1657/img_7627/feed HTTP/1.1" 301 178 "-" "Mozilla/5.0 (compatible; MJ12bot/v1.4.8; http://mj12bot.com/)"
192.99.0.62 - - [20/Jun/2022:04:29:25 +0000] "GET /node/1657/img_7627/feed/ HTTP/1.1" 403 134 "-" "Mozilla/5.0 (compatible; MJ12bot/v1.4.8; http://mj12bot.com/)"
192.99.0.62 - - [20/Jun/2022:04:29:36 +0000] "GET /node/1657/img_7632 HTTP/1.1" 302 154 "-" "Mozilla/5.0 (compatible; MJ12bot/v1.4.8; http://mj12bot.com/)"
192.99.0.62 - - [20/Jun/2022:04:29:50 +0000] "GET /node/1657/img_7632 HTTP/1.1" 301 178 "-" "Mozilla/5.0 (compatible; MJ12bot/v1.4.8; http://mj12bot.com/)"
192.99.0.62 - - [20/Jun/2022:04:30:07 +0000] "GET /node/1657/img_7632/ HTTP/1.1" 200 7948 "-" "Mozilla/5.0 (compatible; MJ12bot/v1.4.8; http://mj12bot.com/)"
192.99.0.62 - - [20/Jun/2022:04:30:21 +0000] "GET /node/1657/img_7632/feed HTTP/1.1" 302 154 "-" "Mozilla/5.0 (compatible; MJ12bot/v1.4.8; http://mj12bot.com/)"
192.99.0.62 - - [20/Jun/2022:04:30:32 +0000] "GET /node/1657/img_7632/feed HTTP/1.1" 301 178 "-" "Mozilla/5.0 (compatible; MJ12bot/v1.4.8; http://mj12bot.com/)"
192.99.0.62 - - [20/Jun/2022:04:30:50 +0000] "GET /node/1657/img_7632/feed/ HTTP/1.1" 403 134 "-" "Mozilla/5.0 (compatible; MJ12bot/v1.4.8; http://mj12bot.com/)"
192.99.0.62 - - [20/Jun/2022:04:31:02 +0000] "GET /node/1706 HTTP/1.1" 302 154 "-" "Mozilla/5.0 (compatible; MJ12bot/v1.4.8; http://mj12bot.com/)"
192.99.0.62 - - [20/Jun/2022:04:31:13 +0000] "GET /node/1706 HTTP/1.1" 301 178 "-" "Mozilla/5.0 (compatible; MJ12bot/v1.4.8; http://mj12bot.com/)"
192.99.0.62 - - [20/Jun/2022:04:31:28 +0000] "GET /node/1706/ HTTP/1.1" 200 11609 "-" "Mozilla/5.0 (compatible; MJ12bot/v1.4.8; http://mj12bot.com/)"
192.99.0.62 - - [20/Jun/2022:04:31:39 +0000] "GET /node/1754/img_7774 HTTP/1.1" 302 154 "-" "Mozilla/5.0 (compatible; MJ12bot/v1.4.8; http://mj12bot.com/)"
192.99.0.62 - - [20/Jun/2022:04:31:50 +0000] "GET /node/1754/img_7774 HTTP/1.1" 301 178 "-" "Mozilla/5.0 (compatible; MJ12bot/v1.4.8; http://mj12bot.com/)"
192.99.0.62 - - [20/Jun/2022:04:32:10 +0000] "GET /node/1754/img_7774/ HTTP/1.1" 200 7908 "-" "Mozilla/5.0 (compatible; MJ12bot/v1.4.8; http://mj12bot.com/)"
192.99.0.62 - - [20/Jun/2022:04:32:32 +0000] "GET /node/1754/img_7774/feed HTTP/1.1" 302 154 "-" "Mozilla/5.0 (compatible; MJ12bot/v1.4.8; http://mj12bot.com/)"
114.119.147.74 - - [20/Jun/2022:04:32:45 +0000] "GET /node/352 HTTP/1.1" 302 154 "https://mrchoke.org/node/date/2005/06/11" "Mozilla/5.0 (Linux; Android 7.0;) AppleWebKit/537.36 (KHTML, like Gecko) Mobile Safari/537.36 (compatible; PetalBot;+https://webmaster.petalsearch.com/site/petalbot)"
192.99.0.62 - - [20/Jun/2022:04:32:45 +0000] "GET /node/1754/img_7774/feed HTTP/1.1" 301 178 "-" "Mozilla/5.0 (compatible; MJ12bot/v1.4.8; http://mj12bot.com/)"
114.119.147.74 - - [20/Jun/2022:04:32:50 +0000] "GET /node/352 HTTP/1.1" 301 178 "https://mrchoke.org/node/date/2005/06/11" "Mozilla/5.0 (Linux; Android 7.0;) AppleWebKit/537.36 (KHTML, like Gecko) Mobile Safari/537.36 (compatible; PetalBot;+https://webmaster.petalsearch.com/site/petalbot)"
114.119.147.74 - - [20/Jun/2022:04:32:57 +0000] "GET /node/352/ HTTP/1.1" 200 8868 "https://mrchoke.org/node/date/2005/06/11" "Mozilla/5.0 (Linux; Android 7.0;) AppleWebKit/537.36 (KHTML, like Gecko) Mobile Safari/537.36 (compatible; PetalBot;+https://webmaster.petalsearch.com/site/petalbot)"
192.99.0.62 - - [20/Jun/2022:04:33:10 +0000] "GET /node/1754/img_7774/feed/ HTTP/1.1" 403 134 "-" "Mozilla/5.0 (compatible; MJ12bot/v1.4.8; http://mj12bot.com/)"
192.99.0.62 - - [20/Jun/2022:04:33:27 +0000] "GET /node/1754/img_7781 HTTP/1.1" 302 154 "-" "Mozilla/5.0 (compatible; MJ12bot/v1.4.8; http://mj12bot.com/)"
192.99.0.62 - - [20/Jun/2022:04:33:40 +0000] "GET /node/1754/img_7781 HTTP/1.1" 301 178 "-" "Mozilla/5.0 (compatible; MJ12bot/v1.4.8; http://mj12bot.com/)"
192.99.0.62 - - [20/Jun/2022:04:34:00 +0000] "GET /node/1754/img_7781/ HTTP/1.1" 200 7914 "-" "Mozilla/5.0 (compatible; MJ12bot/v1.4.8; http://mj12bot.com/)"
192.99.0.62 - - [20/Jun/2022:04:34:11 +0000] "GET /node/1754/img_7781/feed HTTP/1.1" 302 154 "-" "Mozilla/5.0 (compatible; MJ12bot/v1.4.8; http://mj12bot.com/)"
114.119.147.97 - - [20/Jun/2022:04:34:25 +0000] "GET /node/1208/img_6778?ak_action=accept_mobile HTTP/1.1" 302 154 "https://mrchoke.org/node/1208/img_6778?ak_action=reject_mobile" "Mozilla/5.0 (Linux; Android 7.0;) AppleWebKit/537.36 (KHTML, like Gecko) Mobile Safari/537.36 (compatible; PetalBot;+https://webmaster.petalsearch.com/site/petalbot)"
114.119.147.97 - - [20/Jun/2022:04:34:26 +0000] "GET /node/1208/img_6778?ak_action=accept_mobile HTTP/1.1" 301 178 "https://mrchoke.org/node/1208/img_6778?ak_action=reject_mobile" "Mozilla/5.0 (Linux; Android 7.0;) AppleWebKit/537.36 (KHTML, like Gecko) Mobile Safari/537.36 (compatible; PetalBot;+https://webmaster.petalsearch.com/site/petalbot)"
114.119.147.97 - - [20/Jun/2022:04:34:27 +0000] "GET /node/1208/img_6778/?ak_action=accept_mobile HTTP/1.1" 200 7897 "https://mrchoke.org/node/1208/img_6778?ak_action=reject_mobile" "Mozilla/5.0 (Linux; Android 7.0;) AppleWebKit/537.36 (KHTML, like Gecko) Mobile Safari/537.36 (compatible; PetalBot;+https://webmaster.petalsearch.com/site/petalbot)"
192.99.0.62 - - [20/Jun/2022:04:34:28 +0000] "GET /node/1754/img_7781/feed HTTP/1.1" 301 178 "-" "Mozilla/5.0 (compatible; MJ12bot/v1.4.8; http://mj12bot.com/)"
192.99.0.62 - - [20/Jun/2022:04:34:43 +0000] "GET /node/1754/img_7781/feed/ HTTP/1.1" 403 134 "-" "Mozilla/5.0 (compatible; MJ12bot/v1.4.8; http://mj12bot.com/)"
192.99.0.62 - - [20/Jun/2022:04:34:58 +0000] "GET /node/1754/img_7786 HTTP/1.1" 302 154 "-" "Mozilla/5.0 (compatible; MJ12bot/v1.4.8; http://mj12bot.com/)"
192.99.0.62 - - [20/Jun/2022:04:35:14 +0000] "GET /node/1754/img_7786 HTTP/1.1" 301 178 "-" "Mozilla/5.0 (compatible; MJ12bot/v1.4.8; http://mj12bot.com/)"
192.99.0.62 - - [20/Jun/2022:04:35:28 +0000] "GET /node/1754/img_7786/ HTTP/1.1" 200 7886 "-" "Mozilla/5.0 (compatible; MJ12bot/v1.4.8; http://mj12bot.com/)"
192.99.0.62 - - [20/Jun/2022:04:35:45 +0000] "GET /node/1754/img_7786/feed HTTP/1.1" 302 154 "-" "Mozilla/5.0 (compatible; MJ12bot/v1.4.8; http://mj12bot.com/)"
192.99.0.62 - - [20/Jun/2022:04:35:56 +0000] "GET /node/1754/img_7786/feed HTTP/1.1" 301 178 "-" "Mozilla/5.0 (compatible; MJ12bot/v1.4.8; http://mj12bot.com/)"
192.99.0.62 - - [20/Jun/2022:04:36:09 +0000] "GET /node/1754/img_7786/feed/ HTTP/1.1" 403 134 "-" "Mozilla/5.0 (compatible; MJ12bot/v1.4.8; http://mj12bot.com/)"
114.119.147.86 - - [20/Jun/2022:04:36:27 +0000] "GET /node/49 HTTP/1.1" 302 154 "https://mrchoke.org/node/date/2006/09/27" "Mozilla/5.0 (Linux; Android 7.0;) AppleWebKit/537.36 (KHTML, like Gecko) Mobile Safari/537.36 (compatible; PetalBot;+https://webmaster.petalsearch.com/site/petalbot)"
185.191.171.43 - - [20/Jun/2022:04:36:28 +0000] "GET /node/1815/ch7_4291 HTTP/1.1" 301 178 "-" "Mozilla/5.0 (compatible; SemrushBot/7~bl; +http://www.semrush.com/bot.html)"
185.191.171.5 - - [20/Jun/2022:04:36:30 +0000] "GET /node/1815/ch7_4291/ HTTP/1.1" 200 7886 "-" "Mozilla/5.0 (compatible; SemrushBot/7~bl; +http://www.semrush.com/bot.html)"
114.119.147.86 - - [20/Jun/2022:04:36:30 +0000] "GET /node/49 HTTP/1.1" 301 178 "https://mrchoke.org/node/date/2006/09/27" "Mozilla/5.0 (Linux; Android 7.0;) AppleWebKit/537.36 (KHTML, like Gecko) Mobile Safari/537.36 (compatible; PetalBot;+https://webmaster.petalsearch.com/site/petalbot)"
114.119.147.86 - - [20/Jun/2022:04:36:32 +0000] "GET /node/49/ HTTP/1.1" 200 10212 "https://mrchoke.org/node/date/2006/09/27" "Mozilla/5.0 (Linux; Android 7.0;) AppleWebKit/537.36 (KHTML, like Gecko) Mobile Safari/537.36 (compatible; PetalBot;+https://webmaster.petalsearch.com/site/petalbot)"
192.99.0.62 - - [20/Jun/2022:04:36:34 +0000] "GET /node/1769?replytocom=711 HTTP/1.1" 302 154 "-" "Mozilla/5.0 (compatible; MJ12bot/v1.4.8; http://mj12bot.com/)"
192.99.0.62 - - [20/Jun/2022:04:36:52 +0000] "GET /node/1769?replytocom=711 HTTP/1.1" 301 178 "-" "Mozilla/5.0 (compatible; MJ12bot/v1.4.8; http://mj12bot.com/)"
192.99.0.62 - - [20/Jun/2022:04:37:08 +0000] "GET /node/1769/?replytocom=711 HTTP/1.1" 200 11512 "-" "Mozilla/5.0 (compatible; MJ12bot/v1.4.8; http://mj12bot.com/)"
192.99.0.62 - - [20/Jun/2022:04:37:23 +0000] "GET /node/1769?replytocom=712 HTTP/1.1" 302 154 "-" "Mozilla/5.0 (compatible; MJ12bot/v1.4.8; http://mj12bot.com/)"
192.99.0.62 - - [20/Jun/2022:04:37:36 +0000] "GET /node/1769?replytocom=712 HTTP/1.1" 301 178 "-" "Mozilla/5.0 (compatible; MJ12bot/v1.4.8; http://mj12bot.com/)"
192.99.0.62 - - [20/Jun/2022:04:37:49 +0000] "GET /node/1769/?replytocom=712 HTTP/1.1" 200 11512 "-" "Mozilla/5.0 (compatible; MJ12bot/v1.4.8; http://mj12bot.com/)"
192.99.0.62 - - [20/Jun/2022:04:38:00 +0000] "GET /node/1786/photo-25-2-14-20-19-51 HTTP/1.1" 302 154 "-" "Mozilla/5.0 (compatible; MJ12bot/v1.4.8; http://mj12bot.com/)"
192.99.0.62 - - [20/Jun/2022:04:38:24 +0000] "GET /node/1786/photo-25-2-14-20-19-51 HTTP/1.1" 301 178 "-" "Mozilla/5.0 (compatible; MJ12bot/v1.4.8; http://mj12bot.com/)"
114.119.147.75 - - [20/Jun/2022:04:38:46 +0000] "GET /img_7034 HTTP/1.1" 301 178 "https://mrchoke.org/node/1298?ak_action=accept_mobile" "Mozilla/5.0 (Linux; Android 7.0;) AppleWebKit/537.36 (KHTML, like Gecko) Mobile Safari/537.36 (compatible; PetalBot;+https://webmaster.petalsearch.com/site/petalbot)"
114.119.147.75 - - [20/Jun/2022:04:38:47 +0000] "GET /img_7034/ HTTP/1.1" 200 7902 "https://mrchoke.org/node/1298?ak_action=accept_mobile" "Mozilla/5.0 (Linux; Android 7.0;) AppleWebKit/537.36 (KHTML, like Gecko) Mobile Safari/537.36 (compatible; PetalBot;+https://webmaster.petalsearch.com/site/petalbot)"
192.99.0.62 - - [20/Jun/2022:04:39:02 +0000] "GET /node/178?share=facebook HTTP/1.1" 302 154 "-" "Mozilla/5.0 (compatible; MJ12bot/v1.4.8; http://mj12bot.com/)"
192.99.0.62 - - [20/Jun/2022:04:39:16 +0000] "GET /node/178?share=facebook HTTP/1.1" 301 178 "-" "Mozilla/5.0 (compatible; MJ12bot/v1.4.8; http://mj12bot.com/)"
192.99.0.62 - - [20/Jun/2022:04:39:38 +0000] "GET /node/178/?share=facebook HTTP/1.1" 200 8585 "-" "Mozilla/5.0 (compatible; MJ12bot/v1.4.8; http://mj12bot.com/)"
66.249.71.67 - - [20/Jun/2022:04:39:40 +0000] "GET /robots.txt HTTP/1.1" 404 134 "-" "Mozilla/5.0 (compatible; Googlebot/2.1; +http://www.google.com/bot.html)"
66.249.71.95 - - [20/Jun/2022:04:39:40 +0000] "GET /files/u1/gnome-codec-install3.jpg HTTP/1.1" 404 134 "-" "Googlebot-Image/1.0"
192.99.0.62 - - [20/Jun/2022:04:39:52 +0000] "GET /node/178?share=linkedin HTTP/1.1" 302 154 "-" "Mozilla/5.0 (compatible; MJ12bot/v1.4.8; http://mj12bot.com/)"
192.99.0.62 - - [20/Jun/2022:04:40:04 +0000] "GET /node/178?share=linkedin HTTP/1.1" 301 178 "-" "Mozilla/5.0 (compatible; MJ12bot/v1.4.8; http://mj12bot.com/)"
192.99.0.62 - - [20/Jun/2022:04:40:28 +0000] "GET /node/178/?share=linkedin HTTP/1.1" 200 8585 "-" "Mozilla/5.0 (compatible; MJ12bot/v1.4.8; http://mj12bot.com/)"
192.99.0.62 - - [20/Jun/2022:04:40:47 +0000] "GET /node/178?share=reddit HTTP/1.1" 302 154 "-" "Mozilla/5.0 (compatible; MJ12bot/v1.4.8; http://mj12bot.com/)"
216.244.66.229 - - [20/Jun/2022:04:40:56 +0000] "GET /robots.txt HTTP/1.1" 404 162 "-" "Mozilla/5.0 (compatible; DotBot/1.2; +https://opensiteexplorer.org/dotbot; help@moz.com)"
114.119.147.81 - - [20/Jun/2022:04:41:02 +0000] "GET /node/496?share=reddit HTTP/1.1" 302 154 "https://mrchoke.org/node/496?ak_action=accept_mobile" "Mozilla/5.0 (Linux; Android 7.0;) AppleWebKit/537.36 (KHTML, like Gecko) Mobile Safari/537.36 (compatible; PetalBot;+https://webmaster.petalsearch.com/site/petalbot)"
114.119.147.81 - - [20/Jun/2022:04:41:02 +0000] "GET /node/496?share=reddit HTTP/1.1" 301 178 "https://mrchoke.org/node/496?ak_action=accept_mobile" "Mozilla/5.0 (Linux; Android 7.0;) AppleWebKit/537.36 (KHTML, like Gecko) Mobile Safari/537.36 (compatible; PetalBot;+https://webmaster.petalsearch.com/site/petalbot)"
114.119.147.81 - - [20/Jun/2022:04:41:03 +0000] "GET /node/496/?share=reddit HTTP/1.1" 200 8200 "https://mrchoke.org/node/496?ak_action=accept_mobile" "Mozilla/5.0 (Linux; Android 7.0;) AppleWebKit/537.36 (KHTML, like Gecko) Mobile Safari/537.36 (compatible; PetalBot;+https://webmaster.petalsearch.com/site/petalbot)"
192.99.0.62 - - [20/Jun/2022:04:41:16 +0000] "GET /node/178?share=reddit HTTP/1.1" 301 178 "-" "Mozilla/5.0 (compatible; MJ12bot/v1.4.8; http://mj12bot.com/)"
192.99.0.62 - - [20/Jun/2022:04:41:26 +0000] "GET /node/178/?share=reddit HTTP/1.1" 200 8585 "-" "Mozilla/5.0 (compatible; MJ12bot/v1.4.8; http://mj12bot.com/)"
192.99.0.62 - - [20/Jun/2022:04:41:38 +0000] "GET /node/178?share=twitter HTTP/1.1" 302 154 "-" "Mozilla/5.0 (compatible; MJ12bot/v1.4.8; http://mj12bot.com/)"
192.99.0.62 - - [20/Jun/2022:04:41:50 +0000] "GET /node/178?share=twitter HTTP/1.1" 301 178 "-" "Mozilla/5.0 (compatible; MJ12bot/v1.4.8; http://mj12bot.com/)"
192.99.0.62 - - [20/Jun/2022:04:42:05 +0000] "GET /node/178/?share=twitter HTTP/1.1" 200 8585 "-" "Mozilla/5.0 (compatible; MJ12bot/v1.4.8; http://mj12bot.com/)"
104.217.249.182 - - [20/Jun/2022:04:42:17 +0000] "POST /boaform/admin/formLogin HTTP/1.1" 404 134 "http://188.166.238.131:80/admin/login.asp" "Mozilla/5.0 (X11; Ubuntu; Linux x86_64; rv:71.0) Gecko/20100101 Firefox/71.0"
104.217.249.182 - - [20/Jun/2022:04:42:17 +0000] "" 400 0 "-" "-"
192.99.0.62 - - [20/Jun/2022:04:42:22 +0000] "GET /node/1815 HTTP/1.1" 302 154 "-" "Mozilla/5.0 (compatible; MJ12bot/v1.4.8; http://mj12bot.com/)"
192.99.0.62 - - [20/Jun/2022:04:42:35 +0000] "GET /node/1815 HTTP/1.1" 301 178 "-" "Mozilla/5.0 (compatible; MJ12bot/v1.4.8; http://mj12bot.com/)"
66.249.71.180 - - [20/Jun/2022:04:42:40 +0000] "GET /node/84/feed HTTP/1.1" 302 154 "-" "Mozilla/5.0 (compatible; Googlebot/2.1; +http://www.google.com/bot.html)"
66.249.71.28 - - [20/Jun/2022:04:42:41 +0000] "GET /node/84/feed HTTP/1.1" 301 178 "-" "Mozilla/5.0 (compatible; Googlebot/2.1; +http://www.google.com/bot.html)"
66.249.71.25 - - [20/Jun/2022:04:42:42 +0000] "GET /node/84/feed/ HTTP/1.1" 403 134 "-" "Mozilla/5.0 (compatible; Googlebot/2.1; +http://www.google.com/bot.html)"
192.99.0.62 - - [20/Jun/2022:04:42:47 +0000] "GET /node/1815/ HTTP/1.1" 200 8969 "-" "Mozilla/5.0 (compatible; MJ12bot/v1.4.8; http://mj12bot.com/)"
216.244.66.229 - - [20/Jun/2022:04:42:57 +0000] "GET /node/1604/feed HTTP/1.1" 404 162 "-" "Mozilla/5.0 (compatible; DotBot/1.2; +https://opensiteexplorer.org/dotbot; help@moz.com)"
192.99.0.62 - - [20/Jun/2022:04:43:04 +0000] "GET /node/1815/ch7_4335 HTTP/1.1" 302 154 "-" "Mozilla/5.0 (compatible; MJ12bot/v1.4.8; http://mj12bot.com/)"
114.119.147.81 - - [20/Jun/2022:04:43:05 +0000] "GET /node/category/asaingames?ak_action=accept_mobile HTTP/1.1" 302 154 "https://mrchoke.org/node/category/asaingames?ak_action=reject_mobile" "Mozilla/5.0 (Linux; Android 7.0;) AppleWebKit/537.36 (KHTML, like Gecko) Mobile Safari/537.36 (compatible; PetalBot;+https://webmaster.petalsearch.com/site/petalbot)"
114.119.147.81 - - [20/Jun/2022:04:43:06 +0000] "GET /node/category/asaingames?ak_action=accept_mobile HTTP/1.1" 301 178 "https://mrchoke.org/node/category/asaingames?ak_action=reject_mobile" "Mozilla/5.0 (Linux; Android 7.0;) AppleWebKit/537.36 (KHTML, like Gecko) Mobile Safari/537.36 (compatible; PetalBot;+https://webmaster.petalsearch.com/site/petalbot)"
114.119.147.81 - - [20/Jun/2022:04:43:06 +0000] "GET /node/category/asaingames/?ak_action=accept_mobile HTTP/1.1" 200 7414 "https://mrchoke.org/node/category/asaingames?ak_action=reject_mobile" "Mozilla/5.0 (Linux; Android 7.0;) AppleWebKit/537.36 (KHTML, like Gecko) Mobile Safari/537.36 (compatible; PetalBot;+https://webmaster.petalsearch.com/site/petalbot)"
192.99.0.62 - - [20/Jun/2022:04:43:20 +0000] "GET /node/1815/ch7_4335 HTTP/1.1" 301 178 "-" "Mozilla/5.0 (compatible; MJ12bot/v1.4.8; http://mj12bot.com/)"
192.99.0.62 - - [20/Jun/2022:04:43:34 +0000] "GET /node/1815/ch7_4335/ HTTP/1.1" 200 7887 "-" "Mozilla/5.0 (compatible; MJ12bot/v1.4.8; http://mj12bot.com/)"
192.99.0.62 - - [20/Jun/2022:04:43:48 +0000] "GET /node/1815/ch7_4336 HTTP/1.1" 302 154 "-" "Mozilla/5.0 (compatible; MJ12bot/v1.4.8; http://mj12bot.com/)"
185.191.171.42 - - [20/Jun/2022:04:43:51 +0000] "GET /robots.txt HTTP/1.1" 404 134 "-" "Mozilla/5.0 (compatible; SemrushBot/7~bl; +http://www.semrush.com/bot.html)"
185.191.171.25 - - [20/Jun/2022:04:43:53 +0000] "GET /node/date/2013/12 HTTP/1.1" 302 154 "-" "Mozilla/5.0 (compatible; SemrushBot/7~bl; +http://www.semrush.com/bot.html)"
185.191.171.19 - - [20/Jun/2022:04:43:54 +0000] "GET /node/date/2013/12 HTTP/1.1" 301 178 "-" "Mozilla/5.0 (compatible; SemrushBot/7~bl; +http://www.semrush.com/bot.html)"
185.191.171.37 - - [20/Jun/2022:04:43:56 +0000] "GET /node/date/2013/12/ HTTP/1.1" 200 11825 "-" "Mozilla/5.0 (compatible; SemrushBot/7~bl; +http://www.semrush.com/bot.html)"
192.99.0.62 - - [20/Jun/2022:04:44:01 +0000] "GET /node/1815/ch7_4336 HTTP/1.1" 301 178 "-" "Mozilla/5.0 (compatible; MJ12bot/v1.4.8; http://mj12bot.com/)"
185.191.171.21 - - [20/Jun/2022:04:44:04 +0000] "GET /node/865/ch7_3183 HTTP/1.1" 301 178 "-" "Mozilla/5.0 (compatible; SemrushBot/7~bl; +http://www.semrush.com/bot.html)"
185.191.171.43 - - [20/Jun/2022:04:44:06 +0000] "GET /node/865/ch7_3183/ HTTP/1.1" 200 7885 "-" "Mozilla/5.0 (compatible; SemrushBot/7~bl; +http://www.semrush.com/bot.html)"
66.249.71.180 - - [20/Jun/2022:04:44:19 +0000] "GET /node/236 HTTP/1.1" 302 154 "-" "Mozilla/5.0 (compatible; Googlebot/2.1; +http://www.google.com/bot.html)"
66.249.71.31 - - [20/Jun/2022:04:44:20 +0000] "GET /node/236 HTTP/1.1" 301 178 "-" "Mozilla/5.0 (compatible; Googlebot/2.1; +http://www.google.com/bot.html)"
192.99.0.62 - - [20/Jun/2022:04:44:20 +0000] "GET /node/1815/ch7_4336/ HTTP/1.1" 200 7887 "-" "Mozilla/5.0 (compatible; MJ12bot/v1.4.8; http://mj12bot.com/)"
66.249.79.245 - - [20/Jun/2022:04:44:20 +0000] "GET /node/236/ HTTP/1.1" 200 9120 "-" "Mozilla/5.0 (compatible; Googlebot/2.1; +http://www.google.com/bot.html)"
192.99.0.62 - - [20/Jun/2022:04:44:34 +0000] "GET /node/1823 HTTP/1.1" 302 154 "-" "Mozilla/5.0 (compatible; MJ12bot/v1.4.8; http://mj12bot.com/)"
192.99.0.62 - - [20/Jun/2022:04:44:49 +0000] "GET /node/1823 HTTP/1.1" 301 178 "-" "Mozilla/5.0 (compatible; MJ12bot/v1.4.8; http://mj12bot.com/)"
192.99.0.62 - - [20/Jun/2022:04:45:01 +0000] "GET /node/1823/ HTTP/1.1" 200 8439 "-" "Mozilla/5.0 (compatible; MJ12bot/v1.4.8; http://mj12bot.com/)"
192.99.0.62 - - [20/Jun/2022:04:45:12 +0000] "GET /node/1835 HTTP/1.1" 302 154 "-" "Mozilla/5.0 (compatible; MJ12bot/v1.4.8; http://mj12bot.com/)"
192.99.0.62 - - [20/Jun/2022:04:45:19 +0000] "GET /node/1835 HTTP/1.1" 301 178 "-" "Mozilla/5.0 (compatible; MJ12bot/v1.4.8; http://mj12bot.com/)"
192.99.0.62 - - [20/Jun/2022:04:45:29 +0000] "GET /node/1835/ HTTP/1.1" 200 8286 "-" "Mozilla/5.0 (compatible; MJ12bot/v1.4.8; http://mj12bot.com/)"
216.244.66.229 - - [20/Jun/2022:04:45:34 +0000] "GET /node/310/?share=google-plus-1 HTTP/1.1" 404 162 "-" "Mozilla/5.0 (compatible; DotBot/1.2; +https://opensiteexplorer.org/dotbot; help@moz.com)"
192.99.0.62 - - [20/Jun/2022:04:45:42 +0000] "GET /node/1839/ch7_4625_2 HTTP/1.1" 302 154 "-" "Mozilla/5.0 (compatible; MJ12bot/v1.4.8; http://mj12bot.com/)"
192.99.0.62 - - [20/Jun/2022:04:46:03 +0000] "GET /node/1839/ch7_4625_2 HTTP/1.1" 301 178 "-" "Mozilla/5.0 (compatible; MJ12bot/v1.4.8; http://mj12bot.com/)"
192.99.0.62 - - [20/Jun/2022:04:46:18 +0000] "GET /node/1839/ch7_4625_2/ HTTP/1.1" 200 7920 "-" "Mozilla/5.0 (compatible; MJ12bot/v1.4.8; http://mj12bot.com/)"
192.99.0.62 - - [20/Jun/2022:04:46:33 +0000] "GET /node/184 HTTP/1.1" 302 154 "-" "Mozilla/5.0 (compatible; MJ12bot/v1.4.8; http://mj12bot.com/)"
192.99.0.62 - - [20/Jun/2022:04:46:46 +0000] "GET /node/184 HTTP/1.1" 301 178 "-" "Mozilla/5.0 (compatible; MJ12bot/v1.4.8; http://mj12bot.com/)"
192.99.0.62 - - [20/Jun/2022:04:46:58 +0000] "GET /node/184/ HTTP/1.1" 200 8657 "-" "Mozilla/5.0 (compatible; MJ12bot/v1.4.8; http://mj12bot.com/)"
192.99.0.62 - - [20/Jun/2022:04:47:25 +0000] "GET /node/184/feed HTTP/1.1" 302 154 "-" "Mozilla/5.0 (compatible; MJ12bot/v1.4.8; http://mj12bot.com/)"
216.244.66.229 - - [20/Jun/2022:04:47:37 +0000] "GET /node/312?share=facebook HTTP/1.1" 404 162 "-" "Mozilla/5.0 (compatible; DotBot/1.2; +https://opensiteexplorer.org/dotbot; help@moz.com)"
192.99.0.62 - - [20/Jun/2022:04:47:38 +0000] "GET /node/184/feed HTTP/1.1" 301 178 "-" "Mozilla/5.0 (compatible; MJ12bot/v1.4.8; http://mj12bot.com/)"
114.119.147.81 - - [20/Jun/2022:04:47:40 +0000] "GET /node/1724?ak_action=accept_mobile HTTP/1.1" 302 154 "https://mrchoke.org/node/1724?ak_action=reject_mobile" "Mozilla/5.0 (Linux; Android 7.0;) AppleWebKit/537.36 (KHTML, like Gecko) Mobile Safari/537.36 (compatible; PetalBot;+https://webmaster.petalsearch.com/site/petalbot)"
114.119.147.81 - - [20/Jun/2022:04:47:41 +0000] "GET /node/1724?ak_action=accept_mobile HTTP/1.1" 301 178 "https://mrchoke.org/node/1724?ak_action=reject_mobile" "Mozilla/5.0 (Linux; Android 7.0;) AppleWebKit/537.36 (KHTML, like Gecko) Mobile Safari/537.36 (compatible; PetalBot;+https://webmaster.petalsearch.com/site/petalbot)"
114.119.147.81 - - [20/Jun/2022:04:47:44 +0000] "GET /node/1724/?ak_action=accept_mobile HTTP/1.1" 200 10462 "https://mrchoke.org/node/1724?ak_action=reject_mobile" "Mozilla/5.0 (Linux; Android 7.0;) AppleWebKit/537.36 (KHTML, like Gecko) Mobile Safari/537.36 (compatible; PetalBot;+https://webmaster.petalsearch.com/site/petalbot)"
192.99.0.62 - - [20/Jun/2022:04:47:59 +0000] "GET /node/184/feed/ HTTP/1.1" 403 134 "-" "Mozilla/5.0 (compatible; MJ12bot/v1.4.8; http://mj12bot.com/)"
192.99.0.62 - - [20/Jun/2022:04:48:03 +0000] "GET /node/184?share=facebook HTTP/1.1" 302 154 "-" "Mozilla/5.0 (compatible; MJ12bot/v1.4.8; http://mj12bot.com/)"
192.99.0.62 - - [20/Jun/2022:04:48:16 +0000] "GET /node/184?share=facebook HTTP/1.1" 301 178 "-" "Mozilla/5.0 (compatible; MJ12bot/v1.4.8; http://mj12bot.com/)"
192.99.0.62 - - [20/Jun/2022:04:48:28 +0000] "GET /node/184/?share=facebook HTTP/1.1" 200 8657 "-" "Mozilla/5.0 (compatible; MJ12bot/v1.4.8; http://mj12bot.com/)"
192.99.0.62 - - [20/Jun/2022:04:48:34 +0000] "GET /node/184?share=linkedin HTTP/1.1" 302 154 "-" "Mozilla/5.0 (compatible; MJ12bot/v1.4.8; http://mj12bot.com/)"
192.99.0.62 - - [20/Jun/2022:04:48:40 +0000] "GET /node/184?share=linkedin HTTP/1.1" 301 178 "-" "Mozilla/5.0 (compatible; MJ12bot/v1.4.8; http://mj12bot.com/)"
192.99.0.62 - - [20/Jun/2022:04:48:44 +0000] "GET /node/184/?share=linkedin HTTP/1.1" 200 8657 "-" "Mozilla/5.0 (compatible; MJ12bot/v1.4.8; http://mj12bot.com/)"
192.99.0.62 - - [20/Jun/2022:04:48:49 +0000] "GET /node/184?share=reddit HTTP/1.1" 302 154 "-" "Mozilla/5.0 (compatible; MJ12bot/v1.4.8; http://mj12bot.com/)"
192.99.0.62 - - [20/Jun/2022:04:48:53 +0000] "GET /node/184?share=reddit HTTP/1.1" 301 178 "-" "Mozilla/5.0 (compatible; MJ12bot/v1.4.8; http://mj12bot.com/)"
192.99.0.62 - - [20/Jun/2022:04:48:57 +0000] "GET /node/184/?share=reddit HTTP/1.1" 200 8657 "-" "Mozilla/5.0 (compatible; MJ12bot/v1.4.8; http://mj12bot.com/)"
192.99.0.62 - - [20/Jun/2022:04:49:03 +0000] "GET /node/184?share=twitter HTTP/1.1" 302 154 "-" "Mozilla/5.0 (compatible; MJ12bot/v1.4.8; http://mj12bot.com/)"
192.99.0.62 - - [20/Jun/2022:04:49:07 +0000] "GET /node/184?share=twitter HTTP/1.1" 301 178 "-" "Mozilla/5.0 (compatible; MJ12bot/v1.4.8; http://mj12bot.com/)"
192.99.0.62 - - [20/Jun/2022:04:49:11 +0000] "GET /node/184/?share=twitter HTTP/1.1" 200 8657 "-" "Mozilla/5.0 (compatible; MJ12bot/v1.4.8; http://mj12bot.com/)"
192.99.0.62 - - [20/Jun/2022:04:49:17 +0000] "GET /node/185 HTTP/1.1" 302 154 "-" "Mozilla/5.0 (compatible; MJ12bot/v1.4.8; http://mj12bot.com/)"
192.99.0.62 - - [20/Jun/2022:04:49:21 +0000] "GET /node/185 HTTP/1.1" 301 178 "-" "Mozilla/5.0 (compatible; MJ12bot/v1.4.8; http://mj12bot.com/)"
192.99.0.62 - - [20/Jun/2022:04:49:27 +0000] "GET /node/185/ HTTP/1.1" 200 12905 "-" "Mozilla/5.0 (compatible; MJ12bot/v1.4.8; http://mj12bot.com/)"
192.99.0.62 - - [20/Jun/2022:04:49:32 +0000] "GET /node/185/feed HTTP/1.1" 302 154 "-" "Mozilla/5.0 (compatible; MJ12bot/v1.4.8; http://mj12bot.com/)"
114.119.147.75 - - [20/Jun/2022:04:49:33 +0000] "GET /node/462 HTTP/1.1" 302 154 "https://mrchoke.org/node/377?ak_action=accept_mobile" "Mozilla/5.0 (Linux; Android 7.0;) AppleWebKit/537.36 (KHTML, like Gecko) Mobile Safari/537.36 (compatible; PetalBot;+https://webmaster.petalsearch.com/site/petalbot)"
192.99.0.62 - - [20/Jun/2022:04:49:39 +0000] "GET /node/185/feed HTTP/1.1" 301 178 "-" "Mozilla/5.0 (compatible; MJ12bot/v1.4.8; http://mj12bot.com/)"
114.119.147.75 - - [20/Jun/2022:04:49:42 +0000] "GET /node/462 HTTP/1.1" 301 178 "https://mrchoke.org/node/377?ak_action=accept_mobile" "Mozilla/5.0 (Linux; Android 7.0;) AppleWebKit/537.36 (KHTML, like Gecko) Mobile Safari/537.36 (compatible; PetalBot;+https://webmaster.petalsearch.com/site/petalbot)"
192.99.0.62 - - [20/Jun/2022:04:49:43 +0000] "GET /node/185/feed/ HTTP/1.1" 403 134 "-" "Mozilla/5.0 (compatible; MJ12bot/v1.4.8; http://mj12bot.com/)"
114.119.147.75 - - [20/Jun/2022:04:49:45 +0000] "GET /node/462/ HTTP/1.1" 200 8427 "https://mrchoke.org/node/377?ak_action=accept_mobile" "Mozilla/5.0 (Linux; Android 7.0;) AppleWebKit/537.36 (KHTML, like Gecko) Mobile Safari/537.36 (compatible; PetalBot;+https://webmaster.petalsearch.com/site/petalbot)"
192.99.0.62 - - [20/Jun/2022:04:49:50 +0000] "GET /node/185?share=facebook HTTP/1.1" 302 154 "-" "Mozilla/5.0 (compatible; MJ12bot/v1.4.8; http://mj12bot.com/)"
192.99.0.62 - - [20/Jun/2022:04:49:55 +0000] "GET /node/185?share=facebook HTTP/1.1" 301 178 "-" "Mozilla/5.0 (compatible; MJ12bot/v1.4.8; http://mj12bot.com/)"
192.99.0.62 - - [20/Jun/2022:04:50:01 +0000] "GET /node/185/?share=facebook HTTP/1.1" 200 12905 "-" "Mozilla/5.0 (compatible; MJ12bot/v1.4.8; http://mj12bot.com/)"
