138.201.192.37 - - [25/Jun/2022:11:25:42 +0000] "GET /node/1428/img_7297 HTTP/1.1" 301 178 "-" "Mozilla/5.0 (compatible; DataForSeoBot/1.0; +https://dataforseo.com/dataforseo-bot)"
138.201.192.37 - - [25/Jun/2022:11:25:51 +0000] "GET /node/440 HTTP/1.1" 301 178 "-" "Mozilla/5.0 (compatible; DataForSeoBot/1.0; +https://dataforseo.com/dataforseo-bot)"
114.119.147.97 - - [25/Jun/2022:11:25:51 +0000] "GET /node/category/iceweasel HTTP/1.1" 302 154 "https://mrchoke.org/node/939/img_6419" "Mozilla/5.0 (Linux; Android 7.0;) AppleWebKit/537.36 (KHTML, like Gecko) Mobile Safari/537.36 (compatible; PetalBot;+https://webmaster.petalsearch.com/site/petalbot)"
114.119.147.97 - - [25/Jun/2022:11:25:52 +0000] "GET /node/category/iceweasel HTTP/1.1" 301 178 "https://mrchoke.org/node/939/img_6419" "Mozilla/5.0 (Linux; Android 7.0;) AppleWebKit/537.36 (KHTML, like Gecko) Mobile Safari/537.36 (compatible; PetalBot;+https://webmaster.petalsearch.com/site/petalbot)"
114.119.147.97 - - [25/Jun/2022:11:25:54 +0000] "GET /node/category/iceweasel/ HTTP/1.1" 200 34315 "https://mrchoke.org/node/939/img_6419" "Mozilla/5.0 (Linux; Android 7.0;) AppleWebKit/537.36 (KHTML, like Gecko) Mobile Safari/537.36 (compatible; PetalBot;+https://webmaster.petalsearch.com/site/petalbot)"
138.201.192.37 - - [25/Jun/2022:11:26:01 +0000] "GET /node/date/2004/07/page/3 HTTP/1.1" 301 178 "-" "Mozilla/5.0 (compatible; DataForSeoBot/1.0; +https://dataforseo.com/dataforseo-bot)"
138.201.192.37 - - [25/Jun/2022:11:26:08 +0000] "GET /node/347 HTTP/1.1" 301 178 "-" "Mozilla/5.0 (compatible; DataForSeoBot/1.0; +https://dataforseo.com/dataforseo-bot)"
54.36.149.37 - - [25/Jun/2022:11:26:17 +0000] "GET /node/date/2005/03/17 HTTP/2.0" 301 178 "-" "Mozilla/5.0 (compatible; AhrefsBot/7.0; +http://ahrefs.com/robot/)"
138.201.192.37 - - [25/Jun/2022:11:26:18 +0000] "GET /ch7_3539 HTTP/1.1" 301 178 "-" "Mozilla/5.0 (compatible; DataForSeoBot/1.0; +https://dataforseo.com/dataforseo-bot)"
138.201.192.37 - - [25/Jun/2022:11:26:26 +0000] "GET /ch7_3462 HTTP/1.1" 301 178 "-" "Mozilla/5.0 (compatible; DataForSeoBot/1.0; +https://dataforseo.com/dataforseo-bot)"
138.201.192.37 - - [25/Jun/2022:11:26:35 +0000] "GET /node/385 HTTP/1.1" 301 178 "-" "Mozilla/5.0 (compatible; DataForSeoBot/1.0; +https://dataforseo.com/dataforseo-bot)"
138.201.192.37 - - [25/Jun/2022:11:26:43 +0000] "GET /ch7_3422 HTTP/1.1" 301 178 "-" "Mozilla/5.0 (compatible; DataForSeoBot/1.0; +https://dataforseo.com/dataforseo-bot)"
138.201.192.37 - - [25/Jun/2022:11:26:52 +0000] "GET /node/115 HTTP/1.1" 301 178 "-" "Mozilla/5.0 (compatible; DataForSeoBot/1.0; +https://dataforseo.com/dataforseo-bot)"
138.201.192.37 - - [25/Jun/2022:11:27:01 +0000] "GET /node/396 HTTP/1.1" 301 178 "-" "Mozilla/5.0 (compatible; DataForSeoBot/1.0; +https://dataforseo.com/dataforseo-bot)"
138.201.192.37 - - [25/Jun/2022:11:27:11 +0000] "GET /node/category/tiger/ HTTP/1.1" 200 8950 "-" "Mozilla/5.0 (compatible; DataForSeoBot/1.0; +https://dataforseo.com/dataforseo-bot)"
54.36.148.32 - - [25/Jun/2022:11:27:20 +0000] "GET /node/448/ HTTP/2.0" 200 8489 "-" "Mozilla/5.0 (compatible; AhrefsBot/7.0; +http://ahrefs.com/robot/)"
138.201.192.37 - - [25/Jun/2022:11:27:22 +0000] "GET /node/481 HTTP/1.1" 301 178 "-" "Mozilla/5.0 (compatible; DataForSeoBot/1.0; +https://dataforseo.com/dataforseo-bot)"
138.201.192.37 - - [25/Jun/2022:11:27:32 +0000] "GET /node/377 HTTP/1.1" 301 178 "-" "Mozilla/5.0 (compatible; DataForSeoBot/1.0; +https://dataforseo.com/dataforseo-bot)"
138.201.192.37 - - [25/Jun/2022:11:27:40 +0000] "GET /ch7_3450 HTTP/1.1" 301 178 "-" "Mozilla/5.0 (compatible; DataForSeoBot/1.0; +https://dataforseo.com/dataforseo-bot)"
138.201.192.37 - - [25/Jun/2022:11:27:50 +0000] "GET /node/87 HTTP/1.1" 301 178 "-" "Mozilla/5.0 (compatible; DataForSeoBot/1.0; +https://dataforseo.com/dataforseo-bot)"
138.201.192.37 - - [25/Jun/2022:11:27:59 +0000] "GET /node/359 HTTP/1.1" 301 178 "-" "Mozilla/5.0 (compatible; DataForSeoBot/1.0; +https://dataforseo.com/dataforseo-bot)"
138.201.192.37 - - [25/Jun/2022:11:28:07 +0000] "GET /node/1437 HTTP/1.1" 301 178 "-" "Mozilla/5.0 (compatible; DataForSeoBot/1.0; +https://dataforseo.com/dataforseo-bot)"
138.201.192.37 - - [25/Jun/2022:11:28:15 +0000] "GET /node/1377 HTTP/1.1" 301 178 "-" "Mozilla/5.0 (compatible; DataForSeoBot/1.0; +https://dataforseo.com/dataforseo-bot)"
138.201.192.37 - - [25/Jun/2022:11:28:22 +0000] "GET /node/date/2014/01/page/2 HTTP/1.1" 301 178 "-" "Mozilla/5.0 (compatible; DataForSeoBot/1.0; +https://dataforseo.com/dataforseo-bot)"
138.201.192.37 - - [25/Jun/2022:11:28:31 +0000] "GET /node/233 HTTP/1.1" 301 178 "-" "Mozilla/5.0 (compatible; DataForSeoBot/1.0; +https://dataforseo.com/dataforseo-bot)"
138.201.192.37 - - [25/Jun/2022:11:28:40 +0000] "GET /node/519/25550414-034410-jpg HTTP/1.1" 404 134 "-" "Mozilla/5.0 (compatible; DataForSeoBot/1.0; +https://dataforseo.com/dataforseo-bot)"
138.201.192.37 - - [25/Jun/2022:11:28:50 +0000] "GET /node/607 HTTP/1.1" 301 178 "-" "Mozilla/5.0 (compatible; DataForSeoBot/1.0; +https://dataforseo.com/dataforseo-bot)"
138.201.192.37 - - [25/Jun/2022:11:28:58 +0000] "GET /node/519/25550414-034429-jpg HTTP/1.1" 404 134 "-" "Mozilla/5.0 (compatible; DataForSeoBot/1.0; +https://dataforseo.com/dataforseo-bot)"
138.201.192.37 - - [25/Jun/2022:11:29:06 +0000] "GET /node/118 HTTP/1.1" 301 178 "-" "Mozilla/5.0 (compatible; DataForSeoBot/1.0; +https://dataforseo.com/dataforseo-bot)"
138.201.192.37 - - [25/Jun/2022:11:29:15 +0000] "GET /img_7467/ HTTP/1.1" 200 7863 "-" "Mozilla/5.0 (compatible; DataForSeoBot/1.0; +https://dataforseo.com/dataforseo-bot)"
138.201.192.37 - - [25/Jun/2022:11:29:23 +0000] "GET /node/373 HTTP/1.1" 301 178 "-" "Mozilla/5.0 (compatible; DataForSeoBot/1.0; +https://dataforseo.com/dataforseo-bot)"
138.201.192.37 - - [25/Jun/2022:11:29:32 +0000] "GET /node/220 HTTP/1.1" 301 178 "-" "Mozilla/5.0 (compatible; DataForSeoBot/1.0; +https://dataforseo.com/dataforseo-bot)"
138.201.192.37 - - [25/Jun/2022:11:29:40 +0000] "GET /node/date/2005/05/ HTTP/1.1" 200 10294 "-" "Mozilla/5.0 (compatible; DataForSeoBot/1.0; +https://dataforseo.com/dataforseo-bot)"
114.119.147.97 - - [25/Jun/2022:11:29:47 +0000] "GET /img_7778 HTTP/1.1" 301 178 "https://mrchoke.org/node/1754?ak_action=accept_mobile" "Mozilla/5.0 (Linux; Android 7.0;) AppleWebKit/537.36 (KHTML, like Gecko) Mobile Safari/537.36 (compatible; PetalBot;+https://webmaster.petalsearch.com/site/petalbot)"
114.119.147.97 - - [25/Jun/2022:11:29:48 +0000] "GET /img_7778/ HTTP/1.1" 200 7873 "https://mrchoke.org/node/1754?ak_action=accept_mobile" "Mozilla/5.0 (Linux; Android 7.0;) AppleWebKit/537.36 (KHTML, like Gecko) Mobile Safari/537.36 (compatible; PetalBot;+https://webmaster.petalsearch.com/site/petalbot)"
138.201.192.37 - - [25/Jun/2022:11:29:49 +0000] "GET /node/86 HTTP/1.1" 301 178 "-" "Mozilla/5.0 (compatible; DataForSeoBot/1.0; +https://dataforseo.com/dataforseo-bot)"
138.201.192.37 - - [25/Jun/2022:11:29:58 +0000] "GET /node/1908/screenshot-2016-04-22-11-49-45 HTTP/1.1" 301 178 "-" "Mozilla/5.0 (compatible; DataForSeoBot/1.0; +https://dataforseo.com/dataforseo-bot)"
138.201.192.37 - - [25/Jun/2022:11:30:06 +0000] "GET /node/519/25550414-034457-jpg HTTP/1.1" 404 134 "-" "Mozilla/5.0 (compatible; DataForSeoBot/1.0; +https://dataforseo.com/dataforseo-bot)"
138.201.192.37 - - [25/Jun/2022:11:30:15 +0000] "GET /ch7_3604 HTTP/1.1" 301 178 "-" "Mozilla/5.0 (compatible; DataForSeoBot/1.0; +https://dataforseo.com/dataforseo-bot)"
138.201.192.37 - - [25/Jun/2022:11:30:24 +0000] "GET /node/473 HTTP/1.1" 301 178 "-" "Mozilla/5.0 (compatible; DataForSeoBot/1.0; +https://dataforseo.com/dataforseo-bot)"
138.201.192.37 - - [25/Jun/2022:11:30:32 +0000] "GET /node/437 HTTP/1.1" 301 178 "-" "Mozilla/5.0 (compatible; DataForSeoBot/1.0; +https://dataforseo.com/dataforseo-bot)"
138.201.192.37 - - [25/Jun/2022:11:30:41 +0000] "GET /node/470 HTTP/1.1" 301 178 "-" "Mozilla/5.0 (compatible; DataForSeoBot/1.0; +https://dataforseo.com/dataforseo-bot)"
138.201.192.37 - - [25/Jun/2022:11:30:47 +0000] "GET /node/344 HTTP/1.1" 301 178 "-" "Mozilla/5.0 (compatible; DataForSeoBot/1.0; +https://dataforseo.com/dataforseo-bot)"
185.191.171.43 - - [25/Jun/2022:11:30:55 +0000] "GET /img_6854 HTTP/1.1" 301 178 "-" "Mozilla/5.0 (compatible; SemrushBot/7~bl; +http://www.semrush.com/bot.html)"
185.191.171.8 - - [25/Jun/2022:11:30:57 +0000] "GET /img_6854/ HTTP/1.1" 200 7926 "-" "Mozilla/5.0 (compatible; SemrushBot/7~bl; +http://www.semrush.com/bot.html)"
138.201.192.37 - - [25/Jun/2022:11:30:58 +0000] "GET /node/category/gaim/page/2 HTTP/1.1" 301 178 "-" "Mozilla/5.0 (compatible; DataForSeoBot/1.0; +https://dataforseo.com/dataforseo-bot)"
138.201.192.37 - - [25/Jun/2022:11:31:05 +0000] "GET /ch7_3603 HTTP/1.1" 301 178 "-" "Mozilla/5.0 (compatible; DataForSeoBot/1.0; +https://dataforseo.com/dataforseo-bot)"
138.201.192.37 - - [25/Jun/2022:11:31:16 +0000] "GET /node/508 HTTP/1.1" 301 178 "-" "Mozilla/5.0 (compatible; DataForSeoBot/1.0; +https://dataforseo.com/dataforseo-bot)"
138.201.192.37 - - [25/Jun/2022:11:31:24 +0000] "GET /ch7_3561 HTTP/1.1" 301 178 "-" "Mozilla/5.0 (compatible; DataForSeoBot/1.0; +https://dataforseo.com/dataforseo-bot)"
138.201.192.37 - - [25/Jun/2022:11:31:33 +0000] "GET /ch7_3621 HTTP/1.1" 301 178 "-" "Mozilla/5.0 (compatible; DataForSeoBot/1.0; +https://dataforseo.com/dataforseo-bot)"
138.201.192.37 - - [25/Jun/2022:11:31:43 +0000] "GET /node/177 HTTP/1.1" 301 178 "-" "Mozilla/5.0 (compatible; DataForSeoBot/1.0; +https://dataforseo.com/dataforseo-bot)"
138.201.192.37 - - [25/Jun/2022:11:31:53 +0000] "GET /node/category/drupal/page/2 HTTP/1.1" 301 178 "-" "Mozilla/5.0 (compatible; DataForSeoBot/1.0; +https://dataforseo.com/dataforseo-bot)"
138.201.192.37 - - [25/Jun/2022:11:32:03 +0000] "GET /node/195 HTTP/1.1" 301 178 "-" "Mozilla/5.0 (compatible; DataForSeoBot/1.0; +https://dataforseo.com/dataforseo-bot)"
138.201.192.37 - - [25/Jun/2022:11:32:12 +0000] "GET /node/519/25550414-034346-jpg HTTP/1.1" 404 134 "-" "Mozilla/5.0 (compatible; DataForSeoBot/1.0; +https://dataforseo.com/dataforseo-bot)"
138.201.192.37 - - [25/Jun/2022:11:32:21 +0000] "GET /node/category/uncategorized/page/2 HTTP/1.1" 301 178 "-" "Mozilla/5.0 (compatible; DataForSeoBot/1.0; +https://dataforseo.com/dataforseo-bot)"
138.201.192.37 - - [25/Jun/2022:11:32:29 +0000] "GET /ch7_3398 HTTP/1.1" 301 178 "-" "Mozilla/5.0 (compatible; DataForSeoBot/1.0; +https://dataforseo.com/dataforseo-bot)"
138.201.192.37 - - [25/Jun/2022:11:32:39 +0000] "GET /node/1407 HTTP/1.1" 301 178 "-" "Mozilla/5.0 (compatible; DataForSeoBot/1.0; +https://dataforseo.com/dataforseo-bot)"
138.201.192.37 - - [25/Jun/2022:11:32:48 +0000] "GET /node/386 HTTP/1.1" 301 178 "-" "Mozilla/5.0 (compatible; DataForSeoBot/1.0; +https://dataforseo.com/dataforseo-bot)"
138.201.192.37 - - [25/Jun/2022:11:32:57 +0000] "GET /node/436 HTTP/1.1" 301 178 "-" "Mozilla/5.0 (compatible; DataForSeoBot/1.0; +https://dataforseo.com/dataforseo-bot)"
138.201.192.37 - - [25/Jun/2022:11:33:06 +0000] "GET /node/324 HTTP/1.1" 301 178 "-" "Mozilla/5.0 (compatible; DataForSeoBot/1.0; +https://dataforseo.com/dataforseo-bot)"
138.201.192.37 - - [25/Jun/2022:11:33:15 +0000] "GET /node/345 HTTP/1.1" 301 178 "-" "Mozilla/5.0 (compatible; DataForSeoBot/1.0; +https://dataforseo.com/dataforseo-bot)"
138.201.192.37 - - [25/Jun/2022:11:33:23 +0000] "GET /node/1466 HTTP/1.1" 301 178 "-" "Mozilla/5.0 (compatible; DataForSeoBot/1.0; +https://dataforseo.com/dataforseo-bot)"
138.201.192.37 - - [25/Jun/2022:11:33:32 +0000] "GET /ch7_3464 HTTP/1.1" 301 178 "-" "Mozilla/5.0 (compatible; DataForSeoBot/1.0; +https://dataforseo.com/dataforseo-bot)"
114.119.147.97 - - [25/Jun/2022:11:33:40 +0000] "GET /node/507?share=twitter HTTP/1.1" 302 154 "https://mrchoke.org/node/507?replytocom=608&ak_action=reject_mobile" "Mozilla/5.0 (Linux; Android 7.0;) AppleWebKit/537.36 (KHTML, like Gecko) Mobile Safari/537.36 (compatible; PetalBot;+https://webmaster.petalsearch.com/site/petalbot)"
138.201.192.37 - - [25/Jun/2022:11:33:41 +0000] "GET /ch7_3397 HTTP/1.1" 301 178 "-" "Mozilla/5.0 (compatible; DataForSeoBot/1.0; +https://dataforseo.com/dataforseo-bot)"
114.119.147.97 - - [25/Jun/2022:11:33:42 +0000] "GET /node/507?share=twitter HTTP/1.1" 301 178 "https://mrchoke.org/node/507?replytocom=608&ak_action=reject_mobile" "Mozilla/5.0 (Linux; Android 7.0;) AppleWebKit/537.36 (KHTML, like Gecko) Mobile Safari/537.36 (compatible; PetalBot;+https://webmaster.petalsearch.com/site/petalbot)"
114.119.147.97 - - [25/Jun/2022:11:33:44 +0000] "GET /node/507/?share=twitter HTTP/1.1" 200 9588 "https://mrchoke.org/node/507?replytocom=608&ak_action=reject_mobile" "Mozilla/5.0 (Linux; Android 7.0;) AppleWebKit/537.36 (KHTML, like Gecko) Mobile Safari/537.36 (compatible; PetalBot;+https://webmaster.petalsearch.com/site/petalbot)"
138.201.192.37 - - [25/Jun/2022:11:33:50 +0000] "GET /node/122 HTTP/1.1" 301 178 "-" "Mozilla/5.0 (compatible; DataForSeoBot/1.0; +https://dataforseo.com/dataforseo-bot)"
138.201.192.37 - - [25/Jun/2022:11:33:59 +0000] "GET /node/462 HTTP/1.1" 301 178 "-" "Mozilla/5.0 (compatible; DataForSeoBot/1.0; +https://dataforseo.com/dataforseo-bot)"
138.201.192.37 - - [25/Jun/2022:11:34:06 +0000] "GET /node/1777/ HTTP/1.1" 200 9437 "-" "Mozilla/5.0 (compatible; DataForSeoBot/1.0; +https://dataforseo.com/dataforseo-bot)"
138.201.192.37 - - [25/Jun/2022:11:34:16 +0000] "GET /node/193/ HTTP/1.1" 200 8781 "-" "Mozilla/5.0 (compatible; DataForSeoBot/1.0; +https://dataforseo.com/dataforseo-bot)"
138.201.192.37 - - [25/Jun/2022:11:34:23 +0000] "GET /node/364/ HTTP/1.1" 200 9161 "-" "Mozilla/5.0 (compatible; DataForSeoBot/1.0; +https://dataforseo.com/dataforseo-bot)"
138.201.192.37 - - [25/Jun/2022:11:34:32 +0000] "GET /node/1779/ HTTP/1.1" 200 8118 "-" "Mozilla/5.0 (compatible; DataForSeoBot/1.0; +https://dataforseo.com/dataforseo-bot)"
138.201.192.37 - - [25/Jun/2022:11:34:41 +0000] "GET /node/1510/ HTTP/1.1" 200 9438 "-" "Mozilla/5.0 (compatible; DataForSeoBot/1.0; +https://dataforseo.com/dataforseo-bot)"
138.201.192.37 - - [25/Jun/2022:11:34:50 +0000] "GET /node/693/6/ HTTP/1.1" 200 21331 "-" "Mozilla/5.0 (compatible; DataForSeoBot/1.0; +https://dataforseo.com/dataforseo-bot)"
138.201.192.37 - - [25/Jun/2022:11:34:52 +0000] "GET /gallery/?g2_itemId=2706 HTTP/1.1" 404 134 "-" "Mozilla/5.0 (compatible; DataForSeoBot/1.0; +https://dataforseo.com/dataforseo-bot)"
138.201.192.37 - - [25/Jun/2022:11:34:54 +0000] "GET /img_7470/ HTTP/1.1" 200 7875 "-" "Mozilla/5.0 (compatible; DataForSeoBot/1.0; +https://dataforseo.com/dataforseo-bot)"
138.201.192.37 - - [25/Jun/2022:11:35:04 +0000] "GET /node/363/ HTTP/1.1" 200 9853 "-" "Mozilla/5.0 (compatible; DataForSeoBot/1.0; +https://dataforseo.com/dataforseo-bot)"
138.201.192.37 - - [25/Jun/2022:11:35:13 +0000] "GET /node/114/ HTTP/1.1" 200 9232 "-" "Mozilla/5.0 (compatible; DataForSeoBot/1.0; +https://dataforseo.com/dataforseo-bot)"
138.201.192.37 - - [25/Jun/2022:11:35:21 +0000] "GET /node/693/ HTTP/1.1" 200 10525 "-" "Mozilla/5.0 (compatible; DataForSeoBot/1.0; +https://dataforseo.com/dataforseo-bot)"
138.201.192.37 - - [25/Jun/2022:11:35:29 +0000] "GET /node/152/ HTTP/1.1" 200 10956 "-" "Mozilla/5.0 (compatible; DataForSeoBot/1.0; +https://dataforseo.com/dataforseo-bot)"
138.201.192.37 - - [25/Jun/2022:11:35:40 +0000] "GET /node/1786/photo-25-2-14-20-19-51/ HTTP/1.1" 200 7931 "-" "Mozilla/5.0 (compatible; DataForSeoBot/1.0; +https://dataforseo.com/dataforseo-bot)"
138.201.192.37 - - [25/Jun/2022:11:35:50 +0000] "GET /node/50/ HTTP/1.1" 200 8551 "-" "Mozilla/5.0 (compatible; DataForSeoBot/1.0; +https://dataforseo.com/dataforseo-bot)"
138.201.192.37 - - [25/Jun/2022:11:36:01 +0000] "GET /node/40 HTTP/1.1" 301 178 "-" "Mozilla/5.0 (compatible; DataForSeoBot/1.0; +https://dataforseo.com/dataforseo-bot)"
138.201.192.37 - - [25/Jun/2022:11:36:10 +0000] "GET /node/1786/ch7_4264/ HTTP/1.1" 200 7965 "-" "Mozilla/5.0 (compatible; DataForSeoBot/1.0; +https://dataforseo.com/dataforseo-bot)"
66.249.64.214 - - [25/Jun/2022:11:36:17 +0000] "GET /node/1480 HTTP/1.1" 301 178 "-" "Mozilla/5.0 (Linux; Android 6.0.1; Nexus 5X Build/MMB29P) AppleWebKit/537.36 (KHTML, like Gecko) Chrome/102.0.5005.115 Mobile Safari/537.36 (compatible; Googlebot/2.1; +http://www.google.com/bot.html)"
66.249.64.216 - - [25/Jun/2022:11:36:18 +0000] "GET /node/379 HTTP/1.1" 301 178 "-" "Mozilla/5.0 (compatible; Googlebot/2.1; +http://www.google.com/bot.html)"
66.249.64.216 - - [25/Jun/2022:11:36:18 +0000] "GET /node/1480/ HTTP/1.1" 200 9004 "-" "Mozilla/5.0 (Linux; Android 6.0.1; Nexus 5X Build/MMB29P) AppleWebKit/537.36 (KHTML, like Gecko) Chrome/102.0.5005.115 Mobile Safari/537.36 (compatible; Googlebot/2.1; +http://www.google.com/bot.html)"
66.249.64.214 - - [25/Jun/2022:11:36:19 +0000] "GET /node/379/ HTTP/1.1" 200 11788 "-" "Mozilla/5.0 (compatible; Googlebot/2.1; +http://www.google.com/bot.html)"
138.201.192.37 - - [25/Jun/2022:11:36:19 +0000] "GET /node/date/2006/09/page/3 HTTP/1.1" 301 178 "-" "Mozilla/5.0 (compatible; DataForSeoBot/1.0; +https://dataforseo.com/dataforseo-bot)"
138.201.192.37 - - [25/Jun/2022:11:36:29 +0000] "GET /node/1815/ch7_4338/ HTTP/1.1" 200 7855 "-" "Mozilla/5.0 (compatible; DataForSeoBot/1.0; +https://dataforseo.com/dataforseo-bot)"
138.201.192.37 - - [25/Jun/2022:11:36:37 +0000] "GET /node/638/ HTTP/1.1" 200 11133 "-" "Mozilla/5.0 (compatible; DataForSeoBot/1.0; +https://dataforseo.com/dataforseo-bot)"
138.201.192.37 - - [25/Jun/2022:11:36:49 +0000] "GET /node/239/ HTTP/1.1" 200 9285 "-" "Mozilla/5.0 (compatible; DataForSeoBot/1.0; +https://dataforseo.com/dataforseo-bot)"
167.248.133.47 - - [25/Jun/2022:11:36:54 +0000] "GET / HTTP/1.1" 301 178 "-" "-"
167.248.133.47 - - [25/Jun/2022:11:36:55 +0000] "GET / HTTP/1.1" 301 178 "-" "Mozilla/5.0 (compatible; CensysInspect/1.1; +https://about.censys.io/)"
138.201.192.37 - - [25/Jun/2022:11:36:57 +0000] "GET /node/442/ HTTP/1.1" 200 8298 "-" "Mozilla/5.0 (compatible; DataForSeoBot/1.0; +https://dataforseo.com/dataforseo-bot)"
138.201.192.37 - - [25/Jun/2022:11:37:06 +0000] "GET /node/693/4/ HTTP/1.1" 200 12392 "-" "Mozilla/5.0 (compatible; DataForSeoBot/1.0; +https://dataforseo.com/dataforseo-bot)"
167.248.133.47 - - [25/Jun/2022:11:37:11 +0000] "GET / HTTP/1.1" 200 920 "-" "Mozilla/5.0 (compatible; CensysInspect/1.1; +https://about.censys.io/)"
138.201.192.37 - - [25/Jun/2022:11:37:15 +0000] "GET /node/527/ HTTP/1.1" 200 8441 "-" "Mozilla/5.0 (compatible; DataForSeoBot/1.0; +https://dataforseo.com/dataforseo-bot)"
138.201.192.37 - - [25/Jun/2022:11:37:24 +0000] "GET /node/1786/ HTTP/1.1" 200 9402 "-" "Mozilla/5.0 (compatible; DataForSeoBot/1.0; +https://dataforseo.com/dataforseo-bot)"
138.201.192.37 - - [25/Jun/2022:11:37:33 +0000] "GET /node/180/ HTTP/1.1" 200 8651 "-" "Mozilla/5.0 (compatible; DataForSeoBot/1.0; +https://dataforseo.com/dataforseo-bot)"
138.201.192.37 - - [25/Jun/2022:11:37:42 +0000] "GET /node/183/ HTTP/1.1" 200 9238 "-" "Mozilla/5.0 (compatible; DataForSeoBot/1.0; +https://dataforseo.com/dataforseo-bot)"
138.201.192.37 - - [25/Jun/2022:11:37:51 +0000] "GET /node/251/ HTTP/1.1" 200 8600 "-" "Mozilla/5.0 (compatible; DataForSeoBot/1.0; +https://dataforseo.com/dataforseo-bot)"
138.201.192.37 - - [25/Jun/2022:11:38:00 +0000] "GET /node/1510/img_7461/ HTTP/1.1" 200 7789 "-" "Mozilla/5.0 (compatible; DataForSeoBot/1.0; +https://dataforseo.com/dataforseo-bot)"
138.201.192.37 - - [25/Jun/2022:11:38:08 +0000] "GET /node/441/ HTTP/1.1" 200 7969 "-" "Mozilla/5.0 (compatible; DataForSeoBot/1.0; +https://dataforseo.com/dataforseo-bot)"
138.201.192.37 - - [25/Jun/2022:11:38:16 +0000] "GET /node/179/ HTTP/1.1" 200 10452 "-" "Mozilla/5.0 (compatible; DataForSeoBot/1.0; +https://dataforseo.com/dataforseo-bot)"
138.201.192.37 - - [25/Jun/2022:11:38:26 +0000] "GET /node/148 HTTP/1.1" 301 178 "-" "Mozilla/5.0 (compatible; DataForSeoBot/1.0; +https://dataforseo.com/dataforseo-bot)"
138.201.192.37 - - [25/Jun/2022:11:38:35 +0000] "GET /node/213/ HTTP/1.1" 200 8809 "-" "Mozilla/5.0 (compatible; DataForSeoBot/1.0; +https://dataforseo.com/dataforseo-bot)"
138.201.192.37 - - [25/Jun/2022:11:38:44 +0000] "GET /node/367/ HTTP/1.1" 200 9436 "-" "Mozilla/5.0 (compatible; DataForSeoBot/1.0; +https://dataforseo.com/dataforseo-bot)"
138.201.192.37 - - [25/Jun/2022:11:38:52 +0000] "GET /node/227/ HTTP/1.1" 200 9337 "-" "Mozilla/5.0 (compatible; DataForSeoBot/1.0; +https://dataforseo.com/dataforseo-bot)"
185.191.171.45 - - [25/Jun/2022:11:38:55 +0000] "GET /node/212 HTTP/1.1" 302 154 "-" "Mozilla/5.0 (compatible; SemrushBot/7~bl; +http://www.semrush.com/bot.html)"
54.36.148.133 - - [25/Jun/2022:11:38:55 +0000] "GET /node/32/ HTTP/2.0" 200 9036 "-" "Mozilla/5.0 (compatible; AhrefsBot/7.0; +http://ahrefs.com/robot/)"
185.191.171.7 - - [25/Jun/2022:11:38:56 +0000] "GET /node/212 HTTP/1.1" 301 178 "-" "Mozilla/5.0 (compatible; SemrushBot/7~bl; +http://www.semrush.com/bot.html)"
185.191.171.4 - - [25/Jun/2022:11:38:59 +0000] "GET /node/212/ HTTP/1.1" 200 7949 "-" "Mozilla/5.0 (compatible; SemrushBot/7~bl; +http://www.semrush.com/bot.html)"
138.201.192.37 - - [25/Jun/2022:11:39:03 +0000] "GET /node/187/ HTTP/1.1" 200 9676 "-" "Mozilla/5.0 (compatible; DataForSeoBot/1.0; +https://dataforseo.com/dataforseo-bot)"
138.201.192.37 - - [25/Jun/2022:11:39:11 +0000] "GET /node/567/ HTTP/1.1" 200 14402 "-" "Mozilla/5.0 (compatible; DataForSeoBot/1.0; +https://dataforseo.com/dataforseo-bot)"
138.201.192.37 - - [25/Jun/2022:11:39:19 +0000] "GET /node/182/ HTTP/1.1" 200 8551 "-" "Mozilla/5.0 (compatible; DataForSeoBot/1.0; +https://dataforseo.com/dataforseo-bot)"
138.201.192.37 - - [25/Jun/2022:11:39:27 +0000] "GET /node/145/ HTTP/1.1" 200 10371 "-" "Mozilla/5.0 (compatible; DataForSeoBot/1.0; +https://dataforseo.com/dataforseo-bot)"
138.201.192.37 - - [25/Jun/2022:11:39:37 +0000] "GET /node/144 HTTP/1.1" 301 178 "-" "Mozilla/5.0 (compatible; DataForSeoBot/1.0; +https://dataforseo.com/dataforseo-bot)"
138.201.192.37 - - [25/Jun/2022:11:39:45 +0000] "GET /node/575/ HTTP/1.1" 200 10053 "-" "Mozilla/5.0 (compatible; DataForSeoBot/1.0; +https://dataforseo.com/dataforseo-bot)"
138.201.192.37 - - [25/Jun/2022:11:39:55 +0000] "GET /node/date/2005/03/page/2/ HTTP/1.1" 200 8330 "-" "Mozilla/5.0 (compatible; DataForSeoBot/1.0; +https://dataforseo.com/dataforseo-bot)"
138.201.192.37 - - [25/Jun/2022:11:40:09 +0000] "GET /node/226/ HTTP/1.1" 200 8756 "-" "Mozilla/5.0 (compatible; DataForSeoBot/1.0; +https://dataforseo.com/dataforseo-bot)"
138.201.192.37 - - [25/Jun/2022:11:40:18 +0000] "GET /node/189/ HTTP/1.1" 200 8271 "-" "Mozilla/5.0 (compatible; DataForSeoBot/1.0; +https://dataforseo.com/dataforseo-bot)"
138.201.192.37 - - [25/Jun/2022:11:40:27 +0000] "GET /node/601/ HTTP/1.1" 200 9653 "-" "Mozilla/5.0 (compatible; DataForSeoBot/1.0; +https://dataforseo.com/dataforseo-bot)"
138.201.192.37 - - [25/Jun/2022:11:40:35 +0000] "GET /node/1786/photo-25-2-14-20-20-20/ HTTP/1.1" 200 7878 "-" "Mozilla/5.0 (compatible; DataForSeoBot/1.0; +https://dataforseo.com/dataforseo-bot)"
138.201.192.37 - - [25/Jun/2022:11:40:45 +0000] "GET /node/371/ HTTP/1.1" 200 9471 "-" "Mozilla/5.0 (compatible; DataForSeoBot/1.0; +https://dataforseo.com/dataforseo-bot)"
138.201.192.37 - - [25/Jun/2022:11:40:53 +0000] "GET /node/693/7/ HTTP/1.1" 200 17055 "-" "Mozilla/5.0 (compatible; DataForSeoBot/1.0; +https://dataforseo.com/dataforseo-bot)"
138.201.192.37 - - [25/Jun/2022:11:41:03 +0000] "GET /node/1786/ch7_4256-copy/ HTTP/1.1" 200 7919 "-" "Mozilla/5.0 (compatible; DataForSeoBot/1.0; +https://dataforseo.com/dataforseo-bot)"
138.201.192.37 - - [25/Jun/2022:11:41:11 +0000] "GET /node/date/2007/03/page/2/ HTTP/1.1" 200 12790 "-" "Mozilla/5.0 (compatible; DataForSeoBot/1.0; +https://dataforseo.com/dataforseo-bot)"
138.201.192.37 - - [25/Jun/2022:11:41:20 +0000] "GET /node/147 HTTP/1.1" 301 178 "-" "Mozilla/5.0 (compatible; DataForSeoBot/1.0; +https://dataforseo.com/dataforseo-bot)"
138.201.192.37 - - [25/Jun/2022:11:41:28 +0000] "GET /node/241/ HTTP/1.1" 200 10216 "-" "Mozilla/5.0 (compatible; DataForSeoBot/1.0; +https://dataforseo.com/dataforseo-bot)"
138.201.192.37 - - [25/Jun/2022:11:41:38 +0000] "GET /node/42 HTTP/1.1" 301 178 "-" "Mozilla/5.0 (compatible; DataForSeoBot/1.0; +https://dataforseo.com/dataforseo-bot)"
114.119.147.87 - - [25/Jun/2022:11:41:40 +0000] "GET /node/1407/img_7268?share=linkedin HTTP/1.1" 302 154 "https://mrchoke.org/node/1407/img_7268?ak_action=accept_mobile" "Mozilla/5.0 (Linux; Android 7.0;) AppleWebKit/537.36 (KHTML, like Gecko) Mobile Safari/537.36 (compatible; PetalBot;+https://webmaster.petalsearch.com/site/petalbot)"
114.119.147.87 - - [25/Jun/2022:11:41:42 +0000] "GET /node/1407/img_7268?share=linkedin HTTP/1.1" 301 178 "https://mrchoke.org/node/1407/img_7268?ak_action=accept_mobile" "Mozilla/5.0 (Linux; Android 7.0;) AppleWebKit/537.36 (KHTML, like Gecko) Mobile Safari/537.36 (compatible; PetalBot;+https://webmaster.petalsearch.com/site/petalbot)"
138.201.192.37 - - [25/Jun/2022:11:41:47 +0000] "GET /node/1815/ch7_4335/ HTTP/1.1" 200 7887 "-" "Mozilla/5.0 (compatible; DataForSeoBot/1.0; +https://dataforseo.com/dataforseo-bot)"
114.119.147.87 - - [25/Jun/2022:11:41:48 +0000] "GET /node/1407/img_7268/?share=linkedin HTTP/1.1" 200 7923 "https://mrchoke.org/node/1407/img_7268?ak_action=accept_mobile" "Mozilla/5.0 (Linux; Android 7.0;) AppleWebKit/537.36 (KHTML, like Gecko) Mobile Safari/537.36 (compatible; PetalBot;+https://webmaster.petalsearch.com/site/petalbot)"
138.201.192.37 - - [25/Jun/2022:11:41:55 +0000] "GET /node/361 HTTP/1.1" 301 178 "-" "Mozilla/5.0 (compatible; DataForSeoBot/1.0; +https://dataforseo.com/dataforseo-bot)"
138.201.192.37 - - [25/Jun/2022:11:42:03 +0000] "GET /node/228/ HTTP/1.1" 200 8334 "-" "Mozilla/5.0 (compatible; DataForSeoBot/1.0; +https://dataforseo.com/dataforseo-bot)"
49.7.21.91 - - [25/Jun/2022:11:42:07 +0000] "GET / HTTP/1.1" 200 294 "-" "Sogou web spider/4.0(+http://www.sogou.com/docs/help/webmasters.htm#07)"
138.201.192.37 - - [25/Jun/2022:11:42:11 +0000] "GET /node/98/ HTTP/1.1" 200 9778 "-" "Mozilla/5.0 (compatible; DataForSeoBot/1.0; +https://dataforseo.com/dataforseo-bot)"
138.201.192.37 - - [25/Jun/2022:11:42:18 +0000] "GET /node/date/2006/10/page/2/ HTTP/1.1" 200 11594 "-" "Mozilla/5.0 (compatible; DataForSeoBot/1.0; +https://dataforseo.com/dataforseo-bot)"
138.201.192.37 - - [25/Jun/2022:11:42:26 +0000] "GET /node/date/2014/02/page/2/ HTTP/1.1" 200 12603 "-" "Mozilla/5.0 (compatible; DataForSeoBot/1.0; +https://dataforseo.com/dataforseo-bot)"
138.201.192.37 - - [25/Jun/2022:11:42:36 +0000] "GET /node/214/ HTTP/1.1" 200 8823 "-" "Mozilla/5.0 (compatible; DataForSeoBot/1.0; +https://dataforseo.com/dataforseo-bot)"
138.201.192.37 - - [25/Jun/2022:11:42:45 +0000] "GET /img_7465/ HTTP/1.1" 200 7865 "-" "Mozilla/5.0 (compatible; DataForSeoBot/1.0; +https://dataforseo.com/dataforseo-bot)"
138.201.192.37 - - [25/Jun/2022:11:42:56 +0000] "GET /node/188/ HTTP/1.1" 200 8824 "-" "Mozilla/5.0 (compatible; DataForSeoBot/1.0; +https://dataforseo.com/dataforseo-bot)"
138.201.192.37 - - [25/Jun/2022:11:43:04 +0000] "GET /node/693/5/ HTTP/1.1" 200 10566 "-" "Mozilla/5.0 (compatible; DataForSeoBot/1.0; +https://dataforseo.com/dataforseo-bot)"
138.201.192.37 - - [25/Jun/2022:11:43:13 +0000] "GET /node/365/ HTTP/1.1" 200 8857 "-" "Mozilla/5.0 (compatible; DataForSeoBot/1.0; +https://dataforseo.com/dataforseo-bot)"
138.201.192.37 - - [25/Jun/2022:11:43:23 +0000] "GET /node/181/ HTTP/1.1" 200 11054 "-" "Mozilla/5.0 (compatible; DataForSeoBot/1.0; +https://dataforseo.com/dataforseo-bot)"
138.201.192.37 - - [25/Jun/2022:11:43:31 +0000] "GET /node/1815/ch7_4336/ HTTP/1.1" 200 7887 "-" "Mozilla/5.0 (compatible; DataForSeoBot/1.0; +https://dataforseo.com/dataforseo-bot)"
138.201.192.37 - - [25/Jun/2022:11:43:41 +0000] "GET /node/44 HTTP/1.1" 301 178 "-" "Mozilla/5.0 (compatible; DataForSeoBot/1.0; +https://dataforseo.com/dataforseo-bot)"
138.201.192.37 - - [25/Jun/2022:11:43:49 +0000] "GET /node/573/ HTTP/1.1" 200 8011 "-" "Mozilla/5.0 (compatible; DataForSeoBot/1.0; +https://dataforseo.com/dataforseo-bot)"
138.201.192.37 - - [25/Jun/2022:11:43:58 +0000] "GET /node/693/3/ HTTP/1.1" 200 10677 "-" "Mozilla/5.0 (compatible; DataForSeoBot/1.0; +https://dataforseo.com/dataforseo-bot)"
138.201.192.37 - - [25/Jun/2022:11:44:06 +0000] "GET /node/41 HTTP/1.1" 301 178 "-" "Mozilla/5.0 (compatible; DataForSeoBot/1.0; +https://dataforseo.com/dataforseo-bot)"
138.201.192.37 - - [25/Jun/2022:11:44:16 +0000] "GET /node/category/linux/page/2/ HTTP/1.1" 200 16498 "-" "Mozilla/5.0 (compatible; DataForSeoBot/1.0; +https://dataforseo.com/dataforseo-bot)"
138.201.192.37 - - [25/Jun/2022:11:44:25 +0000] "GET /node/197/ HTTP/1.1" 200 8479 "-" "Mozilla/5.0 (compatible; DataForSeoBot/1.0; +https://dataforseo.com/dataforseo-bot)"
138.201.192.37 - - [25/Jun/2022:11:44:33 +0000] "GET /node/221/ HTTP/1.1" 200 9409 "-" "Mozilla/5.0 (compatible; DataForSeoBot/1.0; +https://dataforseo.com/dataforseo-bot)"
138.201.192.37 - - [25/Jun/2022:11:44:35 +0000] "GET /gallery/?g2_itemId=2680 HTTP/1.1" 404 134 "-" "Mozilla/5.0 (compatible; DataForSeoBot/1.0; +https://dataforseo.com/dataforseo-bot)"
138.201.192.37 - - [25/Jun/2022:11:44:37 +0000] "GET /node/755/ HTTP/1.1" 200 11681 "-" "Mozilla/5.0 (compatible; DataForSeoBot/1.0; +https://dataforseo.com/dataforseo-bot)"
138.201.192.37 - - [25/Jun/2022:11:44:47 +0000] "GET /node/693/2/ HTTP/1.1" 200 11354 "-" "Mozilla/5.0 (compatible; DataForSeoBot/1.0; +https://dataforseo.com/dataforseo-bot)"
138.201.192.37 - - [25/Jun/2022:11:44:59 +0000] "GET /node/29/ HTTP/1.1" 200 9643 "-" "Mozilla/5.0 (compatible; DataForSeoBot/1.0; +https://dataforseo.com/dataforseo-bot)"
138.201.192.37 - - [25/Jun/2022:11:45:07 +0000] "GET /node/745/ HTTP/1.1" 200 12092 "-" "Mozilla/5.0 (compatible; DataForSeoBot/1.0; +https://dataforseo.com/dataforseo-bot)"
66.249.64.212 - - [25/Jun/2022:11:45:17 +0000] "GET /comments/feed HTTP/1.1" 301 178 "-" "Mozilla/5.0 (Linux; Android 6.0.1; Nexus 5X Build/MMB29P) AppleWebKit/537.36 (KHTML, like Gecko) Chrome/102.0.5005.115 Mobile Safari/537.36 (compatible; Googlebot/2.1; +http://www.google.com/bot.html)"
138.201.192.37 - - [25/Jun/2022:11:45:18 +0000] "GET /node/366/ HTTP/1.1" 200 9379 "-" "Mozilla/5.0 (compatible; DataForSeoBot/1.0; +https://dataforseo.com/dataforseo-bot)"
66.249.64.214 - - [25/Jun/2022:11:45:18 +0000] "GET /comments/feed/ HTTP/1.1" 403 196 "-" "Mozilla/5.0 (Linux; Android 6.0.1; Nexus 5X Build/MMB29P) AppleWebKit/537.36 (KHTML, like Gecko) Chrome/102.0.5005.115 Mobile Safari/537.36 (compatible; Googlebot/2.1; +http://www.google.com/bot.html)"
138.201.192.37 - - [25/Jun/2022:11:45:26 +0000] "GET /node/date/2005/04/page/2 HTTP/1.1" 301 178 "-" "Mozilla/5.0 (compatible; DataForSeoBot/1.0; +https://dataforseo.com/dataforseo-bot)"
114.119.147.81 - - [25/Jun/2022:11:45:33 +0000] "GET /node/1835 HTTP/1.1" 301 178 "https://mrchoke.org/page/2?cat=-1" "Mozilla/5.0 (Linux; Android 7.0;) AppleWebKit/537.36 (KHTML, like Gecko) Mobile Safari/537.36 (compatible; PetalBot;+https://webmaster.petalsearch.com/site/petalbot)"
138.201.192.37 - - [25/Jun/2022:11:45:35 +0000] "GET /node/238/ HTTP/1.1" 200 8637 "-" "Mozilla/5.0 (compatible; DataForSeoBot/1.0; +https://dataforseo.com/dataforseo-bot)"
114.119.147.81 - - [25/Jun/2022:11:45:40 +0000] "GET /node/1835/ HTTP/1.1" 200 8286 "https://mrchoke.org/page/2?cat=-1" "Mozilla/5.0 (Linux; Android 7.0;) AppleWebKit/537.36 (KHTML, like Gecko) Mobile Safari/537.36 (compatible; PetalBot;+https://webmaster.petalsearch.com/site/petalbot)"
138.201.192.37 - - [25/Jun/2022:11:45:45 +0000] "GET /node/146 HTTP/1.1" 301 178 "-" "Mozilla/5.0 (compatible; DataForSeoBot/1.0; +https://dataforseo.com/dataforseo-bot)"
138.201.192.37 - - [25/Jun/2022:11:45:53 +0000] "GET /node/1823/ HTTP/1.1" 200 8439 "-" "Mozilla/5.0 (compatible; DataForSeoBot/1.0; +https://dataforseo.com/dataforseo-bot)"
138.201.192.37 - - [25/Jun/2022:11:46:03 +0000] "GET /node/780/ HTTP/1.1" 200 9192 "-" "Mozilla/5.0 (compatible; DataForSeoBot/1.0; +https://dataforseo.com/dataforseo-bot)"
138.201.192.37 - - [25/Jun/2022:11:46:12 +0000] "GET /node/191/ HTTP/1.1" 200 8645 "-" "Mozilla/5.0 (compatible; DataForSeoBot/1.0; +https://dataforseo.com/dataforseo-bot)"
185.191.171.1 - - [25/Jun/2022:11:46:16 +0000] "GET /img_7673 HTTP/1.1" 301 178 "-" "Mozilla/5.0 (compatible; SemrushBot/7~bl; +http://www.semrush.com/bot.html)"
185.191.171.13 - - [25/Jun/2022:11:46:19 +0000] "GET /img_7673/ HTTP/1.1" 200 7886 "-" "Mozilla/5.0 (compatible; SemrushBot/7~bl; +http://www.semrush.com/bot.html)"
138.201.192.37 - - [25/Jun/2022:11:46:22 +0000] "GET /node/222 HTTP/1.1" 301 178 "-" "Mozilla/5.0 (compatible; DataForSeoBot/1.0; +https://dataforseo.com/dataforseo-bot)"
138.201.192.37 - - [25/Jun/2022:11:46:31 +0000] "GET /node/209/ HTTP/1.1" 200 8452 "-" "Mozilla/5.0 (compatible; DataForSeoBot/1.0; +https://dataforseo.com/dataforseo-bot)"
138.201.192.37 - - [25/Jun/2022:11:46:40 +0000] "GET /node/100/ HTTP/1.1" 200 9717 "-" "Mozilla/5.0 (compatible; DataForSeoBot/1.0; +https://dataforseo.com/dataforseo-bot)"
138.201.192.37 - - [25/Jun/2022:11:46:47 +0000] "GET /node/374/ HTTP/1.1" 200 8986 "-" "Mozilla/5.0 (compatible; DataForSeoBot/1.0; +https://dataforseo.com/dataforseo-bot)"
138.201.192.37 - - [25/Jun/2022:11:46:57 +0000] "GET /node/236/ HTTP/1.1" 200 9120 "-" "Mozilla/5.0 (compatible; DataForSeoBot/1.0; +https://dataforseo.com/dataforseo-bot)"
138.201.192.37 - - [25/Jun/2022:11:47:05 +0000] "GET /node/1815/ HTTP/1.1" 200 8969 "-" "Mozilla/5.0 (compatible; DataForSeoBot/1.0; +https://dataforseo.com/dataforseo-bot)"
185.191.171.25 - - [25/Jun/2022:11:47:08 +0000] "GET /node/category/imagemagick HTTP/1.1" 301 178 "-" "Mozilla/5.0 (compatible; SemrushBot/7~bl; +http://www.semrush.com/bot.html)"
185.191.171.14 - - [25/Jun/2022:11:47:10 +0000] "GET /node/category/imagemagick/ HTTP/1.1" 200 8123 "-" "Mozilla/5.0 (compatible; SemrushBot/7~bl; +http://www.semrush.com/bot.html)"
138.201.192.37 - - [25/Jun/2022:11:47:14 +0000] "GET /img_7463/ HTTP/1.1" 200 7861 "-" "Mozilla/5.0 (compatible; DataForSeoBot/1.0; +https://dataforseo.com/dataforseo-bot)"
138.201.192.37 - - [25/Jun/2022:11:47:22 +0000] "GET /node/250/ HTTP/1.1" 200 12854 "-" "Mozilla/5.0 (compatible; DataForSeoBot/1.0; +https://dataforseo.com/dataforseo-bot)"
138.201.192.37 - - [25/Jun/2022:11:47:30 +0000] "GET /node/1815/ch7_4290/ HTTP/1.1" 200 7886 "-" "Mozilla/5.0 (compatible; DataForSeoBot/1.0; +https://dataforseo.com/dataforseo-bot)"
138.201.192.37 - - [25/Jun/2022:11:47:40 +0000] "GET /node/category/ubuntu/page/3 HTTP/1.1" 301 178 "-" "Mozilla/5.0 (compatible; DataForSeoBot/1.0; +https://dataforseo.com/dataforseo-bot)"
138.201.192.37 - - [25/Jun/2022:11:47:48 +0000] "GET /node/1815/ch7_4276/ HTTP/1.1" 200 7862 "-" "Mozilla/5.0 (compatible; DataForSeoBot/1.0; +https://dataforseo.com/dataforseo-bot)"
138.201.192.37 - - [25/Jun/2022:11:47:56 +0000] "GET /node/249/ HTTP/1.1" 200 9198 "-" "Mozilla/5.0 (compatible; DataForSeoBot/1.0; +https://dataforseo.com/dataforseo-bot)"
138.201.192.37 - - [25/Jun/2022:11:48:06 +0000] "GET /node/1815/ch7_4291/ HTTP/1.1" 200 7886 "-" "Mozilla/5.0 (compatible; DataForSeoBot/1.0; +https://dataforseo.com/dataforseo-bot)"
138.201.192.37 - - [25/Jun/2022:11:48:14 +0000] "GET /node/category/compiz/page/2/ HTTP/1.1" 200 9766 "-" "Mozilla/5.0 (compatible; DataForSeoBot/1.0; +https://dataforseo.com/dataforseo-bot)"
138.201.192.37 - - [25/Jun/2022:11:48:24 +0000] "GET /node/43 HTTP/1.1" 301 178 "-" "Mozilla/5.0 (compatible; DataForSeoBot/1.0; +https://dataforseo.com/dataforseo-bot)"
138.201.192.37 - - [25/Jun/2022:11:48:33 +0000] "GET /img_7459/ HTTP/1.1" 200 7862 "-" "Mozilla/5.0 (compatible; DataForSeoBot/1.0; +https://dataforseo.com/dataforseo-bot)"
138.201.192.37 - - [25/Jun/2022:11:48:42 +0000] "GET /node/121/ HTTP/1.1" 200 11077 "-" "Mozilla/5.0 (compatible; DataForSeoBot/1.0; +https://dataforseo.com/dataforseo-bot)"
138.201.192.37 - - [25/Jun/2022:11:48:52 +0000] "GET /node/255/ HTTP/1.1" 200 8947 "-" "Mozilla/5.0 (compatible; DataForSeoBot/1.0; +https://dataforseo.com/dataforseo-bot)"
138.201.192.37 - - [25/Jun/2022:11:49:00 +0000] "GET /node/category/linux/linuxtle/page/2 HTTP/1.1" 301 178 "-" "Mozilla/5.0 (compatible; DataForSeoBot/1.0; +https://dataforseo.com/dataforseo-bot)"
138.201.192.37 - - [25/Jun/2022:11:49:07 +0000] "GET /node/495/ HTTP/1.1" 200 8147 "-" "Mozilla/5.0 (compatible; DataForSeoBot/1.0; +https://dataforseo.com/dataforseo-bot)"
138.201.192.37 - - [25/Jun/2022:11:49:17 +0000] "GET /node/223/ HTTP/1.1" 200 8841 "-" "Mozilla/5.0 (compatible; DataForSeoBot/1.0; +https://dataforseo.com/dataforseo-bot)"
138.201.192.37 - - [25/Jun/2022:11:49:25 +0000] "GET /node/200/ HTTP/1.1" 200 8410 "-" "Mozilla/5.0 (compatible; DataForSeoBot/1.0; +https://dataforseo.com/dataforseo-bot)"
114.119.147.86 - - [25/Jun/2022:11:49:29 +0000] "GET /node/404?share=facebook HTTP/1.1" 302 154 "https://mrchoke.org/node/404?replytocom=503&ak_action=accept_mobile" "Mozilla/5.0 (Linux; Android 7.0;) AppleWebKit/537.36 (KHTML, like Gecko) Mobile Safari/537.36 (compatible; PetalBot;+https://webmaster.petalsearch.com/site/petalbot)"
114.119.147.86 - - [25/Jun/2022:11:49:32 +0000] "GET /node/404?share=facebook HTTP/1.1" 301 178 "https://mrchoke.org/node/404?replytocom=503&ak_action=accept_mobile" "Mozilla/5.0 (Linux; Android 7.0;) AppleWebKit/537.36 (KHTML, like Gecko) Mobile Safari/537.36 (compatible; PetalBot;+https://webmaster.petalsearch.com/site/petalbot)"
138.201.192.37 - - [25/Jun/2022:11:49:33 +0000] "GET /node/27/ HTTP/1.1" 200 7977 "-" "Mozilla/5.0 (compatible; DataForSeoBot/1.0; +https://dataforseo.com/dataforseo-bot)"
114.119.147.86 - - [25/Jun/2022:11:49:36 +0000] "GET /node/404/?share=facebook HTTP/1.1" 200 9997 "https://mrchoke.org/node/404?replytocom=503&ak_action=accept_mobile" "Mozilla/5.0 (Linux; Android 7.0;) AppleWebKit/537.36 (KHTML, like Gecko) Mobile Safari/537.36 (compatible; PetalBot;+https://webmaster.petalsearch.com/site/petalbot)"
138.201.192.37 - - [25/Jun/2022:11:49:43 +0000] "GET /node/494/ HTTP/1.1" 200 8798 "-" "Mozilla/5.0 (compatible; DataForSeoBot/1.0; +https://dataforseo.com/dataforseo-bot)"
138.201.192.37 - - [25/Jun/2022:11:49:54 +0000] "GET /node/505/ HTTP/1.1" 200 8101 "-" "Mozilla/5.0 (compatible; DataForSeoBot/1.0; +https://dataforseo.com/dataforseo-bot)"
138.201.192.37 - - [25/Jun/2022:11:50:03 +0000] "GET /img_7782/ HTTP/1.1" 200 7947 "-" "Mozilla/5.0 (compatible; DataForSeoBot/1.0; +https://dataforseo.com/dataforseo-bot)"
138.201.192.37 - - [25/Jun/2022:11:50:12 +0000] "GET /node/581/img_1725/ HTTP/1.1" 200 7875 "-" "Mozilla/5.0 (compatible; DataForSeoBot/1.0; +https://dataforseo.com/dataforseo-bot)"
20.102.113.59 - - [25/Jun/2022:11:50:17 +0000] "GET /shell4.php HTTP/1.1" 404 134 "https://www.google.com" "Mozilla/5.0 (Windows NT 10.0; WOW64; rv:52.0) Gecko/20100101 Firefox/52.0"
20.102.113.59 - - [25/Jun/2022:11:50:17 +0000] "GET /ups.php HTTP/1.1" 404 134 "https://www.google.com" "Mozilla/5.0 (Windows NT 10.0; WOW64; rv:52.0) Gecko/20100101 Firefox/52.0"
20.102.113.59 - - [25/Jun/2022:11:50:18 +0000] "GET /ru.php HTTP/1.1" 404 134 "https://www.google.com" "Mozilla/5.0 (Windows NT 10.0; WOW64; rv:52.0) Gecko/20100101 Firefox/52.0"
20.102.113.59 - - [25/Jun/2022:11:50:19 +0000] "GET /if.php HTTP/1.1" 404 134 "https://www.google.com" "Mozilla/5.0 (Windows NT 10.0; WOW64; rv:52.0) Gecko/20100101 Firefox/52.0"
20.102.113.59 - - [25/Jun/2022:11:50:20 +0000] "GET /vuln.php HTTP/1.1" 404 134 "https://www.google.com" "Mozilla/5.0 (Windows NT 10.0; WOW64; rv:52.0) Gecko/20100101 Firefox/52.0"
20.102.113.59 - - [25/Jun/2022:11:50:20 +0000] "GET /fw.php HTTP/1.1" 404 134 "https://www.google.com" "Mozilla/5.0 (Windows NT 10.0; WOW64; rv:52.0) Gecko/20100101 Firefox/52.0"
20.102.113.59 - - [25/Jun/2022:11:50:21 +0000] "GET /skipper.php HTTP/1.1" 404 134 "https://www.google.com" "Mozilla/5.0 (Windows NT 10.0; WOW64; rv:52.0) Gecko/20100101 Firefox/52.0"
138.201.192.37 - - [25/Jun/2022:11:50:21 +0000] "GET /node/1839/ HTTP/1.1" 200 12577 "-" "Mozilla/5.0 (compatible; DataForSeoBot/1.0; +https://dataforseo.com/dataforseo-bot)"
20.102.113.59 - - [25/Jun/2022:11:50:22 +0000] "GET /skippershell.php HTTP/1.1" 404 134 "https://www.google.com" "Mozilla/5.0 (Windows NT 10.0; WOW64; rv:52.0) Gecko/20100101 Firefox/52.0"
20.102.113.59 - - [25/Jun/2022:11:50:22 +0000] "GET /tttt.php HTTP/1.1" 404 134 "https://www.google.com" "Mozilla/5.0 (Windows NT 10.0; WOW64; rv:52.0) Gecko/20100101 Firefox/52.0"
20.102.113.59 - - [25/Jun/2022:11:50:23 +0000] "GET /tshop.php HTTP/1.1" 404 134 "https://www.google.com" "Mozilla/5.0 (Windows NT 10.0; WOW64; rv:52.0) Gecko/20100101 Firefox/52.0"
20.102.113.59 - - [25/Jun/2022:11:50:24 +0000] "GET /alfa.php HTTP/1.1" 404 134 "https://www.google.com" "Mozilla/5.0 (Windows NT 10.0; WOW64; rv:52.0) Gecko/20100101 Firefox/52.0"
20.102.113.59 - - [25/Jun/2022:11:50:24 +0000] "GET /shell.php HTTP/1.1" 404 134 "https://www.google.com" "Mozilla/5.0 (Windows NT 10.0; WOW64; rv:52.0) Gecko/20100101 Firefox/52.0"
20.102.113.59 - - [25/Jun/2022:11:50:25 +0000] "GET /inje3ctor.php HTTP/1.1" 404 134 "https://www.google.com" "Mozilla/5.0 (Windows NT 10.0; WOW64; rv:52.0) Gecko/20100101 Firefox/52.0"
20.102.113.59 - - [25/Jun/2022:11:50:26 +0000] "GET /saudi.php HTTP/1.1" 404 134 "https://www.google.com" "Mozilla/5.0 (Windows NT 10.0; WOW64; rv:52.0) Gecko/20100101 Firefox/52.0"
20.102.113.59 - - [25/Jun/2022:11:50:26 +0000] "GET /wso.php HTTP/1.1" 404 134 "https://www.google.com" "Mozilla/5.0 (Windows NT 10.0; WOW64; rv:52.0) Gecko/20100101 Firefox/52.0"
20.102.113.59 - - [25/Jun/2022:11:50:27 +0000] "GET /alfashell.php HTTP/1.1" 404 134 "https://www.google.com" "Mozilla/5.0 (Windows NT 10.0; WOW64; rv:52.0) Gecko/20100101 Firefox/52.0"
20.102.113.59 - - [25/Jun/2022:11:50:28 +0000] "GET /my_alfa.php HTTP/1.1" 404 134 "https://www.google.com" "Mozilla/5.0 (Windows NT 10.0; WOW64; rv:52.0) Gecko/20100101 Firefox/52.0"
20.102.113.59 - - [25/Jun/2022:11:50:29 +0000] "GET /uploader.php HTTP/1.1" 404 134 "https://www.google.com" "Mozilla/5.0 (Windows NT 10.0; WOW64; rv:52.0) Gecko/20100101 Firefox/52.0"
20.102.113.59 - - [25/Jun/2022:11:50:29 +0000] "GET /up.php HTTP/1.1" 404 134 "https://www.google.com" "Mozilla/5.0 (Windows NT 10.0; WOW64; rv:52.0) Gecko/20100101 Firefox/52.0"
20.102.113.59 - - [25/Jun/2022:11:50:30 +0000] "GET /hacked.php HTTP/1.1" 404 134 "https://www.google.com" "Mozilla/5.0 (Windows NT 10.0; WOW64; rv:52.0) Gecko/20100101 Firefox/52.0"
20.102.113.59 - - [25/Jun/2022:11:50:31 +0000] "GET /c99.php HTTP/1.1" 404 134 "https://www.google.com" "Mozilla/5.0 (Windows NT 10.0; WOW64; rv:52.0) Gecko/20100101 Firefox/52.0"
20.102.113.59 - - [25/Jun/2022:11:50:31 +0000] "GET /priv8.php HTTP/1.1" 404 134 "https://www.google.com" "Mozilla/5.0 (Windows NT 10.0; WOW64; rv:52.0) Gecko/20100101 Firefox/52.0"
138.201.192.37 - - [25/Jun/2022:11:50:32 +0000] "GET /node/date/2004/12/page/2/ HTTP/1.1" 200 11810 "-" "Mozilla/5.0 (compatible; DataForSeoBot/1.0; +https://dataforseo.com/dataforseo-bot)"
20.102.113.59 - - [25/Jun/2022:11:50:32 +0000] "GET /Navir.php HTTP/1.1" 404 134 "https://www.google.com" "Mozilla/5.0 (Windows NT 10.0; WOW64; rv:52.0) Gecko/20100101 Firefox/52.0"
20.102.113.59 - - [25/Jun/2022:11:50:33 +0000] "GET /cmd13.php HTTP/1.1" 404 134 "https://www.google.com" "Mozilla/5.0 (Windows NT 10.0; WOW64; rv:52.0) Gecko/20100101 Firefox/52.0"
20.102.113.59 - - [25/Jun/2022:11:50:33 +0000] "GET /inc20k1.php HTTP/1.1" 404 134 "https://www.google.com" "Mozilla/5.0 (Windows NT 10.0; WOW64; rv:52.0) Gecko/20100101 Firefox/52.0"
20.102.113.59 - - [25/Jun/2022:11:50:34 +0000] "GET /1index.php HTTP/1.1" 404 134 "https://www.google.com" "Mozilla/5.0 (Windows NT 10.0; WOW64; rv:52.0) Gecko/20100101 Firefox/52.0"
20.102.113.59 - - [25/Jun/2022:11:50:35 +0000] "GET /404.php HTTP/1.1" 404 134 "https://www.google.com" "Mozilla/5.0 (Windows NT 10.0; WOW64; rv:52.0) Gecko/20100101 Firefox/52.0"
20.102.113.59 - - [25/Jun/2022:11:50:36 +0000] "GET /swm.php HTTP/1.1" 404 134 "https://www.google.com" "Mozilla/5.0 (Windows NT 10.0; WOW64; rv:52.0) Gecko/20100101 Firefox/52.0"
20.102.113.59 - - [25/Jun/2022:11:50:36 +0000] "GET /wp.php HTTP/1.1" 404 134 "https://www.google.com" "Mozilla/5.0 (Windows NT 10.0; WOW64; rv:52.0) Gecko/20100101 Firefox/52.0"
20.102.113.59 - - [25/Jun/2022:11:50:37 +0000] "GET /doc.php HTTP/1.1" 404 134 "https://www.google.com" "Mozilla/5.0 (Windows NT 10.0; WOW64; rv:52.0) Gecko/20100101 Firefox/52.0"
20.102.113.59 - - [25/Jun/2022:11:50:38 +0000] "GET /shx.php HTTP/1.1" 404 134 "https://www.google.com" "Mozilla/5.0 (Windows NT 10.0; WOW64; rv:52.0) Gecko/20100101 Firefox/52.0"
20.102.113.59 - - [25/Jun/2022:11:50:38 +0000] "GET /ws.php HTTP/1.1" 404 134 "https://www.google.com" "Mozilla/5.0 (Windows NT 10.0; WOW64; rv:52.0) Gecko/20100101 Firefox/52.0"
20.102.113.59 - - [25/Jun/2022:11:50:39 +0000] "GET /m.php HTTP/1.1" 404 134 "https://www.google.com" "Mozilla/5.0 (Windows NT 10.0; WOW64; rv:52.0) Gecko/20100101 Firefox/52.0"
20.102.113.59 - - [25/Jun/2022:11:50:40 +0000] "GET /edit-form.php HTTP/1.1" 404 134 "https://www.google.com" "Mozilla/5.0 (Windows NT 10.0; WOW64; rv:52.0) Gecko/20100101 Firefox/52.0"
138.201.192.37 - - [25/Jun/2022:11:50:40 +0000] "GET /node/154/ HTTP/1.1" 200 11024 "-" "Mozilla/5.0 (compatible; DataForSeoBot/1.0; +https://dataforseo.com/dataforseo-bot)"
20.102.113.59 - - [25/Jun/2022:11:50:40 +0000] "GET /LEAF.php HTTP/1.1" 404 134 "https://www.google.com" "Mozilla/5.0 (Windows NT 10.0; WOW64; rv:52.0) Gecko/20100101 Firefox/52.0"
20.102.113.59 - - [25/Jun/2022:11:50:41 +0000] "GET /leafmailer.php HTTP/1.1" 404 134 "https://www.google.com" "Mozilla/5.0 (Windows NT 10.0; WOW64; rv:52.0) Gecko/20100101 Firefox/52.0"
20.102.113.59 - - [25/Jun/2022:11:50:42 +0000] "GET /mailer.php HTTP/1.1" 404 134 "https://www.google.com" "Mozilla/5.0 (Windows NT 10.0; WOW64; rv:52.0) Gecko/20100101 Firefox/52.0"
20.102.113.59 - - [25/Jun/2022:11:50:42 +0000] "GET /leafmailer2.8.php HTTP/1.1" 404 134 "https://www.google.com" "Mozilla/5.0 (Windows NT 10.0; WOW64; rv:52.0) Gecko/20100101 Firefox/52.0"
20.102.113.59 - - [25/Jun/2022:11:50:43 +0000] "GET /Leaf.php HTTP/1.1" 404 134 "https://www.google.com" "Mozilla/5.0 (Windows NT 10.0; WOW64; rv:52.0) Gecko/20100101 Firefox/52.0"
185.191.171.5 - - [25/Jun/2022:11:50:44 +0000] "GET /node/date/2006/09/25/page/2 HTTP/1.1" 301 178 "-" "Mozilla/5.0 (compatible; SemrushBot/7~bl; +http://www.semrush.com/bot.html)"
20.102.113.59 - - [25/Jun/2022:11:50:44 +0000] "GET /leaf.php HTTP/1.1" 404 134 "https://www.google.com" "Mozilla/5.0 (Windows NT 10.0; WOW64; rv:52.0) Gecko/20100101 Firefox/52.0"
20.102.113.59 - - [25/Jun/2022:11:50:45 +0000] "GET /x.php HTTP/1.1" 404 134 "https://www.google.com" "Mozilla/5.0 (Windows NT 10.0; WOW64; rv:52.0) Gecko/20100101 Firefox/52.0"
20.102.113.59 - - [25/Jun/2022:11:50:45 +0000] "GET /srx.php HTTP/1.1" 404 134 "https://www.google.com" "Mozilla/5.0 (Windows NT 10.0; WOW64; rv:52.0) Gecko/20100101 Firefox/52.0"
185.191.171.44 - - [25/Jun/2022:11:50:46 +0000] "GET /node/date/2006/09/25/page/2/ HTTP/1.1" 200 11180 "-" "Mozilla/5.0 (compatible; SemrushBot/7~bl; +http://www.semrush.com/bot.html)"
20.102.113.59 - - [25/Jun/2022:11:50:46 +0000] "GET /1337.php HTTP/1.1" 404 134 "https://www.google.com" "Mozilla/5.0 (Windows NT 10.0; WOW64; rv:52.0) Gecko/20100101 Firefox/52.0"
20.102.113.59 - - [25/Jun/2022:11:50:47 +0000] "GET /xx.php HTTP/1.1" 404 134 "https://www.google.com" "Mozilla/5.0 (Windows NT 10.0; WOW64; rv:52.0) Gecko/20100101 Firefox/52.0"
20.102.113.59 - - [25/Jun/2022:11:50:47 +0000] "GET /XxX.php HTTP/1.1" 404 134 "https://www.google.com" "Mozilla/5.0 (Windows NT 10.0; WOW64; rv:52.0) Gecko/20100101 Firefox/52.0"
20.102.113.59 - - [25/Jun/2022:11:50:48 +0000] "GET /lf.php HTTP/1.1" 404 134 "https://www.google.com" "Mozilla/5.0 (Windows NT 10.0; WOW64; rv:52.0) Gecko/20100101 Firefox/52.0"
20.102.113.59 - - [25/Jun/2022:11:50:49 +0000] "GET /alex.php HTTP/1.1" 404 134 "https://www.google.com" "Mozilla/5.0 (Windows NT 10.0; WOW64; rv:52.0) Gecko/20100101 Firefox/52.0"
20.102.113.59 - - [25/Jun/2022:11:50:50 +0000] "GET /new.php HTTP/1.1" 404 134 "https://www.google.com" "Mozilla/5.0 (Windows NT 10.0; WOW64; rv:52.0) Gecko/20100101 Firefox/52.0"
20.102.113.59 - - [25/Jun/2022:11:50:50 +0000] "GET /marijuana.php HTTP/1.1" 404 134 "https://www.google.com" "Mozilla/5.0 (Windows NT 10.0; WOW64; rv:52.0) Gecko/20100101 Firefox/52.0"
138.201.192.37 - - [25/Jun/2022:11:50:51 +0000] "GET /img_7462/ HTTP/1.1" 200 7861 "-" "Mozilla/5.0 (compatible; DataForSeoBot/1.0; +https://dataforseo.com/dataforseo-bot)"
20.102.113.59 - - [25/Jun/2022:11:50:51 +0000] "GET /gaza.php HTTP/1.1" 404 134 "https://www.google.com" "Mozilla/5.0 (Windows NT 10.0; WOW64; rv:52.0) Gecko/20100101 Firefox/52.0"
20.102.113.59 - - [25/Jun/2022:11:50:52 +0000] "GET /wp-admin.php HTTP/1.1" 404 134 "https://www.google.com" "Mozilla/5.0 (Windows NT 10.0; WOW64; rv:52.0) Gecko/20100101 Firefox/52.0"
20.102.113.59 - - [25/Jun/2022:11:50:52 +0000] "GET /3index.php HTTP/1.1" 404 134 "https://www.google.com" "Mozilla/5.0 (Windows NT 10.0; WOW64; rv:52.0) Gecko/20100101 Firefox/52.0"
20.102.113.59 - - [25/Jun/2022:11:50:53 +0000] "GET /wikindex.php HTTP/1.1" 404 134 "https://www.google.com" "Mozilla/5.0 (Windows NT 10.0; WOW64; rv:52.0) Gecko/20100101 Firefox/52.0"
20.102.113.59 - - [25/Jun/2022:11:50:54 +0000] "GET /wso1.php HTTP/1.1" 404 134 "https://www.google.com" "Mozilla/5.0 (Windows NT 10.0; WOW64; rv:52.0) Gecko/20100101 Firefox/52.0"
20.102.113.59 - - [25/Jun/2022:11:50:55 +0000] "GET /bb.php HTTP/1.1" 404 134 "https://www.google.com" "Mozilla/5.0 (Windows NT 10.0; WOW64; rv:52.0) Gecko/20100101 Firefox/52.0"
20.102.113.59 - - [25/Jun/2022:11:50:55 +0000] "GET /Lux.php HTTP/1.1" 404 134 "https://www.google.com" "Mozilla/5.0 (Windows NT 10.0; WOW64; rv:52.0) Gecko/20100101 Firefox/52.0"
