66.249.71.31 - - [23/Jun/2022:00:00:30 +0000] "GET /node/420 HTTP/1.1" 301 178 "-" "Mozilla/5.0 (Linux; Android 6.0.1; Nexus 5X Build/MMB29P) AppleWebKit/537.36 (KHTML, like Gecko) Chrome/102.0.5005.115 Mobile Safari/537.36 (compatible; Googlebot/2.1; +http://www.google.com/bot.html)"
66.249.71.31 - - [23/Jun/2022:00:00:31 +0000] "GET /node/420/ HTTP/1.1" 200 7899 "-" "Mozilla/5.0 (Linux; Android 6.0.1; Nexus 5X Build/MMB29P) AppleWebKit/537.36 (KHTML, like Gecko) Chrome/102.0.5005.115 Mobile Safari/537.36 (compatible; Googlebot/2.1; +http://www.google.com/bot.html)"
114.119.147.74 - - [23/Jun/2022:00:02:11 +0000] "GET /node/14 HTTP/1.1" 302 154 "https://mrchoke.org/node/13?share=reddit" "Mozilla/5.0 (Linux; Android 7.0;) AppleWebKit/537.36 (KHTML, like Gecko) Mobile Safari/537.36 (compatible; PetalBot;+https://webmaster.petalsearch.com/site/petalbot)"
114.119.147.74 - - [23/Jun/2022:00:02:18 +0000] "GET /node/14 HTTP/1.1" 301 178 "https://mrchoke.org/node/13?share=reddit" "Mozilla/5.0 (Linux; Android 7.0;) AppleWebKit/537.36 (KHTML, like Gecko) Mobile Safari/537.36 (compatible; PetalBot;+https://webmaster.petalsearch.com/site/petalbot)"
114.119.147.74 - - [23/Jun/2022:00:02:37 +0000] "GET /node/14/ HTTP/1.1" 200 9151 "https://mrchoke.org/node/13?share=reddit" "Mozilla/5.0 (Linux; Android 7.0;) AppleWebKit/537.36 (KHTML, like Gecko) Mobile Safari/537.36 (compatible; PetalBot;+https://webmaster.petalsearch.com/site/petalbot)"
51.222.253.4 - - [23/Jun/2022:00:04:54 +0000] "GET /node/1335/ HTTP/2.0" 200 9378 "-" "Mozilla/5.0 (compatible; AhrefsBot/7.0; +http://ahrefs.com/robot/)"
216.244.66.229 - - [23/Jun/2022:00:09:01 +0000] "GET /robots.txt HTTP/1.1" 404 162 "-" "Mozilla/5.0 (compatible; DotBot/1.2; +https://opensiteexplorer.org/dotbot; help@moz.com)"
216.244.66.229 - - [23/Jun/2022:00:09:01 +0000] "GET /robots.txt HTTP/1.1" 404 162 "-" "Mozilla/5.0 (compatible; DotBot/1.2; +https://opensiteexplorer.org/dotbot; help@moz.com)"
157.55.39.114 - - [23/Jun/2022:00:09:23 +0000] "GET /node/15/ HTTP/2.0" 304 0 "-" "Mozilla/5.0 (compatible; bingbot/2.0; +http://www.bing.com/bingbot.htm)"
185.7.214.104 - - [23/Jun/2022:00:11:18 +0000] "GET /?a=fetch&content=<php>die(@md5(HelloThinkCMF))</php> HTTP/1.1" 200 396 "-" "Mozilla/5.0 (Windows NT 10.0; Win64; x64) AppleWebKit/537.36 (KHTML, like Gecko) Chrome/78.0.3904.108 Safari/537.36"
207.46.13.174 - - [23/Jun/2022:00:12:08 +0000] "GET /node/category/%E0%B9%80%E0%B8%9E%E0%B8%B7%E0%B9%88%E0%B8%AD%E0%B8%99 HTTP/2.0" 404 123 "-" "Mozilla/5.0 (compatible; bingbot/2.0; +http://www.bing.com/bingbot.htm)"
216.244.66.229 - - [23/Jun/2022:00:14:21 +0000] "GET /node/300/feed HTTP/1.1" 404 162 "-" "Mozilla/5.0 (compatible; DotBot/1.2; +https://opensiteexplorer.org/dotbot; help@moz.com)"
216.244.66.229 - - [23/Jun/2022:00:14:53 +0000] "GET /wp-content/uploads/2014/01/IMG_6409.jpg HTTP/1.1" 404 162 "-" "Mozilla/5.0 (compatible; DotBot/1.2; +https://opensiteexplorer.org/dotbot; help@moz.com)"
216.244.66.229 - - [23/Jun/2022:00:14:59 +0000] "GET /wp-content/uploads/2014/02/IMG_7564.png HTTP/1.1" 404 162 "-" "Mozilla/5.0 (compatible; DotBot/1.2; +https://opensiteexplorer.org/dotbot; help@moz.com)"
192.241.206.192 - - [23/Jun/2022:00:15:31 +0000] "GET / HTTP/1.1" 400 264 "-" "Mozilla/5.0 zgrab/0.x"
66.249.79.245 - - [23/Jun/2022:00:16:42 +0000] "GET / HTTP/1.1" 200 16008 "-" "Mozilla/5.0 (compatible; Googlebot/2.1; +http://www.google.com/bot.html)"
66.249.79.245 - - [23/Jun/2022:00:16:42 +0000] "GET / HTTP/1.1" 200 16008 "-" "Mozilla/5.0 (Linux; Android 6.0.1; Nexus 5X Build/MMB29P) AppleWebKit/537.36 (KHTML, like Gecko) Chrome/99.0.4844.84 Mobile Safari/537.36 (compatible; Googlebot/2.1; +http://www.google.com/bot.html)"
66.249.79.247 - - [23/Jun/2022:00:16:44 +0000] "GET /wp-content/uploads/2012/04/garland_logo.png HTTP/1.1" 200 1274 "-" "Googlebot-Image/1.0"
66.249.79.245 - - [23/Jun/2022:00:16:45 +0000] "GET /favicon.ico HTTP/1.1" 200 1150 "-" "Googlebot-Image/1.0"
66.249.71.180 - - [23/Jun/2022:00:16:45 +0000] "GET /favicon.ico HTTP/1.1" 200 1150 "-" "Googlebot-Image/1.0"
17.121.114.213 - - [23/Jun/2022:00:18:03 +0000] "GET /img_7468/ HTTP/1.1" 200 7858 "-" "Mozilla/5.0 (Macintosh; Intel Mac OS X 10_15_5) AppleWebKit/605.1.15 (KHTML, like Gecko) Version/13.1.1 Safari/605.1.15 (Applebot/0.1; +http://www.apple.com/go/applebot)"
17.121.114.213 - - [23/Jun/2022:00:18:03 +0000] "GET /wp-content/themes/manifest/style.css HTTP/1.1" 200 21725 "https://static.mrchoke.org/img_7468/" "Mozilla/5.0 (Macintosh; Intel Mac OS X 10_15_5) AppleWebKit/605.1.15 (KHTML, like Gecko) Version/13.1.1 Safari/605.1.15 (Applebot/0.1; +http://www.apple.com/go/applebot)"
17.121.114.131 - - [23/Jun/2022:00:18:05 +0000] "GET /wp-includes/js/comment-reply.min.js?ver=5.7.1 HTTP/1.1" 200 2984 "https://static.mrchoke.org/img_7468/" "Mozilla/5.0 (Macintosh; Intel Mac OS X 10_15_5) AppleWebKit/605.1.15 (KHTML, like Gecko) Version/13.1.1 Safari/605.1.15 (Applebot/0.1; +http://www.apple.com/go/applebot)"
17.121.114.213 - - [23/Jun/2022:00:18:05 +0000] "GET /wp-includes/js/wp-emoji-release.min.js?ver=5.7.1 HTTP/1.1" 200 14229 "https://static.mrchoke.org/img_7468/" "Mozilla/5.0 (Macintosh; Intel Mac OS X 10_15_5) AppleWebKit/605.1.15 (KHTML, like Gecko) Version/13.1.1 Safari/605.1.15 (Applebot/0.1; +http://www.apple.com/go/applebot)"
17.121.112.90 - - [23/Jun/2022:00:18:05 +0000] "GET /wp-includes/js/wp-embed.min.js?ver=5.7.1 HTTP/1.1" 200 1426 "https://static.mrchoke.org/img_7468/" "Mozilla/5.0 (Macintosh; Intel Mac OS X 10_15_5) AppleWebKit/605.1.15 (KHTML, like Gecko) Version/13.1.1 Safari/605.1.15 (Applebot/0.1; +http://www.apple.com/go/applebot)"
17.121.114.132 - - [23/Jun/2022:00:18:06 +0000] "GET /wp-includes/css/dist/block-library/style.min.css?ver=5.7.1 HTTP/1.1" 200 58171 "https://static.mrchoke.org/img_7468/" "Mozilla/5.0 (Macintosh; Intel Mac OS X 10_15_5) AppleWebKit/605.1.15 (KHTML, like Gecko) Version/13.1.1 Safari/605.1.15 (Applebot/0.1; +http://www.apple.com/go/applebot)"
51.222.253.12 - - [23/Jun/2022:00:19:20 +0000] "GET /node/443/ HTTP/2.0" 200 8844 "-" "Mozilla/5.0 (compatible; AhrefsBot/7.0; +http://ahrefs.com/robot/)"
154.6.18.22 - - [23/Jun/2022:00:20:20 +0000] "GET / HTTP/1.0" 200 612 "http://mrchoke.org/" "Mozilla/5.0 (Windows NT 10.0; WOW64) AppleWebKit/537.36 (KHTML, like Gecko) Chrome/90.0.4430.72 Safari/537.36"
216.244.66.229 - - [23/Jun/2022:00:22:26 +0000] "GET /img_7231 HTTP/1.1" 404 162 "-" "Mozilla/5.0 (compatible; DotBot/1.2; +https://opensiteexplorer.org/dotbot; help@moz.com)"
216.244.66.229 - - [23/Jun/2022:00:25:59 +0000] "GET /node/1335/feed HTTP/1.1" 404 162 "-" "Mozilla/5.0 (compatible; DotBot/1.2; +https://opensiteexplorer.org/dotbot; help@moz.com)"
185.191.171.4 - - [23/Jun/2022:00:28:48 +0000] "GET /robots.txt HTTP/1.1" 404 134 "-" "Mozilla/5.0 (compatible; SemrushBot/7~bl; +http://www.semrush.com/bot.html)"
185.191.171.24 - - [23/Jun/2022:00:28:50 +0000] "GET /ch7_4214 HTTP/1.1" 301 178 "-" "Mozilla/5.0 (compatible; SemrushBot/7~bl; +http://www.semrush.com/bot.html)"
185.191.171.34 - - [23/Jun/2022:00:28:52 +0000] "GET /ch7_4214/ HTTP/1.1" 200 7883 "-" "Mozilla/5.0 (compatible; SemrushBot/7~bl; +http://www.semrush.com/bot.html)"
51.222.253.5 - - [23/Jun/2022:00:33:57 +0000] "GET /node/8/ HTTP/2.0" 200 8488 "-" "Mozilla/5.0 (compatible; AhrefsBot/7.0; +http://ahrefs.com/robot/)"
185.7.214.104 - - [23/Jun/2022:00:34:05 +0000] "GET /?XDEBUG_SESSION_START=phpstorm HTTP/1.1" 200 396 "-" "Mozilla/5.0 (Windows NT 10.0; Win64; x64) AppleWebKit/537.36 (KHTML, like Gecko) Chrome/78.0.3904.108 Safari/537.36"
185.191.171.5 - - [23/Jun/2022:00:35:45 +0000] "GET /robots.txt HTTP/1.1" 404 134 "-" "Mozilla/5.0 (compatible; SemrushBot/7~bl; +http://www.semrush.com/bot.html)"
185.191.171.37 - - [23/Jun/2022:00:35:46 +0000] "GET /node/38 HTTP/1.1" 302 154 "-" "Mozilla/5.0 (compatible; SemrushBot/7~bl; +http://www.semrush.com/bot.html)"
185.191.171.7 - - [23/Jun/2022:00:35:47 +0000] "GET /node/38 HTTP/1.1" 301 178 "-" "Mozilla/5.0 (compatible; SemrushBot/7~bl; +http://www.semrush.com/bot.html)"
185.191.171.8 - - [23/Jun/2022:00:35:49 +0000] "GET /node/38/ HTTP/1.1" 200 8701 "-" "Mozilla/5.0 (compatible; SemrushBot/7~bl; +http://www.semrush.com/bot.html)"
94.232.44.53 - - [23/Jun/2022:00:37:03 +0000] "\x03\x00\x00/*\xE0\x00\x00\x00\x00\x00Cookie: mstshash=Administr" 400 166 "-" "-"
66.249.71.25 - - [23/Jun/2022:00:37:18 +0000] "GET /node/245/ HTTP/1.1" 200 10623 "-" "Mozilla/5.0 (Linux; Android 6.0.1; Nexus 5X Build/MMB29P) AppleWebKit/537.36 (KHTML, like Gecko) Chrome/102.0.5005.115 Mobile Safari/537.36 (compatible; Googlebot/2.1; +http://www.google.com/bot.html)"
185.191.171.43 - - [23/Jun/2022:00:45:10 +0000] "GET /node/date/2004/11/14 HTTP/1.1" 301 178 "-" "Mozilla/5.0 (compatible; SemrushBot/7~bl; +http://www.semrush.com/bot.html)"
185.191.171.26 - - [23/Jun/2022:00:45:13 +0000] "GET /node/date/2004/11/14/ HTTP/1.1" 200 8123 "-" "Mozilla/5.0 (compatible; SemrushBot/7~bl; +http://www.semrush.com/bot.html)"
185.191.171.44 - - [23/Jun/2022:00:46:10 +0000] "GET /node/date/2014/01/30 HTTP/1.1" 301 178 "-" "Mozilla/5.0 (compatible; SemrushBot/7~bl; +http://www.semrush.com/bot.html)"
185.191.171.43 - - [23/Jun/2022:00:46:12 +0000] "GET /node/date/2014/01/30/ HTTP/1.1" 200 9020 "-" "Mozilla/5.0 (compatible; SemrushBot/7~bl; +http://www.semrush.com/bot.html)"
51.222.253.15 - - [23/Jun/2022:00:48:12 +0000] "GET /node/386/ HTTP/2.0" 200 8928 "-" "Mozilla/5.0 (compatible; AhrefsBot/7.0; +http://ahrefs.com/robot/)"
65.141.6.170 - - [23/Jun/2022:00:51:30 +0000] "GET /.env HTTP/1.1" 404 197 "-" "Mozilla/5.0 (X11; Linux x86_64) AppleWebKit/537.36 (KHTML, like Gecko) Chrome/81.0.4044.129 Safari/537.36"
65.141.6.170 - - [23/Jun/2022:00:51:31 +0000] "POST / HTTP/1.1" 405 568 "-" "Mozilla/5.0 (X11; Linux x86_64) AppleWebKit/537.36 (KHTML, like Gecko) Chrome/81.0.4044.129 Safari/537.36"
207.46.13.174 - - [23/Jun/2022:00:54:31 +0000] "GET /archive?page=4 HTTP/1.1" 404 134 "-" "Mozilla/5.0 (compatible; bingbot/2.0; +http://www.bing.com/bingbot.htm)"
114.119.147.97 - - [23/Jun/2022:00:54:31 +0000] "GET /node/423?ak_action=accept_mobile HTTP/1.1" 302 154 "https://mrchoke.org/node/423?ak_action=reject_mobile" "Mozilla/5.0 (Linux; Android 7.0;) AppleWebKit/537.36 (KHTML, like Gecko) Mobile Safari/537.36 (compatible; PetalBot;+https://webmaster.petalsearch.com/site/petalbot)"
185.191.171.36 - - [23/Jun/2022:00:57:19 +0000] "GET /node/date/2011/07/11 HTTP/1.1" 301 178 "-" "Mozilla/5.0 (compatible; SemrushBot/7~bl; +http://www.semrush.com/bot.html)"
185.191.171.2 - - [23/Jun/2022:00:57:22 +0000] "GET /node/date/2011/07/11/ HTTP/1.1" 200 7469 "-" "Mozilla/5.0 (compatible; SemrushBot/7~bl; +http://www.semrush.com/bot.html)"
51.222.253.9 - - [23/Jun/2022:01:01:31 +0000] "GET /img_7470 HTTP/2.0" 301 178 "-" "Mozilla/5.0 (compatible; AhrefsBot/7.0; +http://ahrefs.com/robot/)"
114.119.147.87 - - [23/Jun/2022:01:03:52 +0000] "GET /node/148?share=reddit HTTP/1.1" 302 154 "https://mrchoke.org/node/148?ak_action=accept_mobile" "Mozilla/5.0 (Linux; Android 7.0;) AppleWebKit/537.36 (KHTML, like Gecko) Mobile Safari/537.36 (compatible; PetalBot;+https://webmaster.petalsearch.com/site/petalbot)"
114.119.147.87 - - [23/Jun/2022:01:03:56 +0000] "GET /node/148?share=reddit HTTP/1.1" 301 178 "https://mrchoke.org/node/148?ak_action=accept_mobile" "Mozilla/5.0 (Linux; Android 7.0;) AppleWebKit/537.36 (KHTML, like Gecko) Mobile Safari/537.36 (compatible; PetalBot;+https://webmaster.petalsearch.com/site/petalbot)"
114.119.147.87 - - [23/Jun/2022:01:04:00 +0000] "GET /node/148/?share=reddit HTTP/1.1" 200 8886 "https://mrchoke.org/node/148?ak_action=accept_mobile" "Mozilla/5.0 (Linux; Android 7.0;) AppleWebKit/537.36 (KHTML, like Gecko) Mobile Safari/537.36 (compatible; PetalBot;+https://webmaster.petalsearch.com/site/petalbot)"
216.244.66.229 - - [23/Jun/2022:01:04:05 +0000] "GET /robots.txt HTTP/1.1" 404 162 "-" "Mozilla/5.0 (compatible; DotBot/1.2; +https://opensiteexplorer.org/dotbot; help@moz.com)"
216.244.66.229 - - [23/Jun/2022:01:04:05 +0000] "GET /robots.txt HTTP/1.1" 404 162 "-" "Mozilla/5.0 (compatible; DotBot/1.2; +https://opensiteexplorer.org/dotbot; help@moz.com)"
204.12.192.228 - - [23/Jun/2022:01:06:00 +0000] "POST /?gf_page=upload HTTP/1.1" 405 568 "-" "Mozilla/5.0 (Windows NT 6.1; WOW64) AppleWebKit/537.36 (KHTML, like Gecko) Chrome/42.0.2311.90 Safari/537.36"
204.12.192.228 - - [23/Jun/2022:01:06:29 +0000] "GET /wp-content/uploads/_input_3_cikus.phtml HTTP/1.1" 302 154 "-" "Mozilla/5.0 (Windows NT 6.1; WOW64) AppleWebKit/537.36 (KHTML, like Gecko) Chrome/42.0.2311.90 Safari/537.36"
204.12.192.228 - - [23/Jun/2022:01:06:59 +0000] "GET /wp-content/uploads/_input_3_cikus.phtml HTTP/1.1" 404 197 "-" "Mozilla/5.0 (Windows NT 6.1; WOW64) AppleWebKit/537.36 (KHTML, like Gecko) Chrome/42.0.2311.90 Safari/537.36"
216.244.66.229 - - [23/Jun/2022:01:09:00 +0000] "GET /node/251/feed HTTP/1.1" 404 162 "-" "Mozilla/5.0 (compatible; DotBot/1.2; +https://opensiteexplorer.org/dotbot; help@moz.com)"
185.7.214.104 - - [23/Jun/2022:01:09:03 +0000] "GET /console/ HTTP/1.1" 404 197 "-" "Mozilla/5.0 (Windows NT 10.0; Win64; x64) AppleWebKit/537.36 (KHTML, like Gecko) Chrome/78.0.3904.108 Safari/537.36"
188.165.232.135 - - [23/Jun/2022:01:09:47 +0000] "GET /robots.txt HTTP/1.1" 404 162 "-" "Mozilla/5.0 (compatible; MJ12bot/v1.4.8; http://mj12bot.com/)"
188.165.232.135 - - [23/Jun/2022:01:09:56 +0000] "GET /node/category/music/%E0%B9%80%E0%B8%9E%E0%B8%A5%E0%B8%87%E0%B9%83%E0%B8%95%E0%B9%89 HTTP/1.1" 404 134 "-" "Mozilla/5.0 (compatible; MJ12bot/v1.4.8; http://mj12bot.com/)"
188.165.232.135 - - [23/Jun/2022:01:10:09 +0000] "GET /node/category/music/%E0%B9%80%E0%B8%9E%E0%B8%A5%E0%B8%87%E0%B9%83%E0%B8%95%E0%B9%89/%E0%B8%AB%E0%B8%A5%E0%B8%87_%E0%B8%A5%E0%B8%87%E0%B8%A5%E0%B8%B2%E0%B8%A2 HTTP/1.1" 404 134 "-" "Mozilla/5.0 (compatible; MJ12bot/v1.4.8; http://mj12bot.com/)"
188.165.232.135 - - [23/Jun/2022:01:10:25 +0000] "GET /robots.txt HTTP/1.1" 404 162 "-" "Mozilla/5.0 (compatible; MJ12bot/v1.4.8; http://mj12bot.com/)"
188.165.232.135 - - [23/Jun/2022:01:10:35 +0000] "GET /node/category/music/%E0%B9%80%E0%B8%9E%E0%B8%A5%E0%B8%87%E0%B9%83%E0%B8%95%E0%B9%89/%E0%B8%AB%E0%B8%A5%E0%B8%87_%E0%B8%A5%E0%B8%87%E0%B8%A5%E0%B8%B2%E0%B8%A2/feed HTTP/1.1" 302 154 "-" "Mozilla/5.0 (compatible; MJ12bot/v1.4.8; http://mj12bot.com/)"
188.165.232.135 - - [23/Jun/2022:01:10:55 +0000] "GET /robots.txt HTTP/1.1" 404 162 "-" "Mozilla/5.0 (compatible; MJ12bot/v1.4.8; http://mj12bot.com/)"
188.165.232.135 - - [23/Jun/2022:01:11:07 +0000] "GET /node/category/music/%E0%B9%80%E0%B8%9E%E0%B8%A5%E0%B8%87%E0%B9%83%E0%B8%95%E0%B9%89/%E0%B8%AB%E0%B8%A5%E0%B8%87_%E0%B8%A5%E0%B8%87%E0%B8%A5%E0%B8%B2%E0%B8%A2/feed HTTP/1.1" 404 134 "-" "Mozilla/5.0 (compatible; MJ12bot/v1.4.8; http://mj12bot.com/)"
188.165.232.135 - - [23/Jun/2022:01:11:20 +0000] "GET /node/category/music/%E0%B9%80%E0%B8%9E%E0%B8%A5%E0%B8%87%E0%B9%83%E0%B8%95%E0%B9%89/%E0%B8%AB%E0%B8%A5%E0%B8%87_%E0%B8%A5%E0%B8%87%E0%B8%A5%E0%B8%B2%E0%B8%A2/page/2 HTTP/1.1" 302 154 "-" "Mozilla/5.0 (compatible; MJ12bot/v1.4.8; http://mj12bot.com/)"
216.244.66.229 - - [23/Jun/2022:01:11:21 +0000] "GET /node/330/feed HTTP/1.1" 404 162 "-" "Mozilla/5.0 (compatible; DotBot/1.2; +https://opensiteexplorer.org/dotbot; help@moz.com)"
216.244.66.229 - - [23/Jun/2022:01:11:26 +0000] "GET /node/780/feed HTTP/1.1" 404 162 "-" "Mozilla/5.0 (compatible; DotBot/1.2; +https://opensiteexplorer.org/dotbot; help@moz.com)"
188.165.232.135 - - [23/Jun/2022:01:11:33 +0000] "GET /node/category/music/%E0%B9%80%E0%B8%9E%E0%B8%A5%E0%B8%87%E0%B9%83%E0%B8%95%E0%B9%89/%E0%B8%AB%E0%B8%A5%E0%B8%87_%E0%B8%A5%E0%B8%87%E0%B8%A5%E0%B8%B2%E0%B8%A2/page/2 HTTP/1.1" 404 134 "-" "Mozilla/5.0 (compatible; MJ12bot/v1.4.8; http://mj12bot.com/)"
188.165.232.135 - - [23/Jun/2022:01:11:44 +0000] "GET /node/category/music/%E0%B9%80%E0%B8%9E%E0%B8%A5%E0%B8%87%E0%B9%83%E0%B8%95%E0%B9%89/feed HTTP/1.1" 404 134 "-" "Mozilla/5.0 (compatible; MJ12bot/v1.4.8; http://mj12bot.com/)"
188.165.232.135 - - [23/Jun/2022:01:11:56 +0000] "GET /node/category/music/%E0%B9%80%E0%B8%9E%E0%B8%A5%E0%B8%87%E0%B9%83%E0%B8%95%E0%B9%89/page/2 HTTP/1.1" 302 154 "-" "Mozilla/5.0 (compatible; MJ12bot/v1.4.8; http://mj12bot.com/)"
188.165.232.135 - - [23/Jun/2022:01:12:10 +0000] "GET /node/category/music/%E0%B9%80%E0%B8%9E%E0%B8%A5%E0%B8%87%E0%B9%83%E0%B8%95%E0%B9%89/page/2 HTTP/1.1" 404 134 "-" "Mozilla/5.0 (compatible; MJ12bot/v1.4.8; http://mj12bot.com/)"
188.165.232.135 - - [23/Jun/2022:01:12:19 +0000] "GET /node/category/music/%E0%B9%80%E0%B8%9E%E0%B8%A5%E0%B8%87%E0%B9%83%E0%B8%95%E0%B9%89/%E0%B8%94%E0%B9%89%E0%B8%B2%E0%B8%A1%E0%B8%82%E0%B8%A7%E0%B8%B2%E0%B8%99 HTTP/1.1" 302 154 "-" "Mozilla/5.0 (compatible; MJ12bot/v1.4.8; http://mj12bot.com/)"
188.165.232.135 - - [23/Jun/2022:01:12:33 +0000] "GET /node/category/music/%E0%B9%80%E0%B8%9E%E0%B8%A5%E0%B8%87%E0%B9%83%E0%B8%95%E0%B9%89/%E0%B8%94%E0%B9%89%E0%B8%B2%E0%B8%A1%E0%B8%82%E0%B8%A7%E0%B8%B2%E0%B8%99 HTTP/1.1" 404 134 "-" "Mozilla/5.0 (compatible; MJ12bot/v1.4.8; http://mj12bot.com/)"
188.165.232.135 - - [23/Jun/2022:01:12:46 +0000] "GET /node/category/music/%E0%B9%80%E0%B8%9E%E0%B8%A5%E0%B8%87%E0%B9%83%E0%B8%95%E0%B9%89/%E0%B8%99%E0%B8%B2%E0%B8%84%E0%B8%AD%E0%B8%99 HTTP/1.1" 302 154 "-" "Mozilla/5.0 (compatible; MJ12bot/v1.4.8; http://mj12bot.com/)"
188.165.232.135 - - [23/Jun/2022:01:12:56 +0000] "GET /node/category/music/%E0%B9%80%E0%B8%9E%E0%B8%A5%E0%B8%87%E0%B9%83%E0%B8%95%E0%B9%89/%E0%B8%99%E0%B8%B2%E0%B8%84%E0%B8%AD%E0%B8%99 HTTP/1.1" 404 134 "-" "Mozilla/5.0 (compatible; MJ12bot/v1.4.8; http://mj12bot.com/)"
114.119.147.86 - - [23/Jun/2022:01:13:09 +0000] "GET /node/date/2009/10/18 HTTP/1.1" 302 154 "https://mrchoke.org/node/237?share=twitter" "Mozilla/5.0 (Linux; Android 7.0;) AppleWebKit/537.36 (KHTML, like Gecko) Mobile Safari/537.36 (compatible; PetalBot;+https://webmaster.petalsearch.com/site/petalbot)"
188.165.232.135 - - [23/Jun/2022:01:13:10 +0000] "GET /node/category/music/%E0%B9%80%E0%B8%9E%E0%B8%A5%E0%B8%87%E0%B9%83%E0%B8%95%E0%B9%89/%E0%B8%A1%E0%B8%B2%E0%B8%A5%E0%B8%B5%E0%B8%AE%E0%B8%A7%E0%B8%99%E0%B8%99%E0%B9%88%E0%B8%B2 HTTP/1.1" 404 134 "-" "Mozilla/5.0 (compatible; MJ12bot/v1.4.8; http://mj12bot.com/)"
188.165.232.135 - - [23/Jun/2022:01:13:19 +0000] "GET /node/category/music/%E0%B9%80%E0%B8%9E%E0%B8%A5%E0%B8%87%E0%B9%83%E0%B8%95%E0%B9%89/%E0%B8%A1%E0%B8%B2%E0%B8%A5%E0%B8%B5%E0%B8%AE%E0%B8%A7%E0%B8%99%E0%B8%99%E0%B9%88%E0%B8%B2 HTTP/1.1" 302 154 "-" "Mozilla/5.0 (compatible; MJ12bot/v1.4.8; http://mj12bot.com/)"
114.119.147.86 - - [23/Jun/2022:01:13:27 +0000] "GET /node/date/2009/10/18 HTTP/1.1" 301 178 "https://mrchoke.org/node/237?share=twitter" "Mozilla/5.0 (Linux; Android 7.0;) AppleWebKit/537.36 (KHTML, like Gecko) Mobile Safari/537.36 (compatible; PetalBot;+https://webmaster.petalsearch.com/site/petalbot)"
188.165.232.135 - - [23/Jun/2022:01:13:36 +0000] "GET /node/category/music/%E0%B9%80%E0%B8%9E%E0%B8%A5%E0%B8%87%E0%B9%83%E0%B8%95%E0%B9%89/%E0%B8%A1%E0%B8%B2%E0%B8%A5%E0%B8%B5%E0%B8%AE%E0%B8%A7%E0%B8%99%E0%B8%99%E0%B9%88%E0%B8%B2 HTTP/1.1" 404 134 "-" "Mozilla/5.0 (compatible; MJ12bot/v1.4.8; http://mj12bot.com/)"
188.165.232.135 - - [23/Jun/2022:01:14:01 +0000] "GET /node/category/music/%E0%B9%80%E0%B8%9E%E0%B8%A5%E0%B8%87%E0%B9%83%E0%B8%95%E0%B9%89/%E0%B8%A1%E0%B8%B2%E0%B8%A5%E0%B8%B5%E0%B8%AE%E0%B8%A7%E0%B8%99%E0%B8%99%E0%B9%88%E0%B8%B2/%E0%B8%9A%E0%B8%B1%E0%B8%87%E0%B9%83%E0%B8%9A%E0%B9%89 HTTP/1.1" 404 134 "-" "Mozilla/5.0 (compatible; MJ12bot/v1.4.8; http://mj12bot.com/)"
66.249.79.243 - - [23/Jun/2022:01:14:07 +0000] "GET /node/939/img_6414 HTTP/1.1" 301 178 "-" "Mozilla/5.0 (Linux; Android 6.0.1; Nexus 5X Build/MMB29P) AppleWebKit/537.36 (KHTML, like Gecko) Chrome/102.0.5005.115 Mobile Safari/537.36 (compatible; Googlebot/2.1; +http://www.google.com/bot.html)"
66.249.71.28 - - [23/Jun/2022:01:14:08 +0000] "GET /node/939/img_6414/ HTTP/1.1" 200 7885 "-" "Mozilla/5.0 (Linux; Android 6.0.1; Nexus 5X Build/MMB29P) AppleWebKit/537.36 (KHTML, like Gecko) Chrome/102.0.5005.115 Mobile Safari/537.36 (compatible; Googlebot/2.1; +http://www.google.com/bot.html)"
188.165.232.135 - - [23/Jun/2022:01:14:13 +0000] "GET /node/category/music/%E0%B9%80%E0%B8%9E%E0%B8%A5%E0%B8%87%E0%B9%83%E0%B8%95%E0%B9%89/%E0%B8%A1%E0%B8%B2%E0%B8%A5%E0%B8%B5%E0%B8%AE%E0%B8%A7%E0%B8%99%E0%B8%99%E0%B9%88%E0%B8%B2/%E0%B8%9A%E0%B8%B1%E0%B8%87%E0%B9%83%E0%B8%9A%E0%B9%89 HTTP/1.1" 302 154 "-" "Mozilla/5.0 (compatible; MJ12bot/v1.4.8; http://mj12bot.com/)"
114.119.147.97 - - [23/Jun/2022:01:14:25 +0000] "GET /node/date/2009/10/18 HTTP/1.1" 302 154 "https://mrchoke.org/node/237?share=twitter" "Mozilla/5.0 (Linux; Android 7.0;) AppleWebKit/537.36 (KHTML, like Gecko) Mobile Safari/537.36 (compatible; PetalBot;+https://webmaster.petalsearch.com/site/petalbot)"
188.165.232.135 - - [23/Jun/2022:01:14:26 +0000] "GET /node/category/music/%E0%B9%80%E0%B8%9E%E0%B8%A5%E0%B8%87%E0%B9%83%E0%B8%95%E0%B9%89/%E0%B8%A1%E0%B8%B2%E0%B8%A5%E0%B8%B5%E0%B8%AE%E0%B8%A7%E0%B8%99%E0%B8%99%E0%B9%88%E0%B8%B2/%E0%B8%9A%E0%B8%B1%E0%B8%87%E0%B9%83%E0%B8%9A%E0%B9%89 HTTP/1.1" 404 134 "-" "Mozilla/5.0 (compatible; MJ12bot/v1.4.8; http://mj12bot.com/)"
188.165.232.135 - - [23/Jun/2022:01:14:31 +0000] "GET /node/category/music/%E0%B9%80%E0%B8%9E%E0%B8%A5%E0%B8%87%E0%B9%83%E0%B8%95%E0%B9%89/%E0%B8%A1%E0%B8%B2%E0%B8%A5%E0%B8%B5%E0%B8%AE%E0%B8%A7%E0%B8%99%E0%B8%99%E0%B9%88%E0%B8%B2/%E0%B8%A5%E0%B8%A1%E0%B9%83%E0%B8%95%E0%B9%89%E0%B8%9B%E0%B8%B5%E0%B8%81 HTTP/1.1" 302 154 "-" "Mozilla/5.0 (compatible; MJ12bot/v1.4.8; http://mj12bot.com/)"
114.119.147.97 - - [23/Jun/2022:01:14:40 +0000] "GET /node/date/2009/10/18 HTTP/1.1" 301 178 "https://mrchoke.org/node/237?share=twitter" "Mozilla/5.0 (Linux; Android 7.0;) AppleWebKit/537.36 (KHTML, like Gecko) Mobile Safari/537.36 (compatible; PetalBot;+https://webmaster.petalsearch.com/site/petalbot)"
188.165.232.135 - - [23/Jun/2022:01:14:42 +0000] "GET /node/category/music/%E0%B9%80%E0%B8%9E%E0%B8%A5%E0%B8%87%E0%B9%83%E0%B8%95%E0%B9%89/%E0%B8%A1%E0%B8%B2%E0%B8%A5%E0%B8%B5%E0%B8%AE%E0%B8%A7%E0%B8%99%E0%B8%99%E0%B9%88%E0%B8%B2/%E0%B8%A5%E0%B8%A1%E0%B9%83%E0%B8%95%E0%B9%89%E0%B8%9B%E0%B8%B5%E0%B8%81 HTTP/1.1" 404 134 "-" "Mozilla/5.0 (compatible; MJ12bot/v1.4.8; http://mj12bot.com/)"
114.119.147.97 - - [23/Jun/2022:01:14:45 +0000] "GET /node/date/2009/10/18/ HTTP/1.1" 200 7873 "https://mrchoke.org/node/237?share=twitter" "Mozilla/5.0 (Linux; Android 7.0;) AppleWebKit/537.36 (KHTML, like Gecko) Mobile Safari/537.36 (compatible; PetalBot;+https://webmaster.petalsearch.com/site/petalbot)"
188.165.232.135 - - [23/Jun/2022:01:15:03 +0000] "GET /node/category/music/%E0%B9%80%E0%B8%9E%E0%B8%A5%E0%B8%87%E0%B9%83%E0%B8%95%E0%B9%89/%E0%B8%A1%E0%B8%B2%E0%B8%A5%E0%B8%B5%E0%B8%AE%E0%B8%A7%E0%B8%99%E0%B8%99%E0%B9%88%E0%B8%B2/%E0%B9%80%E0%B8%9E%E0%B8%B7%E0%B9%88%E0%B8%AD%E0%B8%99%E0%B9%80%E0%B8%9E HTTP/1.1" 404 134 "-" "Mozilla/5.0 (compatible; MJ12bot/v1.4.8; http://mj12bot.com/)"
188.165.232.135 - - [23/Jun/2022:01:15:16 +0000] "GET /node/category/music/%E0%B9%80%E0%B8%9E%E0%B8%A5%E0%B8%87%E0%B9%83%E0%B8%95%E0%B9%89/%E0%B8%A1%E0%B8%B2%E0%B8%A5%E0%B8%B5%E0%B8%AE%E0%B8%A7%E0%B8%99%E0%B8%99%E0%B9%88%E0%B8%B2/%E0%B9%80%E0%B8%9E%E0%B8%B7%E0%B9%88%E0%B8%AD%E0%B8%99%E0%B9%80%E0%B8%9E HTTP/1.1" 302 154 "-" "Mozilla/5.0 (compatible; MJ12bot/v1.4.8; http://mj12bot.com/)"
2001:470:1:c84::19 - - [23/Jun/2022:01:15:18 +0000] "GET / HTTP/1.1" 200 612 "-" "-"
188.165.232.135 - - [23/Jun/2022:01:15:27 +0000] "GET /node/category/music/%E0%B9%80%E0%B8%9E%E0%B8%A5%E0%B8%87%E0%B9%83%E0%B8%95%E0%B9%89/%E0%B8%A1%E0%B8%B2%E0%B8%A5%E0%B8%B5%E0%B8%AE%E0%B8%A7%E0%B8%99%E0%B8%99%E0%B9%88%E0%B8%B2/%E0%B9%80%E0%B8%9E%E0%B8%B7%E0%B9%88%E0%B8%AD%E0%B8%99%E0%B9%80%E0%B8%9E HTTP/1.1" 404 134 "-" "Mozilla/5.0 (compatible; MJ12bot/v1.4.8; http://mj12bot.com/)"
188.165.232.135 - - [23/Jun/2022:01:15:39 +0000] "GET /node/category/music/%E0%B9%80%E0%B8%9E%E0%B8%A5%E0%B8%87%E0%B8%AA%E0%B8%B2%E0%B8%81%E0%B8%A5 HTTP/1.1" 302 154 "-" "Mozilla/5.0 (compatible; MJ12bot/v1.4.8; http://mj12bot.com/)"
188.165.232.135 - - [23/Jun/2022:01:15:52 +0000] "GET /node/category/music/%E0%B9%80%E0%B8%9E%E0%B8%A5%E0%B8%87%E0%B8%AA%E0%B8%B2%E0%B8%81%E0%B8%A5 HTTP/1.1" 404 134 "-" "Mozilla/5.0 (compatible; MJ12bot/v1.4.8; http://mj12bot.com/)"
188.165.232.135 - - [23/Jun/2022:01:16:00 +0000] "GET /node/category/music/%E0%B9%80%E0%B8%9E%E0%B8%A5%E0%B8%87%E0%B9%80%E0%B8%9E%E0%B8%B7%E0%B9%88%E0%B8%AD%E0%B8%8A%E0%B8%B5%E0%B8%A7%E0%B8%B4%E0%B8%95 HTTP/1.1" 404 134 "-" "Mozilla/5.0 (compatible; MJ12bot/v1.4.8; http://mj12bot.com/)"
188.165.232.135 - - [23/Jun/2022:01:16:14 +0000] "GET /node/category/music/%E0%B9%80%E0%B8%9E%E0%B8%A5%E0%B8%87%E0%B9%80%E0%B8%9E%E0%B8%B7%E0%B9%88%E0%B8%AD%E0%B8%8A%E0%B8%B5%E0%B8%A7%E0%B8%B4%E0%B8%95 HTTP/1.1" 302 154 "-" "Mozilla/5.0 (compatible; MJ12bot/v1.4.8; http://mj12bot.com/)"
188.165.232.135 - - [23/Jun/2022:01:16:30 +0000] "GET /node/category/music/%E0%B9%80%E0%B8%9E%E0%B8%A5%E0%B8%87%E0%B9%80%E0%B8%9E%E0%B8%B7%E0%B9%88%E0%B8%AD%E0%B8%8A%E0%B8%B5%E0%B8%A7%E0%B8%B4%E0%B8%95 HTTP/1.1" 404 134 "-" "Mozilla/5.0 (compatible; MJ12bot/v1.4.8; http://mj12bot.com/)"
188.165.232.135 - - [23/Jun/2022:01:16:42 +0000] "GET /node/category/music/%E0%B9%80%E0%B8%9E%E0%B8%A5%E0%B8%87%E0%B9%81%E0%B8%9B%E0%B8%A5%E0%B8%81 HTTP/1.1" 404 134 "-" "Mozilla/5.0 (compatible; MJ12bot/v1.4.8; http://mj12bot.com/)"
188.165.232.135 - - [23/Jun/2022:01:16:52 +0000] "GET /node/category/music/%E0%B9%80%E0%B8%9E%E0%B8%A5%E0%B8%87%E0%B9%81%E0%B8%9B%E0%B8%A5%E0%B8%81 HTTP/1.1" 302 154 "-" "Mozilla/5.0 (compatible; MJ12bot/v1.4.8; http://mj12bot.com/)"
188.165.232.135 - - [23/Jun/2022:01:17:03 +0000] "GET /node/category/music/%E0%B9%80%E0%B8%9E%E0%B8%A5%E0%B8%87%E0%B9%81%E0%B8%9B%E0%B8%A5%E0%B8%81 HTTP/1.1" 404 134 "-" "Mozilla/5.0 (compatible; MJ12bot/v1.4.8; http://mj12bot.com/)"
40.77.167.43 - - [23/Jun/2022:01:17:07 +0000] "GET /ch7_4227/ HTTP/2.0" 304 0 "-" "Mozilla/5.0 (compatible; bingbot/2.0; +http://www.bing.com/bingbot.htm)"
51.222.253.1 - - [23/Jun/2022:01:17:18 +0000] "GET /node/1633/ HTTP/2.0" 200 9148 "-" "Mozilla/5.0 (compatible; AhrefsBot/7.0; +http://ahrefs.com/robot/)"
188.165.232.135 - - [23/Jun/2022:01:17:19 +0000] "GET /node/category/music/%E0%B9%80%E0%B8%9E%E0%B8%A5%E0%B8%87%E0%B9%83%E0%B8%95%E0%B9%89 HTTP/1.1" 302 154 "-" "Mozilla/5.0 (compatible; MJ12bot/v1.4.8; http://mj12bot.com/)"
188.165.232.135 - - [23/Jun/2022:01:17:25 +0000] "GET /node/category/music/%E0%B9%80%E0%B8%9E%E0%B8%A5%E0%B8%87%E0%B9%83%E0%B8%95%E0%B9%89 HTTP/1.1" 404 134 "-" "Mozilla/5.0 (compatible; MJ12bot/v1.4.8; http://mj12bot.com/)"
188.165.232.135 - - [23/Jun/2022:01:17:36 +0000] "GET /node/category/music/%E0%B9%80%E0%B8%9E%E0%B8%A5%E0%B8%87%E0%B9%83%E0%B8%95%E0%B9%89/feed HTTP/1.1" 302 154 "-" "Mozilla/5.0 (compatible; MJ12bot/v1.4.8; http://mj12bot.com/)"
188.165.232.135 - - [23/Jun/2022:01:17:47 +0000] "GET /node/category/music/%E0%B9%80%E0%B8%9E%E0%B8%A5%E0%B8%87%E0%B9%83%E0%B8%95%E0%B9%89/feed HTTP/1.1" 404 134 "-" "Mozilla/5.0 (compatible; MJ12bot/v1.4.8; http://mj12bot.com/)"
188.165.232.135 - - [23/Jun/2022:01:17:52 +0000] "GET /node/category/music/%E0%B9%80%E0%B8%9E%E0%B8%A5%E0%B8%87%E0%B9%83%E0%B8%95%E0%B9%89/page/11 HTTP/1.1" 302 154 "-" "Mozilla/5.0 (compatible; MJ12bot/v1.4.8; http://mj12bot.com/)"
188.165.232.135 - - [23/Jun/2022:01:18:00 +0000] "GET /node/category/music/%E0%B9%80%E0%B8%9E%E0%B8%A5%E0%B8%87%E0%B9%83%E0%B8%95%E0%B9%89/page/11 HTTP/1.1" 404 134 "-" "Mozilla/5.0 (compatible; MJ12bot/v1.4.8; http://mj12bot.com/)"
188.165.232.135 - - [23/Jun/2022:01:18:15 +0000] "GET /node/category/music/%E0%B9%80%E0%B8%9E%E0%B8%A5%E0%B8%87%E0%B9%83%E0%B8%95%E0%B9%89/page/12 HTTP/1.1" 302 154 "-" "Mozilla/5.0 (compatible; MJ12bot/v1.4.8; http://mj12bot.com/)"
185.191.171.11 - - [23/Jun/2022:01:18:16 +0000] "GET /node/date/2007/02/03 HTTP/1.1" 301 178 "-" "Mozilla/5.0 (compatible; SemrushBot/7~bl; +http://www.semrush.com/bot.html)"
185.191.171.18 - - [23/Jun/2022:01:18:19 +0000] "GET /node/date/2007/02/03/ HTTP/1.1" 200 8308 "-" "Mozilla/5.0 (compatible; SemrushBot/7~bl; +http://www.semrush.com/bot.html)"
20.58.35.116 - - [23/Jun/2022:01:18:24 +0000] "GET /.env HTTP/1.1" 404 134 "-" "Mozilla/5.0 (Macintosh; Intel Mac OS X 10.15; rv:77.0) Gecko/20100101 Firefox/77.0"
188.165.232.135 - - [23/Jun/2022:01:18:27 +0000] "GET /node/category/music/%E0%B9%80%E0%B8%9E%E0%B8%A5%E0%B8%87%E0%B9%83%E0%B8%95%E0%B9%89/page/12 HTTP/1.1" 404 134 "-" "Mozilla/5.0 (compatible; MJ12bot/v1.4.8; http://mj12bot.com/)"
188.165.232.135 - - [23/Jun/2022:01:18:33 +0000] "GET /node/category/music/%E0%B9%80%E0%B8%9E%E0%B8%A5%E0%B8%87%E0%B9%83%E0%B8%95%E0%B9%89/page/13 HTTP/1.1" 302 154 "-" "Mozilla/5.0 (compatible; MJ12bot/v1.4.8; http://mj12bot.com/)"
188.165.232.135 - - [23/Jun/2022:01:18:46 +0000] "GET /node/category/music/%E0%B9%80%E0%B8%9E%E0%B8%A5%E0%B8%87%E0%B9%83%E0%B8%95%E0%B9%89/page/13 HTTP/1.1" 404 134 "-" "Mozilla/5.0 (compatible; MJ12bot/v1.4.8; http://mj12bot.com/)"
114.119.147.74 - - [23/Jun/2022:01:18:55 +0000] "GET /node/category/toshiba HTTP/1.1" 301 178 "https://mrchoke.org/node/1428?share=twitter" "Mozilla/5.0 (Linux; Android 7.0;) AppleWebKit/537.36 (KHTML, like Gecko) Mobile Safari/537.36 (compatible; PetalBot;+https://webmaster.petalsearch.com/site/petalbot)"
114.119.147.74 - - [23/Jun/2022:01:19:01 +0000] "GET /node/category/toshiba/ HTTP/1.1" 200 10633 "https://mrchoke.org/node/1428?share=twitter" "Mozilla/5.0 (Linux; Android 7.0;) AppleWebKit/537.36 (KHTML, like Gecko) Mobile Safari/537.36 (compatible; PetalBot;+https://webmaster.petalsearch.com/site/petalbot)"
188.165.232.135 - - [23/Jun/2022:01:19:06 +0000] "GET /node/category/music/%E0%B9%80%E0%B8%9E%E0%B8%A5%E0%B8%87%E0%B9%83%E0%B8%95%E0%B9%89/page/3 HTTP/1.1" 302 154 "-" "Mozilla/5.0 (compatible; MJ12bot/v1.4.8; http://mj12bot.com/)"
188.165.232.135 - - [23/Jun/2022:01:19:16 +0000] "GET /node/category/music/%E0%B9%80%E0%B8%9E%E0%B8%A5%E0%B8%87%E0%B9%83%E0%B8%95%E0%B9%89/page/3 HTTP/1.1" 404 134 "-" "Mozilla/5.0 (compatible; MJ12bot/v1.4.8; http://mj12bot.com/)"
188.165.232.135 - - [23/Jun/2022:01:19:32 +0000] "GET /node/category/music/%E0%B9%80%E0%B8%9E%E0%B8%A5%E0%B8%87%E0%B9%83%E0%B8%95%E0%B9%89/page/4 HTTP/1.1" 302 154 "-" "Mozilla/5.0 (compatible; MJ12bot/v1.4.8; http://mj12bot.com/)"
188.165.232.135 - - [23/Jun/2022:01:19:46 +0000] "GET /node/category/music/%E0%B9%80%E0%B8%9E%E0%B8%A5%E0%B8%87%E0%B9%83%E0%B8%95%E0%B9%89/page/4 HTTP/1.1" 404 134 "-" "Mozilla/5.0 (compatible; MJ12bot/v1.4.8; http://mj12bot.com/)"
188.165.232.135 - - [23/Jun/2022:01:19:55 +0000] "GET /node/category/music/%E0%B9%80%E0%B8%9E%E0%B8%A5%E0%B8%87%E0%B9%83%E0%B8%95%E0%B9%89/page/5 HTTP/1.1" 302 154 "-" "Mozilla/5.0 (compatible; MJ12bot/v1.4.8; http://mj12bot.com/)"
188.165.232.135 - - [23/Jun/2022:01:20:00 +0000] "GET /node/category/music/%E0%B9%80%E0%B8%9E%E0%B8%A5%E0%B8%87%E0%B9%83%E0%B8%95%E0%B9%89/page/5 HTTP/1.1" 404 134 "-" "Mozilla/5.0 (compatible; MJ12bot/v1.4.8; http://mj12bot.com/)"
188.165.232.135 - - [23/Jun/2022:01:20:07 +0000] "GET /node/category/music/%E0%B9%80%E0%B8%9E%E0%B8%A5%E0%B8%87%E0%B9%83%E0%B8%95%E0%B9%89/page/6 HTTP/1.1" 302 154 "-" "Mozilla/5.0 (compatible; MJ12bot/v1.4.8; http://mj12bot.com/)"
188.165.232.135 - - [23/Jun/2022:01:20:18 +0000] "GET /node/category/music/%E0%B9%80%E0%B8%9E%E0%B8%A5%E0%B8%87%E0%B9%83%E0%B8%95%E0%B9%89/page/6 HTTP/1.1" 404 134 "-" "Mozilla/5.0 (compatible; MJ12bot/v1.4.8; http://mj12bot.com/)"
188.165.232.135 - - [23/Jun/2022:01:20:29 +0000] "GET /node/category/music/%E0%B9%80%E0%B8%9E%E0%B8%A5%E0%B8%87%E0%B9%83%E0%B8%95%E0%B9%89/%E0%B8%AB%E0%B8%A5%E0%B8%87_%E0%B8%A5%E0%B8%87%E0%B8%A5%E0%B8%B2%E0%B8%A2 HTTP/1.1" 302 154 "-" "Mozilla/5.0 (compatible; MJ12bot/v1.4.8; http://mj12bot.com/)"
188.165.232.135 - - [23/Jun/2022:01:20:38 +0000] "GET /node/category/music/%E0%B9%80%E0%B8%9E%E0%B8%A5%E0%B8%87%E0%B9%83%E0%B8%95%E0%B9%89/%E0%B8%AB%E0%B8%A5%E0%B8%87_%E0%B8%A5%E0%B8%87%E0%B8%A5%E0%B8%B2%E0%B8%A2 HTTP/1.1" 404 134 "-" "Mozilla/5.0 (compatible; MJ12bot/v1.4.8; http://mj12bot.com/)"
188.165.232.135 - - [23/Jun/2022:01:20:51 +0000] "GET /node/category/music/%E0%B9%80%E0%B8%9E%E0%B8%A5%E0%B8%87%E0%B9%83%E0%B8%95%E0%B9%89/%E0%B8%AB%E0%B8%A5%E0%B8%87_%E0%B8%A5%E0%B8%87%E0%B8%A5%E0%B8%B2%E0%B8%A2/page/3 HTTP/1.1" 302 154 "-" "Mozilla/5.0 (compatible; MJ12bot/v1.4.8; http://mj12bot.com/)"
188.165.232.135 - - [23/Jun/2022:01:21:06 +0000] "GET /node/category/music/%E0%B9%80%E0%B8%9E%E0%B8%A5%E0%B8%87%E0%B9%83%E0%B8%95%E0%B9%89/%E0%B8%AB%E0%B8%A5%E0%B8%87_%E0%B8%A5%E0%B8%87%E0%B8%A5%E0%B8%B2%E0%B8%A2/page/3 HTTP/1.1" 404 134 "-" "Mozilla/5.0 (compatible; MJ12bot/v1.4.8; http://mj12bot.com/)"
188.165.232.135 - - [23/Jun/2022:01:21:17 +0000] "GET /node/category/music/%E0%B9%80%E0%B8%9E%E0%B8%A5%E0%B8%87%E0%B9%83%E0%B8%95%E0%B9%89/%E0%B8%AB%E0%B8%A5%E0%B8%87_%E0%B8%A5%E0%B8%87%E0%B8%A5%E0%B8%B2%E0%B8%A2/%E0%B8%95%E0%B8%B3%E0%B8%99%E0%B8%B2%E0%B8%99%E0%B8%A3%E0%B8%B1%E0%B8%81%E0%B8%AA%E0%B8%B0%E0%B8%97%E0%B9%89%E0%B8%B2%E0%B8%99%E0%B9%82%E0%B8%A5%E0%B8%81%E0%B8%B21 HTTP/1.1" 302 154 "-" "Mozilla/5.0 (compatible; MJ12bot/v1.4.8; http://mj12bot.com/)"
188.165.232.135 - - [23/Jun/2022:01:21:33 +0000] "GET /node/category/music/%E0%B9%80%E0%B8%9E%E0%B8%A5%E0%B8%87%E0%B9%83%E0%B8%95%E0%B9%89/%E0%B8%AB%E0%B8%A5%E0%B8%87_%E0%B8%A5%E0%B8%87%E0%B8%A5%E0%B8%B2%E0%B8%A2/%E0%B8%95%E0%B8%B3%E0%B8%99%E0%B8%B2%E0%B8%99%E0%B8%A3%E0%B8%B1%E0%B8%81%E0%B8%AA%E0%B8%B0%E0%B8%97%E0%B9%89%E0%B8%B2%E0%B8%99%E0%B9%82%E0%B8%A5%E0%B8%81%E0%B8%B21 HTTP/1.1" 404 134 "-" "Mozilla/5.0 (compatible; MJ12bot/v1.4.8; http://mj12bot.com/)"
188.165.232.135 - - [23/Jun/2022:01:21:43 +0000] "GET /node/category/%E0%B8%81%E0%B8%A5%E0%B8%AD%E0%B8%99 HTTP/1.1" 404 134 "-" "Mozilla/5.0 (compatible; MJ12bot/v1.4.8; http://mj12bot.com/)"
188.165.232.135 - - [23/Jun/2022:01:21:55 +0000] "GET /node/category/%E0%B8%81%E0%B8%A5%E0%B8%AD%E0%B8%99 HTTP/1.1" 302 154 "-" "Mozilla/5.0 (compatible; MJ12bot/v1.4.8; http://mj12bot.com/)"
188.165.232.135 - - [23/Jun/2022:01:22:09 +0000] "GET /node/category/%E0%B8%81%E0%B8%A5%E0%B8%AD%E0%B8%99 HTTP/1.1" 404 134 "-" "Mozilla/5.0 (compatible; MJ12bot/v1.4.8; http://mj12bot.com/)"
188.165.232.135 - - [23/Jun/2022:01:22:19 +0000] "GET /node/category/%E0%B8%81%E0%B8%A5%E0%B8%B1%E0%B8%9A%E0%B8%81%E0%B8%A5%E0%B8%B2%E0%B8%A2 HTTP/1.1" 404 134 "-" "Mozilla/5.0 (compatible; MJ12bot/v1.4.8; http://mj12bot.com/)"
188.165.232.135 - - [23/Jun/2022:01:22:29 +0000] "GET /node/category/%E0%B8%81%E0%B8%A5%E0%B8%B1%E0%B8%9A%E0%B8%81%E0%B8%A5%E0%B8%B2%E0%B8%A2 HTTP/1.1" 302 154 "-" "Mozilla/5.0 (compatible; MJ12bot/v1.4.8; http://mj12bot.com/)"
188.165.232.135 - - [23/Jun/2022:01:22:42 +0000] "GET /node/category/%E0%B8%81%E0%B8%A5%E0%B8%B1%E0%B8%9A%E0%B8%81%E0%B8%A5%E0%B8%B2%E0%B8%A2 HTTP/1.1" 404 134 "-" "Mozilla/5.0 (compatible; MJ12bot/v1.4.8; http://mj12bot.com/)"
188.165.232.135 - - [23/Jun/2022:01:22:45 +0000] "GET /node/category/%E0%B8%81%E0%B8%A7%E0%B8%B5 HTTP/1.1" 404 134 "-" "Mozilla/5.0 (compatible; MJ12bot/v1.4.8; http://mj12bot.com/)"
188.165.232.135 - - [23/Jun/2022:01:22:51 +0000] "GET /node/category/%E0%B8%81%E0%B8%A7%E0%B8%B5 HTTP/1.1" 302 154 "-" "Mozilla/5.0 (compatible; MJ12bot/v1.4.8; http://mj12bot.com/)"
188.165.232.135 - - [23/Jun/2022:01:22:57 +0000] "GET /node/category/%E0%B8%81%E0%B8%A7%E0%B8%B5 HTTP/1.1" 404 134 "-" "Mozilla/5.0 (compatible; MJ12bot/v1.4.8; http://mj12bot.com/)"
188.165.232.135 - - [23/Jun/2022:01:23:03 +0000] "GET /node/category/%E0%B8%81%E0%B8%B2%E0%B8%A3%E0%B9%80%E0%B8%A1%E0%B8%B7%E0%B8%AD%E0%B8%87 HTTP/1.1" 404 134 "-" "Mozilla/5.0 (compatible; MJ12bot/v1.4.8; http://mj12bot.com/)"
188.165.232.135 - - [23/Jun/2022:01:23:08 +0000] "GET /node/category/%E0%B8%81%E0%B8%B2%E0%B8%A3%E0%B9%80%E0%B8%A1%E0%B8%B7%E0%B8%AD%E0%B8%87 HTTP/1.1" 302 154 "-" "Mozilla/5.0 (compatible; MJ12bot/v1.4.8; http://mj12bot.com/)"
188.165.232.135 - - [23/Jun/2022:01:23:12 +0000] "GET /node/category/%E0%B8%81%E0%B8%B2%E0%B8%A3%E0%B9%80%E0%B8%A1%E0%B8%B7%E0%B8%AD%E0%B8%87 HTTP/1.1" 404 134 "-" "Mozilla/5.0 (compatible; MJ12bot/v1.4.8; http://mj12bot.com/)"
216.244.66.229 - - [23/Jun/2022:01:23:14 +0000] "GET /node/254/feed HTTP/1.1" 404 162 "-" "Mozilla/5.0 (compatible; DotBot/1.2; +https://opensiteexplorer.org/dotbot; help@moz.com)"
188.165.232.135 - - [23/Jun/2022:01:23:15 +0000] "GET /node/category/%E0%B8%81%E0%B8%B5%E0%B8%AC%E0%B8%B2 HTTP/1.1" 404 134 "-" "Mozilla/5.0 (compatible; MJ12bot/v1.4.8; http://mj12bot.com/)"
188.165.232.135 - - [23/Jun/2022:01:23:23 +0000] "GET /node/category/%E0%B8%81%E0%B8%B5%E0%B8%AC%E0%B8%B2 HTTP/1.1" 302 154 "-" "Mozilla/5.0 (compatible; MJ12bot/v1.4.8; http://mj12bot.com/)"
188.165.232.135 - - [23/Jun/2022:01:23:27 +0000] "GET /node/category/%E0%B8%81%E0%B8%B5%E0%B8%AC%E0%B8%B2 HTTP/1.1" 404 134 "-" "Mozilla/5.0 (compatible; MJ12bot/v1.4.8; http://mj12bot.com/)"
188.165.232.135 - - [23/Jun/2022:01:23:31 +0000] "GET /node/category/%E0%B8%84%E0%B8%99%E0%B9%80%E0%B8%8A%E0%B9%87%E0%B8%94%E0%B9%80%E0%B8%87%E0%B8%B2 HTTP/1.1" 404 134 "-" "Mozilla/5.0 (compatible; MJ12bot/v1.4.8; http://mj12bot.com/)"
188.165.232.135 - - [23/Jun/2022:01:23:35 +0000] "GET /node/category/%E0%B8%84%E0%B8%99%E0%B9%80%E0%B8%8A%E0%B9%87%E0%B8%94%E0%B9%80%E0%B8%87%E0%B8%B2 HTTP/1.1" 302 154 "-" "Mozilla/5.0 (compatible; MJ12bot/v1.4.8; http://mj12bot.com/)"
188.165.232.135 - - [23/Jun/2022:01:23:40 +0000] "GET /node/category/%E0%B8%84%E0%B8%99%E0%B9%80%E0%B8%8A%E0%B9%87%E0%B8%94%E0%B9%80%E0%B8%87%E0%B8%B2 HTTP/1.1" 404 134 "-" "Mozilla/5.0 (compatible; MJ12bot/v1.4.8; http://mj12bot.com/)"
188.165.232.135 - - [23/Jun/2022:01:23:45 +0000] "GET /node/category/%E0%B8%96%E0%B9%88%E0%B8%B2%E0%B8%A2%E0%B8%A0%E0%B8%B2%E0%B8%9E HTTP/1.1" 404 134 "-" "Mozilla/5.0 (compatible; MJ12bot/v1.4.8; http://mj12bot.com/)"
188.165.232.135 - - [23/Jun/2022:01:23:47 +0000] "GET /node/category/%E0%B8%96%E0%B9%88%E0%B8%B2%E0%B8%A2%E0%B8%A0%E0%B8%B2%E0%B8%9E HTTP/1.1" 302 154 "-" "Mozilla/5.0 (compatible; MJ12bot/v1.4.8; http://mj12bot.com/)"
188.165.232.135 - - [23/Jun/2022:01:23:53 +0000] "GET /node/category/%E0%B8%96%E0%B9%88%E0%B8%B2%E0%B8%A2%E0%B8%A0%E0%B8%B2%E0%B8%9E HTTP/1.1" 404 134 "-" "Mozilla/5.0 (compatible; MJ12bot/v1.4.8; http://mj12bot.com/)"
188.165.232.135 - - [23/Jun/2022:01:23:58 +0000] "GET /node/category/%E0%B8%97%E0%B8%94%E0%B8%AA%E0%B8%AD%E0%B8%9A HTTP/1.1" 404 134 "-" "Mozilla/5.0 (compatible; MJ12bot/v1.4.8; http://mj12bot.com/)"
188.165.232.135 - - [23/Jun/2022:01:24:02 +0000] "GET /node/category/%E0%B8%97%E0%B8%94%E0%B8%AA%E0%B8%AD%E0%B8%9A HTTP/1.1" 302 154 "-" "Mozilla/5.0 (compatible; MJ12bot/v1.4.8; http://mj12bot.com/)"
188.165.232.135 - - [23/Jun/2022:01:24:07 +0000] "GET /node/category/%E0%B8%97%E0%B8%94%E0%B8%AA%E0%B8%AD%E0%B8%9A HTTP/1.1" 404 134 "-" "Mozilla/5.0 (compatible; MJ12bot/v1.4.8; http://mj12bot.com/)"
188.165.232.135 - - [23/Jun/2022:01:24:10 +0000] "GET /node/category/%E0%B8%97%E0%B8%97%E0%B8%97. HTTP/1.1" 404 134 "-" "Mozilla/5.0 (compatible; MJ12bot/v1.4.8; http://mj12bot.com/)"
188.165.232.135 - - [23/Jun/2022:01:24:13 +0000] "GET /node/category/%E0%B8%97%E0%B8%97%E0%B8%97. HTTP/1.1" 302 154 "-" "Mozilla/5.0 (compatible; MJ12bot/v1.4.8; http://mj12bot.com/)"
188.165.232.135 - - [23/Jun/2022:01:24:19 +0000] "GET /node/category/%E0%B8%97%E0%B8%97%E0%B8%97. HTTP/1.1" 404 134 "-" "Mozilla/5.0 (compatible; MJ12bot/v1.4.8; http://mj12bot.com/)"
188.165.232.135 - - [23/Jun/2022:01:24:23 +0000] "GET /node/category/%E0%B8%97%E0%B8%B5%E0%B9%88%E0%B8%97%E0%B8%B3%E0%B8%87%E0%B8%B2%E0%B8%99 HTTP/1.1" 404 134 "-" "Mozilla/5.0 (compatible; MJ12bot/v1.4.8; http://mj12bot.com/)"
188.165.232.135 - - [23/Jun/2022:01:24:30 +0000] "GET /node/category/%E0%B8%97%E0%B8%B5%E0%B9%88%E0%B8%97%E0%B8%B3%E0%B8%87%E0%B8%B2%E0%B8%99 HTTP/1.1" 302 154 "-" "Mozilla/5.0 (compatible; MJ12bot/v1.4.8; http://mj12bot.com/)"
188.165.232.135 - - [23/Jun/2022:01:24:35 +0000] "GET /node/category/%E0%B8%97%E0%B8%B5%E0%B9%88%E0%B8%97%E0%B8%B3%E0%B8%87%E0%B8%B2%E0%B8%99 HTTP/1.1" 404 134 "-" "Mozilla/5.0 (compatible; MJ12bot/v1.4.8; http://mj12bot.com/)"
188.165.232.135 - - [23/Jun/2022:01:24:40 +0000] "GET /node/category/%E0%B8%97%E0%B8%B5%E0%B9%88%E0%B8%A1%E0%B8%B2:%20http://www.pcworld.com/article/252326/new_ipad_slow_to_recharge_barely_charges_during_use.html HTTP/1.1" 404 134 "-" "Mozilla/5.0 (compatible; MJ12bot/v1.4.8; http://mj12bot.com/)"
188.165.232.135 - - [23/Jun/2022:01:24:44 +0000] "GET /node/category/%E0%B8%97%E0%B8%B5%E0%B9%88%E0%B8%A1%E0%B8%B2:%20http://www.pcworld.com/article/252326/new_ipad_slow_to_recharge_barely_charges_during_use.html HTTP/1.1" 302 154 "-" "Mozilla/5.0 (compatible; MJ12bot/v1.4.8; http://mj12bot.com/)"
188.165.232.135 - - [23/Jun/2022:01:24:49 +0000] "GET /node/category/%E0%B8%97%E0%B8%B5%E0%B9%88%E0%B8%A1%E0%B8%B2:%20http:/www.pcworld.com/article/252326/new_ipad_slow_to_recharge_barely_charges_during_use.html HTTP/1.1" 404 134 "-" "Mozilla/5.0 (compatible; MJ12bot/v1.4.8; http://mj12bot.com/)"
188.165.232.135 - - [23/Jun/2022:01:24:56 +0000] "GET /node/category/%E0%B8%97%E0%B9%88%E0%B8%AD%E0%B8%87%E0%B9%80%E0%B8%97%E0%B8%B5%E0%B9%88%E0%B8%A2%E0%B8%A7 HTTP/1.1" 302 154 "-" "Mozilla/5.0 (compatible; MJ12bot/v1.4.8; http://mj12bot.com/)"
188.165.232.135 - - [23/Jun/2022:01:25:02 +0000] "GET /node/category/%E0%B8%97%E0%B9%88%E0%B8%AD%E0%B8%87%E0%B9%80%E0%B8%97%E0%B8%B5%E0%B9%88%E0%B8%A2%E0%B8%A7 HTTP/1.1" 404 134 "-" "Mozilla/5.0 (compatible; MJ12bot/v1.4.8; http://mj12bot.com/)"
188.165.232.135 - - [23/Jun/2022:01:25:05 +0000] "GET /node/category/%E0%B8%97%E0%B9%88%E0%B8%B2%E0%B8%8A%E0%B8%99%E0%B8%B0 HTTP/1.1" 302 154 "-" "Mozilla/5.0 (compatible; MJ12bot/v1.4.8; http://mj12bot.com/)"
188.165.232.135 - - [23/Jun/2022:01:25:09 +0000] "GET /node/category/%E0%B8%97%E0%B9%88%E0%B8%B2%E0%B8%8A%E0%B8%99%E0%B8%B0 HTTP/1.1" 404 134 "-" "Mozilla/5.0 (compatible; MJ12bot/v1.4.8; http://mj12bot.com/)"
188.165.232.135 - - [23/Jun/2022:01:25:14 +0000] "GET /node/category/%E0%B8%98%E0%B8%A3%E0%B8%A3%E0%B8%A1%E0%B8%B0 HTTP/1.1" 404 134 "-" "Mozilla/5.0 (compatible; MJ12bot/v1.4.8; http://mj12bot.com/)"
188.165.232.135 - - [23/Jun/2022:01:25:18 +0000] "GET /node/category/%E0%B8%98%E0%B8%A3%E0%B8%A3%E0%B8%A1%E0%B8%B0 HTTP/1.1" 302 154 "-" "Mozilla/5.0 (compatible; MJ12bot/v1.4.8; http://mj12bot.com/)"
188.165.232.135 - - [23/Jun/2022:01:25:23 +0000] "GET /node/category/%E0%B8%98%E0%B8%A3%E0%B8%A3%E0%B8%A1%E0%B8%B0 HTTP/1.1" 404 134 "-" "Mozilla/5.0 (compatible; MJ12bot/v1.4.8; http://mj12bot.com/)"
216.244.66.229 - - [23/Jun/2022:01:25:28 +0000] "GET /node/20/?share=google-plus-1 HTTP/1.1" 404 162 "-" "Mozilla/5.0 (compatible; DotBot/1.2; +https://opensiteexplorer.org/dotbot; help@moz.com)"
188.165.232.135 - - [23/Jun/2022:01:25:29 +0000] "GET /node/category/%E0%B8%9A%E0%B8%A3%E0%B8%A3%E0%B8%A2%E0%B8%B2%E0%B8%A2 HTTP/1.1" 404 134 "-" "Mozilla/5.0 (compatible; MJ12bot/v1.4.8; http://mj12bot.com/)"
188.165.232.135 - - [23/Jun/2022:01:25:35 +0000] "GET /node/category/%E0%B8%9A%E0%B8%A3%E0%B8%A3%E0%B8%A2%E0%B8%B2%E0%B8%A2 HTTP/1.1" 302 154 "-" "Mozilla/5.0 (compatible; MJ12bot/v1.4.8; http://mj12bot.com/)"
188.165.232.135 - - [23/Jun/2022:01:25:40 +0000] "GET /node/category/%E0%B8%9A%E0%B8%A3%E0%B8%A3%E0%B8%A2%E0%B8%B2%E0%B8%A2 HTTP/1.1" 404 134 "-" "Mozilla/5.0 (compatible; MJ12bot/v1.4.8; http://mj12bot.com/)"
188.165.232.135 - - [23/Jun/2022:01:25:44 +0000] "GET /node/category/%E0%B8%9A%E0%B8%A7%E0%B8%8A HTTP/1.1" 404 134 "-" "Mozilla/5.0 (compatible; MJ12bot/v1.4.8; http://mj12bot.com/)"
188.165.232.135 - - [23/Jun/2022:01:25:47 +0000] "GET /node/category/%E0%B8%9A%E0%B8%A7%E0%B8%8A HTTP/1.1" 302 154 "-" "Mozilla/5.0 (compatible; MJ12bot/v1.4.8; http://mj12bot.com/)"
188.165.232.135 - - [23/Jun/2022:01:25:54 +0000] "GET /node/category/%E0%B8%9A%E0%B8%A7%E0%B8%8A HTTP/1.1" 404 134 "-" "Mozilla/5.0 (compatible; MJ12bot/v1.4.8; http://mj12bot.com/)"
188.165.232.135 - - [23/Jun/2022:01:25:57 +0000] "GET /node/category/%E0%B8%9A%E0%B8%B8%E0%B8%9B%E0%B8%9C%E0%B8%B2%E0%B8%8A%E0%B8%99 HTTP/1.1" 404 134 "-" "Mozilla/5.0 (compatible; MJ12bot/v1.4.8; http://mj12bot.com/)"
188.165.232.135 - - [23/Jun/2022:01:26:03 +0000] "GET /node/category/%E0%B8%9A%E0%B8%B8%E0%B8%9B%E0%B8%9C%E0%B8%B2%E0%B8%8A%E0%B8%99 HTTP/1.1" 302 154 "-" "Mozilla/5.0 (compatible; MJ12bot/v1.4.8; http://mj12bot.com/)"
188.165.232.135 - - [23/Jun/2022:01:26:07 +0000] "GET /node/category/%E0%B8%9A%E0%B8%B8%E0%B8%9B%E0%B8%9C%E0%B8%B2%E0%B8%8A%E0%B8%99 HTTP/1.1" 404 134 "-" "Mozilla/5.0 (compatible; MJ12bot/v1.4.8; http://mj12bot.com/)"
188.165.232.135 - - [23/Jun/2022:01:26:13 +0000] "GET /node/category/%E0%B8%9A%E0%B9%88%E0%B8%99 HTTP/1.1" 404 134 "-" "Mozilla/5.0 (compatible; MJ12bot/v1.4.8; http://mj12bot.com/)"
188.165.232.135 - - [23/Jun/2022:01:26:17 +0000] "GET /node/category/%E0%B8%9A%E0%B9%88%E0%B8%99 HTTP/1.1" 302 154 "-" "Mozilla/5.0 (compatible; MJ12bot/v1.4.8; http://mj12bot.com/)"
188.165.232.135 - - [23/Jun/2022:01:26:21 +0000] "GET /node/category/%E0%B8%9A%E0%B9%88%E0%B8%99 HTTP/1.1" 404 134 "-" "Mozilla/5.0 (compatible; MJ12bot/v1.4.8; http://mj12bot.com/)"
188.165.232.135 - - [23/Jun/2022:01:26:25 +0000] "GET /node/category/%E0%B8%9B%E0%B8%A3%E0%B8%B0%E0%B9%80%E0%B8%9E%E0%B8%93%E0%B8%B5 HTTP/1.1" 302 154 "-" "Mozilla/5.0 (compatible; MJ12bot/v1.4.8; http://mj12bot.com/)"
188.165.232.135 - - [23/Jun/2022:01:26:31 +0000] "GET /node/category/%E0%B8%9B%E0%B8%A3%E0%B8%B0%E0%B9%80%E0%B8%9E%E0%B8%93%E0%B8%B5 HTTP/1.1" 404 134 "-" "Mozilla/5.0 (compatible; MJ12bot/v1.4.8; http://mj12bot.com/)"
188.165.232.135 - - [23/Jun/2022:01:26:35 +0000] "GET /node/category/%E0%B8%9B%E0%B8%A5%E0%B8%B2%E0%B8%A2%E0%B9%81%E0%B8%AA%E0%B8%94 HTTP/1.1" 404 134 "-" "Mozilla/5.0 (compatible; MJ12bot/v1.4.8; http://mj12bot.com/)"
188.165.232.135 - - [23/Jun/2022:01:26:40 +0000] "GET /node/category/%E0%B8%9B%E0%B8%A5%E0%B8%B2%E0%B8%A2%E0%B9%81%E0%B8%AA%E0%B8%94 HTTP/1.1" 302 154 "-" "Mozilla/5.0 (compatible; MJ12bot/v1.4.8; http://mj12bot.com/)"
188.165.232.135 - - [23/Jun/2022:01:26:44 +0000] "GET /node/category/%E0%B8%9B%E0%B8%A5%E0%B8%B2%E0%B8%A2%E0%B9%81%E0%B8%AA%E0%B8%94 HTTP/1.1" 404 134 "-" "Mozilla/5.0 (compatible; MJ12bot/v1.4.8; http://mj12bot.com/)"
188.165.232.135 - - [23/Jun/2022:01:26:48 +0000] "GET /node/category/%E0%B8%A0%E0%B8%B2%E0%B8%A9%E0%B8%B2%E0%B8%88%E0%B8%B5%E0%B8%99 HTTP/1.1" 302 154 "-" "Mozilla/5.0 (compatible; MJ12bot/v1.4.8; http://mj12bot.com/)"
188.165.232.135 - - [23/Jun/2022:01:26:55 +0000] "GET /node/category/%E0%B8%A0%E0%B8%B2%E0%B8%A9%E0%B8%B2%E0%B8%88%E0%B8%B5%E0%B8%99 HTTP/1.1" 404 134 "-" "Mozilla/5.0 (compatible; MJ12bot/v1.4.8; http://mj12bot.com/)"
188.165.232.135 - - [23/Jun/2022:01:27:01 +0000] "GET /node/category/%E0%B8%A1%E0%B8%AD. HTTP/1.1" 404 134 "-" "Mozilla/5.0 (compatible; MJ12bot/v1.4.8; http://mj12bot.com/)"
188.165.232.135 - - [23/Jun/2022:01:27:05 +0000] "GET /node/category/%E0%B8%A1%E0%B8%AD. HTTP/1.1" 302 154 "-" "Mozilla/5.0 (compatible; MJ12bot/v1.4.8; http://mj12bot.com/)"
188.165.232.135 - - [23/Jun/2022:01:27:09 +0000] "GET /node/category/%E0%B8%A1%E0%B8%AD. HTTP/1.1" 404 134 "-" "Mozilla/5.0 (compatible; MJ12bot/v1.4.8; http://mj12bot.com/)"
188.165.232.135 - - [23/Jun/2022:01:27:14 +0000] "GET /node/category/%E0%B8%A1%E0%B8%AD._%E0%B8%9B%E0%B8%B1%E0%B8%95%E0%B8%95%E0%B8%B2%E0%B8%99%E0%B8%B5 HTTP/1.1" 302 154 "-" "Mozilla/5.0 (compatible; MJ12bot/v1.4.8; http://mj12bot.com/)"
188.165.232.135 - - [23/Jun/2022:01:27:17 +0000] "GET /node/category/%E0%B8%A1%E0%B8%AD._%E0%B8%9B%E0%B8%B1%E0%B8%95%E0%B8%95%E0%B8%B2%E0%B8%99%E0%B8%B5 HTTP/1.1" 404 134 "-" "Mozilla/5.0 (compatible; MJ12bot/v1.4.8; http://mj12bot.com/)"
188.165.232.135 - - [23/Jun/2022:01:27:22 +0000] "GET /node/category/%E0%B8%A3%E0%B8%B2%E0%B8%8A%E0%B8%9E%E0%B8%A4%E0%B8%81%E0%B8%A9%E0%B9%8C HTTP/1.1" 404 134 "-" "Mozilla/5.0 (compatible; MJ12bot/v1.4.8; http://mj12bot.com/)"
188.165.232.135 - - [23/Jun/2022:01:27:26 +0000] "GET /node/category/%E0%B8%A3%E0%B8%B2%E0%B8%8A%E0%B8%9E%E0%B8%A4%E0%B8%81%E0%B8%A9%E0%B9%8C HTTP/1.1" 302 154 "-" "Mozilla/5.0 (compatible; MJ12bot/v1.4.8; http://mj12bot.com/)"
188.165.232.135 - - [23/Jun/2022:01:27:28 +0000] "GET /node/category/%E0%B8%A3%E0%B8%B2%E0%B8%8A%E0%B8%9E%E0%B8%A4%E0%B8%81%E0%B8%A9%E0%B9%8C HTTP/1.1" 404 134 "-" "Mozilla/5.0 (compatible; MJ12bot/v1.4.8; http://mj12bot.com/)"
188.165.232.135 - - [23/Jun/2022:01:27:31 +0000] "GET /node/category/%E0%B8%A7%E0%B8%B1%E0%B8%94 HTTP/1.1" 302 154 "-" "Mozilla/5.0 (compatible; MJ12bot/v1.4.8; http://mj12bot.com/)"
188.165.232.135 - - [23/Jun/2022:01:27:34 +0000] "GET /node/category/%E0%B8%A7%E0%B8%B1%E0%B8%94 HTTP/1.1" 404 134 "-" "Mozilla/5.0 (compatible; MJ12bot/v1.4.8; http://mj12bot.com/)"
188.165.232.135 - - [23/Jun/2022:01:27:39 +0000] "GET /node/category/%E0%B8%A7%E0%B8%B1%E0%B8%99%E0%B9%80%E0%B8%81%E0%B8%B4%E0%B8%94 HTTP/1.1" 302 154 "-" "Mozilla/5.0 (compatible; MJ12bot/v1.4.8; http://mj12bot.com/)"
188.165.232.135 - - [23/Jun/2022:01:27:43 +0000] "GET /node/category/%E0%B8%A7%E0%B8%B1%E0%B8%99%E0%B9%80%E0%B8%81%E0%B8%B4%E0%B8%94 HTTP/1.1" 404 134 "-" "Mozilla/5.0 (compatible; MJ12bot/v1.4.8; http://mj12bot.com/)"
188.165.232.135 - - [23/Jun/2022:01:27:47 +0000] "GET /node/category/%E0%B8%A8%E0%B8%B4%E0%B8%A9%E0%B8%A2%E0%B9%8C%E0%B9%80%E0%B8%81%E0%B9%88%E0%B8%B2_%E0%B8%AD%E0%B8%81. HTTP/1.1" 302 154 "-" "Mozilla/5.0 (compatible; MJ12bot/v1.4.8; http://mj12bot.com/)"
188.165.232.135 - - [23/Jun/2022:01:27:54 +0000] "GET /node/category/%E0%B8%A8%E0%B8%B4%E0%B8%A9%E0%B8%A2%E0%B9%8C%E0%B9%80%E0%B8%81%E0%B9%88%E0%B8%B2_%E0%B8%AD%E0%B8%81. HTTP/1.1" 404 134 "-" "Mozilla/5.0 (compatible; MJ12bot/v1.4.8; http://mj12bot.com/)"
188.165.232.135 - - [23/Jun/2022:01:28:00 +0000] "GET /node/category/%E0%B8%AA%E0%B8%B1%E0%B8%87%E0%B8%84%E0%B8%A1 HTTP/1.1" 404 134 "-" "Mozilla/5.0 (compatible; MJ12bot/v1.4.8; http://mj12bot.com/)"
188.165.232.135 - - [23/Jun/2022:01:28:03 +0000] "GET /node/category/%E0%B8%AA%E0%B8%B1%E0%B8%87%E0%B8%84%E0%B8%A1 HTTP/1.1" 302 154 "-" "Mozilla/5.0 (compatible; MJ12bot/v1.4.8; http://mj12bot.com/)"
