154.54.249.200 - - [26/Jun/2022:09:56:18 +0000] "GET /node/84/feed HTTP/1.1" 301 178 "-" "Mozilla/5.0 (compatible; Barkrowler/0.9; +https://babbar.tech/crawler)"
154.54.249.200 - - [26/Jun/2022:09:56:35 +0000] "GET /feed/?attachment_id=1038 HTTP/1.1" 404 134 "-" "Mozilla/5.0 (compatible; Barkrowler/0.9; +https://babbar.tech/crawler)"
154.54.249.200 - - [26/Jun/2022:09:56:49 +0000] "GET /node/99/feed HTTP/1.1" 301 178 "-" "Mozilla/5.0 (compatible; Barkrowler/0.9; +https://babbar.tech/crawler)"
54.36.149.14 - - [26/Jun/2022:09:57:05 +0000] "GET /ch7_6239/ HTTP/2.0" 200 7868 "-" "Mozilla/5.0 (compatible; AhrefsBot/7.0; +http://ahrefs.com/robot/)"
154.54.249.200 - - [26/Jun/2022:09:57:06 +0000] "GET /feed/?attachment_id=1866 HTTP/1.1" 404 134 "-" "Mozilla/5.0 (compatible; Barkrowler/0.9; +https://babbar.tech/crawler)"
54.36.148.87 - - [26/Jun/2022:09:57:08 +0000] "GET /wp-content/uploads/2014/03/CH7_6364-150x150.jpg HTTP/2.0" 200 73296 "-" "Mozilla/5.0 (compatible; AhrefsBot/7.0; +http://ahrefs.com/robot/)"
54.36.148.77 - - [26/Jun/2022:09:57:11 +0000] "GET /wp-content/uploads/2014/03/CH7_6239.jpg HTTP/2.0" 200 4174677 "-" "Mozilla/5.0 (compatible; AhrefsBot/7.0; +http://ahrefs.com/robot/)"
54.36.148.11 - - [26/Jun/2022:09:57:13 +0000] "GET /wp-content/uploads/2014/03/CH7_6238-150x150.jpg HTTP/2.0" 200 77681 "-" "Mozilla/5.0 (compatible; AhrefsBot/7.0; +http://ahrefs.com/robot/)"
154.54.249.200 - - [26/Jun/2022:09:57:22 +0000] "GET /node/51/feed HTTP/1.1" 301 178 "-" "Mozilla/5.0 (compatible; Barkrowler/0.9; +https://babbar.tech/crawler)"
114.119.147.74 - - [26/Jun/2022:09:57:33 +0000] "GET /node/372?share=reddit HTTP/1.1" 302 154 "https://mrchoke.org/node/372?replytocom=452&ak_action=reject_mobile" "Mozilla/5.0 (Linux; Android 7.0;) AppleWebKit/537.36 (KHTML, like Gecko) Mobile Safari/537.36 (compatible; PetalBot;+https://webmaster.petalsearch.com/site/petalbot)"
154.54.249.200 - - [26/Jun/2022:09:57:42 +0000] "GET /feed/?attachment_id=1052 HTTP/1.1" 404 134 "-" "Mozilla/5.0 (compatible; Barkrowler/0.9; +https://babbar.tech/crawler)"
114.119.147.74 - - [26/Jun/2022:09:57:43 +0000] "GET /node/372?share=reddit HTTP/1.1" 301 178 "https://mrchoke.org/node/372?replytocom=452&ak_action=reject_mobile" "Mozilla/5.0 (Linux; Android 7.0;) AppleWebKit/537.36 (KHTML, like Gecko) Mobile Safari/537.36 (compatible; PetalBot;+https://webmaster.petalsearch.com/site/petalbot)"
154.54.249.200 - - [26/Jun/2022:09:57:58 +0000] "GET /node/54/feed HTTP/1.1" 301 178 "-" "Mozilla/5.0 (compatible; Barkrowler/0.9; +https://babbar.tech/crawler)"
154.54.249.200 - - [26/Jun/2022:09:58:15 +0000] "GET /feed/?attachment_id=1767 HTTP/1.1" 404 134 "-" "Mozilla/5.0 (compatible; Barkrowler/0.9; +https://babbar.tech/crawler)"
154.54.249.200 - - [26/Jun/2022:09:58:29 +0000] "GET /node/87/feed HTTP/1.1" 301 178 "-" "Mozilla/5.0 (compatible; Barkrowler/0.9; +https://babbar.tech/crawler)"
66.249.64.212 - - [26/Jun/2022:09:58:32 +0000] "GET /node/tag/icu HTTP/1.1" 301 178 "-" "Mozilla/5.0 (Linux; Android 6.0.1; Nexus 5X Build/MMB29P) AppleWebKit/537.36 (KHTML, like Gecko) Chrome/102.0.5005.115 Mobile Safari/537.36 (compatible; Googlebot/2.1; +http://www.google.com/bot.html)"
154.54.249.200 - - [26/Jun/2022:09:58:45 +0000] "GET /feed/?attachment_id=1621 HTTP/1.1" 404 134 "-" "Mozilla/5.0 (compatible; Barkrowler/0.9; +https://babbar.tech/crawler)"
114.119.147.81 - - [26/Jun/2022:09:58:53 +0000] "GET /node/508?ak_action=accept_mobile HTTP/1.1" 302 154 "https://mrchoke.org/node/508?ak_action=reject_mobile" "Mozilla/5.0 (Linux; Android 7.0;) AppleWebKit/537.36 (KHTML, like Gecko) Mobile Safari/537.36 (compatible; PetalBot;+https://webmaster.petalsearch.com/site/petalbot)"
114.119.147.81 - - [26/Jun/2022:09:58:59 +0000] "GET /node/508?ak_action=accept_mobile HTTP/1.1" 301 178 "https://mrchoke.org/node/508?ak_action=reject_mobile" "Mozilla/5.0 (Linux; Android 7.0;) AppleWebKit/537.36 (KHTML, like Gecko) Mobile Safari/537.36 (compatible; PetalBot;+https://webmaster.petalsearch.com/site/petalbot)"
114.119.147.81 - - [26/Jun/2022:09:59:04 +0000] "GET /node/508/?ak_action=accept_mobile HTTP/1.1" 200 9786 "https://mrchoke.org/node/508?ak_action=reject_mobile" "Mozilla/5.0 (Linux; Android 7.0;) AppleWebKit/537.36 (KHTML, like Gecko) Mobile Safari/537.36 (compatible; PetalBot;+https://webmaster.petalsearch.com/site/petalbot)"
154.54.249.200 - - [26/Jun/2022:09:59:45 +0000] "GET /node/68/feed HTTP/1.1" 301 178 "-" "Mozilla/5.0 (compatible; Barkrowler/0.9; +https://babbar.tech/crawler)"
54.36.148.22 - - [26/Jun/2022:09:59:55 +0000] "GET /img_6599/ HTTP/2.0" 200 7879 "-" "Mozilla/5.0 (compatible; AhrefsBot/7.0; +http://ahrefs.com/robot/)"
216.244.66.229 - - [26/Jun/2022:10:00:10 +0000] "GET /node/185/?share=twitter HTTP/1.1" 404 162 "-" "Mozilla/5.0 (compatible; DotBot/1.2; +https://opensiteexplorer.org/dotbot; help@moz.com)"
154.54.249.200 - - [26/Jun/2022:10:00:12 +0000] "GET /feed/?attachment_id=1313 HTTP/1.1" 404 134 "-" "Mozilla/5.0 (compatible; Barkrowler/0.9; +https://babbar.tech/crawler)"
154.54.249.200 - - [26/Jun/2022:10:00:29 +0000] "GET /node/72/feed HTTP/1.1" 301 178 "-" "Mozilla/5.0 (compatible; Barkrowler/0.9; +https://babbar.tech/crawler)"
154.54.249.200 - - [26/Jun/2022:10:00:44 +0000] "GET /feed/?attachment_id=1446 HTTP/1.1" 404 134 "-" "Mozilla/5.0 (compatible; Barkrowler/0.9; +https://babbar.tech/crawler)"
114.119.147.75 - - [26/Jun/2022:10:00:56 +0000] "GET /node/date/2004/05/03 HTTP/1.1" 302 154 "https://mrchoke.org/node/425" "Mozilla/5.0 (Linux; Android 7.0;) AppleWebKit/537.36 (KHTML, like Gecko) Mobile Safari/537.36 (compatible; PetalBot;+https://webmaster.petalsearch.com/site/petalbot)"
154.54.249.200 - - [26/Jun/2022:10:00:58 +0000] "GET /node/78/feed HTTP/1.1" 301 178 "-" "Mozilla/5.0 (compatible; Barkrowler/0.9; +https://babbar.tech/crawler)"
114.119.147.75 - - [26/Jun/2022:10:01:02 +0000] "GET /node/date/2004/05/03 HTTP/1.1" 301 178 "https://mrchoke.org/node/425" "Mozilla/5.0 (Linux; Android 7.0;) AppleWebKit/537.36 (KHTML, like Gecko) Mobile Safari/537.36 (compatible; PetalBot;+https://webmaster.petalsearch.com/site/petalbot)"
114.119.147.75 - - [26/Jun/2022:10:01:08 +0000] "GET /node/date/2004/05/03/ HTTP/1.1" 200 8754 "https://mrchoke.org/node/425" "Mozilla/5.0 (Linux; Android 7.0;) AppleWebKit/537.36 (KHTML, like Gecko) Mobile Safari/537.36 (compatible; PetalBot;+https://webmaster.petalsearch.com/site/petalbot)"
154.54.249.200 - - [26/Jun/2022:10:01:11 +0000] "GET /feed/?attachment_id=1665 HTTP/1.1" 404 134 "-" "Mozilla/5.0 (compatible; Barkrowler/0.9; +https://babbar.tech/crawler)"
154.54.249.200 - - [26/Jun/2022:10:01:24 +0000] "GET /node/39/feed HTTP/1.1" 301 178 "-" "Mozilla/5.0 (compatible; Barkrowler/0.9; +https://babbar.tech/crawler)"
154.54.249.200 - - [26/Jun/2022:10:01:41 +0000] "GET /feed/?attachment_id=1169 HTTP/1.1" 404 134 "-" "Mozilla/5.0 (compatible; Barkrowler/0.9; +https://babbar.tech/crawler)"
154.54.249.200 - - [26/Jun/2022:10:01:57 +0000] "GET /node/52/feed HTTP/1.1" 301 178 "-" "Mozilla/5.0 (compatible; Barkrowler/0.9; +https://babbar.tech/crawler)"
154.54.249.200 - - [26/Jun/2022:10:02:12 +0000] "GET /feed/?attachment_id=1325 HTTP/1.1" 404 134 "-" "Mozilla/5.0 (compatible; Barkrowler/0.9; +https://babbar.tech/crawler)"
54.36.148.39 - - [26/Jun/2022:10:02:30 +0000] "GET /node/790/img_6137/ HTTP/2.0" 200 7887 "-" "Mozilla/5.0 (compatible; AhrefsBot/7.0; +http://ahrefs.com/robot/)"
154.54.249.200 - - [26/Jun/2022:10:02:31 +0000] "GET /node/58/feed HTTP/1.1" 301 178 "-" "Mozilla/5.0 (compatible; Barkrowler/0.9; +https://babbar.tech/crawler)"
154.54.249.200 - - [26/Jun/2022:10:02:49 +0000] "GET /feed/?attachment_id=1024 HTTP/1.1" 404 134 "-" "Mozilla/5.0 (compatible; Barkrowler/0.9; +https://babbar.tech/crawler)"
154.54.249.200 - - [26/Jun/2022:10:03:06 +0000] "GET /node/49/feed HTTP/1.1" 301 178 "-" "Mozilla/5.0 (compatible; Barkrowler/0.9; +https://babbar.tech/crawler)"
154.54.249.200 - - [26/Jun/2022:10:03:21 +0000] "GET /feed/?attachment_id=1227 HTTP/1.1" 404 134 "-" "Mozilla/5.0 (compatible; Barkrowler/0.9; +https://babbar.tech/crawler)"
154.54.249.200 - - [26/Jun/2022:10:03:35 +0000] "GET /node/47/feed HTTP/1.1" 301 178 "-" "Mozilla/5.0 (compatible; Barkrowler/0.9; +https://babbar.tech/crawler)"
114.119.147.87 - - [26/Jun/2022:10:03:41 +0000] "GET /node/1428/img_7299?ak_action=accept_mobile HTTP/1.1" 302 154 "https://mrchoke.org/node/1428/img_7299?ak_action=reject_mobile" "Mozilla/5.0 (Linux; Android 7.0;) AppleWebKit/537.36 (KHTML, like Gecko) Mobile Safari/537.36 (compatible; PetalBot;+https://webmaster.petalsearch.com/site/petalbot)"
185.191.171.9 - - [26/Jun/2022:10:03:48 +0000] "GET /node/1885/6 HTTP/1.1" 301 178 "-" "Mozilla/5.0 (compatible; SemrushBot/7~bl; +http://www.semrush.com/bot.html)"
154.54.249.200 - - [26/Jun/2022:10:03:49 +0000] "GET /feed/?attachment_id=1639 HTTP/1.1" 404 134 "-" "Mozilla/5.0 (compatible; Barkrowler/0.9; +https://babbar.tech/crawler)"
185.191.171.5 - - [26/Jun/2022:10:03:51 +0000] "GET /node/1885/6/ HTTP/1.1" 200 21008 "-" "Mozilla/5.0 (compatible; SemrushBot/7~bl; +http://www.semrush.com/bot.html)"
114.119.147.87 - - [26/Jun/2022:10:03:55 +0000] "GET /node/1428/img_7299?ak_action=accept_mobile HTTP/1.1" 301 178 "https://mrchoke.org/node/1428/img_7299?ak_action=reject_mobile" "Mozilla/5.0 (Linux; Android 7.0;) AppleWebKit/537.36 (KHTML, like Gecko) Mobile Safari/537.36 (compatible; PetalBot;+https://webmaster.petalsearch.com/site/petalbot)"
154.54.249.200 - - [26/Jun/2022:10:04:10 +0000] "GET /node/53/feed HTTP/1.1" 301 178 "-" "Mozilla/5.0 (compatible; Barkrowler/0.9; +https://babbar.tech/crawler)"
154.54.249.200 - - [26/Jun/2022:10:04:37 +0000] "GET /feed/?attachment_id=1683 HTTP/1.1" 404 134 "-" "Mozilla/5.0 (compatible; Barkrowler/0.9; +https://babbar.tech/crawler)"
154.54.249.200 - - [26/Jun/2022:10:04:53 +0000] "GET /node/89/feed HTTP/1.1" 301 178 "-" "Mozilla/5.0 (compatible; Barkrowler/0.9; +https://babbar.tech/crawler)"
114.119.147.74 - - [26/Jun/2022:10:05:05 +0000] "GET /node/19 HTTP/1.1" 302 154 "https://mrchoke.org/node/20" "Mozilla/5.0 (Linux; Android 7.0;) AppleWebKit/537.36 (KHTML, like Gecko) Mobile Safari/537.36 (compatible; PetalBot;+https://webmaster.petalsearch.com/site/petalbot)"
114.119.147.74 - - [26/Jun/2022:10:05:11 +0000] "GET /node/19 HTTP/1.1" 301 178 "https://mrchoke.org/node/20" "Mozilla/5.0 (Linux; Android 7.0;) AppleWebKit/537.36 (KHTML, like Gecko) Mobile Safari/537.36 (compatible; PetalBot;+https://webmaster.petalsearch.com/site/petalbot)"
54.36.149.104 - - [26/Jun/2022:10:05:12 +0000] "GET /node/date/2004/06/28/ HTTP/2.0" 200 8445 "-" "Mozilla/5.0 (compatible; AhrefsBot/7.0; +http://ahrefs.com/robot/)"
114.119.147.74 - - [26/Jun/2022:10:05:15 +0000] "GET /node/19/ HTTP/1.1" 200 10248 "https://mrchoke.org/node/20" "Mozilla/5.0 (Linux; Android 7.0;) AppleWebKit/537.36 (KHTML, like Gecko) Mobile Safari/537.36 (compatible; PetalBot;+https://webmaster.petalsearch.com/site/petalbot)"
154.54.249.200 - - [26/Jun/2022:10:05:15 +0000] "GET /feed/?attachment_id=1315 HTTP/1.1" 404 134 "-" "Mozilla/5.0 (compatible; Barkrowler/0.9; +https://babbar.tech/crawler)"
154.54.249.200 - - [26/Jun/2022:10:05:29 +0000] "GET /node/83/feed HTTP/1.1" 301 178 "-" "Mozilla/5.0 (compatible; Barkrowler/0.9; +https://babbar.tech/crawler)"
154.54.249.200 - - [26/Jun/2022:10:05:44 +0000] "GET /feed/?attachment_id=1547 HTTP/1.1" 404 134 "-" "Mozilla/5.0 (compatible; Barkrowler/0.9; +https://babbar.tech/crawler)"
154.54.249.200 - - [26/Jun/2022:10:05:58 +0000] "GET /node/45/feed HTTP/1.1" 301 178 "-" "Mozilla/5.0 (compatible; Barkrowler/0.9; +https://babbar.tech/crawler)"
154.54.249.200 - - [26/Jun/2022:10:06:15 +0000] "GET /feed/?attachment_id=1399 HTTP/1.1" 404 134 "-" "Mozilla/5.0 (compatible; Barkrowler/0.9; +https://babbar.tech/crawler)"
154.54.249.200 - - [26/Jun/2022:10:06:30 +0000] "GET /node/79/feed HTTP/1.1" 301 178 "-" "Mozilla/5.0 (compatible; Barkrowler/0.9; +https://babbar.tech/crawler)"
154.54.249.200 - - [26/Jun/2022:10:06:44 +0000] "GET /feed/?attachment_id=1719 HTTP/1.1" 404 134 "-" "Mozilla/5.0 (compatible; Barkrowler/0.9; +https://babbar.tech/crawler)"
154.54.249.200 - - [26/Jun/2022:10:07:00 +0000] "GET /node/66/feed HTTP/1.1" 301 178 "-" "Mozilla/5.0 (compatible; Barkrowler/0.9; +https://babbar.tech/crawler)"
114.119.147.74 - - [26/Jun/2022:10:07:15 +0000] "GET /node/1537?share=reddit HTTP/1.1" 302 154 "https://mrchoke.org/node/1537?ak_action=accept_mobile" "Mozilla/5.0 (Linux; Android 7.0;) AppleWebKit/537.36 (KHTML, like Gecko) Mobile Safari/537.36 (compatible; PetalBot;+https://webmaster.petalsearch.com/site/petalbot)"
154.54.249.200 - - [26/Jun/2022:10:07:16 +0000] "GET /feed/?attachment_id=1389 HTTP/1.1" 404 134 "-" "Mozilla/5.0 (compatible; Barkrowler/0.9; +https://babbar.tech/crawler)"
114.119.147.74 - - [26/Jun/2022:10:07:26 +0000] "GET /node/1537?share=reddit HTTP/1.1" 301 178 "https://mrchoke.org/node/1537?ak_action=accept_mobile" "Mozilla/5.0 (Linux; Android 7.0;) AppleWebKit/537.36 (KHTML, like Gecko) Mobile Safari/537.36 (compatible; PetalBot;+https://webmaster.petalsearch.com/site/petalbot)"
114.119.147.74 - - [26/Jun/2022:10:07:32 +0000] "GET /node/1537/?share=reddit HTTP/1.1" 200 10910 "https://mrchoke.org/node/1537?ak_action=accept_mobile" "Mozilla/5.0 (Linux; Android 7.0;) AppleWebKit/537.36 (KHTML, like Gecko) Mobile Safari/537.36 (compatible; PetalBot;+https://webmaster.petalsearch.com/site/petalbot)"
154.54.249.200 - - [26/Jun/2022:10:07:34 +0000] "GET /node/date/2013/04/ HTTP/1.1" 200 8188 "-" "Mozilla/5.0 (compatible; Barkrowler/0.9; +https://babbar.tech/crawler)"
154.54.249.200 - - [26/Jun/2022:10:07:50 +0000] "GET /feed/?attachment_id=1257 HTTP/1.1" 404 134 "-" "Mozilla/5.0 (compatible; Barkrowler/0.9; +https://babbar.tech/crawler)"
154.54.249.200 - - [26/Jun/2022:10:08:04 +0000] "GET /node/date/2014/01 HTTP/1.1" 301 178 "-" "Mozilla/5.0 (compatible; Barkrowler/0.9; +https://babbar.tech/crawler)"
154.54.249.200 - - [26/Jun/2022:10:08:19 +0000] "GET /feed/?attachment_id=1519 HTTP/1.1" 404 134 "-" "Mozilla/5.0 (compatible; Barkrowler/0.9; +https://babbar.tech/crawler)"
154.54.249.200 - - [26/Jun/2022:10:08:34 +0000] "GET /node/date/2010/12 HTTP/1.1" 301 178 "-" "Mozilla/5.0 (compatible; Barkrowler/0.9; +https://babbar.tech/crawler)"
54.36.148.79 - - [26/Jun/2022:10:08:37 +0000] "GET /node/date/2004/10/20/ HTTP/2.0" 200 8890 "-" "Mozilla/5.0 (compatible; AhrefsBot/7.0; +http://ahrefs.com/robot/)"
154.54.249.200 - - [26/Jun/2022:10:08:49 +0000] "GET /feed/?attachment_id=1670 HTTP/1.1" 404 134 "-" "Mozilla/5.0 (compatible; Barkrowler/0.9; +https://babbar.tech/crawler)"
114.119.147.87 - - [26/Jun/2022:10:08:50 +0000] "GET /node/date/2016/08/31 HTTP/1.1" 302 154 "https://mrchoke.org/node/1997?ak_action=accept_mobile" "Mozilla/5.0 (Linux; Android 7.0;) AppleWebKit/537.36 (KHTML, like Gecko) Mobile Safari/537.36 (compatible; PetalBot;+https://webmaster.petalsearch.com/site/petalbot)"
114.119.147.87 - - [26/Jun/2022:10:09:00 +0000] "GET /node/date/2016/08/31 HTTP/1.1" 301 178 "https://mrchoke.org/node/1997?ak_action=accept_mobile" "Mozilla/5.0 (Linux; Android 7.0;) AppleWebKit/537.36 (KHTML, like Gecko) Mobile Safari/537.36 (compatible; PetalBot;+https://webmaster.petalsearch.com/site/petalbot)"
154.54.249.200 - - [26/Jun/2022:10:09:06 +0000] "GET /node/date/2013/12 HTTP/1.1" 301 178 "-" "Mozilla/5.0 (compatible; Barkrowler/0.9; +https://babbar.tech/crawler)"
114.119.147.87 - - [26/Jun/2022:10:09:07 +0000] "GET /node/date/2016/08/31/ HTTP/1.1" 200 9200 "https://mrchoke.org/node/1997?ak_action=accept_mobile" "Mozilla/5.0 (Linux; Android 7.0;) AppleWebKit/537.36 (KHTML, like Gecko) Mobile Safari/537.36 (compatible; PetalBot;+https://webmaster.petalsearch.com/site/petalbot)"
154.54.249.200 - - [26/Jun/2022:10:09:21 +0000] "GET /feed/?attachment_id=1080 HTTP/1.1" 404 134 "-" "Mozilla/5.0 (compatible; Barkrowler/0.9; +https://babbar.tech/crawler)"
154.54.249.200 - - [26/Jun/2022:10:09:35 +0000] "GET /node/date/2014/02/ HTTP/1.1" 200 11544 "-" "Mozilla/5.0 (compatible; Barkrowler/0.9; +https://babbar.tech/crawler)"
154.54.249.200 - - [26/Jun/2022:10:09:51 +0000] "GET /feed/?attachment_id=1586 HTTP/1.1" 404 134 "-" "Mozilla/5.0 (compatible; Barkrowler/0.9; +https://babbar.tech/crawler)"
154.54.249.200 - - [26/Jun/2022:10:10:04 +0000] "GET /node/date/2011/03/ HTTP/1.1" 200 9708 "-" "Mozilla/5.0 (compatible; Barkrowler/0.9; +https://babbar.tech/crawler)"
154.54.249.200 - - [26/Jun/2022:10:10:39 +0000] "GET /feed/?attachment_id=1566 HTTP/1.1" 404 134 "-" "Mozilla/5.0 (compatible; Barkrowler/0.9; +https://babbar.tech/crawler)"
54.36.148.229 - - [26/Jun/2022:10:10:56 +0000] "GET /node/488/ HTTP/2.0" 200 9540 "-" "Mozilla/5.0 (compatible; AhrefsBot/7.0; +http://ahrefs.com/robot/)"
154.54.249.200 - - [26/Jun/2022:10:10:58 +0000] "GET /node/date/2012/07/ HTTP/1.1" 200 8467 "-" "Mozilla/5.0 (compatible; Barkrowler/0.9; +https://babbar.tech/crawler)"
154.54.249.200 - - [26/Jun/2022:10:11:12 +0000] "GET /feed/?attachment_id=1322 HTTP/1.1" 404 134 "-" "Mozilla/5.0 (compatible; Barkrowler/0.9; +https://babbar.tech/crawler)"
114.119.147.74 - - [26/Jun/2022:10:11:25 +0000] "GET /node/tag/centos?ak_action=accept_mobile HTTP/1.1" 302 154 "https://mrchoke.org/node/tag/centos?ak_action=reject_mobile" "Mozilla/5.0 (Linux; Android 7.0;) AppleWebKit/537.36 (KHTML, like Gecko) Mobile Safari/537.36 (compatible; PetalBot;+https://webmaster.petalsearch.com/site/petalbot)"
154.54.249.200 - - [26/Jun/2022:10:11:26 +0000] "GET /node/date/2011/07/ HTTP/1.1" 200 8019 "-" "Mozilla/5.0 (compatible; Barkrowler/0.9; +https://babbar.tech/crawler)"
154.54.249.200 - - [26/Jun/2022:10:11:40 +0000] "GET /feed/?attachment_id=1173 HTTP/1.1" 404 134 "-" "Mozilla/5.0 (compatible; Barkrowler/0.9; +https://babbar.tech/crawler)"
114.119.147.74 - - [26/Jun/2022:10:11:47 +0000] "GET /node/tag/centos?ak_action=accept_mobile HTTP/1.1" 301 178 "https://mrchoke.org/node/tag/centos?ak_action=reject_mobile" "Mozilla/5.0 (Linux; Android 7.0;) AppleWebKit/537.36 (KHTML, like Gecko) Mobile Safari/537.36 (compatible; PetalBot;+https://webmaster.petalsearch.com/site/petalbot)"
154.54.249.200 - - [26/Jun/2022:10:11:55 +0000] "GET /node/date/2014/03/ HTTP/1.1" 200 10819 "-" "Mozilla/5.0 (compatible; Barkrowler/0.9; +https://babbar.tech/crawler)"
154.54.249.200 - - [26/Jun/2022:10:12:09 +0000] "GET /feed/?attachment_id=1250 HTTP/1.1" 404 134 "-" "Mozilla/5.0 (compatible; Barkrowler/0.9; +https://babbar.tech/crawler)"
154.54.249.200 - - [26/Jun/2022:10:12:23 +0000] "GET /node/date/2016/04/ HTTP/1.1" 200 8640 "-" "Mozilla/5.0 (compatible; Barkrowler/0.9; +https://babbar.tech/crawler)"
154.54.249.200 - - [26/Jun/2022:10:12:36 +0000] "GET /feed/?attachment_id=1110 HTTP/1.1" 404 134 "-" "Mozilla/5.0 (compatible; Barkrowler/0.9; +https://babbar.tech/crawler)"
154.54.249.200 - - [26/Jun/2022:10:12:50 +0000] "GET /node/date/2014/07/ HTTP/1.1" 200 9475 "-" "Mozilla/5.0 (compatible; Barkrowler/0.9; +https://babbar.tech/crawler)"
185.191.171.24 - - [26/Jun/2022:10:12:55 +0000] "GET /robots.txt HTTP/1.1" 404 134 "-" "Mozilla/5.0 (compatible; SemrushBot/7~bl; +http://www.semrush.com/bot.html)"
185.191.171.15 - - [26/Jun/2022:10:12:57 +0000] "GET /node/date/2004/07/page/2 HTTP/1.1" 301 178 "-" "Mozilla/5.0 (compatible; SemrushBot/7~bl; +http://www.semrush.com/bot.html)"
185.191.171.33 - - [26/Jun/2022:10:13:00 +0000] "GET /node/date/2004/07/page/2/ HTTP/1.1" 200 10977 "-" "Mozilla/5.0 (compatible; SemrushBot/7~bl; +http://www.semrush.com/bot.html)"
154.54.249.200 - - [26/Jun/2022:10:13:06 +0000] "GET /feed/?attachment_id=1700 HTTP/1.1" 404 134 "-" "Mozilla/5.0 (compatible; Barkrowler/0.9; +https://babbar.tech/crawler)"
114.119.147.87 - - [26/Jun/2022:10:13:09 +0000] "GET /node/tag/centos?ak_action=accept_mobile HTTP/1.1" 302 154 "https://mrchoke.org/node/tag/centos?ak_action=reject_mobile" "Mozilla/5.0 (Linux; Android 7.0;) AppleWebKit/537.36 (KHTML, like Gecko) Mobile Safari/537.36 (compatible; PetalBot;+https://webmaster.petalsearch.com/site/petalbot)"
154.54.249.200 - - [26/Jun/2022:10:13:22 +0000] "GET /node/date/2016/08/ HTTP/1.1" 200 9239 "-" "Mozilla/5.0 (compatible; Barkrowler/0.9; +https://babbar.tech/crawler)"
114.119.147.87 - - [26/Jun/2022:10:13:23 +0000] "GET /node/tag/centos?ak_action=accept_mobile HTTP/1.1" 301 178 "https://mrchoke.org/node/tag/centos?ak_action=reject_mobile" "Mozilla/5.0 (Linux; Android 7.0;) AppleWebKit/537.36 (KHTML, like Gecko) Mobile Safari/537.36 (compatible; PetalBot;+https://webmaster.petalsearch.com/site/petalbot)"
54.36.149.19 - - [26/Jun/2022:10:13:25 +0000] "GET /node/486/ HTTP/2.0" 200 8525 "-" "Mozilla/5.0 (compatible; AhrefsBot/7.0; +http://ahrefs.com/robot/)"
114.119.147.86 - - [26/Jun/2022:10:13:31 +0000] "GET /node/123?share=linkedin HTTP/1.1" 302 154 "https://mrchoke.org/node/123?ak_action=accept_mobile" "Mozilla/5.0 (Linux; Android 7.0;) AppleWebKit/537.36 (KHTML, like Gecko) Mobile Safari/537.36 (compatible; PetalBot;+https://webmaster.petalsearch.com/site/petalbot)"
66.249.64.212 - - [26/Jun/2022:10:13:32 +0000] "GET /node/466 HTTP/1.1" 301 178 "-" "Mozilla/5.0 (Linux; Android 6.0.1; Nexus 5X Build/MMB29P) AppleWebKit/537.36 (KHTML, like Gecko) Chrome/102.0.5005.115 Mobile Safari/537.36 (compatible; Googlebot/2.1; +http://www.google.com/bot.html)"
66.249.64.212 - - [26/Jun/2022:10:13:32 +0000] "GET /node/466/ HTTP/1.1" 200 8640 "-" "Mozilla/5.0 (Linux; Android 6.0.1; Nexus 5X Build/MMB29P) AppleWebKit/537.36 (KHTML, like Gecko) Chrome/102.0.5005.115 Mobile Safari/537.36 (compatible; Googlebot/2.1; +http://www.google.com/bot.html)"
154.54.249.200 - - [26/Jun/2022:10:13:36 +0000] "GET /feed/?attachment_id=1442 HTTP/1.1" 404 134 "-" "Mozilla/5.0 (compatible; Barkrowler/0.9; +https://babbar.tech/crawler)"
114.119.147.86 - - [26/Jun/2022:10:13:41 +0000] "GET /node/123?share=linkedin HTTP/1.1" 301 178 "https://mrchoke.org/node/123?ak_action=accept_mobile" "Mozilla/5.0 (Linux; Android 7.0;) AppleWebKit/537.36 (KHTML, like Gecko) Mobile Safari/537.36 (compatible; PetalBot;+https://webmaster.petalsearch.com/site/petalbot)"
154.54.249.200 - - [26/Jun/2022:10:13:49 +0000] "GET /node/date/2014/01/ HTTP/1.1" 200 16563 "-" "Mozilla/5.0 (compatible; Barkrowler/0.9; +https://babbar.tech/crawler)"
114.119.147.86 - - [26/Jun/2022:10:13:51 +0000] "GET /node/123/?share=linkedin HTTP/1.1" 200 9096 "https://mrchoke.org/node/123?ak_action=accept_mobile" "Mozilla/5.0 (Linux; Android 7.0;) AppleWebKit/537.36 (KHTML, like Gecko) Mobile Safari/537.36 (compatible; PetalBot;+https://webmaster.petalsearch.com/site/petalbot)"
154.54.249.200 - - [26/Jun/2022:10:14:05 +0000] "GET /feed/?attachment_id=1675 HTTP/1.1" 404 134 "-" "Mozilla/5.0 (compatible; Barkrowler/0.9; +https://babbar.tech/crawler)"
154.54.249.200 - - [26/Jun/2022:10:14:23 +0000] "GET /node/date/2012/04/ HTTP/1.1" 200 6215 "-" "Mozilla/5.0 (compatible; Barkrowler/0.9; +https://babbar.tech/crawler)"
154.54.249.200 - - [26/Jun/2022:10:14:44 +0000] "GET /feed/?attachment_id=1274 HTTP/1.1" 404 134 "-" "Mozilla/5.0 (compatible; Barkrowler/0.9; +https://babbar.tech/crawler)"
114.119.147.74 - - [26/Jun/2022:10:14:48 +0000] "GET /node/date/2006/03/29 HTTP/1.1" 302 154 "https://mrchoke.org/node/27?ak_action=accept_mobile" "Mozilla/5.0 (Linux; Android 7.0;) AppleWebKit/537.36 (KHTML, like Gecko) Mobile Safari/537.36 (compatible; PetalBot;+https://webmaster.petalsearch.com/site/petalbot)"
154.54.249.200 - - [26/Jun/2022:10:14:58 +0000] "GET /node/date/2016/05/ HTTP/1.1" 200 10356 "-" "Mozilla/5.0 (compatible; Barkrowler/0.9; +https://babbar.tech/crawler)"
114.119.147.74 - - [26/Jun/2022:10:15:02 +0000] "GET /node/date/2006/03/29 HTTP/1.1" 301 178 "https://mrchoke.org/node/27?ak_action=accept_mobile" "Mozilla/5.0 (Linux; Android 7.0;) AppleWebKit/537.36 (KHTML, like Gecko) Mobile Safari/537.36 (compatible; PetalBot;+https://webmaster.petalsearch.com/site/petalbot)"
154.54.249.200 - - [26/Jun/2022:10:15:12 +0000] "GET /feed/?attachment_id=1696 HTTP/1.1" 404 134 "-" "Mozilla/5.0 (compatible; Barkrowler/0.9; +https://babbar.tech/crawler)"
154.54.249.200 - - [26/Jun/2022:10:15:30 +0000] "GET /node/date/2012/09/ HTTP/1.1" 200 10707 "-" "Mozilla/5.0 (compatible; Barkrowler/0.9; +https://babbar.tech/crawler)"
54.36.148.106 - - [26/Jun/2022:10:15:44 +0000] "GET /node/408/ HTTP/2.0" 200 8399 "-" "Mozilla/5.0 (compatible; AhrefsBot/7.0; +http://ahrefs.com/robot/)"
154.54.249.200 - - [26/Jun/2022:10:15:45 +0000] "GET /feed/?attachment_id=1688 HTTP/1.1" 404 134 "-" "Mozilla/5.0 (compatible; Barkrowler/0.9; +https://babbar.tech/crawler)"
154.54.249.200 - - [26/Jun/2022:10:15:59 +0000] "GET /node/date/2013/12/ HTTP/1.1" 200 11825 "-" "Mozilla/5.0 (compatible; Barkrowler/0.9; +https://babbar.tech/crawler)"
154.54.249.200 - - [26/Jun/2022:10:16:13 +0000] "GET /feed/?attachment_id=1870 HTTP/1.1" 404 134 "-" "Mozilla/5.0 (compatible; Barkrowler/0.9; +https://babbar.tech/crawler)"
154.54.249.200 - - [26/Jun/2022:10:16:32 +0000] "GET /node/date/2012/06/ HTTP/1.1" 200 8072 "-" "Mozilla/5.0 (compatible; Barkrowler/0.9; +https://babbar.tech/crawler)"
154.54.249.200 - - [26/Jun/2022:10:16:48 +0000] "GET /feed/?attachment_id=1022 HTTP/1.1" 404 134 "-" "Mozilla/5.0 (compatible; Barkrowler/0.9; +https://babbar.tech/crawler)"
114.119.147.74 - - [26/Jun/2022:10:16:49 +0000] "GET /node/1348/img_7228?ak_action=reject_mobile HTTP/1.1" 302 154 "https://mrchoke.org/node/1348/img_7228?ak_action=accept_mobile" "Mozilla/5.0 (Linux; Android 7.0;) AppleWebKit/537.36 (KHTML, like Gecko) Mobile Safari/537.36 (compatible; PetalBot;+https://webmaster.petalsearch.com/site/petalbot)"
114.119.147.74 - - [26/Jun/2022:10:16:54 +0000] "GET /node/1348/img_7228?ak_action=reject_mobile HTTP/1.1" 301 178 "https://mrchoke.org/node/1348/img_7228?ak_action=accept_mobile" "Mozilla/5.0 (Linux; Android 7.0;) AppleWebKit/537.36 (KHTML, like Gecko) Mobile Safari/537.36 (compatible; PetalBot;+https://webmaster.petalsearch.com/site/petalbot)"
114.119.147.74 - - [26/Jun/2022:10:16:59 +0000] "GET /node/1348/img_7228/?ak_action=reject_mobile HTTP/1.1" 200 7891 "https://mrchoke.org/node/1348/img_7228?ak_action=accept_mobile" "Mozilla/5.0 (Linux; Android 7.0;) AppleWebKit/537.36 (KHTML, like Gecko) Mobile Safari/537.36 (compatible; PetalBot;+https://webmaster.petalsearch.com/site/petalbot)"
154.54.249.200 - - [26/Jun/2022:10:17:03 +0000] "GET /node/date/2012/05/ HTTP/1.1" 200 12928 "-" "Mozilla/5.0 (compatible; Barkrowler/0.9; +https://babbar.tech/crawler)"
154.54.249.200 - - [26/Jun/2022:10:17:18 +0000] "GET /feed/?attachment_id=1447 HTTP/1.1" 404 134 "-" "Mozilla/5.0 (compatible; Barkrowler/0.9; +https://babbar.tech/crawler)"
154.54.249.200 - - [26/Jun/2022:10:17:31 +0000] "GET /node/date/2011/03 HTTP/1.1" 301 178 "-" "Mozilla/5.0 (compatible; Barkrowler/0.9; +https://babbar.tech/crawler)"
154.54.249.200 - - [26/Jun/2022:10:17:46 +0000] "GET /feed/?attachment_id=1394 HTTP/1.1" 404 134 "-" "Mozilla/5.0 (compatible; Barkrowler/0.9; +https://babbar.tech/crawler)"
54.36.148.166 - - [26/Jun/2022:10:17:59 +0000] "GET /node/date/2005/07/28/ HTTP/2.0" 200 8776 "-" "Mozilla/5.0 (compatible; AhrefsBot/7.0; +http://ahrefs.com/robot/)"
154.54.249.200 - - [26/Jun/2022:10:18:01 +0000] "GET /node/date/2010/03 HTTP/1.1" 301 178 "-" "Mozilla/5.0 (compatible; Barkrowler/0.9; +https://babbar.tech/crawler)"
154.54.249.200 - - [26/Jun/2022:10:18:16 +0000] "GET /feed/?attachment_id=1272 HTTP/1.1" 404 134 "-" "Mozilla/5.0 (compatible; Barkrowler/0.9; +https://babbar.tech/crawler)"
114.119.147.74 - - [26/Jun/2022:10:18:28 +0000] "GET /node/217?ak_action=accept_mobile HTTP/1.1" 302 154 "https://mrchoke.org/node/217?ak_action=reject_mobile" "Mozilla/5.0 (Linux; Android 7.0;) AppleWebKit/537.36 (KHTML, like Gecko) Mobile Safari/537.36 (compatible; PetalBot;+https://webmaster.petalsearch.com/site/petalbot)"
154.54.249.200 - - [26/Jun/2022:10:18:29 +0000] "GET /node/date/2010/03/ HTTP/1.1" 200 9019 "-" "Mozilla/5.0 (compatible; Barkrowler/0.9; +https://babbar.tech/crawler)"
114.119.147.74 - - [26/Jun/2022:10:18:33 +0000] "GET /node/217?ak_action=accept_mobile HTTP/1.1" 301 178 "https://mrchoke.org/node/217?ak_action=reject_mobile" "Mozilla/5.0 (Linux; Android 7.0;) AppleWebKit/537.36 (KHTML, like Gecko) Mobile Safari/537.36 (compatible; PetalBot;+https://webmaster.petalsearch.com/site/petalbot)"
114.119.147.74 - - [26/Jun/2022:10:18:37 +0000] "GET /node/217/?ak_action=accept_mobile HTTP/1.1" 200 8316 "https://mrchoke.org/node/217?ak_action=reject_mobile" "Mozilla/5.0 (Linux; Android 7.0;) AppleWebKit/537.36 (KHTML, like Gecko) Mobile Safari/537.36 (compatible; PetalBot;+https://webmaster.petalsearch.com/site/petalbot)"
154.54.249.200 - - [26/Jun/2022:10:18:43 +0000] "GET /feed/?attachment_id=1861 HTTP/1.1" 404 134 "-" "Mozilla/5.0 (compatible; Barkrowler/0.9; +https://babbar.tech/crawler)"
154.54.249.200 - - [26/Jun/2022:10:18:58 +0000] "GET /node/date/2016/08 HTTP/1.1" 301 178 "-" "Mozilla/5.0 (compatible; Barkrowler/0.9; +https://babbar.tech/crawler)"
154.54.249.200 - - [26/Jun/2022:10:19:12 +0000] "GET /feed/?attachment_id=1702 HTTP/1.1" 404 134 "-" "Mozilla/5.0 (compatible; Barkrowler/0.9; +https://babbar.tech/crawler)"
154.54.249.200 - - [26/Jun/2022:10:19:30 +0000] "GET /node/date/2014/03 HTTP/1.1" 301 178 "-" "Mozilla/5.0 (compatible; Barkrowler/0.9; +https://babbar.tech/crawler)"
154.54.249.200 - - [26/Jun/2022:10:19:44 +0000] "GET /feed/?attachment_id=1620 HTTP/1.1" 404 134 "-" "Mozilla/5.0 (compatible; Barkrowler/0.9; +https://babbar.tech/crawler)"
154.54.249.200 - - [26/Jun/2022:10:19:58 +0000] "GET /node/date/2012/05 HTTP/1.1" 301 178 "-" "Mozilla/5.0 (compatible; Barkrowler/0.9; +https://babbar.tech/crawler)"
154.54.249.200 - - [26/Jun/2022:10:20:14 +0000] "GET /feed/?attachment_id=1616 HTTP/1.1" 404 134 "-" "Mozilla/5.0 (compatible; Barkrowler/0.9; +https://babbar.tech/crawler)"
54.36.149.7 - - [26/Jun/2022:10:20:21 +0000] "GET /img_6832/ HTTP/2.0" 200 7944 "-" "Mozilla/5.0 (compatible; AhrefsBot/7.0; +http://ahrefs.com/robot/)"
114.119.147.87 - - [26/Jun/2022:10:20:23 +0000] "GET /node/category/linux/page/10 HTTP/1.1" 301 178 "https://mrchoke.org/node/category/linux/page/9?ak_action=reject_mobile" "Mozilla/5.0 (Linux; Android 7.0;) AppleWebKit/537.36 (KHTML, like Gecko) Mobile Safari/537.36 (compatible; PetalBot;+https://webmaster.petalsearch.com/site/petalbot)"
114.119.147.87 - - [26/Jun/2022:10:20:26 +0000] "GET /node/category/linux/page/10/ HTTP/1.1" 200 20304 "https://mrchoke.org/node/category/linux/page/9?ak_action=reject_mobile" "Mozilla/5.0 (Linux; Android 7.0;) AppleWebKit/537.36 (KHTML, like Gecko) Mobile Safari/537.36 (compatible; PetalBot;+https://webmaster.petalsearch.com/site/petalbot)"
154.54.249.200 - - [26/Jun/2022:10:20:28 +0000] "GET /node/date/2010/05 HTTP/1.1" 301 178 "-" "Mozilla/5.0 (compatible; Barkrowler/0.9; +https://babbar.tech/crawler)"
154.54.249.200 - - [26/Jun/2022:10:20:44 +0000] "GET /feed/?attachment_id=1402 HTTP/1.1" 404 134 "-" "Mozilla/5.0 (compatible; Barkrowler/0.9; +https://babbar.tech/crawler)"
154.54.249.200 - - [26/Jun/2022:10:20:58 +0000] "GET /node/date/2016/04 HTTP/1.1" 301 178 "-" "Mozilla/5.0 (compatible; Barkrowler/0.9; +https://babbar.tech/crawler)"
154.54.249.200 - - [26/Jun/2022:10:21:13 +0000] "GET /feed/?attachment_id=1056 HTTP/1.1" 404 134 "-" "Mozilla/5.0 (compatible; Barkrowler/0.9; +https://babbar.tech/crawler)"
154.54.249.200 - - [26/Jun/2022:10:21:30 +0000] "GET /node/date/2011/07 HTTP/1.1" 301 178 "-" "Mozilla/5.0 (compatible; Barkrowler/0.9; +https://babbar.tech/crawler)"
154.54.249.200 - - [26/Jun/2022:10:21:46 +0000] "GET /feed/?attachment_id=1310 HTTP/1.1" 404 134 "-" "Mozilla/5.0 (compatible; Barkrowler/0.9; +https://babbar.tech/crawler)"
154.54.249.200 - - [26/Jun/2022:10:22:00 +0000] "GET /node/date/2010/01/ HTTP/1.1" 200 8597 "-" "Mozilla/5.0 (compatible; Barkrowler/0.9; +https://babbar.tech/crawler)"
154.54.249.200 - - [26/Jun/2022:10:22:13 +0000] "GET /feed/?attachment_id=1511 HTTP/1.1" 404 134 "-" "Mozilla/5.0 (compatible; Barkrowler/0.9; +https://babbar.tech/crawler)"
114.119.147.87 - - [26/Jun/2022:10:22:15 +0000] "GET /node/499?share=reddit HTTP/1.1" 302 154 "https://mrchoke.org/node/499?replytocom=600&ak_action=accept_mobile" "Mozilla/5.0 (Linux; Android 7.0;) AppleWebKit/537.36 (KHTML, like Gecko) Mobile Safari/537.36 (compatible; PetalBot;+https://webmaster.petalsearch.com/site/petalbot)"
114.119.147.87 - - [26/Jun/2022:10:22:16 +0000] "GET /node/499?share=reddit HTTP/1.1" 301 178 "https://mrchoke.org/node/499?replytocom=600&ak_action=accept_mobile" "Mozilla/5.0 (Linux; Android 7.0;) AppleWebKit/537.36 (KHTML, like Gecko) Mobile Safari/537.36 (compatible; PetalBot;+https://webmaster.petalsearch.com/site/petalbot)"
114.119.147.87 - - [26/Jun/2022:10:22:16 +0000] "GET /node/499/?share=reddit HTTP/1.1" 200 8835 "https://mrchoke.org/node/499?replytocom=600&ak_action=accept_mobile" "Mozilla/5.0 (Linux; Android 7.0;) AppleWebKit/537.36 (KHTML, like Gecko) Mobile Safari/537.36 (compatible; PetalBot;+https://webmaster.petalsearch.com/site/petalbot)"
154.54.249.200 - - [26/Jun/2022:10:22:29 +0000] "GET /node/date/2012/06 HTTP/1.1" 301 178 "-" "Mozilla/5.0 (compatible; Barkrowler/0.9; +https://babbar.tech/crawler)"
154.54.249.200 - - [26/Jun/2022:10:22:43 +0000] "GET /feed/?attachment_id=1710 HTTP/1.1" 404 134 "-" "Mozilla/5.0 (compatible; Barkrowler/0.9; +https://babbar.tech/crawler)"
154.54.249.200 - - [26/Jun/2022:10:22:58 +0000] "GET /node/date/2010/12/ HTTP/1.1" 200 8220 "-" "Mozilla/5.0 (compatible; Barkrowler/0.9; +https://babbar.tech/crawler)"
54.36.148.67 - - [26/Jun/2022:10:23:00 +0000] "GET /node/date/2004/07/28/ HTTP/2.0" 200 8374 "-" "Mozilla/5.0 (compatible; AhrefsBot/7.0; +http://ahrefs.com/robot/)"
154.54.249.200 - - [26/Jun/2022:10:23:12 +0000] "GET /feed/?attachment_id=1521 HTTP/1.1" 404 134 "-" "Mozilla/5.0 (compatible; Barkrowler/0.9; +https://babbar.tech/crawler)"
154.54.249.200 - - [26/Jun/2022:10:23:31 +0000] "GET /node/date/2010/04 HTTP/1.1" 301 178 "-" "Mozilla/5.0 (compatible; Barkrowler/0.9; +https://babbar.tech/crawler)"
154.54.249.200 - - [26/Jun/2022:10:23:49 +0000] "GET /feed/?attachment_id=1081 HTTP/1.1" 404 134 "-" "Mozilla/5.0 (compatible; Barkrowler/0.9; +https://babbar.tech/crawler)"
154.54.249.200 - - [26/Jun/2022:10:24:04 +0000] "GET /node/date/2010/01 HTTP/1.1" 301 178 "-" "Mozilla/5.0 (compatible; Barkrowler/0.9; +https://babbar.tech/crawler)"
114.119.147.87 - - [26/Jun/2022:10:24:15 +0000] "GET /node/date/2012/09/18 HTTP/1.1" 302 154 "https://mrchoke.org/node/638" "Mozilla/5.0 (Linux; Android 7.0;) AppleWebKit/537.36 (KHTML, like Gecko) Mobile Safari/537.36 (compatible; PetalBot;+https://webmaster.petalsearch.com/site/petalbot)"
114.119.147.87 - - [26/Jun/2022:10:24:17 +0000] "GET /node/date/2012/09/18 HTTP/1.1" 301 178 "https://mrchoke.org/node/638" "Mozilla/5.0 (Linux; Android 7.0;) AppleWebKit/537.36 (KHTML, like Gecko) Mobile Safari/537.36 (compatible; PetalBot;+https://webmaster.petalsearch.com/site/petalbot)"
154.54.249.200 - - [26/Jun/2022:10:24:18 +0000] "GET /feed/?attachment_id=1673 HTTP/1.1" 404 134 "-" "Mozilla/5.0 (compatible; Barkrowler/0.9; +https://babbar.tech/crawler)"
114.119.147.87 - - [26/Jun/2022:10:24:18 +0000] "GET /node/date/2012/09/18/ HTTP/1.1" 200 10680 "https://mrchoke.org/node/638" "Mozilla/5.0 (Linux; Android 7.0;) AppleWebKit/537.36 (KHTML, like Gecko) Mobile Safari/537.36 (compatible; PetalBot;+https://webmaster.petalsearch.com/site/petalbot)"
154.54.249.200 - - [26/Jun/2022:10:24:34 +0000] "GET /node/date/2014/02 HTTP/1.1" 301 178 "-" "Mozilla/5.0 (compatible; Barkrowler/0.9; +https://babbar.tech/crawler)"
154.54.249.200 - - [26/Jun/2022:10:24:49 +0000] "GET /feed/?attachment_id=1563 HTTP/1.1" 404 134 "-" "Mozilla/5.0 (compatible; Barkrowler/0.9; +https://babbar.tech/crawler)"
154.54.249.200 - - [26/Jun/2022:10:25:06 +0000] "GET /node/date/2012/07 HTTP/1.1" 301 178 "-" "Mozilla/5.0 (compatible; Barkrowler/0.9; +https://babbar.tech/crawler)"
54.36.148.115 - - [26/Jun/2022:10:25:25 +0000] "GET /node/category/compiz/page/2/ HTTP/2.0" 200 9753 "-" "Mozilla/5.0 (compatible; AhrefsBot/7.0; +http://ahrefs.com/robot/)"
154.54.249.200 - - [26/Jun/2022:10:25:27 +0000] "GET /feed/?attachment_id=1453 HTTP/1.1" 404 134 "-" "Mozilla/5.0 (compatible; Barkrowler/0.9; +https://babbar.tech/crawler)"
154.54.249.200 - - [26/Jun/2022:10:25:41 +0000] "GET /node/date/2014/07 HTTP/1.1" 301 178 "-" "Mozilla/5.0 (compatible; Barkrowler/0.9; +https://babbar.tech/crawler)"
154.54.249.200 - - [26/Jun/2022:10:25:58 +0000] "GET /feed/?attachment_id=1076 HTTP/1.1" 404 134 "-" "Mozilla/5.0 (compatible; Barkrowler/0.9; +https://babbar.tech/crawler)"
185.191.171.38 - - [26/Jun/2022:10:26:04 +0000] "GET /node/date/2013/04 HTTP/1.1" 301 178 "-" "Mozilla/5.0 (compatible; SemrushBot/7~bl; +http://www.semrush.com/bot.html)"
149.129.50.37 - - [26/Jun/2022:10:26:04 +0000] "GET http://www.1ucn.com/proxychecker/index.php HTTP/1.1" 404 564 "-" "Mozilla/4.0 (compatible; MSIE 7.0b; Windows NT 6.0)"
149.129.50.37 - - [26/Jun/2022:10:26:05 +0000] "\x05\x02\x00\x01" 400 166 "-" "-"
149.129.50.37 - - [26/Jun/2022:10:26:05 +0000] "\x04\x01\x00P\x95\x812%\x00" 400 166 "-" "-"
185.191.171.14 - - [26/Jun/2022:10:26:08 +0000] "GET /node/date/2013/04/ HTTP/1.1" 200 8188 "-" "Mozilla/5.0 (compatible; SemrushBot/7~bl; +http://www.semrush.com/bot.html)"
154.54.249.200 - - [26/Jun/2022:10:26:13 +0000] "GET /node/date/2010/05/ HTTP/1.1" 200 8256 "-" "Mozilla/5.0 (compatible; Barkrowler/0.9; +https://babbar.tech/crawler)"
154.54.249.200 - - [26/Jun/2022:10:26:26 +0000] "GET /feed/?attachment_id=1693 HTTP/1.1" 404 134 "-" "Mozilla/5.0 (compatible; Barkrowler/0.9; +https://babbar.tech/crawler)"
154.54.249.200 - - [26/Jun/2022:10:26:41 +0000] "GET /node/date/2010/04/ HTTP/1.1" 200 13655 "-" "Mozilla/5.0 (compatible; Barkrowler/0.9; +https://babbar.tech/crawler)"
154.54.249.200 - - [26/Jun/2022:10:26:56 +0000] "GET /feed/?attachment_id=1016 HTTP/1.1" 404 134 "-" "Mozilla/5.0 (compatible; Barkrowler/0.9; +https://babbar.tech/crawler)"
154.54.249.200 - - [26/Jun/2022:10:27:11 +0000] "GET /node/date/2012/04 HTTP/1.1" 301 178 "-" "Mozilla/5.0 (compatible; Barkrowler/0.9; +https://babbar.tech/crawler)"
154.54.249.200 - - [26/Jun/2022:10:27:27 +0000] "GET /feed/?attachment_id=1251 HTTP/1.1" 404 134 "-" "Mozilla/5.0 (compatible; Barkrowler/0.9; +https://babbar.tech/crawler)"
154.54.249.200 - - [26/Jun/2022:10:27:41 +0000] "GET /node/date/2016/05 HTTP/1.1" 301 178 "-" "Mozilla/5.0 (compatible; Barkrowler/0.9; +https://babbar.tech/crawler)"
54.36.148.107 - - [26/Jun/2022:10:27:53 +0000] "GET /img_7207/ HTTP/2.0" 200 7929 "-" "Mozilla/5.0 (compatible; AhrefsBot/7.0; +http://ahrefs.com/robot/)"
154.54.249.200 - - [26/Jun/2022:10:28:06 +0000] "GET /feed/?attachment_id=1193 HTTP/1.1" 404 134 "-" "Mozilla/5.0 (compatible; Barkrowler/0.9; +https://babbar.tech/crawler)"
154.54.249.200 - - [26/Jun/2022:10:28:21 +0000] "GET /node/date/2012/09 HTTP/1.1" 301 178 "-" "Mozilla/5.0 (compatible; Barkrowler/0.9; +https://babbar.tech/crawler)"
114.119.147.73 - - [26/Jun/2022:10:28:27 +0000] "GET /node/category/tiger HTTP/1.1" 302 154 "https://mrchoke.org/node/939/img_6419" "Mozilla/5.0 (Linux; Android 7.0;) AppleWebKit/537.36 (KHTML, like Gecko) Mobile Safari/537.36 (compatible; PetalBot;+https://webmaster.petalsearch.com/site/petalbot)"
114.119.147.73 - - [26/Jun/2022:10:28:35 +0000] "GET /node/category/tiger HTTP/1.1" 301 178 "https://mrchoke.org/node/939/img_6419" "Mozilla/5.0 (Linux; Android 7.0;) AppleWebKit/537.36 (KHTML, like Gecko) Mobile Safari/537.36 (compatible; PetalBot;+https://webmaster.petalsearch.com/site/petalbot)"
154.54.249.200 - - [26/Jun/2022:10:28:39 +0000] "GET /feed/?attachment_id=1290 HTTP/1.1" 404 134 "-" "Mozilla/5.0 (compatible; Barkrowler/0.9; +https://babbar.tech/crawler)"
114.119.147.73 - - [26/Jun/2022:10:28:41 +0000] "GET /node/category/tiger/ HTTP/1.1" 200 8950 "https://mrchoke.org/node/939/img_6419" "Mozilla/5.0 (Linux; Android 7.0;) AppleWebKit/537.36 (KHTML, like Gecko) Mobile Safari/537.36 (compatible; PetalBot;+https://webmaster.petalsearch.com/site/petalbot)"
154.54.249.200 - - [26/Jun/2022:10:28:54 +0000] "GET /node/date/2010/06/ HTTP/1.1" 200 11791 "-" "Mozilla/5.0 (compatible; Barkrowler/0.9; +https://babbar.tech/crawler)"
154.54.249.200 - - [26/Jun/2022:10:29:10 +0000] "GET /feed/?attachment_id=1326 HTTP/1.1" 404 134 "-" "Mozilla/5.0 (compatible; Barkrowler/0.9; +https://babbar.tech/crawler)"
154.54.249.200 - - [26/Jun/2022:10:29:24 +0000] "GET /node/date/2013/04 HTTP/1.1" 301 178 "-" "Mozilla/5.0 (compatible; Barkrowler/0.9; +https://babbar.tech/crawler)"
154.54.249.200 - - [26/Jun/2022:10:29:42 +0000] "GET /feed/?attachment_id=1765 HTTP/1.1" 404 134 "-" "Mozilla/5.0 (compatible; Barkrowler/0.9; +https://babbar.tech/crawler)"
154.54.249.200 - - [26/Jun/2022:10:29:57 +0000] "GET /node/date/2010/06 HTTP/1.1" 301 178 "-" "Mozilla/5.0 (compatible; Barkrowler/0.9; +https://babbar.tech/crawler)"
154.54.249.200 - - [26/Jun/2022:10:30:10 +0000] "GET /feed/?attachment_id=1156 HTTP/1.1" 404 134 "-" "Mozilla/5.0 (compatible; Barkrowler/0.9; +https://babbar.tech/crawler)"
54.36.148.40 - - [26/Jun/2022:10:30:14 +0000] "GET /node/835/img_6216/ HTTP/2.0" 200 7923 "-" "Mozilla/5.0 (compatible; AhrefsBot/7.0; +http://ahrefs.com/robot/)"
66.249.66.22 - - [26/Jun/2022:10:30:21 +0000] "GET /node/575?ak_action=reject_mobile HTTP/1.1" 302 154 "-" "Mozilla/5.0 (Linux; Android 6.0.1; Nexus 5X Build/MMB29P) AppleWebKit/537.36 (KHTML, like Gecko) Chrome/102.0.5005.115 Mobile Safari/537.36 (compatible; Googlebot/2.1; +http://www.google.com/bot.html)"
66.249.66.140 - - [26/Jun/2022:10:30:22 +0000] "GET /node/575?ak_action=reject_mobile HTTP/1.1" 301 178 "-" "Mozilla/5.0 (Linux; Android 6.0.1; Nexus 5X Build/MMB29P) AppleWebKit/537.36 (KHTML, like Gecko) Chrome/102.0.5005.115 Mobile Safari/537.36 (compatible; Googlebot/2.1; +http://www.google.com/bot.html)"
66.249.66.204 - - [26/Jun/2022:10:30:22 +0000] "GET /node/575/?ak_action=reject_mobile HTTP/1.1" 200 10053 "-" "Mozilla/5.0 (Linux; Android 6.0.1; Nexus 5X Build/MMB29P) AppleWebKit/537.36 (KHTML, like Gecko) Chrome/102.0.5005.115 Mobile Safari/537.36 (compatible; Googlebot/2.1; +http://www.google.com/bot.html)"
154.54.249.200 - - [26/Jun/2022:10:30:26 +0000] "GET /node/69/feed HTTP/1.1" 301 178 "-" "Mozilla/5.0 (compatible; Barkrowler/0.9; +https://babbar.tech/crawler)"
114.119.147.87 - - [26/Jun/2022:10:30:34 +0000] "GET /node/362 HTTP/1.1" 301 178 "https://mrchoke.org/node/361?share=linkedin" "Mozilla/5.0 (Linux; Android 7.0;) AppleWebKit/537.36 (KHTML, like Gecko) Mobile Safari/537.36 (compatible; PetalBot;+https://webmaster.petalsearch.com/site/petalbot)"
114.119.147.87 - - [26/Jun/2022:10:30:38 +0000] "GET /node/362/ HTTP/1.1" 200 12969 "https://mrchoke.org/node/361?share=linkedin" "Mozilla/5.0 (Linux; Android 7.0;) AppleWebKit/537.36 (KHTML, like Gecko) Mobile Safari/537.36 (compatible; PetalBot;+https://webmaster.petalsearch.com/site/petalbot)"
154.54.249.200 - - [26/Jun/2022:10:30:41 +0000] "GET /feed/?attachment_id=1565 HTTP/1.1" 404 134 "-" "Mozilla/5.0 (compatible; Barkrowler/0.9; +https://babbar.tech/crawler)"
154.54.249.200 - - [26/Jun/2022:10:31:01 +0000] "GET /node/61/feed HTTP/1.1" 301 178 "-" "Mozilla/5.0 (compatible; Barkrowler/0.9; +https://babbar.tech/crawler)"
154.54.249.200 - - [26/Jun/2022:10:31:14 +0000] "GET /feed/?attachment_id=1618 HTTP/1.1" 404 134 "-" "Mozilla/5.0 (compatible; Barkrowler/0.9; +https://babbar.tech/crawler)"
154.54.249.200 - - [26/Jun/2022:10:31:27 +0000] "GET /node/77/feed HTTP/1.1" 301 178 "-" "Mozilla/5.0 (compatible; Barkrowler/0.9; +https://babbar.tech/crawler)"
154.54.249.200 - - [26/Jun/2022:10:31:42 +0000] "GET /feed/?attachment_id=1246 HTTP/1.1" 404 134 "-" "Mozilla/5.0 (compatible; Barkrowler/0.9; +https://babbar.tech/crawler)"
154.54.249.200 - - [26/Jun/2022:10:31:57 +0000] "GET /node/85/feed HTTP/1.1" 301 178 "-" "Mozilla/5.0 (compatible; Barkrowler/0.9; +https://babbar.tech/crawler)"
114.119.147.81 - - [26/Jun/2022:10:32:08 +0000] "GET /node/1437/img_7303?share=linkedin HTTP/1.1" 302 154 "https://mrchoke.org/node/1437/img_7303?ak_action=accept_mobile" "Mozilla/5.0 (Linux; Android 7.0;) AppleWebKit/537.36 (KHTML, like Gecko) Mobile Safari/537.36 (compatible; PetalBot;+https://webmaster.petalsearch.com/site/petalbot)"
114.119.147.81 - - [26/Jun/2022:10:32:12 +0000] "GET /node/1437/img_7303?share=linkedin HTTP/1.1" 301 178 "https://mrchoke.org/node/1437/img_7303?ak_action=accept_mobile" "Mozilla/5.0 (Linux; Android 7.0;) AppleWebKit/537.36 (KHTML, like Gecko) Mobile Safari/537.36 (compatible; PetalBot;+https://webmaster.petalsearch.com/site/petalbot)"
154.54.249.200 - - [26/Jun/2022:10:32:14 +0000] "GET /feed/?attachment_id=1685 HTTP/1.1" 404 134 "-" "Mozilla/5.0 (compatible; Barkrowler/0.9; +https://babbar.tech/crawler)"
114.119.147.81 - - [26/Jun/2022:10:32:18 +0000] "GET /node/1437/img_7303/?share=linkedin HTTP/1.1" 200 7897 "https://mrchoke.org/node/1437/img_7303?ak_action=accept_mobile" "Mozilla/5.0 (Linux; Android 7.0;) AppleWebKit/537.36 (KHTML, like Gecko) Mobile Safari/537.36 (compatible; PetalBot;+https://webmaster.petalsearch.com/site/petalbot)"
154.54.249.200 - - [26/Jun/2022:10:32:28 +0000] "GET /node/64/feed HTTP/1.1" 301 178 "-" "Mozilla/5.0 (compatible; Barkrowler/0.9; +https://babbar.tech/crawler)"
54.36.149.2 - - [26/Jun/2022:10:32:31 +0000] "GET /node/1583/img_7561/ HTTP/2.0" 200 7971 "-" "Mozilla/5.0 (compatible; AhrefsBot/7.0; +http://ahrefs.com/robot/)"
154.54.249.200 - - [26/Jun/2022:10:32:43 +0000] "GET /feed/?attachment_id=1068 HTTP/1.1" 404 134 "-" "Mozilla/5.0 (compatible; Barkrowler/0.9; +https://babbar.tech/crawler)"
154.54.249.200 - - [26/Jun/2022:10:32:57 +0000] "GET /node/38/feed HTTP/1.1" 301 178 "-" "Mozilla/5.0 (compatible; Barkrowler/0.9; +https://babbar.tech/crawler)"
154.54.249.200 - - [26/Jun/2022:10:33:16 +0000] "GET /feed/?attachment_id=1078 HTTP/1.1" 404 134 "-" "Mozilla/5.0 (compatible; Barkrowler/0.9; +https://babbar.tech/crawler)"
154.54.249.200 - - [26/Jun/2022:10:33:30 +0000] "GET /node/46/feed HTTP/1.1" 301 178 "-" "Mozilla/5.0 (compatible; Barkrowler/0.9; +https://babbar.tech/crawler)"
154.54.249.200 - - [26/Jun/2022:10:33:43 +0000] "GET /feed/?attachment_id=1400 HTTP/1.1" 404 134 "-" "Mozilla/5.0 (compatible; Barkrowler/0.9; +https://babbar.tech/crawler)"
154.54.249.200 - - [26/Jun/2022:10:33:59 +0000] "GET /node/48/feed HTTP/1.1" 301 178 "-" "Mozilla/5.0 (compatible; Barkrowler/0.9; +https://babbar.tech/crawler)"
114.119.147.87 - - [26/Jun/2022:10:34:00 +0000] "GET /node/143?share=reddit HTTP/1.1" 302 154 "https://mrchoke.org/node/143?ak_action=accept_mobile" "Mozilla/5.0 (Linux; Android 7.0;) AppleWebKit/537.36 (KHTML, like Gecko) Mobile Safari/537.36 (compatible; PetalBot;+https://webmaster.petalsearch.com/site/petalbot)"
114.119.147.87 - - [26/Jun/2022:10:34:02 +0000] "GET /node/143?share=reddit HTTP/1.1" 301 178 "https://mrchoke.org/node/143?ak_action=accept_mobile" "Mozilla/5.0 (Linux; Android 7.0;) AppleWebKit/537.36 (KHTML, like Gecko) Mobile Safari/537.36 (compatible; PetalBot;+https://webmaster.petalsearch.com/site/petalbot)"
114.119.147.87 - - [26/Jun/2022:10:34:04 +0000] "GET /node/143/?share=reddit HTTP/1.1" 200 8555 "https://mrchoke.org/node/143?ak_action=accept_mobile" "Mozilla/5.0 (Linux; Android 7.0;) AppleWebKit/537.36 (KHTML, like Gecko) Mobile Safari/537.36 (compatible; PetalBot;+https://webmaster.petalsearch.com/site/petalbot)"
154.54.249.200 - - [26/Jun/2022:10:34:14 +0000] "GET /feed/?attachment_id=1106 HTTP/1.1" 404 134 "-" "Mozilla/5.0 (compatible; Barkrowler/0.9; +https://babbar.tech/crawler)"
154.54.249.200 - - [26/Jun/2022:10:34:27 +0000] "GET /node/88/feed HTTP/1.1" 301 178 "-" "Mozilla/5.0 (compatible; Barkrowler/0.9; +https://babbar.tech/crawler)"
154.54.249.200 - - [26/Jun/2022:10:34:42 +0000] "GET /feed/?attachment_id=1102 HTTP/1.1" 404 134 "-" "Mozilla/5.0 (compatible; Barkrowler/0.9; +https://babbar.tech/crawler)"
54.36.149.52 - - [26/Jun/2022:10:34:52 +0000] "GET /node/3/ HTTP/2.0" 200 8875 "-" "Mozilla/5.0 (compatible; AhrefsBot/7.0; +http://ahrefs.com/robot/)"
154.54.249.200 - - [26/Jun/2022:10:34:56 +0000] "GET /node/63/feed HTTP/1.1" 301 178 "-" "Mozilla/5.0 (compatible; Barkrowler/0.9; +https://babbar.tech/crawler)"
154.54.249.200 - - [26/Jun/2022:10:35:13 +0000] "GET /feed/?attachment_id=1220 HTTP/1.1" 404 134 "-" "Mozilla/5.0 (compatible; Barkrowler/0.9; +https://babbar.tech/crawler)"
154.54.249.200 - - [26/Jun/2022:10:35:27 +0000] "GET /node/648/feed HTTP/1.1" 301 178 "-" "Mozilla/5.0 (compatible; Barkrowler/0.9; +https://babbar.tech/crawler)"
216.244.66.229 - - [26/Jun/2022:10:35:42 +0000] "GET /robots.txt HTTP/1.1" 404 162 "-" "Mozilla/5.0 (compatible; DotBot/1.2; +https://opensiteexplorer.org/dotbot; help@moz.com)"
154.54.249.200 - - [26/Jun/2022:10:35:42 +0000] "GET /feed/?attachment_id=1638 HTTP/1.1" 404 134 "-" "Mozilla/5.0 (compatible; Barkrowler/0.9; +https://babbar.tech/crawler)"
154.54.249.200 - - [26/Jun/2022:10:35:58 +0000] "GET /node/648/feed/ HTTP/1.1" 403 134 "-" "Mozilla/5.0 (compatible; Barkrowler/0.9; +https://babbar.tech/crawler)"
114.119.147.74 - - [26/Jun/2022:10:36:05 +0000] "GET /node/790/img_6141?share=twitter HTTP/1.1" 302 154 "https://mrchoke.org/node/790/img_6141?ak_action=accept_mobile" "Mozilla/5.0 (Linux; Android 7.0;) AppleWebKit/537.36 (KHTML, like Gecko) Mobile Safari/537.36 (compatible; PetalBot;+https://webmaster.petalsearch.com/site/petalbot)"
114.119.147.74 - - [26/Jun/2022:10:36:07 +0000] "GET /node/790/img_6141?share=twitter HTTP/1.1" 301 178 "https://mrchoke.org/node/790/img_6141?ak_action=accept_mobile" "Mozilla/5.0 (Linux; Android 7.0;) AppleWebKit/537.36 (KHTML, like Gecko) Mobile Safari/537.36 (compatible; PetalBot;+https://webmaster.petalsearch.com/site/petalbot)"
