20.2.209.79 - - [30/Jun/2022:02:36:54 +0000] "GET /assets/plugins/kcfinder/upload.php HTTP/1.1" 404 564 "-" "Mozilla/5.0 (Windows NT 10.0; Win64; x64) AppleWebKit/537.36 (KHTML, like Gecko) Chrome/99.0.4859.172 Safari/537.36"
20.2.209.79 - - [30/Jun/2022:02:36:54 +0000] "GET /plugins/kcfinder/upload.php HTTP/1.1" 404 564 "-" "Mozilla/5.0 (Windows NT 10.0; Win64; x64) AppleWebKit/537.36 (KHTML, like Gecko) Chrome/99.0.4859.172 Safari/537.36"
20.2.209.79 - - [30/Jun/2022:02:36:55 +0000] "GET /filemanager/dialog.php HTTP/1.1" 404 564 "-" "Mozilla/5.0 (Windows NT 10.0; Win64; x64) AppleWebKit/537.36 (KHTML, like Gecko) Chrome/99.0.4859.172 Safari/537.36"
20.2.209.79 - - [30/Jun/2022:02:36:56 +0000] "GET /assets/filemanager/dialog.php HTTP/1.1" 404 564 "-" "Mozilla/5.0 (Windows NT 10.0; Win64; x64) AppleWebKit/537.36 (KHTML, like Gecko) Chrome/99.0.4859.172 Safari/537.36"
114.119.147.73 - - [30/Jun/2022:02:36:56 +0000] "GET /node/1504?share=linkedin HTTP/1.1" 301 178 "https://mrchoke.org/node/1504?ak_action=accept_mobile" "Mozilla/5.0 (Linux; Android 7.0;) AppleWebKit/537.36 (KHTML, like Gecko) Mobile Safari/537.36 (compatible; PetalBot;+https://webmaster.petalsearch.com/site/petalbot)"
114.119.147.73 - - [30/Jun/2022:02:36:57 +0000] "GET /node/1504/?share=linkedin HTTP/1.1" 200 10679 "https://mrchoke.org/node/1504?ak_action=accept_mobile" "Mozilla/5.0 (Linux; Android 7.0;) AppleWebKit/537.36 (KHTML, like Gecko) Mobile Safari/537.36 (compatible; PetalBot;+https://webmaster.petalsearch.com/site/petalbot)"
20.2.209.79 - - [30/Jun/2022:02:36:57 +0000] "GET /assets/plugins/filemanager/dialog.php HTTP/1.1" 404 564 "-" "Mozilla/5.0 (Windows NT 10.0; Win64; x64) AppleWebKit/537.36 (KHTML, like Gecko) Chrome/99.0.4859.172 Safari/537.36"
20.2.209.79 - - [30/Jun/2022:02:36:58 +0000] "GET /phpformbuilder/plugins/filemanager/dialog.php HTTP/1.1" 404 564 "-" "Mozilla/5.0 (Windows NT 10.0; Win64; x64) AppleWebKit/537.36 (KHTML, like Gecko) Chrome/99.0.4859.172 Safari/537.36"
20.2.209.79 - - [30/Jun/2022:02:36:59 +0000] "GET /assets/tinymce/plugins/filemanager/dialog.php HTTP/1.1" 404 564 "-" "Mozilla/5.0 (Windows NT 10.0; Win64; x64) AppleWebKit/537.36 (KHTML, like Gecko) Chrome/99.0.4859.172 Safari/537.36"
20.2.209.79 - - [30/Jun/2022:02:37:01 +0000] "GET /scripts/filemanager/dialog.php HTTP/1.1" 404 564 "-" "Mozilla/5.0 (Windows NT 10.0; Win64; x64) AppleWebKit/537.36 (KHTML, like Gecko) Chrome/99.0.4859.172 Safari/537.36"
20.2.209.79 - - [30/Jun/2022:02:37:02 +0000] "GET /admin/filemanager/dialog.php HTTP/1.1" 404 564 "-" "Mozilla/5.0 (Windows NT 10.0; Win64; x64) AppleWebKit/537.36 (KHTML, like Gecko) Chrome/99.0.4859.172 Safari/537.36"
20.2.209.79 - - [30/Jun/2022:02:37:03 +0000] "GET /assets/plugins/elfinder/elfinder.html HTTP/1.1" 404 564 "-" "Mozilla/5.0 (Windows NT 10.0; Win64; x64) AppleWebKit/537.36 (KHTML, like Gecko) Chrome/99.0.4859.172 Safari/537.36"
20.2.209.79 - - [30/Jun/2022:02:37:05 +0000] "GET /assets/elfinder/elfinder.html HTTP/1.1" 404 564 "-" "Mozilla/5.0 (Windows NT 10.0; Win64; x64) AppleWebKit/537.36 (KHTML, like Gecko) Chrome/99.0.4859.172 Safari/537.36"
20.2.209.79 - - [30/Jun/2022:02:37:06 +0000] "GET /assets/scripts/filemanager/dialog.php HTTP/1.1" 404 564 "-" "Mozilla/5.0 (Windows NT 10.0; Win64; x64) AppleWebKit/537.36 (KHTML, like Gecko) Chrome/99.0.4859.172 Safari/537.36"
20.2.209.79 - - [30/Jun/2022:02:37:07 +0000] "GET /assets/admin/tinymce/plugins/filemanager/dialog.php HTTP/1.1" 404 564 "-" "Mozilla/5.0 (Windows NT 10.0; Win64; x64) AppleWebKit/537.36 (KHTML, like Gecko) Chrome/99.0.4859.172 Safari/537.36"
20.2.209.79 - - [30/Jun/2022:02:37:08 +0000] "GET /js/tinymce4/plugins/filemanager/dialog.php HTTP/1.1" 404 564 "-" "Mozilla/5.0 (Windows NT 10.0; Win64; x64) AppleWebKit/537.36 (KHTML, like Gecko) Chrome/99.0.4859.172 Safari/537.36"
20.2.209.79 - - [30/Jun/2022:02:37:09 +0000] "GET /tinymce/filemanager/dialog.php HTTP/1.1" 404 564 "-" "Mozilla/5.0 (Windows NT 10.0; Win64; x64) AppleWebKit/537.36 (KHTML, like Gecko) Chrome/99.0.4859.172 Safari/537.36"
20.2.209.79 - - [30/Jun/2022:02:37:10 +0000] "GET /filemanager/filemanager/dialog.php HTTP/1.1" 404 564 "-" "Mozilla/5.0 (Windows NT 10.0; Win64; x64) AppleWebKit/537.36 (KHTML, like Gecko) Chrome/99.0.4859.172 Safari/537.36"
20.2.209.79 - - [30/Jun/2022:02:37:11 +0000] "GET /assets/admin/js/tinymce/plugins/filemanager/dialog.php HTTP/1.1" 404 564 "-" "Mozilla/5.0 (Windows NT 10.0; Win64; x64) AppleWebKit/537.36 (KHTML, like Gecko) Chrome/99.0.4859.172 Safari/537.36"
20.2.209.79 - - [30/Jun/2022:02:37:12 +0000] "GET /tinymce/plugins/filemanager/dialog.php HTTP/1.1" 404 564 "-" "Mozilla/5.0 (Windows NT 10.0; Win64; x64) AppleWebKit/537.36 (KHTML, like Gecko) Chrome/99.0.4859.172 Safari/537.36"
20.2.209.79 - - [30/Jun/2022:02:37:13 +0000] "GET /.env HTTP/1.1" 404 564 "-" "Mozilla/5.0 (Windows NT 10.0; Win64; x64) AppleWebKit/537.36 (KHTML, like Gecko) Chrome/99.0.4859.172 Safari/537.36"
20.2.209.79 - - [30/Jun/2022:02:37:15 +0000] "GET /wp HTTP/1.1" 404 564 "-" "Mozilla/5.0 (Windows NT 10.0; Win64; x64) AppleWebKit/537.36 (KHTML, like Gecko) Chrome/99.0.4859.172 Safari/537.36"
20.2.209.79 - - [30/Jun/2022:02:37:16 +0000] "GET /wordpress HTTP/1.1" 404 564 "-" "Mozilla/5.0 (Windows NT 10.0; Win64; x64) AppleWebKit/537.36 (KHTML, like Gecko) Chrome/99.0.4859.172 Safari/537.36"
20.2.209.79 - - [30/Jun/2022:02:37:17 +0000] "GET /blog HTTP/1.1" 404 564 "-" "Mozilla/5.0 (Windows NT 10.0; Win64; x64) AppleWebKit/537.36 (KHTML, like Gecko) Chrome/99.0.4859.172 Safari/537.36"
20.2.209.79 - - [30/Jun/2022:02:37:18 +0000] "GET /demo HTTP/1.1" 404 564 "-" "Mozilla/5.0 (Windows NT 10.0; Win64; x64) AppleWebKit/537.36 (KHTML, like Gecko) Chrome/99.0.4859.172 Safari/537.36"
20.2.209.79 - - [30/Jun/2022:02:37:19 +0000] "GET /new HTTP/1.1" 404 564 "-" "Mozilla/5.0 (Windows NT 10.0; Win64; x64) AppleWebKit/537.36 (KHTML, like Gecko) Chrome/99.0.4859.172 Safari/537.36"
20.2.209.79 - - [30/Jun/2022:02:37:20 +0000] "POST /vendor/phpunit/phpunit/src/Util/PHP/eval-stdin.php HTTP/1.1" 404 564 "-" "Mozilla/5.0 (Windows NT 10.0; Win64; x64) AppleWebKit/537.36 (KHTML, like Gecko) Chrome/99.0.4859.172 Safari/537.36"
20.2.209.79 - - [30/Jun/2022:02:37:21 +0000] "GET / HTTP/1.1" 200 612 "-" "curl/7.74.0"
20.2.209.79 - - [30/Jun/2022:02:37:22 +0000] "POST / HTTP/1.1" 405 568 "-" "Mozilla/5.0 (Windows NT 10.0; Win64; x64) AppleWebKit/537.36 (KHTML, like Gecko) Chrome/99.0.4859.172 Safari/537.36"
20.2.209.79 - - [30/Jun/2022:02:37:23 +0000] "GET /timthumb.php HTTP/1.1" 404 564 "-" "Mozilla/5.0 (Windows NT 10.0; Win64; x64) AppleWebKit/537.36 (KHTML, like Gecko) Chrome/99.0.4859.172 Safari/537.36"
20.2.209.79 - - [30/Jun/2022:02:37:25 +0000] "GET /thumb.php HTTP/1.1" 404 564 "-" "Mozilla/5.0 (Windows NT 10.0; Win64; x64) AppleWebKit/537.36 (KHTML, like Gecko) Chrome/99.0.4859.172 Safari/537.36"
20.2.209.79 - - [30/Jun/2022:02:37:25 +0000] "POST /ALFA_DATA/alfacgiapi/perl.alfa HTTP/1.1" 404 564 "-" "Mozilla/5.0 (Windows NT 10.0; Win64; x64) AppleWebKit/537.36 (KHTML, like Gecko) Chrome/99.0.4859.172 Safari/537.36"
20.2.209.79 - - [30/Jun/2022:02:37:26 +0000] "POST /alfacgiapi/perl.alfa HTTP/1.1" 404 564 "-" "Mozilla/5.0 (Windows NT 10.0; Win64; x64) AppleWebKit/537.36 (KHTML, like Gecko) Chrome/99.0.4859.172 Safari/537.36"
51.222.253.14 - - [30/Jun/2022:02:38:04 +0000] "GET /node/date/2006/08/16/ HTTP/2.0" 200 8311 "-" "Mozilla/5.0 (compatible; AhrefsBot/7.0; +http://ahrefs.com/robot/)"
216.244.66.229 - - [30/Jun/2022:02:38:15 +0000] "GET /robots.txt HTTP/1.1" 404 162 "-" "Mozilla/5.0 (compatible; DotBot/1.2; +https://opensiteexplorer.org/dotbot; help@moz.com)"
216.244.66.229 - - [30/Jun/2022:02:38:17 +0000] "GET /robots.txt HTTP/1.1" 404 162 "-" "Mozilla/5.0 (compatible; DotBot/1.2; +https://opensiteexplorer.org/dotbot; help@moz.com)"
207.46.13.174 - - [30/Jun/2022:02:38:21 +0000] "GET / HTTP/2.0" 200 15995 "-" "Mozilla/5.0 (compatible; bingbot/2.0; +http://www.bing.com/bingbot.htm)"
40.77.167.43 - - [30/Jun/2022:02:39:15 +0000] "GET /node/153/feed HTTP/2.0" 301 178 "-" "Mozilla/5.0 (compatible; bingbot/2.0; +http://www.bing.com/bingbot.htm)"
40.77.167.43 - - [30/Jun/2022:02:39:25 +0000] "GET /node/153/feed/ HTTP/2.0" 403 123 "-" "Mozilla/5.0 (compatible; bingbot/2.0; +http://www.bing.com/bingbot.htm)"
114.119.147.81 - - [30/Jun/2022:02:39:57 +0000] "GET /node/79?share=linkedin HTTP/1.1" 302 154 "https://mrchoke.org/node/79?ak_action=accept_mobile" "Mozilla/5.0 (Linux; Android 7.0;) AppleWebKit/537.36 (KHTML, like Gecko) Mobile Safari/537.36 (compatible; PetalBot;+https://webmaster.petalsearch.com/site/petalbot)"
114.119.147.81 - - [30/Jun/2022:02:40:00 +0000] "GET /node/79?share=linkedin HTTP/1.1" 301 178 "https://mrchoke.org/node/79?ak_action=accept_mobile" "Mozilla/5.0 (Linux; Android 7.0;) AppleWebKit/537.36 (KHTML, like Gecko) Mobile Safari/537.36 (compatible; PetalBot;+https://webmaster.petalsearch.com/site/petalbot)"
114.119.147.81 - - [30/Jun/2022:02:40:00 +0000] "GET /node/79/?share=linkedin HTTP/1.1" 200 8929 "https://mrchoke.org/node/79?ak_action=accept_mobile" "Mozilla/5.0 (Linux; Android 7.0;) AppleWebKit/537.36 (KHTML, like Gecko) Mobile Safari/537.36 (compatible; PetalBot;+https://webmaster.petalsearch.com/site/petalbot)"
216.244.66.229 - - [30/Jun/2022:02:41:28 +0000] "GET /node/1208/img_6786 HTTP/1.1" 404 162 "-" "Mozilla/5.0 (compatible; DotBot/1.2; +https://opensiteexplorer.org/dotbot; help@moz.com)"
216.244.66.229 - - [30/Jun/2022:02:41:38 +0000] "GET /node/56 HTTP/1.1" 404 162 "-" "Mozilla/5.0 (compatible; DotBot/1.2; +https://opensiteexplorer.org/dotbot; help@moz.com)"
185.191.171.9 - - [30/Jun/2022:02:42:15 +0000] "GET /node/252 HTTP/1.1" 301 178 "-" "Mozilla/5.0 (compatible; SemrushBot/7~bl; +http://www.semrush.com/bot.html)"
185.191.171.17 - - [30/Jun/2022:02:42:17 +0000] "GET /node/252/ HTTP/1.1" 200 12178 "-" "Mozilla/5.0 (compatible; SemrushBot/7~bl; +http://www.semrush.com/bot.html)"
216.244.66.229 - - [30/Jun/2022:02:43:01 +0000] "GET /wp-content/uploads/2014/01/IMG_6171.jpg HTTP/1.1" 404 162 "-" "Mozilla/5.0 (compatible; DotBot/1.2; +https://opensiteexplorer.org/dotbot; help@moz.com)"
216.244.66.229 - - [30/Jun/2022:02:43:04 +0000] "GET /feed/?attachment_id=1653 HTTP/1.1" 404 162 "-" "Mozilla/5.0 (compatible; DotBot/1.2; +https://opensiteexplorer.org/dotbot; help@moz.com)"
114.119.147.73 - - [30/Jun/2022:02:43:05 +0000] "GET /node/category/linux/page/6?ak_action=accept_mobile HTTP/1.1" 302 154 "https://mrchoke.org/node/category/linux/page/5?ak_action=accept_mobile" "Mozilla/5.0 (Linux; Android 7.0;) AppleWebKit/537.36 (KHTML, like Gecko) Mobile Safari/537.36 (compatible; PetalBot;+https://webmaster.petalsearch.com/site/petalbot)"
114.119.147.73 - - [30/Jun/2022:02:43:05 +0000] "GET /node/category/linux/page/6?ak_action=accept_mobile HTTP/1.1" 301 178 "https://mrchoke.org/node/category/linux/page/5?ak_action=accept_mobile" "Mozilla/5.0 (Linux; Android 7.0;) AppleWebKit/537.36 (KHTML, like Gecko) Mobile Safari/537.36 (compatible; PetalBot;+https://webmaster.petalsearch.com/site/petalbot)"
114.119.147.73 - - [30/Jun/2022:02:43:08 +0000] "GET /node/category/linux/page/6/?ak_action=accept_mobile HTTP/1.1" 200 10339 "https://mrchoke.org/node/category/linux/page/5?ak_action=accept_mobile" "Mozilla/5.0 (Linux; Android 7.0;) AppleWebKit/537.36 (KHTML, like Gecko) Mobile Safari/537.36 (compatible; PetalBot;+https://webmaster.petalsearch.com/site/petalbot)"
216.244.66.229 - - [30/Jun/2022:02:44:15 +0000] "GET /node/1862/ch7_6085/feed HTTP/1.1" 404 162 "-" "Mozilla/5.0 (compatible; DotBot/1.2; +https://opensiteexplorer.org/dotbot; help@moz.com)"
185.7.214.104 - - [30/Jun/2022:02:45:43 +0000] "GET /vendor/phpunit/phpunit/src/Util/PHP/eval-stdin.php HTTP/1.1" 404 197 "-" "Mozilla/5.0 (Windows NT 10.0; Win64; x64) AppleWebKit/537.36 (KHTML, like Gecko) Chrome/78.0.3904.108 Safari/537.36"
192.241.214.249 - - [30/Jun/2022:02:45:49 +0000] "GET / HTTP/1.1" 301 178 "-" "Mozilla/5.0 zgrab/0.x"
51.222.253.13 - - [30/Jun/2022:02:49:55 +0000] "GET /node/date/2014/01/20/ HTTP/2.0" 200 9008 "-" "Mozilla/5.0 (compatible; AhrefsBot/7.0; +http://ahrefs.com/robot/)"
185.191.171.35 - - [30/Jun/2022:02:51:17 +0000] "GET /node/406 HTTP/1.1" 302 154 "-" "Mozilla/5.0 (compatible; SemrushBot/7~bl; +http://www.semrush.com/bot.html)"
185.191.171.11 - - [30/Jun/2022:02:51:18 +0000] "GET /robots.txt HTTP/1.1" 404 134 "-" "Mozilla/5.0 (compatible; SemrushBot/7~bl; +http://www.semrush.com/bot.html)"
185.191.171.22 - - [30/Jun/2022:02:51:19 +0000] "GET /node/406 HTTP/1.1" 301 178 "-" "Mozilla/5.0 (compatible; SemrushBot/7~bl; +http://www.semrush.com/bot.html)"
185.191.171.5 - - [30/Jun/2022:02:51:22 +0000] "GET /node/406/ HTTP/1.1" 200 8935 "-" "Mozilla/5.0 (compatible; SemrushBot/7~bl; +http://www.semrush.com/bot.html)"
185.191.171.4 - - [30/Jun/2022:02:53:25 +0000] "GET /node/457 HTTP/1.1" 302 154 "-" "Mozilla/5.0 (compatible; SemrushBot/7~bl; +http://www.semrush.com/bot.html)"
185.191.171.20 - - [30/Jun/2022:02:53:26 +0000] "GET /node/457 HTTP/1.1" 301 178 "-" "Mozilla/5.0 (compatible; SemrushBot/7~bl; +http://www.semrush.com/bot.html)"
185.191.171.38 - - [30/Jun/2022:02:53:28 +0000] "GET /node/457/ HTTP/1.1" 200 9717 "-" "Mozilla/5.0 (compatible; SemrushBot/7~bl; +http://www.semrush.com/bot.html)"
114.119.147.73 - - [30/Jun/2022:02:56:53 +0000] "GET /node/205?share=reddit HTTP/1.1" 302 154 "https://mrchoke.org/node/205?ak_action=reject_mobile" "Mozilla/5.0 (Linux; Android 7.0;) AppleWebKit/537.36 (KHTML, like Gecko) Mobile Safari/537.36 (compatible; PetalBot;+https://webmaster.petalsearch.com/site/petalbot)"
114.119.147.73 - - [30/Jun/2022:02:56:57 +0000] "GET /node/205?share=reddit HTTP/1.1" 301 178 "https://mrchoke.org/node/205?ak_action=reject_mobile" "Mozilla/5.0 (Linux; Android 7.0;) AppleWebKit/537.36 (KHTML, like Gecko) Mobile Safari/537.36 (compatible; PetalBot;+https://webmaster.petalsearch.com/site/petalbot)"
114.119.147.73 - - [30/Jun/2022:02:57:01 +0000] "GET /node/205/?share=reddit HTTP/1.1" 200 9714 "https://mrchoke.org/node/205?ak_action=reject_mobile" "Mozilla/5.0 (Linux; Android 7.0;) AppleWebKit/537.36 (KHTML, like Gecko) Mobile Safari/537.36 (compatible; PetalBot;+https://webmaster.petalsearch.com/site/petalbot)"
51.222.253.4 - - [30/Jun/2022:02:58:46 +0000] "GET /node/date/2006/09/07/ HTTP/2.0" 200 8464 "-" "Mozilla/5.0 (compatible; AhrefsBot/7.0; +http://ahrefs.com/robot/)"
114.119.147.73 - - [30/Jun/2022:02:59:28 +0000] "GET /node/1537/screenshot-2014-02-04-22-43-44 HTTP/1.1" 301 178 "https://mrchoke.org/page/6?cat=-1" "Mozilla/5.0 (Linux; Android 7.0;) AppleWebKit/537.36 (KHTML, like Gecko) Mobile Safari/537.36 (compatible; PetalBot;+https://webmaster.petalsearch.com/site/petalbot)"
114.119.147.73 - - [30/Jun/2022:02:59:36 +0000] "GET /node/1537/screenshot-2014-02-04-22-43-44/ HTTP/1.1" 200 7904 "https://mrchoke.org/page/6?cat=-1" "Mozilla/5.0 (Linux; Android 7.0;) AppleWebKit/537.36 (KHTML, like Gecko) Mobile Safari/537.36 (compatible; PetalBot;+https://webmaster.petalsearch.com/site/petalbot)"
185.191.171.38 - - [30/Jun/2022:02:59:43 +0000] "GET /node/tag/the-new-ipad HTTP/1.1" 301 178 "-" "Mozilla/5.0 (compatible; SemrushBot/7~bl; +http://www.semrush.com/bot.html)"
185.191.171.14 - - [30/Jun/2022:02:59:45 +0000] "GET /node/tag/the-new-ipad/ HTTP/1.1" 200 9246 "-" "Mozilla/5.0 (compatible; SemrushBot/7~bl; +http://www.semrush.com/bot.html)"
114.119.147.75 - - [30/Jun/2022:03:03:00 +0000] "GET /node/355 HTTP/1.1" 301 178 "https://mrchoke.org/node/308?share=facebook" "Mozilla/5.0 (Linux; Android 7.0;) AppleWebKit/537.36 (KHTML, like Gecko) Mobile Safari/537.36 (compatible; PetalBot;+https://webmaster.petalsearch.com/site/petalbot)"
114.119.147.75 - - [30/Jun/2022:03:03:06 +0000] "GET /node/355/ HTTP/1.1" 200 8073 "https://mrchoke.org/node/308?share=facebook" "Mozilla/5.0 (Linux; Android 7.0;) AppleWebKit/537.36 (KHTML, like Gecko) Mobile Safari/537.36 (compatible; PetalBot;+https://webmaster.petalsearch.com/site/petalbot)"
51.222.253.3 - - [30/Jun/2022:03:06:49 +0000] "GET / HTTP/2.0" 200 15995 "-" "Mozilla/5.0 (compatible; AhrefsBot/7.0; +http://ahrefs.com/robot/)"
66.249.71.28 - - [30/Jun/2022:03:10:48 +0000] "GET /robots.txt HTTP/1.1" 404 134 "-" "Mozilla/5.0 (compatible; Googlebot/2.1; +http://www.google.com/bot.html)"
66.249.75.247 - - [30/Jun/2022:03:10:49 +0000] "GET /node/date/2014/01/ HTTP/1.1" 200 16563 "-" "Mozilla/5.0 (Linux; Android 6.0.1; Nexus 5X Build/MMB29P) AppleWebKit/537.36 (KHTML, like Gecko) Chrome/103.0.5060.53 Mobile Safari/537.36 (compatible; Googlebot/2.1; +http://www.google.com/bot.html)"
20.28.152.103 - - [30/Jun/2022:03:14:28 +0000] "GET //fw.php HTTP/1.1" 404 197 "www.google.com" "Mozlila/5.0 (Linux; Android 7.0; SM-G892A Bulid/NRD90M; wv) AppleWebKit/537.36 (KHTML, like Gecko) Version/4.0 Chrome/60.0.3112.107 Moblie Safari/537.36"
20.28.152.103 - - [30/Jun/2022:03:14:29 +0000] "GET //defaul1.php HTTP/1.1" 404 197 "www.google.com" "Mozlila/5.0 (Linux; Android 7.0; SM-G892A Bulid/NRD90M; wv) AppleWebKit/537.36 (KHTML, like Gecko) Version/4.0 Chrome/60.0.3112.107 Moblie Safari/537.36"
20.28.152.103 - - [30/Jun/2022:03:14:33 +0000] "GET //ffAA531.php HTTP/1.1" 404 197 "www.google.com" "Mozlila/5.0 (Linux; Android 7.0; SM-G892A Bulid/NRD90M; wv) AppleWebKit/537.36 (KHTML, like Gecko) Version/4.0 Chrome/60.0.3112.107 Moblie Safari/537.36"
20.28.152.103 - - [30/Jun/2022:03:14:34 +0000] "GET //old-index.php HTTP/1.1" 404 197 "www.google.com" "Mozlila/5.0 (Linux; Android 7.0; SM-G892A Bulid/NRD90M; wv) AppleWebKit/537.36 (KHTML, like Gecko) Version/4.0 Chrome/60.0.3112.107 Moblie Safari/537.36"
20.28.152.103 - - [30/Jun/2022:03:14:37 +0000] "GET //xleet-shell.php HTTP/1.1" 404 197 "www.google.com" "Mozlila/5.0 (Linux; Android 7.0; SM-G892A Bulid/NRD90M; wv) AppleWebKit/537.36 (KHTML, like Gecko) Version/4.0 Chrome/60.0.3112.107 Moblie Safari/537.36"
20.28.152.103 - - [30/Jun/2022:03:14:39 +0000] "GET //inbexw.php HTTP/1.1" 404 197 "www.google.com" "Mozlila/5.0 (Linux; Android 7.0; SM-G892A Bulid/NRD90M; wv) AppleWebKit/537.36 (KHTML, like Gecko) Version/4.0 Chrome/60.0.3112.107 Moblie Safari/537.36"
20.28.152.103 - - [30/Jun/2022:03:14:41 +0000] "GET //wp-content/plugins/apikey/nocap.php HTTP/1.1" 404 197 "www.google.com" "Mozlila/5.0 (Linux; Android 7.0; SM-G892A Bulid/NRD90M; wv) AppleWebKit/537.36 (KHTML, like Gecko) Version/4.0 Chrome/60.0.3112.107 Moblie Safari/537.36"
51.222.253.19 - - [30/Jun/2022:03:14:48 +0000] "GET /node/date/2006/08/16/ HTTP/2.0" 200 8311 "-" "Mozilla/5.0 (compatible; AhrefsBot/7.0; +http://ahrefs.com/robot/)"
20.28.152.103 - - [30/Jun/2022:03:14:55 +0000] "GET //modules/mod_ariimageslidersa/mod_ariimageslidersa.php HTTP/1.1" 404 197 "www.google.com" "Mozlila/5.0 (Linux; Android 7.0; SM-G892A Bulid/NRD90M; wv) AppleWebKit/537.36 (KHTML, like Gecko) Version/4.0 Chrome/60.0.3112.107 Moblie Safari/537.36"
20.28.152.103 - - [30/Jun/2022:03:14:56 +0000] "GET //images/mod_config.php HTTP/1.1" 404 197 "www.google.com" "Mozlila/5.0 (Linux; Android 7.0; SM-G892A Bulid/NRD90M; wv) AppleWebKit/537.36 (KHTML, like Gecko) Version/4.0 Chrome/60.0.3112.107 Moblie Safari/537.36"
20.28.152.103 - - [30/Jun/2022:03:14:58 +0000] "GET //templates/atomic/error.php HTTP/1.1" 404 197 "www.google.com" "Mozlila/5.0 (Linux; Android 7.0; SM-G892A Bulid/NRD90M; wv) AppleWebKit/537.36 (KHTML, like Gecko) Version/4.0 Chrome/60.0.3112.107 Moblie Safari/537.36"
20.28.152.103 - - [30/Jun/2022:03:15:00 +0000] "GET //modules/mod_araticlws/mod_araticlws.php HTTP/1.1" 404 197 "www.google.com" "Mozlila/5.0 (Linux; Android 7.0; SM-G892A Bulid/NRD90M; wv) AppleWebKit/537.36 (KHTML, like Gecko) Version/4.0 Chrome/60.0.3112.107 Moblie Safari/537.36"
20.28.152.103 - - [30/Jun/2022:03:15:01 +0000] "GET //xl33t.php HTTP/1.1" 404 197 "www.google.com" "Mozlila/5.0 (Linux; Android 7.0; SM-G892A Bulid/NRD90M; wv) AppleWebKit/537.36 (KHTML, like Gecko) Version/4.0 Chrome/60.0.3112.107 Moblie Safari/537.36"
20.28.152.103 - - [30/Jun/2022:03:15:03 +0000] "GET //wp-content/themes/twentyfive/include.php HTTP/1.1" 404 197 "www.google.com" "Mozlila/5.0 (Linux; Android 7.0; SM-G892A Bulid/NRD90M; wv) AppleWebKit/537.36 (KHTML, like Gecko) Version/4.0 Chrome/60.0.3112.107 Moblie Safari/537.36"
114.119.147.75 - - [30/Jun/2022:03:15:15 +0000] "GET /node/date/2004/07/page/3 HTTP/1.1" 404 134 "http://www.mrchoke.org/node/date/2004/07/page/2" "Mozilla/5.0 (Linux; Android 7.0;) AppleWebKit/537.36 (KHTML, like Gecko) Mobile Safari/537.36 (compatible; PetalBot;+https://webmaster.petalsearch.com/site/petalbot)"
20.28.152.103 - - [30/Jun/2022:03:15:15 +0000] "GET //wp-content/xleet.php HTTP/1.1" 404 197 "www.google.com" "Mozlila/5.0 (Linux; Android 7.0; SM-G892A Bulid/NRD90M; wv) AppleWebKit/537.36 (KHTML, like Gecko) Version/4.0 Chrome/60.0.3112.107 Moblie Safari/537.36"
20.28.152.103 - - [30/Jun/2022:03:15:17 +0000] "GET //wordpress/wp-content/themes/twentyfive/include.php HTTP/1.1" 404 197 "www.google.com" "Mozlila/5.0 (Linux; Android 7.0; SM-G892A Bulid/NRD90M; wv) AppleWebKit/537.36 (KHTML, like Gecko) Version/4.0 Chrome/60.0.3112.107 Moblie Safari/537.36"
20.28.152.103 - - [30/Jun/2022:03:15:18 +0000] "GET //wp-content/themes/sketch/404.php HTTP/1.1" 404 197 "www.google.com" "Mozlila/5.0 (Linux; Android 7.0; SM-G892A Bulid/NRD90M; wv) AppleWebKit/537.36 (KHTML, like Gecko) Version/4.0 Chrome/60.0.3112.107 Moblie Safari/537.36"
20.28.152.103 - - [30/Jun/2022:03:15:23 +0000] "GET //wp-admin/images/xleet.php HTTP/1.1" 404 197 "www.google.com" "Mozlila/5.0 (Linux; Android 7.0; SM-G892A Bulid/NRD90M; wv) AppleWebKit/537.36 (KHTML, like Gecko) Version/4.0 Chrome/60.0.3112.107 Moblie Safari/537.36"
20.28.152.103 - - [30/Jun/2022:03:15:24 +0000] "GET //wp-admin/maint/xleet.php HTTP/1.1" 404 197 "www.google.com" "Mozlila/5.0 (Linux; Android 7.0; SM-G892A Bulid/NRD90M; wv) AppleWebKit/537.36 (KHTML, like Gecko) Version/4.0 Chrome/60.0.3112.107 Moblie Safari/537.36"
20.28.152.103 - - [30/Jun/2022:03:15:25 +0000] "GET //wp-admin/meta/xleet.php HTTP/1.1" 404 197 "www.google.com" "Mozlila/5.0 (Linux; Android 7.0; SM-G892A Bulid/NRD90M; wv) AppleWebKit/537.36 (KHTML, like Gecko) Version/4.0 Chrome/60.0.3112.107 Moblie Safari/537.36"
20.28.152.103 - - [30/Jun/2022:03:15:27 +0000] "GET //wp-admin/network/xleet.php HTTP/1.1" 404 197 "www.google.com" "Mozlila/5.0 (Linux; Android 7.0; SM-G892A Bulid/NRD90M; wv) AppleWebKit/537.36 (KHTML, like Gecko) Version/4.0 Chrome/60.0.3112.107 Moblie Safari/537.36"
20.28.152.103 - - [30/Jun/2022:03:15:40 +0000] "GET //wp-admin/user/xleet.php HTTP/1.1" 404 197 "www.google.com" "Mozlila/5.0 (Linux; Android 7.0; SM-G892A Bulid/NRD90M; wv) AppleWebKit/537.36 (KHTML, like Gecko) Version/4.0 Chrome/60.0.3112.107 Moblie Safari/537.36"
20.28.152.103 - - [30/Jun/2022:03:15:52 +0000] "GET //wp-admin/includes/xleet.php HTTP/1.1" 404 197 "www.google.com" "Mozlila/5.0 (Linux; Android 7.0; SM-G892A Bulid/NRD90M; wv) AppleWebKit/537.36 (KHTML, like Gecko) Version/4.0 Chrome/60.0.3112.107 Moblie Safari/537.36"
20.28.152.103 - - [30/Jun/2022:03:15:53 +0000] "GET //wp-admin/css/xleet.php HTTP/1.1" 404 197 "www.google.com" "Mozlila/5.0 (Linux; Android 7.0; SM-G892A Bulid/NRD90M; wv) AppleWebKit/537.36 (KHTML, like Gecko) Version/4.0 Chrome/60.0.3112.107 Moblie Safari/537.36"
20.28.152.103 - - [30/Jun/2022:03:15:55 +0000] "GET //wordpress/wp-content/themes/sketch/404.php HTTP/1.1" 404 197 "www.google.com" "Mozlila/5.0 (Linux; Android 7.0; SM-G892A Bulid/NRD90M; wv) AppleWebKit/537.36 (KHTML, like Gecko) Version/4.0 Chrome/60.0.3112.107 Moblie Safari/537.36"
20.28.152.103 - - [30/Jun/2022:03:15:59 +0000] "GET //wp-includes/xleet.php HTTP/1.1" 404 197 "www.google.com" "Mozlila/5.0 (Linux; Android 7.0; SM-G892A Bulid/NRD90M; wv) AppleWebKit/537.36 (KHTML, like Gecko) Version/4.0 Chrome/60.0.3112.107 Moblie Safari/537.36"
20.28.152.103 - - [30/Jun/2022:03:16:00 +0000] "GET //wp-content/uploads/xleet.php HTTP/1.1" 404 197 "www.google.com" "Mozlila/5.0 (Linux; Android 7.0; SM-G892A Bulid/NRD90M; wv) AppleWebKit/537.36 (KHTML, like Gecko) Version/4.0 Chrome/60.0.3112.107 Moblie Safari/537.36"
20.28.152.103 - - [30/Jun/2022:03:16:02 +0000] "GET //.well-known/xleet.php HTTP/1.1" 404 197 "www.google.com" "Mozlila/5.0 (Linux; Android 7.0; SM-G892A Bulid/NRD90M; wv) AppleWebKit/537.36 (KHTML, like Gecko) Version/4.0 Chrome/60.0.3112.107 Moblie Safari/537.36"
20.28.152.103 - - [30/Jun/2022:03:16:04 +0000] "GET //wp-vatva.php HTTP/1.1" 404 197 "www.google.com" "Mozlila/5.0 (Linux; Android 7.0; SM-G892A Bulid/NRD90M; wv) AppleWebKit/537.36 (KHTML, like Gecko) Version/4.0 Chrome/60.0.3112.107 Moblie Safari/537.36"
20.28.152.103 - - [30/Jun/2022:03:16:07 +0000] "GET //wp-2019.php HTTP/1.1" 404 197 "www.google.com" "Mozlila/5.0 (Linux; Android 7.0; SM-G892A Bulid/NRD90M; wv) AppleWebKit/537.36 (KHTML, like Gecko) Version/4.0 Chrome/60.0.3112.107 Moblie Safari/537.36"
20.28.152.103 - - [30/Jun/2022:03:16:11 +0000] "GET //style.php HTTP/1.1" 404 197 "www.google.com" "Mozlila/5.0 (Linux; Android 7.0; SM-G892A Bulid/NRD90M; wv) AppleWebKit/537.36 (KHTML, like Gecko) Version/4.0 Chrome/60.0.3112.107 Moblie Safari/537.36"
20.28.152.103 - - [30/Jun/2022:03:16:13 +0000] "GET //vabba.php HTTP/1.1" 404 197 "www.google.com" "Mozlila/5.0 (Linux; Android 7.0; SM-G892A Bulid/NRD90M; wv) AppleWebKit/537.36 (KHTML, like Gecko) Version/4.0 Chrome/60.0.3112.107 Moblie Safari/537.36"
20.28.152.103 - - [30/Jun/2022:03:16:15 +0000] "GET //qws.php HTTP/1.1" 404 197 "www.google.com" "Mozlila/5.0 (Linux; Android 7.0; SM-G892A Bulid/NRD90M; wv) AppleWebKit/537.36 (KHTML, like Gecko) Version/4.0 Chrome/60.0.3112.107 Moblie Safari/537.36"
20.28.152.103 - - [30/Jun/2022:03:16:25 +0000] "GET //wp-content/31cx4.php HTTP/1.1" 404 197 "www.google.com" "Mozlila/5.0 (Linux; Android 7.0; SM-G892A Bulid/NRD90M; wv) AppleWebKit/537.36 (KHTML, like Gecko) Version/4.0 Chrome/60.0.3112.107 Moblie Safari/537.36"
20.28.152.103 - - [30/Jun/2022:03:16:26 +0000] "GET //shell20211028.php HTTP/1.1" 404 197 "www.google.com" "Mozlila/5.0 (Linux; Android 7.0; SM-G892A Bulid/NRD90M; wv) AppleWebKit/537.36 (KHTML, like Gecko) Version/4.0 Chrome/60.0.3112.107 Moblie Safari/537.36"
20.28.152.103 - - [30/Jun/2022:03:16:28 +0000] "GET //1index.php HTTP/1.1" 404 197 "www.google.com" "Mozlila/5.0 (Linux; Android 7.0; SM-G892A Bulid/NRD90M; wv) AppleWebKit/537.36 (KHTML, like Gecko) Version/4.0 Chrome/60.0.3112.107 Moblie Safari/537.36"
20.28.152.103 - - [30/Jun/2022:03:16:29 +0000] "GET //autoload_classmap.php HTTP/1.1" 404 197 "www.google.com" "Mozlila/5.0 (Linux; Android 7.0; SM-G892A Bulid/NRD90M; wv) AppleWebKit/537.36 (KHTML, like Gecko) Version/4.0 Chrome/60.0.3112.107 Moblie Safari/537.36"
20.28.152.103 - - [30/Jun/2022:03:16:32 +0000] "GET //radio.php HTTP/1.1" 404 197 "www.google.com" "Mozlila/5.0 (Linux; Android 7.0; SM-G892A Bulid/NRD90M; wv) AppleWebKit/537.36 (KHTML, like Gecko) Version/4.0 Chrome/60.0.3112.107 Moblie Safari/537.36"
20.28.152.103 - - [30/Jun/2022:03:16:33 +0000] "GET //2index.php HTTP/1.1" 404 197 "www.google.com" "Mozlila/5.0 (Linux; Android 7.0; SM-G892A Bulid/NRD90M; wv) AppleWebKit/537.36 (KHTML, like Gecko) Version/4.0 Chrome/60.0.3112.107 Moblie Safari/537.36"
20.28.152.103 - - [30/Jun/2022:03:16:35 +0000] "GET //content.php HTTP/1.1" 404 197 "www.google.com" "Mozlila/5.0 (Linux; Android 7.0; SM-G892A Bulid/NRD90M; wv) AppleWebKit/537.36 (KHTML, like Gecko) Version/4.0 Chrome/60.0.3112.107 Moblie Safari/537.36"
20.28.152.103 - - [30/Jun/2022:03:16:37 +0000] "GET //new-index.php HTTP/1.1" 404 197 "www.google.com" "Mozlila/5.0 (Linux; Android 7.0; SM-G892A Bulid/NRD90M; wv) AppleWebKit/537.36 (KHTML, like Gecko) Version/4.0 Chrome/60.0.3112.107 Moblie Safari/537.36"
20.28.152.103 - - [30/Jun/2022:03:16:50 +0000] "GET //wp-includes/wp-class.php HTTP/1.1" 404 197 "www.google.com" "Mozlila/5.0 (Linux; Android 7.0; SM-G892A Bulid/NRD90M; wv) AppleWebKit/537.36 (KHTML, like Gecko) Version/4.0 Chrome/60.0.3112.107 Moblie Safari/537.36"
20.28.152.103 - - [30/Jun/2022:03:17:01 +0000] "GET //wp-includes/images/media/about.php HTTP/1.1" 404 197 "www.google.com" "Mozlila/5.0 (Linux; Android 7.0; SM-G892A Bulid/NRD90M; wv) AppleWebKit/537.36 (KHTML, like Gecko) Version/4.0 Chrome/60.0.3112.107 Moblie Safari/537.36"
20.28.152.103 - - [30/Jun/2022:03:17:03 +0000] "GET //wp-content/languages/themes/radio.php HTTP/1.1" 404 197 "www.google.com" "Mozlila/5.0 (Linux; Android 7.0; SM-G892A Bulid/NRD90M; wv) AppleWebKit/537.36 (KHTML, like Gecko) Version/4.0 Chrome/60.0.3112.107 Moblie Safari/537.36"
20.28.152.103 - - [30/Jun/2022:03:17:05 +0000] "GET //wp-includes/Text/Diff/content.php HTTP/1.1" 404 197 "www.google.com" "Mozlila/5.0 (Linux; Android 7.0; SM-G892A Bulid/NRD90M; wv) AppleWebKit/537.36 (KHTML, like Gecko) Version/4.0 Chrome/60.0.3112.107 Moblie Safari/537.36"
20.28.152.103 - - [30/Jun/2022:03:17:10 +0000] "GET //wp-includes/rest-api/search/2index.php HTTP/1.1" 404 197 "www.google.com" "Mozlila/5.0 (Linux; Android 7.0; SM-G892A Bulid/NRD90M; wv) AppleWebKit/537.36 (KHTML, like Gecko) Version/4.0 Chrome/60.0.3112.107 Moblie Safari/537.36"
20.28.152.103 - - [30/Jun/2022:03:17:11 +0000] "GET //wp-includes/Text/Diff/radio.php HTTP/1.1" 404 197 "www.google.com" "Mozlila/5.0 (Linux; Android 7.0; SM-G892A Bulid/NRD90M; wv) AppleWebKit/537.36 (KHTML, like Gecko) Version/4.0 Chrome/60.0.3112.107 Moblie Safari/537.36"
20.28.152.103 - - [30/Jun/2022:03:17:13 +0000] "GET //wp-includes/images/media/new-index.php HTTP/1.1" 404 197 "www.google.com" "Mozlila/5.0 (Linux; Android 7.0; SM-G892A Bulid/NRD90M; wv) AppleWebKit/537.36 (KHTML, like Gecko) Version/4.0 Chrome/60.0.3112.107 Moblie Safari/537.36"
20.28.152.103 - - [30/Jun/2022:03:17:23 +0000] "GET //wp-includes/images/smilies/2index.php HTTP/1.1" 404 197 "www.google.com" "Mozlila/5.0 (Linux; Android 7.0; SM-G892A Bulid/NRD90M; wv) AppleWebKit/537.36 (KHTML, like Gecko) Version/4.0 Chrome/60.0.3112.107 Moblie Safari/537.36"
20.28.152.103 - - [30/Jun/2022:03:17:23 +0000] "GET //wp-content/themes/twentytwenty/content.php HTTP/1.1" 404 197 "www.google.com" "Mozlila/5.0 (Linux; Android 7.0; SM-G892A Bulid/NRD90M; wv) AppleWebKit/537.36 (KHTML, like Gecko) Version/4.0 Chrome/60.0.3112.107 Moblie Safari/537.36"
20.28.152.103 - - [30/Jun/2022:03:17:25 +0000] "GET //wp-includes/images/wlw/content.php HTTP/1.1" 404 197 "www.google.com" "Mozlila/5.0 (Linux; Android 7.0; SM-G892A Bulid/NRD90M; wv) AppleWebKit/537.36 (KHTML, like Gecko) Version/4.0 Chrome/60.0.3112.107 Moblie Safari/537.36"
20.28.152.103 - - [30/Jun/2022:03:17:26 +0000] "GET //alwso.php HTTP/1.1" 404 197 "www.google.com" "Mozlila/5.0 (Linux; Android 7.0; SM-G892A Bulid/NRD90M; wv) AppleWebKit/537.36 (KHTML, like Gecko) Version/4.0 Chrome/60.0.3112.107 Moblie Safari/537.36"
20.28.152.103 - - [30/Jun/2022:03:17:29 +0000] "GET //wp-content/themes/zakra/image.php HTTP/1.1" 404 197 "www.google.com" "Mozlila/5.0 (Linux; Android 7.0; SM-G892A Bulid/NRD90M; wv) AppleWebKit/537.36 (KHTML, like Gecko) Version/4.0 Chrome/60.0.3112.107 Moblie Safari/537.36"
20.28.152.103 - - [30/Jun/2022:03:17:30 +0000] "GET //cgi-etc/quti.php?pass=shell HTTP/1.1" 404 197 "www.google.com" "Mozlila/5.0 (Linux; Android 7.0; SM-G892A Bulid/NRD90M; wv) AppleWebKit/537.36 (KHTML, like Gecko) Version/4.0 Chrome/60.0.3112.107 Moblie Safari/537.36"
20.28.152.103 - - [30/Jun/2022:03:17:32 +0000] "GET //varb.php HTTP/1.1" 404 197 "www.google.com" "Mozlila/5.0 (Linux; Android 7.0; SM-G892A Bulid/NRD90M; wv) AppleWebKit/537.36 (KHTML, like Gecko) Version/4.0 Chrome/60.0.3112.107 Moblie Safari/537.36"
20.28.152.103 - - [30/Jun/2022:03:17:34 +0000] "GET //images/up.php HTTP/1.1" 404 197 "www.google.com" "Mozlila/5.0 (Linux; Android 7.0; SM-G892A Bulid/NRD90M; wv) AppleWebKit/537.36 (KHTML, like Gecko) Version/4.0 Chrome/60.0.3112.107 Moblie Safari/537.36"
20.28.152.103 - - [30/Jun/2022:03:17:39 +0000] "GET //baindex.php HTTP/1.1" 404 197 "www.google.com" "Mozlila/5.0 (Linux; Android 7.0; SM-G892A Bulid/NRD90M; wv) AppleWebKit/537.36 (KHTML, like Gecko) Version/4.0 Chrome/60.0.3112.107 Moblie Safari/537.36"
20.28.152.103 - - [30/Jun/2022:03:17:40 +0000] "GET //qindex.php HTTP/1.1" 404 197 "www.google.com" "Mozlila/5.0 (Linux; Android 7.0; SM-G892A Bulid/NRD90M; wv) AppleWebKit/537.36 (KHTML, like Gecko) Version/4.0 Chrome/60.0.3112.107 Moblie Safari/537.36"
20.28.152.103 - - [30/Jun/2022:03:17:42 +0000] "GET //wp-signin.php HTTP/1.1" 404 197 "www.google.com" "Mozlila/5.0 (Linux; Android 7.0; SM-G892A Bulid/NRD90M; wv) AppleWebKit/537.36 (KHTML, like Gecko) Version/4.0 Chrome/60.0.3112.107 Moblie Safari/537.36"
20.28.152.103 - - [30/Jun/2022:03:17:44 +0000] "GET //local.php HTTP/1.1" 404 197 "www.google.com" "Mozlila/5.0 (Linux; Android 7.0; SM-G892A Bulid/NRD90M; wv) AppleWebKit/537.36 (KHTML, like Gecko) Version/4.0 Chrome/60.0.3112.107 Moblie Safari/537.36"
20.28.152.103 - - [30/Jun/2022:03:17:46 +0000] "GET //wp-content/export.php HTTP/1.1" 404 197 "www.google.com" "Mozlila/5.0 (Linux; Android 7.0; SM-G892A Bulid/NRD90M; wv) AppleWebKit/537.36 (KHTML, like Gecko) Version/4.0 Chrome/60.0.3112.107 Moblie Safari/537.36"
20.28.152.103 - - [30/Jun/2022:03:17:49 +0000] "GET //wp-plugins.php HTTP/1.1" 404 197 "www.google.com" "Mozlila/5.0 (Linux; Android 7.0; SM-G892A Bulid/NRD90M; wv) AppleWebKit/537.36 (KHTML, like Gecko) Version/4.0 Chrome/60.0.3112.107 Moblie Safari/537.36"
20.28.152.103 - - [30/Jun/2022:03:17:51 +0000] "GET //ups.php HTTP/1.1" 404 197 "www.google.com" "Mozlila/5.0 (Linux; Android 7.0; SM-G892A Bulid/NRD90M; wv) AppleWebKit/537.36 (KHTML, like Gecko) Version/4.0 Chrome/60.0.3112.107 Moblie Safari/537.36"
20.28.152.103 - - [30/Jun/2022:03:17:52 +0000] "GET //wp.php HTTP/1.1" 404 197 "www.google.com" "Mozlila/5.0 (Linux; Android 7.0; SM-G892A Bulid/NRD90M; wv) AppleWebKit/537.36 (KHTML, like Gecko) Version/4.0 Chrome/60.0.3112.107 Moblie Safari/537.36"
20.28.152.103 - - [30/Jun/2022:03:17:53 +0000] "GET //admin.php HTTP/1.1" 404 197 "www.google.com" "Mozlila/5.0 (Linux; Android 7.0; SM-G892A Bulid/NRD90M; wv) AppleWebKit/537.36 (KHTML, like Gecko) Version/4.0 Chrome/60.0.3112.107 Moblie Safari/537.36"
20.28.152.103 - - [30/Jun/2022:03:17:56 +0000] "GET //xleet.php HTTP/1.1" 404 197 "www.google.com" "Mozlila/5.0 (Linux; Android 7.0; SM-G892A Bulid/NRD90M; wv) AppleWebKit/537.36 (KHTML, like Gecko) Version/4.0 Chrome/60.0.3112.107 Moblie Safari/537.36"
20.28.152.103 - - [30/Jun/2022:03:17:57 +0000] "GET //403.php HTTP/1.1" 404 197 "www.google.com" "Mozlila/5.0 (Linux; Android 7.0; SM-G892A Bulid/NRD90M; wv) AppleWebKit/537.36 (KHTML, like Gecko) Version/4.0 Chrome/60.0.3112.107 Moblie Safari/537.36"
20.28.152.103 - - [30/Jun/2022:03:17:59 +0000] "GET //wp-content/plugins/ubh/up.php/.well-known/ HTTP/1.1" 404 197 "www.google.com" "Mozlila/5.0 (Linux; Android 7.0; SM-G892A Bulid/NRD90M; wv) AppleWebKit/537.36 (KHTML, like Gecko) Version/4.0 Chrome/60.0.3112.107 Moblie Safari/537.36"
20.28.152.103 - - [30/Jun/2022:03:18:01 +0000] "GET /.well-known/acme-challenge/ HTTP/1.1" 404 197 "www.google.com" "Mozlila/5.0 (Linux; Android 7.0; SM-G892A Bulid/NRD90M; wv) AppleWebKit/537.36 (KHTML, like Gecko) Version/4.0 Chrome/60.0.3112.107 Moblie Safari/537.36"
20.28.152.103 - - [30/Jun/2022:03:18:03 +0000] "GET /wp-includes/ HTTP/1.1" 404 197 "www.google.com" "Mozlila/5.0 (Linux; Android 7.0; SM-G892A Bulid/NRD90M; wv) AppleWebKit/537.36 (KHTML, like Gecko) Version/4.0 Chrome/60.0.3112.107 Moblie Safari/537.36"
20.28.152.103 - - [30/Jun/2022:03:18:06 +0000] "GET /wp-admin/css/ HTTP/1.1" 404 197 "www.google.com" "Mozlila/5.0 (Linux; Android 7.0; SM-G892A Bulid/NRD90M; wv) AppleWebKit/537.36 (KHTML, like Gecko) Version/4.0 Chrome/60.0.3112.107 Moblie Safari/537.36"
20.28.152.103 - - [30/Jun/2022:03:18:06 +0000] "GET /wp-includes/css/ HTTP/1.1" 404 197 "www.google.com" "Mozlila/5.0 (Linux; Android 7.0; SM-G892A Bulid/NRD90M; wv) AppleWebKit/537.36 (KHTML, like Gecko) Version/4.0 Chrome/60.0.3112.107 Moblie Safari/537.36"
20.28.152.103 - - [30/Jun/2022:03:18:09 +0000] "GET /wp-includes/images/ HTTP/1.1" 404 197 "www.google.com" "Mozlila/5.0 (Linux; Android 7.0; SM-G892A Bulid/NRD90M; wv) AppleWebKit/537.36 (KHTML, like Gecko) Version/4.0 Chrome/60.0.3112.107 Moblie Safari/537.36"
20.28.152.103 - - [30/Jun/2022:03:18:11 +0000] "GET /wp-admin/maint/ HTTP/1.1" 404 197 "www.google.com" "Mozlila/5.0 (Linux; Android 7.0; SM-G892A Bulid/NRD90M; wv) AppleWebKit/537.36 (KHTML, like Gecko) Version/4.0 Chrome/60.0.3112.107 Moblie Safari/537.36"
20.28.152.103 - - [30/Jun/2022:03:18:13 +0000] "GET /wp-admin/network/ HTTP/1.1" 404 197 "www.google.com" "Mozlila/5.0 (Linux; Android 7.0; SM-G892A Bulid/NRD90M; wv) AppleWebKit/537.36 (KHTML, like Gecko) Version/4.0 Chrome/60.0.3112.107 Moblie Safari/537.36"
20.28.152.103 - - [30/Jun/2022:03:18:14 +0000] "GET /wp-content/ HTTP/1.1" 404 197 "www.google.com" "Mozlila/5.0 (Linux; Android 7.0; SM-G892A Bulid/NRD90M; wv) AppleWebKit/537.36 (KHTML, like Gecko) Version/4.0 Chrome/60.0.3112.107 Moblie Safari/537.36"
20.28.152.103 - - [30/Jun/2022:03:18:16 +0000] "GET /wp-content/plugins/ HTTP/1.1" 404 197 "www.google.com" "Mozlila/5.0 (Linux; Android 7.0; SM-G892A Bulid/NRD90M; wv) AppleWebKit/537.36 (KHTML, like Gecko) Version/4.0 Chrome/60.0.3112.107 Moblie Safari/537.36"
20.28.152.103 - - [30/Jun/2022:03:18:18 +0000] "GET /upload/image/ HTTP/1.1" 404 197 "www.google.com" "Mozlila/5.0 (Linux; Android 7.0; SM-G892A Bulid/NRD90M; wv) AppleWebKit/537.36 (KHTML, like Gecko) Version/4.0 Chrome/60.0.3112.107 Moblie Safari/537.36"
20.28.152.103 - - [30/Jun/2022:03:18:20 +0000] "GET /wp-content/plugins/ubh/ HTTP/1.1" 404 197 "www.google.com" "Mozlila/5.0 (Linux; Android 7.0; SM-G892A Bulid/NRD90M; wv) AppleWebKit/537.36 (KHTML, like Gecko) Version/4.0 Chrome/60.0.3112.107 Moblie Safari/537.36"
20.28.152.103 - - [30/Jun/2022:03:18:22 +0000] "GET /wp-content/languages/ HTTP/1.1" 404 197 "www.google.com" "Mozlila/5.0 (Linux; Android 7.0; SM-G892A Bulid/NRD90M; wv) AppleWebKit/537.36 (KHTML, like Gecko) Version/4.0 Chrome/60.0.3112.107 Moblie Safari/537.36"
20.28.152.103 - - [30/Jun/2022:03:18:25 +0000] "GET /wp-content/uploads/ HTTP/1.1" 404 197 "www.google.com" "Mozlila/5.0 (Linux; Android 7.0; SM-G892A Bulid/NRD90M; wv) AppleWebKit/537.36 (KHTML, like Gecko) Version/4.0 Chrome/60.0.3112.107 Moblie Safari/537.36"
20.28.152.103 - - [30/Jun/2022:03:18:26 +0000] "GET /cgi-etc/ HTTP/1.1" 404 197 "www.google.com" "Mozlila/5.0 (Linux; Android 7.0; SM-G892A Bulid/NRD90M; wv) AppleWebKit/537.36 (KHTML, like Gecko) Version/4.0 Chrome/60.0.3112.107 Moblie Safari/537.36"
20.28.152.103 - - [30/Jun/2022:03:18:28 +0000] "GET /wp-content/plugins/apikey/ HTTP/1.1" 404 197 "www.google.com" "Mozlila/5.0 (Linux; Android 7.0; SM-G892A Bulid/NRD90M; wv) AppleWebKit/537.36 (KHTML, like Gecko) Version/4.0 Chrome/60.0.3112.107 Moblie Safari/537.36"
114.119.147.74 - - [30/Jun/2022:03:19:49 +0000] "GET /img_6510 HTTP/1.1" 301 178 "https://mrchoke.org/node/1015?share=reddit" "Mozilla/5.0 (Linux; Android 7.0;) AppleWebKit/537.36 (KHTML, like Gecko) Mobile Safari/537.36 (compatible; PetalBot;+https://webmaster.petalsearch.com/site/petalbot)"
114.119.147.74 - - [30/Jun/2022:03:19:55 +0000] "GET /img_6510/ HTTP/1.1" 200 7890 "https://mrchoke.org/node/1015?share=reddit" "Mozilla/5.0 (Linux; Android 7.0;) AppleWebKit/537.36 (KHTML, like Gecko) Mobile Safari/537.36 (compatible; PetalBot;+https://webmaster.petalsearch.com/site/petalbot)"
114.119.147.75 - - [30/Jun/2022:03:22:36 +0000] "GET /node/date/2004/08/06 HTTP/1.1" 301 178 "https://mrchoke.org/node/392?ak_action=accept_mobile" "Mozilla/5.0 (Linux; Android 7.0;) AppleWebKit/537.36 (KHTML, like Gecko) Mobile Safari/537.36 (compatible; PetalBot;+https://webmaster.petalsearch.com/site/petalbot)"
114.119.147.75 - - [30/Jun/2022:03:22:47 +0000] "GET /node/date/2004/08/06/ HTTP/1.1" 200 9651 "https://mrchoke.org/node/392?ak_action=accept_mobile" "Mozilla/5.0 (Linux; Android 7.0;) AppleWebKit/537.36 (KHTML, like Gecko) Mobile Safari/537.36 (compatible; PetalBot;+https://webmaster.petalsearch.com/site/petalbot)"
185.7.214.104 - - [30/Jun/2022:03:23:22 +0000] "GET /solr/admin/info/system?wt=json HTTP/1.1" 404 197 "-" "Mozilla/5.0 (Windows NT 10.0; Win64; x64) AppleWebKit/537.36 (KHTML, like Gecko) Chrome/78.0.3904.108 Safari/537.36"
51.222.253.14 - - [30/Jun/2022:03:23:59 +0000] "GET /node/648/ HTTP/2.0" 200 8513 "-" "Mozilla/5.0 (compatible; AhrefsBot/7.0; +http://ahrefs.com/robot/)"
114.119.147.87 - - [30/Jun/2022:03:24:04 +0000] "GET /node/311?ak_action=accept_mobile HTTP/1.1" 302 154 "https://mrchoke.org/node/311?ak_action=reject_mobile" "Mozilla/5.0 (Linux; Android 7.0;) AppleWebKit/537.36 (KHTML, like Gecko) Mobile Safari/537.36 (compatible; PetalBot;+https://webmaster.petalsearch.com/site/petalbot)"
114.119.147.87 - - [30/Jun/2022:03:24:14 +0000] "GET /node/311?ak_action=accept_mobile HTTP/1.1" 301 178 "https://mrchoke.org/node/311?ak_action=reject_mobile" "Mozilla/5.0 (Linux; Android 7.0;) AppleWebKit/537.36 (KHTML, like Gecko) Mobile Safari/537.36 (compatible; PetalBot;+https://webmaster.petalsearch.com/site/petalbot)"
114.119.147.87 - - [30/Jun/2022:03:24:27 +0000] "GET /node/311/?ak_action=accept_mobile HTTP/1.1" 200 8558 "https://mrchoke.org/node/311?ak_action=reject_mobile" "Mozilla/5.0 (Linux; Android 7.0;) AppleWebKit/537.36 (KHTML, like Gecko) Mobile Safari/537.36 (compatible; PetalBot;+https://webmaster.petalsearch.com/site/petalbot)"
114.119.147.75 - - [30/Jun/2022:03:27:27 +0000] "GET /node/444?share=facebook HTTP/1.1" 302 154 "https://mrchoke.org/node/444?ak_action=accept_mobile" "Mozilla/5.0 (Linux; Android 7.0;) AppleWebKit/537.36 (KHTML, like Gecko) Mobile Safari/537.36 (compatible; PetalBot;+https://webmaster.petalsearch.com/site/petalbot)"
114.119.147.75 - - [30/Jun/2022:03:27:33 +0000] "GET /node/444?share=facebook HTTP/1.1" 301 178 "https://mrchoke.org/node/444?ak_action=accept_mobile" "Mozilla/5.0 (Linux; Android 7.0;) AppleWebKit/537.36 (KHTML, like Gecko) Mobile Safari/537.36 (compatible; PetalBot;+https://webmaster.petalsearch.com/site/petalbot)"
114.119.147.75 - - [30/Jun/2022:03:27:39 +0000] "GET /node/444/?share=facebook HTTP/1.1" 200 8097 "https://mrchoke.org/node/444?ak_action=accept_mobile" "Mozilla/5.0 (Linux; Android 7.0;) AppleWebKit/537.36 (KHTML, like Gecko) Mobile Safari/537.36 (compatible; PetalBot;+https://webmaster.petalsearch.com/site/petalbot)"
58.250.125.71 - - [30/Jun/2022:03:27:56 +0000] "GET / HTTP/1.1" 200 294 "-" "Sogou web spider/4.0(+http://www.sogou.com/docs/help/webmasters.htm#07)"
114.119.147.97 - - [30/Jun/2022:03:29:39 +0000] "GET /node/346 HTTP/1.1" 301 178 "https://mrchoke.org/node/346?ak_action=reject_mobile" "Mozilla/5.0 (Linux; Android 7.0;) AppleWebKit/537.36 (KHTML, like Gecko) Mobile Safari/537.36 (compatible; PetalBot;+https://webmaster.petalsearch.com/site/petalbot)"
114.119.147.97 - - [30/Jun/2022:03:29:46 +0000] "GET /node/346/ HTTP/1.1" 200 8686 "https://mrchoke.org/node/346?ak_action=reject_mobile" "Mozilla/5.0 (Linux; Android 7.0;) AppleWebKit/537.36 (KHTML, like Gecko) Mobile Safari/537.36 (compatible; PetalBot;+https://webmaster.petalsearch.com/site/petalbot)"
51.222.253.19 - - [30/Jun/2022:03:32:01 +0000] "GET /node/350/ HTTP/2.0" 200 8067 "-" "Mozilla/5.0 (compatible; AhrefsBot/7.0; +http://ahrefs.com/robot/)"
185.191.171.11 - - [30/Jun/2022:03:37:26 +0000] "GET /robots.txt HTTP/1.1" 404 134 "-" "Mozilla/5.0 (compatible; SemrushBot/7~bl; +http://www.semrush.com/bot.html)"
185.191.171.15 - - [30/Jun/2022:03:37:32 +0000] "GET /node/397 HTTP/1.1" 302 154 "-" "Mozilla/5.0 (compatible; SemrushBot/7~bl; +http://www.semrush.com/bot.html)"
185.191.171.13 - - [30/Jun/2022:03:37:34 +0000] "GET /node/397 HTTP/1.1" 301 178 "-" "Mozilla/5.0 (compatible; SemrushBot/7~bl; +http://www.semrush.com/bot.html)"
185.191.171.43 - - [30/Jun/2022:03:37:36 +0000] "GET /node/397/ HTTP/1.1" 200 8680 "-" "Mozilla/5.0 (compatible; SemrushBot/7~bl; +http://www.semrush.com/bot.html)"
51.222.253.16 - - [30/Jun/2022:03:38:00 +0000] "GET /node/1815/ HTTP/2.0" 200 8956 "-" "Mozilla/5.0 (compatible; AhrefsBot/7.0; +http://ahrefs.com/robot/)"
185.191.171.8 - - [30/Jun/2022:03:38:39 +0000] "GET /node/508 HTTP/1.1" 302 154 "-" "Mozilla/5.0 (compatible; SemrushBot/7~bl; +http://www.semrush.com/bot.html)"
185.191.171.5 - - [30/Jun/2022:03:38:41 +0000] "GET /node/508 HTTP/1.1" 301 178 "-" "Mozilla/5.0 (compatible; SemrushBot/7~bl; +http://www.semrush.com/bot.html)"
185.191.171.5 - - [30/Jun/2022:03:38:45 +0000] "GET /node/508/ HTTP/1.1" 200 9786 "-" "Mozilla/5.0 (compatible; SemrushBot/7~bl; +http://www.semrush.com/bot.html)"
114.119.147.74 - - [30/Jun/2022:03:39:25 +0000] "GET /node/865/ch7_3253 HTTP/1.1" 301 178 "https://mrchoke.org/node/865/ch7_3250" "Mozilla/5.0 (Linux; Android 7.0;) AppleWebKit/537.36 (KHTML, like Gecko) Mobile Safari/537.36 (compatible; PetalBot;+https://webmaster.petalsearch.com/site/petalbot)"
114.119.147.74 - - [30/Jun/2022:03:39:43 +0000] "GET /node/865/ch7_3253/ HTTP/1.1" 200 7887 "https://mrchoke.org/node/865/ch7_3250" "Mozilla/5.0 (Linux; Android 7.0;) AppleWebKit/537.36 (KHTML, like Gecko) Mobile Safari/537.36 (compatible; PetalBot;+https://webmaster.petalsearch.com/site/petalbot)"
51.222.253.3 - - [30/Jun/2022:03:44:44 +0000] "GET /node/tag/nlc/ HTTP/2.0" 200 11712 "-" "Mozilla/5.0 (compatible; AhrefsBot/7.0; +http://ahrefs.com/robot/)"
185.191.171.4 - - [30/Jun/2022:03:46:21 +0000] "GET /node/304 HTTP/1.1" 301 178 "-" "Mozilla/5.0 (compatible; SemrushBot/7~bl; +http://www.semrush.com/bot.html)"
185.191.171.15 - - [30/Jun/2022:03:46:24 +0000] "GET /node/304/ HTTP/1.1" 200 8619 "-" "Mozilla/5.0 (compatible; SemrushBot/7~bl; +http://www.semrush.com/bot.html)"
185.191.171.7 - - [30/Jun/2022:03:47:10 +0000] "GET /node/480 HTTP/1.1" 302 154 "-" "Mozilla/5.0 (compatible; SemrushBot/7~bl; +http://www.semrush.com/bot.html)"
185.191.171.34 - - [30/Jun/2022:03:47:12 +0000] "GET /node/480 HTTP/1.1" 301 178 "-" "Mozilla/5.0 (compatible; SemrushBot/7~bl; +http://www.semrush.com/bot.html)"
185.191.171.17 - - [30/Jun/2022:03:47:15 +0000] "GET /node/480/ HTTP/1.1" 200 8345 "-" "Mozilla/5.0 (compatible; SemrushBot/7~bl; +http://www.semrush.com/bot.html)"
185.191.171.19 - - [30/Jun/2022:03:48:33 +0000] "GET /node/581/img_1725 HTTP/1.1" 302 154 "-" "Mozilla/5.0 (compatible; SemrushBot/7~bl; +http://www.semrush.com/bot.html)"
185.191.171.11 - - [30/Jun/2022:03:48:34 +0000] "GET /node/581/img_1725 HTTP/1.1" 301 178 "-" "Mozilla/5.0 (compatible; SemrushBot/7~bl; +http://www.semrush.com/bot.html)"
2001:470:1:c84::20 - - [30/Jun/2022:03:49:33 +0000] "GET / HTTP/1.1" 200 612 "-" "-"
207.46.13.174 - - [30/Jun/2022:03:49:37 +0000] "GET /feed/?attachment_id=1179 HTTP/2.0" 403 123 "-" "Mozilla/5.0 (compatible; bingbot/2.0; +http://www.bing.com/bingbot.htm)"
51.222.253.9 - - [30/Jun/2022:03:51:57 +0000] "GET /node/date/2014/01/19/ HTTP/2.0" 200 9857 "-" "Mozilla/5.0 (compatible; AhrefsBot/7.0; +http://ahrefs.com/robot/)"
185.191.171.7 - - [30/Jun/2022:03:51:58 +0000] "GET /node/337 HTTP/1.1" 302 154 "-" "Mozilla/5.0 (compatible; SemrushBot/7~bl; +http://www.semrush.com/bot.html)"
185.191.171.25 - - [30/Jun/2022:03:51:59 +0000] "GET /robots.txt HTTP/1.1" 404 134 "-" "Mozilla/5.0 (compatible; SemrushBot/7~bl; +http://www.semrush.com/bot.html)"
185.191.171.15 - - [30/Jun/2022:03:52:02 +0000] "GET /node/337 HTTP/1.1" 301 178 "-" "Mozilla/5.0 (compatible; SemrushBot/7~bl; +http://www.semrush.com/bot.html)"
185.191.171.45 - - [30/Jun/2022:03:52:05 +0000] "GET /node/337/ HTTP/1.1" 200 9839 "-" "Mozilla/5.0 (compatible; SemrushBot/7~bl; +http://www.semrush.com/bot.html)"
114.119.147.81 - - [30/Jun/2022:03:52:24 +0000] "GET /node/382?share=reddit HTTP/1.1" 302 154 "https://mrchoke.org/node/382?replytocom=481&ak_action=reject_mobile" "Mozilla/5.0 (Linux; Android 7.0;) AppleWebKit/537.36 (KHTML, like Gecko) Mobile Safari/537.36 (compatible; PetalBot;+https://webmaster.petalsearch.com/site/petalbot)"
185.191.171.22 - - [30/Jun/2022:03:52:28 +0000] "GET /node/category/leopard HTTP/1.1" 302 154 "-" "Mozilla/5.0 (compatible; SemrushBot/7~bl; +http://www.semrush.com/bot.html)"
185.191.171.43 - - [30/Jun/2022:03:52:30 +0000] "GET /node/category/leopard HTTP/1.1" 301 178 "-" "Mozilla/5.0 (compatible; SemrushBot/7~bl; +http://www.semrush.com/bot.html)"
185.191.171.9 - - [30/Jun/2022:03:52:32 +0000] "GET /node/category/leopard/ HTTP/1.1" 200 11022 "-" "Mozilla/5.0 (compatible; SemrushBot/7~bl; +http://www.semrush.com/bot.html)"
114.119.147.81 - - [30/Jun/2022:03:52:33 +0000] "GET /node/382?share=reddit HTTP/1.1" 301 178 "https://mrchoke.org/node/382?replytocom=481&ak_action=reject_mobile" "Mozilla/5.0 (Linux; Android 7.0;) AppleWebKit/537.36 (KHTML, like Gecko) Mobile Safari/537.36 (compatible; PetalBot;+https://webmaster.petalsearch.com/site/petalbot)"
114.119.147.81 - - [30/Jun/2022:03:52:45 +0000] "GET /node/382/?share=reddit HTTP/1.1" 200 9042 "https://mrchoke.org/node/382?replytocom=481&ak_action=reject_mobile" "Mozilla/5.0 (Linux; Android 7.0;) AppleWebKit/537.36 (KHTML, like Gecko) Mobile Safari/537.36 (compatible; PetalBot;+https://webmaster.petalsearch.com/site/petalbot)"
216.244.66.229 - - [30/Jun/2022:03:53:52 +0000] "GET /robots.txt HTTP/1.1" 404 162 "-" "Mozilla/5.0 (compatible; DotBot/1.2; +https://opensiteexplorer.org/dotbot; help@moz.com)"
216.244.66.229 - - [30/Jun/2022:03:53:53 +0000] "GET /robots.txt HTTP/1.1" 404 162 "-" "Mozilla/5.0 (compatible; DotBot/1.2; +https://opensiteexplorer.org/dotbot; help@moz.com)"
185.191.171.21 - - [30/Jun/2022:03:54:58 +0000] "GET /page/7 HTTP/1.1" 301 178 "-" "Mozilla/5.0 (compatible; SemrushBot/7~bl; +http://www.semrush.com/bot.html)"
185.191.171.21 - - [30/Jun/2022:03:55:00 +0000] "GET /page/7/ HTTP/1.1" 200 15773 "-" "Mozilla/5.0 (compatible; SemrushBot/7~bl; +http://www.semrush.com/bot.html)"
