107.187.124.24 - - [25/Jun/2022:03:26:39 +0000] "GET /aws.yml HTTP/1.1" 404 197 "-" "Mozlila/5.0 (Linux; Android 7.0; SM-G892A Bulid/NRD90M; wv) AppleWebKit/537.36 (KHTML, like Gecko) Version/4.0 Chrome/60.0.3112.107 Moblie Safari/537.36"
107.187.124.24 - - [25/Jun/2022:03:26:39 +0000] "GET /.env.bak HTTP/1.1" 404 197 "-" "Mozlila/5.0 (Linux; Android 7.0; SM-G892A Bulid/NRD90M; wv) AppleWebKit/537.36 (KHTML, like Gecko) Version/4.0 Chrome/60.0.3112.107 Moblie Safari/537.36"
107.187.124.24 - - [25/Jun/2022:03:26:39 +0000] "GET /info.php HTTP/1.1" 404 197 "-" "Mozlila/5.0 (Linux; Android 7.0; SM-G892A Bulid/NRD90M; wv) AppleWebKit/537.36 (KHTML, like Gecko) Version/4.0 Chrome/60.0.3112.107 Moblie Safari/537.36"
107.187.124.24 - - [25/Jun/2022:03:26:40 +0000] "GET /.aws/credentials HTTP/1.1" 404 197 "-" "Mozlila/5.0 (Linux; Android 7.0; SM-G892A Bulid/NRD90M; wv) AppleWebKit/537.36 (KHTML, like Gecko) Version/4.0 Chrome/60.0.3112.107 Moblie Safari/537.36"
107.187.124.24 - - [25/Jun/2022:03:26:40 +0000] "GET / HTTP/1.1" 200 396 "-" "Mozlila/5.0 (Linux; Android 7.0; SM-G892A Bulid/NRD90M; wv) AppleWebKit/537.36 (KHTML, like Gecko) Version/4.0 Chrome/60.0.3112.107 Moblie Safari/537.36"
107.187.124.24 - - [25/Jun/2022:03:26:40 +0000] "GET /config/aws.yml HTTP/1.1" 404 197 "-" "Mozlila/5.0 (Linux; Android 7.0; SM-G892A Bulid/NRD90M; wv) AppleWebKit/537.36 (KHTML, like Gecko) Version/4.0 Chrome/60.0.3112.107 Moblie Safari/537.36"
107.187.124.24 - - [25/Jun/2022:03:26:40 +0000] "GET / HTTP/1.1" 200 396 "-" "Mozlila/5.0 (Linux; Android 7.0; SM-G892A Bulid/NRD90M; wv) AppleWebKit/537.36 (KHTML, like Gecko) Version/4.0 Chrome/60.0.3112.107 Moblie Safari/537.36"
107.187.124.24 - - [25/Jun/2022:03:26:40 +0000] "GET /config.js HTTP/1.1" 404 197 "-" "Mozlila/5.0 (Linux; Android 7.0; SM-G892A Bulid/NRD90M; wv) AppleWebKit/537.36 (KHTML, like Gecko) Version/4.0 Chrome/60.0.3112.107 Moblie Safari/537.36"
64.124.8.26 - - [25/Jun/2022:03:26:53 +0000] "GET /wp-content/uploads/2016/05/img_1267.jpg HTTP/1.1" 200 2169396 "-" "Mozilla/5.0 (X11; Linux x86_64) AppleWebKit/537.36 (KHTML, like Gecko) Chrome/61.0.3163.79 Safari/537.36"
114.119.147.74 - - [25/Jun/2022:03:27:28 +0000] "GET /node/216?share=twitter HTTP/1.1" 302 154 "https://mrchoke.org/node/216?ak_action=accept_mobile" "Mozilla/5.0 (Linux; Android 7.0;) AppleWebKit/537.36 (KHTML, like Gecko) Mobile Safari/537.36 (compatible; PetalBot;+https://webmaster.petalsearch.com/site/petalbot)"
114.119.147.74 - - [25/Jun/2022:03:27:29 +0000] "GET /node/216?share=twitter HTTP/1.1" 301 178 "https://mrchoke.org/node/216?ak_action=accept_mobile" "Mozilla/5.0 (Linux; Android 7.0;) AppleWebKit/537.36 (KHTML, like Gecko) Mobile Safari/537.36 (compatible; PetalBot;+https://webmaster.petalsearch.com/site/petalbot)"
114.119.147.74 - - [25/Jun/2022:03:27:29 +0000] "GET /node/216/?share=twitter HTTP/1.1" 200 8476 "https://mrchoke.org/node/216?ak_action=accept_mobile" "Mozilla/5.0 (Linux; Android 7.0;) AppleWebKit/537.36 (KHTML, like Gecko) Mobile Safari/537.36 (compatible; PetalBot;+https://webmaster.petalsearch.com/site/petalbot)"
114.119.147.81 - - [25/Jun/2022:03:29:25 +0000] "GET /node/316?share=facebook HTTP/1.1" 302 154 "https://mrchoke.org/node/316?replytocom=332&ak_action=accept_mobile" "Mozilla/5.0 (Linux; Android 7.0;) AppleWebKit/537.36 (KHTML, like Gecko) Mobile Safari/537.36 (compatible; PetalBot;+https://webmaster.petalsearch.com/site/petalbot)"
114.119.147.81 - - [25/Jun/2022:03:29:28 +0000] "GET /node/316?share=facebook HTTP/1.1" 301 178 "https://mrchoke.org/node/316?replytocom=332&ak_action=accept_mobile" "Mozilla/5.0 (Linux; Android 7.0;) AppleWebKit/537.36 (KHTML, like Gecko) Mobile Safari/537.36 (compatible; PetalBot;+https://webmaster.petalsearch.com/site/petalbot)"
114.119.147.81 - - [25/Jun/2022:03:29:30 +0000] "GET /node/316/?share=facebook HTTP/1.1" 200 9427 "https://mrchoke.org/node/316?replytocom=332&ak_action=accept_mobile" "Mozilla/5.0 (Linux; Android 7.0;) AppleWebKit/537.36 (KHTML, like Gecko) Mobile Safari/537.36 (compatible; PetalBot;+https://webmaster.petalsearch.com/site/petalbot)"
114.119.147.75 - - [25/Jun/2022:03:31:26 +0000] "GET /node/date/2004/07/page/2 HTTP/1.1" 404 134 "http://mrchoke.org/node/date/2004/07" "Mozilla/5.0 (Linux; Android 7.0;) AppleWebKit/537.36 (KHTML, like Gecko) Mobile Safari/537.36 (compatible; PetalBot;+https://webmaster.petalsearch.com/site/petalbot)"
87.250.224.3 - - [25/Jun/2022:03:31:50 +0000] "GET /node/1786 HTTP/1.1" 301 178 "-" "Mozilla/5.0 (compatible; YandexBot/3.0; +http://yandex.com/bots)"
87.250.224.3 - - [25/Jun/2022:03:31:53 +0000] "GET /node/1786/ HTTP/1.1" 200 9402 "-" "Mozilla/5.0 (compatible; YandexBot/3.0; +http://yandex.com/bots)"
87.250.224.3 - - [25/Jun/2022:03:31:56 +0000] "GET /node/1786/ HTTP/1.1" 200 9402 "-" "Mozilla/5.0 (compatible; YandexBot/3.0; +http://yandex.com/bots)"
114.119.147.74 - - [25/Jun/2022:03:33:24 +0000] "GET /node/1583/img_7556 HTTP/1.1" 301 178 "https://static.mrchoke.org/node/category/blog/page/5" "Mozilla/5.0 (Linux; Android 7.0;) AppleWebKit/537.36 (KHTML, like Gecko) Mobile Safari/537.36 (compatible; PetalBot;+https://webmaster.petalsearch.com/site/petalbot)"
114.119.147.74 - - [25/Jun/2022:03:33:30 +0000] "GET /node/1583/img_7556/ HTTP/1.1" 200 7858 "https://static.mrchoke.org/node/category/blog/page/5" "Mozilla/5.0 (Linux; Android 7.0;) AppleWebKit/537.36 (KHTML, like Gecko) Mobile Safari/537.36 (compatible; PetalBot;+https://webmaster.petalsearch.com/site/petalbot)"
54.36.148.170 - - [25/Jun/2022:03:34:46 +0000] "GET /node/23/ HTTP/2.0" 200 9156 "-" "Mozilla/5.0 (compatible; AhrefsBot/7.0; +http://ahrefs.com/robot/)"
114.119.147.74 - - [25/Jun/2022:03:35:25 +0000] "GET /node/84 HTTP/1.1" 302 154 "https://mrchoke.org/node/85" "Mozilla/5.0 (Linux; Android 7.0;) AppleWebKit/537.36 (KHTML, like Gecko) Mobile Safari/537.36 (compatible; PetalBot;+https://webmaster.petalsearch.com/site/petalbot)"
114.119.147.74 - - [25/Jun/2022:03:35:33 +0000] "GET /node/84 HTTP/1.1" 301 178 "https://mrchoke.org/node/85" "Mozilla/5.0 (Linux; Android 7.0;) AppleWebKit/537.36 (KHTML, like Gecko) Mobile Safari/537.36 (compatible; PetalBot;+https://webmaster.petalsearch.com/site/petalbot)"
114.119.147.74 - - [25/Jun/2022:03:35:39 +0000] "GET /node/84/ HTTP/1.1" 200 8915 "https://mrchoke.org/node/85" "Mozilla/5.0 (Linux; Android 7.0;) AppleWebKit/537.36 (KHTML, like Gecko) Mobile Safari/537.36 (compatible; PetalBot;+https://webmaster.petalsearch.com/site/petalbot)"
216.244.66.229 - - [25/Jun/2022:03:35:45 +0000] "GET /robots.txt HTTP/1.1" 404 162 "-" "Mozilla/5.0 (compatible; DotBot/1.2; +https://opensiteexplorer.org/dotbot; help@moz.com)"
114.119.147.81 - - [25/Jun/2022:03:37:20 +0000] "GET /node/145 HTTP/1.1" 302 154 "https://mrchoke.org/node/category/domain/page/15?ak_action=accept_mobile" "Mozilla/5.0 (Linux; Android 7.0;) AppleWebKit/537.36 (KHTML, like Gecko) Mobile Safari/537.36 (compatible; PetalBot;+https://webmaster.petalsearch.com/site/petalbot)"
114.119.147.81 - - [25/Jun/2022:03:37:30 +0000] "GET /node/145 HTTP/1.1" 301 178 "https://mrchoke.org/node/category/domain/page/15?ak_action=accept_mobile" "Mozilla/5.0 (Linux; Android 7.0;) AppleWebKit/537.36 (KHTML, like Gecko) Mobile Safari/537.36 (compatible; PetalBot;+https://webmaster.petalsearch.com/site/petalbot)"
216.244.66.229 - - [25/Jun/2022:03:37:35 +0000] "GET /node/1 HTTP/1.1" 404 162 "-" "Mozilla/5.0 (compatible; DotBot/1.2; +https://opensiteexplorer.org/dotbot; help@moz.com)"
114.119.147.81 - - [25/Jun/2022:03:37:38 +0000] "GET /node/145/ HTTP/1.1" 200 10371 "https://mrchoke.org/node/category/domain/page/15?ak_action=accept_mobile" "Mozilla/5.0 (Linux; Android 7.0;) AppleWebKit/537.36 (KHTML, like Gecko) Mobile Safari/537.36 (compatible; PetalBot;+https://webmaster.petalsearch.com/site/petalbot)"
216.244.66.229 - - [25/Jun/2022:03:39:17 +0000] "GET /node/361?share=google-plus-1 HTTP/1.1" 404 162 "-" "Mozilla/5.0 (compatible; DotBot/1.2; +https://opensiteexplorer.org/dotbot; help@moz.com)"
114.119.147.75 - - [25/Jun/2022:03:39:22 +0000] "GET /node/date/2009/12/28 HTTP/1.1" 302 154 "https://mrchoke.org/node/245?share=linkedin" "Mozilla/5.0 (Linux; Android 7.0;) AppleWebKit/537.36 (KHTML, like Gecko) Mobile Safari/537.36 (compatible; PetalBot;+https://webmaster.petalsearch.com/site/petalbot)"
114.119.147.75 - - [25/Jun/2022:03:39:25 +0000] "GET /node/date/2009/12/28 HTTP/1.1" 301 178 "https://mrchoke.org/node/245?share=linkedin" "Mozilla/5.0 (Linux; Android 7.0;) AppleWebKit/537.36 (KHTML, like Gecko) Mobile Safari/537.36 (compatible; PetalBot;+https://webmaster.petalsearch.com/site/petalbot)"
114.119.147.75 - - [25/Jun/2022:03:39:29 +0000] "GET /node/date/2009/12/28/ HTTP/1.1" 200 10193 "https://mrchoke.org/node/245?share=linkedin" "Mozilla/5.0 (Linux; Android 7.0;) AppleWebKit/537.36 (KHTML, like Gecko) Mobile Safari/537.36 (compatible; PetalBot;+https://webmaster.petalsearch.com/site/petalbot)"
114.119.147.87 - - [25/Jun/2022:03:41:19 +0000] "GET /node/date/2008/03/09 HTTP/1.1" 404 134 "http://www.mrchoke.org/node/214" "Mozilla/5.0 (Linux; Android 7.0;) AppleWebKit/537.36 (KHTML, like Gecko) Mobile Safari/537.36 (compatible; PetalBot;+https://webmaster.petalsearch.com/site/petalbot)"
216.244.66.229 - - [25/Jun/2022:03:41:36 +0000] "GET /img_6816 HTTP/1.1" 404 162 "-" "Mozilla/5.0 (compatible; DotBot/1.2; +https://opensiteexplorer.org/dotbot; help@moz.com)"
216.244.66.229 - - [25/Jun/2022:03:41:41 +0000] "GET /node/75/?share=google-plus-1 HTTP/1.1" 404 162 "-" "Mozilla/5.0 (compatible; DotBot/1.2; +https://opensiteexplorer.org/dotbot; help@moz.com)"
114.119.147.97 - - [25/Jun/2022:03:43:25 +0000] "GET /node/tag/airport-express?ak_action=reject_mobile HTTP/1.1" 302 154 "https://mrchoke.org/node/tag/airport-express?ak_action=accept_mobile" "Mozilla/5.0 (Linux; Android 7.0;) AppleWebKit/537.36 (KHTML, like Gecko) Mobile Safari/537.36 (compatible; PetalBot;+https://webmaster.petalsearch.com/site/petalbot)"
114.119.147.97 - - [25/Jun/2022:03:43:28 +0000] "GET /node/tag/airport-express?ak_action=reject_mobile HTTP/1.1" 301 178 "https://mrchoke.org/node/tag/airport-express?ak_action=accept_mobile" "Mozilla/5.0 (Linux; Android 7.0;) AppleWebKit/537.36 (KHTML, like Gecko) Mobile Safari/537.36 (compatible; PetalBot;+https://webmaster.petalsearch.com/site/petalbot)"
114.119.147.97 - - [25/Jun/2022:03:43:31 +0000] "GET /node/tag/airport-express/?ak_action=reject_mobile HTTP/1.1" 200 9589 "https://mrchoke.org/node/tag/airport-express?ak_action=accept_mobile" "Mozilla/5.0 (Linux; Android 7.0;) AppleWebKit/537.36 (KHTML, like Gecko) Mobile Safari/537.36 (compatible; PetalBot;+https://webmaster.petalsearch.com/site/petalbot)"
114.119.147.74 - - [25/Jun/2022:03:45:19 +0000] "GET /node/category/debianclub HTTP/1.1" 302 154 "https://mrchoke.org/node/939/img_6419" "Mozilla/5.0 (Linux; Android 7.0;) AppleWebKit/537.36 (KHTML, like Gecko) Mobile Safari/537.36 (compatible; PetalBot;+https://webmaster.petalsearch.com/site/petalbot)"
114.119.147.74 - - [25/Jun/2022:03:45:26 +0000] "GET /node/category/debianclub HTTP/1.1" 301 178 "https://mrchoke.org/node/939/img_6419" "Mozilla/5.0 (Linux; Android 7.0;) AppleWebKit/537.36 (KHTML, like Gecko) Mobile Safari/537.36 (compatible; PetalBot;+https://webmaster.petalsearch.com/site/petalbot)"
114.119.147.74 - - [25/Jun/2022:03:45:31 +0000] "GET /node/category/debianclub/ HTTP/1.1" 200 10329 "https://mrchoke.org/node/939/img_6419" "Mozilla/5.0 (Linux; Android 7.0;) AppleWebKit/537.36 (KHTML, like Gecko) Mobile Safari/537.36 (compatible; PetalBot;+https://webmaster.petalsearch.com/site/petalbot)"
114.119.147.86 - - [25/Jun/2022:03:47:21 +0000] "GET /node/5?share=reddit HTTP/1.1" 302 154 "https://mrchoke.org/node/5?ak_action=accept_mobile" "Mozilla/5.0 (Linux; Android 7.0;) AppleWebKit/537.36 (KHTML, like Gecko) Mobile Safari/537.36 (compatible; PetalBot;+https://webmaster.petalsearch.com/site/petalbot)"
114.119.147.86 - - [25/Jun/2022:03:47:22 +0000] "GET /node/5?share=reddit HTTP/1.1" 301 178 "https://mrchoke.org/node/5?ak_action=accept_mobile" "Mozilla/5.0 (Linux; Android 7.0;) AppleWebKit/537.36 (KHTML, like Gecko) Mobile Safari/537.36 (compatible; PetalBot;+https://webmaster.petalsearch.com/site/petalbot)"
114.119.147.86 - - [25/Jun/2022:03:47:23 +0000] "GET /node/5/?share=reddit HTTP/1.1" 200 8202 "https://mrchoke.org/node/5?ak_action=accept_mobile" "Mozilla/5.0 (Linux; Android 7.0;) AppleWebKit/537.36 (KHTML, like Gecko) Mobile Safari/537.36 (compatible; PetalBot;+https://webmaster.petalsearch.com/site/petalbot)"
114.119.147.87 - - [25/Jun/2022:03:49:30 +0000] "GET /node/379?ak_action=accept_mobile HTTP/1.1" 302 154 "https://mrchoke.org/node/379?ak_action=reject_mobile" "Mozilla/5.0 (Linux; Android 7.0;) AppleWebKit/537.36 (KHTML, like Gecko) Mobile Safari/537.36 (compatible; PetalBot;+https://webmaster.petalsearch.com/site/petalbot)"
54.36.148.25 - - [25/Jun/2022:03:49:33 +0000] "GET /node/80/ HTTP/2.0" 200 9316 "-" "Mozilla/5.0 (compatible; AhrefsBot/7.0; +http://ahrefs.com/robot/)"
114.119.147.87 - - [25/Jun/2022:03:49:34 +0000] "GET /node/379?ak_action=accept_mobile HTTP/1.1" 301 178 "https://mrchoke.org/node/379?ak_action=reject_mobile" "Mozilla/5.0 (Linux; Android 7.0;) AppleWebKit/537.36 (KHTML, like Gecko) Mobile Safari/537.36 (compatible; PetalBot;+https://webmaster.petalsearch.com/site/petalbot)"
114.119.147.87 - - [25/Jun/2022:03:49:35 +0000] "GET /node/379/?ak_action=accept_mobile HTTP/1.1" 200 11788 "https://mrchoke.org/node/379?ak_action=reject_mobile" "Mozilla/5.0 (Linux; Android 7.0;) AppleWebKit/537.36 (KHTML, like Gecko) Mobile Safari/537.36 (compatible; PetalBot;+https://webmaster.petalsearch.com/site/petalbot)"
216.244.66.229 - - [25/Jun/2022:03:50:00 +0000] "GET /node/27 HTTP/1.1" 404 162 "-" "Mozilla/5.0 (compatible; DotBot/1.2; +https://opensiteexplorer.org/dotbot; help@moz.com)"
114.119.147.73 - - [25/Jun/2022:03:51:29 +0000] "GET /node/191?share=facebook HTTP/1.1" 302 154 "https://mrchoke.org/node/191?ak_action=accept_mobile" "Mozilla/5.0 (Linux; Android 7.0;) AppleWebKit/537.36 (KHTML, like Gecko) Mobile Safari/537.36 (compatible; PetalBot;+https://webmaster.petalsearch.com/site/petalbot)"
114.119.147.73 - - [25/Jun/2022:03:51:32 +0000] "GET /node/191?share=facebook HTTP/1.1" 301 178 "https://mrchoke.org/node/191?ak_action=accept_mobile" "Mozilla/5.0 (Linux; Android 7.0;) AppleWebKit/537.36 (KHTML, like Gecko) Mobile Safari/537.36 (compatible; PetalBot;+https://webmaster.petalsearch.com/site/petalbot)"
114.119.147.73 - - [25/Jun/2022:03:51:33 +0000] "GET /node/191/?share=facebook HTTP/1.1" 200 8645 "https://mrchoke.org/node/191?ak_action=accept_mobile" "Mozilla/5.0 (Linux; Android 7.0;) AppleWebKit/537.36 (KHTML, like Gecko) Mobile Safari/537.36 (compatible; PetalBot;+https://webmaster.petalsearch.com/site/petalbot)"
114.119.147.87 - - [25/Jun/2022:03:53:29 +0000] "GET /node/519?share=reddit HTTP/1.1" 302 154 "https://mrchoke.org/node/519?ak_action=accept_mobile" "Mozilla/5.0 (Linux; Android 7.0;) AppleWebKit/537.36 (KHTML, like Gecko) Mobile Safari/537.36 (compatible; PetalBot;+https://webmaster.petalsearch.com/site/petalbot)"
114.119.147.87 - - [25/Jun/2022:03:53:32 +0000] "GET /node/519?share=reddit HTTP/1.1" 301 178 "https://mrchoke.org/node/519?ak_action=accept_mobile" "Mozilla/5.0 (Linux; Android 7.0;) AppleWebKit/537.36 (KHTML, like Gecko) Mobile Safari/537.36 (compatible; PetalBot;+https://webmaster.petalsearch.com/site/petalbot)"
114.119.147.87 - - [25/Jun/2022:03:53:40 +0000] "GET /node/519/?share=reddit HTTP/1.1" 200 8424 "https://mrchoke.org/node/519?ak_action=accept_mobile" "Mozilla/5.0 (Linux; Android 7.0;) AppleWebKit/537.36 (KHTML, like Gecko) Mobile Safari/537.36 (compatible; PetalBot;+https://webmaster.petalsearch.com/site/petalbot)"
114.119.147.86 - - [25/Jun/2022:03:55:36 +0000] "GET /node/date/2006/10/page/5 HTTP/1.1" 301 178 "https://static.mrchoke.org/node/date/2006/10/page/4" "Mozilla/5.0 (Linux; Android 7.0;) AppleWebKit/537.36 (KHTML, like Gecko) Mobile Safari/537.36 (compatible; PetalBot;+https://webmaster.petalsearch.com/site/petalbot)"
114.119.147.86 - - [25/Jun/2022:03:55:42 +0000] "GET /node/date/2006/10/page/5/ HTTP/1.1" 200 11816 "https://static.mrchoke.org/node/date/2006/10/page/4" "Mozilla/5.0 (Linux; Android 7.0;) AppleWebKit/537.36 (KHTML, like Gecko) Mobile Safari/537.36 (compatible; PetalBot;+https://webmaster.petalsearch.com/site/petalbot)"
66.249.77.16 - - [25/Jun/2022:03:57:41 +0000] "GET /node/415 HTTP/1.1" 301 178 "-" "Mozilla/5.0 (Linux; Android 6.0.1; Nexus 5X Build/MMB29P) AppleWebKit/537.36 (KHTML, like Gecko) Chrome/102.0.5005.115 Mobile Safari/537.36 (compatible; Googlebot/2.1; +http://www.google.com/bot.html)"
66.249.77.18 - - [25/Jun/2022:03:57:42 +0000] "GET /node/415/ HTTP/1.1" 200 8898 "-" "Mozilla/5.0 (Linux; Android 6.0.1; Nexus 5X Build/MMB29P) AppleWebKit/537.36 (KHTML, like Gecko) Chrome/102.0.5005.115 Mobile Safari/537.36 (compatible; Googlebot/2.1; +http://www.google.com/bot.html)"
114.119.147.73 - - [25/Jun/2022:03:57:42 +0000] "GET /node/tag/jquery HTTP/1.1" 302 154 "https://mrchoke.org/node/1604?share=twitter" "Mozilla/5.0 (Linux; Android 7.0;) AppleWebKit/537.36 (KHTML, like Gecko) Mobile Safari/537.36 (compatible; PetalBot;+https://webmaster.petalsearch.com/site/petalbot)"
114.119.147.73 - - [25/Jun/2022:03:57:49 +0000] "GET /node/tag/jquery HTTP/1.1" 301 178 "https://mrchoke.org/node/1604?share=twitter" "Mozilla/5.0 (Linux; Android 7.0;) AppleWebKit/537.36 (KHTML, like Gecko) Mobile Safari/537.36 (compatible; PetalBot;+https://webmaster.petalsearch.com/site/petalbot)"
114.119.147.73 - - [25/Jun/2022:03:57:57 +0000] "GET /node/tag/jquery/ HTTP/1.1" 200 8421 "https://mrchoke.org/node/1604?share=twitter" "Mozilla/5.0 (Linux; Android 7.0;) AppleWebKit/537.36 (KHTML, like Gecko) Mobile Safari/537.36 (compatible; PetalBot;+https://webmaster.petalsearch.com/site/petalbot)"
114.119.147.97 - - [25/Jun/2022:03:59:46 +0000] "GET /node/1786/ch7_4256-copy?share=twitter HTTP/1.1" 302 154 "http://mrchoke.org/node/1786/ch7_4256-copy" "Mozilla/5.0 (Linux; Android 7.0;) AppleWebKit/537.36 (KHTML, like Gecko) Mobile Safari/537.36 (compatible; PetalBot;+https://webmaster.petalsearch.com/site/petalbot)"
114.119.147.97 - - [25/Jun/2022:03:59:52 +0000] "GET /node/1786/ch7_4256-copy?share=twitter HTTP/1.1" 301 178 "http://mrchoke.org/node/1786/ch7_4256-copy" "Mozilla/5.0 (Linux; Android 7.0;) AppleWebKit/537.36 (KHTML, like Gecko) Mobile Safari/537.36 (compatible; PetalBot;+https://webmaster.petalsearch.com/site/petalbot)"
114.119.147.97 - - [25/Jun/2022:04:00:11 +0000] "GET /node/1786/ch7_4256-copy/?share=twitter HTTP/1.1" 200 7919 "http://mrchoke.org/node/1786/ch7_4256-copy" "Mozilla/5.0 (Linux; Android 7.0;) AppleWebKit/537.36 (KHTML, like Gecko) Mobile Safari/537.36 (compatible; PetalBot;+https://webmaster.petalsearch.com/site/petalbot)"
114.119.147.74 - - [25/Jun/2022:04:01:58 +0000] "GET /node/category/x11?ak_action=accept_mobile HTTP/1.1" 302 154 "https://mrchoke.org/node/category/x11?ak_action=reject_mobile" "Mozilla/5.0 (Linux; Android 7.0;) AppleWebKit/537.36 (KHTML, like Gecko) Mobile Safari/537.36 (compatible; PetalBot;+https://webmaster.petalsearch.com/site/petalbot)"
114.119.147.74 - - [25/Jun/2022:04:02:11 +0000] "GET /node/category/x11?ak_action=accept_mobile HTTP/1.1" 301 178 "https://mrchoke.org/node/category/x11?ak_action=reject_mobile" "Mozilla/5.0 (Linux; Android 7.0;) AppleWebKit/537.36 (KHTML, like Gecko) Mobile Safari/537.36 (compatible; PetalBot;+https://webmaster.petalsearch.com/site/petalbot)"
185.7.214.104 - - [25/Jun/2022:04:03:06 +0000] "POST /vendor/phpunit/phpunit/src/Util/PHP/eval-stdin.php HTTP/1.1" 301 178 "-" "Mozilla/5.0 (Windows NT 10.0; Win64; x64) AppleWebKit/537.36 (KHTML, like Gecko) Chrome/78.0.3904.108 Safari/537.36"
185.191.171.10 - - [25/Jun/2022:04:03:45 +0000] "GET /robots.txt HTTP/1.1" 404 134 "-" "Mozilla/5.0 (compatible; SemrushBot/7~bl; +http://www.semrush.com/bot.html)"
185.191.171.42 - - [25/Jun/2022:04:03:46 +0000] "GET /node/tag/bike/page/6 HTTP/1.1" 301 178 "-" "Mozilla/5.0 (compatible; SemrushBot/7~bl; +http://www.semrush.com/bot.html)"
185.191.171.5 - - [25/Jun/2022:04:03:48 +0000] "GET /node/tag/bike/page/6/ HTTP/1.1" 200 16332 "-" "Mozilla/5.0 (compatible; SemrushBot/7~bl; +http://www.semrush.com/bot.html)"
114.119.147.87 - - [25/Jun/2022:04:03:51 +0000] "GET /node/1558/img_7510?ak_action=reject_mobile HTTP/1.1" 302 154 "https://mrchoke.org/node/1558/img_7510?ak_action=accept_mobile" "Mozilla/5.0 (Linux; Android 7.0;) AppleWebKit/537.36 (KHTML, like Gecko) Mobile Safari/537.36 (compatible; PetalBot;+https://webmaster.petalsearch.com/site/petalbot)"
114.119.147.87 - - [25/Jun/2022:04:03:55 +0000] "GET /node/1558/img_7510?ak_action=reject_mobile HTTP/1.1" 301 178 "https://mrchoke.org/node/1558/img_7510?ak_action=accept_mobile" "Mozilla/5.0 (Linux; Android 7.0;) AppleWebKit/537.36 (KHTML, like Gecko) Mobile Safari/537.36 (compatible; PetalBot;+https://webmaster.petalsearch.com/site/petalbot)"
114.119.147.87 - - [25/Jun/2022:04:04:00 +0000] "GET /node/1558/img_7510/?ak_action=reject_mobile HTTP/1.1" 200 7924 "https://mrchoke.org/node/1558/img_7510?ak_action=accept_mobile" "Mozilla/5.0 (Linux; Android 7.0;) AppleWebKit/537.36 (KHTML, like Gecko) Mobile Safari/537.36 (compatible; PetalBot;+https://webmaster.petalsearch.com/site/petalbot)"
109.237.103.123 - - [25/Jun/2022:04:05:00 +0000] "GET /.env HTTP/1.1" 404 197 "-" "Mozilla/5.0 (X11; Linux x86_64) AppleWebKit/537.36 (KHTML, like Gecko) Chrome/81.0.4044.129 Safari/537.36"
109.237.103.123 - - [25/Jun/2022:04:05:01 +0000] "\x16\x03\x01\x01D\x01\x00\x01@\x03\x03\xCA\xCA\xE2\x82\xF4!\x05@\x22\xC3\xAC\x1B\xCB\xE5\xC2\x02\xA9\xE6\xE2\x85\xFA\xE0\xB2\xC0p\xF0\xE3\x1F%\xF2\xCE_ \x92\x8Ctrs`T\x9FV\xE0\xBA\xFE\xB5\x1BP2\x9F}\x98\x9F3\x5C\x9C.&\xA6\xE6z" 400 166 "-" "-"
114.119.147.75 - - [25/Jun/2022:04:05:46 +0000] "GET /node/1356/img_7244 HTTP/1.1" 301 178 "https://mrchoke.org/node/1356/img_7245?share=reddit" "Mozilla/5.0 (Linux; Android 7.0;) AppleWebKit/537.36 (KHTML, like Gecko) Mobile Safari/537.36 (compatible; PetalBot;+https://webmaster.petalsearch.com/site/petalbot)"
114.119.147.75 - - [25/Jun/2022:04:05:53 +0000] "GET /node/1356/img_7244/ HTTP/1.1" 200 7992 "https://mrchoke.org/node/1356/img_7245?share=reddit" "Mozilla/5.0 (Linux; Android 7.0;) AppleWebKit/537.36 (KHTML, like Gecko) Mobile Safari/537.36 (compatible; PetalBot;+https://webmaster.petalsearch.com/site/petalbot)"
114.119.147.73 - - [25/Jun/2022:04:07:46 +0000] "GET /wp-content/uploads/2014/01/CH7_3289-150x150.jpg HTTP/1.1" 302 154 "https://mrchoke.org/node/1101?share=facebook" "Mozilla/5.0 (Linux; Android 7.0;) AppleWebKit/537.36 (KHTML, like Gecko) Mobile Safari/537.36 (compatible; PetalBot;+https://webmaster.petalsearch.com/site/petalbot)"
54.36.148.205 - - [25/Jun/2022:04:07:49 +0000] "GET /node/date/2004/10/17/ HTTP/2.0" 200 9009 "-" "Mozilla/5.0 (compatible; AhrefsBot/7.0; +http://ahrefs.com/robot/)"
114.119.147.73 - - [25/Jun/2022:04:07:56 +0000] "GET /wp-content/uploads/2014/01/CH7_3289-150x150.jpg HTTP/1.1" 200 86931 "https://mrchoke.org/node/1101?share=facebook" "Mozilla/5.0 (Linux; Android 7.0;) AppleWebKit/537.36 (KHTML, like Gecko) Mobile Safari/537.36 (compatible; PetalBot;+https://webmaster.petalsearch.com/site/petalbot)"
114.119.147.74 - - [25/Jun/2022:04:10:23 +0000] "GET /node/939/img_6449 HTTP/1.1" 302 154 "https://mrchoke.org/node/939/img_6448" "Mozilla/5.0 (Linux; Android 7.0;) AppleWebKit/537.36 (KHTML, like Gecko) Mobile Safari/537.36 (compatible; PetalBot;+https://webmaster.petalsearch.com/site/petalbot)"
114.119.147.74 - - [25/Jun/2022:04:10:29 +0000] "GET /node/939/img_6449 HTTP/1.1" 301 178 "https://mrchoke.org/node/939/img_6448" "Mozilla/5.0 (Linux; Android 7.0;) AppleWebKit/537.36 (KHTML, like Gecko) Mobile Safari/537.36 (compatible; PetalBot;+https://webmaster.petalsearch.com/site/petalbot)"
114.119.147.74 - - [25/Jun/2022:04:10:33 +0000] "GET /node/939/img_6449/ HTTP/1.1" 200 7885 "https://mrchoke.org/node/939/img_6448" "Mozilla/5.0 (Linux; Android 7.0;) AppleWebKit/537.36 (KHTML, like Gecko) Mobile Safari/537.36 (compatible; PetalBot;+https://webmaster.petalsearch.com/site/petalbot)"
114.119.147.87 - - [25/Jun/2022:04:12:00 +0000] "GET /node/223 HTTP/1.1" 301 178 "https://static.mrchoke.org/node/224" "Mozilla/5.0 (Linux; Android 7.0;) AppleWebKit/537.36 (KHTML, like Gecko) Mobile Safari/537.36 (compatible; PetalBot;+https://webmaster.petalsearch.com/site/petalbot)"
114.119.147.87 - - [25/Jun/2022:04:12:00 +0000] "GET /node/223/ HTTP/1.1" 200 8841 "https://static.mrchoke.org/node/224" "Mozilla/5.0 (Linux; Android 7.0;) AppleWebKit/537.36 (KHTML, like Gecko) Mobile Safari/537.36 (compatible; PetalBot;+https://webmaster.petalsearch.com/site/petalbot)"
54.36.148.47 - - [25/Jun/2022:04:12:11 +0000] "GET /node/481/ HTTP/2.0" 200 9107 "-" "Mozilla/5.0 (compatible; AhrefsBot/7.0; +http://ahrefs.com/robot/)"
185.191.171.11 - - [25/Jun/2022:04:13:00 +0000] "GET /node/tag/iphone-2 HTTP/1.1" 301 178 "-" "Mozilla/5.0 (compatible; SemrushBot/7~bl; +http://www.semrush.com/bot.html)"
185.191.171.16 - - [25/Jun/2022:04:13:03 +0000] "GET /node/tag/iphone-2/ HTTP/1.1" 200 14499 "-" "Mozilla/5.0 (compatible; SemrushBot/7~bl; +http://www.semrush.com/bot.html)"
114.119.147.81 - - [25/Jun/2022:04:14:11 +0000] "GET /node/409?share=twitter HTTP/1.1" 302 154 "https://mrchoke.org/node/409?ak_action=accept_mobile" "Mozilla/5.0 (Linux; Android 7.0;) AppleWebKit/537.36 (KHTML, like Gecko) Mobile Safari/537.36 (compatible; PetalBot;+https://webmaster.petalsearch.com/site/petalbot)"
114.119.147.81 - - [25/Jun/2022:04:14:15 +0000] "GET /node/409?share=twitter HTTP/1.1" 301 178 "https://mrchoke.org/node/409?ak_action=accept_mobile" "Mozilla/5.0 (Linux; Android 7.0;) AppleWebKit/537.36 (KHTML, like Gecko) Mobile Safari/537.36 (compatible; PetalBot;+https://webmaster.petalsearch.com/site/petalbot)"
114.119.147.81 - - [25/Jun/2022:04:14:18 +0000] "GET /node/409/?share=twitter HTTP/1.1" 200 8038 "https://mrchoke.org/node/409?ak_action=accept_mobile" "Mozilla/5.0 (Linux; Android 7.0;) AppleWebKit/537.36 (KHTML, like Gecko) Mobile Safari/537.36 (compatible; PetalBot;+https://webmaster.petalsearch.com/site/petalbot)"
54.36.149.30 - - [25/Jun/2022:04:16:06 +0000] "GET /node/419/ HTTP/2.0" 200 8732 "-" "Mozilla/5.0 (compatible; AhrefsBot/7.0; +http://ahrefs.com/robot/)"
114.119.147.73 - - [25/Jun/2022:04:16:21 +0000] "GET /node/date/2014/01/26 HTTP/1.1" 302 154 "https://mrchoke.org/node/1367?share=twitter" "Mozilla/5.0 (Linux; Android 7.0;) AppleWebKit/537.36 (KHTML, like Gecko) Mobile Safari/537.36 (compatible; PetalBot;+https://webmaster.petalsearch.com/site/petalbot)"
114.119.147.73 - - [25/Jun/2022:04:16:23 +0000] "GET /node/date/2014/01/26 HTTP/1.1" 301 178 "https://mrchoke.org/node/1367?share=twitter" "Mozilla/5.0 (Linux; Android 7.0;) AppleWebKit/537.36 (KHTML, like Gecko) Mobile Safari/537.36 (compatible; PetalBot;+https://webmaster.petalsearch.com/site/petalbot)"
114.119.147.73 - - [25/Jun/2022:04:16:23 +0000] "GET /node/date/2014/01/26/ HTTP/1.1" 200 10279 "https://mrchoke.org/node/1367?share=twitter" "Mozilla/5.0 (Linux; Android 7.0;) AppleWebKit/537.36 (KHTML, like Gecko) Mobile Safari/537.36 (compatible; PetalBot;+https://webmaster.petalsearch.com/site/petalbot)"
66.249.91.209 - - [25/Jun/2022:04:16:34 +0000] "GET /feed HTTP/1.1" 404 134 "-" "FeedFetcher-Google; (+http://www.google.com/feedfetcher.html)"
114.119.147.81 - - [25/Jun/2022:04:18:38 +0000] "GET /node/1815/ch7_4276 HTTP/1.1" 301 178 "https://mrchoke.org/node/1815?share=linkedin" "Mozilla/5.0 (Linux; Android 7.0;) AppleWebKit/537.36 (KHTML, like Gecko) Mobile Safari/537.36 (compatible; PetalBot;+https://webmaster.petalsearch.com/site/petalbot)"
114.119.147.81 - - [25/Jun/2022:04:18:42 +0000] "GET /node/1815/ch7_4276/ HTTP/1.1" 200 7862 "https://mrchoke.org/node/1815?share=linkedin" "Mozilla/5.0 (Linux; Android 7.0;) AppleWebKit/537.36 (KHTML, like Gecko) Mobile Safari/537.36 (compatible; PetalBot;+https://webmaster.petalsearch.com/site/petalbot)"
54.36.149.103 - - [25/Jun/2022:04:20:34 +0000] "GET /node/475/ HTTP/2.0" 200 9532 "-" "Mozilla/5.0 (compatible; AhrefsBot/7.0; +http://ahrefs.com/robot/)"
114.119.147.87 - - [25/Jun/2022:04:20:41 +0000] "GET /node/1548?share=facebook HTTP/1.1" 302 154 "https://mrchoke.org/node/1548?ak_action=reject_mobile" "Mozilla/5.0 (Linux; Android 7.0;) AppleWebKit/537.36 (KHTML, like Gecko) Mobile Safari/537.36 (compatible; PetalBot;+https://webmaster.petalsearch.com/site/petalbot)"
114.119.147.87 - - [25/Jun/2022:04:20:43 +0000] "GET /node/1548?share=facebook HTTP/1.1" 301 178 "https://mrchoke.org/node/1548?ak_action=reject_mobile" "Mozilla/5.0 (Linux; Android 7.0;) AppleWebKit/537.36 (KHTML, like Gecko) Mobile Safari/537.36 (compatible; PetalBot;+https://webmaster.petalsearch.com/site/petalbot)"
114.119.147.87 - - [25/Jun/2022:04:20:45 +0000] "GET /node/1548/?share=facebook HTTP/1.1" 200 11212 "https://mrchoke.org/node/1548?ak_action=reject_mobile" "Mozilla/5.0 (Linux; Android 7.0;) AppleWebKit/537.36 (KHTML, like Gecko) Mobile Safari/537.36 (compatible; PetalBot;+https://webmaster.petalsearch.com/site/petalbot)"
114.119.147.74 - - [25/Jun/2022:04:22:50 +0000] "GET /node/360?share=twitter HTTP/1.1" 302 154 "https://mrchoke.org/node/360?ak_action=accept_mobile" "Mozilla/5.0 (Linux; Android 7.0;) AppleWebKit/537.36 (KHTML, like Gecko) Mobile Safari/537.36 (compatible; PetalBot;+https://webmaster.petalsearch.com/site/petalbot)"
114.119.147.74 - - [25/Jun/2022:04:22:56 +0000] "GET /node/360?share=twitter HTTP/1.1" 301 178 "https://mrchoke.org/node/360?ak_action=accept_mobile" "Mozilla/5.0 (Linux; Android 7.0;) AppleWebKit/537.36 (KHTML, like Gecko) Mobile Safari/537.36 (compatible; PetalBot;+https://webmaster.petalsearch.com/site/petalbot)"
114.119.147.74 - - [25/Jun/2022:04:23:07 +0000] "GET /node/360/?share=twitter HTTP/1.1" 200 8205 "https://mrchoke.org/node/360?ak_action=accept_mobile" "Mozilla/5.0 (Linux; Android 7.0;) AppleWebKit/537.36 (KHTML, like Gecko) Mobile Safari/537.36 (compatible; PetalBot;+https://webmaster.petalsearch.com/site/petalbot)"
54.36.148.246 - - [25/Jun/2022:04:24:50 +0000] "GET /node/date/2006/10/22/ HTTP/2.0" 200 11541 "-" "Mozilla/5.0 (compatible; AhrefsBot/7.0; +http://ahrefs.com/robot/)"
114.119.147.87 - - [25/Jun/2022:04:25:03 +0000] "GET /node/21 HTTP/1.1" 302 154 "https://mrchoke.org/node/339?share=twitter" "Mozilla/5.0 (Linux; Android 7.0;) AppleWebKit/537.36 (KHTML, like Gecko) Mobile Safari/537.36 (compatible; PetalBot;+https://webmaster.petalsearch.com/site/petalbot)"
114.119.147.87 - - [25/Jun/2022:04:25:05 +0000] "GET /node/21 HTTP/1.1" 301 178 "https://mrchoke.org/node/339?share=twitter" "Mozilla/5.0 (Linux; Android 7.0;) AppleWebKit/537.36 (KHTML, like Gecko) Mobile Safari/537.36 (compatible; PetalBot;+https://webmaster.petalsearch.com/site/petalbot)"
114.119.147.87 - - [25/Jun/2022:04:25:05 +0000] "GET /node/21/ HTTP/1.1" 200 12010 "https://mrchoke.org/node/339?share=twitter" "Mozilla/5.0 (Linux; Android 7.0;) AppleWebKit/537.36 (KHTML, like Gecko) Mobile Safari/537.36 (compatible; PetalBot;+https://webmaster.petalsearch.com/site/petalbot)"
114.119.147.74 - - [25/Jun/2022:04:27:13 +0000] "GET /node/384?share=facebook HTTP/1.1" 302 154 "https://mrchoke.org/node/384?ak_action=accept_mobile" "Mozilla/5.0 (Linux; Android 7.0;) AppleWebKit/537.36 (KHTML, like Gecko) Mobile Safari/537.36 (compatible; PetalBot;+https://webmaster.petalsearch.com/site/petalbot)"
114.119.147.74 - - [25/Jun/2022:04:27:19 +0000] "GET /node/384?share=facebook HTTP/1.1" 301 178 "https://mrchoke.org/node/384?ak_action=accept_mobile" "Mozilla/5.0 (Linux; Android 7.0;) AppleWebKit/537.36 (KHTML, like Gecko) Mobile Safari/537.36 (compatible; PetalBot;+https://webmaster.petalsearch.com/site/petalbot)"
114.119.147.74 - - [25/Jun/2022:04:27:26 +0000] "GET /node/384/?share=facebook HTTP/1.1" 200 8730 "https://mrchoke.org/node/384?ak_action=accept_mobile" "Mozilla/5.0 (Linux; Android 7.0;) AppleWebKit/537.36 (KHTML, like Gecko) Mobile Safari/537.36 (compatible; PetalBot;+https://webmaster.petalsearch.com/site/petalbot)"
114.119.147.74 - - [25/Jun/2022:04:29:29 +0000] "GET /node/tag/cycling-for-kids HTTP/1.1" 301 178 "https://mrchoke.org/node/1862?ak_action=accept_mobile" "Mozilla/5.0 (Linux; Android 7.0;) AppleWebKit/537.36 (KHTML, like Gecko) Mobile Safari/537.36 (compatible; PetalBot;+https://webmaster.petalsearch.com/site/petalbot)"
114.119.147.74 - - [25/Jun/2022:04:29:37 +0000] "GET /node/tag/cycling-for-kids/ HTTP/1.1" 200 8619 "https://mrchoke.org/node/1862?ak_action=accept_mobile" "Mozilla/5.0 (Linux; Android 7.0;) AppleWebKit/537.36 (KHTML, like Gecko) Mobile Safari/537.36 (compatible; PetalBot;+https://webmaster.petalsearch.com/site/petalbot)"
54.36.149.32 - - [25/Jun/2022:04:29:51 +0000] "GET /node/category/uncategorized/page/2/ HTTP/2.0" 200 10045 "-" "Mozilla/5.0 (compatible; AhrefsBot/7.0; +http://ahrefs.com/robot/)"
51.142.79.167 - - [25/Jun/2022:04:30:08 +0000] "GET /zbilakntkhdame.php HTTP/1.1" 404 197 "-" "Mozilla/5.0 (Windows NT 10.0; Win64; x64) AppleWebKit/537.36 (KHTML, like Gecko) Chrome/85.0.4183.102 Safari/537.36"
51.142.79.167 - - [25/Jun/2022:04:30:16 +0000] "GET /.fk.php HTTP/1.1" 404 197 "-" "Mozilla/5.0 (Windows NT 10.0; Win64; x64) AppleWebKit/537.36 (KHTML, like Gecko) Chrome/85.0.4183.102 Safari/537.36"
51.142.79.167 - - [25/Jun/2022:04:30:17 +0000] "GET /0.php HTTP/1.1" 404 197 "-" "Mozilla/5.0 (Windows NT 10.0; Win64; x64) AppleWebKit/537.36 (KHTML, like Gecko) Chrome/85.0.4183.102 Safari/537.36"
51.142.79.167 - - [25/Jun/2022:04:30:20 +0000] "GET /0byte.php HTTP/1.1" 404 197 "-" "Mozilla/5.0 (Windows NT 10.0; Win64; x64) AppleWebKit/537.36 (KHTML, like Gecko) Chrome/85.0.4183.102 Safari/537.36"
51.142.79.167 - - [25/Jun/2022:04:30:24 +0000] "GET /1.php HTTP/1.1" 404 197 "-" "Mozilla/5.0 (Windows NT 10.0; Win64; x64) AppleWebKit/537.36 (KHTML, like Gecko) Chrome/85.0.4183.102 Safari/537.36"
51.142.79.167 - - [25/Jun/2022:04:30:25 +0000] "GET /10.php HTTP/1.1" 404 197 "-" "Mozilla/5.0 (Windows NT 10.0; Win64; x64) AppleWebKit/537.36 (KHTML, like Gecko) Chrome/85.0.4183.102 Safari/537.36"
51.142.79.167 - - [25/Jun/2022:04:30:26 +0000] "GET /11index.php HTTP/1.1" 404 197 "-" "Mozilla/5.0 (Windows NT 10.0; Win64; x64) AppleWebKit/537.36 (KHTML, like Gecko) Chrome/85.0.4183.102 Safari/537.36"
51.142.79.167 - - [25/Jun/2022:04:30:30 +0000] "GET /13.php HTTP/1.1" 404 197 "-" "Mozilla/5.0 (Windows NT 10.0; Win64; x64) AppleWebKit/537.36 (KHTML, like Gecko) Chrome/85.0.4183.102 Safari/537.36"
51.142.79.167 - - [25/Jun/2022:04:30:33 +0000] "GET /1337.php HTTP/1.1" 404 197 "-" "Mozilla/5.0 (Windows NT 10.0; Win64; x64) AppleWebKit/537.36 (KHTML, like Gecko) Chrome/85.0.4183.102 Safari/537.36"
51.142.79.167 - - [25/Jun/2022:04:30:36 +0000] "GET /1index.php HTTP/1.1" 404 197 "-" "Mozilla/5.0 (Windows NT 10.0; Win64; x64) AppleWebKit/537.36 (KHTML, like Gecko) Chrome/85.0.4183.102 Safari/537.36"
51.142.79.167 - - [25/Jun/2022:04:30:37 +0000] "GET /1xleet.php HTTP/1.1" 404 197 "-" "Mozilla/5.0 (Windows NT 10.0; Win64; x64) AppleWebKit/537.36 (KHTML, like Gecko) Chrome/85.0.4183.102 Safari/537.36"
51.142.79.167 - - [25/Jun/2022:04:30:39 +0000] "GET /2.php HTTP/1.1" 404 197 "-" "Mozilla/5.0 (Windows NT 10.0; Win64; x64) AppleWebKit/537.36 (KHTML, like Gecko) Chrome/85.0.4183.102 Safari/537.36"
51.142.79.167 - - [25/Jun/2022:04:30:40 +0000] "GET /2index.php HTTP/1.1" 404 197 "-" "Mozilla/5.0 (Windows NT 10.0; Win64; x64) AppleWebKit/537.36 (KHTML, like Gecko) Chrome/85.0.4183.102 Safari/537.36"
51.142.79.167 - - [25/Jun/2022:04:30:42 +0000] "GET /3.php HTTP/1.1" 404 197 "-" "Mozilla/5.0 (Windows NT 10.0; Win64; x64) AppleWebKit/537.36 (KHTML, like Gecko) Chrome/85.0.4183.102 Safari/537.36"
51.142.79.167 - - [25/Jun/2022:04:30:46 +0000] "GET /3index.php HTTP/1.1" 404 197 "-" "Mozilla/5.0 (Windows NT 10.0; Win64; x64) AppleWebKit/537.36 (KHTML, like Gecko) Chrome/85.0.4183.102 Safari/537.36"
51.142.79.167 - - [25/Jun/2022:04:30:49 +0000] "GET /4.php HTTP/1.1" 404 197 "-" "Mozilla/5.0 (Windows NT 10.0; Win64; x64) AppleWebKit/537.36 (KHTML, like Gecko) Chrome/85.0.4183.102 Safari/537.36"
51.142.79.167 - - [25/Jun/2022:04:30:50 +0000] "GET /403.php HTTP/1.1" 404 197 "-" "Mozilla/5.0 (Windows NT 10.0; Win64; x64) AppleWebKit/537.36 (KHTML, like Gecko) Chrome/85.0.4183.102 Safari/537.36"
51.142.79.167 - - [25/Jun/2022:04:30:52 +0000] "GET /404.php HTTP/1.1" 404 197 "-" "Mozilla/5.0 (Windows NT 10.0; Win64; x64) AppleWebKit/537.36 (KHTML, like Gecko) Chrome/85.0.4183.102 Safari/537.36"
51.142.79.167 - - [25/Jun/2022:04:30:53 +0000] "GET /5.php HTTP/1.1" 404 197 "-" "Mozilla/5.0 (Windows NT 10.0; Win64; x64) AppleWebKit/537.36 (KHTML, like Gecko) Chrome/85.0.4183.102 Safari/537.36"
51.142.79.167 - - [25/Jun/2022:04:30:54 +0000] "GET /9.php HTTP/1.1" 404 197 "-" "Mozilla/5.0 (Windows NT 10.0; Win64; x64) AppleWebKit/537.36 (KHTML, like Gecko) Chrome/85.0.4183.102 Safari/537.36"
51.142.79.167 - - [25/Jun/2022:04:30:56 +0000] "GET /FoxWSO.php HTTP/1.1" 404 197 "-" "Mozilla/5.0 (Windows NT 10.0; Win64; x64) AppleWebKit/537.36 (KHTML, like Gecko) Chrome/85.0.4183.102 Safari/537.36"
51.142.79.167 - - [25/Jun/2022:04:30:58 +0000] "GET /Leaf.php HTTP/1.1" 404 197 "-" "Mozilla/5.0 (Windows NT 10.0; Win64; x64) AppleWebKit/537.36 (KHTML, like Gecko) Chrome/85.0.4183.102 Safari/537.36"
51.142.79.167 - - [25/Jun/2022:04:30:59 +0000] "GET /V5.php HTTP/1.1" 404 197 "-" "Mozilla/5.0 (Windows NT 10.0; Win64; x64) AppleWebKit/537.36 (KHTML, like Gecko) Chrome/85.0.4183.102 Safari/537.36"
51.142.79.167 - - [25/Jun/2022:04:31:00 +0000] "GET /WSO.php HTTP/1.1" 404 197 "-" "Mozilla/5.0 (Windows NT 10.0; Win64; x64) AppleWebKit/537.36 (KHTML, like Gecko) Chrome/85.0.4183.102 Safari/537.36"
51.142.79.167 - - [25/Jun/2022:04:31:02 +0000] "GET /a.php HTTP/1.1" 404 197 "-" "Mozilla/5.0 (Windows NT 10.0; Win64; x64) AppleWebKit/537.36 (KHTML, like Gecko) Chrome/85.0.4183.102 Safari/537.36"
51.142.79.167 - - [25/Jun/2022:04:31:07 +0000] "GET /about.php HTTP/1.1" 404 197 "-" "Mozilla/5.0 (Windows NT 10.0; Win64; x64) AppleWebKit/537.36 (KHTML, like Gecko) Chrome/85.0.4183.102 Safari/537.36"
51.142.79.167 - - [25/Jun/2022:04:31:13 +0000] "GET /alex.php HTTP/1.1" 404 197 "-" "Mozilla/5.0 (Windows NT 10.0; Win64; x64) AppleWebKit/537.36 (KHTML, like Gecko) Chrome/85.0.4183.102 Safari/537.36"
51.142.79.167 - - [25/Jun/2022:04:31:16 +0000] "GET /alf.php HTTP/1.1" 404 197 "-" "Mozilla/5.0 (Windows NT 10.0; Win64; x64) AppleWebKit/537.36 (KHTML, like Gecko) Chrome/85.0.4183.102 Safari/537.36"
51.142.79.167 - - [25/Jun/2022:04:31:17 +0000] "GET /alfa.php HTTP/1.1" 404 197 "-" "Mozilla/5.0 (Windows NT 10.0; Win64; x64) AppleWebKit/537.36 (KHTML, like Gecko) Chrome/85.0.4183.102 Safari/537.36"
51.142.79.167 - - [25/Jun/2022:04:31:19 +0000] "GET /alwso.php HTTP/1.1" 404 197 "-" "Mozilla/5.0 (Windows NT 10.0; Win64; x64) AppleWebKit/537.36 (KHTML, like Gecko) Chrome/85.0.4183.102 Safari/537.36"
51.142.79.167 - - [25/Jun/2022:04:31:21 +0000] "GET /am.php HTTP/1.1" 404 197 "-" "Mozilla/5.0 (Windows NT 10.0; Win64; x64) AppleWebKit/537.36 (KHTML, like Gecko) Chrome/85.0.4183.102 Safari/537.36"
51.142.79.167 - - [25/Jun/2022:04:31:22 +0000] "GET /autoload_classmap.php HTTP/1.1" 404 197 "-" "Mozilla/5.0 (Windows NT 10.0; Win64; x64) AppleWebKit/537.36 (KHTML, like Gecko) Chrome/85.0.4183.102 Safari/537.36"
51.142.79.167 - - [25/Jun/2022:04:31:24 +0000] "GET /b.php HTTP/1.1" 404 197 "-" "Mozilla/5.0 (Windows NT 10.0; Win64; x64) AppleWebKit/537.36 (KHTML, like Gecko) Chrome/85.0.4183.102 Safari/537.36"
51.142.79.167 - - [25/Jun/2022:04:31:28 +0000] "GET /bb.php HTTP/1.1" 404 197 "-" "Mozilla/5.0 (Windows NT 10.0; Win64; x64) AppleWebKit/537.36 (KHTML, like Gecko) Chrome/85.0.4183.102 Safari/537.36"
51.142.79.167 - - [25/Jun/2022:04:31:30 +0000] "GET /blog.php HTTP/1.1" 404 197 "-" "Mozilla/5.0 (Windows NT 10.0; Win64; x64) AppleWebKit/537.36 (KHTML, like Gecko) Chrome/85.0.4183.102 Safari/537.36"
51.142.79.167 - - [25/Jun/2022:04:31:31 +0000] "GET /bypass.php HTTP/1.1" 404 197 "-" "Mozilla/5.0 (Windows NT 10.0; Win64; x64) AppleWebKit/537.36 (KHTML, like Gecko) Chrome/85.0.4183.102 Safari/537.36"
51.142.79.167 - - [25/Jun/2022:04:31:34 +0000] "GET /c.php HTTP/1.1" 404 197 "-" "Mozilla/5.0 (Windows NT 10.0; Win64; x64) AppleWebKit/537.36 (KHTML, like Gecko) Chrome/85.0.4183.102 Safari/537.36"
51.142.79.167 - - [25/Jun/2022:04:31:36 +0000] "GET /c99.php HTTP/1.1" 404 197 "-" "Mozilla/5.0 (Windows NT 10.0; Win64; x64) AppleWebKit/537.36 (KHTML, like Gecko) Chrome/85.0.4183.102 Safari/537.36"
51.142.79.167 - - [25/Jun/2022:04:31:37 +0000] "GET /content.php HTTP/1.1" 404 197 "-" "Mozilla/5.0 (Windows NT 10.0; Win64; x64) AppleWebKit/537.36 (KHTML, like Gecko) Chrome/85.0.4183.102 Safari/537.36"
51.142.79.167 - - [25/Jun/2022:04:31:40 +0000] "GET /d.php HTTP/1.1" 404 197 "-" "Mozilla/5.0 (Windows NT 10.0; Win64; x64) AppleWebKit/537.36 (KHTML, like Gecko) Chrome/85.0.4183.102 Safari/537.36"
51.142.79.167 - - [25/Jun/2022:04:31:41 +0000] "GET /defau1t.php HTTP/1.1" 404 197 "-" "Mozilla/5.0 (Windows NT 10.0; Win64; x64) AppleWebKit/537.36 (KHTML, like Gecko) Chrome/85.0.4183.102 Safari/537.36"
51.142.79.167 - - [25/Jun/2022:04:31:43 +0000] "GET /demo328/fw.php HTTP/1.1" 404 197 "-" "Mozilla/5.0 (Windows NT 10.0; Win64; x64) AppleWebKit/537.36 (KHTML, like Gecko) Chrome/85.0.4183.102 Safari/537.36"
51.142.79.167 - - [25/Jun/2022:04:31:45 +0000] "GET /doc.php HTTP/1.1" 404 197 "-" "Mozilla/5.0 (Windows NT 10.0; Win64; x64) AppleWebKit/537.36 (KHTML, like Gecko) Chrome/85.0.4183.102 Safari/537.36"
51.142.79.167 - - [25/Jun/2022:04:31:45 +0000] "GET /e.php HTTP/1.1" 404 197 "-" "Mozilla/5.0 (Windows NT 10.0; Win64; x64) AppleWebKit/537.36 (KHTML, like Gecko) Chrome/85.0.4183.102 Safari/537.36"
51.142.79.167 - - [25/Jun/2022:04:31:47 +0000] "GET /edit-form.php HTTP/1.1" 404 197 "-" "Mozilla/5.0 (Windows NT 10.0; Win64; x64) AppleWebKit/537.36 (KHTML, like Gecko) Chrome/85.0.4183.102 Safari/537.36"
51.142.79.167 - - [25/Jun/2022:04:31:49 +0000] "GET /f.php HTTP/1.1" 404 197 "-" "Mozilla/5.0 (Windows NT 10.0; Win64; x64) AppleWebKit/537.36 (KHTML, like Gecko) Chrome/85.0.4183.102 Safari/537.36"
51.142.79.167 - - [25/Jun/2022:04:31:52 +0000] "GET /fw.php HTTP/1.1" 404 197 "-" "Mozilla/5.0 (Windows NT 10.0; Win64; x64) AppleWebKit/537.36 (KHTML, like Gecko) Chrome/85.0.4183.102 Safari/537.36"
51.142.79.167 - - [25/Jun/2022:04:31:56 +0000] "GET /fx.php HTTP/1.1" 404 197 "-" "Mozilla/5.0 (Windows NT 10.0; Win64; x64) AppleWebKit/537.36 (KHTML, like Gecko) Chrome/85.0.4183.102 Safari/537.36"
51.142.79.167 - - [25/Jun/2022:04:32:01 +0000] "GET /g.php HTTP/1.1" 404 197 "-" "Mozilla/5.0 (Windows NT 10.0; Win64; x64) AppleWebKit/537.36 (KHTML, like Gecko) Chrome/85.0.4183.102 Safari/537.36"
114.119.147.81 - - [25/Jun/2022:04:32:01 +0000] "GET /node/343?ak_action=reject_mobile HTTP/1.1" 302 154 "https://mrchoke.org/node/343" "Mozilla/5.0 (Linux; Android 7.0;) AppleWebKit/537.36 (KHTML, like Gecko) Mobile Safari/537.36 (compatible; PetalBot;+https://webmaster.petalsearch.com/site/petalbot)"
51.142.79.167 - - [25/Jun/2022:04:32:04 +0000] "GET /goods.php HTTP/1.1" 404 197 "-" "Mozilla/5.0 (Windows NT 10.0; Win64; x64) AppleWebKit/537.36 (KHTML, like Gecko) Chrome/85.0.4183.102 Safari/537.36"
51.142.79.167 - - [25/Jun/2022:04:32:06 +0000] "GET /h.php HTTP/1.1" 404 197 "-" "Mozilla/5.0 (Windows NT 10.0; Win64; x64) AppleWebKit/537.36 (KHTML, like Gecko) Chrome/85.0.4183.102 Safari/537.36"
51.142.79.167 - - [25/Jun/2022:04:32:10 +0000] "GET /haxor.php HTTP/1.1" 404 197 "-" "Mozilla/5.0 (Windows NT 10.0; Win64; x64) AppleWebKit/537.36 (KHTML, like Gecko) Chrome/85.0.4183.102 Safari/537.36"
114.119.147.81 - - [25/Jun/2022:04:32:12 +0000] "GET /node/343?ak_action=reject_mobile HTTP/1.1" 301 178 "https://mrchoke.org/node/343" "Mozilla/5.0 (Linux; Android 7.0;) AppleWebKit/537.36 (KHTML, like Gecko) Mobile Safari/537.36 (compatible; PetalBot;+https://webmaster.petalsearch.com/site/petalbot)"
51.142.79.167 - - [25/Jun/2022:04:32:13 +0000] "GET /hello.php HTTP/1.1" 404 197 "-" "Mozilla/5.0 (Windows NT 10.0; Win64; x64) AppleWebKit/537.36 (KHTML, like Gecko) Chrome/85.0.4183.102 Safari/537.36"
51.142.79.167 - - [25/Jun/2022:04:32:16 +0000] "GET /i.php HTTP/1.1" 404 197 "-" "Mozilla/5.0 (Windows NT 10.0; Win64; x64) AppleWebKit/537.36 (KHTML, like Gecko) Chrome/85.0.4183.102 Safari/537.36"
51.142.79.167 - - [25/Jun/2022:04:32:17 +0000] "GET /jindex.php HTTP/1.1" 404 197 "-" "Mozilla/5.0 (Windows NT 10.0; Win64; x64) AppleWebKit/537.36 (KHTML, like Gecko) Chrome/85.0.4183.102 Safari/537.36"
51.142.79.167 - - [25/Jun/2022:04:32:18 +0000] "GET /k.php HTTP/1.1" 404 197 "-" "Mozilla/5.0 (Windows NT 10.0; Win64; x64) AppleWebKit/537.36 (KHTML, like Gecko) Chrome/85.0.4183.102 Safari/537.36"
51.142.79.167 - - [25/Jun/2022:04:32:24 +0000] "GET /kk.php HTTP/1.1" 404 197 "-" "Mozilla/5.0 (Windows NT 10.0; Win64; x64) AppleWebKit/537.36 (KHTML, like Gecko) Chrome/85.0.4183.102 Safari/537.36"
51.142.79.167 - - [25/Jun/2022:04:32:25 +0000] "GET /l.php HTTP/1.1" 404 197 "-" "Mozilla/5.0 (Windows NT 10.0; Win64; x64) AppleWebKit/537.36 (KHTML, like Gecko) Chrome/85.0.4183.102 Safari/537.36"
51.142.79.167 - - [25/Jun/2022:04:32:27 +0000] "GET /leaf.php HTTP/1.1" 404 197 "-" "Mozilla/5.0 (Windows NT 10.0; Win64; x64) AppleWebKit/537.36 (KHTML, like Gecko) Chrome/85.0.4183.102 Safari/537.36"
51.142.79.167 - - [25/Jun/2022:04:32:31 +0000] "GET /leaf_mailer.php HTTP/1.1" 404 197 "-" "Mozilla/5.0 (Windows NT 10.0; Win64; x64) AppleWebKit/537.36 (KHTML, like Gecko) Chrome/85.0.4183.102 Safari/537.36"
51.142.79.167 - - [25/Jun/2022:04:32:31 +0000] "GET /leaf_php.php HTTP/1.1" 404 197 "-" "Mozilla/5.0 (Windows NT 10.0; Win64; x64) AppleWebKit/537.36 (KHTML, like Gecko) Chrome/85.0.4183.102 Safari/537.36"
51.142.79.167 - - [25/Jun/2022:04:32:34 +0000] "GET /leafmailer.php HTTP/1.1" 404 197 "-" "Mozilla/5.0 (Windows NT 10.0; Win64; x64) AppleWebKit/537.36 (KHTML, like Gecko) Chrome/85.0.4183.102 Safari/537.36"
51.142.79.167 - - [25/Jun/2022:04:32:36 +0000] "GET /leafmailer2.8.php HTTP/1.1" 404 197 "-" "Mozilla/5.0 (Windows NT 10.0; Win64; x64) AppleWebKit/537.36 (KHTML, like Gecko) Chrome/85.0.4183.102 Safari/537.36"
51.142.79.167 - - [25/Jun/2022:04:32:41 +0000] "GET /lf.php HTTP/1.1" 404 197 "-" "Mozilla/5.0 (Windows NT 10.0; Win64; x64) AppleWebKit/537.36 (KHTML, like Gecko) Chrome/85.0.4183.102 Safari/537.36"
51.142.79.167 - - [25/Jun/2022:04:32:43 +0000] "GET /m.php HTTP/1.1" 404 197 "-" "Mozilla/5.0 (Windows NT 10.0; Win64; x64) AppleWebKit/537.36 (KHTML, like Gecko) Chrome/85.0.4183.102 Safari/537.36"
51.142.79.167 - - [25/Jun/2022:04:32:45 +0000] "GET /mailer.php HTTP/1.1" 404 197 "-" "Mozilla/5.0 (Windows NT 10.0; Win64; x64) AppleWebKit/537.36 (KHTML, like Gecko) Chrome/85.0.4183.102 Safari/537.36"
51.142.79.167 - - [25/Jun/2022:04:32:47 +0000] "GET /mar.php HTTP/1.1" 404 197 "-" "Mozilla/5.0 (Windows NT 10.0; Win64; x64) AppleWebKit/537.36 (KHTML, like Gecko) Chrome/85.0.4183.102 Safari/537.36"
51.142.79.167 - - [25/Jun/2022:04:32:48 +0000] "GET /media-admin.php HTTP/1.1" 404 197 "-" "Mozilla/5.0 (Windows NT 10.0; Win64; x64) AppleWebKit/537.36 (KHTML, like Gecko) Chrome/85.0.4183.102 Safari/537.36"
51.142.79.167 - - [25/Jun/2022:04:32:51 +0000] "GET /mini.php HTTP/1.1" 404 197 "-" "Mozilla/5.0 (Windows NT 10.0; Win64; x64) AppleWebKit/537.36 (KHTML, like Gecko) Chrome/85.0.4183.102 Safari/537.36"
51.142.79.167 - - [25/Jun/2022:04:32:52 +0000] "GET /minimo.php HTTP/1.1" 404 197 "-" "Mozilla/5.0 (Windows NT 10.0; Win64; x64) AppleWebKit/537.36 (KHTML, like Gecko) Chrome/85.0.4183.102 Safari/537.36"
51.142.79.167 - - [25/Jun/2022:04:32:54 +0000] "GET /n.php HTTP/1.1" 404 197 "-" "Mozilla/5.0 (Windows NT 10.0; Win64; x64) AppleWebKit/537.36 (KHTML, like Gecko) Chrome/85.0.4183.102 Safari/537.36"
51.142.79.167 - - [25/Jun/2022:04:32:56 +0000] "GET /new-index.php HTTP/1.1" 404 197 "-" "Mozilla/5.0 (Windows NT 10.0; Win64; x64) AppleWebKit/537.36 (KHTML, like Gecko) Chrome/85.0.4183.102 Safari/537.36"
51.142.79.167 - - [25/Jun/2022:04:33:00 +0000] "GET /new.php HTTP/1.1" 404 197 "-" "Mozilla/5.0 (Windows NT 10.0; Win64; x64) AppleWebKit/537.36 (KHTML, like Gecko) Chrome/85.0.4183.102 Safari/537.36"
51.142.79.167 - - [25/Jun/2022:04:33:01 +0000] "GET /o.php HTTP/1.1" 404 197 "-" "Mozilla/5.0 (Windows NT 10.0; Win64; x64) AppleWebKit/537.36 (KHTML, like Gecko) Chrome/85.0.4183.102 Safari/537.36"
51.142.79.167 - - [25/Jun/2022:04:33:02 +0000] "GET /ok.php HTTP/1.1" 404 197 "-" "Mozilla/5.0 (Windows NT 10.0; Win64; x64) AppleWebKit/537.36 (KHTML, like Gecko) Chrome/85.0.4183.102 Safari/537.36"
51.142.79.167 - - [25/Jun/2022:04:33:04 +0000] "GET /old-index.php HTTP/1.1" 404 197 "-" "Mozilla/5.0 (Windows NT 10.0; Win64; x64) AppleWebKit/537.36 (KHTML, like Gecko) Chrome/85.0.4183.102 Safari/537.36"
51.142.79.167 - - [25/Jun/2022:04:33:05 +0000] "GET /p.php HTTP/1.1" 404 197 "-" "Mozilla/5.0 (Windows NT 10.0; Win64; x64) AppleWebKit/537.36 (KHTML, like Gecko) Chrome/85.0.4183.102 Safari/537.36"
51.142.79.167 - - [25/Jun/2022:04:33:08 +0000] "GET /priv8.php HTTP/1.1" 404 197 "-" "Mozilla/5.0 (Windows NT 10.0; Win64; x64) AppleWebKit/537.36 (KHTML, like Gecko) Chrome/85.0.4183.102 Safari/537.36"
51.142.79.167 - - [25/Jun/2022:04:33:14 +0000] "GET /q.php HTTP/1.1" 404 197 "-" "Mozilla/5.0 (Windows NT 10.0; Win64; x64) AppleWebKit/537.36 (KHTML, like Gecko) Chrome/85.0.4183.102 Safari/537.36"
51.142.79.167 - - [25/Jun/2022:04:33:16 +0000] "GET /qindex.php HTTP/1.1" 404 197 "-" "Mozilla/5.0 (Windows NT 10.0; Win64; x64) AppleWebKit/537.36 (KHTML, like Gecko) Chrome/85.0.4183.102 Safari/537.36"
51.142.79.167 - - [25/Jun/2022:04:33:17 +0000] "GET /r.php HTTP/1.1" 404 197 "-" "Mozilla/5.0 (Windows NT 10.0; Win64; x64) AppleWebKit/537.36 (KHTML, like Gecko) Chrome/85.0.4183.102 Safari/537.36"
