87.250.224.3 - - [21/Jun/2022:15:35:45 +0000] "GET / HTTP/1.1" 200 294 "-" "Mozilla/5.0 (compatible; YandexBot/3.0; +http://yandex.com/bots)"
5.255.253.163 - - [21/Jun/2022:15:35:45 +0000] "GET / HTTP/1.1" 200 16008 "-" "Mozilla/5.0 (compatible; YandexBot/3.0; +http://yandex.com/bots)"
114.119.147.87 - - [21/Jun/2022:15:35:54 +0000] "GET /node/187?share=linkedin HTTP/1.1" 302 154 "https://mrchoke.org/node/187?ak_action=reject_mobile" "Mozilla/5.0 (Linux; Android 7.0;) AppleWebKit/537.36 (KHTML, like Gecko) Mobile Safari/537.36 (compatible; PetalBot;+https://webmaster.petalsearch.com/site/petalbot)"
114.119.147.87 - - [21/Jun/2022:15:36:05 +0000] "GET /node/187?share=linkedin HTTP/1.1" 301 178 "https://mrchoke.org/node/187?ak_action=reject_mobile" "Mozilla/5.0 (Linux; Android 7.0;) AppleWebKit/537.36 (KHTML, like Gecko) Mobile Safari/537.36 (compatible; PetalBot;+https://webmaster.petalsearch.com/site/petalbot)"
114.119.147.75 - - [21/Jun/2022:15:37:14 +0000] "GET /node/date/2007/04/14 HTTP/1.1" 301 178 "https://static.mrchoke.org/node/185" "Mozilla/5.0 (Linux; Android 7.0;) AppleWebKit/537.36 (KHTML, like Gecko) Mobile Safari/537.36 (compatible; PetalBot;+https://webmaster.petalsearch.com/site/petalbot)"
114.119.147.75 - - [21/Jun/2022:15:37:25 +0000] "GET /node/date/2007/04/14/ HTTP/1.1" 200 12480 "https://static.mrchoke.org/node/185" "Mozilla/5.0 (Linux; Android 7.0;) AppleWebKit/537.36 (KHTML, like Gecko) Mobile Safari/537.36 (compatible; PetalBot;+https://webmaster.petalsearch.com/site/petalbot)"
114.119.147.87 - - [21/Jun/2022:15:38:29 +0000] "GET /node/33?share=facebook HTTP/1.1" 302 154 "https://mrchoke.org/node/33?ak_action=accept_mobile" "Mozilla/5.0 (Linux; Android 7.0;) AppleWebKit/537.36 (KHTML, like Gecko) Mobile Safari/537.36 (compatible; PetalBot;+https://webmaster.petalsearch.com/site/petalbot)"
114.119.147.87 - - [21/Jun/2022:15:38:34 +0000] "GET /node/33?share=facebook HTTP/1.1" 301 178 "https://mrchoke.org/node/33?ak_action=accept_mobile" "Mozilla/5.0 (Linux; Android 7.0;) AppleWebKit/537.36 (KHTML, like Gecko) Mobile Safari/537.36 (compatible; PetalBot;+https://webmaster.petalsearch.com/site/petalbot)"
114.119.147.87 - - [21/Jun/2022:15:38:41 +0000] "GET /node/33/?share=facebook HTTP/1.1" 200 8858 "https://mrchoke.org/node/33?ak_action=accept_mobile" "Mozilla/5.0 (Linux; Android 7.0;) AppleWebKit/537.36 (KHTML, like Gecko) Mobile Safari/537.36 (compatible; PetalBot;+https://webmaster.petalsearch.com/site/petalbot)"
114.119.147.73 - - [21/Jun/2022:15:40:07 +0000] "GET /node/date/2010/12 HTTP/1.1" 302 154 "https://mrchoke.org/node/939/img_6419" "Mozilla/5.0 (Linux; Android 7.0;) AppleWebKit/537.36 (KHTML, like Gecko) Mobile Safari/537.36 (compatible; PetalBot;+https://webmaster.petalsearch.com/site/petalbot)"
114.119.147.73 - - [21/Jun/2022:15:40:11 +0000] "GET /node/date/2010/12 HTTP/1.1" 301 178 "https://mrchoke.org/node/939/img_6419" "Mozilla/5.0 (Linux; Android 7.0;) AppleWebKit/537.36 (KHTML, like Gecko) Mobile Safari/537.36 (compatible; PetalBot;+https://webmaster.petalsearch.com/site/petalbot)"
66.249.71.28 - - [21/Jun/2022:15:40:14 +0000] "GET /node/category/blog/page/7/?ak_action=accept_mobile HTTP/1.1" 200 15890 "-" "Mozilla/5.0 (Linux; Android 6.0.1; Nexus 5X Build/MMB29P) AppleWebKit/537.36 (KHTML, like Gecko) Chrome/102.0.5005.115 Mobile Safari/537.36 (compatible; Googlebot/2.1; +http://www.google.com/bot.html)"
114.119.147.73 - - [21/Jun/2022:15:40:18 +0000] "GET /node/date/2010/12/ HTTP/1.1" 200 8220 "https://mrchoke.org/node/939/img_6419" "Mozilla/5.0 (Linux; Android 7.0;) AppleWebKit/537.36 (KHTML, like Gecko) Mobile Safari/537.36 (compatible; PetalBot;+https://webmaster.petalsearch.com/site/petalbot)"
185.173.35.13 - - [21/Jun/2022:15:41:33 +0000] "GET / HTTP/1.0" 200 612 "-" "NetSystemsResearch studies the availability of various services across the internet. Our website is netsystemsresearch.com"
114.119.147.81 - - [21/Jun/2022:15:43:08 +0000] "GET /node/745?ak_action=accept_mobile HTTP/1.1" 302 154 "https://mrchoke.org/node/745?ak_action=reject_mobile" "Mozilla/5.0 (Linux; Android 7.0;) AppleWebKit/537.36 (KHTML, like Gecko) Mobile Safari/537.36 (compatible; PetalBot;+https://webmaster.petalsearch.com/site/petalbot)"
114.119.147.81 - - [21/Jun/2022:15:43:32 +0000] "GET /node/745?ak_action=accept_mobile HTTP/1.1" 301 178 "https://mrchoke.org/node/745?ak_action=reject_mobile" "Mozilla/5.0 (Linux; Android 7.0;) AppleWebKit/537.36 (KHTML, like Gecko) Mobile Safari/537.36 (compatible; PetalBot;+https://webmaster.petalsearch.com/site/petalbot)"
114.119.147.87 - - [21/Jun/2022:15:44:08 +0000] "GET /node/tag/chrome HTTP/1.1" 301 178 "https://mrchoke.org/node/1537?share=reddit" "Mozilla/5.0 (Linux; Android 7.0;) AppleWebKit/537.36 (KHTML, like Gecko) Mobile Safari/537.36 (compatible; PetalBot;+https://webmaster.petalsearch.com/site/petalbot)"
114.119.147.87 - - [21/Jun/2022:15:44:19 +0000] "GET /node/tag/chrome/ HTTP/1.1" 200 10509 "https://mrchoke.org/node/1537?share=reddit" "Mozilla/5.0 (Linux; Android 7.0;) AppleWebKit/537.36 (KHTML, like Gecko) Mobile Safari/537.36 (compatible; PetalBot;+https://webmaster.petalsearch.com/site/petalbot)"
114.119.147.81 - - [21/Jun/2022:15:45:37 +0000] "GET /node/date/2014/02/01 HTTP/1.1" 302 154 "https://mrchoke.org/node/1480" "Mozilla/5.0 (Linux; Android 7.0;) AppleWebKit/537.36 (KHTML, like Gecko) Mobile Safari/537.36 (compatible; PetalBot;+https://webmaster.petalsearch.com/site/petalbot)"
114.119.147.81 - - [21/Jun/2022:15:45:48 +0000] "GET /node/date/2014/02/01 HTTP/1.1" 301 178 "https://mrchoke.org/node/1480" "Mozilla/5.0 (Linux; Android 7.0;) AppleWebKit/537.36 (KHTML, like Gecko) Mobile Safari/537.36 (compatible; PetalBot;+https://webmaster.petalsearch.com/site/petalbot)"
114.119.147.74 - - [21/Jun/2022:15:47:22 +0000] "GET /node/date/2014/02/01 HTTP/1.1" 302 154 "https://mrchoke.org/node/1480" "Mozilla/5.0 (Linux; Android 7.0;) AppleWebKit/537.36 (KHTML, like Gecko) Mobile Safari/537.36 (compatible; PetalBot;+https://webmaster.petalsearch.com/site/petalbot)"
114.119.147.81 - - [21/Jun/2022:15:47:25 +0000] "GET /node/399?share=reddit HTTP/1.1" 302 154 "https://mrchoke.org/node/399?replytocom=495" "Mozilla/5.0 (Linux; Android 7.0;) AppleWebKit/537.36 (KHTML, like Gecko) Mobile Safari/537.36 (compatible; PetalBot;+https://webmaster.petalsearch.com/site/petalbot)"
114.119.147.74 - - [21/Jun/2022:15:47:38 +0000] "GET /node/date/2014/02/01 HTTP/1.1" 301 178 "https://mrchoke.org/node/1480" "Mozilla/5.0 (Linux; Android 7.0;) AppleWebKit/537.36 (KHTML, like Gecko) Mobile Safari/537.36 (compatible; PetalBot;+https://webmaster.petalsearch.com/site/petalbot)"
114.119.147.74 - - [21/Jun/2022:15:47:43 +0000] "GET /node/date/2014/02/01/ HTTP/1.1" 200 8583 "https://mrchoke.org/node/1480" "Mozilla/5.0 (Linux; Android 7.0;) AppleWebKit/537.36 (KHTML, like Gecko) Mobile Safari/537.36 (compatible; PetalBot;+https://webmaster.petalsearch.com/site/petalbot)"
114.119.147.74 - - [21/Jun/2022:15:49:09 +0000] "GET /node/category/block?ak_action=accept_mobile HTTP/1.1" 302 154 "https://mrchoke.org/node/category/block?ak_action=reject_mobile" "Mozilla/5.0 (Linux; Android 7.0;) AppleWebKit/537.36 (KHTML, like Gecko) Mobile Safari/537.36 (compatible; PetalBot;+https://webmaster.petalsearch.com/site/petalbot)"
114.119.147.74 - - [21/Jun/2022:15:49:20 +0000] "GET /node/category/block?ak_action=accept_mobile HTTP/1.1" 301 178 "https://mrchoke.org/node/category/block?ak_action=reject_mobile" "Mozilla/5.0 (Linux; Android 7.0;) AppleWebKit/537.36 (KHTML, like Gecko) Mobile Safari/537.36 (compatible; PetalBot;+https://webmaster.petalsearch.com/site/petalbot)"
114.119.147.74 - - [21/Jun/2022:15:49:28 +0000] "GET /node/category/block/?ak_action=accept_mobile HTTP/1.1" 200 10777 "https://mrchoke.org/node/category/block?ak_action=reject_mobile" "Mozilla/5.0 (Linux; Android 7.0;) AppleWebKit/537.36 (KHTML, like Gecko) Mobile Safari/537.36 (compatible; PetalBot;+https://webmaster.petalsearch.com/site/petalbot)"
114.119.147.75 - - [21/Jun/2022:15:50:50 +0000] "GET /node/date/2004/05/ HTTP/1.1" 302 154 "https://mrchoke.org/node/date/2004/05/page/2" "Mozilla/5.0 (Linux; Android 7.0;) AppleWebKit/537.36 (KHTML, like Gecko) Mobile Safari/537.36 (compatible; PetalBot;+https://webmaster.petalsearch.com/site/petalbot)"
114.119.147.75 - - [21/Jun/2022:15:51:10 +0000] "GET /node/date/2004/05/ HTTP/1.1" 200 11162 "https://mrchoke.org/node/date/2004/05/page/2" "Mozilla/5.0 (Linux; Android 7.0;) AppleWebKit/537.36 (KHTML, like Gecko) Mobile Safari/537.36 (compatible; PetalBot;+https://webmaster.petalsearch.com/site/petalbot)"
114.119.147.74 - - [21/Jun/2022:15:51:35 +0000] "GET /node/61?share=twitter HTTP/1.1" 302 154 "https://mrchoke.org/node/61?ak_action=accept_mobile" "Mozilla/5.0 (Linux; Android 7.0;) AppleWebKit/537.36 (KHTML, like Gecko) Mobile Safari/537.36 (compatible; PetalBot;+https://webmaster.petalsearch.com/site/petalbot)"
114.119.147.74 - - [21/Jun/2022:15:51:40 +0000] "GET /node/61?share=twitter HTTP/1.1" 301 178 "https://mrchoke.org/node/61?ak_action=accept_mobile" "Mozilla/5.0 (Linux; Android 7.0;) AppleWebKit/537.36 (KHTML, like Gecko) Mobile Safari/537.36 (compatible; PetalBot;+https://webmaster.petalsearch.com/site/petalbot)"
114.119.147.74 - - [21/Jun/2022:15:51:46 +0000] "GET /node/61/?share=twitter HTTP/1.1" 200 8808 "https://mrchoke.org/node/61?ak_action=accept_mobile" "Mozilla/5.0 (Linux; Android 7.0;) AppleWebKit/537.36 (KHTML, like Gecko) Mobile Safari/537.36 (compatible; PetalBot;+https://webmaster.petalsearch.com/site/petalbot)"
216.244.66.229 - - [21/Jun/2022:15:51:57 +0000] "GET /robots.txt HTTP/1.1" 404 162 "-" "Mozilla/5.0 (compatible; DotBot/1.2; +https://opensiteexplorer.org/dotbot; help@moz.com)"
216.244.66.229 - - [21/Jun/2022:15:51:57 +0000] "GET /robots.txt HTTP/1.1" 404 162 "-" "Mozilla/5.0 (compatible; DotBot/1.2; +https://opensiteexplorer.org/dotbot; help@moz.com)"
51.222.253.2 - - [21/Jun/2022:15:53:41 +0000] "GET /robots.txt HTTP/1.1" 404 134 "-" "Mozilla/5.0 (compatible; AhrefsBot/7.0; +http://ahrefs.com/robot/)"
51.222.253.16 - - [21/Jun/2022:15:53:42 +0000] "GET / HTTP/1.1" 200 396 "-" "Mozilla/5.0 (compatible; AhrefsBot/7.0; +http://ahrefs.com/robot/)"
114.119.147.74 - - [21/Jun/2022:15:55:57 +0000] "GET /node/406?share=reddit HTTP/1.1" 302 154 "https://mrchoke.org/node/406?replytocom=504&ak_action=accept_mobile" "Mozilla/5.0 (Linux; Android 7.0;) AppleWebKit/537.36 (KHTML, like Gecko) Mobile Safari/537.36 (compatible; PetalBot;+https://webmaster.petalsearch.com/site/petalbot)"
114.119.147.74 - - [21/Jun/2022:15:56:03 +0000] "GET /node/406?share=reddit HTTP/1.1" 301 178 "https://mrchoke.org/node/406?replytocom=504&ak_action=accept_mobile" "Mozilla/5.0 (Linux; Android 7.0;) AppleWebKit/537.36 (KHTML, like Gecko) Mobile Safari/537.36 (compatible; PetalBot;+https://webmaster.petalsearch.com/site/petalbot)"
114.119.147.74 - - [21/Jun/2022:15:56:14 +0000] "GET /node/406/?share=reddit HTTP/1.1" 200 8935 "https://mrchoke.org/node/406?replytocom=504&ak_action=accept_mobile" "Mozilla/5.0 (Linux; Android 7.0;) AppleWebKit/537.36 (KHTML, like Gecko) Mobile Safari/537.36 (compatible; PetalBot;+https://webmaster.petalsearch.com/site/petalbot)"
216.244.66.229 - - [21/Jun/2022:15:56:45 +0000] "GET /node/1015/img_6597 HTTP/1.1" 404 162 "-" "Mozilla/5.0 (compatible; DotBot/1.2; +https://opensiteexplorer.org/dotbot; help@moz.com)"
216.244.66.229 - - [21/Jun/2022:15:56:49 +0000] "GET /node/1356/img_7254 HTTP/1.1" 404 162 "-" "Mozilla/5.0 (compatible; DotBot/1.2; +https://opensiteexplorer.org/dotbot; help@moz.com)"
216.244.66.229 - - [21/Jun/2022:15:56:53 +0000] "GET /node/178/feed HTTP/1.1" 404 162 "-" "Mozilla/5.0 (compatible; DotBot/1.2; +https://opensiteexplorer.org/dotbot; help@moz.com)"
216.244.66.229 - - [21/Jun/2022:15:56:57 +0000] "GET /node/329/feed HTTP/1.1" 404 162 "-" "Mozilla/5.0 (compatible; DotBot/1.2; +https://opensiteexplorer.org/dotbot; help@moz.com)"
185.191.171.15 - - [21/Jun/2022:15:57:00 +0000] "GET /node/1367/img_7258 HTTP/1.1" 301 178 "-" "Mozilla/5.0 (compatible; SemrushBot/7~bl; +http://www.semrush.com/bot.html)"
216.244.66.229 - - [21/Jun/2022:15:57:01 +0000] "GET /node/346/feed HTTP/1.1" 404 162 "-" "Mozilla/5.0 (compatible; DotBot/1.2; +https://opensiteexplorer.org/dotbot; help@moz.com)"
185.191.171.6 - - [21/Jun/2022:15:57:02 +0000] "GET /node/1367/img_7258/ HTTP/1.1" 200 7997 "-" "Mozilla/5.0 (compatible; SemrushBot/7~bl; +http://www.semrush.com/bot.html)"
216.244.66.229 - - [21/Jun/2022:15:57:04 +0000] "GET /ch7_3472/ HTTP/1.1" 404 162 "-" "Mozilla/5.0 (compatible; DotBot/1.2; +https://opensiteexplorer.org/dotbot; help@moz.com)"
114.119.147.74 - - [21/Jun/2022:15:57:15 +0000] "GET /node/date/2006/07 HTTP/1.1" 301 178 "https://static.mrchoke.org/node/10" "Mozilla/5.0 (Linux; Android 7.0;) AppleWebKit/537.36 (KHTML, like Gecko) Mobile Safari/537.36 (compatible; PetalBot;+https://webmaster.petalsearch.com/site/petalbot)"
114.119.147.74 - - [21/Jun/2022:15:57:20 +0000] "GET /node/date/2006/07/ HTTP/1.1" 200 8630 "https://static.mrchoke.org/node/10" "Mozilla/5.0 (Linux; Android 7.0;) AppleWebKit/537.36 (KHTML, like Gecko) Mobile Safari/537.36 (compatible; PetalBot;+https://webmaster.petalsearch.com/site/petalbot)"
216.244.66.229 - - [21/Jun/2022:15:58:04 +0000] "GET /node/1015/img_6597/feed HTTP/1.1" 404 162 "-" "Mozilla/5.0 (compatible; DotBot/1.2; +https://opensiteexplorer.org/dotbot; help@moz.com)"
216.244.66.229 - - [21/Jun/2022:15:58:07 +0000] "GET /node/939/img_6435/feed HTTP/1.1" 404 162 "-" "Mozilla/5.0 (compatible; DotBot/1.2; +https://opensiteexplorer.org/dotbot; help@moz.com)"
114.119.147.87 - - [21/Jun/2022:15:58:33 +0000] "GET /wp-content/uploads/2014/01/IMG_7123-300x300.jpg HTTP/1.1" 404 134 "http://www.mrchoke.org/node/1316" "Mozilla/5.0 (Linux; Android 7.0;) AppleWebKit/537.36 (KHTML, like Gecko) Mobile Safari/537.36 (compatible; PetalBot;+https://webmaster.petalsearch.com/site/petalbot)"
216.244.66.229 - - [21/Jun/2022:15:59:51 +0000] "GET /node/865/ch7_3184 HTTP/1.1" 404 162 "-" "Mozilla/5.0 (compatible; DotBot/1.2; +https://opensiteexplorer.org/dotbot; help@moz.com)"
216.244.66.229 - - [21/Jun/2022:15:59:53 +0000] "GET /node/939/img_6380 HTTP/1.1" 404 162 "-" "Mozilla/5.0 (compatible; DotBot/1.2; +https://opensiteexplorer.org/dotbot; help@moz.com)"
185.191.171.17 - - [21/Jun/2022:16:00:08 +0000] "GET /robots.txt HTTP/1.1" 404 134 "-" "Mozilla/5.0 (compatible; SemrushBot/7~bl; +http://www.semrush.com/bot.html)"
185.191.171.2 - - [21/Jun/2022:16:00:09 +0000] "GET /node/56 HTTP/1.1" 302 154 "-" "Mozilla/5.0 (compatible; SemrushBot/7~bl; +http://www.semrush.com/bot.html)"
185.191.171.8 - - [21/Jun/2022:16:00:10 +0000] "GET /node/56 HTTP/1.1" 301 178 "-" "Mozilla/5.0 (compatible; SemrushBot/7~bl; +http://www.semrush.com/bot.html)"
185.191.171.6 - - [21/Jun/2022:16:00:13 +0000] "GET /node/56/ HTTP/1.1" 200 8826 "-" "Mozilla/5.0 (compatible; SemrushBot/7~bl; +http://www.semrush.com/bot.html)"
114.119.147.87 - - [21/Jun/2022:16:00:36 +0000] "GET /img_7280 HTTP/1.1" 301 178 "https://mrchoke.org/node/1428?share=linkedin" "Mozilla/5.0 (Linux; Android 7.0;) AppleWebKit/537.36 (KHTML, like Gecko) Mobile Safari/537.36 (compatible; PetalBot;+https://webmaster.petalsearch.com/site/petalbot)"
114.119.147.87 - - [21/Jun/2022:16:00:39 +0000] "GET /img_7280/ HTTP/1.1" 200 7886 "https://mrchoke.org/node/1428?share=linkedin" "Mozilla/5.0 (Linux; Android 7.0;) AppleWebKit/537.36 (KHTML, like Gecko) Mobile Safari/537.36 (compatible; PetalBot;+https://webmaster.petalsearch.com/site/petalbot)"
94.203.6.90 - - [21/Jun/2022:16:00:48 +0000] "GET /node/1377/ HTTP/1.1" 200 10579 "https://static.mrchoke.org" "Mozilla/5.0 (Windows NT 10.0; Win64; x64) AppleWebKit/537.36 (KHTML, like Gecko) Chrome/62.0.3202.94 Safari/537.36"
223.204.255.137 - - [21/Jun/2022:16:01:51 +0000] "GET /apple-touch-icon-precomposed.png HTTP/2.0" 404 123 "-" "com.apple.WebKit.Networking/8614.1.14.0.14 CFNetwork/1378.1 Darwin/22.0.0"
223.204.255.137 - - [21/Jun/2022:16:01:51 +0000] "GET /apple-touch-icon.png HTTP/2.0" 404 123 "-" "com.apple.WebKit.Networking/8614.1.14.0.14 CFNetwork/1378.1 Darwin/22.0.0"
223.204.255.137 - - [21/Jun/2022:16:01:51 +0000] "GET /favicon.ico HTTP/2.0" 200 1150 "-" "com.apple.WebKit.Networking/8614.1.14.0.14 CFNetwork/1378.1 Darwin/22.0.0"
223.204.255.137 - - [21/Jun/2022:16:01:51 +0000] "GET / HTTP/2.0" 200 282 "-" "Mozilla/5.0 (Macintosh; Intel Mac OS X 10_11_1) AppleWebKit/601.2.4 (KHTML, like Gecko) Version/9.0.1 Safari/601.2.4 facebookexternalhit/1.1 Facebot Twitterbot/1.0"
223.204.255.137 - - [21/Jun/2022:16:01:51 +0000] "GET /apple-touch-icon-precomposed.png HTTP/2.0" 404 123 "-" "com.apple.WebKit.Networking/8614.1.14.0.14 CFNetwork/1378.1 Darwin/22.0.0"
223.204.255.137 - - [21/Jun/2022:16:01:51 +0000] "GET /apple-touch-icon.png HTTP/2.0" 404 123 "-" "com.apple.WebKit.Networking/8614.1.14.0.14 CFNetwork/1378.1 Darwin/22.0.0"
223.204.255.137 - - [21/Jun/2022:16:01:51 +0000] "GET /favicon.ico HTTP/2.0" 200 1150 "-" "com.apple.WebKit.Networking/8614.1.14.0.14 CFNetwork/1378.1 Darwin/22.0.0"
223.204.255.137 - - [21/Jun/2022:16:01:51 +0000] "GET / HTTP/2.0" 200 282 "-" "Mozilla/5.0 (Macintosh; Intel Mac OS X 10_11_1) AppleWebKit/601.2.4 (KHTML, like Gecko) Version/9.0.1 Safari/601.2.4 facebookexternalhit/1.1 Facebot Twitterbot/1.0"
223.204.255.137 - - [21/Jun/2022:16:01:52 +0000] "GET /apple-touch-icon-precomposed.png HTTP/2.0" 404 123 "-" "com.apple.WebKit.Networking/8614.1.14.0.14 CFNetwork/1378.1 Darwin/22.0.0"
223.204.255.137 - - [21/Jun/2022:16:01:52 +0000] "GET /apple-touch-icon.png HTTP/2.0" 404 123 "-" "com.apple.WebKit.Networking/8614.1.14.0.14 CFNetwork/1378.1 Darwin/22.0.0"
223.204.255.137 - - [21/Jun/2022:16:01:52 +0000] "GET /favicon.ico HTTP/2.0" 200 1150 "-" "com.apple.WebKit.Networking/8614.1.14.0.14 CFNetwork/1378.1 Darwin/22.0.0"
223.204.255.137 - - [21/Jun/2022:16:01:52 +0000] "GET / HTTP/2.0" 200 282 "-" "Mozilla/5.0 (Macintosh; Intel Mac OS X 10_11_1) AppleWebKit/601.2.4 (KHTML, like Gecko) Version/9.0.1 Safari/601.2.4 facebookexternalhit/1.1 Facebot Twitterbot/1.0"
223.204.255.137 - - [21/Jun/2022:16:01:52 +0000] "GET /apple-touch-icon-precomposed.png HTTP/2.0" 404 123 "-" "com.apple.WebKit.Networking/8614.1.14.0.14 CFNetwork/1378.1 Darwin/22.0.0"
223.204.255.137 - - [21/Jun/2022:16:01:52 +0000] "GET /apple-touch-icon.png HTTP/2.0" 404 123 "-" "com.apple.WebKit.Networking/8614.1.14.0.14 CFNetwork/1378.1 Darwin/22.0.0"
223.204.255.137 - - [21/Jun/2022:16:01:52 +0000] "GET /favicon.ico HTTP/2.0" 200 1150 "-" "com.apple.WebKit.Networking/8614.1.14.0.14 CFNetwork/1378.1 Darwin/22.0.0"
223.204.255.137 - - [21/Jun/2022:16:01:52 +0000] "GET / HTTP/2.0" 200 282 "-" "Mozilla/5.0 (Macintosh; Intel Mac OS X 10_11_1) AppleWebKit/601.2.4 (KHTML, like Gecko) Version/9.0.1 Safari/601.2.4 facebookexternalhit/1.1 Facebot Twitterbot/1.0"
114.119.147.74 - - [21/Jun/2022:16:01:59 +0000] "GET /node/506?ak_action=reject_mobile HTTP/1.1" 302 154 "https://mrchoke.org/node/506?ak_action=accept_mobile" "Mozilla/5.0 (Linux; Android 7.0;) AppleWebKit/537.36 (KHTML, like Gecko) Mobile Safari/537.36 (compatible; PetalBot;+https://webmaster.petalsearch.com/site/petalbot)"
114.119.147.74 - - [21/Jun/2022:16:02:00 +0000] "GET /node/506?ak_action=reject_mobile HTTP/1.1" 301 178 "https://mrchoke.org/node/506?ak_action=accept_mobile" "Mozilla/5.0 (Linux; Android 7.0;) AppleWebKit/537.36 (KHTML, like Gecko) Mobile Safari/537.36 (compatible; PetalBot;+https://webmaster.petalsearch.com/site/petalbot)"
114.119.147.74 - - [21/Jun/2022:16:02:06 +0000] "GET /node/506/?ak_action=reject_mobile HTTP/1.1" 200 9051 "https://mrchoke.org/node/506?ak_action=accept_mobile" "Mozilla/5.0 (Linux; Android 7.0;) AppleWebKit/537.36 (KHTML, like Gecko) Mobile Safari/537.36 (compatible; PetalBot;+https://webmaster.petalsearch.com/site/petalbot)"
114.119.147.74 - - [21/Jun/2022:16:03:30 +0000] "GET /node/category/904 HTTP/1.1" 302 154 "https://mrchoke.org/node/939/img_6419" "Mozilla/5.0 (Linux; Android 7.0;) AppleWebKit/537.36 (KHTML, like Gecko) Mobile Safari/537.36 (compatible; PetalBot;+https://webmaster.petalsearch.com/site/petalbot)"
114.119.147.74 - - [21/Jun/2022:16:03:30 +0000] "GET /node/category/904 HTTP/1.1" 301 178 "https://mrchoke.org/node/939/img_6419" "Mozilla/5.0 (Linux; Android 7.0;) AppleWebKit/537.36 (KHTML, like Gecko) Mobile Safari/537.36 (compatible; PetalBot;+https://webmaster.petalsearch.com/site/petalbot)"
54.36.148.11 - - [21/Jun/2022:16:03:30 +0000] "GET / HTTP/2.0" 200 282 "-" "Mozilla/5.0 (compatible; AhrefsBot/7.0; +http://ahrefs.com/robot/)"
114.119.147.74 - - [21/Jun/2022:16:03:31 +0000] "GET /node/category/904/ HTTP/1.1" 200 12760 "https://mrchoke.org/node/939/img_6419" "Mozilla/5.0 (Linux; Android 7.0;) AppleWebKit/537.36 (KHTML, like Gecko) Mobile Safari/537.36 (compatible; PetalBot;+https://webmaster.petalsearch.com/site/petalbot)"
185.191.171.15 - - [21/Jun/2022:16:03:46 +0000] "GET /img_7197 HTTP/1.1" 301 178 "-" "Mozilla/5.0 (compatible; SemrushBot/7~bl; +http://www.semrush.com/bot.html)"
185.191.171.26 - - [21/Jun/2022:16:03:49 +0000] "GET /img_7197/ HTTP/1.1" 200 7889 "-" "Mozilla/5.0 (compatible; SemrushBot/7~bl; +http://www.semrush.com/bot.html)"
114.119.147.74 - - [21/Jun/2022:16:04:44 +0000] "GET /node/309 HTTP/1.1" 301 178 "https://mrchoke.org/node/310?share=twitter" "Mozilla/5.0 (Linux; Android 7.0;) AppleWebKit/537.36 (KHTML, like Gecko) Mobile Safari/537.36 (compatible; PetalBot;+https://webmaster.petalsearch.com/site/petalbot)"
114.119.147.74 - - [21/Jun/2022:16:04:46 +0000] "GET /node/309/ HTTP/1.1" 200 8716 "https://mrchoke.org/node/310?share=twitter" "Mozilla/5.0 (Linux; Android 7.0;) AppleWebKit/537.36 (KHTML, like Gecko) Mobile Safari/537.36 (compatible; PetalBot;+https://webmaster.petalsearch.com/site/petalbot)"
185.191.171.33 - - [21/Jun/2022:16:06:13 +0000] "GET /node/362 HTTP/1.1" 302 154 "-" "Mozilla/5.0 (compatible; SemrushBot/7~bl; +http://www.semrush.com/bot.html)"
185.191.171.7 - - [21/Jun/2022:16:06:14 +0000] "GET /node/362 HTTP/1.1" 301 178 "-" "Mozilla/5.0 (compatible; SemrushBot/7~bl; +http://www.semrush.com/bot.html)"
185.191.171.45 - - [21/Jun/2022:16:06:16 +0000] "GET /node/362/ HTTP/1.1" 200 12969 "-" "Mozilla/5.0 (compatible; SemrushBot/7~bl; +http://www.semrush.com/bot.html)"
216.244.66.229 - - [21/Jun/2022:16:07:06 +0000] "GET /wp-content/uploads/2014/01/CH7_3645.jpg HTTP/1.1" 404 162 "-" "Mozilla/5.0 (compatible; DotBot/1.2; +https://opensiteexplorer.org/dotbot; help@moz.com)"
114.119.147.97 - - [21/Jun/2022:16:07:09 +0000] "GET /node/category/vmware HTTP/1.1" 302 154 "https://mrchoke.org/node/939/img_6419" "Mozilla/5.0 (Linux; Android 7.0;) AppleWebKit/537.36 (KHTML, like Gecko) Mobile Safari/537.36 (compatible; PetalBot;+https://webmaster.petalsearch.com/site/petalbot)"
114.119.147.97 - - [21/Jun/2022:16:07:21 +0000] "GET /node/category/vmware HTTP/1.1" 301 178 "https://mrchoke.org/node/939/img_6419" "Mozilla/5.0 (Linux; Android 7.0;) AppleWebKit/537.36 (KHTML, like Gecko) Mobile Safari/537.36 (compatible; PetalBot;+https://webmaster.petalsearch.com/site/petalbot)"
114.119.147.74 - - [21/Jun/2022:16:08:45 +0000] "GET /node/51 HTTP/1.1" 301 178 "https://mrchoke.org/node/50" "Mozilla/5.0 (Linux; Android 7.0;) AppleWebKit/537.36 (KHTML, like Gecko) Mobile Safari/537.36 (compatible; PetalBot;+https://webmaster.petalsearch.com/site/petalbot)"
114.119.147.74 - - [21/Jun/2022:16:08:57 +0000] "GET /node/51/ HTTP/1.1" 200 8977 "https://mrchoke.org/node/50" "Mozilla/5.0 (Linux; Android 7.0;) AppleWebKit/537.36 (KHTML, like Gecko) Mobile Safari/537.36 (compatible; PetalBot;+https://webmaster.petalsearch.com/site/petalbot)"
114.119.147.97 - - [21/Jun/2022:16:10:24 +0000] "GET /node/1356/img_7237 HTTP/1.1" 302 154 "https://mrchoke.org/node/1356/img_7238?ak_action=reject_mobile" "Mozilla/5.0 (Linux; Android 7.0;) AppleWebKit/537.36 (KHTML, like Gecko) Mobile Safari/537.36 (compatible; PetalBot;+https://webmaster.petalsearch.com/site/petalbot)"
216.244.66.229 - - [21/Jun/2022:16:10:29 +0000] "GET /img_7520 HTTP/1.1" 404 162 "-" "Mozilla/5.0 (compatible; DotBot/1.2; +https://opensiteexplorer.org/dotbot; help@moz.com)"
216.244.66.229 - - [21/Jun/2022:16:10:30 +0000] "GET /node/205?share=google-plus-1 HTTP/1.1" 404 162 "-" "Mozilla/5.0 (compatible; DotBot/1.2; +https://opensiteexplorer.org/dotbot; help@moz.com)"
114.119.147.97 - - [21/Jun/2022:16:10:30 +0000] "GET /node/1356/img_7237 HTTP/1.1" 301 178 "https://mrchoke.org/node/1356/img_7238?ak_action=reject_mobile" "Mozilla/5.0 (Linux; Android 7.0;) AppleWebKit/537.36 (KHTML, like Gecko) Mobile Safari/537.36 (compatible; PetalBot;+https://webmaster.petalsearch.com/site/petalbot)"
114.119.147.97 - - [21/Jun/2022:16:10:37 +0000] "GET /node/1356/img_7237/ HTTP/1.1" 200 7922 "https://mrchoke.org/node/1356/img_7238?ak_action=reject_mobile" "Mozilla/5.0 (Linux; Android 7.0;) AppleWebKit/537.36 (KHTML, like Gecko) Mobile Safari/537.36 (compatible; PetalBot;+https://webmaster.petalsearch.com/site/petalbot)"
216.244.66.229 - - [21/Jun/2022:16:11:46 +0000] "GET /img_6711/ HTTP/1.1" 404 162 "-" "Mozilla/5.0 (compatible; DotBot/1.2; +https://opensiteexplorer.org/dotbot; help@moz.com)"
114.119.147.86 - - [21/Jun/2022:16:13:01 +0000] "GET /img_6725 HTTP/1.1" 301 178 "https://mrchoke.org/node/1198" "Mozilla/5.0 (Linux; Android 7.0;) AppleWebKit/537.36 (KHTML, like Gecko) Mobile Safari/537.36 (compatible; PetalBot;+https://webmaster.petalsearch.com/site/petalbot)"
114.119.147.86 - - [21/Jun/2022:16:13:10 +0000] "GET /img_6725/ HTTP/1.1" 200 7889 "https://mrchoke.org/node/1198" "Mozilla/5.0 (Linux; Android 7.0;) AppleWebKit/537.36 (KHTML, like Gecko) Mobile Safari/537.36 (compatible; PetalBot;+https://webmaster.petalsearch.com/site/petalbot)"
51.222.253.13 - - [21/Jun/2022:16:14:45 +0000] "GET /node/tag/bike/page/5 HTTP/2.0" 301 178 "-" "Mozilla/5.0 (compatible; AhrefsBot/7.0; +http://ahrefs.com/robot/)"
114.119.147.87 - - [21/Jun/2022:16:14:50 +0000] "GET /node/1777?share=facebook HTTP/1.1" 302 154 "https://mrchoke.org/node/1777?ak_action=accept_mobile" "Mozilla/5.0 (Linux; Android 7.0;) AppleWebKit/537.36 (KHTML, like Gecko) Mobile Safari/537.36 (compatible; PetalBot;+https://webmaster.petalsearch.com/site/petalbot)"
114.119.147.87 - - [21/Jun/2022:16:15:03 +0000] "GET /node/1777?share=facebook HTTP/1.1" 301 178 "https://mrchoke.org/node/1777?ak_action=accept_mobile" "Mozilla/5.0 (Linux; Android 7.0;) AppleWebKit/537.36 (KHTML, like Gecko) Mobile Safari/537.36 (compatible; PetalBot;+https://webmaster.petalsearch.com/site/petalbot)"
114.119.147.81 - - [21/Jun/2022:16:16:26 +0000] "GET /node/date/2014/01/page/4 HTTP/1.1" 301 178 "https://static.mrchoke.org/node/date/2014/01/page/3" "Mozilla/5.0 (Linux; Android 7.0;) AppleWebKit/537.36 (KHTML, like Gecko) Mobile Safari/537.36 (compatible; PetalBot;+https://webmaster.petalsearch.com/site/petalbot)"
114.119.147.81 - - [21/Jun/2022:16:16:38 +0000] "GET /node/date/2014/01/page/4/ HTTP/1.1" 200 15155 "https://static.mrchoke.org/node/date/2014/01/page/3" "Mozilla/5.0 (Linux; Android 7.0;) AppleWebKit/537.36 (KHTML, like Gecko) Mobile Safari/537.36 (compatible; PetalBot;+https://webmaster.petalsearch.com/site/petalbot)"
114.119.147.81 - - [21/Jun/2022:16:17:25 +0000] "GET /node/date/2006/10/22/ HTTP/1.1" 200 11554 "https://mrchoke.org/node/date/2006/10/22/page/2" "Mozilla/5.0 (Linux; Android 7.0;) AppleWebKit/537.36 (KHTML, like Gecko) Mobile Safari/537.36 (compatible; PetalBot;+https://webmaster.petalsearch.com/site/petalbot)"
185.191.171.41 - - [21/Jun/2022:16:18:50 +0000] "GET /node/category/domain/page/8 HTTP/1.1" 301 178 "-" "Mozilla/5.0 (compatible; SemrushBot/7~bl; +http://www.semrush.com/bot.html)"
185.191.171.15 - - [21/Jun/2022:16:18:54 +0000] "GET /node/category/domain/page/8/ HTTP/1.1" 200 11782 "-" "Mozilla/5.0 (compatible; SemrushBot/7~bl; +http://www.semrush.com/bot.html)"
114.119.147.87 - - [21/Jun/2022:16:20:00 +0000] "GET /node/790/img_6137?ak_action=accept_mobile HTTP/1.1" 302 154 "https://mrchoke.org/node/790/img_6137?ak_action=reject_mobile" "Mozilla/5.0 (Linux; Android 7.0;) AppleWebKit/537.36 (KHTML, like Gecko) Mobile Safari/537.36 (compatible; PetalBot;+https://webmaster.petalsearch.com/site/petalbot)"
114.119.147.87 - - [21/Jun/2022:16:20:10 +0000] "GET /node/790/img_6137?ak_action=accept_mobile HTTP/1.1" 301 178 "https://mrchoke.org/node/790/img_6137?ak_action=reject_mobile" "Mozilla/5.0 (Linux; Android 7.0;) AppleWebKit/537.36 (KHTML, like Gecko) Mobile Safari/537.36 (compatible; PetalBot;+https://webmaster.petalsearch.com/site/petalbot)"
185.191.171.2 - - [21/Jun/2022:16:20:17 +0000] "GET /node/date/2006/11/06 HTTP/1.1" 301 178 "-" "Mozilla/5.0 (compatible; SemrushBot/7~bl; +http://www.semrush.com/bot.html)"
185.191.171.14 - - [21/Jun/2022:16:20:19 +0000] "GET /node/date/2006/11/06/ HTTP/1.1" 200 8399 "-" "Mozilla/5.0 (compatible; SemrushBot/7~bl; +http://www.semrush.com/bot.html)"
114.119.147.87 - - [21/Jun/2022:16:20:22 +0000] "GET /node/790/img_6137/?ak_action=accept_mobile HTTP/1.1" 200 7900 "https://mrchoke.org/node/790/img_6137?ak_action=reject_mobile" "Mozilla/5.0 (Linux; Android 7.0;) AppleWebKit/537.36 (KHTML, like Gecko) Mobile Safari/537.36 (compatible; PetalBot;+https://webmaster.petalsearch.com/site/petalbot)"
54.243.21.30 - - [21/Jun/2022:16:20:38 +0000] "GET / HTTP/1.1" 200 396 "-" "Mozilla/5.0 (Windows NT 6.1) AppleWebKit/537.36 (KHTML, like Gecko) Chrome/41.0.2228.0 Safari/537.36"
114.119.147.75 - - [21/Jun/2022:16:20:53 +0000] "GET /node/113?share=twitter HTTP/1.1" 302 154 "https://mrchoke.org/node/113?ak_action=reject_mobile" "Mozilla/5.0 (Linux; Android 7.0;) AppleWebKit/537.36 (KHTML, like Gecko) Mobile Safari/537.36 (compatible; PetalBot;+https://webmaster.petalsearch.com/site/petalbot)"
114.119.147.75 - - [21/Jun/2022:16:20:58 +0000] "GET /node/113?share=twitter HTTP/1.1" 301 178 "https://mrchoke.org/node/113?ak_action=reject_mobile" "Mozilla/5.0 (Linux; Android 7.0;) AppleWebKit/537.36 (KHTML, like Gecko) Mobile Safari/537.36 (compatible; PetalBot;+https://webmaster.petalsearch.com/site/petalbot)"
114.119.147.75 - - [21/Jun/2022:16:21:09 +0000] "GET /node/113/?share=twitter HTTP/1.1" 200 8599 "https://mrchoke.org/node/113?ak_action=reject_mobile" "Mozilla/5.0 (Linux; Android 7.0;) AppleWebKit/537.36 (KHTML, like Gecko) Mobile Safari/537.36 (compatible; PetalBot;+https://webmaster.petalsearch.com/site/petalbot)"
114.119.147.74 - - [21/Jun/2022:16:23:05 +0000] "GET /node/70 HTTP/1.1" 301 178 "https://mrchoke.org/node/69?share=twitter" "Mozilla/5.0 (Linux; Android 7.0;) AppleWebKit/537.36 (KHTML, like Gecko) Mobile Safari/537.36 (compatible; PetalBot;+https://webmaster.petalsearch.com/site/petalbot)"
114.119.147.74 - - [21/Jun/2022:16:23:10 +0000] "GET /node/70/ HTTP/1.1" 200 9002 "https://mrchoke.org/node/69?share=twitter" "Mozilla/5.0 (Linux; Android 7.0;) AppleWebKit/537.36 (KHTML, like Gecko) Mobile Safari/537.36 (compatible; PetalBot;+https://webmaster.petalsearch.com/site/petalbot)"
137.184.234.112 - - [21/Jun/2022:16:23:29 +0000] "GET /script HTTP/1.1" 400 166 "-" "-"
114.119.147.81 - - [21/Jun/2022:16:24:11 +0000] "GET /page/13 HTTP/1.1" 301 178 "https://mrchoke.org/page/12?ak_action=accept_mobile" "Mozilla/5.0 (Linux; Android 7.0;) AppleWebKit/537.36 (KHTML, like Gecko) Mobile Safari/537.36 (compatible; PetalBot;+https://webmaster.petalsearch.com/site/petalbot)"
114.119.147.81 - - [21/Jun/2022:16:24:17 +0000] "GET /page/13/ HTTP/1.1" 200 13076 "https://mrchoke.org/page/12?ak_action=accept_mobile" "Mozilla/5.0 (Linux; Android 7.0;) AppleWebKit/537.36 (KHTML, like Gecko) Mobile Safari/537.36 (compatible; PetalBot;+https://webmaster.petalsearch.com/site/petalbot)"
51.222.253.8 - - [21/Jun/2022:16:24:44 +0000] "GET /node/1839 HTTP/2.0" 301 178 "-" "Mozilla/5.0 (compatible; AhrefsBot/7.0; +http://ahrefs.com/robot/)"
185.191.171.4 - - [21/Jun/2022:16:25:13 +0000] "GET /robots.txt HTTP/1.1" 404 134 "-" "Mozilla/5.0 (compatible; SemrushBot/7~bl; +http://www.semrush.com/bot.html)"
185.191.171.8 - - [21/Jun/2022:16:25:14 +0000] "GET /node/221 HTTP/1.1" 301 178 "-" "Mozilla/5.0 (compatible; SemrushBot/7~bl; +http://www.semrush.com/bot.html)"
66.249.79.214 - - [21/Jun/2022:16:25:14 +0000] "GET /node/tag/icu?ak_action=reject_mobile HTTP/1.1" 302 154 "-" "Mozilla/5.0 (Linux; Android 6.0.1; Nexus 5X Build/MMB29P) AppleWebKit/537.36 (KHTML, like Gecko) Chrome/102.0.5005.115 Mobile Safari/537.36 (compatible; Googlebot/2.1; +http://www.google.com/bot.html)"
66.249.71.31 - - [21/Jun/2022:16:25:15 +0000] "GET /node/tag/icu?ak_action=reject_mobile HTTP/1.1" 301 178 "-" "Mozilla/5.0 (Linux; Android 6.0.1; Nexus 5X Build/MMB29P) AppleWebKit/537.36 (KHTML, like Gecko) Chrome/102.0.5005.115 Mobile Safari/537.36 (compatible; Googlebot/2.1; +http://www.google.com/bot.html)"
66.249.79.245 - - [21/Jun/2022:16:25:16 +0000] "GET /node/tag/icu/?ak_action=reject_mobile HTTP/1.1" 200 9741 "-" "Mozilla/5.0 (Linux; Android 6.0.1; Nexus 5X Build/MMB29P) AppleWebKit/537.36 (KHTML, like Gecko) Chrome/102.0.5005.115 Mobile Safari/537.36 (compatible; Googlebot/2.1; +http://www.google.com/bot.html)"
185.191.171.13 - - [21/Jun/2022:16:25:18 +0000] "GET /node/221/ HTTP/1.1" 200 9409 "-" "Mozilla/5.0 (compatible; SemrushBot/7~bl; +http://www.semrush.com/bot.html)"
114.119.147.86 - - [21/Jun/2022:16:27:07 +0000] "GET /node/date/2007/11?ak_action=reject_mobile HTTP/1.1" 302 154 "https://mrchoke.org/node/date/2007/11" "Mozilla/5.0 (Linux; Android 7.0;) AppleWebKit/537.36 (KHTML, like Gecko) Mobile Safari/537.36 (compatible; PetalBot;+https://webmaster.petalsearch.com/site/petalbot)"
114.119.147.81 - - [21/Jun/2022:16:27:41 +0000] "GET /node/192?share=twitter HTTP/1.1" 302 154 "https://mrchoke.org/node/192?ak_action=reject_mobile" "Mozilla/5.0 (Linux; Android 7.0;) AppleWebKit/537.36 (KHTML, like Gecko) Mobile Safari/537.36 (compatible; PetalBot;+https://webmaster.petalsearch.com/site/petalbot)"
114.119.147.81 - - [21/Jun/2022:16:27:52 +0000] "GET /node/192?share=twitter HTTP/1.1" 301 178 "https://mrchoke.org/node/192?ak_action=reject_mobile" "Mozilla/5.0 (Linux; Android 7.0;) AppleWebKit/537.36 (KHTML, like Gecko) Mobile Safari/537.36 (compatible; PetalBot;+https://webmaster.petalsearch.com/site/petalbot)"
114.119.147.81 - - [21/Jun/2022:16:27:58 +0000] "GET /node/192/?share=twitter HTTP/1.1" 200 10009 "https://mrchoke.org/node/192?ak_action=reject_mobile" "Mozilla/5.0 (Linux; Android 7.0;) AppleWebKit/537.36 (KHTML, like Gecko) Mobile Safari/537.36 (compatible; PetalBot;+https://webmaster.petalsearch.com/site/petalbot)"
185.191.171.42 - - [21/Jun/2022:16:29:03 +0000] "GET /node/251 HTTP/1.1" 302 154 "-" "Mozilla/5.0 (compatible; SemrushBot/7~bl; +http://www.semrush.com/bot.html)"
185.191.171.18 - - [21/Jun/2022:16:29:04 +0000] "GET /node/251 HTTP/1.1" 301 178 "-" "Mozilla/5.0 (compatible; SemrushBot/7~bl; +http://www.semrush.com/bot.html)"
185.191.171.16 - - [21/Jun/2022:16:29:09 +0000] "GET /node/251/ HTTP/1.1" 200 8600 "-" "Mozilla/5.0 (compatible; SemrushBot/7~bl; +http://www.semrush.com/bot.html)"
114.119.147.97 - - [21/Jun/2022:16:33:03 +0000] "GET /node/206 HTTP/1.1" 302 154 "https://mrchoke.org/node/category/linux/page/7" "Mozilla/5.0 (Linux; Android 7.0;) AppleWebKit/537.36 (KHTML, like Gecko) Mobile Safari/537.36 (compatible; PetalBot;+https://webmaster.petalsearch.com/site/petalbot)"
114.119.147.97 - - [21/Jun/2022:16:33:22 +0000] "GET /node/206 HTTP/1.1" 301 178 "https://mrchoke.org/node/category/linux/page/7" "Mozilla/5.0 (Linux; Android 7.0;) AppleWebKit/537.36 (KHTML, like Gecko) Mobile Safari/537.36 (compatible; PetalBot;+https://webmaster.petalsearch.com/site/petalbot)"
54.36.148.126 - - [21/Jun/2022:16:35:02 +0000] "GET /robots.txt HTTP/2.0" 404 123 "-" "Mozilla/5.0 (compatible; AhrefsBot/7.0; +http://ahrefs.com/robot/)"
51.222.253.5 - - [21/Jun/2022:16:35:04 +0000] "GET /node/1367/img_7256/ HTTP/2.0" 200 7932 "-" "Mozilla/5.0 (compatible; AhrefsBot/7.0; +http://ahrefs.com/robot/)"
114.119.147.75 - - [21/Jun/2022:16:35:23 +0000] "GET /node/date/2006/05/ HTTP/1.1" 200 10841 "-" "Mozilla/5.0 (Linux; Android 7.0;) AppleWebKit/537.36 (KHTML, like Gecko) Mobile Safari/537.36 (compatible; PetalBot;+https://webmaster.petalsearch.com/site/petalbot)"
114.119.147.74 - - [21/Jun/2022:16:36:01 +0000] "GET /node/790/img_6167?share=facebook HTTP/1.1" 302 154 "https://mrchoke.org/node/790/img_6167?ak_action=accept_mobile" "Mozilla/5.0 (Linux; Android 7.0;) AppleWebKit/537.36 (KHTML, like Gecko) Mobile Safari/537.36 (compatible; PetalBot;+https://webmaster.petalsearch.com/site/petalbot)"
114.119.147.74 - - [21/Jun/2022:16:36:08 +0000] "GET /node/790/img_6167?share=facebook HTTP/1.1" 301 178 "https://mrchoke.org/node/790/img_6167?ak_action=accept_mobile" "Mozilla/5.0 (Linux; Android 7.0;) AppleWebKit/537.36 (KHTML, like Gecko) Mobile Safari/537.36 (compatible; PetalBot;+https://webmaster.petalsearch.com/site/petalbot)"
114.119.147.74 - - [21/Jun/2022:16:36:13 +0000] "GET /node/790/img_6167/?share=facebook HTTP/1.1" 200 7943 "https://mrchoke.org/node/790/img_6167?ak_action=accept_mobile" "Mozilla/5.0 (Linux; Android 7.0;) AppleWebKit/537.36 (KHTML, like Gecko) Mobile Safari/537.36 (compatible; PetalBot;+https://webmaster.petalsearch.com/site/petalbot)"
114.119.147.75 - - [21/Jun/2022:16:38:52 +0000] "GET /node/79?share=reddit HTTP/1.1" 302 154 "https://mrchoke.org/node/79?ak_action=accept_mobile" "Mozilla/5.0 (Linux; Android 7.0;) AppleWebKit/537.36 (KHTML, like Gecko) Mobile Safari/537.36 (compatible; PetalBot;+https://webmaster.petalsearch.com/site/petalbot)"
114.119.147.75 - - [21/Jun/2022:16:39:03 +0000] "GET /node/79?share=reddit HTTP/1.1" 301 178 "https://mrchoke.org/node/79?ak_action=accept_mobile" "Mozilla/5.0 (Linux; Android 7.0;) AppleWebKit/537.36 (KHTML, like Gecko) Mobile Safari/537.36 (compatible; PetalBot;+https://webmaster.petalsearch.com/site/petalbot)"
114.119.147.74 - - [21/Jun/2022:16:40:52 +0000] "GET /node/790/img_6160?ak_action=accept_mobile HTTP/1.1" 302 154 "https://mrchoke.org/node/790/img_6160?ak_action=reject_mobile" "Mozilla/5.0 (Linux; Android 7.0;) AppleWebKit/537.36 (KHTML, like Gecko) Mobile Safari/537.36 (compatible; PetalBot;+https://webmaster.petalsearch.com/site/petalbot)"
114.119.147.74 - - [21/Jun/2022:16:40:56 +0000] "GET /node/790/img_6160?ak_action=accept_mobile HTTP/1.1" 301 178 "https://mrchoke.org/node/790/img_6160?ak_action=reject_mobile" "Mozilla/5.0 (Linux; Android 7.0;) AppleWebKit/537.36 (KHTML, like Gecko) Mobile Safari/537.36 (compatible; PetalBot;+https://webmaster.petalsearch.com/site/petalbot)"
114.119.147.74 - - [21/Jun/2022:16:41:00 +0000] "GET /node/790/img_6160/?ak_action=accept_mobile HTTP/1.1" 200 7893 "https://mrchoke.org/node/790/img_6160?ak_action=reject_mobile" "Mozilla/5.0 (Linux; Android 7.0;) AppleWebKit/537.36 (KHTML, like Gecko) Mobile Safari/537.36 (compatible; PetalBot;+https://webmaster.petalsearch.com/site/petalbot)"
185.191.171.36 - - [21/Jun/2022:16:42:27 +0000] "GET /node/453 HTTP/1.1" 302 154 "-" "Mozilla/5.0 (compatible; SemrushBot/7~bl; +http://www.semrush.com/bot.html)"
185.191.171.38 - - [21/Jun/2022:16:42:28 +0000] "GET /node/453 HTTP/1.1" 301 178 "-" "Mozilla/5.0 (compatible; SemrushBot/7~bl; +http://www.semrush.com/bot.html)"
185.191.171.10 - - [21/Jun/2022:16:42:31 +0000] "GET /node/453/ HTTP/1.1" 200 8908 "-" "Mozilla/5.0 (compatible; SemrushBot/7~bl; +http://www.semrush.com/bot.html)"
114.119.147.74 - - [21/Jun/2022:16:42:51 +0000] "GET /node/date/2004/07/06 HTTP/1.1" 302 154 "https://mrchoke.org/node/399" "Mozilla/5.0 (Linux; Android 7.0;) AppleWebKit/537.36 (KHTML, like Gecko) Mobile Safari/537.36 (compatible; PetalBot;+https://webmaster.petalsearch.com/site/petalbot)"
114.119.147.74 - - [21/Jun/2022:16:42:55 +0000] "GET /node/date/2004/07/06 HTTP/1.1" 301 178 "https://mrchoke.org/node/399" "Mozilla/5.0 (Linux; Android 7.0;) AppleWebKit/537.36 (KHTML, like Gecko) Mobile Safari/537.36 (compatible; PetalBot;+https://webmaster.petalsearch.com/site/petalbot)"
114.119.147.74 - - [21/Jun/2022:16:42:59 +0000] "GET /node/date/2004/07/06/ HTTP/1.1" 200 8687 "https://mrchoke.org/node/399" "Mozilla/5.0 (Linux; Android 7.0;) AppleWebKit/537.36 (KHTML, like Gecko) Mobile Safari/537.36 (compatible; PetalBot;+https://webmaster.petalsearch.com/site/petalbot)"
216.244.66.229 - - [21/Jun/2022:16:43:55 +0000] "GET /robots.txt HTTP/1.1" 404 162 "-" "Mozilla/5.0 (compatible; DotBot/1.2; +https://opensiteexplorer.org/dotbot; help@moz.com)"
216.244.66.229 - - [21/Jun/2022:16:43:56 +0000] "GET /robots.txt HTTP/1.1" 404 162 "-" "Mozilla/5.0 (compatible; DotBot/1.2; +https://opensiteexplorer.org/dotbot; help@moz.com)"
130.211.54.158 - - [21/Jun/2022:16:44:19 +0000] "GET / HTTP/1.1" 301 178 "-" "python-requests/2.28.0"
185.191.171.12 - - [21/Jun/2022:16:44:42 +0000] "GET /node/category/tag HTTP/1.1" 301 178 "-" "Mozilla/5.0 (compatible; SemrushBot/7~bl; +http://www.semrush.com/bot.html)"
185.191.171.40 - - [21/Jun/2022:16:44:44 +0000] "GET /node/category/tag/ HTTP/1.1" 200 8055 "-" "Mozilla/5.0 (compatible; SemrushBot/7~bl; +http://www.semrush.com/bot.html)"
2a03:2880:13ff:b::face:b00c - - [21/Jun/2022:16:44:49 +0000] "GET / HTTP/1.1" 200 396 "-" "facebookexternalhit/1.1 (+http://www.facebook.com/externalhit_uatext.php)"
114.119.147.81 - - [21/Jun/2022:16:45:13 +0000] "GET /node/1356/img_7244?ak_action=accept_mobile HTTP/1.1" 302 154 "https://mrchoke.org/node/1356/img_7244?ak_action=reject_mobile" "Mozilla/5.0 (Linux; Android 7.0;) AppleWebKit/537.36 (KHTML, like Gecko) Mobile Safari/537.36 (compatible; PetalBot;+https://webmaster.petalsearch.com/site/petalbot)"
114.119.147.81 - - [21/Jun/2022:16:45:22 +0000] "GET /node/1356/img_7244?ak_action=accept_mobile HTTP/1.1" 301 178 "https://mrchoke.org/node/1356/img_7244?ak_action=reject_mobile" "Mozilla/5.0 (Linux; Android 7.0;) AppleWebKit/537.36 (KHTML, like Gecko) Mobile Safari/537.36 (compatible; PetalBot;+https://webmaster.petalsearch.com/site/petalbot)"
114.119.147.81 - - [21/Jun/2022:16:45:26 +0000] "GET /node/1356/img_7244/?ak_action=accept_mobile HTTP/1.1" 200 7992 "https://mrchoke.org/node/1356/img_7244?ak_action=reject_mobile" "Mozilla/5.0 (Linux; Android 7.0;) AppleWebKit/537.36 (KHTML, like Gecko) Mobile Safari/537.36 (compatible; PetalBot;+https://webmaster.petalsearch.com/site/petalbot)"
51.222.253.15 - - [21/Jun/2022:16:45:53 +0000] "GET /node/319/ HTTP/2.0" 200 12265 "-" "Mozilla/5.0 (compatible; AhrefsBot/7.0; +http://ahrefs.com/robot/)"
114.119.147.74 - - [21/Jun/2022:16:46:27 +0000] "GET /node/date/2009/11/01 HTTP/1.1" 404 134 "http://www.mrchoke.org/node/242" "Mozilla/5.0 (Linux; Android 7.0;) AppleWebKit/537.36 (KHTML, like Gecko) Mobile Safari/537.36 (compatible; PetalBot;+https://webmaster.petalsearch.com/site/petalbot)"
114.119.147.81 - - [21/Jun/2022:16:47:21 +0000] "GET /node/category/bandwidth HTTP/1.1" 302 154 "https://mrchoke.org/node/939/img_6419" "Mozilla/5.0 (Linux; Android 7.0;) AppleWebKit/537.36 (KHTML, like Gecko) Mobile Safari/537.36 (compatible; PetalBot;+https://webmaster.petalsearch.com/site/petalbot)"
114.119.147.81 - - [21/Jun/2022:16:47:24 +0000] "GET /node/category/bandwidth HTTP/1.1" 301 178 "https://mrchoke.org/node/939/img_6419" "Mozilla/5.0 (Linux; Android 7.0;) AppleWebKit/537.36 (KHTML, like Gecko) Mobile Safari/537.36 (compatible; PetalBot;+https://webmaster.petalsearch.com/site/petalbot)"
114.119.147.81 - - [21/Jun/2022:16:47:24 +0000] "GET /node/category/bandwidth/ HTTP/1.1" 200 8946 "https://mrchoke.org/node/939/img_6419" "Mozilla/5.0 (Linux; Android 7.0;) AppleWebKit/537.36 (KHTML, like Gecko) Mobile Safari/537.36 (compatible; PetalBot;+https://webmaster.petalsearch.com/site/petalbot)"
216.244.66.229 - - [21/Jun/2022:16:48:46 +0000] "GET /node/1120/feed HTTP/1.1" 404 162 "-" "Mozilla/5.0 (compatible; DotBot/1.2; +https://opensiteexplorer.org/dotbot; help@moz.com)"
216.244.66.229 - - [21/Jun/2022:16:48:51 +0000] "GET /node/755/feed HTTP/1.1" 404 162 "-" "Mozilla/5.0 (compatible; DotBot/1.2; +https://opensiteexplorer.org/dotbot; help@moz.com)"
216.244.66.229 - - [21/Jun/2022:16:48:56 +0000] "GET /node/865/ch7_3194 HTTP/1.1" 404 162 "-" "Mozilla/5.0 (compatible; DotBot/1.2; +https://opensiteexplorer.org/dotbot; help@moz.com)"
216.244.66.229 - - [21/Jun/2022:16:48:59 +0000] "GET /node/439 HTTP/1.1" 404 162 "-" "Mozilla/5.0 (compatible; DotBot/1.2; +https://opensiteexplorer.org/dotbot; help@moz.com)"
114.119.147.74 - - [21/Jun/2022:16:49:18 +0000] "GET /node/624 HTTP/1.1" 302 154 "https://mrchoke.org/node/627?share=twitter" "Mozilla/5.0 (Linux; Android 7.0;) AppleWebKit/537.36 (KHTML, like Gecko) Mobile Safari/537.36 (compatible; PetalBot;+https://webmaster.petalsearch.com/site/petalbot)"
114.119.147.74 - - [21/Jun/2022:16:49:19 +0000] "GET /node/624 HTTP/1.1" 301 178 "https://mrchoke.org/node/627?share=twitter" "Mozilla/5.0 (Linux; Android 7.0;) AppleWebKit/537.36 (KHTML, like Gecko) Mobile Safari/537.36 (compatible; PetalBot;+https://webmaster.petalsearch.com/site/petalbot)"
114.119.147.74 - - [21/Jun/2022:16:49:20 +0000] "GET /node/624/ HTTP/1.1" 200 8251 "https://mrchoke.org/node/627?share=twitter" "Mozilla/5.0 (Linux; Android 7.0;) AppleWebKit/537.36 (KHTML, like Gecko) Mobile Safari/537.36 (compatible; PetalBot;+https://webmaster.petalsearch.com/site/petalbot)"
114.119.147.75 - - [21/Jun/2022:16:50:56 +0000] "GET /node/939/img_6404?ak_action=accept_mobile HTTP/1.1" 302 154 "https://mrchoke.org/node/939/img_6404?ak_action=reject_mobile" "Mozilla/5.0 (Linux; Android 7.0;) AppleWebKit/537.36 (KHTML, like Gecko) Mobile Safari/537.36 (compatible; PetalBot;+https://webmaster.petalsearch.com/site/petalbot)"
114.119.147.75 - - [21/Jun/2022:16:51:04 +0000] "GET /node/939/img_6404?ak_action=accept_mobile HTTP/1.1" 301 178 "https://mrchoke.org/node/939/img_6404?ak_action=reject_mobile" "Mozilla/5.0 (Linux; Android 7.0;) AppleWebKit/537.36 (KHTML, like Gecko) Mobile Safari/537.36 (compatible; PetalBot;+https://webmaster.petalsearch.com/site/petalbot)"
114.119.147.75 - - [21/Jun/2022:16:51:08 +0000] "GET /node/939/img_6404/?ak_action=accept_mobile HTTP/1.1" 200 7889 "https://mrchoke.org/node/939/img_6404?ak_action=reject_mobile" "Mozilla/5.0 (Linux; Android 7.0;) AppleWebKit/537.36 (KHTML, like Gecko) Mobile Safari/537.36 (compatible; PetalBot;+https://webmaster.petalsearch.com/site/petalbot)"
216.244.66.229 - - [21/Jun/2022:16:52:11 +0000] "GET /wp-content/uploads/2016/05/img_1318.jpg HTTP/1.1" 404 162 "-" "Mozilla/5.0 (compatible; DotBot/1.2; +https://opensiteexplorer.org/dotbot; help@moz.com)"
114.119.147.97 - - [21/Jun/2022:16:52:57 +0000] "GET /node/1198?ak_action=accept_mobile HTTP/1.1" 302 154 "https://mrchoke.org/node/1198?ak_action=reject_mobile" "Mozilla/5.0 (Linux; Android 7.0;) AppleWebKit/537.36 (KHTML, like Gecko) Mobile Safari/537.36 (compatible; PetalBot;+https://webmaster.petalsearch.com/site/petalbot)"
114.119.147.97 - - [21/Jun/2022:16:53:06 +0000] "GET /node/1198?ak_action=accept_mobile HTTP/1.1" 301 178 "https://mrchoke.org/node/1198?ak_action=reject_mobile" "Mozilla/5.0 (Linux; Android 7.0;) AppleWebKit/537.36 (KHTML, like Gecko) Mobile Safari/537.36 (compatible; PetalBot;+https://webmaster.petalsearch.com/site/petalbot)"
185.7.214.104 - - [21/Jun/2022:16:53:09 +0000] "GET /?XDEBUG_SESSION_START=phpstorm HTTP/1.1" 301 178 "-" "Mozilla/5.0 (Windows NT 10.0; Win64; x64) AppleWebKit/537.36 (KHTML, like Gecko) Chrome/78.0.3904.108 Safari/537.36"
114.119.147.97 - - [21/Jun/2022:16:53:16 +0000] "GET /node/1198/?ak_action=accept_mobile HTTP/1.1" 200 9804 "https://mrchoke.org/node/1198?ak_action=reject_mobile" "Mozilla/5.0 (Linux; Android 7.0;) AppleWebKit/537.36 (KHTML, like Gecko) Mobile Safari/537.36 (compatible; PetalBot;+https://webmaster.petalsearch.com/site/petalbot)"
185.191.171.19 - - [21/Jun/2022:16:53:42 +0000] "GET /node/1815/ch7_4336 HTTP/1.1" 301 178 "-" "Mozilla/5.0 (compatible; SemrushBot/7~bl; +http://www.semrush.com/bot.html)"
185.191.171.11 - - [21/Jun/2022:16:53:45 +0000] "GET /node/1815/ch7_4336/ HTTP/1.1" 200 7887 "-" "Mozilla/5.0 (compatible; SemrushBot/7~bl; +http://www.semrush.com/bot.html)"
114.119.147.87 - - [21/Jun/2022:16:54:24 +0000] "GET /node/category/promo_code HTTP/1.1" 302 154 "https://mrchoke.org/node/939/img_6419" "Mozilla/5.0 (Linux; Android 7.0;) AppleWebKit/537.36 (KHTML, like Gecko) Mobile Safari/537.36 (compatible; PetalBot;+https://webmaster.petalsearch.com/site/petalbot)"
114.119.147.87 - - [21/Jun/2022:16:54:37 +0000] "GET /node/category/promo_code HTTP/1.1" 301 178 "https://mrchoke.org/node/939/img_6419" "Mozilla/5.0 (Linux; Android 7.0;) AppleWebKit/537.36 (KHTML, like Gecko) Mobile Safari/537.36 (compatible; PetalBot;+https://webmaster.petalsearch.com/site/petalbot)"
216.244.66.229 - - [21/Jun/2022:16:54:53 +0000] "GET /node/1367/img_7257/feed HTTP/1.1" 404 162 "-" "Mozilla/5.0 (compatible; DotBot/1.2; +https://opensiteexplorer.org/dotbot; help@moz.com)"
114.119.147.81 - - [21/Jun/2022:16:56:32 +0000] "GET /node/tag/paas HTTP/1.1" 302 154 "https://mrchoke.org/node/693/3?ak_action=reject_mobile" "Mozilla/5.0 (Linux; Android 7.0;) AppleWebKit/537.36 (KHTML, like Gecko) Mobile Safari/537.36 (compatible; PetalBot;+https://webmaster.petalsearch.com/site/petalbot)"
114.119.147.81 - - [21/Jun/2022:16:56:37 +0000] "GET /node/tag/paas HTTP/1.1" 301 178 "https://mrchoke.org/node/693/3?ak_action=reject_mobile" "Mozilla/5.0 (Linux; Android 7.0;) AppleWebKit/537.36 (KHTML, like Gecko) Mobile Safari/537.36 (compatible; PetalBot;+https://webmaster.petalsearch.com/site/petalbot)"
114.119.147.81 - - [21/Jun/2022:16:56:42 +0000] "GET /node/tag/paas/ HTTP/1.1" 200 10051 "https://mrchoke.org/node/693/3?ak_action=reject_mobile" "Mozilla/5.0 (Linux; Android 7.0;) AppleWebKit/537.36 (KHTML, like Gecko) Mobile Safari/537.36 (compatible; PetalBot;+https://webmaster.petalsearch.com/site/petalbot)"
51.222.253.7 - - [21/Jun/2022:16:57:03 +0000] "GET /node/198/ HTTP/2.0" 200 9081 "-" "Mozilla/5.0 (compatible; AhrefsBot/7.0; +http://ahrefs.com/robot/)"
