167.114.173.115 - - [23/Jun/2022:04:51:12 +0000] "GET /node/category/music/%E0%B9%80%E0%B8%9E%E0%B8%A5%E0%B8%87%E0%B9%83%E0%B8%95%E0%B9%89 HTTP/1.1" 404 134 "-" "Mozilla/5.0 (compatible; MJ12bot/v1.4.8; http://mj12bot.com/)"
167.114.173.115 - - [23/Jun/2022:04:51:16 +0000] "GET /node/category/music/%E0%B9%80%E0%B8%9E%E0%B8%A5%E0%B8%87%E0%B9%83%E0%B8%95%E0%B9%89/%E0%B8%AB%E0%B8%A5%E0%B8%87_%E0%B8%A5%E0%B8%87%E0%B8%A5%E0%B8%B2%E0%B8%A2 HTTP/1.1" 404 134 "-" "Mozilla/5.0 (compatible; MJ12bot/v1.4.8; http://mj12bot.com/)"
167.114.173.115 - - [23/Jun/2022:04:51:20 +0000] "GET /node/category/music/%E0%B9%80%E0%B8%9E%E0%B8%A5%E0%B8%87%E0%B9%83%E0%B8%95%E0%B9%89/%E0%B8%94%E0%B9%89%E0%B8%B2%E0%B8%A1%E0%B8%82%E0%B8%A7%E0%B8%B2%E0%B8%99 HTTP/1.1" 404 134 "-" "Mozilla/5.0 (compatible; MJ12bot/v1.4.8; http://mj12bot.com/)"
167.114.173.115 - - [23/Jun/2022:04:51:25 +0000] "GET /node/category/music/%E0%B9%80%E0%B8%9E%E0%B8%A5%E0%B8%87%E0%B9%83%E0%B8%95%E0%B9%89/%E0%B8%99%E0%B8%B2%E0%B8%84%E0%B8%AD%E0%B8%99 HTTP/1.1" 404 134 "-" "Mozilla/5.0 (compatible; MJ12bot/v1.4.8; http://mj12bot.com/)"
167.114.173.115 - - [23/Jun/2022:04:51:27 +0000] "GET /node/category/music/%E0%B9%80%E0%B8%9E%E0%B8%A5%E0%B8%87%E0%B9%83%E0%B8%95%E0%B9%89/%E0%B8%A1%E0%B8%B2%E0%B8%A5%E0%B8%B5%E0%B8%AE%E0%B8%A7%E0%B8%99%E0%B8%99%E0%B9%88%E0%B8%B2 HTTP/1.1" 404 134 "-" "Mozilla/5.0 (compatible; MJ12bot/v1.4.8; http://mj12bot.com/)"
167.114.173.115 - - [23/Jun/2022:04:51:30 +0000] "GET /node/category/music/%E0%B9%80%E0%B8%9E%E0%B8%A5%E0%B8%87%E0%B9%83%E0%B8%95%E0%B9%89/%E0%B8%A1%E0%B8%B2%E0%B8%A5%E0%B8%B5%E0%B8%AE%E0%B8%A7%E0%B8%99%E0%B8%99%E0%B9%88%E0%B8%B2/%E0%B8%9A%E0%B8%B1%E0%B8%87%E0%B9%83%E0%B8%9A%E0%B9%89 HTTP/1.1" 404 134 "-" "Mozilla/5.0 (compatible; MJ12bot/v1.4.8; http://mj12bot.com/)"
167.114.173.115 - - [23/Jun/2022:04:51:34 +0000] "GET /node/category/music/%E0%B9%80%E0%B8%9E%E0%B8%A5%E0%B8%87%E0%B9%83%E0%B8%95%E0%B9%89/%E0%B8%A1%E0%B8%B2%E0%B8%A5%E0%B8%B5%E0%B8%AE%E0%B8%A7%E0%B8%99%E0%B8%99%E0%B9%88%E0%B8%B2/%E0%B8%A5%E0%B8%A1%E0%B9%83%E0%B8%95%E0%B9%89%E0%B8%9B%E0%B8%B5%E0%B8%81 HTTP/1.1" 404 134 "-" "Mozilla/5.0 (compatible; MJ12bot/v1.4.8; http://mj12bot.com/)"
167.114.173.115 - - [23/Jun/2022:04:51:39 +0000] "GET /node/category/music/%E0%B9%80%E0%B8%9E%E0%B8%A5%E0%B8%87%E0%B9%83%E0%B8%95%E0%B9%89/%E0%B8%A1%E0%B8%B2%E0%B8%A5%E0%B8%B5%E0%B8%AE%E0%B8%A7%E0%B8%99%E0%B8%99%E0%B9%88%E0%B8%B2/%E0%B9%80%E0%B8%9E%E0%B8%B7%E0%B9%88%E0%B8%AD%E0%B8%99%E0%B9%80%E0%B8%9E HTTP/1.1" 404 134 "-" "Mozilla/5.0 (compatible; MJ12bot/v1.4.8; http://mj12bot.com/)"
167.114.173.115 - - [23/Jun/2022:04:51:41 +0000] "GET /node/category/music/%E0%B9%80%E0%B8%9E%E0%B8%A5%E0%B8%87%E0%B8%AA%E0%B8%B2%E0%B8%81%E0%B8%A5 HTTP/1.1" 404 134 "-" "Mozilla/5.0 (compatible; MJ12bot/v1.4.8; http://mj12bot.com/)"
167.114.173.115 - - [23/Jun/2022:04:51:47 +0000] "GET /node/category/music/%E0%B9%80%E0%B8%9E%E0%B8%A5%E0%B8%87%E0%B9%80%E0%B8%9E%E0%B8%B7%E0%B9%88%E0%B8%AD%E0%B8%8A%E0%B8%B5%E0%B8%A7%E0%B8%B4%E0%B8%95 HTTP/1.1" 404 134 "-" "Mozilla/5.0 (compatible; MJ12bot/v1.4.8; http://mj12bot.com/)"
167.114.173.115 - - [23/Jun/2022:04:51:50 +0000] "GET /node/category/music/%E0%B9%80%E0%B8%9E%E0%B8%A5%E0%B8%87%E0%B9%81%E0%B8%9B%E0%B8%A5%E0%B8%81 HTTP/1.1" 404 134 "-" "Mozilla/5.0 (compatible; MJ12bot/v1.4.8; http://mj12bot.com/)"
167.114.173.115 - - [23/Jun/2022:04:51:53 +0000] "GET /node/category/%E0%B8%81%E0%B8%A3%E0%B8%B8%E0%B8%87%E0%B9%80%E0%B8%97%E0%B8%9E HTTP/1.1" 404 134 "-" "Mozilla/5.0 (compatible; MJ12bot/v1.4.8; http://mj12bot.com/)"
167.114.173.115 - - [23/Jun/2022:04:51:57 +0000] "GET /node/category/%E0%B8%81%E0%B8%A5%E0%B8%AD%E0%B8%99 HTTP/1.1" 404 134 "-" "Mozilla/5.0 (compatible; MJ12bot/v1.4.8; http://mj12bot.com/)"
167.114.173.115 - - [23/Jun/2022:04:52:00 +0000] "GET /node/category/%E0%B8%81%E0%B8%A5%E0%B8%B1%E0%B8%9A%E0%B8%81%E0%B8%A5%E0%B8%B2%E0%B8%A2 HTTP/1.1" 404 134 "-" "Mozilla/5.0 (compatible; MJ12bot/v1.4.8; http://mj12bot.com/)"
167.114.173.115 - - [23/Jun/2022:04:52:02 +0000] "GET /node/category/%E0%B8%81%E0%B8%A7%E0%B8%B5 HTTP/1.1" 404 134 "-" "Mozilla/5.0 (compatible; MJ12bot/v1.4.8; http://mj12bot.com/)"
114.119.147.75 - - [23/Jun/2022:04:52:03 +0000] "GET /node/date/2012/05 HTTP/1.1" 301 178 "https://mrchoke.org/node/1428?share=twitter" "Mozilla/5.0 (Linux; Android 7.0;) AppleWebKit/537.36 (KHTML, like Gecko) Mobile Safari/537.36 (compatible; PetalBot;+https://webmaster.petalsearch.com/site/petalbot)"
167.114.173.115 - - [23/Jun/2022:04:52:04 +0000] "GET /node/category/%E0%B8%81%E0%B8%B2%E0%B8%A3%E0%B9%80%E0%B8%A1%E0%B8%B7%E0%B8%AD%E0%B8%87 HTTP/1.1" 404 134 "-" "Mozilla/5.0 (compatible; MJ12bot/v1.4.8; http://mj12bot.com/)"
185.191.171.37 - - [23/Jun/2022:04:52:05 +0000] "GET /node/790/img_6173 HTTP/1.1" 301 178 "-" "Mozilla/5.0 (compatible; SemrushBot/7~bl; +http://www.semrush.com/bot.html)"
167.114.173.115 - - [23/Jun/2022:04:52:06 +0000] "GET /node/category/%E0%B8%81%E0%B8%B5%E0%B8%AC%E0%B8%B2 HTTP/1.1" 404 134 "-" "Mozilla/5.0 (compatible; MJ12bot/v1.4.8; http://mj12bot.com/)"
185.191.171.6 - - [23/Jun/2022:04:52:07 +0000] "GET /node/790/img_6173/ HTTP/1.1" 200 7885 "-" "Mozilla/5.0 (compatible; SemrushBot/7~bl; +http://www.semrush.com/bot.html)"
114.119.147.75 - - [23/Jun/2022:04:52:08 +0000] "GET /node/date/2012/05/ HTTP/1.1" 200 12928 "https://mrchoke.org/node/1428?share=twitter" "Mozilla/5.0 (Linux; Android 7.0;) AppleWebKit/537.36 (KHTML, like Gecko) Mobile Safari/537.36 (compatible; PetalBot;+https://webmaster.petalsearch.com/site/petalbot)"
167.114.173.115 - - [23/Jun/2022:04:52:08 +0000] "GET /node/category/%E0%B8%82%E0%B8%AD%E0%B8%87%E0%B9%80%E0%B8%A5%E0%B9%88%E0%B8%99 HTTP/1.1" 404 134 "-" "Mozilla/5.0 (compatible; MJ12bot/v1.4.8; http://mj12bot.com/)"
167.114.173.115 - - [23/Jun/2022:04:52:12 +0000] "GET /node/category/%E0%B8%84%E0%B8%99%E0%B9%80%E0%B8%8A%E0%B9%87%E0%B8%94%E0%B9%80%E0%B8%87%E0%B8%B2 HTTP/1.1" 404 134 "-" "Mozilla/5.0 (compatible; MJ12bot/v1.4.8; http://mj12bot.com/)"
167.114.173.115 - - [23/Jun/2022:04:52:16 +0000] "GET /node/category/%E0%B8%87%E0%B8%B2%E0%B8%99%E0%B9%81%E0%B8%95%E0%B9%88%E0%B8%87 HTTP/1.1" 404 134 "-" "Mozilla/5.0 (compatible; MJ12bot/v1.4.8; http://mj12bot.com/)"
167.114.173.115 - - [23/Jun/2022:04:52:19 +0000] "GET /node/category/%E0%B8%96%E0%B9%88%E0%B8%B2%E0%B8%A2%E0%B8%A0%E0%B8%B2%E0%B8%9E HTTP/1.1" 404 134 "-" "Mozilla/5.0 (compatible; MJ12bot/v1.4.8; http://mj12bot.com/)"
167.114.173.115 - - [23/Jun/2022:04:52:21 +0000] "GET /node/category/%E0%B8%97%E0%B8%94%E0%B8%AA%E0%B8%AD%E0%B8%9A HTTP/1.1" 404 134 "-" "Mozilla/5.0 (compatible; MJ12bot/v1.4.8; http://mj12bot.com/)"
167.114.173.115 - - [23/Jun/2022:04:52:25 +0000] "GET /node/category/%E0%B8%97%E0%B8%97%E0%B8%97. HTTP/1.1" 404 134 "-" "Mozilla/5.0 (compatible; MJ12bot/v1.4.8; http://mj12bot.com/)"
167.114.173.115 - - [23/Jun/2022:04:52:28 +0000] "GET /node/category/%E0%B8%97%E0%B8%B5%E0%B9%88%E0%B8%97%E0%B8%B3%E0%B8%87%E0%B8%B2%E0%B8%99 HTTP/1.1" 404 134 "-" "Mozilla/5.0 (compatible; MJ12bot/v1.4.8; http://mj12bot.com/)"
216.244.66.229 - - [23/Jun/2022:04:52:28 +0000] "GET /ch7_3398 HTTP/1.1" 404 162 "-" "Mozilla/5.0 (compatible; DotBot/1.2; +https://opensiteexplorer.org/dotbot; help@moz.com)"
167.114.173.115 - - [23/Jun/2022:04:52:31 +0000] "GET /node/category/%E0%B8%97%E0%B9%88%E0%B8%AD%E0%B8%87%E0%B9%80%E0%B8%97%E0%B8%B5%E0%B9%88%E0%B8%A2%E0%B8%A7 HTTP/1.1" 404 134 "-" "Mozilla/5.0 (compatible; MJ12bot/v1.4.8; http://mj12bot.com/)"
167.114.173.115 - - [23/Jun/2022:04:52:34 +0000] "GET /node/category/%E0%B8%97%E0%B9%88%E0%B8%B2%E0%B8%8A%E0%B8%99%E0%B8%B0 HTTP/1.1" 404 134 "-" "Mozilla/5.0 (compatible; MJ12bot/v1.4.8; http://mj12bot.com/)"
167.114.173.115 - - [23/Jun/2022:04:52:37 +0000] "GET /node/category/%E0%B8%98%E0%B8%A3%E0%B8%A3%E0%B8%A1%E0%B8%B0 HTTP/1.1" 404 134 "-" "Mozilla/5.0 (compatible; MJ12bot/v1.4.8; http://mj12bot.com/)"
167.114.173.115 - - [23/Jun/2022:04:52:40 +0000] "GET /node/category/%E0%B8%9A%E0%B8%A3%E0%B8%A3%E0%B8%A2%E0%B8%B2%E0%B8%A2 HTTP/1.1" 404 134 "-" "Mozilla/5.0 (compatible; MJ12bot/v1.4.8; http://mj12bot.com/)"
167.114.173.115 - - [23/Jun/2022:04:52:43 +0000] "GET /node/category/%E0%B8%9A%E0%B8%A7%E0%B8%8A HTTP/1.1" 404 134 "-" "Mozilla/5.0 (compatible; MJ12bot/v1.4.8; http://mj12bot.com/)"
167.114.173.115 - - [23/Jun/2022:04:52:50 +0000] "GET /node/category/%E0%B8%9A%E0%B8%B8%E0%B8%9B%E0%B8%9C%E0%B8%B2%E0%B8%8A%E0%B8%99 HTTP/1.1" 404 134 "-" "Mozilla/5.0 (compatible; MJ12bot/v1.4.8; http://mj12bot.com/)"
167.114.173.115 - - [23/Jun/2022:04:52:52 +0000] "GET /node/category/%E0%B8%9A%E0%B9%88%E0%B8%99 HTTP/1.1" 404 134 "-" "Mozilla/5.0 (compatible; MJ12bot/v1.4.8; http://mj12bot.com/)"
167.114.173.115 - - [23/Jun/2022:04:52:54 +0000] "GET /node/category/%E0%B8%9B%E0%B8%A3%E0%B8%B0%E0%B9%80%E0%B8%9E%E0%B8%93%E0%B8%B5 HTTP/1.1" 404 134 "-" "Mozilla/5.0 (compatible; MJ12bot/v1.4.8; http://mj12bot.com/)"
167.114.173.115 - - [23/Jun/2022:04:53:00 +0000] "GET /node/category/%E0%B8%9B%E0%B8%A5%E0%B8%B2%E0%B8%A2%E0%B9%81%E0%B8%AA%E0%B8%94 HTTP/1.1" 404 134 "-" "Mozilla/5.0 (compatible; MJ12bot/v1.4.8; http://mj12bot.com/)"
167.114.173.115 - - [23/Jun/2022:04:53:04 +0000] "GET /node/category/%E0%B8%A0%E0%B8%B2%E0%B8%A9%E0%B8%B2%E0%B8%88%E0%B8%B5%E0%B8%99 HTTP/1.1" 404 134 "-" "Mozilla/5.0 (compatible; MJ12bot/v1.4.8; http://mj12bot.com/)"
167.114.173.115 - - [23/Jun/2022:04:53:06 +0000] "GET /node/category/%E0%B8%A1%E0%B8%AD. HTTP/1.1" 404 134 "-" "Mozilla/5.0 (compatible; MJ12bot/v1.4.8; http://mj12bot.com/)"
167.114.173.115 - - [23/Jun/2022:04:53:09 +0000] "GET /node/category/%E0%B8%A1%E0%B8%AD._%E0%B8%9B%E0%B8%B1%E0%B8%95%E0%B8%95%E0%B8%B2%E0%B8%99%E0%B8%B5 HTTP/1.1" 404 134 "-" "Mozilla/5.0 (compatible; MJ12bot/v1.4.8; http://mj12bot.com/)"
167.114.173.115 - - [23/Jun/2022:04:53:12 +0000] "GET /node/category/%E0%B8%A3%E0%B8%B2%E0%B8%8A%E0%B8%9E%E0%B8%A4%E0%B8%81%E0%B8%A9%E0%B9%8C HTTP/1.1" 404 134 "-" "Mozilla/5.0 (compatible; MJ12bot/v1.4.8; http://mj12bot.com/)"
167.114.173.115 - - [23/Jun/2022:04:53:15 +0000] "GET /node/category/%E0%B8%A7%E0%B8%B1%E0%B8%94 HTTP/1.1" 404 134 "-" "Mozilla/5.0 (compatible; MJ12bot/v1.4.8; http://mj12bot.com/)"
167.114.173.115 - - [23/Jun/2022:04:53:17 +0000] "GET /node/category/%E0%B8%A7%E0%B8%B1%E0%B8%99%E0%B9%80%E0%B8%81%E0%B8%B4%E0%B8%94 HTTP/1.1" 404 134 "-" "Mozilla/5.0 (compatible; MJ12bot/v1.4.8; http://mj12bot.com/)"
167.114.173.115 - - [23/Jun/2022:04:53:19 +0000] "GET /node/category/%E0%B8%A8%E0%B8%B4%E0%B8%A9%E0%B8%A2%E0%B9%8C%E0%B9%80%E0%B8%81%E0%B9%88%E0%B8%B2_%E0%B8%AD%E0%B8%81. HTTP/1.1" 404 134 "-" "Mozilla/5.0 (compatible; MJ12bot/v1.4.8; http://mj12bot.com/)"
167.114.173.115 - - [23/Jun/2022:04:53:24 +0000] "GET /node/category/%E0%B8%AA%E0%B8%B1%E0%B8%87%E0%B8%84%E0%B8%A1 HTTP/1.1" 404 134 "-" "Mozilla/5.0 (compatible; MJ12bot/v1.4.8; http://mj12bot.com/)"
167.114.173.115 - - [23/Jun/2022:04:53:27 +0000] "GET /node/category/%E0%B8%AA%E0%B8%B8%E0%B8%A3%E0%B8%B2%E0%B8%A9%E0%B8%8E%E0%B8%A3%E0%B9%8C%E0%B8%98%E0%B8%B2%E0%B8%99%E0%B8%B5 HTTP/1.1" 404 134 "-" "Mozilla/5.0 (compatible; MJ12bot/v1.4.8; http://mj12bot.com/)"
167.114.173.115 - - [23/Jun/2022:04:53:28 +0000] "GET /node/category/%E0%B8%AA%E0%B9%88%E0%B8%A7%E0%B8%99%E0%B8%95%E0%B8%B1%E0%B8%A7 HTTP/1.1" 404 134 "-" "Mozilla/5.0 (compatible; MJ12bot/v1.4.8; http://mj12bot.com/)"
167.114.173.115 - - [23/Jun/2022:04:53:30 +0000] "GET /node/category/%E0%B8%AB%E0%B8%AD%E0%B8%9E%E0%B8%B1%E0%B8%81 HTTP/1.1" 404 134 "-" "Mozilla/5.0 (compatible; MJ12bot/v1.4.8; http://mj12bot.com/)"
167.114.173.115 - - [23/Jun/2022:04:53:33 +0000] "GET /node/category/%E0%B8%AD%E0%B8%81. HTTP/1.1" 404 134 "-" "Mozilla/5.0 (compatible; MJ12bot/v1.4.8; http://mj12bot.com/)"
167.114.173.115 - - [23/Jun/2022:04:53:35 +0000] "GET /node/category/%E0%B9%80%E0%B8%8A%E0%B8%B5%E0%B8%A2%E0%B8%87%E0%B9%83%E0%B8%AB%E0%B8%A1%E0%B9%88 HTTP/1.1" 404 134 "-" "Mozilla/5.0 (compatible; MJ12bot/v1.4.8; http://mj12bot.com/)"
167.114.173.115 - - [23/Jun/2022:04:53:37 +0000] "GET /node/category/%E0%B9%80%E0%B8%9E%E0%B8%B7%E0%B9%88%E0%B8%AD%E0%B8%99 HTTP/1.1" 404 134 "-" "Mozilla/5.0 (compatible; MJ12bot/v1.4.8; http://mj12bot.com/)"
167.114.173.115 - - [23/Jun/2022:04:53:39 +0000] "GET /node/category/%E0%B9%81%E0%B8%99%E0%B8%A7%E0%B8%84%E0%B8%B4%E0%B8%94 HTTP/1.1" 404 134 "-" "Mozilla/5.0 (compatible; MJ12bot/v1.4.8; http://mj12bot.com/)"
167.114.173.115 - - [23/Jun/2022:04:53:41 +0000] "GET /node/category/%E0%B9%81%E0%B8%A1%E0%B9%88%E0%B8%AE%E0%B9%88%E0%B8%AD%E0%B8%87%E0%B8%AA%E0%B8%AD%E0%B8%99 HTTP/1.1" 404 134 "-" "Mozilla/5.0 (compatible; MJ12bot/v1.4.8; http://mj12bot.com/)"
167.114.173.115 - - [23/Jun/2022:04:53:44 +0000] "GET /node/category/%E0%B9%82%E0%B8%A3%E0%B8%87%E0%B9%80%E0%B8%A3%E0%B8%B5%E0%B8%A2%E0%B8%99%E0%B9%83%E0%B8%99%E0%B8%9D%E0%B8%B1%E0%B8%99 HTTP/1.1" 404 134 "-" "Mozilla/5.0 (compatible; MJ12bot/v1.4.8; http://mj12bot.com/)"
167.114.173.115 - - [23/Jun/2022:04:53:49 +0000] "GET /node/category/%E0%B9%84%E0%B8%8A%E0%B8%A2%E0%B8%B2 HTTP/1.1" 404 134 "-" "Mozilla/5.0 (compatible; MJ12bot/v1.4.8; http://mj12bot.com/)"
114.119.147.87 - - [23/Jun/2022:04:54:16 +0000] "GET /node/68?ak_action=reject_mobile HTTP/1.1" 302 154 "https://mrchoke.org/node/68?ak_action=accept_mobile" "Mozilla/5.0 (Linux; Android 7.0;) AppleWebKit/537.36 (KHTML, like Gecko) Mobile Safari/537.36 (compatible; PetalBot;+https://webmaster.petalsearch.com/site/petalbot)"
114.119.147.87 - - [23/Jun/2022:04:54:20 +0000] "GET /node/68?ak_action=reject_mobile HTTP/1.1" 301 178 "https://mrchoke.org/node/68?ak_action=accept_mobile" "Mozilla/5.0 (Linux; Android 7.0;) AppleWebKit/537.36 (KHTML, like Gecko) Mobile Safari/537.36 (compatible; PetalBot;+https://webmaster.petalsearch.com/site/petalbot)"
114.119.147.87 - - [23/Jun/2022:04:54:24 +0000] "GET /node/68/?ak_action=reject_mobile HTTP/1.1" 200 8747 "https://mrchoke.org/node/68?ak_action=accept_mobile" "Mozilla/5.0 (Linux; Android 7.0;) AppleWebKit/537.36 (KHTML, like Gecko) Mobile Safari/537.36 (compatible; PetalBot;+https://webmaster.petalsearch.com/site/petalbot)"
216.244.66.229 - - [23/Jun/2022:04:55:48 +0000] "GET /node/71/?share=google-plus-1 HTTP/1.1" 404 162 "-" "Mozilla/5.0 (compatible; DotBot/1.2; +https://opensiteexplorer.org/dotbot; help@moz.com)"
193.201.9.157 - - [23/Jun/2022:04:55:55 +0000] "GET / HTTP/1.0" 200 612 "-" "masscan/1.3 (https://github.com/robertdavidgraham/masscan)"
216.244.66.229 - - [23/Jun/2022:04:56:13 +0000] "GET /node/6/feed HTTP/1.1" 404 162 "-" "Mozilla/5.0 (compatible; DotBot/1.2; +https://opensiteexplorer.org/dotbot; help@moz.com)"
114.119.147.81 - - [23/Jun/2022:04:56:31 +0000] "GET /node/141 HTTP/1.1" 301 178 "https://mrchoke.org/node/140?share=linkedin" "Mozilla/5.0 (Linux; Android 7.0;) AppleWebKit/537.36 (KHTML, like Gecko) Mobile Safari/537.36 (compatible; PetalBot;+https://webmaster.petalsearch.com/site/petalbot)"
114.119.147.81 - - [23/Jun/2022:04:56:36 +0000] "GET /node/141/ HTTP/1.1" 200 8349 "https://mrchoke.org/node/140?share=linkedin" "Mozilla/5.0 (Linux; Android 7.0;) AppleWebKit/537.36 (KHTML, like Gecko) Mobile Safari/537.36 (compatible; PetalBot;+https://webmaster.petalsearch.com/site/petalbot)"
66.249.71.25 - - [23/Jun/2022:04:58:07 +0000] "GET /ch7_4219 HTTP/1.1" 301 178 "-" "Mozilla/5.0 (Linux; Android 6.0.1; Nexus 5X Build/MMB29P) AppleWebKit/537.36 (KHTML, like Gecko) Chrome/102.0.5005.115 Mobile Safari/537.36 (compatible; Googlebot/2.1; +http://www.google.com/bot.html)"
66.249.71.25 - - [23/Jun/2022:04:58:08 +0000] "GET /ch7_4219/ HTTP/1.1" 200 7878 "-" "Mozilla/5.0 (Linux; Android 6.0.1; Nexus 5X Build/MMB29P) AppleWebKit/537.36 (KHTML, like Gecko) Chrome/102.0.5005.115 Mobile Safari/537.36 (compatible; Googlebot/2.1; +http://www.google.com/bot.html)"
114.119.147.74 - - [23/Jun/2022:04:59:09 +0000] "GET /node/1101/img_6609?share=reddit HTTP/1.1" 302 154 "https://mrchoke.org/node/1101/img_6609?ak_action=accept_mobile" "Mozilla/5.0 (Linux; Android 7.0;) AppleWebKit/537.36 (KHTML, like Gecko) Mobile Safari/537.36 (compatible; PetalBot;+https://webmaster.petalsearch.com/site/petalbot)"
114.119.147.74 - - [23/Jun/2022:04:59:15 +0000] "GET /node/1101/img_6609?share=reddit HTTP/1.1" 301 178 "https://mrchoke.org/node/1101/img_6609?ak_action=accept_mobile" "Mozilla/5.0 (Linux; Android 7.0;) AppleWebKit/537.36 (KHTML, like Gecko) Mobile Safari/537.36 (compatible; PetalBot;+https://webmaster.petalsearch.com/site/petalbot)"
114.119.147.74 - - [23/Jun/2022:04:59:19 +0000] "GET /node/1101/img_6609/?share=reddit HTTP/1.1" 200 7856 "https://mrchoke.org/node/1101/img_6609?ak_action=accept_mobile" "Mozilla/5.0 (Linux; Android 7.0;) AppleWebKit/537.36 (KHTML, like Gecko) Mobile Safari/537.36 (compatible; PetalBot;+https://webmaster.petalsearch.com/site/petalbot)"
51.222.253.6 - - [23/Jun/2022:04:59:57 +0000] "GET /robots.txt HTTP/2.0" 404 123 "-" "Mozilla/5.0 (compatible; AhrefsBot/7.0; +http://ahrefs.com/robot/)"
51.222.253.14 - - [23/Jun/2022:04:59:59 +0000] "GET /node/493/ HTTP/2.0" 200 8808 "-" "Mozilla/5.0 (compatible; AhrefsBot/7.0; +http://ahrefs.com/robot/)"
185.191.171.35 - - [23/Jun/2022:05:00:09 +0000] "GET /node/53 HTTP/1.1" 301 178 "-" "Mozilla/5.0 (compatible; SemrushBot/7~bl; +http://www.semrush.com/bot.html)"
185.191.171.23 - - [23/Jun/2022:05:00:12 +0000] "GET /node/53/ HTTP/1.1" 200 8822 "-" "Mozilla/5.0 (compatible; SemrushBot/7~bl; +http://www.semrush.com/bot.html)"
114.119.147.74 - - [23/Jun/2022:05:01:25 +0000] "GET /node/432?share=facebook HTTP/1.1" 302 154 "https://mrchoke.org/node/432?ak_action=accept_mobile" "Mozilla/5.0 (Linux; Android 7.0;) AppleWebKit/537.36 (KHTML, like Gecko) Mobile Safari/537.36 (compatible; PetalBot;+https://webmaster.petalsearch.com/site/petalbot)"
114.119.147.74 - - [23/Jun/2022:05:01:30 +0000] "GET /node/432?share=facebook HTTP/1.1" 301 178 "https://mrchoke.org/node/432?ak_action=accept_mobile" "Mozilla/5.0 (Linux; Android 7.0;) AppleWebKit/537.36 (KHTML, like Gecko) Mobile Safari/537.36 (compatible; PetalBot;+https://webmaster.petalsearch.com/site/petalbot)"
114.119.147.74 - - [23/Jun/2022:05:01:36 +0000] "GET /node/432/?share=facebook HTTP/1.1" 200 8018 "https://mrchoke.org/node/432?ak_action=accept_mobile" "Mozilla/5.0 (Linux; Android 7.0;) AppleWebKit/537.36 (KHTML, like Gecko) Mobile Safari/537.36 (compatible; PetalBot;+https://webmaster.petalsearch.com/site/petalbot)"
114.119.147.81 - - [23/Jun/2022:05:03:48 +0000] "GET /node/179?ak_action=accept_mobile HTTP/1.1" 302 154 "https://mrchoke.org/node/179?ak_action=reject_mobile" "Mozilla/5.0 (Linux; Android 7.0;) AppleWebKit/537.36 (KHTML, like Gecko) Mobile Safari/537.36 (compatible; PetalBot;+https://webmaster.petalsearch.com/site/petalbot)"
114.119.147.81 - - [23/Jun/2022:05:03:55 +0000] "GET /node/179?ak_action=accept_mobile HTTP/1.1" 301 178 "https://mrchoke.org/node/179?ak_action=reject_mobile" "Mozilla/5.0 (Linux; Android 7.0;) AppleWebKit/537.36 (KHTML, like Gecko) Mobile Safari/537.36 (compatible; PetalBot;+https://webmaster.petalsearch.com/site/petalbot)"
114.119.147.81 - - [23/Jun/2022:05:04:01 +0000] "GET /node/179/?ak_action=accept_mobile HTTP/1.1" 200 10452 "https://mrchoke.org/node/179?ak_action=reject_mobile" "Mozilla/5.0 (Linux; Android 7.0;) AppleWebKit/537.36 (KHTML, like Gecko) Mobile Safari/537.36 (compatible; PetalBot;+https://webmaster.petalsearch.com/site/petalbot)"
2001:470:1:c84::27 - - [23/Jun/2022:05:04:30 +0000] "GET / HTTP/1.1" 301 178 "-" "-"
17.121.113.6 - - [23/Jun/2022:05:07:18 +0000] "GET /wp-content/uploads/2014/03/Screenshot-2014-03-16-22.23.58-150x150.png HTTP/1.1" 200 14078 "-" "Mozilla/5.0 (Macintosh; Intel Mac OS X 10_15_5) AppleWebKit/605.1.15 (KHTML, like Gecko) Version/13.1.1 Safari/605.1.15 (Applebot/0.1; +http://www.apple.com/go/applebot)"
114.119.147.74 - - [23/Jun/2022:05:07:25 +0000] "GET /node/date/2008/01/page/2 HTTP/1.1" 301 178 "https://static.mrchoke.org/node/date/2008/01/" "Mozilla/5.0 (Linux; Android 7.0;) AppleWebKit/537.36 (KHTML, like Gecko) Mobile Safari/537.36 (compatible; PetalBot;+https://webmaster.petalsearch.com/site/petalbot)"
114.119.147.74 - - [23/Jun/2022:05:07:39 +0000] "GET /node/date/2008/01/page/2/ HTTP/1.1" 200 12655 "https://static.mrchoke.org/node/date/2008/01/" "Mozilla/5.0 (Linux; Android 7.0;) AppleWebKit/537.36 (KHTML, like Gecko) Mobile Safari/537.36 (compatible; PetalBot;+https://webmaster.petalsearch.com/site/petalbot)"
185.191.171.1 - - [23/Jun/2022:05:09:17 +0000] "GET /node/388 HTTP/1.1" 302 154 "-" "Mozilla/5.0 (compatible; SemrushBot/7~bl; +http://www.semrush.com/bot.html)"
185.191.171.24 - - [23/Jun/2022:05:09:18 +0000] "GET /robots.txt HTTP/1.1" 404 134 "-" "Mozilla/5.0 (compatible; SemrushBot/7~bl; +http://www.semrush.com/bot.html)"
185.191.171.35 - - [23/Jun/2022:05:09:19 +0000] "GET /node/388 HTTP/1.1" 301 178 "-" "Mozilla/5.0 (compatible; SemrushBot/7~bl; +http://www.semrush.com/bot.html)"
185.191.171.44 - - [23/Jun/2022:05:09:21 +0000] "GET /node/388/ HTTP/1.1" 200 8615 "-" "Mozilla/5.0 (compatible; SemrushBot/7~bl; +http://www.semrush.com/bot.html)"
114.119.147.73 - - [23/Jun/2022:05:09:34 +0000] "GET /node/date/2009/01 HTTP/1.1" 301 178 "https://mrchoke.org/node/1428?share=twitter" "Mozilla/5.0 (Linux; Android 7.0;) AppleWebKit/537.36 (KHTML, like Gecko) Mobile Safari/537.36 (compatible; PetalBot;+https://webmaster.petalsearch.com/site/petalbot)"
114.119.147.73 - - [23/Jun/2022:05:09:44 +0000] "GET /node/date/2009/01/ HTTP/1.1" 200 10380 "https://mrchoke.org/node/1428?share=twitter" "Mozilla/5.0 (Linux; Android 7.0;) AppleWebKit/537.36 (KHTML, like Gecko) Mobile Safari/537.36 (compatible; PetalBot;+https://webmaster.petalsearch.com/site/petalbot)"
114.119.147.74 - - [23/Jun/2022:05:10:52 +0000] "GET /node/318?share=linkedin HTTP/1.1" 302 154 "https://mrchoke.org/node/318?replytocom=339" "Mozilla/5.0 (Linux; Android 7.0;) AppleWebKit/537.36 (KHTML, like Gecko) Mobile Safari/537.36 (compatible; PetalBot;+https://webmaster.petalsearch.com/site/petalbot)"
114.119.147.74 - - [23/Jun/2022:05:10:57 +0000] "GET /node/318?share=linkedin HTTP/1.1" 301 178 "https://mrchoke.org/node/318?replytocom=339" "Mozilla/5.0 (Linux; Android 7.0;) AppleWebKit/537.36 (KHTML, like Gecko) Mobile Safari/537.36 (compatible; PetalBot;+https://webmaster.petalsearch.com/site/petalbot)"
114.119.147.74 - - [23/Jun/2022:05:11:03 +0000] "GET /node/318/?share=linkedin HTTP/1.1" 200 12261 "https://mrchoke.org/node/318?replytocom=339" "Mozilla/5.0 (Linux; Android 7.0;) AppleWebKit/537.36 (KHTML, like Gecko) Mobile Safari/537.36 (compatible; PetalBot;+https://webmaster.petalsearch.com/site/petalbot)"
185.191.171.5 - - [23/Jun/2022:05:12:58 +0000] "GET /node/790/img_6126 HTTP/1.1" 302 154 "-" "Mozilla/5.0 (compatible; SemrushBot/7~bl; +http://www.semrush.com/bot.html)"
185.191.171.44 - - [23/Jun/2022:05:13:00 +0000] "GET /node/790/img_6126 HTTP/1.1" 301 178 "-" "Mozilla/5.0 (compatible; SemrushBot/7~bl; +http://www.semrush.com/bot.html)"
114.119.147.86 - - [23/Jun/2022:05:13:09 +0000] "GET /node/338?share=twitter HTTP/1.1" 302 154 "https://mrchoke.org/node/338" "Mozilla/5.0 (Linux; Android 7.0;) AppleWebKit/537.36 (KHTML, like Gecko) Mobile Safari/537.36 (compatible; PetalBot;+https://webmaster.petalsearch.com/site/petalbot)"
114.119.147.86 - - [23/Jun/2022:05:13:14 +0000] "GET /node/338?share=twitter HTTP/1.1" 301 178 "https://mrchoke.org/node/338" "Mozilla/5.0 (Linux; Android 7.0;) AppleWebKit/537.36 (KHTML, like Gecko) Mobile Safari/537.36 (compatible; PetalBot;+https://webmaster.petalsearch.com/site/petalbot)"
114.119.147.86 - - [23/Jun/2022:05:13:19 +0000] "GET /node/338/?share=twitter HTTP/1.1" 200 8689 "https://mrchoke.org/node/338" "Mozilla/5.0 (Linux; Android 7.0;) AppleWebKit/537.36 (KHTML, like Gecko) Mobile Safari/537.36 (compatible; PetalBot;+https://webmaster.petalsearch.com/site/petalbot)"
114.119.147.75 - - [23/Jun/2022:05:15:54 +0000] "GET /node/203 HTTP/1.1" 302 154 "https://mrchoke.org/node/category/linux/page/8?ak_action=accept_mobile" "Mozilla/5.0 (Linux; Android 7.0;) AppleWebKit/537.36 (KHTML, like Gecko) Mobile Safari/537.36 (compatible; PetalBot;+https://webmaster.petalsearch.com/site/petalbot)"
114.119.147.75 - - [23/Jun/2022:05:16:02 +0000] "GET /node/203 HTTP/1.1" 301 178 "https://mrchoke.org/node/category/linux/page/8?ak_action=accept_mobile" "Mozilla/5.0 (Linux; Android 7.0;) AppleWebKit/537.36 (KHTML, like Gecko) Mobile Safari/537.36 (compatible; PetalBot;+https://webmaster.petalsearch.com/site/petalbot)"
114.119.147.75 - - [23/Jun/2022:05:16:10 +0000] "GET /node/203/ HTTP/1.1" 200 8772 "https://mrchoke.org/node/category/linux/page/8?ak_action=accept_mobile" "Mozilla/5.0 (Linux; Android 7.0;) AppleWebKit/537.36 (KHTML, like Gecko) Mobile Safari/537.36 (compatible; PetalBot;+https://webmaster.petalsearch.com/site/petalbot)"
51.222.253.6 - - [23/Jun/2022:05:17:25 +0000] "GET /node/date/2008/06/ HTTP/2.0" 200 9282 "-" "Mozilla/5.0 (compatible; AhrefsBot/7.0; +http://ahrefs.com/robot/)"
114.119.147.73 - - [23/Jun/2022:05:18:06 +0000] "GET /node/tag/puffpei HTTP/1.1" 302 154 "https://mrchoke.org/node/1786?share=reddit" "Mozilla/5.0 (Linux; Android 7.0;) AppleWebKit/537.36 (KHTML, like Gecko) Mobile Safari/537.36 (compatible; PetalBot;+https://webmaster.petalsearch.com/site/petalbot)"
114.119.147.73 - - [23/Jun/2022:05:18:13 +0000] "GET /node/tag/puffpei HTTP/1.1" 301 178 "https://mrchoke.org/node/1786?share=reddit" "Mozilla/5.0 (Linux; Android 7.0;) AppleWebKit/537.36 (KHTML, like Gecko) Mobile Safari/537.36 (compatible; PetalBot;+https://webmaster.petalsearch.com/site/petalbot)"
114.119.147.73 - - [23/Jun/2022:05:18:20 +0000] "GET /node/tag/puffpei/ HTTP/1.1" 200 9282 "https://mrchoke.org/node/1786?share=reddit" "Mozilla/5.0 (Linux; Android 7.0;) AppleWebKit/537.36 (KHTML, like Gecko) Mobile Safari/537.36 (compatible; PetalBot;+https://webmaster.petalsearch.com/site/petalbot)"
185.191.171.3 - - [23/Jun/2022:05:19:58 +0000] "GET /robots.txt HTTP/1.1" 404 134 "-" "Mozilla/5.0 (compatible; SemrushBot/7~bl; +http://www.semrush.com/bot.html)"
185.191.171.10 - - [23/Jun/2022:05:20:01 +0000] "GET /node/472 HTTP/1.1" 302 154 "-" "Mozilla/5.0 (compatible; SemrushBot/7~bl; +http://www.semrush.com/bot.html)"
185.191.171.42 - - [23/Jun/2022:05:20:02 +0000] "GET /node/472 HTTP/1.1" 301 178 "-" "Mozilla/5.0 (compatible; SemrushBot/7~bl; +http://www.semrush.com/bot.html)"
114.119.147.75 - - [23/Jun/2022:05:24:50 +0000] "GET /node/1510?share=facebook HTTP/1.1" 302 154 "https://mrchoke.org/node/1510" "Mozilla/5.0 (Linux; Android 7.0;) AppleWebKit/537.36 (KHTML, like Gecko) Mobile Safari/537.36 (compatible; PetalBot;+https://webmaster.petalsearch.com/site/petalbot)"
114.119.147.75 - - [23/Jun/2022:05:25:02 +0000] "GET /node/1510?share=facebook HTTP/1.1" 301 178 "https://mrchoke.org/node/1510" "Mozilla/5.0 (Linux; Android 7.0;) AppleWebKit/537.36 (KHTML, like Gecko) Mobile Safari/537.36 (compatible; PetalBot;+https://webmaster.petalsearch.com/site/petalbot)"
2001:470:1:b95::7366 - - [23/Jun/2022:05:25:16 +0000] "GET /robots.txt HTTP/1.1" 404 162 "-" "Mozilla/5.0 (compatible; ev-crawler/1.0; +https://headline.com/legal/crawler)"
66.249.71.95 - - [23/Jun/2022:05:25:22 +0000] "GET /taxonomy/term/73 HTTP/1.1" 404 134 "-" "Mozilla/5.0 (compatible; Googlebot/2.1; +http://www.google.com/bot.html)"
114.119.147.87 - - [23/Jun/2022:05:26:44 +0000] "GET /node/601?share=linkedin HTTP/1.1" 302 154 "https://mrchoke.org/node/601?ak_action=accept_mobile" "Mozilla/5.0 (Linux; Android 7.0;) AppleWebKit/537.36 (KHTML, like Gecko) Mobile Safari/537.36 (compatible; PetalBot;+https://webmaster.petalsearch.com/site/petalbot)"
114.119.147.87 - - [23/Jun/2022:05:26:54 +0000] "GET /node/601?share=linkedin HTTP/1.1" 301 178 "https://mrchoke.org/node/601?ak_action=accept_mobile" "Mozilla/5.0 (Linux; Android 7.0;) AppleWebKit/537.36 (KHTML, like Gecko) Mobile Safari/537.36 (compatible; PetalBot;+https://webmaster.petalsearch.com/site/petalbot)"
114.119.147.87 - - [23/Jun/2022:05:27:03 +0000] "GET /node/601/?share=linkedin HTTP/1.1" 200 9653 "https://mrchoke.org/node/601?ak_action=accept_mobile" "Mozilla/5.0 (Linux; Android 7.0;) AppleWebKit/537.36 (KHTML, like Gecko) Mobile Safari/537.36 (compatible; PetalBot;+https://webmaster.petalsearch.com/site/petalbot)"
114.119.147.87 - - [23/Jun/2022:05:29:10 +0000] "GET /node/date/2006/10/page/2 HTTP/1.1" 404 134 "http://www.mrchoke.org/node/date/2006/10" "Mozilla/5.0 (Linux; Android 7.0;) AppleWebKit/537.36 (KHTML, like Gecko) Mobile Safari/537.36 (compatible; PetalBot;+https://webmaster.petalsearch.com/site/petalbot)"
185.191.171.34 - - [23/Jun/2022:05:29:53 +0000] "GET /node/195 HTTP/1.1" 302 154 "-" "Mozilla/5.0 (compatible; SemrushBot/7~bl; +http://www.semrush.com/bot.html)"
185.191.171.35 - - [23/Jun/2022:05:29:54 +0000] "GET /node/195 HTTP/1.1" 301 178 "-" "Mozilla/5.0 (compatible; SemrushBot/7~bl; +http://www.semrush.com/bot.html)"
185.191.171.41 - - [23/Jun/2022:05:29:56 +0000] "GET /node/195/ HTTP/1.1" 200 8385 "-" "Mozilla/5.0 (compatible; SemrushBot/7~bl; +http://www.semrush.com/bot.html)"
216.244.66.229 - - [23/Jun/2022:05:30:49 +0000] "GET /robots.txt HTTP/1.1" 404 162 "-" "Mozilla/5.0 (compatible; DotBot/1.2; +https://opensiteexplorer.org/dotbot; help@moz.com)"
216.244.66.229 - - [23/Jun/2022:05:30:49 +0000] "GET /robots.txt HTTP/1.1" 404 162 "-" "Mozilla/5.0 (compatible; DotBot/1.2; +https://opensiteexplorer.org/dotbot; help@moz.com)"
185.191.171.38 - - [23/Jun/2022:05:33:26 +0000] "GET /ch7_3493 HTTP/1.1" 301 178 "-" "Mozilla/5.0 (compatible; SemrushBot/7~bl; +http://www.semrush.com/bot.html)"
185.191.171.7 - - [23/Jun/2022:05:33:28 +0000] "GET /ch7_3493/ HTTP/1.1" 200 7883 "-" "Mozilla/5.0 (compatible; SemrushBot/7~bl; +http://www.semrush.com/bot.html)"
185.7.214.104 - - [23/Jun/2022:05:34:17 +0000] "GET / HTTP/1.1" 200 396 "-" "Mozilla/5.0 (Windows NT 10.0; Win64; x64) AppleWebKit/537.36 (KHTML, like Gecko) Chrome/78.0.3904.108 Safari/537.36"
216.244.66.229 - - [23/Jun/2022:05:34:42 +0000] "GET /node/12 HTTP/1.1" 404 162 "-" "Mozilla/5.0 (compatible; DotBot/1.2; +https://opensiteexplorer.org/dotbot; help@moz.com)"
216.244.66.229 - - [23/Jun/2022:05:34:47 +0000] "GET /node/368 HTTP/1.1" 404 162 "-" "Mozilla/5.0 (compatible; DotBot/1.2; +https://opensiteexplorer.org/dotbot; help@moz.com)"
167.94.138.119 - - [23/Jun/2022:05:35:24 +0000] "GET / HTTP/1.1" 200 612 "-" "-"
167.94.138.119 - - [23/Jun/2022:05:35:25 +0000] "GET / HTTP/1.1" 200 396 "-" "Mozilla/5.0 (compatible; CensysInspect/1.1; +https://about.censys.io/)"
167.94.138.119 - - [23/Jun/2022:05:35:25 +0000] "GET / HTTP/1.1" 301 178 "-" "-"
167.94.138.119 - - [23/Jun/2022:05:35:25 +0000] "PRI * HTTP/2.0" 400 166 "-" "-"
167.94.138.119 - - [23/Jun/2022:05:35:25 +0000] "GET / HTTP/1.1" 200 294 "-" "Mozilla/5.0 (compatible; CensysInspect/1.1; +https://about.censys.io/)"
185.191.171.11 - - [23/Jun/2022:05:35:34 +0000] "GET /node/1006/img_6483 HTTP/1.1" 301 178 "-" "Mozilla/5.0 (compatible; SemrushBot/7~bl; +http://www.semrush.com/bot.html)"
114.119.147.81 - - [23/Jun/2022:05:35:35 +0000] "GET /node/category/blognone/btd?ak_action=accept_mobile HTTP/1.1" 302 154 "https://mrchoke.org/node/category/blognone/btd?ak_action=reject_mobile" "Mozilla/5.0 (Linux; Android 7.0;) AppleWebKit/537.36 (KHTML, like Gecko) Mobile Safari/537.36 (compatible; PetalBot;+https://webmaster.petalsearch.com/site/petalbot)"
185.191.171.11 - - [23/Jun/2022:05:35:37 +0000] "GET /node/1006/img_6483/ HTTP/1.1" 200 7932 "-" "Mozilla/5.0 (compatible; SemrushBot/7~bl; +http://www.semrush.com/bot.html)"
114.119.147.81 - - [23/Jun/2022:05:35:40 +0000] "GET /node/category/blognone/btd?ak_action=accept_mobile HTTP/1.1" 301 178 "https://mrchoke.org/node/category/blognone/btd?ak_action=reject_mobile" "Mozilla/5.0 (Linux; Android 7.0;) AppleWebKit/537.36 (KHTML, like Gecko) Mobile Safari/537.36 (compatible; PetalBot;+https://webmaster.petalsearch.com/site/petalbot)"
114.119.147.81 - - [23/Jun/2022:05:35:47 +0000] "GET /node/category/blognone/btd/?ak_action=accept_mobile HTTP/1.1" 200 9460 "https://mrchoke.org/node/category/blognone/btd?ak_action=reject_mobile" "Mozilla/5.0 (Linux; Android 7.0;) AppleWebKit/537.36 (KHTML, like Gecko) Mobile Safari/537.36 (compatible; PetalBot;+https://webmaster.petalsearch.com/site/petalbot)"
216.244.66.229 - - [23/Jun/2022:05:37:01 +0000] "GET /node/1558/screenshot-2014-02-06-23-34-14/feed HTTP/1.1" 404 162 "-" "Mozilla/5.0 (compatible; DotBot/1.2; +https://opensiteexplorer.org/dotbot; help@moz.com)"
114.119.147.73 - - [23/Jun/2022:05:38:05 +0000] "GET /node/1298?share=reddit HTTP/1.1" 302 154 "https://mrchoke.org/node/1298?ak_action=reject_mobile" "Mozilla/5.0 (Linux; Android 7.0;) AppleWebKit/537.36 (KHTML, like Gecko) Mobile Safari/537.36 (compatible; PetalBot;+https://webmaster.petalsearch.com/site/petalbot)"
114.119.147.73 - - [23/Jun/2022:05:38:12 +0000] "GET /node/1298?share=reddit HTTP/1.1" 301 178 "https://mrchoke.org/node/1298?ak_action=reject_mobile" "Mozilla/5.0 (Linux; Android 7.0;) AppleWebKit/537.36 (KHTML, like Gecko) Mobile Safari/537.36 (compatible; PetalBot;+https://webmaster.petalsearch.com/site/petalbot)"
216.244.66.229 - - [23/Jun/2022:05:38:29 +0000] "GET /wp-content/uploads/2014/01/IMG_6646.jpg HTTP/1.1" 404 162 "-" "Mozilla/5.0 (compatible; DotBot/1.2; +https://opensiteexplorer.org/dotbot; help@moz.com)"
185.191.171.3 - - [23/Jun/2022:05:40:58 +0000] "GET /node/date/2006/12/24 HTTP/1.1" 301 178 "-" "Mozilla/5.0 (compatible; SemrushBot/7~bl; +http://www.semrush.com/bot.html)"
185.191.171.22 - - [23/Jun/2022:05:41:01 +0000] "GET /node/date/2006/12/24/ HTTP/1.1" 200 10434 "-" "Mozilla/5.0 (compatible; SemrushBot/7~bl; +http://www.semrush.com/bot.html)"
114.119.147.74 - - [23/Jun/2022:05:41:55 +0000] "GET /node/234?ak_action=reject_mobile HTTP/1.1" 302 154 "https://mrchoke.org/node/234" "Mozilla/5.0 (Linux; Android 7.0;) AppleWebKit/537.36 (KHTML, like Gecko) Mobile Safari/537.36 (compatible; PetalBot;+https://webmaster.petalsearch.com/site/petalbot)"
114.119.147.74 - - [23/Jun/2022:05:42:01 +0000] "GET /node/234?ak_action=reject_mobile HTTP/1.1" 301 178 "https://mrchoke.org/node/234" "Mozilla/5.0 (Linux; Android 7.0;) AppleWebKit/537.36 (KHTML, like Gecko) Mobile Safari/537.36 (compatible; PetalBot;+https://webmaster.petalsearch.com/site/petalbot)"
194.31.98.152 - - [23/Jun/2022:05:42:04 +0000] "GET / HTTP/1.1" 200 396 "-" "python-requests/2.27.1"
114.119.147.74 - - [23/Jun/2022:05:42:06 +0000] "GET /node/234/?ak_action=reject_mobile HTTP/1.1" 200 8674 "https://mrchoke.org/node/234" "Mozilla/5.0 (Linux; Android 7.0;) AppleWebKit/537.36 (KHTML, like Gecko) Mobile Safari/537.36 (compatible; PetalBot;+https://webmaster.petalsearch.com/site/petalbot)"
194.31.98.152 - - [23/Jun/2022:05:42:13 +0000] "GET /.env HTTP/1.1" 404 134 "-" "python-requests/2.27.1"
192.241.220.224 - - [23/Jun/2022:05:42:55 +0000] "GET / HTTP/1.1" 400 264 "-" "Mozilla/5.0 zgrab/0.x"
51.222.253.19 - - [23/Jun/2022:05:43:54 +0000] "GET /robots.txt HTTP/2.0" 404 123 "-" "Mozilla/5.0 (compatible; AhrefsBot/7.0; +http://ahrefs.com/robot/)"
54.36.148.179 - - [23/Jun/2022:05:43:56 +0000] "GET / HTTP/2.0" 200 282 "-" "Mozilla/5.0 (compatible; AhrefsBot/7.0; +http://ahrefs.com/robot/)"
114.119.147.74 - - [23/Jun/2022:05:44:08 +0000] "GET /node/date/2013/04/23 HTTP/1.1" 301 178 "https://mrchoke.org/node/648?ak_action=reject_mobile" "Mozilla/5.0 (Linux; Android 7.0;) AppleWebKit/537.36 (KHTML, like Gecko) Mobile Safari/537.36 (compatible; PetalBot;+https://webmaster.petalsearch.com/site/petalbot)"
114.119.147.74 - - [23/Jun/2022:05:44:14 +0000] "GET /node/date/2013/04/23/ HTTP/1.1" 200 8154 "https://mrchoke.org/node/648?ak_action=reject_mobile" "Mozilla/5.0 (Linux; Android 7.0;) AppleWebKit/537.36 (KHTML, like Gecko) Mobile Safari/537.36 (compatible; PetalBot;+https://webmaster.petalsearch.com/site/petalbot)"
185.191.171.5 - - [23/Jun/2022:05:45:07 +0000] "GET /node/382 HTTP/1.1" 302 154 "-" "Mozilla/5.0 (compatible; SemrushBot/7~bl; +http://www.semrush.com/bot.html)"
185.191.171.3 - - [23/Jun/2022:05:45:10 +0000] "GET /node/382 HTTP/1.1" 301 178 "-" "Mozilla/5.0 (compatible; SemrushBot/7~bl; +http://www.semrush.com/bot.html)"
185.191.171.23 - - [23/Jun/2022:05:45:13 +0000] "GET /node/382/ HTTP/1.1" 200 9042 "-" "Mozilla/5.0 (compatible; SemrushBot/7~bl; +http://www.semrush.com/bot.html)"
185.191.171.45 - - [23/Jun/2022:05:45:30 +0000] "GET /node/25 HTTP/1.1" 301 178 "-" "Mozilla/5.0 (compatible; SemrushBot/7~bl; +http://www.semrush.com/bot.html)"
185.191.171.42 - - [23/Jun/2022:05:45:32 +0000] "GET /node/25/ HTTP/1.1" 200 10509 "-" "Mozilla/5.0 (compatible; SemrushBot/7~bl; +http://www.semrush.com/bot.html)"
216.244.66.229 - - [23/Jun/2022:05:46:13 +0000] "GET /img_6858/ HTTP/1.1" 404 162 "-" "Mozilla/5.0 (compatible; DotBot/1.2; +https://opensiteexplorer.org/dotbot; help@moz.com)"
216.244.66.229 - - [23/Jun/2022:05:46:16 +0000] "GET /img_7606/ HTTP/1.1" 404 162 "-" "Mozilla/5.0 (compatible; DotBot/1.2; +https://opensiteexplorer.org/dotbot; help@moz.com)"
216.244.66.229 - - [23/Jun/2022:05:49:16 +0000] "GET /node/1015/feed HTTP/1.1" 404 162 "-" "Mozilla/5.0 (compatible; DotBot/1.2; +https://opensiteexplorer.org/dotbot; help@moz.com)"
114.119.147.74 - - [23/Jun/2022:05:50:10 +0000] "GET /node/1815/ch7_4336?ak_action=accept_mobile HTTP/1.1" 302 154 "https://mrchoke.org/node/1815/ch7_4336?ak_action=reject_mobile" "Mozilla/5.0 (Linux; Android 7.0;) AppleWebKit/537.36 (KHTML, like Gecko) Mobile Safari/537.36 (compatible; PetalBot;+https://webmaster.petalsearch.com/site/petalbot)"
114.119.147.74 - - [23/Jun/2022:05:50:17 +0000] "GET /node/1815/ch7_4336?ak_action=accept_mobile HTTP/1.1" 301 178 "https://mrchoke.org/node/1815/ch7_4336?ak_action=reject_mobile" "Mozilla/5.0 (Linux; Android 7.0;) AppleWebKit/537.36 (KHTML, like Gecko) Mobile Safari/537.36 (compatible; PetalBot;+https://webmaster.petalsearch.com/site/petalbot)"
114.119.147.74 - - [23/Jun/2022:05:50:27 +0000] "GET /node/1815/ch7_4336/?ak_action=accept_mobile HTTP/1.1" 200 7887 "https://mrchoke.org/node/1815/ch7_4336?ak_action=reject_mobile" "Mozilla/5.0 (Linux; Android 7.0;) AppleWebKit/537.36 (KHTML, like Gecko) Mobile Safari/537.36 (compatible; PetalBot;+https://webmaster.petalsearch.com/site/petalbot)"
216.244.66.229 - - [23/Jun/2022:05:51:03 +0000] "GET /node/241/?share=google-plus-1 HTTP/1.1" 404 162 "-" "Mozilla/5.0 (compatible; DotBot/1.2; +https://opensiteexplorer.org/dotbot; help@moz.com)"
109.237.103.38 - - [23/Jun/2022:05:51:12 +0000] "GET /.env HTTP/1.1" 404 197 "-" "Mozilla/5.0 (X11; Linux x86_64) AppleWebKit/537.36 (KHTML, like Gecko) Chrome/81.0.4044.129 Safari/537.36"
109.237.103.38 - - [23/Jun/2022:05:51:12 +0000] "\x16\x03\x01\x01C\x01\x00\x01?\x03\x03Z\xF5\xC3\xCD\xD6(\xD1\xA3\x0C\x84\xDA}\xEA\x0B\x09\x01>\xD0w\xCD\x91\x9Ft2\xEF=\xB31T\xD8\x13! \xC0F*\xCA3\x22\xC9\x0B\xEA\xA1J;T\x7FO#\x02Qk\xB4}\xCCT\xE6#\x90@\x80\xF9f\x82\x80\x00V\x13\x02\x13\x03\x13\x01\xC0,\xC00\xC0+\xC0/\xCC\xA9\xCC\xA8\x00\x9F\x00\x9E\xCC\xAA\xC0\xAF\xC0\xAD\xC0\xAE\xC0\xAC\xC0$\xC0(\xC0#\xC0'\xC0" 400 166 "-" "-"
216.244.66.229 - - [23/Jun/2022:05:51:33 +0000] "GET /node/304 HTTP/1.1" 404 162 "-" "Mozilla/5.0 (compatible; DotBot/1.2; +https://opensiteexplorer.org/dotbot; help@moz.com)"
66.249.71.182 - - [23/Jun/2022:05:52:37 +0000] "GET /img_7631 HTTP/1.1" 404 197 "-" "Mozilla/5.0 (Linux; Android 6.0.1; Nexus 5X Build/MMB29P) AppleWebKit/537.36 (KHTML, like Gecko) Chrome/102.0.5005.115 Mobile Safari/537.36 (compatible; Googlebot/2.1; +http://www.google.com/bot.html)"
114.119.147.73 - - [23/Jun/2022:05:52:54 +0000] "GET /node/category/speed?ak_action=accept_mobile HTTP/1.1" 302 154 "https://mrchoke.org/node/category/speed?ak_action=reject_mobile" "Mozilla/5.0 (Linux; Android 7.0;) AppleWebKit/537.36 (KHTML, like Gecko) Mobile Safari/537.36 (compatible; PetalBot;+https://webmaster.petalsearch.com/site/petalbot)"
114.119.147.73 - - [23/Jun/2022:05:52:57 +0000] "GET /node/category/speed?ak_action=accept_mobile HTTP/1.1" 301 178 "https://mrchoke.org/node/category/speed?ak_action=reject_mobile" "Mozilla/5.0 (Linux; Android 7.0;) AppleWebKit/537.36 (KHTML, like Gecko) Mobile Safari/537.36 (compatible; PetalBot;+https://webmaster.petalsearch.com/site/petalbot)"
114.119.147.73 - - [23/Jun/2022:05:52:59 +0000] "GET /node/category/speed/?ak_action=accept_mobile HTTP/1.1" 200 8953 "https://mrchoke.org/node/category/speed?ak_action=reject_mobile" "Mozilla/5.0 (Linux; Android 7.0;) AppleWebKit/537.36 (KHTML, like Gecko) Mobile Safari/537.36 (compatible; PetalBot;+https://webmaster.petalsearch.com/site/petalbot)"
185.191.171.38 - - [23/Jun/2022:05:53:55 +0000] "GET /node/date/2004/06/ HTTP/1.1" 200 9970 "-" "Mozilla/5.0 (compatible; SemrushBot/7~bl; +http://www.semrush.com/bot.html)"
114.119.147.86 - - [23/Jun/2022:05:54:58 +0000] "GET /node/467?share=reddit HTTP/1.1" 302 154 "https://mrchoke.org/node/467?replytocom=567" "Mozilla/5.0 (Linux; Android 7.0;) AppleWebKit/537.36 (KHTML, like Gecko) Mobile Safari/537.36 (compatible; PetalBot;+https://webmaster.petalsearch.com/site/petalbot)"
114.119.147.86 - - [23/Jun/2022:05:54:58 +0000] "GET /node/467?share=reddit HTTP/1.1" 301 178 "https://mrchoke.org/node/467?replytocom=567" "Mozilla/5.0 (Linux; Android 7.0;) AppleWebKit/537.36 (KHTML, like Gecko) Mobile Safari/537.36 (compatible; PetalBot;+https://webmaster.petalsearch.com/site/petalbot)"
114.119.147.86 - - [23/Jun/2022:05:54:58 +0000] "GET /node/467/?share=reddit HTTP/1.1" 200 9044 "https://mrchoke.org/node/467?replytocom=567" "Mozilla/5.0 (Linux; Android 7.0;) AppleWebKit/537.36 (KHTML, like Gecko) Mobile Safari/537.36 (compatible; PetalBot;+https://webmaster.petalsearch.com/site/petalbot)"
185.191.171.40 - - [23/Jun/2022:05:56:41 +0000] "GET /node/category/webpage HTTP/1.1" 302 154 "-" "Mozilla/5.0 (compatible; SemrushBot/7~bl; +http://www.semrush.com/bot.html)"
185.191.171.40 - - [23/Jun/2022:05:56:43 +0000] "GET /node/category/webpage HTTP/1.1" 301 178 "-" "Mozilla/5.0 (compatible; SemrushBot/7~bl; +http://www.semrush.com/bot.html)"
185.191.171.5 - - [23/Jun/2022:05:56:46 +0000] "GET /node/category/webpage/ HTTP/1.1" 200 11728 "-" "Mozilla/5.0 (compatible; SemrushBot/7~bl; +http://www.semrush.com/bot.html)"
50.210.162.137 - - [23/Jun/2022:05:57:05 +0000] "Z\x00\x00\x00E\xF6\x5C\xC4\x8C\x9Ca\xE6Yu\xEF|3\xC9.x%\x8AWx\xA8wrT\xE1]\xF71\x08\xFB\xF0\x9B\xF6f\xD9@\x928\x09ffbk\x85L5'\xF1\x95\xDA\xE4r|<\xE4n\xFE|\xE5+\xB0\xE7(\xBA`\x80\x09{\xDD2\x9D?\xA0D\xC8_\x99\xFFx\x80\x1F\x92\xAE\x98v6i\x1Dk\xFB" 400 166 "-" "-"
66.249.71.184 - - [23/Jun/2022:05:58:20 +0000] "GET /myweight/monthly/feed HTTP/1.1" 404 197 "-" "Mozilla/5.0 (Linux; Android 6.0.1; Nexus 5X Build/MMB29P) AppleWebKit/537.36 (KHTML, like Gecko) Chrome/102.0.5005.115 Mobile Safari/537.36 (compatible; Googlebot/2.1; +http://www.google.com/bot.html)"
114.119.139.201 - - [23/Jun/2022:05:58:59 +0000] "GET /robots.txt HTTP/1.1" 404 134 "-" "Mozilla/5.0 (compatible;PetalBot;+https://webmaster.petalsearch.com/site/petalbot)"
185.189.182.234 - - [23/Jun/2022:05:59:22 +0000] "GET /N9kj HTTP/1.1" 400 166 "-" "-"
51.222.253.8 - - [23/Jun/2022:06:00:25 +0000] "GET /img_7460 HTTP/2.0" 301 178 "-" "Mozilla/5.0 (compatible; AhrefsBot/7.0; +http://ahrefs.com/robot/)"
66.249.71.182 - - [23/Jun/2022:06:02:30 +0000] "GET /myweight/monthly/feed HTTP/1.1" 404 134 "-" "Mozilla/5.0 (compatible; Googlebot/2.1; +http://www.google.com/bot.html)"
81.70.1.233 - - [23/Jun/2022:06:03:05 +0000] "GET / HTTP/1.1" 200 612 "-" "Mozilla/5.0 (Windows NT 10.0; WOW64) AppleWebKit/537.36 (KHTML, like Gecko) Chrome/51.0.2704.103 Safari/537.36"
114.119.147.97 - - [23/Jun/2022:06:04:33 +0000] "GET /node/367 HTTP/1.1" 301 178 "https://mrchoke.org/node/366" "Mozilla/5.0 (Linux; Android 7.0;) AppleWebKit/537.36 (KHTML, like Gecko) Mobile Safari/537.36 (compatible; PetalBot;+https://webmaster.petalsearch.com/site/petalbot)"
114.119.147.97 - - [23/Jun/2022:06:04:41 +0000] "GET /node/367/ HTTP/1.1" 200 9436 "https://mrchoke.org/node/366" "Mozilla/5.0 (Linux; Android 7.0;) AppleWebKit/537.36 (KHTML, like Gecko) Mobile Safari/537.36 (compatible; PetalBot;+https://webmaster.petalsearch.com/site/petalbot)"
185.7.214.104 - - [23/Jun/2022:06:05:57 +0000] "GET /actuator/gateway/routes HTTP/1.1" 404 197 "-" "Mozilla/5.0 (Windows NT 10.0; Win64; x64) AppleWebKit/537.36 (KHTML, like Gecko) Chrome/78.0.3904.108 Safari/537.36"
185.191.171.11 - - [23/Jun/2022:06:06:31 +0000] "GET /node/189 HTTP/1.1" 301 178 "-" "Mozilla/5.0 (compatible; SemrushBot/7~bl; +http://www.semrush.com/bot.html)"
185.191.171.17 - - [23/Jun/2022:06:06:34 +0000] "GET /node/189/ HTTP/1.1" 200 8271 "-" "Mozilla/5.0 (compatible; SemrushBot/7~bl; +http://www.semrush.com/bot.html)"
66.249.71.180 - - [23/Jun/2022:06:06:40 +0000] "GET /node/984/img_6464/feed HTTP/1.1" 302 154 "-" "Mozilla/5.0 (Linux; Android 6.0.1; Nexus 5X Build/MMB29P) AppleWebKit/537.36 (KHTML, like Gecko) Chrome/102.0.5005.115 Mobile Safari/537.36 (compatible; Googlebot/2.1; +http://www.google.com/bot.html)"
66.249.79.243 - - [23/Jun/2022:06:06:42 +0000] "GET /node/984/img_6464/feed HTTP/1.1" 301 178 "-" "Mozilla/5.0 (Linux; Android 6.0.1; Nexus 5X Build/MMB29P) AppleWebKit/537.36 (KHTML, like Gecko) Chrome/102.0.5005.115 Mobile Safari/537.36 (compatible; Googlebot/2.1; +http://www.google.com/bot.html)"
66.249.71.25 - - [23/Jun/2022:06:06:42 +0000] "GET /node/984/img_6464/feed/ HTTP/1.1" 403 196 "-" "Mozilla/5.0 (Linux; Android 6.0.1; Nexus 5X Build/MMB29P) AppleWebKit/537.36 (KHTML, like Gecko) Chrome/102.0.5005.115 Mobile Safari/537.36 (compatible; Googlebot/2.1; +http://www.google.com/bot.html)"
128.199.76.61 - - [23/Jun/2022:06:06:47 +0000] "HEAD / HTTP/1.0" 400 0 "-" "-"
128.199.76.61 - - [23/Jun/2022:06:06:47 +0000] "HEAD / HTTP/1.0" 200 0 "-" "-"
128.199.76.61 - - [23/Jun/2022:06:06:47 +0000] "GET /system_api.php HTTP/1.1" 404 197 "-" "Mozilla/5.0 (Windows NT 10.0; Win64; x64) AppleWebKit/537.36 (KHTML, like Gecko) Chrome/74.0.3729.169 Safari/537.36"
128.199.76.61 - - [23/Jun/2022:06:06:47 +0000] "GET /system_api.php HTTP/1.1" 400 666 "-" "Mozilla/5.0 (Windows NT 10.0; Win64; x64) AppleWebKit/537.36 (KHTML, like Gecko) Chrome/74.0.3729.169 Safari/537.36"
128.199.76.61 - - [23/Jun/2022:06:06:47 +0000] "GET /system_api.php HTTP/1.1" 301 178 "-" "Mozilla/5.0 (Windows NT 10.0; Win64; x64) AppleWebKit/537.36 (KHTML, like Gecko) Chrome/74.0.3729.169 Safari/537.36"
128.199.76.61 - - [23/Jun/2022:06:06:47 +0000] "GET /system_api.php HTTP/1.1" 200 920 "-" "Mozilla/5.0 (Windows NT 10.0; Win64; x64) AppleWebKit/537.36 (KHTML, like Gecko) Chrome/74.0.3729.169 Safari/537.36"
128.199.76.61 - - [23/Jun/2022:06:06:47 +0000] "GET /c/version.js HTTP/1.1" 404 197 "-" "Mozilla/5.0 (Windows NT 10.0; Win64; x64) AppleWebKit/537.36 (KHTML, like Gecko) Chrome/74.0.3729.169 Safari/537.36"
128.199.76.61 - - [23/Jun/2022:06:06:47 +0000] "GET /c/version.js HTTP/1.1" 400 666 "-" "Mozilla/5.0 (Windows NT 10.0; Win64; x64) AppleWebKit/537.36 (KHTML, like Gecko) Chrome/74.0.3729.169 Safari/537.36"
128.199.76.61 - - [23/Jun/2022:06:06:47 +0000] "GET /c/version.js HTTP/1.1" 301 178 "-" "Mozilla/5.0 (Windows NT 10.0; Win64; x64) AppleWebKit/537.36 (KHTML, like Gecko) Chrome/74.0.3729.169 Safari/537.36"
128.199.76.61 - - [23/Jun/2022:06:06:47 +0000] "GET /c/version.js HTTP/1.1" 404 920 "-" "Mozilla/5.0 (Windows NT 10.0; Win64; x64) AppleWebKit/537.36 (KHTML, like Gecko) Chrome/74.0.3729.169 Safari/537.36"
128.199.76.61 - - [23/Jun/2022:06:06:47 +0000] "GET /streaming/clients_live.php HTTP/1.1" 404 197 "-" "Mozilla/5.0 (Windows NT 10.0; Win64; x64) AppleWebKit/537.36 (KHTML, like Gecko) Chrome/74.0.3729.169 Safari/537.36"
128.199.76.61 - - [23/Jun/2022:06:06:47 +0000] "GET /streaming/clients_live.php HTTP/1.1" 400 666 "-" "Mozilla/5.0 (Windows NT 10.0; Win64; x64) AppleWebKit/537.36 (KHTML, like Gecko) Chrome/74.0.3729.169 Safari/537.36"
128.199.76.61 - - [23/Jun/2022:06:06:47 +0000] "GET /streaming/clients_live.php HTTP/1.1" 301 178 "-" "Mozilla/5.0 (Windows NT 10.0; Win64; x64) AppleWebKit/537.36 (KHTML, like Gecko) Chrome/74.0.3729.169 Safari/537.36"
128.199.76.61 - - [23/Jun/2022:06:06:47 +0000] "GET /streaming/clients_live.php HTTP/1.1" 200 920 "-" "Mozilla/5.0 (Windows NT 10.0; Win64; x64) AppleWebKit/537.36 (KHTML, like Gecko) Chrome/74.0.3729.169 Safari/537.36"
128.199.76.61 - - [23/Jun/2022:06:06:47 +0000] "GET /stalker_portal/c/version.js HTTP/1.1" 404 197 "-" "Mozilla/5.0 (Windows NT 10.0; Win64; x64) AppleWebKit/537.36 (KHTML, like Gecko) Chrome/74.0.3729.169 Safari/537.36"
128.199.76.61 - - [23/Jun/2022:06:06:47 +0000] "GET /stalker_portal/c/version.js HTTP/1.1" 400 666 "-" "Mozilla/5.0 (Windows NT 10.0; Win64; x64) AppleWebKit/537.36 (KHTML, like Gecko) Chrome/74.0.3729.169 Safari/537.36"
128.199.76.61 - - [23/Jun/2022:06:06:47 +0000] "GET /stalker_portal/c/version.js HTTP/1.1" 301 178 "-" "Mozilla/5.0 (Windows NT 10.0; Win64; x64) AppleWebKit/537.36 (KHTML, like Gecko) Chrome/74.0.3729.169 Safari/537.36"
128.199.76.61 - - [23/Jun/2022:06:06:47 +0000] "GET /stalker_portal/c/version.js HTTP/1.1" 404 920 "-" "Mozilla/5.0 (Windows NT 10.0; Win64; x64) AppleWebKit/537.36 (KHTML, like Gecko) Chrome/74.0.3729.169 Safari/537.36"
128.199.76.61 - - [23/Jun/2022:06:06:47 +0000] "GET /stream/live.php HTTP/1.1" 404 134 "-" "Mozilla/5.0 (Windows NT 6.1; WOW64) AppleWebKit/537.36 (KHTML, like Gecko) Spotify / 1.1.39.612 Safari / 537.36"
128.199.76.61 - - [23/Jun/2022:06:06:47 +0000] "GET /stream/live.php HTTP/1.1" 400 264 "-" "Mozilla/5.0 (Windows NT 6.1; WOW64) AppleWebKit/537.36 (KHTML, like Gecko) Spotify / 1.1.39.612 Safari / 537.36"
128.199.76.61 - - [23/Jun/2022:06:06:47 +0000] "GET /stream/live.php HTTP/1.1" 301 178 "-" "Mozilla/5.0 (Windows NT 6.1; WOW64) AppleWebKit/537.36 (KHTML, like Gecko) Spotify / 1.1.39.612 Safari / 537.36"
128.199.76.61 - - [23/Jun/2022:06:06:47 +0000] "GET /stream/live.php HTTP/1.1" 200 920 "-" "Mozilla/5.0 (Windows NT 6.1; WOW64) AppleWebKit/537.36 (KHTML, like Gecko) Spotify / 1.1.39.612 Safari / 537.36"
