104.217.249.182 - - [20/Jun/2022:13:43:33 +0000] "POST /boaform/admin/formLogin HTTP/1.1" 404 134 "http://188.166.238.131:80/admin/login.asp" "Mozilla/5.0 (X11; Ubuntu; Linux x86_64; rv:71.0) Gecko/20100101 Firefox/71.0"
104.217.249.182 - - [20/Jun/2022:13:43:33 +0000] "" 400 0 "-" "-"
114.119.147.74 - - [20/Jun/2022:13:44:44 +0000] "GET /node/1437/img_7303?ak_action=reject_mobile HTTP/1.1" 302 154 "https://mrchoke.org/node/1437/img_7303?ak_action=accept_mobile" "Mozilla/5.0 (Linux; Android 7.0;) AppleWebKit/537.36 (KHTML, like Gecko) Mobile Safari/537.36 (compatible; PetalBot;+https://webmaster.petalsearch.com/site/petalbot)"
114.119.147.74 - - [20/Jun/2022:13:44:50 +0000] "GET /node/1437/img_7303?ak_action=reject_mobile HTTP/1.1" 301 178 "https://mrchoke.org/node/1437/img_7303?ak_action=accept_mobile" "Mozilla/5.0 (Linux; Android 7.0;) AppleWebKit/537.36 (KHTML, like Gecko) Mobile Safari/537.36 (compatible; PetalBot;+https://webmaster.petalsearch.com/site/petalbot)"
114.119.147.74 - - [20/Jun/2022:13:45:02 +0000] "GET /node/1437/img_7303/?ak_action=reject_mobile HTTP/1.1" 200 7897 "https://mrchoke.org/node/1437/img_7303?ak_action=accept_mobile" "Mozilla/5.0 (Linux; Android 7.0;) AppleWebKit/537.36 (KHTML, like Gecko) Mobile Safari/537.36 (compatible; PetalBot;+https://webmaster.petalsearch.com/site/petalbot)"
114.119.147.74 - - [20/Jun/2022:13:45:57 +0000] "GET /page/8?ak_action=reject_mobile HTTP/1.1" 302 154 "https://mrchoke.org/page/7?ak_action=reject_mobile" "Mozilla/5.0 (Linux; Android 7.0;) AppleWebKit/537.36 (KHTML, like Gecko) Mobile Safari/537.36 (compatible; PetalBot;+https://webmaster.petalsearch.com/site/petalbot)"
114.119.147.74 - - [20/Jun/2022:13:46:01 +0000] "GET /page/8?ak_action=reject_mobile HTTP/1.1" 301 178 "https://mrchoke.org/page/7?ak_action=reject_mobile" "Mozilla/5.0 (Linux; Android 7.0;) AppleWebKit/537.36 (KHTML, like Gecko) Mobile Safari/537.36 (compatible; PetalBot;+https://webmaster.petalsearch.com/site/petalbot)"
114.119.147.74 - - [20/Jun/2022:13:46:05 +0000] "GET /page/8/?ak_action=reject_mobile HTTP/1.1" 200 18119 "https://mrchoke.org/page/7?ak_action=reject_mobile" "Mozilla/5.0 (Linux; Android 7.0;) AppleWebKit/537.36 (KHTML, like Gecko) Mobile Safari/537.36 (compatible; PetalBot;+https://webmaster.petalsearch.com/site/petalbot)"
110.23.148.120 - - [20/Jun/2022:13:47:02 +0000] "GET /wp-content/uploads/2013/12/virtualbox_logo.png HTTP/2.0" 302 154 "https://www.sitepoint.com/" "Mozilla/5.0 (Windows NT 10.0; Win64; x64) AppleWebKit/537.36 (KHTML, like Gecko) Chrome/102.0.0.0 Safari/537.36"
110.23.148.120 - - [20/Jun/2022:13:47:03 +0000] "GET /wp-content/uploads/2013/12/virtualbox_logo.png HTTP/2.0" 404 186 "https://www.sitepoint.com/" "Mozilla/5.0 (Windows NT 10.0; Win64; x64) AppleWebKit/537.36 (KHTML, like Gecko) Chrome/102.0.0.0 Safari/537.36"
114.119.147.73 - - [20/Jun/2022:13:47:39 +0000] "GET /node/1348?share=twitter HTTP/1.1" 302 154 "https://mrchoke.org/node/1348" "Mozilla/5.0 (Linux; Android 7.0;) AppleWebKit/537.36 (KHTML, like Gecko) Mobile Safari/537.36 (compatible; PetalBot;+https://webmaster.petalsearch.com/site/petalbot)"
114.119.147.73 - - [20/Jun/2022:13:47:41 +0000] "GET /node/1348?share=twitter HTTP/1.1" 301 178 "https://mrchoke.org/node/1348" "Mozilla/5.0 (Linux; Android 7.0;) AppleWebKit/537.36 (KHTML, like Gecko) Mobile Safari/537.36 (compatible; PetalBot;+https://webmaster.petalsearch.com/site/petalbot)"
114.119.147.73 - - [20/Jun/2022:13:47:44 +0000] "GET /node/1348/?share=twitter HTTP/1.1" 200 10997 "https://mrchoke.org/node/1348" "Mozilla/5.0 (Linux; Android 7.0;) AppleWebKit/537.36 (KHTML, like Gecko) Mobile Safari/537.36 (compatible; PetalBot;+https://webmaster.petalsearch.com/site/petalbot)"
216.244.66.229 - - [20/Jun/2022:13:48:08 +0000] "GET /node/39/?share=google-plus-1 HTTP/1.1" 404 162 "-" "Mozilla/5.0 (compatible; DotBot/1.2; +https://opensiteexplorer.org/dotbot; help@moz.com)"
114.119.147.81 - - [20/Jun/2022:13:49:15 +0000] "GET /node/939/img_6382?ak_action=reject_mobile HTTP/1.1" 302 154 "https://mrchoke.org/node/939/img_6382?ak_action=accept_mobile" "Mozilla/5.0 (Linux; Android 7.0;) AppleWebKit/537.36 (KHTML, like Gecko) Mobile Safari/537.36 (compatible; PetalBot;+https://webmaster.petalsearch.com/site/petalbot)"
114.119.147.81 - - [20/Jun/2022:13:49:25 +0000] "GET /node/939/img_6382?ak_action=reject_mobile HTTP/1.1" 301 178 "https://mrchoke.org/node/939/img_6382?ak_action=accept_mobile" "Mozilla/5.0 (Linux; Android 7.0;) AppleWebKit/537.36 (KHTML, like Gecko) Mobile Safari/537.36 (compatible; PetalBot;+https://webmaster.petalsearch.com/site/petalbot)"
66.249.71.173 - - [20/Jun/2022:13:49:25 +0000] "GET /robots.txt HTTP/1.1" 404 134 "-" "Mozilla/5.0 (compatible; Googlebot/2.1; +http://www.google.com/bot.html)"
66.249.71.173 - - [20/Jun/2022:13:49:25 +0000] "GET /node/1356/img_7244 HTTP/1.1" 404 134 "-" "Mozilla/5.0 (compatible; Googlebot/2.1; +http://www.google.com/bot.html)"
114.119.147.81 - - [20/Jun/2022:13:49:34 +0000] "GET /node/939/img_6382/?ak_action=reject_mobile HTTP/1.1" 200 7885 "https://mrchoke.org/node/939/img_6382?ak_action=accept_mobile" "Mozilla/5.0 (Linux; Android 7.0;) AppleWebKit/537.36 (KHTML, like Gecko) Mobile Safari/537.36 (compatible; PetalBot;+https://webmaster.petalsearch.com/site/petalbot)"
114.119.147.86 - - [20/Jun/2022:13:50:54 +0000] "GET /node/date/2006/02/17 HTTP/1.1" 301 178 "https://mrchoke.org/node/328?ak_action=accept_mobile" "Mozilla/5.0 (Linux; Android 7.0;) AppleWebKit/537.36 (KHTML, like Gecko) Mobile Safari/537.36 (compatible; PetalBot;+https://webmaster.petalsearch.com/site/petalbot)"
114.119.147.86 - - [20/Jun/2022:13:51:00 +0000] "GET /node/date/2006/02/17/ HTTP/1.1" 200 8650 "https://mrchoke.org/node/328?ak_action=accept_mobile" "Mozilla/5.0 (Linux; Android 7.0;) AppleWebKit/537.36 (KHTML, like Gecko) Mobile Safari/537.36 (compatible; PetalBot;+https://webmaster.petalsearch.com/site/petalbot)"
46.19.137.50 - - [20/Jun/2022:13:52:16 +0000] "GET / HTTP/1.1" 200 396 "-" "Mozilla/5.0 (X11; Ubuntu; Linux x86_64; rv:76.0) Gecko/20100101 Firefox/76.0"
216.244.66.229 - - [20/Jun/2022:13:52:29 +0000] "GET /node/1537/screenshot-2014-02-04-22-23-40 HTTP/1.1" 404 162 "-" "Mozilla/5.0 (compatible; DotBot/1.2; +https://opensiteexplorer.org/dotbot; help@moz.com)"
216.244.66.229 - - [20/Jun/2022:13:52:34 +0000] "GET /node/7/ HTTP/1.1" 404 162 "-" "Mozilla/5.0 (compatible; DotBot/1.2; +https://opensiteexplorer.org/dotbot; help@moz.com)"
114.119.147.81 - - [20/Jun/2022:13:52:52 +0000] "GET /node/341?share=twitter HTTP/1.1" 302 154 "https://mrchoke.org/node/341?replytocom=412&ak_action=accept_mobile" "Mozilla/5.0 (Linux; Android 7.0;) AppleWebKit/537.36 (KHTML, like Gecko) Mobile Safari/537.36 (compatible; PetalBot;+https://webmaster.petalsearch.com/site/petalbot)"
114.119.147.81 - - [20/Jun/2022:13:52:56 +0000] "GET /node/341?share=twitter HTTP/1.1" 301 178 "https://mrchoke.org/node/341?replytocom=412&ak_action=accept_mobile" "Mozilla/5.0 (Linux; Android 7.0;) AppleWebKit/537.36 (KHTML, like Gecko) Mobile Safari/537.36 (compatible; PetalBot;+https://webmaster.petalsearch.com/site/petalbot)"
114.119.147.81 - - [20/Jun/2022:13:53:04 +0000] "GET /node/341/?share=twitter HTTP/1.1" 200 9029 "https://mrchoke.org/node/341?replytocom=412&ak_action=accept_mobile" "Mozilla/5.0 (Linux; Android 7.0;) AppleWebKit/537.36 (KHTML, like Gecko) Mobile Safari/537.36 (compatible; PetalBot;+https://webmaster.petalsearch.com/site/petalbot)"
66.249.71.28 - - [20/Jun/2022:13:54:01 +0000] "GET /node/tag/icu/ HTTP/1.1" 200 9741 "-" "Mozilla/5.0 (compatible; Googlebot/2.1; +http://www.google.com/bot.html)"
114.119.147.81 - - [20/Jun/2022:13:54:39 +0000] "GET /node/date/2006/12/11 HTTP/1.1" 302 154 "https://mrchoke.org/node/141?share=facebook" "Mozilla/5.0 (Linux; Android 7.0;) AppleWebKit/537.36 (KHTML, like Gecko) Mobile Safari/537.36 (compatible; PetalBot;+https://webmaster.petalsearch.com/site/petalbot)"
114.119.147.81 - - [20/Jun/2022:13:54:54 +0000] "GET /node/date/2006/12/11 HTTP/1.1" 301 178 "https://mrchoke.org/node/141?share=facebook" "Mozilla/5.0 (Linux; Android 7.0;) AppleWebKit/537.36 (KHTML, like Gecko) Mobile Safari/537.36 (compatible; PetalBot;+https://webmaster.petalsearch.com/site/petalbot)"
54.36.148.60 - - [20/Jun/2022:13:55:20 +0000] "GET / HTTP/2.0" 200 282 "-" "Mozilla/5.0 (compatible; AhrefsBot/7.0; +http://ahrefs.com/robot/)"
114.119.147.81 - - [20/Jun/2022:13:56:51 +0000] "GET /node/939/img_6368?ak_action=accept_mobile HTTP/1.1" 302 154 "https://mrchoke.org/node/939/img_6368?ak_action=reject_mobile" "Mozilla/5.0 (Linux; Android 7.0;) AppleWebKit/537.36 (KHTML, like Gecko) Mobile Safari/537.36 (compatible; PetalBot;+https://webmaster.petalsearch.com/site/petalbot)"
123.183.224.27 - - [20/Jun/2022:13:57:04 +0000] "GET / HTTP/1.1" 200 294 "-" "Sogou web spider/4.0(+http://www.sogou.com/docs/help/webmasters.htm#07)"
114.119.147.81 - - [20/Jun/2022:13:57:04 +0000] "GET /node/939/img_6368?ak_action=accept_mobile HTTP/1.1" 301 178 "https://mrchoke.org/node/939/img_6368?ak_action=reject_mobile" "Mozilla/5.0 (Linux; Android 7.0;) AppleWebKit/537.36 (KHTML, like Gecko) Mobile Safari/537.36 (compatible; PetalBot;+https://webmaster.petalsearch.com/site/petalbot)"
114.119.147.86 - - [20/Jun/2022:13:58:26 +0000] "GET /page/14 HTTP/1.1" 302 154 "https://mrchoke.org/page/13?ak_action=reject_mobile" "Mozilla/5.0 (Linux; Android 7.0;) AppleWebKit/537.36 (KHTML, like Gecko) Mobile Safari/537.36 (compatible; PetalBot;+https://webmaster.petalsearch.com/site/petalbot)"
114.119.147.86 - - [20/Jun/2022:14:00:52 +0000] "GET /node/1006?ak_action=accept_mobile HTTP/1.1" 302 154 "https://mrchoke.org/node/1006?ak_action=reject_mobile" "Mozilla/5.0 (Linux; Android 7.0;) AppleWebKit/537.36 (KHTML, like Gecko) Mobile Safari/537.36 (compatible; PetalBot;+https://webmaster.petalsearch.com/site/petalbot)"
114.119.147.97 - - [20/Jun/2022:14:02:10 +0000] "GET /node/date/2005/07/page/2 HTTP/1.1" 301 178 "https://static.mrchoke.org/node/date/2005/07" "Mozilla/5.0 (Linux; Android 7.0;) AppleWebKit/537.36 (KHTML, like Gecko) Mobile Safari/537.36 (compatible; PetalBot;+https://webmaster.petalsearch.com/site/petalbot)"
114.119.147.97 - - [20/Jun/2022:14:02:25 +0000] "GET /node/date/2005/07/page/2/ HTTP/1.1" 200 13923 "https://static.mrchoke.org/node/date/2005/07" "Mozilla/5.0 (Linux; Android 7.0;) AppleWebKit/537.36 (KHTML, like Gecko) Mobile Safari/537.36 (compatible; PetalBot;+https://webmaster.petalsearch.com/site/petalbot)"
114.119.147.75 - - [20/Jun/2022:14:03:48 +0000] "GET /node/53?share=facebook HTTP/1.1" 302 154 "https://mrchoke.org/node/53" "Mozilla/5.0 (Linux; Android 7.0;) AppleWebKit/537.36 (KHTML, like Gecko) Mobile Safari/537.36 (compatible; PetalBot;+https://webmaster.petalsearch.com/site/petalbot)"
114.119.147.75 - - [20/Jun/2022:14:03:54 +0000] "GET /node/53?share=facebook HTTP/1.1" 301 178 "https://mrchoke.org/node/53" "Mozilla/5.0 (Linux; Android 7.0;) AppleWebKit/537.36 (KHTML, like Gecko) Mobile Safari/537.36 (compatible; PetalBot;+https://webmaster.petalsearch.com/site/petalbot)"
114.119.147.75 - - [20/Jun/2022:14:03:59 +0000] "GET /node/53/?share=facebook HTTP/1.1" 200 8822 "https://mrchoke.org/node/53" "Mozilla/5.0 (Linux; Android 7.0;) AppleWebKit/537.36 (KHTML, like Gecko) Mobile Safari/537.36 (compatible; PetalBot;+https://webmaster.petalsearch.com/site/petalbot)"
66.249.71.31 - - [20/Jun/2022:14:04:41 +0000] "GET /node/tag/garmin-thai/ HTTP/1.1" 200 8665 "-" "Mozilla/5.0 (Linux; Android 6.0.1; Nexus 5X Build/MMB29P) AppleWebKit/537.36 (KHTML, like Gecko) Chrome/102.0.5005.115 Mobile Safari/537.36 (compatible; Googlebot/2.1; +http://www.google.com/bot.html)"
114.119.147.73 - - [20/Jun/2022:14:05:28 +0000] "GET /page/5 HTTP/1.1" 302 154 "https://mrchoke.org/page/6?ak_action=accept_mobile" "Mozilla/5.0 (Linux; Android 7.0;) AppleWebKit/537.36 (KHTML, like Gecko) Mobile Safari/537.36 (compatible; PetalBot;+https://webmaster.petalsearch.com/site/petalbot)"
114.119.147.73 - - [20/Jun/2022:14:05:37 +0000] "GET /page/5 HTTP/1.1" 301 178 "https://mrchoke.org/page/6?ak_action=accept_mobile" "Mozilla/5.0 (Linux; Android 7.0;) AppleWebKit/537.36 (KHTML, like Gecko) Mobile Safari/537.36 (compatible; PetalBot;+https://webmaster.petalsearch.com/site/petalbot)"
114.119.147.73 - - [20/Jun/2022:14:05:43 +0000] "GET /page/5/ HTTP/1.1" 200 13311 "https://mrchoke.org/page/6?ak_action=accept_mobile" "Mozilla/5.0 (Linux; Android 7.0;) AppleWebKit/537.36 (KHTML, like Gecko) Mobile Safari/537.36 (compatible; PetalBot;+https://webmaster.petalsearch.com/site/petalbot)"
114.119.147.73 - - [20/Jun/2022:14:07:12 +0000] "GET /node/414?ak_action=reject_mobile HTTP/1.1" 302 154 "https://mrchoke.org/node/414?ak_action=accept_mobile" "Mozilla/5.0 (Linux; Android 7.0;) AppleWebKit/537.36 (KHTML, like Gecko) Mobile Safari/537.36 (compatible; PetalBot;+https://webmaster.petalsearch.com/site/petalbot)"
114.119.147.73 - - [20/Jun/2022:14:07:17 +0000] "GET /node/414?ak_action=reject_mobile HTTP/1.1" 301 178 "https://mrchoke.org/node/414?ak_action=accept_mobile" "Mozilla/5.0 (Linux; Android 7.0;) AppleWebKit/537.36 (KHTML, like Gecko) Mobile Safari/537.36 (compatible; PetalBot;+https://webmaster.petalsearch.com/site/petalbot)"
114.119.147.73 - - [20/Jun/2022:14:07:22 +0000] "GET /node/414/?ak_action=reject_mobile HTTP/1.1" 200 9479 "https://mrchoke.org/node/414?ak_action=accept_mobile" "Mozilla/5.0 (Linux; Android 7.0;) AppleWebKit/537.36 (KHTML, like Gecko) Mobile Safari/537.36 (compatible; PetalBot;+https://webmaster.petalsearch.com/site/petalbot)"
114.119.147.81 - - [20/Jun/2022:14:08:53 +0000] "GET /node/date/2005/06/page/4 HTTP/1.1" 404 134 "http://www.mrchoke.org/node/date/2005/06/page/3" "Mozilla/5.0 (Linux; Android 7.0;) AppleWebKit/537.36 (KHTML, like Gecko) Mobile Safari/537.36 (compatible; PetalBot;+https://webmaster.petalsearch.com/site/petalbot)"
114.119.147.74 - - [20/Jun/2022:14:10:34 +0000] "GET /node/503?ak_action=accept_mobile HTTP/1.1" 302 154 "https://mrchoke.org/node/503?ak_action=reject_mobile" "Mozilla/5.0 (Linux; Android 7.0;) AppleWebKit/537.36 (KHTML, like Gecko) Mobile Safari/537.36 (compatible; PetalBot;+https://webmaster.petalsearch.com/site/petalbot)"
114.119.147.74 - - [20/Jun/2022:14:10:40 +0000] "GET /node/503?ak_action=accept_mobile HTTP/1.1" 301 178 "https://mrchoke.org/node/503?ak_action=reject_mobile" "Mozilla/5.0 (Linux; Android 7.0;) AppleWebKit/537.36 (KHTML, like Gecko) Mobile Safari/537.36 (compatible; PetalBot;+https://webmaster.petalsearch.com/site/petalbot)"
114.119.147.74 - - [20/Jun/2022:14:10:51 +0000] "GET /node/503/?ak_action=accept_mobile HTTP/1.1" 200 9061 "https://mrchoke.org/node/503?ak_action=reject_mobile" "Mozilla/5.0 (Linux; Android 7.0;) AppleWebKit/537.36 (KHTML, like Gecko) Mobile Safari/537.36 (compatible; PetalBot;+https://webmaster.petalsearch.com/site/petalbot)"
51.222.253.8 - - [20/Jun/2022:14:10:52 +0000] "GET /node/category/domain/page/10 HTTP/2.0" 301 178 "-" "Mozilla/5.0 (compatible; AhrefsBot/7.0; +http://ahrefs.com/robot/)"
114.119.147.73 - - [20/Jun/2022:14:12:21 +0000] "GET /node/121?ak_action=reject_mobile HTTP/1.1" 302 154 "https://mrchoke.org/node/121?ak_action=accept_mobile" "Mozilla/5.0 (Linux; Android 7.0;) AppleWebKit/537.36 (KHTML, like Gecko) Mobile Safari/537.36 (compatible; PetalBot;+https://webmaster.petalsearch.com/site/petalbot)"
114.119.147.73 - - [20/Jun/2022:14:12:27 +0000] "GET /node/121?ak_action=reject_mobile HTTP/1.1" 301 178 "https://mrchoke.org/node/121?ak_action=accept_mobile" "Mozilla/5.0 (Linux; Android 7.0;) AppleWebKit/537.36 (KHTML, like Gecko) Mobile Safari/537.36 (compatible; PetalBot;+https://webmaster.petalsearch.com/site/petalbot)"
114.119.147.73 - - [20/Jun/2022:14:12:33 +0000] "GET /node/121/?ak_action=reject_mobile HTTP/1.1" 200 11077 "https://mrchoke.org/node/121?ak_action=accept_mobile" "Mozilla/5.0 (Linux; Android 7.0;) AppleWebKit/537.36 (KHTML, like Gecko) Mobile Safari/537.36 (compatible; PetalBot;+https://webmaster.petalsearch.com/site/petalbot)"
40.77.167.5 - - [20/Jun/2022:14:13:32 +0000] "GET /node/1580/ HTTP/2.0" 304 0 "-" "Mozilla/5.0 (compatible; bingbot/2.0; +http://www.bing.com/bingbot.htm)"
114.119.147.74 - - [20/Jun/2022:14:13:54 +0000] "GET /node/446?share=facebook HTTP/1.1" 302 154 "https://mrchoke.org/node/446?replytocom=545&ak_action=reject_mobile" "Mozilla/5.0 (Linux; Android 7.0;) AppleWebKit/537.36 (KHTML, like Gecko) Mobile Safari/537.36 (compatible; PetalBot;+https://webmaster.petalsearch.com/site/petalbot)"
114.119.147.74 - - [20/Jun/2022:14:14:05 +0000] "GET /node/446?share=facebook HTTP/1.1" 301 178 "https://mrchoke.org/node/446?replytocom=545&ak_action=reject_mobile" "Mozilla/5.0 (Linux; Android 7.0;) AppleWebKit/537.36 (KHTML, like Gecko) Mobile Safari/537.36 (compatible; PetalBot;+https://webmaster.petalsearch.com/site/petalbot)"
114.119.147.74 - - [20/Jun/2022:14:14:11 +0000] "GET /node/446/?share=facebook HTTP/1.1" 200 10168 "https://mrchoke.org/node/446?replytocom=545&ak_action=reject_mobile" "Mozilla/5.0 (Linux; Android 7.0;) AppleWebKit/537.36 (KHTML, like Gecko) Mobile Safari/537.36 (compatible; PetalBot;+https://webmaster.petalsearch.com/site/petalbot)"
114.119.147.73 - - [20/Jun/2022:14:15:18 +0000] "GET /img_7521 HTTP/1.1" 301 178 "https://mrchoke.org/node/1558?share=twitter" "Mozilla/5.0 (Linux; Android 7.0;) AppleWebKit/537.36 (KHTML, like Gecko) Mobile Safari/537.36 (compatible; PetalBot;+https://webmaster.petalsearch.com/site/petalbot)"
66.249.71.28 - - [20/Jun/2022:14:15:22 +0000] "GET /node/date/2014/01/25/ HTTP/1.1" 200 9874 "-" "Mozilla/5.0 (compatible; Googlebot/2.1; +http://www.google.com/bot.html)"
114.119.147.73 - - [20/Jun/2022:14:15:36 +0000] "GET /img_7521/ HTTP/1.1" 200 7885 "https://mrchoke.org/node/1558?share=twitter" "Mozilla/5.0 (Linux; Android 7.0;) AppleWebKit/537.36 (KHTML, like Gecko) Mobile Safari/537.36 (compatible; PetalBot;+https://webmaster.petalsearch.com/site/petalbot)"
146.190.48.95 - - [20/Jun/2022:14:16:06 +0000] "GET / HTTP/1.1" 200 612 "-" "Mozilla/5.0 (Windows NT 10.0; Win64; x64) AppleWebKit/537.36 (KHTML, like Gecko) Chrome/68.0.3440.106 Safari/537.36"
114.119.147.86 - - [20/Jun/2022:14:17:00 +0000] "GET /node/1006/img_6476?share=linkedin HTTP/1.1" 302 154 "https://mrchoke.org/node/1006/img_6476?ak_action=accept_mobile" "Mozilla/5.0 (Linux; Android 7.0;) AppleWebKit/537.36 (KHTML, like Gecko) Mobile Safari/537.36 (compatible; PetalBot;+https://webmaster.petalsearch.com/site/petalbot)"
114.119.147.86 - - [20/Jun/2022:14:17:23 +0000] "GET /node/1006/img_6476?share=linkedin HTTP/1.1" 301 178 "https://mrchoke.org/node/1006/img_6476?ak_action=accept_mobile" "Mozilla/5.0 (Linux; Android 7.0;) AppleWebKit/537.36 (KHTML, like Gecko) Mobile Safari/537.36 (compatible; PetalBot;+https://webmaster.petalsearch.com/site/petalbot)"
114.119.147.75 - - [20/Jun/2022:14:18:57 +0000] "GET /node/486?ak_action=reject_mobile HTTP/1.1" 302 154 "https://mrchoke.org/node/486?ak_action=accept_mobile" "Mozilla/5.0 (Linux; Android 7.0;) AppleWebKit/537.36 (KHTML, like Gecko) Mobile Safari/537.36 (compatible; PetalBot;+https://webmaster.petalsearch.com/site/petalbot)"
114.119.147.75 - - [20/Jun/2022:14:19:09 +0000] "GET /node/486?ak_action=reject_mobile HTTP/1.1" 301 178 "https://mrchoke.org/node/486?ak_action=accept_mobile" "Mozilla/5.0 (Linux; Android 7.0;) AppleWebKit/537.36 (KHTML, like Gecko) Mobile Safari/537.36 (compatible; PetalBot;+https://webmaster.petalsearch.com/site/petalbot)"
114.119.147.75 - - [20/Jun/2022:14:19:16 +0000] "GET /node/486/?ak_action=reject_mobile HTTP/1.1" 200 8538 "https://mrchoke.org/node/486?ak_action=accept_mobile" "Mozilla/5.0 (Linux; Android 7.0;) AppleWebKit/537.36 (KHTML, like Gecko) Mobile Safari/537.36 (compatible; PetalBot;+https://webmaster.petalsearch.com/site/petalbot)"
114.119.147.74 - - [20/Jun/2022:14:20:51 +0000] "GET /page/6?ak_action=accept_mobile HTTP/1.1" 302 154 "https://mrchoke.org/page/7?ak_action=accept_mobile" "Mozilla/5.0 (Linux; Android 7.0;) AppleWebKit/537.36 (KHTML, like Gecko) Mobile Safari/537.36 (compatible; PetalBot;+https://webmaster.petalsearch.com/site/petalbot)"
114.119.147.74 - - [20/Jun/2022:14:20:58 +0000] "GET /page/6?ak_action=accept_mobile HTTP/1.1" 301 178 "https://mrchoke.org/page/7?ak_action=accept_mobile" "Mozilla/5.0 (Linux; Android 7.0;) AppleWebKit/537.36 (KHTML, like Gecko) Mobile Safari/537.36 (compatible; PetalBot;+https://webmaster.petalsearch.com/site/petalbot)"
114.119.147.74 - - [20/Jun/2022:14:21:14 +0000] "GET /page/6/?ak_action=accept_mobile HTTP/1.1" 200 18854 "https://mrchoke.org/page/7?ak_action=accept_mobile" "Mozilla/5.0 (Linux; Android 7.0;) AppleWebKit/537.36 (KHTML, like Gecko) Mobile Safari/537.36 (compatible; PetalBot;+https://webmaster.petalsearch.com/site/petalbot)"
114.119.147.74 - - [20/Jun/2022:14:22:31 +0000] "GET /node/573?share=reddit HTTP/1.1" 302 154 "https://mrchoke.org/node/573?ak_action=accept_mobile" "Mozilla/5.0 (Linux; Android 7.0;) AppleWebKit/537.36 (KHTML, like Gecko) Mobile Safari/537.36 (compatible; PetalBot;+https://webmaster.petalsearch.com/site/petalbot)"
114.119.147.74 - - [20/Jun/2022:14:22:47 +0000] "GET /node/573?share=reddit HTTP/1.1" 301 178 "https://mrchoke.org/node/573?ak_action=accept_mobile" "Mozilla/5.0 (Linux; Android 7.0;) AppleWebKit/537.36 (KHTML, like Gecko) Mobile Safari/537.36 (compatible; PetalBot;+https://webmaster.petalsearch.com/site/petalbot)"
114.119.147.74 - - [20/Jun/2022:14:22:53 +0000] "GET /node/573/?share=reddit HTTP/1.1" 200 8011 "https://mrchoke.org/node/573?ak_action=accept_mobile" "Mozilla/5.0 (Linux; Android 7.0;) AppleWebKit/537.36 (KHTML, like Gecko) Mobile Safari/537.36 (compatible; PetalBot;+https://webmaster.petalsearch.com/site/petalbot)"
114.119.147.75 - - [20/Jun/2022:14:23:52 +0000] "GET /node/date/2006/11/22 HTTP/1.1" 302 154 "https://mrchoke.org/node/127" "Mozilla/5.0 (Linux; Android 7.0;) AppleWebKit/537.36 (KHTML, like Gecko) Mobile Safari/537.36 (compatible; PetalBot;+https://webmaster.petalsearch.com/site/petalbot)"
114.119.147.75 - - [20/Jun/2022:14:24:02 +0000] "GET /node/date/2006/11/22 HTTP/1.1" 301 178 "https://mrchoke.org/node/127" "Mozilla/5.0 (Linux; Android 7.0;) AppleWebKit/537.36 (KHTML, like Gecko) Mobile Safari/537.36 (compatible; PetalBot;+https://webmaster.petalsearch.com/site/petalbot)"
114.119.147.75 - - [20/Jun/2022:14:24:14 +0000] "GET /node/date/2006/11/22/ HTTP/1.1" 200 7610 "https://mrchoke.org/node/127" "Mozilla/5.0 (Linux; Android 7.0;) AppleWebKit/537.36 (KHTML, like Gecko) Mobile Safari/537.36 (compatible; PetalBot;+https://webmaster.petalsearch.com/site/petalbot)"
107.187.124.17 - - [20/Jun/2022:14:24:31 +0000] "GET /.env HTTP/1.1" 404 197 "-" "Mozilla/5.0 (X11; Linux x86_64) AppleWebKit/537.36 (KHTML, like Gecko) Chrome/81.0.4044.129 Safari/537.36"
107.187.124.17 - - [20/Jun/2022:14:24:32 +0000] "POST / HTTP/1.1" 405 568 "-" "Mozilla/5.0 (X11; Linux x86_64) AppleWebKit/537.36 (KHTML, like Gecko) Chrome/81.0.4044.129 Safari/537.36"
114.119.147.73 - - [20/Jun/2022:14:25:29 +0000] "GET /node/date/2007/04 HTTP/1.1" 301 178 "https://static.mrchoke.org/node/date/2008/03/09" "Mozilla/5.0 (Linux; Android 7.0;) AppleWebKit/537.36 (KHTML, like Gecko) Mobile Safari/537.36 (compatible; PetalBot;+https://webmaster.petalsearch.com/site/petalbot)"
114.119.147.73 - - [20/Jun/2022:14:25:39 +0000] "GET /node/date/2007/04/ HTTP/1.1" 200 16157 "https://static.mrchoke.org/node/date/2008/03/09" "Mozilla/5.0 (Linux; Android 7.0;) AppleWebKit/537.36 (KHTML, like Gecko) Mobile Safari/537.36 (compatible; PetalBot;+https://webmaster.petalsearch.com/site/petalbot)"
66.249.71.210 - - [20/Jun/2022:14:26:02 +0000] "GET /node/date/2005/07/ HTTP/1.1" 200 12184 "-" "Mozilla/5.0 (compatible; Googlebot/2.1; +http://www.google.com/bot.html)"
51.222.253.11 - - [20/Jun/2022:14:26:45 +0000] "GET /node/category/blog/page/10 HTTP/2.0" 301 178 "-" "Mozilla/5.0 (compatible; AhrefsBot/7.0; +http://ahrefs.com/robot/)"
114.119.147.81 - - [20/Jun/2022:14:27:32 +0000] "GET /node/date/2012/04/18 HTTP/1.1" 302 154 "https://mrchoke.org/node/556?share=reddit" "Mozilla/5.0 (Linux; Android 7.0;) AppleWebKit/537.36 (KHTML, like Gecko) Mobile Safari/537.36 (compatible; PetalBot;+https://webmaster.petalsearch.com/site/petalbot)"
114.119.147.81 - - [20/Jun/2022:14:27:38 +0000] "GET /node/date/2012/04/18 HTTP/1.1" 301 178 "https://mrchoke.org/node/556?share=reddit" "Mozilla/5.0 (Linux; Android 7.0;) AppleWebKit/537.36 (KHTML, like Gecko) Mobile Safari/537.36 (compatible; PetalBot;+https://webmaster.petalsearch.com/site/petalbot)"
114.119.147.81 - - [20/Jun/2022:14:27:43 +0000] "GET /node/date/2012/04/18/ HTTP/1.1" 200 9470 "https://mrchoke.org/node/556?share=reddit" "Mozilla/5.0 (Linux; Android 7.0;) AppleWebKit/537.36 (KHTML, like Gecko) Mobile Safari/537.36 (compatible; PetalBot;+https://webmaster.petalsearch.com/site/petalbot)"
66.249.71.212 - - [20/Jun/2022:14:27:45 +0000] "GET /wp-content/uploads/2014/01/IMG_7238.jpg HTTP/1.1" 200 2438660 "-" "Googlebot-Image/1.0"
114.119.147.86 - - [20/Jun/2022:14:28:37 +0000] "GET /node/312?share=reddit HTTP/1.1" 302 154 "https://mrchoke.org/node/312?replytocom=320&ak_action=accept_mobile" "Mozilla/5.0 (Linux; Android 7.0;) AppleWebKit/537.36 (KHTML, like Gecko) Mobile Safari/537.36 (compatible; PetalBot;+https://webmaster.petalsearch.com/site/petalbot)"
114.119.147.86 - - [20/Jun/2022:14:28:37 +0000] "GET /node/312?share=reddit HTTP/1.1" 301 178 "https://mrchoke.org/node/312?replytocom=320&ak_action=accept_mobile" "Mozilla/5.0 (Linux; Android 7.0;) AppleWebKit/537.36 (KHTML, like Gecko) Mobile Safari/537.36 (compatible; PetalBot;+https://webmaster.petalsearch.com/site/petalbot)"
114.119.147.86 - - [20/Jun/2022:14:28:40 +0000] "GET /node/312/?share=reddit HTTP/1.1" 200 9083 "https://mrchoke.org/node/312?replytocom=320&ak_action=accept_mobile" "Mozilla/5.0 (Linux; Android 7.0;) AppleWebKit/537.36 (KHTML, like Gecko) Mobile Safari/537.36 (compatible; PetalBot;+https://webmaster.petalsearch.com/site/petalbot)"
212.227.70.205 - - [20/Jun/2022:14:29:19 +0000] "GET /defaul1.php HTTP/1.1" 404 197 "www.google.com" "Mozlila/5.0 (Linux; Android 7.0; SM-G892A Bulid/NRD90M; wv) AppleWebKit/537.36 (KHTML, like Gecko) Version/4.0 Chrome/60.0.3112.107 Moblie Safari/537.36"
212.227.70.205 - - [20/Jun/2022:14:29:26 +0000] "GET /defaul1.php HTTP/1.1" 404 197 "www.google.com" "Mozlila/5.0 (Linux; Android 7.0; SM-G892A Bulid/NRD90M; wv) AppleWebKit/537.36 (KHTML, like Gecko) Version/4.0 Chrome/60.0.3112.107 Moblie Safari/537.36"
212.227.70.205 - - [20/Jun/2022:14:29:35 +0000] "GET /xl33t.php HTTP/1.1" 404 197 "www.google.com" "Mozlila/5.0 (Linux; Android 7.0; SM-G892A Bulid/NRD90M; wv) AppleWebKit/537.36 (KHTML, like Gecko) Version/4.0 Chrome/60.0.3112.107 Moblie Safari/537.36"
212.227.70.205 - - [20/Jun/2022:14:29:41 +0000] "GET /xl33t.php HTTP/1.1" 404 197 "www.google.com" "Mozlila/5.0 (Linux; Android 7.0; SM-G892A Bulid/NRD90M; wv) AppleWebKit/537.36 (KHTML, like Gecko) Version/4.0 Chrome/60.0.3112.107 Moblie Safari/537.36"
212.227.70.205 - - [20/Jun/2022:14:29:45 +0000] "GET /wp-content/themes/twentyfive/include.php HTTP/1.1" 404 197 "www.google.com" "Mozlila/5.0 (Linux; Android 7.0; SM-G892A Bulid/NRD90M; wv) AppleWebKit/537.36 (KHTML, like Gecko) Version/4.0 Chrome/60.0.3112.107 Moblie Safari/537.36"
212.227.70.205 - - [20/Jun/2022:14:29:52 +0000] "GET /wp-content/themes/twentyfive/include.php HTTP/1.1" 302 154 "www.google.com" "Mozlila/5.0 (Linux; Android 7.0; SM-G892A Bulid/NRD90M; wv) AppleWebKit/537.36 (KHTML, like Gecko) Version/4.0 Chrome/60.0.3112.107 Moblie Safari/537.36"
212.227.70.205 - - [20/Jun/2022:14:29:57 +0000] "GET /wp-content/themes/twentyfive/include.php HTTP/1.1" 404 197 "www.google.com" "Mozlila/5.0 (Linux; Android 7.0; SM-G892A Bulid/NRD90M; wv) AppleWebKit/537.36 (KHTML, like Gecko) Version/4.0 Chrome/60.0.3112.107 Moblie Safari/537.36"
212.227.70.205 - - [20/Jun/2022:14:30:04 +0000] "GET /wp-content/xleet.php HTTP/1.1" 404 197 "www.google.com" "Mozlila/5.0 (Linux; Android 7.0; SM-G892A Bulid/NRD90M; wv) AppleWebKit/537.36 (KHTML, like Gecko) Version/4.0 Chrome/60.0.3112.107 Moblie Safari/537.36"
212.227.70.205 - - [20/Jun/2022:14:30:10 +0000] "GET /wp-content/xleet.php HTTP/1.1" 302 154 "www.google.com" "Mozlila/5.0 (Linux; Android 7.0; SM-G892A Bulid/NRD90M; wv) AppleWebKit/537.36 (KHTML, like Gecko) Version/4.0 Chrome/60.0.3112.107 Moblie Safari/537.36"
114.119.147.86 - - [20/Jun/2022:14:30:11 +0000] "GET /node/tag/jquery HTTP/1.1" 301 178 "https://mrchoke.org/node/1604?share=linkedin" "Mozilla/5.0 (Linux; Android 7.0;) AppleWebKit/537.36 (KHTML, like Gecko) Mobile Safari/537.36 (compatible; PetalBot;+https://webmaster.petalsearch.com/site/petalbot)"
212.227.70.205 - - [20/Jun/2022:14:30:14 +0000] "GET /wp-content/xleet.php HTTP/1.1" 404 197 "www.google.com" "Mozlila/5.0 (Linux; Android 7.0; SM-G892A Bulid/NRD90M; wv) AppleWebKit/537.36 (KHTML, like Gecko) Version/4.0 Chrome/60.0.3112.107 Moblie Safari/537.36"
114.119.147.86 - - [20/Jun/2022:14:30:14 +0000] "GET /node/tag/jquery/ HTTP/1.1" 200 8421 "https://mrchoke.org/node/1604?share=linkedin" "Mozilla/5.0 (Linux; Android 7.0;) AppleWebKit/537.36 (KHTML, like Gecko) Mobile Safari/537.36 (compatible; PetalBot;+https://webmaster.petalsearch.com/site/petalbot)"
212.227.70.205 - - [20/Jun/2022:14:30:22 +0000] "GET /wordpress/wp-content/themes/twentyfive/include.php HTTP/1.1" 404 197 "www.google.com" "Mozlila/5.0 (Linux; Android 7.0; SM-G892A Bulid/NRD90M; wv) AppleWebKit/537.36 (KHTML, like Gecko) Version/4.0 Chrome/60.0.3112.107 Moblie Safari/537.36"
212.227.70.205 - - [20/Jun/2022:14:30:30 +0000] "GET /wordpress/wp-content/themes/twentyfive/include.php HTTP/1.1" 404 197 "www.google.com" "Mozlila/5.0 (Linux; Android 7.0; SM-G892A Bulid/NRD90M; wv) AppleWebKit/537.36 (KHTML, like Gecko) Version/4.0 Chrome/60.0.3112.107 Moblie Safari/537.36"
212.227.70.205 - - [20/Jun/2022:14:30:35 +0000] "GET /xleet-shell.php HTTP/1.1" 404 197 "www.google.com" "Mozlila/5.0 (Linux; Android 7.0; SM-G892A Bulid/NRD90M; wv) AppleWebKit/537.36 (KHTML, like Gecko) Version/4.0 Chrome/60.0.3112.107 Moblie Safari/537.36"
212.227.70.205 - - [20/Jun/2022:14:30:40 +0000] "GET /xleet-shell.php HTTP/1.1" 404 197 "www.google.com" "Mozlila/5.0 (Linux; Android 7.0; SM-G892A Bulid/NRD90M; wv) AppleWebKit/537.36 (KHTML, like Gecko) Version/4.0 Chrome/60.0.3112.107 Moblie Safari/537.36"
212.227.70.205 - - [20/Jun/2022:14:30:47 +0000] "GET /wp-content/plugins/apikey/nocap.php HTTP/1.1" 404 197 "www.google.com" "Mozlila/5.0 (Linux; Android 7.0; SM-G892A Bulid/NRD90M; wv) AppleWebKit/537.36 (KHTML, like Gecko) Version/4.0 Chrome/60.0.3112.107 Moblie Safari/537.36"
212.227.70.205 - - [20/Jun/2022:14:30:52 +0000] "GET /wp-content/plugins/apikey/nocap.php HTTP/1.1" 302 154 "www.google.com" "Mozlila/5.0 (Linux; Android 7.0; SM-G892A Bulid/NRD90M; wv) AppleWebKit/537.36 (KHTML, like Gecko) Version/4.0 Chrome/60.0.3112.107 Moblie Safari/537.36"
212.227.70.205 - - [20/Jun/2022:14:30:56 +0000] "GET /wp-content/plugins/apikey/nocap.php HTTP/1.1" 404 197 "www.google.com" "Mozlila/5.0 (Linux; Android 7.0; SM-G892A Bulid/NRD90M; wv) AppleWebKit/537.36 (KHTML, like Gecko) Version/4.0 Chrome/60.0.3112.107 Moblie Safari/537.36"
212.227.70.205 - - [20/Jun/2022:14:31:06 +0000] "GET /inbexw.php HTTP/1.1" 404 197 "www.google.com" "Mozlila/5.0 (Linux; Android 7.0; SM-G892A Bulid/NRD90M; wv) AppleWebKit/537.36 (KHTML, like Gecko) Version/4.0 Chrome/60.0.3112.107 Moblie Safari/537.36"
212.227.70.205 - - [20/Jun/2022:14:31:10 +0000] "GET /inbexw.php HTTP/1.1" 404 197 "www.google.com" "Mozlila/5.0 (Linux; Android 7.0; SM-G892A Bulid/NRD90M; wv) AppleWebKit/537.36 (KHTML, like Gecko) Version/4.0 Chrome/60.0.3112.107 Moblie Safari/537.36"
212.227.70.205 - - [20/Jun/2022:14:31:14 +0000] "GET /wp-content/themes/sketch/404.php HTTP/1.1" 404 197 "www.google.com" "Mozlila/5.0 (Linux; Android 7.0; SM-G892A Bulid/NRD90M; wv) AppleWebKit/537.36 (KHTML, like Gecko) Version/4.0 Chrome/60.0.3112.107 Moblie Safari/537.36"
212.227.70.205 - - [20/Jun/2022:14:31:17 +0000] "GET /wp-content/themes/sketch/404.php HTTP/1.1" 302 154 "www.google.com" "Mozlila/5.0 (Linux; Android 7.0; SM-G892A Bulid/NRD90M; wv) AppleWebKit/537.36 (KHTML, like Gecko) Version/4.0 Chrome/60.0.3112.107 Moblie Safari/537.36"
212.227.70.205 - - [20/Jun/2022:14:31:21 +0000] "GET /wp-content/themes/sketch/404.php HTTP/1.1" 404 197 "www.google.com" "Mozlila/5.0 (Linux; Android 7.0; SM-G892A Bulid/NRD90M; wv) AppleWebKit/537.36 (KHTML, like Gecko) Version/4.0 Chrome/60.0.3112.107 Moblie Safari/537.36"
212.227.70.205 - - [20/Jun/2022:14:31:27 +0000] "GET /xleet.php HTTP/1.1" 404 197 "www.google.com" "Mozlila/5.0 (Linux; Android 7.0; SM-G892A Bulid/NRD90M; wv) AppleWebKit/537.36 (KHTML, like Gecko) Version/4.0 Chrome/60.0.3112.107 Moblie Safari/537.36"
212.227.70.205 - - [20/Jun/2022:14:31:31 +0000] "GET /xleet.php HTTP/1.1" 404 197 "www.google.com" "Mozlila/5.0 (Linux; Android 7.0; SM-G892A Bulid/NRD90M; wv) AppleWebKit/537.36 (KHTML, like Gecko) Version/4.0 Chrome/60.0.3112.107 Moblie Safari/537.36"
212.227.70.205 - - [20/Jun/2022:14:31:35 +0000] "GET /wp-admin/images/xleet.php HTTP/1.1" 404 197 "www.google.com" "Mozlila/5.0 (Linux; Android 7.0; SM-G892A Bulid/NRD90M; wv) AppleWebKit/537.36 (KHTML, like Gecko) Version/4.0 Chrome/60.0.3112.107 Moblie Safari/537.36"
212.227.70.205 - - [20/Jun/2022:14:31:44 +0000] "GET /wp-admin/images/xleet.php HTTP/1.1" 404 197 "www.google.com" "Mozlila/5.0 (Linux; Android 7.0; SM-G892A Bulid/NRD90M; wv) AppleWebKit/537.36 (KHTML, like Gecko) Version/4.0 Chrome/60.0.3112.107 Moblie Safari/537.36"
212.227.70.205 - - [20/Jun/2022:14:31:52 +0000] "GET /wp-admin/maint/xleet.php HTTP/1.1" 404 197 "www.google.com" "Mozlila/5.0 (Linux; Android 7.0; SM-G892A Bulid/NRD90M; wv) AppleWebKit/537.36 (KHTML, like Gecko) Version/4.0 Chrome/60.0.3112.107 Moblie Safari/537.36"
212.227.70.205 - - [20/Jun/2022:14:31:58 +0000] "GET /wp-admin/maint/xleet.php HTTP/1.1" 404 197 "www.google.com" "Mozlila/5.0 (Linux; Android 7.0; SM-G892A Bulid/NRD90M; wv) AppleWebKit/537.36 (KHTML, like Gecko) Version/4.0 Chrome/60.0.3112.107 Moblie Safari/537.36"
114.119.147.73 - - [20/Jun/2022:14:31:59 +0000] "GET /node/581/img_1728?share=linkedin HTTP/1.1" 302 154 "https://mrchoke.org/node/581/img_1728?ak_action=accept_mobile" "Mozilla/5.0 (Linux; Android 7.0;) AppleWebKit/537.36 (KHTML, like Gecko) Mobile Safari/537.36 (compatible; PetalBot;+https://webmaster.petalsearch.com/site/petalbot)"
114.119.147.73 - - [20/Jun/2022:14:32:02 +0000] "GET /node/581/img_1728?share=linkedin HTTP/1.1" 301 178 "https://mrchoke.org/node/581/img_1728?ak_action=accept_mobile" "Mozilla/5.0 (Linux; Android 7.0;) AppleWebKit/537.36 (KHTML, like Gecko) Mobile Safari/537.36 (compatible; PetalBot;+https://webmaster.petalsearch.com/site/petalbot)"
114.119.147.73 - - [20/Jun/2022:14:32:03 +0000] "GET /node/581/img_1728/?share=linkedin HTTP/1.1" 200 7872 "https://mrchoke.org/node/581/img_1728?ak_action=accept_mobile" "Mozilla/5.0 (Linux; Android 7.0;) AppleWebKit/537.36 (KHTML, like Gecko) Mobile Safari/537.36 (compatible; PetalBot;+https://webmaster.petalsearch.com/site/petalbot)"
212.227.70.205 - - [20/Jun/2022:14:32:04 +0000] "GET /wp-admin/meta/xleet.php HTTP/1.1" 404 197 "www.google.com" "Mozlila/5.0 (Linux; Android 7.0; SM-G892A Bulid/NRD90M; wv) AppleWebKit/537.36 (KHTML, like Gecko) Version/4.0 Chrome/60.0.3112.107 Moblie Safari/537.36"
212.227.70.205 - - [20/Jun/2022:14:32:08 +0000] "GET /wp-admin/meta/xleet.php HTTP/1.1" 404 197 "www.google.com" "Mozlila/5.0 (Linux; Android 7.0; SM-G892A Bulid/NRD90M; wv) AppleWebKit/537.36 (KHTML, like Gecko) Version/4.0 Chrome/60.0.3112.107 Moblie Safari/537.36"
212.227.70.205 - - [20/Jun/2022:14:32:14 +0000] "GET /wp-admin/network/xleet.php HTTP/1.1" 404 197 "www.google.com" "Mozlila/5.0 (Linux; Android 7.0; SM-G892A Bulid/NRD90M; wv) AppleWebKit/537.36 (KHTML, like Gecko) Version/4.0 Chrome/60.0.3112.107 Moblie Safari/537.36"
216.244.66.229 - - [20/Jun/2022:14:32:14 +0000] "GET /robots.txt HTTP/1.1" 404 162 "-" "Mozilla/5.0 (compatible; DotBot/1.2; +https://opensiteexplorer.org/dotbot; help@moz.com)"
212.227.70.205 - - [20/Jun/2022:14:32:21 +0000] "GET /wp-admin/network/xleet.php HTTP/1.1" 404 197 "www.google.com" "Mozlila/5.0 (Linux; Android 7.0; SM-G892A Bulid/NRD90M; wv) AppleWebKit/537.36 (KHTML, like Gecko) Version/4.0 Chrome/60.0.3112.107 Moblie Safari/537.36"
212.227.70.205 - - [20/Jun/2022:14:32:25 +0000] "GET /wp-admin/user/xleet.php HTTP/1.1" 404 197 "www.google.com" "Mozlila/5.0 (Linux; Android 7.0; SM-G892A Bulid/NRD90M; wv) AppleWebKit/537.36 (KHTML, like Gecko) Version/4.0 Chrome/60.0.3112.107 Moblie Safari/537.36"
212.227.70.205 - - [20/Jun/2022:14:32:32 +0000] "GET /wp-admin/user/xleet.php HTTP/1.1" 404 197 "www.google.com" "Mozlila/5.0 (Linux; Android 7.0; SM-G892A Bulid/NRD90M; wv) AppleWebKit/537.36 (KHTML, like Gecko) Version/4.0 Chrome/60.0.3112.107 Moblie Safari/537.36"
212.227.70.205 - - [20/Jun/2022:14:32:41 +0000] "GET /wp-admin/includes/xleet.php HTTP/1.1" 404 197 "www.google.com" "Mozlila/5.0 (Linux; Android 7.0; SM-G892A Bulid/NRD90M; wv) AppleWebKit/537.36 (KHTML, like Gecko) Version/4.0 Chrome/60.0.3112.107 Moblie Safari/537.36"
212.227.70.205 - - [20/Jun/2022:14:32:46 +0000] "GET /wp-admin/includes/xleet.php HTTP/1.1" 404 197 "www.google.com" "Mozlila/5.0 (Linux; Android 7.0; SM-G892A Bulid/NRD90M; wv) AppleWebKit/537.36 (KHTML, like Gecko) Version/4.0 Chrome/60.0.3112.107 Moblie Safari/537.36"
212.227.70.205 - - [20/Jun/2022:14:32:51 +0000] "GET /wp-admin/css/xleet.php HTTP/1.1" 404 197 "www.google.com" "Mozlila/5.0 (Linux; Android 7.0; SM-G892A Bulid/NRD90M; wv) AppleWebKit/537.36 (KHTML, like Gecko) Version/4.0 Chrome/60.0.3112.107 Moblie Safari/537.36"
212.227.70.205 - - [20/Jun/2022:14:32:55 +0000] "GET /wp-admin/css/xleet.php HTTP/1.1" 404 197 "www.google.com" "Mozlila/5.0 (Linux; Android 7.0; SM-G892A Bulid/NRD90M; wv) AppleWebKit/537.36 (KHTML, like Gecko) Version/4.0 Chrome/60.0.3112.107 Moblie Safari/537.36"
212.227.70.205 - - [20/Jun/2022:14:32:59 +0000] "GET /wordpress/wp-content/themes/sketch/404.php HTTP/1.1" 404 197 "www.google.com" "Mozlila/5.0 (Linux; Android 7.0; SM-G892A Bulid/NRD90M; wv) AppleWebKit/537.36 (KHTML, like Gecko) Version/4.0 Chrome/60.0.3112.107 Moblie Safari/537.36"
212.227.70.205 - - [20/Jun/2022:14:33:05 +0000] "GET /wordpress/wp-content/themes/sketch/404.php HTTP/1.1" 404 197 "www.google.com" "Mozlila/5.0 (Linux; Android 7.0; SM-G892A Bulid/NRD90M; wv) AppleWebKit/537.36 (KHTML, like Gecko) Version/4.0 Chrome/60.0.3112.107 Moblie Safari/537.36"
212.227.70.205 - - [20/Jun/2022:14:33:12 +0000] "GET /wp-includes/xleet.php HTTP/1.1" 404 197 "www.google.com" "Mozlila/5.0 (Linux; Android 7.0; SM-G892A Bulid/NRD90M; wv) AppleWebKit/537.36 (KHTML, like Gecko) Version/4.0 Chrome/60.0.3112.107 Moblie Safari/537.36"
212.227.70.205 - - [20/Jun/2022:14:33:18 +0000] "GET /wp-includes/xleet.php HTTP/1.1" 302 154 "www.google.com" "Mozlila/5.0 (Linux; Android 7.0; SM-G892A Bulid/NRD90M; wv) AppleWebKit/537.36 (KHTML, like Gecko) Version/4.0 Chrome/60.0.3112.107 Moblie Safari/537.36"
212.227.70.205 - - [20/Jun/2022:14:33:21 +0000] "GET /wp-includes/xleet.php HTTP/1.1" 404 197 "www.google.com" "Mozlila/5.0 (Linux; Android 7.0; SM-G892A Bulid/NRD90M; wv) AppleWebKit/537.36 (KHTML, like Gecko) Version/4.0 Chrome/60.0.3112.107 Moblie Safari/537.36"
212.227.70.205 - - [20/Jun/2022:14:33:26 +0000] "GET /wp-content/uploads/xleet.php HTTP/1.1" 404 197 "www.google.com" "Mozlila/5.0 (Linux; Android 7.0; SM-G892A Bulid/NRD90M; wv) AppleWebKit/537.36 (KHTML, like Gecko) Version/4.0 Chrome/60.0.3112.107 Moblie Safari/537.36"
212.227.70.205 - - [20/Jun/2022:14:33:31 +0000] "GET /wp-content/uploads/xleet.php HTTP/1.1" 302 154 "www.google.com" "Mozlila/5.0 (Linux; Android 7.0; SM-G892A Bulid/NRD90M; wv) AppleWebKit/537.36 (KHTML, like Gecko) Version/4.0 Chrome/60.0.3112.107 Moblie Safari/537.36"
212.227.70.205 - - [20/Jun/2022:14:33:34 +0000] "GET /wp-content/uploads/xleet.php HTTP/1.1" 404 197 "www.google.com" "Mozlila/5.0 (Linux; Android 7.0; SM-G892A Bulid/NRD90M; wv) AppleWebKit/537.36 (KHTML, like Gecko) Version/4.0 Chrome/60.0.3112.107 Moblie Safari/537.36"
212.227.70.205 - - [20/Jun/2022:14:33:43 +0000] "GET /.well-known/xleet.php HTTP/1.1" 404 197 "www.google.com" "Mozlila/5.0 (Linux; Android 7.0; SM-G892A Bulid/NRD90M; wv) AppleWebKit/537.36 (KHTML, like Gecko) Version/4.0 Chrome/60.0.3112.107 Moblie Safari/537.36"
212.227.70.205 - - [20/Jun/2022:14:33:46 +0000] "GET /.well-known/xleet.php HTTP/1.1" 404 197 "www.google.com" "Mozlila/5.0 (Linux; Android 7.0; SM-G892A Bulid/NRD90M; wv) AppleWebKit/537.36 (KHTML, like Gecko) Version/4.0 Chrome/60.0.3112.107 Moblie Safari/537.36"
185.191.171.45 - - [20/Jun/2022:14:33:47 +0000] "GET /node/date/2005/07/page/3 HTTP/1.1" 302 154 "-" "Mozilla/5.0 (compatible; SemrushBot/7~bl; +http://www.semrush.com/bot.html)"
185.191.171.1 - - [20/Jun/2022:14:33:48 +0000] "GET /robots.txt HTTP/1.1" 404 134 "-" "Mozilla/5.0 (compatible; SemrushBot/7~bl; +http://www.semrush.com/bot.html)"
185.191.171.5 - - [20/Jun/2022:14:33:49 +0000] "GET /node/date/2005/07/page/3 HTTP/1.1" 301 178 "-" "Mozilla/5.0 (compatible; SemrushBot/7~bl; +http://www.semrush.com/bot.html)"
185.191.171.4 - - [20/Jun/2022:14:33:52 +0000] "GET /node/date/2005/07/page/3/ HTTP/1.1" 200 15403 "-" "Mozilla/5.0 (compatible; SemrushBot/7~bl; +http://www.semrush.com/bot.html)"
114.119.147.97 - - [20/Jun/2022:14:33:55 +0000] "GET /node/408?share=twitter HTTP/1.1" 302 154 "https://mrchoke.org/node/408?ak_action=accept_mobile" "Mozilla/5.0 (Linux; Android 7.0;) AppleWebKit/537.36 (KHTML, like Gecko) Mobile Safari/537.36 (compatible; PetalBot;+https://webmaster.petalsearch.com/site/petalbot)"
114.119.147.97 - - [20/Jun/2022:14:33:59 +0000] "GET /node/408?share=twitter HTTP/1.1" 301 178 "https://mrchoke.org/node/408?ak_action=accept_mobile" "Mozilla/5.0 (Linux; Android 7.0;) AppleWebKit/537.36 (KHTML, like Gecko) Mobile Safari/537.36 (compatible; PetalBot;+https://webmaster.petalsearch.com/site/petalbot)"
114.119.147.97 - - [20/Jun/2022:14:34:04 +0000] "GET /node/408/?share=twitter HTTP/1.1" 200 8412 "https://mrchoke.org/node/408?ak_action=accept_mobile" "Mozilla/5.0 (Linux; Android 7.0;) AppleWebKit/537.36 (KHTML, like Gecko) Mobile Safari/537.36 (compatible; PetalBot;+https://webmaster.petalsearch.com/site/petalbot)"
66.249.71.204 - - [20/Jun/2022:14:34:25 +0000] "GET /robots.txt HTTP/1.1" 404 134 "-" "Mozilla/5.0 (compatible; Googlebot/2.1; +http://www.google.com/bot.html)"
66.249.71.200 - - [20/Jun/2022:14:34:26 +0000] "GET /node/tag/bike/page/4?ak_action=reject_mobile HTTP/1.1" 302 154 "-" "Mozilla/5.0 (Linux; Android 6.0.1; Nexus 5X Build/MMB29P) AppleWebKit/537.36 (KHTML, like Gecko) Chrome/102.0.5005.115 Mobile Safari/537.36 (compatible; Googlebot/2.1; +http://www.google.com/bot.html)"
66.249.71.210 - - [20/Jun/2022:14:34:27 +0000] "GET /node/tag/bike/page/4?ak_action=reject_mobile HTTP/1.1" 301 178 "-" "Mozilla/5.0 (Linux; Android 6.0.1; Nexus 5X Build/MMB29P) AppleWebKit/537.36 (KHTML, like Gecko) Chrome/102.0.5005.115 Mobile Safari/537.36 (compatible; Googlebot/2.1; +http://www.google.com/bot.html)"
66.249.71.180 - - [20/Jun/2022:14:34:27 +0000] "GET /node/tag/bike/page/4/?ak_action=reject_mobile HTTP/1.1" 200 17406 "-" "Mozilla/5.0 (Linux; Android 6.0.1; Nexus 5X Build/MMB29P) AppleWebKit/537.36 (KHTML, like Gecko) Chrome/102.0.5005.115 Mobile Safari/537.36 (compatible; Googlebot/2.1; +http://www.google.com/bot.html)"
109.237.103.118 - - [20/Jun/2022:14:34:51 +0000] "GET /.aws/credentials HTTP/1.1" 400 666 "-" "Mozilla/5.0 (X11; Linux x86_64) AppleWebKit/537.36 (KHTML, like Gecko) Chrome/81.0.4044.129 Safari/537.36"
109.237.103.118 - - [20/Jun/2022:14:34:51 +0000] "GET /.aws/credentials HTTP/1.1" 301 178 "-" "Mozilla/5.0 (X11; Linux x86_64) AppleWebKit/537.36 (KHTML, like Gecko) Chrome/81.0.4044.129 Safari/537.36"
109.237.103.118 - - [20/Jun/2022:14:34:53 +0000] "POST /.aws/credentials HTTP/1.1" 301 178 "-" "Mozilla/5.0 (X11; Linux x86_64) AppleWebKit/537.36 (KHTML, like Gecko) Chrome/81.0.4044.129 Safari/537.36"
114.119.147.73 - - [20/Jun/2022:14:35:17 +0000] "GET /node/224?ak_action=reject_mobile HTTP/1.1" 302 154 "https://mrchoke.org/node/224?ak_action=accept_mobile" "Mozilla/5.0 (Linux; Android 7.0;) AppleWebKit/537.36 (KHTML, like Gecko) Mobile Safari/537.36 (compatible; PetalBot;+https://webmaster.petalsearch.com/site/petalbot)"
114.119.147.73 - - [20/Jun/2022:14:35:21 +0000] "GET /node/224?ak_action=reject_mobile HTTP/1.1" 301 178 "https://mrchoke.org/node/224?ak_action=accept_mobile" "Mozilla/5.0 (Linux; Android 7.0;) AppleWebKit/537.36 (KHTML, like Gecko) Mobile Safari/537.36 (compatible; PetalBot;+https://webmaster.petalsearch.com/site/petalbot)"
114.119.147.73 - - [20/Jun/2022:14:35:25 +0000] "GET /node/224/?ak_action=reject_mobile HTTP/1.1" 200 8570 "https://mrchoke.org/node/224?ak_action=accept_mobile" "Mozilla/5.0 (Linux; Android 7.0;) AppleWebKit/537.36 (KHTML, like Gecko) Mobile Safari/537.36 (compatible; PetalBot;+https://webmaster.petalsearch.com/site/petalbot)"
216.244.66.229 - - [20/Jun/2022:14:35:27 +0000] "GET /wp-content/uploads/2016/05/img_1321.jpg HTTP/1.1" 404 162 "-" "Mozilla/5.0 (compatible; DotBot/1.2; +https://opensiteexplorer.org/dotbot; help@moz.com)"
66.249.71.180 - - [20/Jun/2022:14:36:42 +0000] "GET /robots.txt HTTP/1.1" 404 134 "-" "Mozilla/5.0 (compatible; Googlebot/2.1; +http://www.google.com/bot.html)"
66.249.79.126 - - [20/Jun/2022:14:36:42 +0000] "GET / HTTP/1.1" 200 396 "-" "Mozilla/5.0 (Linux; Android 6.0.1; Nexus 5X Build/MMB29P) AppleWebKit/537.36 (KHTML, like Gecko) Chrome/102.0.5005.115 Mobile Safari/537.36 (compatible; Googlebot/2.1; +http://www.google.com/bot.html)"
114.119.147.75 - - [20/Jun/2022:14:37:04 +0000] "GET /node/191 HTTP/1.1" 404 134 "http://www.mrchoke.org/node/date/2007/05/24" "Mozilla/5.0 (Linux; Android 7.0;) AppleWebKit/537.36 (KHTML, like Gecko) Mobile Safari/537.36 (compatible; PetalBot;+https://webmaster.petalsearch.com/site/petalbot)"
114.119.147.81 - - [20/Jun/2022:14:38:59 +0000] "GET /node/1348/img_7220?share=twitter HTTP/1.1" 302 154 "https://mrchoke.org/node/1348/img_7220" "Mozilla/5.0 (Linux; Android 7.0;) AppleWebKit/537.36 (KHTML, like Gecko) Mobile Safari/537.36 (compatible; PetalBot;+https://webmaster.petalsearch.com/site/petalbot)"
114.119.147.81 - - [20/Jun/2022:14:39:10 +0000] "GET /node/1348/img_7220?share=twitter HTTP/1.1" 301 178 "https://mrchoke.org/node/1348/img_7220" "Mozilla/5.0 (Linux; Android 7.0;) AppleWebKit/537.36 (KHTML, like Gecko) Mobile Safari/537.36 (compatible; PetalBot;+https://webmaster.petalsearch.com/site/petalbot)"
107.187.124.17 - - [20/Jun/2022:14:39:27 +0000] "GET /.env HTTP/1.1" 404 197 "-" "Mozilla/5.0 (X11; Linux x86_64) AppleWebKit/537.36 (KHTML, like Gecko) Chrome/81.0.4044.129 Safari/537.36"
107.187.124.17 - - [20/Jun/2022:14:39:27 +0000] "POST / HTTP/1.1" 405 568 "-" "Mozilla/5.0 (X11; Linux x86_64) AppleWebKit/537.36 (KHTML, like Gecko) Chrome/81.0.4044.129 Safari/537.36"
114.119.147.81 - - [20/Jun/2022:14:40:41 +0000] "GET /node/939 HTTP/1.1" 302 154 "https://mrchoke.org/node/939/img_6419" "Mozilla/5.0 (Linux; Android 7.0;) AppleWebKit/537.36 (KHTML, like Gecko) Mobile Safari/537.36 (compatible; PetalBot;+https://webmaster.petalsearch.com/site/petalbot)"
114.119.147.81 - - [20/Jun/2022:14:40:51 +0000] "GET /node/939 HTTP/1.1" 301 178 "https://mrchoke.org/node/939/img_6419" "Mozilla/5.0 (Linux; Android 7.0;) AppleWebKit/537.36 (KHTML, like Gecko) Mobile Safari/537.36 (compatible; PetalBot;+https://webmaster.petalsearch.com/site/petalbot)"
114.119.147.81 - - [20/Jun/2022:14:41:02 +0000] "GET /node/939/ HTTP/1.1" 200 11162 "https://mrchoke.org/node/939/img_6419" "Mozilla/5.0 (Linux; Android 7.0;) AppleWebKit/537.36 (KHTML, like Gecko) Mobile Safari/537.36 (compatible; PetalBot;+https://webmaster.petalsearch.com/site/petalbot)"
114.119.147.74 - - [20/Jun/2022:14:42:45 +0000] "GET /node/317 HTTP/1.1" 404 134 "http://www.mrchoke.org/node/7" "Mozilla/5.0 (Linux; Android 7.0;) AppleWebKit/537.36 (KHTML, like Gecko) Mobile Safari/537.36 (compatible; PetalBot;+https://webmaster.petalsearch.com/site/petalbot)"
185.191.171.43 - - [20/Jun/2022:14:42:55 +0000] "GET /node/397 HTTP/1.1" 301 178 "-" "Mozilla/5.0 (compatible; SemrushBot/7~bl; +http://www.semrush.com/bot.html)"
185.191.171.24 - - [20/Jun/2022:14:42:57 +0000] "GET /node/397/ HTTP/1.1" 200 8680 "-" "Mozilla/5.0 (compatible; SemrushBot/7~bl; +http://www.semrush.com/bot.html)"
51.222.253.9 - - [20/Jun/2022:14:43:02 +0000] "GET /node/date/2005/05/07 HTTP/2.0" 301 178 "-" "Mozilla/5.0 (compatible; AhrefsBot/7.0; +http://ahrefs.com/robot/)"
114.119.147.73 - - [20/Jun/2022:14:44:11 +0000] "GET /node/984/img_6458?share=reddit HTTP/1.1" 302 154 "https://mrchoke.org/node/984/img_6458?ak_action=accept_mobile" "Mozilla/5.0 (Linux; Android 7.0;) AppleWebKit/537.36 (KHTML, like Gecko) Mobile Safari/537.36 (compatible; PetalBot;+https://webmaster.petalsearch.com/site/petalbot)"
114.119.147.73 - - [20/Jun/2022:14:44:19 +0000] "GET /node/984/img_6458?share=reddit HTTP/1.1" 301 178 "https://mrchoke.org/node/984/img_6458?ak_action=accept_mobile" "Mozilla/5.0 (Linux; Android 7.0;) AppleWebKit/537.36 (KHTML, like Gecko) Mobile Safari/537.36 (compatible; PetalBot;+https://webmaster.petalsearch.com/site/petalbot)"
216.244.66.229 - - [20/Jun/2022:14:44:19 +0000] "GET /node/1348/?share=google-plus-1 HTTP/1.1" 404 162 "-" "Mozilla/5.0 (compatible; DotBot/1.2; +https://opensiteexplorer.org/dotbot; help@moz.com)"
216.244.66.229 - - [20/Jun/2022:14:44:24 +0000] "GET /node/449/?share=google-plus-1 HTTP/1.1" 404 162 "-" "Mozilla/5.0 (compatible; DotBot/1.2; +https://opensiteexplorer.org/dotbot; help@moz.com)"
