66.249.71.25 - - [29/Jun/2022:13:37:08 +0000] "GET /img_6869/ HTTP/1.1" 200 7890 "-" "Mozilla/5.0 (Linux; Android 6.0.1; Nexus 5X Build/MMB29P) AppleWebKit/537.36 (KHTML, like Gecko) Chrome/103.0.5060.53 Mobile Safari/537.36 (compatible; Googlebot/2.1; +http://www.google.com/bot.html)"
51.222.253.20 - - [29/Jun/2022:13:37:24 +0000] "GET /node/date/2014/01/31/ HTTP/2.0" 200 9082 "-" "Mozilla/5.0 (compatible; AhrefsBot/7.0; +http://ahrefs.com/robot/)"
185.7.214.104 - - [29/Jun/2022:13:37:50 +0000] "GET / HTTP/1.1" 301 178 "-" "Mozilla/5.0 (Windows NT 10.0; Win64; x64) AppleWebKit/537.36 (KHTML, like Gecko) Chrome/78.0.3904.108 Safari/537.36"
51.222.253.16 - - [29/Jun/2022:13:38:55 +0000] "GET /node/date/2006/11/03/ HTTP/2.0" 200 8190 "-" "Mozilla/5.0 (compatible; AhrefsBot/7.0; +http://ahrefs.com/robot/)"
216.244.66.229 - - [29/Jun/2022:13:39:24 +0000] "GET /feed/?attachment_id=1383 HTTP/1.1" 404 162 "-" "Mozilla/5.0 (compatible; DotBot/1.2; +https://opensiteexplorer.org/dotbot; help@moz.com)"
207.46.13.174 - - [29/Jun/2022:13:40:28 +0000] "GET /node/45 HTTP/2.0" 302 154 "-" "Mozilla/5.0 (compatible; bingbot/2.0; +http://www.bing.com/bingbot.htm)"
51.222.253.9 - - [29/Jun/2022:13:40:32 +0000] "GET /node/date/2004/09/01/ HTTP/2.0" 200 8033 "-" "Mozilla/5.0 (compatible; AhrefsBot/7.0; +http://ahrefs.com/robot/)"
207.46.13.174 - - [29/Jun/2022:13:40:38 +0000] "GET /node/45 HTTP/2.0" 301 178 "-" "Mozilla/5.0 (compatible; bingbot/2.0; +http://www.bing.com/bingbot.htm)"
207.46.13.174 - - [29/Jun/2022:13:40:48 +0000] "GET /node/45/ HTTP/2.0" 304 0 "-" "Mozilla/5.0 (compatible; bingbot/2.0; +http://www.bing.com/bingbot.htm)"
51.222.253.10 - - [29/Jun/2022:13:42:10 +0000] "GET /node/tag/polar/ HTTP/2.0" 200 11929 "-" "Mozilla/5.0 (compatible; AhrefsBot/7.0; +http://ahrefs.com/robot/)"
51.222.253.8 - - [29/Jun/2022:13:43:41 +0000] "GET /node/date/2006/09/02/ HTTP/2.0" 200 9707 "-" "Mozilla/5.0 (compatible; AhrefsBot/7.0; +http://ahrefs.com/robot/)"
51.222.253.12 - - [29/Jun/2022:13:45:09 +0000] "GET /node/date/2006/03/10/ HTTP/2.0" 200 9582 "-" "Mozilla/5.0 (compatible; AhrefsBot/7.0; +http://ahrefs.com/robot/)"
51.222.253.5 - - [29/Jun/2022:13:46:51 +0000] "GET /node/date/2014/01/28/ HTTP/2.0" 200 9923 "-" "Mozilla/5.0 (compatible; AhrefsBot/7.0; +http://ahrefs.com/robot/)"
51.222.253.16 - - [29/Jun/2022:13:48:31 +0000] "GET /node/date/2014/01/04/ HTTP/2.0" 200 8717 "-" "Mozilla/5.0 (compatible; AhrefsBot/7.0; +http://ahrefs.com/robot/)"
51.222.253.12 - - [29/Jun/2022:13:50:05 +0000] "GET /node/date/2014/01/29/ HTTP/2.0" 200 9766 "-" "Mozilla/5.0 (compatible; AhrefsBot/7.0; +http://ahrefs.com/robot/)"
51.222.253.2 - - [29/Jun/2022:13:52:28 +0000] "GET /node/date/2004/12/14/ HTTP/2.0" 200 7969 "-" "Mozilla/5.0 (compatible; AhrefsBot/7.0; +http://ahrefs.com/robot/)"
40.77.167.46 - - [29/Jun/2022:13:54:14 +0000] "GET /node/118/feed HTTP/2.0" 301 178 "-" "Mozilla/5.0 (compatible; bingbot/2.0; +http://www.bing.com/bingbot.htm)"
40.77.167.46 - - [29/Jun/2022:13:54:24 +0000] "GET /node/118/feed/ HTTP/2.0" 403 123 "-" "Mozilla/5.0 (compatible; bingbot/2.0; +http://www.bing.com/bingbot.htm)"
51.222.253.3 - - [29/Jun/2022:13:54:52 +0000] "GET /node/date/2007/11/11/ HTTP/2.0" 200 8026 "-" "Mozilla/5.0 (compatible; AhrefsBot/7.0; +http://ahrefs.com/robot/)"
51.222.253.18 - - [29/Jun/2022:13:58:03 +0000] "GET /node/date/2005/02/27/ HTTP/2.0" 200 7941 "-" "Mozilla/5.0 (compatible; AhrefsBot/7.0; +http://ahrefs.com/robot/)"
185.191.171.41 - - [29/Jun/2022:13:58:25 +0000] "GET /robots.txt HTTP/1.1" 404 134 "-" "Mozilla/5.0 (compatible; SemrushBot/7~bl; +http://www.semrush.com/bot.html)"
185.191.171.37 - - [29/Jun/2022:13:58:26 +0000] "GET /node/939/img_6399 HTTP/1.1" 301 178 "-" "Mozilla/5.0 (compatible; SemrushBot/7~bl; +http://www.semrush.com/bot.html)"
185.191.171.23 - - [29/Jun/2022:13:58:28 +0000] "GET /node/939/img_6399/ HTTP/1.1" 200 7886 "-" "Mozilla/5.0 (compatible; SemrushBot/7~bl; +http://www.semrush.com/bot.html)"
66.249.71.28 - - [29/Jun/2022:13:59:38 +0000] "GET /node/1101/ HTTP/1.1" 200 10676 "-" "Mozilla/5.0 (Linux; Android 6.0.1; Nexus 5X Build/MMB29P) AppleWebKit/537.36 (KHTML, like Gecko) Chrome/103.0.5060.53 Mobile Safari/537.36 (compatible; Googlebot/2.1; +http://www.google.com/bot.html)"
51.222.253.17 - - [29/Jun/2022:13:59:53 +0000] "GET /node/date/2005/11/16/ HTTP/2.0" 200 9213 "-" "Mozilla/5.0 (compatible; AhrefsBot/7.0; +http://ahrefs.com/robot/)"
37.0.8.54 - - [29/Jun/2022:14:00:48 +0000] "GET /muieblackcat HTTP/1.1" 404 134 "-" "-"
37.0.8.54 - - [29/Jun/2022:14:00:48 +0000] "GET //phpMyAdmin/scripts/setup.php HTTP/1.1" 404 134 "-" "-"
37.0.8.54 - - [29/Jun/2022:14:00:50 +0000] "GET //phpmyadmin/scripts/setup.php HTTP/1.1" 404 134 "-" "-"
37.0.8.54 - - [29/Jun/2022:14:00:50 +0000] "GET //pma/scripts/setup.php HTTP/1.1" 404 134 "-" "-"
37.0.8.54 - - [29/Jun/2022:14:00:51 +0000] "GET //myadmin/scripts/setup.php HTTP/1.1" 404 134 "-" "-"
37.0.8.54 - - [29/Jun/2022:14:00:51 +0000] "GET //MyAdmin/scripts/setup.php HTTP/1.1" 404 134 "-" "-"
51.222.253.12 - - [29/Jun/2022:14:01:36 +0000] "GET /node/date/2005/12/19/ HTTP/2.0" 200 7539 "-" "Mozilla/5.0 (compatible; AhrefsBot/7.0; +http://ahrefs.com/robot/)"
170.106.176.49 - - [29/Jun/2022:14:03:08 +0000] "GET / HTTP/1.1" 301 178 "-" "curl/7.64.1"
51.222.253.7 - - [29/Jun/2022:14:03:20 +0000] "GET /node/date/2007/06/18/ HTTP/2.0" 200 8198 "-" "Mozilla/5.0 (compatible; AhrefsBot/7.0; +http://ahrefs.com/robot/)"
51.222.253.10 - - [29/Jun/2022:14:04:56 +0000] "GET /node/tag/audax300/ HTTP/2.0" 200 10358 "-" "Mozilla/5.0 (compatible; AhrefsBot/7.0; +http://ahrefs.com/robot/)"
51.222.253.8 - - [29/Jun/2022:14:06:30 +0000] "GET /node/date/2008/01/21/ HTTP/2.0" 200 8244 "-" "Mozilla/5.0 (compatible; AhrefsBot/7.0; +http://ahrefs.com/robot/)"
51.222.253.16 - - [29/Jun/2022:14:08:11 +0000] "GET /node/tag/tax/ HTTP/2.0" 200 9972 "-" "Mozilla/5.0 (compatible; AhrefsBot/7.0; +http://ahrefs.com/robot/)"
40.77.167.43 - - [29/Jun/2022:14:09:15 +0000] "GET / HTTP/2.0" 301 178 "-" "Mozilla/5.0 (compatible; bingbot/2.0; +http://www.bing.com/bingbot.htm)"
51.222.253.4 - - [29/Jun/2022:14:11:27 +0000] "GET /node/tag/train/ HTTP/2.0" 200 9118 "-" "Mozilla/5.0 (compatible; AhrefsBot/7.0; +http://ahrefs.com/robot/)"
51.222.253.8 - - [29/Jun/2022:14:14:39 +0000] "GET /node/date/2005/03/17/ HTTP/2.0" 200 8309 "-" "Mozilla/5.0 (compatible; AhrefsBot/7.0; +http://ahrefs.com/robot/)"
51.222.253.2 - - [29/Jun/2022:14:17:59 +0000] "GET /node/date/2007/07/10/ HTTP/2.0" 200 8039 "-" "Mozilla/5.0 (compatible; AhrefsBot/7.0; +http://ahrefs.com/robot/)"
51.222.253.17 - - [29/Jun/2022:14:21:32 +0000] "GET /node/date/2006/11/16/ HTTP/2.0" 200 7820 "-" "Mozilla/5.0 (compatible; AhrefsBot/7.0; +http://ahrefs.com/robot/)"
66.249.71.25 - - [29/Jun/2022:14:22:08 +0000] "GET /img_6680/ HTTP/1.1" 200 7892 "-" "Mozilla/5.0 (Linux; Android 6.0.1; Nexus 5X Build/MMB29P) AppleWebKit/537.36 (KHTML, like Gecko) Chrome/103.0.5060.53 Mobile Safari/537.36 (compatible; Googlebot/2.1; +http://www.google.com/bot.html)"
185.191.171.1 - - [29/Jun/2022:14:23:08 +0000] "GET /node/459 HTTP/1.1" 301 178 "-" "Mozilla/5.0 (compatible; SemrushBot/7~bl; +http://www.semrush.com/bot.html)"
185.191.171.34 - - [29/Jun/2022:14:23:11 +0000] "GET /node/459/ HTTP/1.1" 200 10503 "-" "Mozilla/5.0 (compatible; SemrushBot/7~bl; +http://www.semrush.com/bot.html)"
51.222.253.14 - - [29/Jun/2022:14:25:06 +0000] "GET /node/tag/remote-desktop/ HTTP/2.0" 200 8496 "-" "Mozilla/5.0 (compatible; AhrefsBot/7.0; +http://ahrefs.com/robot/)"
104.217.249.182 - - [29/Jun/2022:14:27:29 +0000] "POST /boaform/admin/formLogin HTTP/1.1" 404 134 "http://188.166.238.131:80/admin/login.asp" "Mozilla/5.0 (X11; Ubuntu; Linux x86_64; rv:71.0) Gecko/20100101 Firefox/71.0"
104.217.249.182 - - [29/Jun/2022:14:27:29 +0000] "" 400 0 "-" "-"
216.244.66.229 - - [29/Jun/2022:14:28:02 +0000] "GET /robots.txt HTTP/1.1" 404 162 "-" "Mozilla/5.0 (compatible; DotBot/1.2; +https://opensiteexplorer.org/dotbot; help@moz.com)"
51.222.253.11 - - [29/Jun/2022:14:28:51 +0000] "GET /node/date/2006/07/12/ HTTP/2.0" 200 7777 "-" "Mozilla/5.0 (compatible; AhrefsBot/7.0; +http://ahrefs.com/robot/)"
124.221.248.242 - - [29/Jun/2022:14:29:09 +0000] "GET / HTTP/1.1" 200 396 "-" "Mozilla/5.0 (Linux; Android 6.0; Nexus 5 Build/MRA58N) AppleWebKit/537.36 (KHTML, like Gecko) Chrome/81.0.4044.138 Mobile Safari/537.36"
185.191.171.34 - - [29/Jun/2022:14:29:19 +0000] "GET /node/1255/img_6804 HTTP/1.1" 301 178 "-" "Mozilla/5.0 (compatible; SemrushBot/7~bl; +http://www.semrush.com/bot.html)"
185.191.171.16 - - [29/Jun/2022:14:29:21 +0000] "GET /node/1255/img_6804/ HTTP/1.1" 200 7983 "-" "Mozilla/5.0 (compatible; SemrushBot/7~bl; +http://www.semrush.com/bot.html)"
20.248.190.109 - - [29/Jun/2022:14:29:39 +0000] "GET /.env HTTP/1.1" 404 134 "-" "Mozilla/5.0 (Linux; U; Android 4.4.2; en-US; HM NOTE 1W Build/KOT49H) AppleWebKit/534.30 (KHTML, like Gecko) Version/4.0 UCBrowser/11.0.5.850 U3/0.8.0 Mobile Safari/534.30"
20.248.190.109 - - [29/Jun/2022:14:29:40 +0000] "POST / HTTP/1.1" 405 166 "-" "Mozilla/5.0 (Linux; U; Android 4.4.2; en-US; HM NOTE 1W Build/KOT49H) AppleWebKit/534.30 (KHTML, like Gecko) Version/4.0 UCBrowser/11.0.5.850 U3/0.8.0 Mobile Safari/534.30"
20.248.190.109 - - [29/Jun/2022:14:29:40 +0000] "GET /.env HTTP/1.1" 301 178 "-" "Mozilla/5.0 (Linux; U; Android 4.4.2; en-US; HM NOTE 1W Build/KOT49H) AppleWebKit/534.30 (KHTML, like Gecko) Version/4.0 UCBrowser/11.0.5.850 U3/0.8.0 Mobile Safari/534.30"
20.248.190.109 - - [29/Jun/2022:14:29:40 +0000] "POST / HTTP/1.1" 301 178 "-" "Mozilla/5.0 (Linux; U; Android 4.4.2; en-US; HM NOTE 1W Build/KOT49H) AppleWebKit/534.30 (KHTML, like Gecko) Version/4.0 UCBrowser/11.0.5.850 U3/0.8.0 Mobile Safari/534.30"
207.46.13.149 - - [29/Jun/2022:14:29:48 +0000] "GET /img_6974/ HTTP/2.0" 200 7872 "-" "Mozilla/5.0 (compatible; bingbot/2.0; +http://www.bing.com/bingbot.htm)"
216.244.66.229 - - [29/Jun/2022:14:30:18 +0000] "GET /node/1006/img_6476 HTTP/1.1" 404 162 "-" "Mozilla/5.0 (compatible; DotBot/1.2; +https://opensiteexplorer.org/dotbot; help@moz.com)"
216.244.66.229 - - [29/Jun/2022:14:30:23 +0000] "GET /feed/?attachment_id=1239 HTTP/1.1" 404 162 "-" "Mozilla/5.0 (compatible; DotBot/1.2; +https://opensiteexplorer.org/dotbot; help@moz.com)"
51.222.253.10 - - [29/Jun/2022:14:32:12 +0000] "GET /node/date/2014/01/30/ HTTP/2.0" 200 9007 "-" "Mozilla/5.0 (compatible; AhrefsBot/7.0; +http://ahrefs.com/robot/)"
209.141.36.231 - - [29/Jun/2022:14:34:14 +0000] "GET / HTTP/1.1" 200 294 "-" "Mozilla/5.0 (Macintosh; Intel Mac OS X 10_15_7) AppleWebKit/537.36 (KHTML, like Gecko) Chrome/96.0.4664.110 Safari/537.36"
209.141.36.231 - - [29/Jun/2022:14:34:15 +0000] "GET /favicon.ico HTTP/1.1" 200 1150 "-" "Mozilla/5.0 (Macintosh; Intel Mac OS X 10_15_7) AppleWebKit/537.36 (KHTML, like Gecko) Chrome/96.0.4664.110 Safari/537.36"
51.222.253.1 - - [29/Jun/2022:14:37:05 +0000] "GET /node/tag/app/ HTTP/2.0" 200 9005 "-" "Mozilla/5.0 (compatible; AhrefsBot/7.0; +http://ahrefs.com/robot/)"
185.191.171.35 - - [29/Jun/2022:14:38:48 +0000] "GET /img_6890 HTTP/1.1" 301 178 "-" "Mozilla/5.0 (compatible; SemrushBot/7~bl; +http://www.semrush.com/bot.html)"
185.191.171.17 - - [29/Jun/2022:14:38:50 +0000] "GET /img_6890/ HTTP/1.1" 200 7871 "-" "Mozilla/5.0 (compatible; SemrushBot/7~bl; +http://www.semrush.com/bot.html)"
51.222.253.9 - - [29/Jun/2022:14:42:30 +0000] "GET /node/date/2012/04/16/ HTTP/2.0" 200 8241 "-" "Mozilla/5.0 (compatible; AhrefsBot/7.0; +http://ahrefs.com/robot/)"
66.249.71.178 - - [29/Jun/2022:14:44:38 +0000] "GET /robots.txt HTTP/1.1" 404 134 "-" "Mozilla/5.0 (compatible; Googlebot/2.1; +http://www.google.com/bot.html)"
66.249.71.178 - - [29/Jun/2022:14:44:38 +0000] "GET /node/1480 HTTP/1.1" 302 154 "-" "Mozilla/5.0 (Linux; Android 6.0.1; Nexus 5X Build/MMB29P) AppleWebKit/537.36 (KHTML, like Gecko) Chrome/103.0.5060.53 Mobile Safari/537.36 (compatible; Googlebot/2.1; +http://www.google.com/bot.html)"
66.249.71.25 - - [29/Jun/2022:14:44:39 +0000] "GET /robots.txt HTTP/1.1" 404 134 "-" "Mozilla/5.0 (compatible; Googlebot/2.1; +http://www.google.com/bot.html)"
51.222.253.9 - - [29/Jun/2022:14:45:46 +0000] "GET /node/183/ HTTP/2.0" 200 9225 "-" "Mozilla/5.0 (compatible; AhrefsBot/7.0; +http://ahrefs.com/robot/)"
51.222.253.13 - - [29/Jun/2022:14:49:15 +0000] "GET /node/date/2007/01/10/ HTTP/2.0" 200 8786 "-" "Mozilla/5.0 (compatible; AhrefsBot/7.0; +http://ahrefs.com/robot/)"
51.222.253.10 - - [29/Jun/2022:14:50:57 +0000] "GET /node/date/2014/02/06/ HTTP/2.0" 200 11889 "-" "Mozilla/5.0 (compatible; AhrefsBot/7.0; +http://ahrefs.com/robot/)"
51.222.253.13 - - [29/Jun/2022:14:52:43 +0000] "GET /node/date/2014/01/12/ HTTP/2.0" 200 9232 "-" "Mozilla/5.0 (compatible; AhrefsBot/7.0; +http://ahrefs.com/robot/)"
51.222.253.5 - - [29/Jun/2022:14:54:30 +0000] "GET /node/date/2014/02/27/ HTTP/2.0" 200 7968 "-" "Mozilla/5.0 (compatible; AhrefsBot/7.0; +http://ahrefs.com/robot/)"
51.222.253.10 - - [29/Jun/2022:14:56:10 +0000] "GET /node/tag/ipv6/ HTTP/2.0" 200 7648 "-" "Mozilla/5.0 (compatible; AhrefsBot/7.0; +http://ahrefs.com/robot/)"
51.222.253.18 - - [29/Jun/2022:14:57:54 +0000] "GET /node/date/2014/03/03/ HTTP/2.0" 200 7904 "-" "Mozilla/5.0 (compatible; AhrefsBot/7.0; +http://ahrefs.com/robot/)"
51.222.253.7 - - [29/Jun/2022:14:59:57 +0000] "GET /node/date/2012/06/06/ HTTP/2.0" 200 7600 "-" "Mozilla/5.0 (compatible; AhrefsBot/7.0; +http://ahrefs.com/robot/)"
51.222.253.12 - - [29/Jun/2022:15:02:01 +0000] "GET /node/date/2006/08/27/ HTTP/2.0" 200 7442 "-" "Mozilla/5.0 (compatible; AhrefsBot/7.0; +http://ahrefs.com/robot/)"
51.222.253.10 - - [29/Jun/2022:15:04:07 +0000] "GET /node/tag/apple-mighty-mouse/ HTTP/2.0" 200 9583 "-" "Mozilla/5.0 (compatible; AhrefsBot/7.0; +http://ahrefs.com/robot/)"
51.222.253.3 - - [29/Jun/2022:15:04:15 +0000] "GET /wp-content/uploads/2014/01/IMG_6618-300x225.jpg HTTP/2.0" 200 16418 "-" "Mozilla/5.0 (compatible; AhrefsBot/7.0; +http://ahrefs.com/robot/)"
51.222.253.17 - - [29/Jun/2022:15:04:16 +0000] "GET /wp-content/uploads/2014/01/IMG_6616-300x225.jpg HTTP/2.0" 200 15873 "-" "Mozilla/5.0 (compatible; AhrefsBot/7.0; +http://ahrefs.com/robot/)"
51.222.253.8 - - [29/Jun/2022:15:06:20 +0000] "GET /node/date/2014/02/05/ HTTP/2.0" 200 10675 "-" "Mozilla/5.0 (compatible; AhrefsBot/7.0; +http://ahrefs.com/robot/)"
66.249.71.25 - - [29/Jun/2022:15:07:08 +0000] "GET /node/date/2005/06/23/ HTTP/1.1" 200 10558 "-" "Mozilla/5.0 (Linux; Android 6.0.1; Nexus 5X Build/MMB29P) AppleWebKit/537.36 (KHTML, like Gecko) Chrome/103.0.5060.53 Mobile Safari/537.36 (compatible; Googlebot/2.1; +http://www.google.com/bot.html)"
51.222.253.1 - - [29/Jun/2022:15:10:18 +0000] "GET /node/date/2014/02/07/ HTTP/2.0" 200 8142 "-" "Mozilla/5.0 (compatible; AhrefsBot/7.0; +http://ahrefs.com/robot/)"
51.222.253.19 - - [29/Jun/2022:15:14:08 +0000] "GET /node/tag/osm/ HTTP/2.0" 200 8081 "-" "Mozilla/5.0 (compatible; AhrefsBot/7.0; +http://ahrefs.com/robot/)"
51.222.253.16 - - [29/Jun/2022:15:14:10 +0000] "GET /wp-content/uploads/2012/04/osm-logo-150x150.png HTTP/2.0" 200 32983 "-" "Mozilla/5.0 (compatible; AhrefsBot/7.0; +http://ahrefs.com/robot/)"
20.29.70.157 - - [29/Jun/2022:15:17:30 +0000] "GET /.env HTTP/1.1" 404 134 "-" "Mozilla/5.0 (Linux; U; Android 4.4.2; en-US; HM NOTE 1W Build/KOT49H) AppleWebKit/534.30 (KHTML, like Gecko) Version/4.0 UCBrowser/11.0.5.850 U3/0.8.0 Mobile Safari/534.30"
20.29.70.157 - - [29/Jun/2022:15:17:30 +0000] "POST / HTTP/1.1" 405 166 "-" "Mozilla/5.0 (Linux; U; Android 4.4.2; en-US; HM NOTE 1W Build/KOT49H) AppleWebKit/534.30 (KHTML, like Gecko) Version/4.0 UCBrowser/11.0.5.850 U3/0.8.0 Mobile Safari/534.30"
20.29.70.157 - - [29/Jun/2022:15:17:31 +0000] "GET /.env HTTP/1.1" 301 178 "-" "Mozilla/5.0 (Linux; U; Android 4.4.2; en-US; HM NOTE 1W Build/KOT49H) AppleWebKit/534.30 (KHTML, like Gecko) Version/4.0 UCBrowser/11.0.5.850 U3/0.8.0 Mobile Safari/534.30"
20.29.70.157 - - [29/Jun/2022:15:17:32 +0000] "POST / HTTP/1.1" 301 178 "-" "Mozilla/5.0 (Linux; U; Android 4.4.2; en-US; HM NOTE 1W Build/KOT49H) AppleWebKit/534.30 (KHTML, like Gecko) Version/4.0 UCBrowser/11.0.5.850 U3/0.8.0 Mobile Safari/534.30"
20.29.70.157 - - [29/Jun/2022:15:17:39 +0000] "GET /vendor/phpunit/phpunit/src/Util/PHP/eval-stdin.php HTTP/1.1" 404 134 "-" "python-requests/2.24.0"
51.222.253.5 - - [29/Jun/2022:15:19:42 +0000] "GET /node/date/2013/12/15/ HTTP/2.0" 200 8448 "-" "Mozilla/5.0 (compatible; AhrefsBot/7.0; +http://ahrefs.com/robot/)"
20.106.96.251 - - [29/Jun/2022:15:20:15 +0000] "GET / HTTP/1.1" 200 612 "-" "Mozilla/5.0 (Windows NT 10.0; Win64; x64) AppleWebKit/537.36 (KHTML, like Gecko) Chrome/80.0.3987.149 Safari/537.36"
20.106.96.251 - - [29/Jun/2022:15:20:16 +0000] "GET / HTTP/1.1" 200 612 "-" "Mozilla/5.0 (Windows NT 10.0; Win64; x64) AppleWebKit/537.36 (KHTML, like Gecko) Chrome/80.0.3987.149 Safari/537.36"
20.106.96.251 - - [29/Jun/2022:15:20:17 +0000] "GET /wp-includes/wlwmanifest.xml HTTP/1.1" 404 564 "-" "Mozilla/5.0 (Windows NT 10.0; Win64; x64) AppleWebKit/537.36 (KHTML, like Gecko) Chrome/80.0.3987.149 Safari/537.36"
20.106.96.251 - - [29/Jun/2022:15:20:17 +0000] "GET /xmlrpc.php?rsd HTTP/1.1" 404 564 "-" "Mozilla/5.0 (Windows NT 10.0; Win64; x64) AppleWebKit/537.36 (KHTML, like Gecko) Chrome/80.0.3987.149 Safari/537.36"
216.244.66.229 - - [29/Jun/2022:15:20:18 +0000] "GET /robots.txt HTTP/1.1" 404 162 "-" "Mozilla/5.0 (compatible; DotBot/1.2; +https://opensiteexplorer.org/dotbot; help@moz.com)"
216.244.66.229 - - [29/Jun/2022:15:20:18 +0000] "GET /robots.txt HTTP/1.1" 404 162 "-" "Mozilla/5.0 (compatible; DotBot/1.2; +https://opensiteexplorer.org/dotbot; help@moz.com)"
20.106.96.251 - - [29/Jun/2022:15:20:18 +0000] "GET / HTTP/1.1" 200 612 "-" "Mozilla/5.0 (Windows NT 10.0; Win64; x64) AppleWebKit/537.36 (KHTML, like Gecko) Chrome/80.0.3987.149 Safari/537.36"
20.106.96.251 - - [29/Jun/2022:15:20:19 +0000] "GET /blog/wp-includes/wlwmanifest.xml HTTP/1.1" 404 564 "-" "Mozilla/5.0 (Windows NT 10.0; Win64; x64) AppleWebKit/537.36 (KHTML, like Gecko) Chrome/80.0.3987.149 Safari/537.36"
20.106.96.251 - - [29/Jun/2022:15:20:19 +0000] "GET /web/wp-includes/wlwmanifest.xml HTTP/1.1" 404 564 "-" "Mozilla/5.0 (Windows NT 10.0; Win64; x64) AppleWebKit/537.36 (KHTML, like Gecko) Chrome/80.0.3987.149 Safari/537.36"
20.106.96.251 - - [29/Jun/2022:15:20:20 +0000] "GET /wordpress/wp-includes/wlwmanifest.xml HTTP/1.1" 404 564 "-" "Mozilla/5.0 (Windows NT 10.0; Win64; x64) AppleWebKit/537.36 (KHTML, like Gecko) Chrome/80.0.3987.149 Safari/537.36"
20.106.96.251 - - [29/Jun/2022:15:20:21 +0000] "GET /website/wp-includes/wlwmanifest.xml HTTP/1.1" 404 564 "-" "Mozilla/5.0 (Windows NT 10.0; Win64; x64) AppleWebKit/537.36 (KHTML, like Gecko) Chrome/80.0.3987.149 Safari/537.36"
20.106.96.251 - - [29/Jun/2022:15:20:21 +0000] "GET /wp/wp-includes/wlwmanifest.xml HTTP/1.1" 404 564 "-" "Mozilla/5.0 (Windows NT 10.0; Win64; x64) AppleWebKit/537.36 (KHTML, like Gecko) Chrome/80.0.3987.149 Safari/537.36"
20.106.96.251 - - [29/Jun/2022:15:20:22 +0000] "GET /news/wp-includes/wlwmanifest.xml HTTP/1.1" 404 564 "-" "Mozilla/5.0 (Windows NT 10.0; Win64; x64) AppleWebKit/537.36 (KHTML, like Gecko) Chrome/80.0.3987.149 Safari/537.36"
20.106.96.251 - - [29/Jun/2022:15:20:22 +0000] "GET /2018/wp-includes/wlwmanifest.xml HTTP/1.1" 404 564 "-" "Mozilla/5.0 (Windows NT 10.0; Win64; x64) AppleWebKit/537.36 (KHTML, like Gecko) Chrome/80.0.3987.149 Safari/537.36"
20.106.96.251 - - [29/Jun/2022:15:20:23 +0000] "GET /2019/wp-includes/wlwmanifest.xml HTTP/1.1" 404 564 "-" "Mozilla/5.0 (Windows NT 10.0; Win64; x64) AppleWebKit/537.36 (KHTML, like Gecko) Chrome/80.0.3987.149 Safari/537.36"
20.106.96.251 - - [29/Jun/2022:15:20:23 +0000] "GET /shop/wp-includes/wlwmanifest.xml HTTP/1.1" 404 564 "-" "Mozilla/5.0 (Windows NT 10.0; Win64; x64) AppleWebKit/537.36 (KHTML, like Gecko) Chrome/80.0.3987.149 Safari/537.36"
20.106.96.251 - - [29/Jun/2022:15:20:24 +0000] "GET /wp1/wp-includes/wlwmanifest.xml HTTP/1.1" 404 564 "-" "Mozilla/5.0 (Windows NT 10.0; Win64; x64) AppleWebKit/537.36 (KHTML, like Gecko) Chrome/80.0.3987.149 Safari/537.36"
20.106.96.251 - - [29/Jun/2022:15:20:25 +0000] "GET /test/wp-includes/wlwmanifest.xml HTTP/1.1" 404 564 "-" "Mozilla/5.0 (Windows NT 10.0; Win64; x64) AppleWebKit/537.36 (KHTML, like Gecko) Chrome/80.0.3987.149 Safari/537.36"
20.106.96.251 - - [29/Jun/2022:15:20:25 +0000] "GET /media/wp-includes/wlwmanifest.xml HTTP/1.1" 404 564 "-" "Mozilla/5.0 (Windows NT 10.0; Win64; x64) AppleWebKit/537.36 (KHTML, like Gecko) Chrome/80.0.3987.149 Safari/537.36"
20.106.96.251 - - [29/Jun/2022:15:20:26 +0000] "GET /wp2/wp-includes/wlwmanifest.xml HTTP/1.1" 404 564 "-" "Mozilla/5.0 (Windows NT 10.0; Win64; x64) AppleWebKit/537.36 (KHTML, like Gecko) Chrome/80.0.3987.149 Safari/537.36"
20.106.96.251 - - [29/Jun/2022:15:20:26 +0000] "GET /site/wp-includes/wlwmanifest.xml HTTP/1.1" 404 564 "-" "Mozilla/5.0 (Windows NT 10.0; Win64; x64) AppleWebKit/537.36 (KHTML, like Gecko) Chrome/80.0.3987.149 Safari/537.36"
20.106.96.251 - - [29/Jun/2022:15:20:27 +0000] "GET /cms/wp-includes/wlwmanifest.xml HTTP/1.1" 404 564 "-" "Mozilla/5.0 (Windows NT 10.0; Win64; x64) AppleWebKit/537.36 (KHTML, like Gecko) Chrome/80.0.3987.149 Safari/537.36"
20.106.96.251 - - [29/Jun/2022:15:20:27 +0000] "GET /sito/wp-includes/wlwmanifest.xml HTTP/1.1" 404 564 "-" "Mozilla/5.0 (Windows NT 10.0; Win64; x64) AppleWebKit/537.36 (KHTML, like Gecko) Chrome/80.0.3987.149 Safari/537.36"
20.106.96.251 - - [29/Jun/2022:15:20:28 +0000] "" 400 0 "-" "-"
216.244.66.229 - - [29/Jun/2022:15:22:51 +0000] "GET /feed/?attachment_id=1391 HTTP/1.1" 404 162 "-" "Mozilla/5.0 (compatible; DotBot/1.2; +https://opensiteexplorer.org/dotbot; help@moz.com)"
51.222.253.13 - - [29/Jun/2022:15:25:01 +0000] "GET /node/date/2006/05/01/ HTTP/2.0" 200 8279 "-" "Mozilla/5.0 (compatible; AhrefsBot/7.0; +http://ahrefs.com/robot/)"
74.125.210.173 - - [29/Jun/2022:15:26:33 +0000] "GET /feed HTTP/1.1" 404 134 "-" "FeedFetcher-Google; (+http://www.google.com/feedfetcher.html)"
51.222.253.19 - - [29/Jun/2022:15:28:53 +0000] "GET /node/tag/facebook-paper/ HTTP/2.0" 200 9006 "-" "Mozilla/5.0 (compatible; AhrefsBot/7.0; +http://ahrefs.com/robot/)"
66.249.71.178 - - [29/Jun/2022:15:29:38 +0000] "GET /node/509?replytocom=613 HTTP/1.1" 302 154 "-" "Mozilla/5.0 (Linux; Android 6.0.1; Nexus 5X Build/MMB29P) AppleWebKit/537.36 (KHTML, like Gecko) Chrome/103.0.5060.53 Mobile Safari/537.36 (compatible; Googlebot/2.1; +http://www.google.com/bot.html)"
66.249.71.25 - - [29/Jun/2022:15:29:39 +0000] "GET /node/509?replytocom=613 HTTP/1.1" 301 178 "-" "Mozilla/5.0 (Linux; Android 6.0.1; Nexus 5X Build/MMB29P) AppleWebKit/537.36 (KHTML, like Gecko) Chrome/103.0.5060.53 Mobile Safari/537.36 (compatible; Googlebot/2.1; +http://www.google.com/bot.html)"
66.249.71.25 - - [29/Jun/2022:15:29:39 +0000] "GET /node/509/?replytocom=613 HTTP/1.1" 200 9790 "-" "Mozilla/5.0 (Linux; Android 6.0.1; Nexus 5X Build/MMB29P) AppleWebKit/537.36 (KHTML, like Gecko) Chrome/103.0.5060.53 Mobile Safari/537.36 (compatible; Googlebot/2.1; +http://www.google.com/bot.html)"
51.222.253.8 - - [29/Jun/2022:15:33:04 +0000] "GET /node/tag/godaddy/ HTTP/2.0" 200 8433 "-" "Mozilla/5.0 (compatible; AhrefsBot/7.0; +http://ahrefs.com/robot/)"
185.191.171.15 - - [29/Jun/2022:15:33:56 +0000] "GET /robots.txt HTTP/1.1" 404 134 "-" "Mozilla/5.0 (compatible; SemrushBot/7~bl; +http://www.semrush.com/bot.html)"
185.191.171.5 - - [29/Jun/2022:15:34:03 +0000] "GET /img_6673 HTTP/1.1" 301 178 "-" "Mozilla/5.0 (compatible; SemrushBot/7~bl; +http://www.semrush.com/bot.html)"
185.191.171.7 - - [29/Jun/2022:15:34:06 +0000] "GET /img_6673/ HTTP/1.1" 200 7884 "-" "Mozilla/5.0 (compatible; SemrushBot/7~bl; +http://www.semrush.com/bot.html)"
216.244.66.229 - - [29/Jun/2022:15:36:06 +0000] "GET /songs/list.php?p=&s=id HTTP/1.1" 404 162 "-" "Mozilla/5.0 (compatible; DotBot/1.2; +https://opensiteexplorer.org/dotbot; help@moz.com)"
51.222.253.1 - - [29/Jun/2022:15:36:50 +0000] "GET /node/tag/airport-express/ HTTP/2.0" 200 9576 "-" "Mozilla/5.0 (compatible; AhrefsBot/7.0; +http://ahrefs.com/robot/)"
185.191.171.26 - - [29/Jun/2022:15:38:33 +0000] "GET /node/1335/photo-23-1-14-19-37-28 HTTP/1.1" 301 178 "-" "Mozilla/5.0 (compatible; SemrushBot/7~bl; +http://www.semrush.com/bot.html)"
185.191.171.34 - - [29/Jun/2022:15:38:35 +0000] "GET /node/1335/photo-23-1-14-19-37-28/ HTTP/1.1" 200 7971 "-" "Mozilla/5.0 (compatible; SemrushBot/7~bl; +http://www.semrush.com/bot.html)"
51.222.253.14 - - [29/Jun/2022:15:40:51 +0000] "GET /node/date/2006/06/01/ HTTP/2.0" 200 8143 "-" "Mozilla/5.0 (compatible; AhrefsBot/7.0; +http://ahrefs.com/robot/)"
51.222.253.11 - - [29/Jun/2022:15:44:59 +0000] "GET /node/date/2012/05/04/ HTTP/2.0" 200 9180 "-" "Mozilla/5.0 (compatible; AhrefsBot/7.0; +http://ahrefs.com/robot/)"
3.236.170.234 - - [29/Jun/2022:15:45:18 +0000] "GET / HTTP/1.1" 200 396 "-" "Mozilla/5.0 (Windows NT 10.0; WOW64) AppleWebKit/537.36 (KHTML, like Gecko) Chrome/83.0.4103.116 Safari/537.37"
51.222.253.20 - - [29/Jun/2022:15:49:19 +0000] "GET /node/date/2006/10/22/page/5/ HTTP/2.0" 200 11224 "-" "Mozilla/5.0 (compatible; AhrefsBot/7.0; +http://ahrefs.com/robot/)"
51.222.253.17 - - [29/Jun/2022:15:50:40 +0000] "GET /robots.txt HTTP/1.1" 404 134 "-" "Mozilla/5.0 (compatible; AhrefsBot/7.0; +http://ahrefs.com/robot/)"
185.225.28.246 - - [29/Jun/2022:15:51:59 +0000] "\x04\x01\x00P4\xCA\x98I\x00" 400 166 "-" "-"
51.222.253.9 - - [29/Jun/2022:15:53:18 +0000] "GET /node/tag/jquery/ HTTP/2.0" 200 8408 "-" "Mozilla/5.0 (compatible; AhrefsBot/7.0; +http://ahrefs.com/robot/)"
51.222.253.18 - - [29/Jun/2022:15:55:07 +0000] "GET /node/tag/paper/ HTTP/2.0" 200 9000 "-" "Mozilla/5.0 (compatible; AhrefsBot/7.0; +http://ahrefs.com/robot/)"
51.222.253.17 - - [29/Jun/2022:15:57:03 +0000] "GET /node/date/2005/11/13/ HTTP/2.0" 200 8706 "-" "Mozilla/5.0 (compatible; AhrefsBot/7.0; +http://ahrefs.com/robot/)"
185.191.171.38 - - [29/Jun/2022:15:57:12 +0000] "GET /node/72 HTTP/1.1" 301 178 "-" "Mozilla/5.0 (compatible; SemrushBot/7~bl; +http://www.semrush.com/bot.html)"
185.191.171.19 - - [29/Jun/2022:15:57:14 +0000] "GET /node/72/ HTTP/1.1" 200 8915 "-" "Mozilla/5.0 (compatible; SemrushBot/7~bl; +http://www.semrush.com/bot.html)"
51.222.253.1 - - [29/Jun/2022:16:00:31 +0000] "GET /node/date/2008/01/15/ HTTP/2.0" 200 7716 "-" "Mozilla/5.0 (compatible; AhrefsBot/7.0; +http://ahrefs.com/robot/)"
51.222.253.16 - - [29/Jun/2022:16:04:14 +0000] "GET /node/date/2008/01/05/ HTTP/2.0" 200 8607 "-" "Mozilla/5.0 (compatible; AhrefsBot/7.0; +http://ahrefs.com/robot/)"
185.191.171.35 - - [29/Jun/2022:16:06:28 +0000] "GET /node/category/comworld HTTP/1.1" 301 178 "-" "Mozilla/5.0 (compatible; SemrushBot/7~bl; +http://www.semrush.com/bot.html)"
185.191.171.15 - - [29/Jun/2022:16:06:31 +0000] "GET /node/category/comworld/ HTTP/1.1" 200 8238 "-" "Mozilla/5.0 (compatible; SemrushBot/7~bl; +http://www.semrush.com/bot.html)"
185.191.171.41 - - [29/Jun/2022:16:07:46 +0000] "GET /node/374 HTTP/1.1" 301 178 "-" "Mozilla/5.0 (compatible; SemrushBot/7~bl; +http://www.semrush.com/bot.html)"
185.191.171.24 - - [29/Jun/2022:16:07:50 +0000] "GET /node/374/ HTTP/1.1" 200 8986 "-" "Mozilla/5.0 (compatible; SemrushBot/7~bl; +http://www.semrush.com/bot.html)"
66.249.71.31 - - [29/Jun/2022:16:08:17 +0000] "GET / HTTP/1.1" 200 16008 "-" "Mozilla/5.0 (Linux; Android 6.0.1; Nexus 5X Build/MMB29P) AppleWebKit/537.36 (KHTML, like Gecko) Chrome/103.0.5060.53 Mobile Safari/537.36 (compatible; Googlebot/2.1; +http://www.google.com/bot.html)"
66.249.75.243 - - [29/Jun/2022:16:08:36 +0000] "GET / HTTP/1.1" 200 16008 "-" "Mozilla/5.0 (compatible; Googlebot/2.1; +http://www.google.com/bot.html)"
51.222.253.18 - - [29/Jun/2022:16:08:51 +0000] "GET /node/date/2004/07/06/ HTTP/2.0" 200 8674 "-" "Mozilla/5.0 (compatible; AhrefsBot/7.0; +http://ahrefs.com/robot/)"
51.222.253.13 - - [29/Jun/2022:16:10:19 +0000] "GET / HTTP/1.1" 200 396 "-" "Mozilla/5.0 (compatible; AhrefsBot/7.0; +http://ahrefs.com/robot/)"
185.191.171.13 - - [29/Jun/2022:16:10:38 +0000] "GET /node/865/ch7_3141 HTTP/1.1" 301 178 "-" "Mozilla/5.0 (compatible; SemrushBot/7~bl; +http://www.semrush.com/bot.html)"
185.191.171.2 - - [29/Jun/2022:16:10:43 +0000] "GET /node/865/ch7_3141/ HTTP/1.1" 200 7889 "-" "Mozilla/5.0 (compatible; SemrushBot/7~bl; +http://www.semrush.com/bot.html)"
51.222.253.20 - - [29/Jun/2022:16:12:00 +0000] "GET /node/date/2009/06/05/ HTTP/2.0" 200 8781 "-" "Mozilla/5.0 (compatible; AhrefsBot/7.0; +http://ahrefs.com/robot/)"
3.236.170.234 - - [29/Jun/2022:16:12:50 +0000] "GET / HTTP/1.1" 200 396 "-" "Mozilla/5.0 (Windows NT 10.0; WOW64) AppleWebKit/537.36 (KHTML, like Gecko) Chrome/83.0.4103.116 Safari/537.37"
51.222.253.2 - - [29/Jun/2022:16:13:22 +0000] "GET /node/date/2006/12/11/ HTTP/2.0" 200 7958 "-" "Mozilla/5.0 (compatible; AhrefsBot/7.0; +http://ahrefs.com/robot/)"
216.244.66.229 - - [29/Jun/2022:16:14:56 +0000] "GET /robots.txt HTTP/1.1" 404 162 "-" "Mozilla/5.0 (compatible; DotBot/1.2; +https://opensiteexplorer.org/dotbot; help@moz.com)"
51.222.253.1 - - [29/Jun/2022:16:15:05 +0000] "GET /node/date/2008/06/11/ HTTP/2.0" 200 7882 "-" "Mozilla/5.0 (compatible; AhrefsBot/7.0; +http://ahrefs.com/robot/)"
178.128.195.38 - - [29/Jun/2022:16:15:42 +0000] "POST /boaform/admin/formLogin HTTP/1.1" 404 134 "http://188.166.238.131:80/admin/login.asp" "Mozilla/5.0 (X11; Ubuntu; Linux x86_64; rv:71.0) Gecko/20100101 Firefox/71.0"
178.128.195.38 - - [29/Jun/2022:16:15:42 +0000] "" 400 0 "-" "-"
51.222.253.1 - - [29/Jun/2022:16:16:40 +0000] "GET /node/date/2012/04/12/ HTTP/2.0" 200 9054 "-" "Mozilla/5.0 (compatible; AhrefsBot/7.0; +http://ahrefs.com/robot/)"
34.76.158.233 - - [29/Jun/2022:16:17:57 +0000] "GET / HTTP/1.1" 301 178 "-" "python-requests/2.28.0"
51.222.253.16 - - [29/Jun/2022:16:18:10 +0000] "GET /node/date/2009/06/04/ HTTP/2.0" 200 8309 "-" "Mozilla/5.0 (compatible; AhrefsBot/7.0; +http://ahrefs.com/robot/)"
51.222.253.8 - - [29/Jun/2022:16:19:42 +0000] "GET /node/date/2007/01/06/ HTTP/2.0" 200 9972 "-" "Mozilla/5.0 (compatible; AhrefsBot/7.0; +http://ahrefs.com/robot/)"
51.222.253.13 - - [29/Jun/2022:16:21:24 +0000] "GET /node/date/2014/02/19/ HTTP/2.0" 200 9405 "-" "Mozilla/5.0 (compatible; AhrefsBot/7.0; +http://ahrefs.com/robot/)"
151.106.35.199 - - [29/Jun/2022:16:22:01 +0000] "GET / HTTP/1.1" 301 178 "-" "Mozilla/5.0 (Windows NT 10.0; WOW64) AppleWebKit/537.36 (KHTML, like Gecko) Chrome/83.0.4103.116 Safari/537.37"
151.106.35.199 - - [29/Jun/2022:16:22:06 +0000] "GET / HTTP/1.1" 200 920 "https://188.166.238.131/" "Mozilla/5.0 (Windows NT 10.0; WOW64) AppleWebKit/537.36 (KHTML, like Gecko) Chrome/83.0.4103.116 Safari/537.37"
51.222.253.11 - - [29/Jun/2022:16:23:17 +0000] "GET /node/date/2013/04/23/ HTTP/2.0" 200 8141 "-" "Mozilla/5.0 (compatible; AhrefsBot/7.0; +http://ahrefs.com/robot/)"
188.95.231.73 - - [29/Jun/2022:16:23:41 +0000] "GET / HTTP/1.1" 200 396 "-" "python-requests/2.27.1"
185.191.171.43 - - [29/Jun/2022:16:25:02 +0000] "GET /img_6482 HTTP/1.1" 301 178 "-" "Mozilla/5.0 (compatible; SemrushBot/7~bl; +http://www.semrush.com/bot.html)"
185.191.171.17 - - [29/Jun/2022:16:25:05 +0000] "GET /img_6482/ HTTP/1.1" 200 7967 "-" "Mozilla/5.0 (compatible; SemrushBot/7~bl; +http://www.semrush.com/bot.html)"
8.26.182.26 - - [29/Jun/2022:16:25:10 +0000] "GET / HTTP/1.1" 301 178 "-" "Mozilla/5.0 (Macintosh; Intel Mac OS X 10_15_7) AppleWebKit/537.36 (KHTML, like Gecko) Chrome/96.0.4664.110 Safari/537.36"
51.222.253.18 - - [29/Jun/2022:16:25:15 +0000] "GET /node/tag/git/ HTTP/2.0" 200 8431 "-" "Mozilla/5.0 (compatible; AhrefsBot/7.0; +http://ahrefs.com/robot/)"
51.222.253.16 - - [29/Jun/2022:16:27:10 +0000] "GET /node/date/2014/03/01/ HTTP/2.0" 200 8468 "-" "Mozilla/5.0 (compatible; AhrefsBot/7.0; +http://ahrefs.com/robot/)"
51.222.253.5 - - [29/Jun/2022:16:29:00 +0000] "GET /node/tag/trip/page/3/ HTTP/2.0" 200 8799 "-" "Mozilla/5.0 (compatible; AhrefsBot/7.0; +http://ahrefs.com/robot/)"
216.244.66.229 - - [29/Jun/2022:16:30:57 +0000] "GET /node/1255/img_6826 HTTP/1.1" 404 162 "-" "Mozilla/5.0 (compatible; DotBot/1.2; +https://opensiteexplorer.org/dotbot; help@moz.com)"
51.222.253.13 - - [29/Jun/2022:16:31:00 +0000] "GET /node/date/2006/11/14/ HTTP/2.0" 200 9245 "-" "Mozilla/5.0 (compatible; AhrefsBot/7.0; +http://ahrefs.com/robot/)"
51.222.253.1 - - [29/Jun/2022:16:32:50 +0000] "GET /node/tag/eyh2014/ HTTP/2.0" 200 8438 "-" "Mozilla/5.0 (compatible; AhrefsBot/7.0; +http://ahrefs.com/robot/)"
51.222.253.19 - - [29/Jun/2022:16:34:01 +0000] "GET /node/date/2009/03/10/ HTTP/2.0" 200 8147 "-" "Mozilla/5.0 (compatible; AhrefsBot/7.0; +http://ahrefs.com/robot/)"
87.250.224.4 - - [29/Jun/2022:16:35:35 +0000] "GET /robots.txt HTTP/1.1" 404 162 "-" "Mozilla/5.0 (compatible; YandexBot/3.0; +http://yandex.com/bots)"
5.255.253.119 - - [29/Jun/2022:16:35:39 +0000] "GET /node/745 HTTP/1.1" 302 154 "-" "Mozilla/5.0 (compatible; YandexBot/3.0; +http://yandex.com/bots)"
87.250.224.127 - - [29/Jun/2022:16:35:40 +0000] "GET /node/745 HTTP/1.1" 301 178 "-" "Mozilla/5.0 (compatible; YandexBot/3.0; +http://yandex.com/bots)"
95.108.213.16 - - [29/Jun/2022:16:35:44 +0000] "GET /node/745/ HTTP/1.1" 200 12092 "-" "Mozilla/5.0 (compatible; YandexBot/3.0; +http://yandex.com/bots)"
51.222.253.17 - - [29/Jun/2022:16:35:57 +0000] "GET /node/date/2007/06/25/ HTTP/2.0" 200 8047 "-" "Mozilla/5.0 (compatible; AhrefsBot/7.0; +http://ahrefs.com/robot/)"
45.134.144.140 - - [29/Jun/2022:16:37:39 +0000] "\x16\x03\x01\x00\xFC\x01\x00\x00\xF8\x03\x03\x89\x81D\xCF\x99\xE2*\xB1~\xE5sEoTv\xD4\x87\x06J\x8Ax\xE7\xDE`\x9A\xA7\xA1\xD3\x0E\x84\x16\xBF\x00\x00\x8C\xC00\xC0,\xC02\xC0.\xC0/\xC0+\xC01\xC0-\x00\xA5\x00\xA3\x00\xA1\x00\x9F\x00\xA4\x00\xA2\x00\xA0\x00\x9E\xC0(\xC0$\xC0\x14\xC0" 400 166 "-" "-"
40.77.167.46 - - [29/Jun/2022:16:37:48 +0000] "GET /wp-content/uploads/2014/01/IMG_7305.jpg HTTP/2.0" 302 154 "-" "Mozilla/5.0 (compatible; bingbot/2.0; +http://www.bing.com/bingbot.htm)"
51.222.253.3 - - [29/Jun/2022:16:37:59 +0000] "GET /node/date/2004/08/04/ HTTP/2.0" 200 8103 "-" "Mozilla/5.0 (compatible; AhrefsBot/7.0; +http://ahrefs.com/robot/)"
40.77.167.46 - - [29/Jun/2022:16:38:08 +0000] "GET /wp-content/uploads/2014/01/IMG_7305.jpg HTTP/2.0" 200 3105920 "-" "Mozilla/5.0 (compatible; bingbot/2.0; +http://www.bing.com/bingbot.htm)"
51.222.253.15 - - [29/Jun/2022:16:39:53 +0000] "GET /node/tag/drupal/ HTTP/2.0" 200 9107 "-" "Mozilla/5.0 (compatible; AhrefsBot/7.0; +http://ahrefs.com/robot/)"
51.222.253.2 - - [29/Jun/2022:16:43:08 +0000] "GET /node/date/2014/02/10/ HTTP/2.0" 200 8372 "-" "Mozilla/5.0 (compatible; AhrefsBot/7.0; +http://ahrefs.com/robot/)"
185.21.216.169 - - [29/Jun/2022:16:44:27 +0000] "GET / HTTP/1.1" 200 396 "-" "Mozilla/5.0 (Macintosh; Intel Mac OS X 10_15_7) AppleWebKit/537.36 (KHTML, like Gecko) Chrome/102.0.0.0 Safari/537.36"
51.222.253.6 - - [29/Jun/2022:16:45:56 +0000] "GET /node/tag/miyabi/ HTTP/2.0" 200 8502 "-" "Mozilla/5.0 (compatible; AhrefsBot/7.0; +http://ahrefs.com/robot/)"
51.222.253.5 - - [29/Jun/2022:16:45:59 +0000] "GET /wp-content/uploads/2014/03/20140301-224230.jpg HTTP/2.0" 200 1296050 "-" "Mozilla/5.0 (compatible; AhrefsBot/7.0; +http://ahrefs.com/robot/)"
51.222.253.6 - - [29/Jun/2022:16:46:03 +0000] "GET /wp-content/uploads/2014/03/20140301-224301.jpg HTTP/2.0" 200 2284016 "-" "Mozilla/5.0 (compatible; AhrefsBot/7.0; +http://ahrefs.com/robot/)"
51.222.253.3 - - [29/Jun/2022:16:46:07 +0000] "GET /wp-content/uploads/2014/03/20140301-224246.jpg HTTP/2.0" 200 1491238 "-" "Mozilla/5.0 (compatible; AhrefsBot/7.0; +http://ahrefs.com/robot/)"
51.222.253.2 - - [29/Jun/2022:16:47:42 +0000] "GET /node/date/2007/12/15/ HTTP/2.0" 200 8263 "-" "Mozilla/5.0 (compatible; AhrefsBot/7.0; +http://ahrefs.com/robot/)"
185.191.171.12 - - [29/Jun/2022:16:48:38 +0000] "GET /robots.txt HTTP/1.1" 404 134 "-" "Mozilla/5.0 (compatible; SemrushBot/7~bl; +http://www.semrush.com/bot.html)"
185.191.171.19 - - [29/Jun/2022:16:48:39 +0000] "GET /node/790/img_6165 HTTP/1.1" 301 178 "-" "Mozilla/5.0 (compatible; SemrushBot/7~bl; +http://www.semrush.com/bot.html)"
185.191.171.7 - - [29/Jun/2022:16:48:43 +0000] "GET /node/790/img_6165/ HTTP/1.1" 200 7900 "-" "Mozilla/5.0 (compatible; SemrushBot/7~bl; +http://www.semrush.com/bot.html)"
51.222.253.2 - - [29/Jun/2022:16:49:27 +0000] "GET /node/date/2010/12/21/ HTTP/2.0" 200 8172 "-" "Mozilla/5.0 (compatible; AhrefsBot/7.0; +http://ahrefs.com/robot/)"
51.222.253.13 - - [29/Jun/2022:16:51:12 +0000] "GET /node/date/2007/12/18/ HTTP/2.0" 200 8359 "-" "Mozilla/5.0 (compatible; AhrefsBot/7.0; +http://ahrefs.com/robot/)"
3.236.170.234 - - [29/Jun/2022:16:51:31 +0000] "GET / HTTP/1.1" 200 396 "-" "Mozilla/5.0 (Windows NT 10.0; WOW64) AppleWebKit/537.36 (KHTML, like Gecko) Chrome/83.0.4103.116 Safari/537.37"
51.222.253.4 - - [29/Jun/2022:16:53:08 +0000] "GET /node/category/trip/page/4/ HTTP/2.0" 200 9434 "-" "Mozilla/5.0 (compatible; AhrefsBot/7.0; +http://ahrefs.com/robot/)"
66.249.71.178 - - [29/Jun/2022:16:53:17 +0000] "GET /node/575?ak_action=reject_mobile HTTP/1.1" 302 154 "-" "Mozilla/5.0 (Linux; Android 6.0.1; Nexus 5X Build/MMB29P) AppleWebKit/537.36 (KHTML, like Gecko) Chrome/103.0.5060.53 Mobile Safari/537.36 (compatible; Googlebot/2.1; +http://www.google.com/bot.html)"
66.249.71.31 - - [29/Jun/2022:16:53:18 +0000] "GET /node/575?ak_action=reject_mobile HTTP/1.1" 301 178 "-" "Mozilla/5.0 (Linux; Android 6.0.1; Nexus 5X Build/MMB29P) AppleWebKit/537.36 (KHTML, like Gecko) Chrome/103.0.5060.53 Mobile Safari/537.36 (compatible; Googlebot/2.1; +http://www.google.com/bot.html)"
66.249.71.31 - - [29/Jun/2022:16:53:18 +0000] "GET /node/575/?ak_action=reject_mobile HTTP/1.1" 200 10053 "-" "Mozilla/5.0 (Linux; Android 6.0.1; Nexus 5X Build/MMB29P) AppleWebKit/537.36 (KHTML, like Gecko) Chrome/103.0.5060.53 Mobile Safari/537.36 (compatible; Googlebot/2.1; +http://www.google.com/bot.html)"
185.191.171.22 - - [29/Jun/2022:16:53:19 +0000] "GET /node/category/tlwg HTTP/1.1" 301 178 "-" "Mozilla/5.0 (compatible; SemrushBot/7~bl; +http://www.semrush.com/bot.html)"
185.191.171.20 - - [29/Jun/2022:16:53:22 +0000] "GET /node/category/tlwg/ HTTP/1.1" 200 7956 "-" "Mozilla/5.0 (compatible; SemrushBot/7~bl; +http://www.semrush.com/bot.html)"
185.191.171.23 - - [29/Jun/2022:16:53:36 +0000] "GET /node/date/2006/09/page/3 HTTP/1.1" 301 178 "-" "Mozilla/5.0 (compatible; SemrushBot/7~bl; +http://www.semrush.com/bot.html)"
185.191.171.40 - - [29/Jun/2022:16:53:38 +0000] "GET /node/date/2006/09/page/3/ HTTP/1.1" 200 11708 "-" "Mozilla/5.0 (compatible; SemrushBot/7~bl; +http://www.semrush.com/bot.html)"
51.222.253.11 - - [29/Jun/2022:16:54:57 +0000] "GET /node/tag/blood-donation/ HTTP/2.0" 200 9812 "-" "Mozilla/5.0 (compatible; AhrefsBot/7.0; +http://ahrefs.com/robot/)"
51.222.253.7 - - [29/Jun/2022:16:56:45 +0000] "GET /node/date/2006/05/05/ HTTP/2.0" 200 8106 "-" "Mozilla/5.0 (compatible; AhrefsBot/7.0; +http://ahrefs.com/robot/)"
51.222.253.16 - - [29/Jun/2022:16:58:46 +0000] "GET /node/date/2005/06/24/ HTTP/2.0" 200 10242 "-" "Mozilla/5.0 (compatible; AhrefsBot/7.0; +http://ahrefs.com/robot/)"
51.222.253.9 - - [29/Jun/2022:17:00:53 +0000] "GET /node/date/2006/04/04/ HTTP/2.0" 200 8411 "-" "Mozilla/5.0 (compatible; AhrefsBot/7.0; +http://ahrefs.com/robot/)"
185.191.171.13 - - [29/Jun/2022:17:02:10 +0000] "GET /img_6759 HTTP/1.1" 301 178 "-" "Mozilla/5.0 (compatible; SemrushBot/7~bl; +http://www.semrush.com/bot.html)"
185.191.171.5 - - [29/Jun/2022:17:02:15 +0000] "GET /img_6759/ HTTP/1.1" 200 7883 "-" "Mozilla/5.0 (compatible; SemrushBot/7~bl; +http://www.semrush.com/bot.html)"
51.222.253.20 - - [29/Jun/2022:17:02:51 +0000] "GET /node/1862/ch7_6085/ HTTP/2.0" 200 7916 "-" "Mozilla/5.0 (compatible; AhrefsBot/7.0; +http://ahrefs.com/robot/)"
185.191.171.22 - - [29/Jun/2022:17:04:00 +0000] "GET /node/category/trip HTTP/1.1" 301 178 "-" "Mozilla/5.0 (compatible; SemrushBot/7~bl; +http://www.semrush.com/bot.html)"
185.191.171.11 - - [29/Jun/2022:17:04:06 +0000] "GET /node/category/trip/ HTTP/1.1" 200 14378 "-" "Mozilla/5.0 (compatible; SemrushBot/7~bl; +http://www.semrush.com/bot.html)"
185.191.171.34 - - [29/Jun/2022:17:04:11 +0000] "GET /robots.txt HTTP/1.1" 404 134 "-" "Mozilla/5.0 (compatible; SemrushBot/7~bl; +http://www.semrush.com/bot.html)"
185.191.171.38 - - [29/Jun/2022:17:04:12 +0000] "GET /node/1407 HTTP/1.1" 302 154 "-" "Mozilla/5.0 (compatible; SemrushBot/7~bl; +http://www.semrush.com/bot.html)"
185.191.171.8 - - [29/Jun/2022:17:04:14 +0000] "GET /node/1407 HTTP/1.1" 301 178 "-" "Mozilla/5.0 (compatible; SemrushBot/7~bl; +http://www.semrush.com/bot.html)"
185.191.171.9 - - [29/Jun/2022:17:04:17 +0000] "GET /node/1407/ HTTP/1.1" 200 10366 "-" "Mozilla/5.0 (compatible; SemrushBot/7~bl; +http://www.semrush.com/bot.html)"
51.222.253.7 - - [29/Jun/2022:17:04:54 +0000] "GET /node/date/2009/03/11/ HTTP/2.0" 200 8058 "-" "Mozilla/5.0 (compatible; AhrefsBot/7.0; +http://ahrefs.com/robot/)"
51.222.253.10 - - [29/Jun/2022:17:06:55 +0000] "GET /node/tag/review/ HTTP/2.0" 200 9005 "-" "Mozilla/5.0 (compatible; AhrefsBot/7.0; +http://ahrefs.com/robot/)"
51.222.253.1 - - [29/Jun/2022:17:08:53 +0000] "GET /node/date/2006/04/21/ HTTP/2.0" 200 9250 "-" "Mozilla/5.0 (compatible; AhrefsBot/7.0; +http://ahrefs.com/robot/)"
51.222.253.5 - - [29/Jun/2022:17:08:56 +0000] "GET /chweb/modules/tinymce/tinymce/jscripts/tiny_mce/plugins/emotions/images/smiley-cool.gif HTTP/2.0" 404 123 "-" "Mozilla/5.0 (compatible; AhrefsBot/7.0; +http://ahrefs.com/robot/)"
51.222.253.15 - - [29/Jun/2022:17:10:51 +0000] "GET /node/date/2014/03/09/ HTTP/2.0" 200 8390 "-" "Mozilla/5.0 (compatible; AhrefsBot/7.0; +http://ahrefs.com/robot/)"
185.191.171.38 - - [29/Jun/2022:17:12:28 +0000] "GET /node/category/iphone HTTP/1.1" 301 178 "-" "Mozilla/5.0 (compatible; SemrushBot/7~bl; +http://www.semrush.com/bot.html)"
185.191.171.15 - - [29/Jun/2022:17:12:31 +0000] "GET /node/category/iphone/ HTTP/1.1" 200 12173 "-" "Mozilla/5.0 (compatible; SemrushBot/7~bl; +http://www.semrush.com/bot.html)"
51.222.253.16 - - [29/Jun/2022:17:13:04 +0000] "GET /node/date/2007/06/03/ HTTP/2.0" 200 9555 "-" "Mozilla/5.0 (compatible; AhrefsBot/7.0; +http://ahrefs.com/robot/)"
185.180.143.70 - - [29/Jun/2022:17:14:15 +0000] "GET / HTTP/1.1" 200 396 "-" "Mozilla/5.0 (Windows NT 10.0; Win64; x64) AppleWebKit/537.36 (KHTML, like Gecko) Chrome/60.0.3112.113 Safari/537.36"
51.222.253.16 - - [29/Jun/2022:17:15:13 +0000] "GET /node/date/2014/02/23/ HTTP/2.0" 200 9044 "-" "Mozilla/5.0 (compatible; AhrefsBot/7.0; +http://ahrefs.com/robot/)"
51.222.253.6 - - [29/Jun/2022:17:17:19 +0000] "GET /node/date/2004/09/23/ HTTP/2.0" 200 7735 "-" "Mozilla/5.0 (compatible; AhrefsBot/7.0; +http://ahrefs.com/robot/)"
192.241.213.91 - - [29/Jun/2022:17:18:32 +0000] "MGLNDD_188.166.238.131_80" 400 166 "-" "-"
2409:8a34:4076:efd0:7a3b:5eab:d3f2:b405 - - [29/Jun/2022:17:19:42 +0000] "GET / HTTP/2.0" 200 15995 "https://www.goyua.xyz/" "Mozilla/5.0 (Linux; Android 11; SAMSUNG SM-G973U) AppleWebKit/537.36 (KHTML, like Gecko) SamsungBrowser/14.2 Chrome/87.0.4280.141 Mobile Safari/537.36"
51.222.253.20 - - [29/Jun/2022:17:20:00 +0000] "GET /node/tag/poem/ HTTP/2.0" 200 7517 "-" "Mozilla/5.0 (compatible; AhrefsBot/7.0; +http://ahrefs.com/robot/)"
51.222.253.10 - - [29/Jun/2022:17:22:31 +0000] "GET /node/tag/icu/ HTTP/2.0" 200 9728 "-" "Mozilla/5.0 (compatible; AhrefsBot/7.0; +http://ahrefs.com/robot/)"
185.191.171.35 - - [29/Jun/2022:17:24:47 +0000] "GET /node/category/domain/page/16 HTTP/1.1" 301 178 "-" "Mozilla/5.0 (compatible; SemrushBot/7~bl; +http://www.semrush.com/bot.html)"
185.191.171.15 - - [29/Jun/2022:17:24:50 +0000] "GET /node/category/domain/page/16/ HTTP/1.1" 200 14211 "-" "Mozilla/5.0 (compatible; SemrushBot/7~bl; +http://www.semrush.com/bot.html)"
93.78.241.42 - - [29/Jun/2022:17:26:03 +0000] "GET /.env HTTP/1.1" 404 162 "-" "Mozilla/5.0 (Windows NT 10.0; rv:68.0) Gecko/20100101 Firefox/68.0"
51.222.253.4 - - [29/Jun/2022:17:26:23 +0000] "GET /node/date/2009/10/15/ HTTP/2.0" 200 8651 "-" "Mozilla/5.0 (compatible; AhrefsBot/7.0; +http://ahrefs.com/robot/)"
51.222.253.1 - - [29/Jun/2022:17:26:25 +0000] "GET /iphone/IMG_0032.jpg HTTP/2.0" 200 43927 "-" "Mozilla/5.0 (compatible; AhrefsBot/7.0; +http://ahrefs.com/robot/)"
51.222.253.4 - - [29/Jun/2022:17:26:27 +0000] "GET /iphone/IMG_0033.jpg HTTP/2.0" 200 57314 "-" "Mozilla/5.0 (compatible; AhrefsBot/7.0; +http://ahrefs.com/robot/)"
51.222.253.12 - - [29/Jun/2022:17:26:30 +0000] "GET /iphone/IMG_0035.jpg HTTP/2.0" 200 70681 "-" "Mozilla/5.0 (compatible; AhrefsBot/7.0; +http://ahrefs.com/robot/)"
51.222.253.7 - - [29/Jun/2022:17:26:59 +0000] "GET /iphone/IMG_0030.jpg HTTP/2.0" 200 40711 "-" "Mozilla/5.0 (compatible; AhrefsBot/7.0; +http://ahrefs.com/robot/)"
51.222.253.20 - - [29/Jun/2022:17:27:01 +0000] "GET /iphone/IMG_0031.jpg HTTP/2.0" 200 38184 "-" "Mozilla/5.0 (compatible; AhrefsBot/7.0; +http://ahrefs.com/robot/)"
185.191.171.4 - - [29/Jun/2022:17:28:13 +0000] "GET /node/1377 HTTP/1.1" 302 154 "-" "Mozilla/5.0 (compatible; SemrushBot/7~bl; +http://www.semrush.com/bot.html)"
185.191.171.37 - - [29/Jun/2022:17:28:14 +0000] "GET /node/1377 HTTP/1.1" 301 178 "-" "Mozilla/5.0 (compatible; SemrushBot/7~bl; +http://www.semrush.com/bot.html)"
185.191.171.4 - - [29/Jun/2022:17:28:17 +0000] "GET /node/1377/ HTTP/1.1" 200 10579 "-" "Mozilla/5.0 (compatible; SemrushBot/7~bl; +http://www.semrush.com/bot.html)"
18.237.47.157 - - [29/Jun/2022:17:28:35 +0000] "GET /.git/config HTTP/1.1" 404 134 "-" "python-requests/2.22.0"
51.222.253.16 - - [29/Jun/2022:17:28:39 +0000] "GET /node/tag/someone/ HTTP/2.0" 200 7659 "-" "Mozilla/5.0 (compatible; AhrefsBot/7.0; +http://ahrefs.com/robot/)"
185.191.171.39 - - [29/Jun/2022:17:28:43 +0000] "GET /photo-25-2-14-13-10-41 HTTP/1.1" 301 178 "-" "Mozilla/5.0 (compatible; SemrushBot/7~bl; +http://www.semrush.com/bot.html)"
185.191.171.2 - - [29/Jun/2022:17:28:46 +0000] "GET /photo-25-2-14-13-10-41/ HTTP/1.1" 200 7935 "-" "Mozilla/5.0 (compatible; SemrushBot/7~bl; +http://www.semrush.com/bot.html)"
51.222.253.6 - - [29/Jun/2022:17:28:52 +0000] "GET /node/385 HTTP/2.0" 301 178 "-" "Mozilla/5.0 (compatible; AhrefsBot/7.0; +http://ahrefs.com/robot/)"
51.222.253.2 - - [29/Jun/2022:17:30:54 +0000] "GET /node/date/2005/03/30/ HTTP/2.0" 200 8550 "-" "Mozilla/5.0 (compatible; AhrefsBot/7.0; +http://ahrefs.com/robot/)"
216.244.66.229 - - [29/Jun/2022:17:32:26 +0000] "GET /robots.txt HTTP/1.1" 404 162 "-" "Mozilla/5.0 (compatible; DotBot/1.2; +https://opensiteexplorer.org/dotbot; help@moz.com)"
216.244.66.229 - - [29/Jun/2022:17:32:26 +0000] "GET /robots.txt HTTP/1.1" 404 162 "-" "Mozilla/5.0 (compatible; DotBot/1.2; +https://opensiteexplorer.org/dotbot; help@moz.com)"
51.222.253.10 - - [29/Jun/2022:17:33:21 +0000] "GET /node/date/2006/02/02/ HTTP/2.0" 200 8351 "-" "Mozilla/5.0 (compatible; AhrefsBot/7.0; +http://ahrefs.com/robot/)"
185.7.214.104 - - [29/Jun/2022:17:34:12 +0000] "GET /vendor/phpunit/phpunit/src/Util/PHP/eval-stdin.php HTTP/1.1" 301 178 "-" "Mozilla/5.0 (Windows NT 10.0; Win64; x64) AppleWebKit/537.36 (KHTML, like Gecko) Chrome/78.0.3904.108 Safari/537.36"
216.244.66.229 - - [29/Jun/2022:17:35:06 +0000] "GET /feed/?attachment_id=1546 HTTP/1.1" 404 162 "-" "Mozilla/5.0 (compatible; DotBot/1.2; +https://opensiteexplorer.org/dotbot; help@moz.com)"
216.244.66.229 - - [29/Jun/2022:17:35:11 +0000] "GET /wp-content/uploads/2014/03/20140301-224230.jpg HTTP/1.1" 404 162 "-" "Mozilla/5.0 (compatible; DotBot/1.2; +https://opensiteexplorer.org/dotbot; help@moz.com)"
51.222.253.20 - - [29/Jun/2022:17:35:26 +0000] "GET /node/tag/smart-bike/ HTTP/2.0" 200 11943 "-" "Mozilla/5.0 (compatible; AhrefsBot/7.0; +http://ahrefs.com/robot/)"
89.187.175.246 - - [29/Jun/2022:17:36:52 +0000] "GET /wp-login.php HTTP/2.0" 301 178 "-" "Mozilla/5.0 (Windows NT 10.0; Win64; x64) AppleWebKit/537.36 (KHTML, like Gecko) Chrome/91.0.4472.124 Safari/537.36"
89.187.175.246 - - [29/Jun/2022:17:36:54 +0000] "GET /wp-login.php HTTP/2.0" 404 186 "-" "Mozilla/5.0 (Windows NT 10.0; Win64; x64) AppleWebKit/537.36 (KHTML, like Gecko) Chrome/91.0.4472.124 Safari/537.36"
51.222.253.16 - - [29/Jun/2022:17:37:27 +0000] "GET /node/date/2009/10/18/ HTTP/2.0" 200 7860 "-" "Mozilla/5.0 (compatible; AhrefsBot/7.0; +http://ahrefs.com/robot/)"
185.191.171.40 - - [29/Jun/2022:17:39:15 +0000] "GET /img_6869 HTTP/1.1" 301 178 "-" "Mozilla/5.0 (compatible; SemrushBot/7~bl; +http://www.semrush.com/bot.html)"
185.191.171.25 - - [29/Jun/2022:17:39:18 +0000] "GET /img_6869/ HTTP/1.1" 200 7890 "-" "Mozilla/5.0 (compatible; SemrushBot/7~bl; +http://www.semrush.com/bot.html)"
51.222.253.17 - - [29/Jun/2022:17:39:35 +0000] "GET /node/tag/dreamhost/ HTTP/2.0" 200 9115 "-" "Mozilla/5.0 (compatible; AhrefsBot/7.0; +http://ahrefs.com/robot/)"
185.191.171.24 - - [29/Jun/2022:17:41:36 +0000] "GET /node/tag/ios6 HTTP/1.1" 301 178 "-" "Mozilla/5.0 (compatible; SemrushBot/7~bl; +http://www.semrush.com/bot.html)"
185.191.171.23 - - [29/Jun/2022:17:41:40 +0000] "GET /node/tag/ios6/ HTTP/1.1" 200 10728 "-" "Mozilla/5.0 (compatible; SemrushBot/7~bl; +http://www.semrush.com/bot.html)"
51.222.253.4 - - [29/Jun/2022:17:41:52 +0000] "GET /node/date/2004/12/13/ HTTP/2.0" 200 8232 "-" "Mozilla/5.0 (compatible; AhrefsBot/7.0; +http://ahrefs.com/robot/)"
185.191.171.6 - - [29/Jun/2022:17:42:14 +0000] "GET /node/tag/poem HTTP/1.1" 301 178 "-" "Mozilla/5.0 (compatible; SemrushBot/7~bl; +http://www.semrush.com/bot.html)"
185.191.171.39 - - [29/Jun/2022:17:42:16 +0000] "GET /node/tag/poem/ HTTP/1.1" 200 7530 "-" "Mozilla/5.0 (compatible; SemrushBot/7~bl; +http://www.semrush.com/bot.html)"
185.173.35.41 - - [29/Jun/2022:17:43:58 +0000] "GET / HTTP/1.1" 200 612 "-" "NetSystemsResearch studies the availability of various services across the internet. Our website is netsystemsresearch.com"
51.222.253.16 - - [29/Jun/2022:17:44:09 +0000] "GET /node/date/2007/12/24/ HTTP/2.0" 200 9225 "-" "Mozilla/5.0 (compatible; AhrefsBot/7.0; +http://ahrefs.com/robot/)"
