114.119.147.97 - - [30/Jun/2022:07:50:26 +0000] "GET /node/tag/wordpress?ak_action=accept_mobile HTTP/1.1" 302 154 "https://mrchoke.org/node/tag/wordpress?ak_action=reject_mobile" "Mozilla/5.0 (Linux; Android 7.0;) AppleWebKit/537.36 (KHTML, like Gecko) Mobile Safari/537.36 (compatible; PetalBot;+https://webmaster.petalsearch.com/site/petalbot)"
114.119.147.97 - - [30/Jun/2022:07:50:36 +0000] "GET /node/tag/wordpress?ak_action=accept_mobile HTTP/1.1" 301 178 "https://mrchoke.org/node/tag/wordpress?ak_action=reject_mobile" "Mozilla/5.0 (Linux; Android 7.0;) AppleWebKit/537.36 (KHTML, like Gecko) Mobile Safari/537.36 (compatible; PetalBot;+https://webmaster.petalsearch.com/site/petalbot)"
114.119.147.73 - - [30/Jun/2022:07:52:21 +0000] "GET /node/tag/wordpress?ak_action=accept_mobile HTTP/1.1" 302 154 "https://mrchoke.org/node/tag/wordpress?ak_action=reject_mobile" "Mozilla/5.0 (Linux; Android 7.0;) AppleWebKit/537.36 (KHTML, like Gecko) Mobile Safari/537.36 (compatible; PetalBot;+https://webmaster.petalsearch.com/site/petalbot)"
66.249.71.180 - - [30/Jun/2022:07:52:35 +0000] "GET /node/89/feed HTTP/1.1" 302 154 "-" "Mozilla/5.0 (compatible; Googlebot/2.1; +http://www.google.com/bot.html)"
66.249.71.25 - - [30/Jun/2022:07:52:36 +0000] "GET /node/89/feed HTTP/1.1" 301 178 "-" "Mozilla/5.0 (compatible; Googlebot/2.1; +http://www.google.com/bot.html)"
66.249.71.28 - - [30/Jun/2022:07:52:36 +0000] "GET /node/89/feed/ HTTP/1.1" 403 134 "-" "Mozilla/5.0 (compatible; Googlebot/2.1; +http://www.google.com/bot.html)"
114.119.147.73 - - [30/Jun/2022:07:53:21 +0000] "GET /node/tag/valentine HTTP/1.1" 301 178 "https://mrchoke.org/node/1657" "Mozilla/5.0 (Linux; Android 7.0;) AppleWebKit/537.36 (KHTML, like Gecko) Mobile Safari/537.36 (compatible; PetalBot;+https://webmaster.petalsearch.com/site/petalbot)"
114.119.147.73 - - [30/Jun/2022:07:53:27 +0000] "GET /node/tag/valentine/ HTTP/1.1" 200 10789 "https://mrchoke.org/node/1657" "Mozilla/5.0 (Linux; Android 7.0;) AppleWebKit/537.36 (KHTML, like Gecko) Mobile Safari/537.36 (compatible; PetalBot;+https://webmaster.petalsearch.com/site/petalbot)"
114.119.147.73 - - [30/Jun/2022:07:55:58 +0000] "GET /node/939/img_6371?share=linkedin HTTP/1.1" 302 154 "https://mrchoke.org/node/939/img_6371?ak_action=accept_mobile" "Mozilla/5.0 (Linux; Android 7.0;) AppleWebKit/537.36 (KHTML, like Gecko) Mobile Safari/537.36 (compatible; PetalBot;+https://webmaster.petalsearch.com/site/petalbot)"
114.119.147.73 - - [30/Jun/2022:07:56:08 +0000] "GET /node/939/img_6371?share=linkedin HTTP/1.1" 301 178 "https://mrchoke.org/node/939/img_6371?ak_action=accept_mobile" "Mozilla/5.0 (Linux; Android 7.0;) AppleWebKit/537.36 (KHTML, like Gecko) Mobile Safari/537.36 (compatible; PetalBot;+https://webmaster.petalsearch.com/site/petalbot)"
114.119.147.73 - - [30/Jun/2022:07:56:18 +0000] "GET /node/939/img_6371/?share=linkedin HTTP/1.1" 200 7908 "https://mrchoke.org/node/939/img_6371?ak_action=accept_mobile" "Mozilla/5.0 (Linux; Android 7.0;) AppleWebKit/537.36 (KHTML, like Gecko) Mobile Safari/537.36 (compatible; PetalBot;+https://webmaster.petalsearch.com/site/petalbot)"
114.119.147.87 - - [30/Jun/2022:07:57:11 +0000] "GET /node/764?share=linkedin HTTP/1.1" 302 154 "https://mrchoke.org/node/764" "Mozilla/5.0 (Linux; Android 7.0;) AppleWebKit/537.36 (KHTML, like Gecko) Mobile Safari/537.36 (compatible; PetalBot;+https://webmaster.petalsearch.com/site/petalbot)"
114.119.147.87 - - [30/Jun/2022:07:57:20 +0000] "GET /node/764?share=linkedin HTTP/1.1" 301 178 "https://mrchoke.org/node/764" "Mozilla/5.0 (Linux; Android 7.0;) AppleWebKit/537.36 (KHTML, like Gecko) Mobile Safari/537.36 (compatible; PetalBot;+https://webmaster.petalsearch.com/site/petalbot)"
114.119.147.87 - - [30/Jun/2022:07:57:29 +0000] "GET /node/764/?share=linkedin HTTP/1.1" 200 8703 "https://mrchoke.org/node/764" "Mozilla/5.0 (Linux; Android 7.0;) AppleWebKit/537.36 (KHTML, like Gecko) Mobile Safari/537.36 (compatible; PetalBot;+https://webmaster.petalsearch.com/site/petalbot)"
66.249.71.25 - - [30/Jun/2022:07:58:42 +0000] "GET /node/245 HTTP/1.1" 301 178 "-" "Mozilla/5.0 (Linux; Android 6.0.1; Nexus 5X Build/MMB29P) AppleWebKit/537.36 (KHTML, like Gecko) Chrome/103.0.5060.53 Mobile Safari/537.36 (compatible; Googlebot/2.1; +http://www.google.com/bot.html)"
66.249.71.25 - - [30/Jun/2022:07:58:42 +0000] "GET /node/245/ HTTP/1.1" 200 10623 "-" "Mozilla/5.0 (Linux; Android 6.0.1; Nexus 5X Build/MMB29P) AppleWebKit/537.36 (KHTML, like Gecko) Chrome/103.0.5060.53 Mobile Safari/537.36 (compatible; Googlebot/2.1; +http://www.google.com/bot.html)"
51.222.253.3 - - [30/Jun/2022:08:01:39 +0000] "GET /node/215/ HTTP/2.0" 200 8633 "-" "Mozilla/5.0 (compatible; AhrefsBot/7.0; +http://ahrefs.com/robot/)"
216.244.66.229 - - [30/Jun/2022:08:09:39 +0000] "GET /robots.txt HTTP/1.1" 404 162 "-" "Mozilla/5.0 (compatible; DotBot/1.2; +https://opensiteexplorer.org/dotbot; help@moz.com)"
216.244.66.229 - - [30/Jun/2022:08:09:39 +0000] "GET /robots.txt HTTP/1.1" 404 162 "-" "Mozilla/5.0 (compatible; DotBot/1.2; +https://opensiteexplorer.org/dotbot; help@moz.com)"
114.119.147.75 - - [30/Jun/2022:08:13:20 +0000] "GET /node/478?ak_action=accept_mobile HTTP/1.1" 302 154 "https://mrchoke.org/node/478?ak_action=reject_mobile" "Mozilla/5.0 (Linux; Android 7.0;) AppleWebKit/537.36 (KHTML, like Gecko) Mobile Safari/537.36 (compatible; PetalBot;+https://webmaster.petalsearch.com/site/petalbot)"
114.119.147.75 - - [30/Jun/2022:08:13:34 +0000] "GET /node/478?ak_action=accept_mobile HTTP/1.1" 301 178 "https://mrchoke.org/node/478?ak_action=reject_mobile" "Mozilla/5.0 (Linux; Android 7.0;) AppleWebKit/537.36 (KHTML, like Gecko) Mobile Safari/537.36 (compatible; PetalBot;+https://webmaster.petalsearch.com/site/petalbot)"
51.222.253.10 - - [30/Jun/2022:08:14:01 +0000] "GET /node/date/2008/07/24/ HTTP/2.0" 200 8373 "-" "Mozilla/5.0 (compatible; AhrefsBot/7.0; +http://ahrefs.com/robot/)"
216.244.66.229 - - [30/Jun/2022:08:14:36 +0000] "GET /node/790/img_6145 HTTP/1.1" 404 162 "-" "Mozilla/5.0 (compatible; DotBot/1.2; +https://opensiteexplorer.org/dotbot; help@moz.com)"
216.244.66.229 - - [30/Jun/2022:08:15:25 +0000] "GET /node/581/img_1724/feed HTTP/1.1" 404 162 "-" "Mozilla/5.0 (compatible; DotBot/1.2; +https://opensiteexplorer.org/dotbot; help@moz.com)"
216.244.66.229 - - [30/Jun/2022:08:15:30 +0000] "GET /node/939/img_6389/feed HTTP/1.1" 404 162 "-" "Mozilla/5.0 (compatible; DotBot/1.2; +https://opensiteexplorer.org/dotbot; help@moz.com)"
185.191.171.11 - - [30/Jun/2022:08:15:41 +0000] "GET /robots.txt HTTP/1.1" 404 134 "-" "Mozilla/5.0 (compatible; SemrushBot/7~bl; +http://www.semrush.com/bot.html)"
185.191.171.45 - - [30/Jun/2022:08:15:42 +0000] "GET /node/1006/img_6476 HTTP/1.1" 301 178 "-" "Mozilla/5.0 (compatible; SemrushBot/7~bl; +http://www.semrush.com/bot.html)"
185.191.171.12 - - [30/Jun/2022:08:15:46 +0000] "GET /node/1006/img_6476/ HTTP/1.1" 200 7953 "-" "Mozilla/5.0 (compatible; SemrushBot/7~bl; +http://www.semrush.com/bot.html)"
216.244.66.229 - - [30/Jun/2022:08:16:50 +0000] "GET /node/1198/feed HTTP/1.1" 404 162 "-" "Mozilla/5.0 (compatible; DotBot/1.2; +https://opensiteexplorer.org/dotbot; help@moz.com)"
216.244.66.229 - - [30/Jun/2022:08:17:36 +0000] "GET /wp-content/uploads/2014/01/CH7_3219.jpg HTTP/1.1" 404 162 "-" "Mozilla/5.0 (compatible; DotBot/1.2; +https://opensiteexplorer.org/dotbot; help@moz.com)"
216.244.66.229 - - [30/Jun/2022:08:17:39 +0000] "GET /wp-content/uploads/2014/01/CH7_3279.jpg HTTP/1.1" 404 162 "-" "Mozilla/5.0 (compatible; DotBot/1.2; +https://opensiteexplorer.org/dotbot; help@moz.com)"
216.244.66.229 - - [30/Jun/2022:08:17:42 +0000] "GET /feed/?attachment_id=1382 HTTP/1.1" 404 162 "-" "Mozilla/5.0 (compatible; DotBot/1.2; +https://opensiteexplorer.org/dotbot; help@moz.com)"
20.191.45.212 - - [30/Jun/2022:08:19:28 +0000] "GET / HTTP/1.1" 200 396 "http://static.mrchoke.org/" "Mozilla/5.0 (compatible; DuckDuckGo-Favicons-Bot/1.0; +http://duckduckgo.com)"
20.191.45.212 - - [30/Jun/2022:08:19:28 +0000] "GET /favicon.ico HTTP/1.1" 404 134 "http://static.mrchoke.org/favicon.ico" "Mozilla/5.0 (compatible; DuckDuckGo-Favicons-Bot/1.0; +http://duckduckgo.com)"
114.119.147.81 - - [30/Jun/2022:08:20:05 +0000] "GET /node/478 HTTP/1.1" 301 178 "https://mrchoke.org/node/479?ak_action=accept_mobile" "Mozilla/5.0 (Linux; Android 7.0;) AppleWebKit/537.36 (KHTML, like Gecko) Mobile Safari/537.36 (compatible; PetalBot;+https://webmaster.petalsearch.com/site/petalbot)"
114.119.147.81 - - [30/Jun/2022:08:20:12 +0000] "GET /node/478/ HTTP/1.1" 200 10777 "https://mrchoke.org/node/479?ak_action=accept_mobile" "Mozilla/5.0 (Linux; Android 7.0;) AppleWebKit/537.36 (KHTML, like Gecko) Mobile Safari/537.36 (compatible; PetalBot;+https://webmaster.petalsearch.com/site/petalbot)"
114.119.147.86 - - [30/Jun/2022:08:22:05 +0000] "GET /node/category/webpage?ak_action=reject_mobile HTTP/1.1" 302 154 "https://mrchoke.org/node/category/webpage/page/2?ak_action=reject_mobile" "Mozilla/5.0 (Linux; Android 7.0;) AppleWebKit/537.36 (KHTML, like Gecko) Mobile Safari/537.36 (compatible; PetalBot;+https://webmaster.petalsearch.com/site/petalbot)"
114.119.147.86 - - [30/Jun/2022:08:22:19 +0000] "GET /node/category/webpage?ak_action=reject_mobile HTTP/1.1" 301 178 "https://mrchoke.org/node/category/webpage/page/2?ak_action=reject_mobile" "Mozilla/5.0 (Linux; Android 7.0;) AppleWebKit/537.36 (KHTML, like Gecko) Mobile Safari/537.36 (compatible; PetalBot;+https://webmaster.petalsearch.com/site/petalbot)"
66.249.71.180 - - [30/Jun/2022:08:22:35 +0000] "GET /node/926/img_6352/feed HTTP/1.1" 302 154 "-" "Mozilla/5.0 (Linux; Android 6.0.1; Nexus 5X Build/MMB29P) AppleWebKit/537.36 (KHTML, like Gecko) Chrome/103.0.5060.53 Mobile Safari/537.36 (compatible; Googlebot/2.1; +http://www.google.com/bot.html)"
66.249.71.31 - - [30/Jun/2022:08:22:36 +0000] "GET /node/926/img_6352/feed HTTP/1.1" 301 178 "-" "Mozilla/5.0 (Linux; Android 6.0.1; Nexus 5X Build/MMB29P) AppleWebKit/537.36 (KHTML, like Gecko) Chrome/103.0.5060.53 Mobile Safari/537.36 (compatible; Googlebot/2.1; +http://www.google.com/bot.html)"
66.249.71.28 - - [30/Jun/2022:08:22:36 +0000] "GET /node/926/img_6352/feed/ HTTP/1.1" 403 196 "-" "Mozilla/5.0 (Linux; Android 6.0.1; Nexus 5X Build/MMB29P) AppleWebKit/537.36 (KHTML, like Gecko) Chrome/103.0.5060.53 Mobile Safari/537.36 (compatible; Googlebot/2.1; +http://www.google.com/bot.html)"
114.119.147.86 - - [30/Jun/2022:08:22:58 +0000] "GET /node/category/webpage?ak_action=reject_mobile HTTP/1.1" 302 154 "https://mrchoke.org/node/category/webpage/page/2?ak_action=reject_mobile" "Mozilla/5.0 (Linux; Android 7.0;) AppleWebKit/537.36 (KHTML, like Gecko) Mobile Safari/537.36 (compatible; PetalBot;+https://webmaster.petalsearch.com/site/petalbot)"
114.119.147.86 - - [30/Jun/2022:08:23:04 +0000] "GET /node/category/webpage?ak_action=reject_mobile HTTP/1.1" 301 178 "https://mrchoke.org/node/category/webpage/page/2?ak_action=reject_mobile" "Mozilla/5.0 (Linux; Android 7.0;) AppleWebKit/537.36 (KHTML, like Gecko) Mobile Safari/537.36 (compatible; PetalBot;+https://webmaster.petalsearch.com/site/petalbot)"
114.119.147.86 - - [30/Jun/2022:08:23:11 +0000] "GET /node/category/webpage/?ak_action=reject_mobile HTTP/1.1" 200 11728 "https://mrchoke.org/node/category/webpage/page/2?ak_action=reject_mobile" "Mozilla/5.0 (Linux; Android 7.0;) AppleWebKit/537.36 (KHTML, like Gecko) Mobile Safari/537.36 (compatible; PetalBot;+https://webmaster.petalsearch.com/site/petalbot)"
62.233.50.129 - - [30/Jun/2022:08:26:43 +0000] "GET /portal/info.jsp HTTP/1.1" 301 178 "-" "Mozilla/5.0 ((63bf99fa-475d-4e0a-930b-a5f694d4992d))"
62.233.50.129 - - [30/Jun/2022:08:26:43 +0000] "GET /portal/info.jsp HTTP/1.1" 200 920 "https://188.166.238.131/portal/info.jsp" "Mozilla/5.0 ((63bf99fa-475d-4e0a-930b-a5f694d4992d))"
185.191.171.22 - - [30/Jun/2022:08:27:01 +0000] "GET /robots.txt HTTP/1.1" 404 134 "-" "Mozilla/5.0 (compatible; SemrushBot/7~bl; +http://www.semrush.com/bot.html)"
114.119.147.86 - - [30/Jun/2022:08:27:01 +0000] "GET /node/tag/time-lapse HTTP/1.1" 302 154 "https://mrchoke.org/node/1558?share=reddit" "Mozilla/5.0 (Linux; Android 7.0;) AppleWebKit/537.36 (KHTML, like Gecko) Mobile Safari/537.36 (compatible; PetalBot;+https://webmaster.petalsearch.com/site/petalbot)"
185.191.171.2 - - [30/Jun/2022:08:27:03 +0000] "GET /node/926/img_6340 HTTP/1.1" 302 154 "-" "Mozilla/5.0 (compatible; SemrushBot/7~bl; +http://www.semrush.com/bot.html)"
185.191.171.38 - - [30/Jun/2022:08:27:04 +0000] "GET /node/926/img_6340 HTTP/1.1" 301 178 "-" "Mozilla/5.0 (compatible; SemrushBot/7~bl; +http://www.semrush.com/bot.html)"
185.191.171.26 - - [30/Jun/2022:08:27:07 +0000] "GET /node/926/img_6340/ HTTP/1.1" 200 7877 "-" "Mozilla/5.0 (compatible; SemrushBot/7~bl; +http://www.semrush.com/bot.html)"
114.119.147.86 - - [30/Jun/2022:08:27:08 +0000] "GET /node/tag/time-lapse HTTP/1.1" 301 178 "https://mrchoke.org/node/1558?share=reddit" "Mozilla/5.0 (Linux; Android 7.0;) AppleWebKit/537.36 (KHTML, like Gecko) Mobile Safari/537.36 (compatible; PetalBot;+https://webmaster.petalsearch.com/site/petalbot)"
114.119.147.86 - - [30/Jun/2022:08:27:14 +0000] "GET /node/tag/time-lapse/ HTTP/1.1" 200 11955 "https://mrchoke.org/node/1558?share=reddit" "Mozilla/5.0 (Linux; Android 7.0;) AppleWebKit/537.36 (KHTML, like Gecko) Mobile Safari/537.36 (compatible; PetalBot;+https://webmaster.petalsearch.com/site/petalbot)"
51.222.253.20 - - [30/Jun/2022:08:28:14 +0000] "GET /node/date/2012/05/01/ HTTP/2.0" 200 9253 "-" "Mozilla/5.0 (compatible; AhrefsBot/7.0; +http://ahrefs.com/robot/)"
51.222.253.11 - - [30/Jun/2022:08:28:16 +0000] "GET /wp-content/uploads/2012/05/IMG_1730-150x150.jpg HTTP/2.0" 200 4051 "-" "Mozilla/5.0 (compatible; AhrefsBot/7.0; +http://ahrefs.com/robot/)"
51.222.253.13 - - [30/Jun/2022:08:28:17 +0000] "GET /wp-content/uploads/2012/05/IMG_1732-150x150.jpg HTTP/2.0" 200 7383 "-" "Mozilla/5.0 (compatible; AhrefsBot/7.0; +http://ahrefs.com/robot/)"
51.222.253.18 - - [30/Jun/2022:08:28:18 +0000] "GET /wp-content/uploads/2012/05/IMG_1723-150x150.jpg HTTP/2.0" 200 9573 "-" "Mozilla/5.0 (compatible; AhrefsBot/7.0; +http://ahrefs.com/robot/)"
51.222.253.11 - - [30/Jun/2022:08:28:20 +0000] "GET /wp-content/uploads/2012/05/IMG_1727-150x150.jpg HTTP/2.0" 200 7627 "-" "Mozilla/5.0 (compatible; AhrefsBot/7.0; +http://ahrefs.com/robot/)"
51.222.253.17 - - [30/Jun/2022:08:28:21 +0000] "GET /wp-content/uploads/2012/05/IMG_1724-150x150.jpg HTTP/2.0" 200 7201 "-" "Mozilla/5.0 (compatible; AhrefsBot/7.0; +http://ahrefs.com/robot/)"
51.222.253.9 - - [30/Jun/2022:08:28:22 +0000] "GET /wp-content/uploads/2012/05/IMG_1731-300x224.jpg HTTP/2.0" 200 11760 "-" "Mozilla/5.0 (compatible; AhrefsBot/7.0; +http://ahrefs.com/robot/)"
51.222.253.12 - - [30/Jun/2022:08:28:23 +0000] "GET /wp-content/uploads/2012/05/IMG_1725-150x150.jpg HTTP/2.0" 200 8132 "-" "Mozilla/5.0 (compatible; AhrefsBot/7.0; +http://ahrefs.com/robot/)"
51.222.253.19 - - [30/Jun/2022:08:28:25 +0000] "GET /wp-content/uploads/2012/05/IMG_1731-150x150.jpg HTTP/2.0" 200 5614 "-" "Mozilla/5.0 (compatible; AhrefsBot/7.0; +http://ahrefs.com/robot/)"
51.222.253.3 - - [30/Jun/2022:08:28:26 +0000] "GET /wp-content/uploads/2012/05/IMG_1729-150x150.jpg HTTP/2.0" 200 9638 "-" "Mozilla/5.0 (compatible; AhrefsBot/7.0; +http://ahrefs.com/robot/)"
51.222.253.18 - - [30/Jun/2022:08:28:27 +0000] "GET /wp-content/uploads/2012/05/IMG_1726-150x150.jpg HTTP/2.0" 200 4742 "-" "Mozilla/5.0 (compatible; AhrefsBot/7.0; +http://ahrefs.com/robot/)"
51.222.253.17 - - [30/Jun/2022:08:28:30 +0000] "GET /wp-content/uploads/2012/05/IMG_1728-150x150.jpg HTTP/2.0" 200 6101 "-" "Mozilla/5.0 (compatible; AhrefsBot/7.0; +http://ahrefs.com/robot/)"
114.119.147.87 - - [30/Jun/2022:08:28:30 +0000] "GET /node/790/img_6162 HTTP/1.1" 302 154 "https://mrchoke.org/node/790/img_6163" "Mozilla/5.0 (Linux; Android 7.0;) AppleWebKit/537.36 (KHTML, like Gecko) Mobile Safari/537.36 (compatible; PetalBot;+https://webmaster.petalsearch.com/site/petalbot)"
51.222.253.13 - - [30/Jun/2022:08:28:31 +0000] "GET /wp-content/uploads/2012/05/IMG_1724-300x224.jpg HTTP/2.0" 200 16250 "-" "Mozilla/5.0 (compatible; AhrefsBot/7.0; +http://ahrefs.com/robot/)"
114.119.147.87 - - [30/Jun/2022:08:28:35 +0000] "GET /node/790/img_6162 HTTP/1.1" 301 178 "https://mrchoke.org/node/790/img_6163" "Mozilla/5.0 (Linux; Android 7.0;) AppleWebKit/537.36 (KHTML, like Gecko) Mobile Safari/537.36 (compatible; PetalBot;+https://webmaster.petalsearch.com/site/petalbot)"
114.119.147.87 - - [30/Jun/2022:08:28:41 +0000] "GET /node/790/img_6162/ HTTP/1.1" 200 7938 "https://mrchoke.org/node/790/img_6163" "Mozilla/5.0 (Linux; Android 7.0;) AppleWebKit/537.36 (KHTML, like Gecko) Mobile Safari/537.36 (compatible; PetalBot;+https://webmaster.petalsearch.com/site/petalbot)"
185.191.171.36 - - [30/Jun/2022:08:32:19 +0000] "GET /node/1997 HTTP/1.1" 301 178 "-" "Mozilla/5.0 (compatible; SemrushBot/7~bl; +http://www.semrush.com/bot.html)"
185.191.171.42 - - [30/Jun/2022:08:32:21 +0000] "GET /node/1997/ HTTP/1.1" 200 9560 "-" "Mozilla/5.0 (compatible; SemrushBot/7~bl; +http://www.semrush.com/bot.html)"
40.77.167.106 - - [30/Jun/2022:08:33:35 +0000] "GET /robots.txt HTTP/1.1" 404 134 "-" "Mozilla/5.0 (compatible; bingbot/2.0; +http://www.bing.com/bingbot.htm)"
40.77.167.46 - - [30/Jun/2022:08:33:41 +0000] "GET / HTTP/1.1" 200 396 "-" "Mozilla/5.0 (compatible; bingbot/2.0; +http://www.bing.com/bingbot.htm)"
185.191.171.7 - - [30/Jun/2022:08:34:35 +0000] "GET /node/1786/photo-25-2-14-20-19-51 HTTP/1.1" 301 178 "-" "Mozilla/5.0 (compatible; SemrushBot/7~bl; +http://www.semrush.com/bot.html)"
185.191.171.45 - - [30/Jun/2022:08:34:38 +0000] "GET /node/1786/photo-25-2-14-20-19-51/ HTTP/1.1" 200 7931 "-" "Mozilla/5.0 (compatible; SemrushBot/7~bl; +http://www.semrush.com/bot.html)"
185.7.214.104 - - [30/Jun/2022:08:35:26 +0000] "GET / HTTP/1.1" 200 396 "-" "Mozilla/5.0 (Windows NT 10.0; Win64; x64) AppleWebKit/537.36 (KHTML, like Gecko) Chrome/78.0.3904.108 Safari/537.36"
185.191.171.36 - - [30/Jun/2022:08:37:55 +0000] "GET /node/693/3 HTTP/1.1" 302 154 "-" "Mozilla/5.0 (compatible; SemrushBot/7~bl; +http://www.semrush.com/bot.html)"
185.191.171.41 - - [30/Jun/2022:08:37:56 +0000] "GET /node/693/3 HTTP/1.1" 301 178 "-" "Mozilla/5.0 (compatible; SemrushBot/7~bl; +http://www.semrush.com/bot.html)"
185.191.171.7 - - [30/Jun/2022:08:38:01 +0000] "GET /node/693/3/ HTTP/1.1" 200 10677 "-" "Mozilla/5.0 (compatible; SemrushBot/7~bl; +http://www.semrush.com/bot.html)"
185.191.171.45 - - [30/Jun/2022:08:38:26 +0000] "GET /node/835/img_6231 HTTP/1.1" 301 178 "-" "Mozilla/5.0 (compatible; SemrushBot/7~bl; +http://www.semrush.com/bot.html)"
185.191.171.36 - - [30/Jun/2022:08:38:30 +0000] "GET /node/835/img_6231/ HTTP/1.1" 200 7932 "-" "Mozilla/5.0 (compatible; SemrushBot/7~bl; +http://www.semrush.com/bot.html)"
51.222.253.12 - - [30/Jun/2022:08:39:38 +0000] "GET /node/150/ HTTP/2.0" 200 28252 "-" "Mozilla/5.0 (compatible; AhrefsBot/7.0; +http://ahrefs.com/robot/)"
154.89.5.114 - - [30/Jun/2022:08:40:04 +0000] "GET / HTTP/1.0" 301 178 "-" "-"
66.249.71.182 - - [30/Jun/2022:08:40:35 +0000] "GET /node/926/img_6352/feed HTTP/1.1" 302 154 "-" "Mozilla/5.0 (compatible; Googlebot/2.1; +http://www.google.com/bot.html)"
66.249.71.28 - - [30/Jun/2022:08:40:36 +0000] "GET /node/926/img_6352/feed HTTP/1.1" 301 178 "-" "Mozilla/5.0 (compatible; Googlebot/2.1; +http://www.google.com/bot.html)"
66.249.71.28 - - [30/Jun/2022:08:40:36 +0000] "GET /node/926/img_6352/feed/ HTTP/1.1" 403 134 "-" "Mozilla/5.0 (compatible; Googlebot/2.1; +http://www.google.com/bot.html)"
114.119.147.87 - - [30/Jun/2022:08:42:52 +0000] "GET /node/tag/charging-time HTTP/1.1" 301 178 "https://mrchoke.org/node/601?share=linkedin" "Mozilla/5.0 (Linux; Android 7.0;) AppleWebKit/537.36 (KHTML, like Gecko) Mobile Safari/537.36 (compatible; PetalBot;+https://webmaster.petalsearch.com/site/petalbot)"
114.119.147.87 - - [30/Jun/2022:08:43:09 +0000] "GET /node/tag/charging-time/ HTTP/1.1" 200 9241 "https://mrchoke.org/node/601?share=linkedin" "Mozilla/5.0 (Linux; Android 7.0;) AppleWebKit/537.36 (KHTML, like Gecko) Mobile Safari/537.36 (compatible; PetalBot;+https://webmaster.petalsearch.com/site/petalbot)"
200.69.236.71 - - [30/Jun/2022:08:43:55 +0000] "GET /wp-load.php?daksldlkdsadas=1 HTTP/1.1" 404 564 "mrchoke.org" "Mozilla/5.0 (Windows NT 6.1; WOW64) AppleWebKit/537.36 (KHTML, like Gecko) Chrome/50.0.2661.75 Safari/537.36"
107.155.217.142 - - [30/Jun/2022:08:44:32 +0000] "GET / HTTP/1.1" 200 396 "-" "Mozilla/5.0 (Windows NT 6.3; Win64; x64) AppleWebKit/537.36 (KHTML, like Gecko) Chrome/88.0.4324.190 Safari/537.36"
81.206.210.191 - - [30/Jun/2022:08:45:15 +0000] "GET /wp-content/uploads/2013/12/virtualbox_logo.png HTTP/2.0" 302 154 "https://www.sitepoint.com/" "Mozilla/5.0 (Macintosh; Intel Mac OS X 10.15; rv:101.0) Gecko/20100101 Firefox/101.0"
81.206.210.191 - - [30/Jun/2022:08:45:15 +0000] "GET /wp-content/uploads/2013/12/virtualbox_logo.png HTTP/2.0" 404 123 "https://www.sitepoint.com/" "Mozilla/5.0 (Macintosh; Intel Mac OS X 10.15; rv:101.0) Gecko/20100101 Firefox/101.0"
200.69.236.71 - - [30/Jun/2022:08:45:35 +0000] "GET /old-index.php?daksldlkdsadas=1 HTTP/1.1" 404 564 "mrchoke.org" "Mozilla/5.0 (Windows NT 6.1; WOW64) AppleWebKit/537.36 (KHTML, like Gecko) Chrome/50.0.2661.75 Safari/537.36"
54.236.1.22 - - [30/Jun/2022:08:49:19 +0000] "GET /wp-content/uploads/2013/12/Screenshot-2013-12-08-01.34.07.png HTTP/1.1" 200 100745 "-" "python-requests/2.27.1"
40.77.167.46 - - [30/Jun/2022:08:50:33 +0000] "GET /feed/?attachment_id=1875 HTTP/2.0" 403 123 "-" "Mozilla/5.0 (compatible; bingbot/2.0; +http://www.bing.com/bingbot.htm)"
51.222.253.14 - - [30/Jun/2022:08:52:29 +0000] "GET /node/date/2011/07/11/ HTTP/2.0" 200 7456 "-" "Mozilla/5.0 (compatible; AhrefsBot/7.0; +http://ahrefs.com/robot/)"
185.191.171.35 - - [30/Jun/2022:08:52:37 +0000] "GET /node/443 HTTP/1.1" 301 178 "-" "Mozilla/5.0 (compatible; SemrushBot/7~bl; +http://www.semrush.com/bot.html)"
185.191.171.14 - - [30/Jun/2022:08:52:39 +0000] "GET /node/443/ HTTP/1.1" 200 8857 "-" "Mozilla/5.0 (compatible; SemrushBot/7~bl; +http://www.semrush.com/bot.html)"
109.237.100.22 - - [30/Jun/2022:08:53:34 +0000] "GET /.env HTTP/1.1" 400 666 "-" "Mozilla/5.0 (X11; Linux x86_64) AppleWebKit/537.36 (KHTML, like Gecko) Chrome/81.0.4044.129 Safari/537.36"
109.237.100.22 - - [30/Jun/2022:08:53:39 +0000] "GET /.env HTTP/1.1" 301 178 "-" "Mozilla/5.0 (X11; Linux x86_64) AppleWebKit/537.36 (KHTML, like Gecko) Chrome/81.0.4044.129 Safari/537.36"
109.237.100.22 - - [30/Jun/2022:08:53:43 +0000] "POST /.env HTTP/1.1" 301 178 "-" "Mozilla/5.0 (X11; Linux x86_64) AppleWebKit/537.36 (KHTML, like Gecko) Chrome/81.0.4044.129 Safari/537.36"
109.237.100.22 - - [30/Jun/2022:08:53:47 +0000] "GET /.aws/credentials HTTP/1.1" 301 178 "-" "Mozilla/5.0 (X11; Linux x86_64) AppleWebKit/537.36 (KHTML, like Gecko) Chrome/81.0.4044.129 Safari/537.36"
109.237.100.22 - - [30/Jun/2022:08:53:50 +0000] "POST /.aws/credentials HTTP/1.1" 301 178 "-" "Mozilla/5.0 (X11; Linux x86_64) AppleWebKit/537.36 (KHTML, like Gecko) Chrome/81.0.4044.129 Safari/537.36"
109.237.100.22 - - [30/Jun/2022:08:53:54 +0000] "GET /.aws/config HTTP/1.1" 301 178 "-" "Mozilla/5.0 (X11; Linux x86_64) AppleWebKit/537.36 (KHTML, like Gecko) Chrome/81.0.4044.129 Safari/537.36"
109.237.100.22 - - [30/Jun/2022:08:53:56 +0000] "POST /.aws/config HTTP/1.1" 301 178 "-" "Mozilla/5.0 (X11; Linux x86_64) AppleWebKit/537.36 (KHTML, like Gecko) Chrome/81.0.4044.129 Safari/537.36"
109.237.100.22 - - [30/Jun/2022:08:54:00 +0000] "GET /aws/credentials HTTP/1.1" 301 178 "-" "Mozilla/5.0 (X11; Linux x86_64) AppleWebKit/537.36 (KHTML, like Gecko) Chrome/81.0.4044.129 Safari/537.36"
109.237.100.22 - - [30/Jun/2022:08:54:03 +0000] "POST /aws/credentials HTTP/1.1" 301 178 "-" "Mozilla/5.0 (X11; Linux x86_64) AppleWebKit/537.36 (KHTML, like Gecko) Chrome/81.0.4044.129 Safari/537.36"
109.237.100.22 - - [30/Jun/2022:08:54:07 +0000] "GET /credentials HTTP/1.1" 301 178 "-" "Mozilla/5.0 (X11; Linux x86_64) AppleWebKit/537.36 (KHTML, like Gecko) Chrome/81.0.4044.129 Safari/537.36"
109.237.100.22 - - [30/Jun/2022:08:54:09 +0000] "POST /credentials HTTP/1.1" 301 178 "-" "Mozilla/5.0 (X11; Linux x86_64) AppleWebKit/537.36 (KHTML, like Gecko) Chrome/81.0.4044.129 Safari/537.36"
109.237.100.22 - - [30/Jun/2022:08:54:14 +0000] "GET /.aws HTTP/1.1" 301 178 "-" "Mozilla/5.0 (X11; Linux x86_64) AppleWebKit/537.36 (KHTML, like Gecko) Chrome/81.0.4044.129 Safari/537.36"
109.237.100.22 - - [30/Jun/2022:08:54:20 +0000] "POST /.aws HTTP/1.1" 301 178 "-" "Mozilla/5.0 (X11; Linux x86_64) AppleWebKit/537.36 (KHTML, like Gecko) Chrome/81.0.4044.129 Safari/537.36"
109.237.100.22 - - [30/Jun/2022:08:54:24 +0000] "GET /public/.env HTTP/1.1" 301 178 "-" "Mozilla/5.0 (X11; Linux x86_64) AppleWebKit/537.36 (KHTML, like Gecko) Chrome/81.0.4044.129 Safari/537.36"
109.237.100.22 - - [30/Jun/2022:08:54:27 +0000] "POST /public/.env HTTP/1.1" 301 178 "-" "Mozilla/5.0 (X11; Linux x86_64) AppleWebKit/537.36 (KHTML, like Gecko) Chrome/81.0.4044.129 Safari/537.36"
109.237.100.22 - - [30/Jun/2022:08:54:31 +0000] "GET /public/.aws/credentials HTTP/1.1" 301 178 "-" "Mozilla/5.0 (X11; Linux x86_64) AppleWebKit/537.36 (KHTML, like Gecko) Chrome/81.0.4044.129 Safari/537.36"
109.237.100.22 - - [30/Jun/2022:08:54:34 +0000] "POST /public/.aws/credentials HTTP/1.1" 301 178 "-" "Mozilla/5.0 (X11; Linux x86_64) AppleWebKit/537.36 (KHTML, like Gecko) Chrome/81.0.4044.129 Safari/537.36"
109.237.100.22 - - [30/Jun/2022:08:54:39 +0000] "GET /.aws/config HTTP/1.1" 301 178 "-" "Mozilla/5.0 (X11; Linux x86_64) AppleWebKit/537.36 (KHTML, like Gecko) Chrome/81.0.4044.129 Safari/537.36"
109.237.100.22 - - [30/Jun/2022:08:54:42 +0000] "POST /.aws/config HTTP/1.1" 301 178 "-" "Mozilla/5.0 (X11; Linux x86_64) AppleWebKit/537.36 (KHTML, like Gecko) Chrome/81.0.4044.129 Safari/537.36"
109.237.100.22 - - [30/Jun/2022:08:54:47 +0000] "GET /public/aws/credentials HTTP/1.1" 301 178 "-" "Mozilla/5.0 (X11; Linux x86_64) AppleWebKit/537.36 (KHTML, like Gecko) Chrome/81.0.4044.129 Safari/537.36"
109.237.100.22 - - [30/Jun/2022:08:54:50 +0000] "POST /public/aws/credentials HTTP/1.1" 301 178 "-" "Mozilla/5.0 (X11; Linux x86_64) AppleWebKit/537.36 (KHTML, like Gecko) Chrome/81.0.4044.129 Safari/537.36"
109.237.100.22 - - [30/Jun/2022:08:54:54 +0000] "GET /public/.aws HTTP/1.1" 301 178 "-" "Mozilla/5.0 (X11; Linux x86_64) AppleWebKit/537.36 (KHTML, like Gecko) Chrome/81.0.4044.129 Safari/537.36"
109.237.100.22 - - [30/Jun/2022:08:54:56 +0000] "POST /public/.aws HTTP/1.1" 301 178 "-" "Mozilla/5.0 (X11; Linux x86_64) AppleWebKit/537.36 (KHTML, like Gecko) Chrome/81.0.4044.129 Safari/537.36"
66.249.71.180 - - [30/Jun/2022:08:58:35 +0000] "GET /node/category/domain/feed HTTP/1.1" 302 154 "-" "Mozilla/5.0 (Linux; Android 6.0.1; Nexus 5X Build/MMB29P) AppleWebKit/537.36 (KHTML, like Gecko) Chrome/103.0.5060.53 Mobile Safari/537.36 (compatible; Googlebot/2.1; +http://www.google.com/bot.html)"
66.249.71.25 - - [30/Jun/2022:08:58:36 +0000] "GET /node/category/domain/feed HTTP/1.1" 301 178 "-" "Mozilla/5.0 (Linux; Android 6.0.1; Nexus 5X Build/MMB29P) AppleWebKit/537.36 (KHTML, like Gecko) Chrome/103.0.5060.53 Mobile Safari/537.36 (compatible; Googlebot/2.1; +http://www.google.com/bot.html)"
66.249.71.31 - - [30/Jun/2022:08:58:36 +0000] "GET /node/category/domain/feed/ HTTP/1.1" 403 196 "-" "Mozilla/5.0 (Linux; Android 6.0.1; Nexus 5X Build/MMB29P) AppleWebKit/537.36 (KHTML, like Gecko) Chrome/103.0.5060.53 Mobile Safari/537.36 (compatible; Googlebot/2.1; +http://www.google.com/bot.html)"
167.71.102.95 - - [30/Jun/2022:08:59:20 +0000] "\x00\x0E8\x89:*~\xD1\x16\xA6 \x00\x00\x00\x00\x00" 400 166 "-" "-"
114.119.147.81 - - [30/Jun/2022:08:59:22 +0000] "GET /img_7343 HTTP/1.1" 301 178 "https://static.mrchoke.org/node/1437" "Mozilla/5.0 (Linux; Android 7.0;) AppleWebKit/537.36 (KHTML, like Gecko) Mobile Safari/537.36 (compatible; PetalBot;+https://webmaster.petalsearch.com/site/petalbot)"
114.119.147.81 - - [30/Jun/2022:08:59:24 +0000] "GET /img_7343/ HTTP/1.1" 200 7873 "https://static.mrchoke.org/node/1437" "Mozilla/5.0 (Linux; Android 7.0;) AppleWebKit/537.36 (KHTML, like Gecko) Mobile Safari/537.36 (compatible; PetalBot;+https://webmaster.petalsearch.com/site/petalbot)"
40.77.167.43 - - [30/Jun/2022:09:00:11 +0000] "GET /feed/?attachment_id=1096 HTTP/2.0" 403 123 "-" "Mozilla/5.0 (compatible; bingbot/2.0; +http://www.bing.com/bingbot.htm)"
207.46.13.149 - - [30/Jun/2022:09:01:03 +0000] "GET /node/414/feed HTTP/2.0" 301 178 "-" "Mozilla/5.0 (compatible; bingbot/2.0; +http://www.bing.com/bingbot.htm)"
207.46.13.149 - - [30/Jun/2022:09:01:13 +0000] "GET /node/414/feed/ HTTP/2.0" 403 123 "-" "Mozilla/5.0 (compatible; bingbot/2.0; +http://www.bing.com/bingbot.htm)"
207.46.13.174 - - [30/Jun/2022:09:02:07 +0000] "GET /feed/?attachment_id=1290 HTTP/2.0" 403 123 "-" "Mozilla/5.0 (compatible; bingbot/2.0; +http://www.bing.com/bingbot.htm)"
216.244.66.229 - - [30/Jun/2022:09:03:00 +0000] "GET /robots.txt HTTP/1.1" 404 162 "-" "Mozilla/5.0 (compatible; DotBot/1.2; +https://opensiteexplorer.org/dotbot; help@moz.com)"
216.244.66.229 - - [30/Jun/2022:09:03:00 +0000] "GET /robots.txt HTTP/1.1" 404 162 "-" "Mozilla/5.0 (compatible; DotBot/1.2; +https://opensiteexplorer.org/dotbot; help@moz.com)"
185.191.171.17 - - [30/Jun/2022:09:04:11 +0000] "GET /node/865/ch7_3264 HTTP/1.1" 302 154 "-" "Mozilla/5.0 (compatible; SemrushBot/7~bl; +http://www.semrush.com/bot.html)"
185.191.171.45 - - [30/Jun/2022:09:04:12 +0000] "GET /node/865/ch7_3264 HTTP/1.1" 301 178 "-" "Mozilla/5.0 (compatible; SemrushBot/7~bl; +http://www.semrush.com/bot.html)"
185.191.171.22 - - [30/Jun/2022:09:04:15 +0000] "GET /node/865/ch7_3264/ HTTP/1.1" 200 7888 "-" "Mozilla/5.0 (compatible; SemrushBot/7~bl; +http://www.semrush.com/bot.html)"
207.46.13.149 - - [30/Jun/2022:09:06:43 +0000] "GET /feed/?attachment_id=1784 HTTP/2.0" 403 123 "-" "Mozilla/5.0 (compatible; bingbot/2.0; +http://www.bing.com/bingbot.htm)"
40.77.167.43 - - [30/Jun/2022:09:06:53 +0000] "GET /node/234/feed HTTP/2.0" 301 178 "-" "Mozilla/5.0 (compatible; bingbot/2.0; +http://www.bing.com/bingbot.htm)"
157.55.39.115 - - [30/Jun/2022:09:07:03 +0000] "GET /robots.txt HTTP/2.0" 404 123 "-" "Mozilla/5.0 (compatible; bingbot/2.0; +http://www.bing.com/bingbot.htm)"
40.77.167.43 - - [30/Jun/2022:09:07:03 +0000] "GET /node/234/feed/ HTTP/2.0" 403 123 "-" "Mozilla/5.0 (compatible; bingbot/2.0; +http://www.bing.com/bingbot.htm)"
216.244.66.229 - - [30/Jun/2022:09:07:12 +0000] "GET /img_6699/ HTTP/1.1" 404 162 "-" "Mozilla/5.0 (compatible; DotBot/1.2; +https://opensiteexplorer.org/dotbot; help@moz.com)"
216.244.66.229 - - [30/Jun/2022:09:07:48 +0000] "GET /node/835/img_6245/feed HTTP/1.1" 404 162 "-" "Mozilla/5.0 (compatible; DotBot/1.2; +https://opensiteexplorer.org/dotbot; help@moz.com)"
216.244.66.229 - - [30/Jun/2022:09:07:53 +0000] "GET /node/865/ch7_3086/feed HTTP/1.1" 404 162 "-" "Mozilla/5.0 (compatible; DotBot/1.2; +https://opensiteexplorer.org/dotbot; help@moz.com)"
216.244.66.229 - - [30/Jun/2022:09:08:41 +0000] "GET /node/444/feed HTTP/1.1" 404 162 "-" "Mozilla/5.0 (compatible; DotBot/1.2; +https://opensiteexplorer.org/dotbot; help@moz.com)"
216.244.66.229 - - [30/Jun/2022:09:08:44 +0000] "GET /node/50/feed HTTP/1.1" 404 162 "-" "Mozilla/5.0 (compatible; DotBot/1.2; +https://opensiteexplorer.org/dotbot; help@moz.com)"
216.244.66.229 - - [30/Jun/2022:09:09:27 +0000] "GET /wp-content/uploads/2014/01/IMG_6145.jpg HTTP/1.1" 404 162 "-" "Mozilla/5.0 (compatible; DotBot/1.2; +https://opensiteexplorer.org/dotbot; help@moz.com)"
216.244.66.229 - - [30/Jun/2022:09:09:30 +0000] "GET /wp-content/uploads/2014/01/IMG_6254.jpg HTTP/1.1" 404 162 "-" "Mozilla/5.0 (compatible; DotBot/1.2; +https://opensiteexplorer.org/dotbot; help@moz.com)"
216.244.66.229 - - [30/Jun/2022:09:09:32 +0000] "GET /feed/?attachment_id=1159 HTTP/1.1" 404 162 "-" "Mozilla/5.0 (compatible; DotBot/1.2; +https://opensiteexplorer.org/dotbot; help@moz.com)"
185.191.171.6 - - [30/Jun/2022:09:12:41 +0000] "GET /node/date/2009/12/28 HTTP/1.1" 301 178 "-" "Mozilla/5.0 (compatible; SemrushBot/7~bl; +http://www.semrush.com/bot.html)"
185.191.171.4 - - [30/Jun/2022:09:12:45 +0000] "GET /node/date/2009/12/28/ HTTP/1.1" 200 10193 "-" "Mozilla/5.0 (compatible; SemrushBot/7~bl; +http://www.semrush.com/bot.html)"
185.21.216.169 - - [30/Jun/2022:09:13:51 +0000] "GET / HTTP/1.1" 200 396 "-" "Mozilla/5.0 (Macintosh; Intel Mac OS X 10_15_7) AppleWebKit/537.36 (KHTML, like Gecko) Chrome/102.0.0.0 Safari/537.36"
185.191.171.18 - - [30/Jun/2022:09:16:11 +0000] "GET /robots.txt HTTP/1.1" 404 134 "-" "Mozilla/5.0 (compatible; SemrushBot/7~bl; +http://www.semrush.com/bot.html)"
185.191.171.20 - - [30/Jun/2022:09:16:12 +0000] "GET /node/1885/7 HTTP/1.1" 301 178 "-" "Mozilla/5.0 (compatible; SemrushBot/7~bl; +http://www.semrush.com/bot.html)"
185.7.214.104 - - [30/Jun/2022:09:16:13 +0000] "POST /cgi-bin/.%2e/.%2e/.%2e/.%2e/bin/sh HTTP/1.1" 400 166 "-" "-"
185.191.171.13 - - [30/Jun/2022:09:16:15 +0000] "GET /node/1885/7/ HTTP/1.1" 200 16801 "-" "Mozilla/5.0 (compatible; SemrushBot/7~bl; +http://www.semrush.com/bot.html)"
66.249.71.182 - - [30/Jun/2022:09:16:35 +0000] "GET /node/category/domain/feed HTTP/1.1" 302 154 "-" "Mozilla/5.0 (compatible; Googlebot/2.1; +http://www.google.com/bot.html)"
66.249.71.31 - - [30/Jun/2022:09:16:36 +0000] "GET /node/category/domain/feed HTTP/1.1" 301 178 "-" "Mozilla/5.0 (compatible; Googlebot/2.1; +http://www.google.com/bot.html)"
66.249.71.31 - - [30/Jun/2022:09:16:36 +0000] "GET /node/category/domain/feed/ HTTP/1.1" 403 134 "-" "Mozilla/5.0 (compatible; Googlebot/2.1; +http://www.google.com/bot.html)"
114.119.147.74 - - [30/Jun/2022:09:23:17 +0000] "GET /node/category/uncategorized/page/3?ak_action=reject_mobile HTTP/1.1" 302 154 "https://mrchoke.org/node/category/uncategorized/page/4?ak_action=reject_mobile" "Mozilla/5.0 (Linux; Android 7.0;) AppleWebKit/537.36 (KHTML, like Gecko) Mobile Safari/537.36 (compatible; PetalBot;+https://webmaster.petalsearch.com/site/petalbot)"
114.119.147.74 - - [30/Jun/2022:09:23:17 +0000] "GET /node/category/uncategorized/page/3?ak_action=reject_mobile HTTP/1.1" 301 178 "https://mrchoke.org/node/category/uncategorized/page/4?ak_action=reject_mobile" "Mozilla/5.0 (Linux; Android 7.0;) AppleWebKit/537.36 (KHTML, like Gecko) Mobile Safari/537.36 (compatible; PetalBot;+https://webmaster.petalsearch.com/site/petalbot)"
114.119.147.74 - - [30/Jun/2022:09:23:17 +0000] "GET /node/category/uncategorized/page/3/?ak_action=reject_mobile HTTP/1.1" 200 13909 "https://mrchoke.org/node/category/uncategorized/page/4?ak_action=reject_mobile" "Mozilla/5.0 (Linux; Android 7.0;) AppleWebKit/537.36 (KHTML, like Gecko) Mobile Safari/537.36 (compatible; PetalBot;+https://webmaster.petalsearch.com/site/petalbot)"
114.119.147.87 - - [30/Jun/2022:09:28:40 +0000] "GET /node/category/linux/page/2?ak_action=accept_mobile HTTP/1.1" 302 154 "https://mrchoke.org/node/category/linux?ak_action=accept_mobile" "Mozilla/5.0 (Linux; Android 7.0;) AppleWebKit/537.36 (KHTML, like Gecko) Mobile Safari/537.36 (compatible; PetalBot;+https://webmaster.petalsearch.com/site/petalbot)"
114.119.147.87 - - [30/Jun/2022:09:28:40 +0000] "GET /node/category/linux/page/2?ak_action=accept_mobile HTTP/1.1" 301 178 "https://mrchoke.org/node/category/linux?ak_action=accept_mobile" "Mozilla/5.0 (Linux; Android 7.0;) AppleWebKit/537.36 (KHTML, like Gecko) Mobile Safari/537.36 (compatible; PetalBot;+https://webmaster.petalsearch.com/site/petalbot)"
114.119.147.87 - - [30/Jun/2022:09:28:40 +0000] "GET /node/category/linux/page/2/?ak_action=accept_mobile HTTP/1.1" 200 16498 "https://mrchoke.org/node/category/linux?ak_action=accept_mobile" "Mozilla/5.0 (Linux; Android 7.0;) AppleWebKit/537.36 (KHTML, like Gecko) Mobile Safari/537.36 (compatible; PetalBot;+https://webmaster.petalsearch.com/site/petalbot)"
51.222.253.10 - - [30/Jun/2022:09:29:58 +0000] "GET /robots.txt HTTP/2.0" 404 123 "-" "Mozilla/5.0 (compatible; AhrefsBot/7.0; +http://ahrefs.com/robot/)"
51.222.253.17 - - [30/Jun/2022:09:29:59 +0000] "GET /node/date/2006/10/22/page/2/ HTTP/2.0" 200 12011 "-" "Mozilla/5.0 (compatible; AhrefsBot/7.0; +http://ahrefs.com/robot/)"
40.77.167.43 - - [30/Jun/2022:09:30:15 +0000] "GET /node/153/feed HTTP/2.0" 301 178 "-" "Mozilla/5.0 (compatible; bingbot/2.0; +http://www.bing.com/bingbot.htm)"
40.77.167.43 - - [30/Jun/2022:09:30:24 +0000] "GET /node/153/feed/ HTTP/2.0" 403 123 "-" "Mozilla/5.0 (compatible; bingbot/2.0; +http://www.bing.com/bingbot.htm)"
114.119.147.73 - - [30/Jun/2022:09:33:18 +0000] "GET /node/1558/img_7510?ak_action=accept_mobile HTTP/1.1" 302 154 "https://mrchoke.org/node/1558/img_7510?ak_action=reject_mobile" "Mozilla/5.0 (Linux; Android 7.0;) AppleWebKit/537.36 (KHTML, like Gecko) Mobile Safari/537.36 (compatible; PetalBot;+https://webmaster.petalsearch.com/site/petalbot)"
114.119.147.73 - - [30/Jun/2022:09:33:25 +0000] "GET /node/1558/img_7510?ak_action=accept_mobile HTTP/1.1" 301 178 "https://mrchoke.org/node/1558/img_7510?ak_action=reject_mobile" "Mozilla/5.0 (Linux; Android 7.0;) AppleWebKit/537.36 (KHTML, like Gecko) Mobile Safari/537.36 (compatible; PetalBot;+https://webmaster.petalsearch.com/site/petalbot)"
114.119.147.73 - - [30/Jun/2022:09:33:33 +0000] "GET /node/1558/img_7510/?ak_action=accept_mobile HTTP/1.1" 200 7924 "https://mrchoke.org/node/1558/img_7510?ak_action=reject_mobile" "Mozilla/5.0 (Linux; Android 7.0;) AppleWebKit/537.36 (KHTML, like Gecko) Mobile Safari/537.36 (compatible; PetalBot;+https://webmaster.petalsearch.com/site/petalbot)"
192.241.219.225 - - [30/Jun/2022:09:37:43 +0000] "GET /hudson HTTP/1.1" 404 134 "-" "Mozilla/5.0 zgrab/0.x"
103.227.119.253 - - [30/Jun/2022:09:38:55 +0000] "GET / HTTP/1.1" 200 612 "-" "Mozilla/5.0 (Macintosh; Intel Mac OS X 10_11_6) AppleWebKit/601.7.7 (KHTML, like Gecko) Version/9.1.2 Safari/601.7.7"
148.251.12.76 - - [30/Jun/2022:09:39:38 +0000] "GET /robots.txt HTTP/1.1" 404 134 "-" "Mozilla/5.0 (compatible; BLEXBot/1.0; +http://webmeup-crawler.com/)"
148.251.12.76 - - [30/Jun/2022:09:39:41 +0000] "GET /sitemap HTTP/1.1" 404 134 "-" "Mozilla/5.0 (compatible; BLEXBot/1.0; +http://webmeup-crawler.com/)"
148.251.12.76 - - [30/Jun/2022:09:39:51 +0000] "GET /robots.txt HTTP/1.1" 404 134 "-" "Mozilla/5.0 (compatible; BLEXBot/1.0; +http://webmeup-crawler.com/)"
148.251.12.76 - - [30/Jun/2022:09:39:54 +0000] "GET /sitemap HTTP/1.1" 404 134 "-" "Mozilla/5.0 (compatible; BLEXBot/1.0; +http://webmeup-crawler.com/)"
148.251.12.76 - - [30/Jun/2022:09:40:03 +0000] "GET /sitemap.txt HTTP/1.1" 404 134 "-" "Mozilla/5.0 (compatible; BLEXBot/1.0; +http://webmeup-crawler.com/)"
148.251.12.76 - - [30/Jun/2022:09:40:14 +0000] "GET /sitemap.txt HTTP/1.1" 404 134 "-" "Mozilla/5.0 (compatible; BLEXBot/1.0; +http://webmeup-crawler.com/)"
148.251.12.76 - - [30/Jun/2022:09:40:21 +0000] "GET /node/247 HTTP/1.1" 404 134 "-" "Mozilla/5.0 (compatible; BLEXBot/1.0; +http://webmeup-crawler.com/)"
157.55.39.114 - - [30/Jun/2022:09:40:26 +0000] "GET /wp-content/uploads/2014/01/IMG_67271.jpg HTTP/2.0" 200 3381140 "-" "Mozilla/5.0 (compatible; bingbot/2.0; +http://www.bing.com/bingbot.htm)"
114.119.147.73 - - [30/Jun/2022:09:41:17 +0000] "GET /node/1786 HTTP/1.1" 302 154 "https://mrchoke.org/node/1786/photo-25-2-14-20-20-20?ak_action=accept_mobile" "Mozilla/5.0 (Linux; Android 7.0;) AppleWebKit/537.36 (KHTML, like Gecko) Mobile Safari/537.36 (compatible; PetalBot;+https://webmaster.petalsearch.com/site/petalbot)"
114.119.147.73 - - [30/Jun/2022:09:41:21 +0000] "GET /node/1786 HTTP/1.1" 301 178 "https://mrchoke.org/node/1786/photo-25-2-14-20-20-20?ak_action=accept_mobile" "Mozilla/5.0 (Linux; Android 7.0;) AppleWebKit/537.36 (KHTML, like Gecko) Mobile Safari/537.36 (compatible; PetalBot;+https://webmaster.petalsearch.com/site/petalbot)"
114.119.147.73 - - [30/Jun/2022:09:41:27 +0000] "GET /node/1786/ HTTP/1.1" 200 9402 "https://mrchoke.org/node/1786/photo-25-2-14-20-20-20?ak_action=accept_mobile" "Mozilla/5.0 (Linux; Android 7.0;) AppleWebKit/537.36 (KHTML, like Gecko) Mobile Safari/537.36 (compatible; PetalBot;+https://webmaster.petalsearch.com/site/petalbot)"
2403:6200:8840:debe:95ef:c662:ce81:ccb0 - - [30/Jun/2022:09:44:59 +0000] "GET /node/203 HTTP/2.0" 301 178 "https://www.google.com/" "Mozilla/5.0 (Windows NT 10.0; Win64; x64) AppleWebKit/537.36 (KHTML, like Gecko) Chrome/103.0.0.0 Safari/537.36"
2403:6200:8840:debe:95ef:c662:ce81:ccb0 - - [30/Jun/2022:09:44:59 +0000] "GET /node/203/ HTTP/2.0" 200 8759 "https://www.google.com/" "Mozilla/5.0 (Windows NT 10.0; Win64; x64) AppleWebKit/537.36 (KHTML, like Gecko) Chrome/103.0.0.0 Safari/537.36"
2403:6200:8840:debe:95ef:c662:ce81:ccb0 - - [30/Jun/2022:09:44:59 +0000] "GET /wp-content/themes/manifest/style.css HTTP/2.0" 200 21725 "https://static.mrchoke.org/node/203/" "Mozilla/5.0 (Windows NT 10.0; Win64; x64) AppleWebKit/537.36 (KHTML, like Gecko) Chrome/103.0.0.0 Safari/537.36"
2403:6200:8840:debe:95ef:c662:ce81:ccb0 - - [30/Jun/2022:09:44:59 +0000] "GET /wp-includes/css/dist/block-library/style.min.css?ver=5.7.1 HTTP/2.0" 200 58171 "https://static.mrchoke.org/node/203/" "Mozilla/5.0 (Windows NT 10.0; Win64; x64) AppleWebKit/537.36 (KHTML, like Gecko) Chrome/103.0.0.0 Safari/537.36"
2403:6200:8840:debe:95ef:c662:ce81:ccb0 - - [30/Jun/2022:09:44:59 +0000] "GET /wp-includes/js/comment-reply.min.js?ver=5.7.1 HTTP/2.0" 200 2984 "https://static.mrchoke.org/node/203/" "Mozilla/5.0 (Windows NT 10.0; Win64; x64) AppleWebKit/537.36 (KHTML, like Gecko) Chrome/103.0.0.0 Safari/537.36"
2403:6200:8840:debe:95ef:c662:ce81:ccb0 - - [30/Jun/2022:09:44:59 +0000] "GET /wp-includes/js/wp-embed.min.js?ver=5.7.1 HTTP/2.0" 200 1426 "https://static.mrchoke.org/node/203/" "Mozilla/5.0 (Windows NT 10.0; Win64; x64) AppleWebKit/537.36 (KHTML, like Gecko) Chrome/103.0.0.0 Safari/537.36"
2403:6200:8840:debe:95ef:c662:ce81:ccb0 - - [30/Jun/2022:09:44:59 +0000] "GET /wp-includes/js/wp-emoji-release.min.js?ver=5.7.1 HTTP/2.0" 200 14229 "https://static.mrchoke.org/node/203/" "Mozilla/5.0 (Windows NT 10.0; Win64; x64) AppleWebKit/537.36 (KHTML, like Gecko) Chrome/103.0.0.0 Safari/537.36"
2403:6200:8840:debe:95ef:c662:ce81:ccb0 - - [30/Jun/2022:09:45:00 +0000] "GET /favicon.ico HTTP/2.0" 200 1150 "https://static.mrchoke.org/" "Mozilla/5.0 (Windows NT 10.0; Win64; x64) AppleWebKit/537.36 (KHTML, like Gecko) Chrome/103.0.0.0 Safari/537.36"
2403:6200:8840:debe:95ef:c662:ce81:ccb0 - - [30/Jun/2022:09:45:00 +0000] "GET /wp-content/uploads/2012/04/garland_logo.png HTTP/2.0" 200 1274 "https://static.mrchoke.org/node/203/" "Mozilla/5.0 (Windows NT 10.0; Win64; x64) AppleWebKit/537.36 (KHTML, like Gecko) Chrome/103.0.0.0 Safari/537.36"
51.222.253.2 - - [30/Jun/2022:09:45:32 +0000] "GET /node/215/ HTTP/2.0" 200 8633 "-" "Mozilla/5.0 (compatible; AhrefsBot/7.0; +http://ahrefs.com/robot/)"
185.191.171.40 - - [30/Jun/2022:09:46:12 +0000] "GET /robots.txt HTTP/1.1" 404 134 "-" "Mozilla/5.0 (compatible; SemrushBot/7~bl; +http://www.semrush.com/bot.html)"
185.191.171.23 - - [30/Jun/2022:09:46:13 +0000] "GET /node/category/domain/page/9 HTTP/1.1" 302 154 "-" "Mozilla/5.0 (compatible; SemrushBot/7~bl; +http://www.semrush.com/bot.html)"
185.191.171.33 - - [30/Jun/2022:09:46:15 +0000] "GET /node/category/domain/page/9 HTTP/1.1" 301 178 "-" "Mozilla/5.0 (compatible; SemrushBot/7~bl; +http://www.semrush.com/bot.html)"
185.191.171.14 - - [30/Jun/2022:09:46:17 +0000] "GET /node/category/domain/page/9/ HTTP/1.1" 200 11084 "-" "Mozilla/5.0 (compatible; SemrushBot/7~bl; +http://www.semrush.com/bot.html)"
185.191.171.15 - - [30/Jun/2022:09:48:29 +0000] "GET /node/179 HTTP/1.1" 301 178 "-" "Mozilla/5.0 (compatible; SemrushBot/7~bl; +http://www.semrush.com/bot.html)"
185.191.171.9 - - [30/Jun/2022:09:48:32 +0000] "GET /node/179/ HTTP/1.1" 200 10452 "-" "Mozilla/5.0 (compatible; SemrushBot/7~bl; +http://www.semrush.com/bot.html)"
45.83.66.111 - - [30/Jun/2022:09:53:03 +0000] "GET / HTTP/1.1" 200 396 "-" "Mozilla/5.0 (Windows NT 10.0; Win64; x64; rv:65.0) Gecko/20100101 Firefox/65.0"
45.83.65.110 - - [30/Jun/2022:09:53:03 +0000] "GET /favicon.ico HTTP/1.1" 404 134 "-" "Mozilla/5.0 (Windows NT 10.0; Win64; x64; rv:65.0) Gecko/20100101 Firefox/65.0"
185.191.171.9 - - [30/Jun/2022:09:58:55 +0000] "GET /node/tag/paas HTTP/1.1" 302 154 "-" "Mozilla/5.0 (compatible; SemrushBot/7~bl; +http://www.semrush.com/bot.html)"
185.191.171.15 - - [30/Jun/2022:09:58:57 +0000] "GET /node/tag/paas HTTP/1.1" 301 178 "-" "Mozilla/5.0 (compatible; SemrushBot/7~bl; +http://www.semrush.com/bot.html)"
185.191.171.37 - - [30/Jun/2022:09:59:01 +0000] "GET /node/tag/paas/ HTTP/1.1" 200 10051 "-" "Mozilla/5.0 (compatible; SemrushBot/7~bl; +http://www.semrush.com/bot.html)"
51.222.253.2 - - [30/Jun/2022:10:01:14 +0000] "GET /node/date/2008/07/24/ HTTP/2.0" 200 8373 "-" "Mozilla/5.0 (compatible; AhrefsBot/7.0; +http://ahrefs.com/robot/)"
207.46.13.174 - - [30/Jun/2022:10:07:13 +0000] "GET /node/244/feed HTTP/2.0" 301 178 "-" "Mozilla/5.0 (compatible; bingbot/2.0; +http://www.bing.com/bingbot.htm)"
207.46.13.174 - - [30/Jun/2022:10:07:23 +0000] "GET /node/244/feed/ HTTP/2.0" 403 123 "-" "Mozilla/5.0 (compatible; bingbot/2.0; +http://www.bing.com/bingbot.htm)"
216.244.66.229 - - [30/Jun/2022:10:15:11 +0000] "GET /robots.txt HTTP/1.1" 404 162 "-" "Mozilla/5.0 (compatible; DotBot/1.2; +https://opensiteexplorer.org/dotbot; help@moz.com)"
216.244.66.229 - - [30/Jun/2022:10:15:11 +0000] "GET /robots.txt HTTP/1.1" 404 162 "-" "Mozilla/5.0 (compatible; DotBot/1.2; +https://opensiteexplorer.org/dotbot; help@moz.com)"
185.7.214.104 - - [30/Jun/2022:10:17:22 +0000] "GET / HTTP/1.1" 200 396 "-" "Mozilla/5.0 (Windows NT 10.0; Win64; x64) AppleWebKit/537.36 (KHTML, like Gecko) Chrome/78.0.3904.108 Safari/537.36"
51.222.253.3 - - [30/Jun/2022:10:18:16 +0000] "GET /node/date/2012/05/01/ HTTP/2.0" 200 9253 "-" "Mozilla/5.0 (compatible; AhrefsBot/7.0; +http://ahrefs.com/robot/)"
216.244.66.229 - - [30/Jun/2022:10:18:20 +0000] "GET /node/790/img_6130 HTTP/1.1" 404 162 "-" "Mozilla/5.0 (compatible; DotBot/1.2; +https://opensiteexplorer.org/dotbot; help@moz.com)"
216.244.66.229 - - [30/Jun/2022:10:19:23 +0000] "GET /node/28/feed HTTP/1.1" 404 162 "-" "Mozilla/5.0 (compatible; DotBot/1.2; +https://opensiteexplorer.org/dotbot; help@moz.com)"
114.119.147.75 - - [30/Jun/2022:10:20:07 +0000] "GET /node/date/2004/10/ HTTP/1.1" 200 11200 "https://static.mrchoke.org/node/date/2004/10/page/2" "Mozilla/5.0 (Linux; Android 7.0;) AppleWebKit/537.36 (KHTML, like Gecko) Mobile Safari/537.36 (compatible; PetalBot;+https://webmaster.petalsearch.com/site/petalbot)"
188.166.100.247 - - [30/Jun/2022:10:28:52 +0000] "GET / HTTP/1.1" 200 612 "-" "Mozilla/5.0 (Windows NT 10.0; Win64; x64) AppleWebKit/537.36 (KHTML, like Gecko) Chrome/70.0.3538.77 Safari/537.36"
114.119.147.86 - - [30/Jun/2022:10:29:30 +0000] "GET /node/29?ak_action=accept_mobile HTTP/1.1" 302 154 "https://mrchoke.org/node/29?ak_action=reject_mobile" "Mozilla/5.0 (Linux; Android 7.0;) AppleWebKit/537.36 (KHTML, like Gecko) Mobile Safari/537.36 (compatible; PetalBot;+https://webmaster.petalsearch.com/site/petalbot)"
114.119.147.86 - - [30/Jun/2022:10:29:32 +0000] "GET /node/29?ak_action=accept_mobile HTTP/1.1" 301 178 "https://mrchoke.org/node/29?ak_action=reject_mobile" "Mozilla/5.0 (Linux; Android 7.0;) AppleWebKit/537.36 (KHTML, like Gecko) Mobile Safari/537.36 (compatible; PetalBot;+https://webmaster.petalsearch.com/site/petalbot)"
114.119.147.86 - - [30/Jun/2022:10:29:34 +0000] "GET /node/29/?ak_action=accept_mobile HTTP/1.1" 200 9643 "https://mrchoke.org/node/29?ak_action=reject_mobile" "Mozilla/5.0 (Linux; Android 7.0;) AppleWebKit/537.36 (KHTML, like Gecko) Mobile Safari/537.36 (compatible; PetalBot;+https://webmaster.petalsearch.com/site/petalbot)"
216.244.66.229 - - [30/Jun/2022:10:31:58 +0000] "GET /node/361/?share=google-plus-1 HTTP/1.1" 404 162 "-" "Mozilla/5.0 (compatible; DotBot/1.2; +https://opensiteexplorer.org/dotbot; help@moz.com)"
114.119.147.97 - - [30/Jun/2022:10:33:27 +0000] "GET /node/50?share=reddit HTTP/1.1" 302 154 "https://mrchoke.org/node/50?ak_action=accept_mobile" "Mozilla/5.0 (Linux; Android 7.0;) AppleWebKit/537.36 (KHTML, like Gecko) Mobile Safari/537.36 (compatible; PetalBot;+https://webmaster.petalsearch.com/site/petalbot)"
114.119.147.97 - - [30/Jun/2022:10:33:40 +0000] "GET /node/50?share=reddit HTTP/1.1" 301 178 "https://mrchoke.org/node/50?ak_action=accept_mobile" "Mozilla/5.0 (Linux; Android 7.0;) AppleWebKit/537.36 (KHTML, like Gecko) Mobile Safari/537.36 (compatible; PetalBot;+https://webmaster.petalsearch.com/site/petalbot)"
114.119.147.97 - - [30/Jun/2022:10:33:49 +0000] "GET /node/50/?share=reddit HTTP/1.1" 200 8551 "https://mrchoke.org/node/50?ak_action=accept_mobile" "Mozilla/5.0 (Linux; Android 7.0;) AppleWebKit/537.36 (KHTML, like Gecko) Mobile Safari/537.36 (compatible; PetalBot;+https://webmaster.petalsearch.com/site/petalbot)"
73.240.218.27 - - [30/Jun/2022:10:34:07 +0000] "GET / HTTP/1.1" 200 612 "-" "-"
185.7.214.104 - - [30/Jun/2022:10:36:25 +0000] "GET /actuator/gateway/routes HTTP/1.1" 404 197 "-" "Mozilla/5.0 (Windows NT 10.0; Win64; x64) AppleWebKit/537.36 (KHTML, like Gecko) Chrome/78.0.3904.108 Safari/537.36"
51.222.253.10 - - [30/Jun/2022:10:36:37 +0000] "GET /node/tag/eyh/ HTTP/2.0" 200 8436 "-" "Mozilla/5.0 (compatible; AhrefsBot/7.0; +http://ahrefs.com/robot/)"
51.222.253.13 - - [30/Jun/2022:10:36:40 +0000] "GET /wp-content/uploads/2014/03/CH7_4625_2-1024x600.jpg HTTP/2.0" 200 287384 "-" "Mozilla/5.0 (compatible; AhrefsBot/7.0; +http://ahrefs.com/robot/)"
51.222.253.11 - - [30/Jun/2022:10:36:42 +0000] "GET /wp-content/uploads/2014/03/CH7_5475_2-1024x518.jpg HTTP/2.0" 200 199531 "-" "Mozilla/5.0 (compatible; AhrefsBot/7.0; +http://ahrefs.com/robot/)"
