114.119.147.86 - - [29/Jun/2022:00:02:20 +0000] "GET /node/88?share=linkedin HTTP/1.1" 302 154 "https://mrchoke.org/node/88?ak_action=accept_mobile" "Mozilla/5.0 (Linux; Android 7.0;) AppleWebKit/537.36 (KHTML, like Gecko) Mobile Safari/537.36 (compatible; PetalBot;+https://webmaster.petalsearch.com/site/petalbot)"
114.119.147.86 - - [29/Jun/2022:00:02:20 +0000] "GET /node/88?share=linkedin HTTP/1.1" 301 178 "https://mrchoke.org/node/88?ak_action=accept_mobile" "Mozilla/5.0 (Linux; Android 7.0;) AppleWebKit/537.36 (KHTML, like Gecko) Mobile Safari/537.36 (compatible; PetalBot;+https://webmaster.petalsearch.com/site/petalbot)"
114.119.147.86 - - [29/Jun/2022:00:02:21 +0000] "GET /node/88/?share=linkedin HTTP/1.1" 200 9094 "https://mrchoke.org/node/88?ak_action=accept_mobile" "Mozilla/5.0 (Linux; Android 7.0;) AppleWebKit/537.36 (KHTML, like Gecko) Mobile Safari/537.36 (compatible; PetalBot;+https://webmaster.petalsearch.com/site/petalbot)"
207.46.13.149 - - [29/Jun/2022:00:03:54 +0000] "GET /feed/?attachment_id=1784 HTTP/2.0" 403 123 "-" "Mozilla/5.0 (compatible; bingbot/2.0; +http://www.bing.com/bingbot.htm)"
216.244.66.229 - - [29/Jun/2022:00:04:30 +0000] "GET /node/122/?share=reddit HTTP/1.1" 404 162 "-" "Mozilla/5.0 (compatible; DotBot/1.2; +https://opensiteexplorer.org/dotbot; help@moz.com)"
40.77.167.43 - - [29/Jun/2022:00:05:12 +0000] "GET /node/234/feed HTTP/2.0" 301 178 "-" "Mozilla/5.0 (compatible; bingbot/2.0; +http://www.bing.com/bingbot.htm)"
40.77.167.43 - - [29/Jun/2022:00:05:22 +0000] "GET /node/234/feed/ HTTP/2.0" 403 123 "-" "Mozilla/5.0 (compatible; bingbot/2.0; +http://www.bing.com/bingbot.htm)"
114.119.147.75 - - [29/Jun/2022:00:05:23 +0000] "GET /node/790/img_6162?share=linkedin HTTP/1.1" 302 154 "https://mrchoke.org/node/790/img_6162?ak_action=accept_mobile" "Mozilla/5.0 (Linux; Android 7.0;) AppleWebKit/537.36 (KHTML, like Gecko) Mobile Safari/537.36 (compatible; PetalBot;+https://webmaster.petalsearch.com/site/petalbot)"
114.119.147.75 - - [29/Jun/2022:00:05:26 +0000] "GET /node/790/img_6162?share=linkedin HTTP/1.1" 301 178 "https://mrchoke.org/node/790/img_6162?ak_action=accept_mobile" "Mozilla/5.0 (Linux; Android 7.0;) AppleWebKit/537.36 (KHTML, like Gecko) Mobile Safari/537.36 (compatible; PetalBot;+https://webmaster.petalsearch.com/site/petalbot)"
114.119.147.75 - - [29/Jun/2022:00:05:28 +0000] "GET /node/790/img_6162/?share=linkedin HTTP/1.1" 200 7938 "https://mrchoke.org/node/790/img_6162?ak_action=accept_mobile" "Mozilla/5.0 (Linux; Android 7.0;) AppleWebKit/537.36 (KHTML, like Gecko) Mobile Safari/537.36 (compatible; PetalBot;+https://webmaster.petalsearch.com/site/petalbot)"
114.119.147.81 - - [29/Jun/2022:00:08:28 +0000] "GET /node/394 HTTP/1.1" 302 154 "https://mrchoke.org/node/393?share=linkedin" "Mozilla/5.0 (Linux; Android 7.0;) AppleWebKit/537.36 (KHTML, like Gecko) Mobile Safari/537.36 (compatible; PetalBot;+https://webmaster.petalsearch.com/site/petalbot)"
114.119.147.81 - - [29/Jun/2022:00:08:28 +0000] "GET /node/394 HTTP/1.1" 301 178 "https://mrchoke.org/node/393?share=linkedin" "Mozilla/5.0 (Linux; Android 7.0;) AppleWebKit/537.36 (KHTML, like Gecko) Mobile Safari/537.36 (compatible; PetalBot;+https://webmaster.petalsearch.com/site/petalbot)"
114.119.147.81 - - [29/Jun/2022:00:08:30 +0000] "GET /node/394/ HTTP/1.1" 200 8094 "https://mrchoke.org/node/393?share=linkedin" "Mozilla/5.0 (Linux; Android 7.0;) AppleWebKit/537.36 (KHTML, like Gecko) Mobile Safari/537.36 (compatible; PetalBot;+https://webmaster.petalsearch.com/site/petalbot)"
114.119.147.97 - - [29/Jun/2022:00:11:28 +0000] "GET /node/category/charset HTTP/1.1" 301 178 "https://mrchoke.org/node/category/blog/page/12?ak_action=reject_mobile" "Mozilla/5.0 (Linux; Android 7.0;) AppleWebKit/537.36 (KHTML, like Gecko) Mobile Safari/537.36 (compatible; PetalBot;+https://webmaster.petalsearch.com/site/petalbot)"
114.119.147.97 - - [29/Jun/2022:00:11:29 +0000] "GET /node/category/charset/ HTTP/1.1" 200 8498 "https://mrchoke.org/node/category/blog/page/12?ak_action=reject_mobile" "Mozilla/5.0 (Linux; Android 7.0;) AppleWebKit/537.36 (KHTML, like Gecko) Mobile Safari/537.36 (compatible; PetalBot;+https://webmaster.petalsearch.com/site/petalbot)"
114.119.147.97 - - [29/Jun/2022:00:14:33 +0000] "GET /node/1548?share=linkedin HTTP/1.1" 302 154 "https://mrchoke.org/node/1548?ak_action=reject_mobile" "Mozilla/5.0 (Linux; Android 7.0;) AppleWebKit/537.36 (KHTML, like Gecko) Mobile Safari/537.36 (compatible; PetalBot;+https://webmaster.petalsearch.com/site/petalbot)"
114.119.147.97 - - [29/Jun/2022:00:14:33 +0000] "GET /node/1548?share=linkedin HTTP/1.1" 301 178 "https://mrchoke.org/node/1548?ak_action=reject_mobile" "Mozilla/5.0 (Linux; Android 7.0;) AppleWebKit/537.36 (KHTML, like Gecko) Mobile Safari/537.36 (compatible; PetalBot;+https://webmaster.petalsearch.com/site/petalbot)"
114.119.147.97 - - [29/Jun/2022:00:14:33 +0000] "GET /node/1548/?share=linkedin HTTP/1.1" 200 11212 "https://mrchoke.org/node/1548?ak_action=reject_mobile" "Mozilla/5.0 (Linux; Android 7.0;) AppleWebKit/537.36 (KHTML, like Gecko) Mobile Safari/537.36 (compatible; PetalBot;+https://webmaster.petalsearch.com/site/petalbot)"
114.119.147.74 - - [29/Jun/2022:00:17:39 +0000] "GET /node/86?share=reddit HTTP/1.1" 302 154 "https://mrchoke.org/node/86?ak_action=accept_mobile" "Mozilla/5.0 (Linux; Android 7.0;) AppleWebKit/537.36 (KHTML, like Gecko) Mobile Safari/537.36 (compatible; PetalBot;+https://webmaster.petalsearch.com/site/petalbot)"
114.119.147.74 - - [29/Jun/2022:00:17:44 +0000] "GET /node/86?share=reddit HTTP/1.1" 301 178 "https://mrchoke.org/node/86?ak_action=accept_mobile" "Mozilla/5.0 (Linux; Android 7.0;) AppleWebKit/537.36 (KHTML, like Gecko) Mobile Safari/537.36 (compatible; PetalBot;+https://webmaster.petalsearch.com/site/petalbot)"
114.119.147.74 - - [29/Jun/2022:00:17:48 +0000] "GET /node/86/?share=reddit HTTP/1.1" 200 8877 "https://mrchoke.org/node/86?ak_action=accept_mobile" "Mozilla/5.0 (Linux; Android 7.0;) AppleWebKit/537.36 (KHTML, like Gecko) Mobile Safari/537.36 (compatible; PetalBot;+https://webmaster.petalsearch.com/site/petalbot)"
114.119.147.74 - - [29/Jun/2022:00:20:43 +0000] "GET /node/category/compiz/page/2 HTTP/1.1" 302 154 "https://mrchoke.org/node/category/compiz/" "Mozilla/5.0 (Linux; Android 7.0;) AppleWebKit/537.36 (KHTML, like Gecko) Mobile Safari/537.36 (compatible; PetalBot;+https://webmaster.petalsearch.com/site/petalbot)"
114.119.147.74 - - [29/Jun/2022:00:20:46 +0000] "GET /node/category/compiz/page/2 HTTP/1.1" 301 178 "https://mrchoke.org/node/category/compiz/" "Mozilla/5.0 (Linux; Android 7.0;) AppleWebKit/537.36 (KHTML, like Gecko) Mobile Safari/537.36 (compatible; PetalBot;+https://webmaster.petalsearch.com/site/petalbot)"
114.119.147.74 - - [29/Jun/2022:00:20:50 +0000] "GET /node/category/compiz/page/2/ HTTP/1.1" 200 9766 "https://mrchoke.org/node/category/compiz/" "Mozilla/5.0 (Linux; Android 7.0;) AppleWebKit/537.36 (KHTML, like Gecko) Mobile Safari/537.36 (compatible; PetalBot;+https://webmaster.petalsearch.com/site/petalbot)"
114.119.147.74 - - [29/Jun/2022:00:23:44 +0000] "GET /node/210 HTTP/1.1" 301 178 "https://mrchoke.org/node/342?share=facebook" "Mozilla/5.0 (Linux; Android 7.0;) AppleWebKit/537.36 (KHTML, like Gecko) Mobile Safari/537.36 (compatible; PetalBot;+https://webmaster.petalsearch.com/site/petalbot)"
114.119.147.74 - - [29/Jun/2022:00:23:46 +0000] "GET /node/210/ HTTP/1.1" 200 8139 "https://mrchoke.org/node/342?share=facebook" "Mozilla/5.0 (Linux; Android 7.0;) AppleWebKit/537.36 (KHTML, like Gecko) Mobile Safari/537.36 (compatible; PetalBot;+https://webmaster.petalsearch.com/site/petalbot)"
20.55.53.144 - - [29/Jun/2022:00:25:35 +0000] "GET / HTTP/1.1" 200 396 "-" "Mozilla/5.0 (Windows NT 10.0; Win64; x64) AppleWebKit/537.36 (KHTML, like Gecko) Chrome/79.0.3945.117 Safari/537.36"
114.119.147.74 - - [29/Jun/2022:00:26:47 +0000] "GET /node/388?share=facebook HTTP/1.1" 302 154 "https://mrchoke.org/node/388?ak_action=accept_mobile" "Mozilla/5.0 (Linux; Android 7.0;) AppleWebKit/537.36 (KHTML, like Gecko) Mobile Safari/537.36 (compatible; PetalBot;+https://webmaster.petalsearch.com/site/petalbot)"
114.119.147.74 - - [29/Jun/2022:00:26:50 +0000] "GET /node/388?share=facebook HTTP/1.1" 301 178 "https://mrchoke.org/node/388?ak_action=accept_mobile" "Mozilla/5.0 (Linux; Android 7.0;) AppleWebKit/537.36 (KHTML, like Gecko) Mobile Safari/537.36 (compatible; PetalBot;+https://webmaster.petalsearch.com/site/petalbot)"
114.119.147.74 - - [29/Jun/2022:00:26:52 +0000] "GET /node/388/?share=facebook HTTP/1.1" 200 8615 "https://mrchoke.org/node/388?ak_action=accept_mobile" "Mozilla/5.0 (Linux; Android 7.0;) AppleWebKit/537.36 (KHTML, like Gecko) Mobile Safari/537.36 (compatible; PetalBot;+https://webmaster.petalsearch.com/site/petalbot)"
114.119.147.87 - - [29/Jun/2022:00:29:47 +0000] "GET /node/437 HTTP/1.1" 301 178 "https://static.mrchoke.org/node/date/2006/05/" "Mozilla/5.0 (Linux; Android 7.0;) AppleWebKit/537.36 (KHTML, like Gecko) Mobile Safari/537.36 (compatible; PetalBot;+https://webmaster.petalsearch.com/site/petalbot)"
114.119.147.87 - - [29/Jun/2022:00:29:48 +0000] "GET /node/437/ HTTP/1.1" 200 8464 "https://static.mrchoke.org/node/date/2006/05/" "Mozilla/5.0 (Linux; Android 7.0;) AppleWebKit/537.36 (KHTML, like Gecko) Mobile Safari/537.36 (compatible; PetalBot;+https://webmaster.petalsearch.com/site/petalbot)"
114.119.147.97 - - [29/Jun/2022:00:32:53 +0000] "GET /node/date/2010/06/24 HTTP/1.1" 301 178 "https://mrchoke.org/node/252?share=twitter" "Mozilla/5.0 (Linux; Android 7.0;) AppleWebKit/537.36 (KHTML, like Gecko) Mobile Safari/537.36 (compatible; PetalBot;+https://webmaster.petalsearch.com/site/petalbot)"
114.119.147.97 - - [29/Jun/2022:00:32:54 +0000] "GET /node/date/2010/06/24/ HTTP/1.1" 200 11759 "https://mrchoke.org/node/252?share=twitter" "Mozilla/5.0 (Linux; Android 7.0;) AppleWebKit/537.36 (KHTML, like Gecko) Mobile Safari/537.36 (compatible; PetalBot;+https://webmaster.petalsearch.com/site/petalbot)"
114.119.147.73 - - [29/Jun/2022:00:35:56 +0000] "GET /node/date/2007/04/16 HTTP/1.1" 404 134 "http://www.mrchoke.org/node/186" "Mozilla/5.0 (Linux; Android 7.0;) AppleWebKit/537.36 (KHTML, like Gecko) Mobile Safari/537.36 (compatible; PetalBot;+https://webmaster.petalsearch.com/site/petalbot)"
114.119.147.97 - - [29/Jun/2022:00:38:59 +0000] "GET /node/152?share=linkedin HTTP/1.1" 302 154 "https://mrchoke.org/node/152" "Mozilla/5.0 (Linux; Android 7.0;) AppleWebKit/537.36 (KHTML, like Gecko) Mobile Safari/537.36 (compatible; PetalBot;+https://webmaster.petalsearch.com/site/petalbot)"
114.119.147.97 - - [29/Jun/2022:00:39:01 +0000] "GET /node/152?share=linkedin HTTP/1.1" 301 178 "https://mrchoke.org/node/152" "Mozilla/5.0 (Linux; Android 7.0;) AppleWebKit/537.36 (KHTML, like Gecko) Mobile Safari/537.36 (compatible; PetalBot;+https://webmaster.petalsearch.com/site/petalbot)"
114.119.147.97 - - [29/Jun/2022:00:39:03 +0000] "GET /node/152/?share=linkedin HTTP/1.1" 200 10956 "https://mrchoke.org/node/152" "Mozilla/5.0 (Linux; Android 7.0;) AppleWebKit/537.36 (KHTML, like Gecko) Mobile Safari/537.36 (compatible; PetalBot;+https://webmaster.petalsearch.com/site/petalbot)"
114.119.147.81 - - [29/Jun/2022:00:41:58 +0000] "GET /node/1356?share=twitter HTTP/1.1" 302 154 "https://mrchoke.org/node/1356" "Mozilla/5.0 (Linux; Android 7.0;) AppleWebKit/537.36 (KHTML, like Gecko) Mobile Safari/537.36 (compatible; PetalBot;+https://webmaster.petalsearch.com/site/petalbot)"
114.119.147.81 - - [29/Jun/2022:00:41:59 +0000] "GET /node/1356?share=twitter HTTP/1.1" 301 178 "https://mrchoke.org/node/1356" "Mozilla/5.0 (Linux; Android 7.0;) AppleWebKit/537.36 (KHTML, like Gecko) Mobile Safari/537.36 (compatible; PetalBot;+https://webmaster.petalsearch.com/site/petalbot)"
114.119.147.81 - - [29/Jun/2022:00:41:59 +0000] "GET /node/1356/?share=twitter HTTP/1.1" 200 10866 "https://mrchoke.org/node/1356" "Mozilla/5.0 (Linux; Android 7.0;) AppleWebKit/537.36 (KHTML, like Gecko) Mobile Safari/537.36 (compatible; PetalBot;+https://webmaster.petalsearch.com/site/petalbot)"
40.77.167.46 - - [29/Jun/2022:00:42:38 +0000] "GET / HTTP/1.1" 200 396 "-" "Mozilla/5.0 (compatible; bingbot/2.0; +http://www.bing.com/bingbot.htm)"
207.46.13.174 - - [29/Jun/2022:00:43:42 +0000] "GET / HTTP/2.0" 200 15995 "-" "Mozilla/5.0 (compatible; bingbot/2.0; +http://www.bing.com/bingbot.htm)"
216.244.66.229 - - [29/Jun/2022:00:43:43 +0000] "GET /robots.txt HTTP/1.1" 404 162 "-" "Mozilla/5.0 (compatible; DotBot/1.2; +https://opensiteexplorer.org/dotbot; help@moz.com)"
216.244.66.229 - - [29/Jun/2022:00:43:44 +0000] "GET /robots.txt HTTP/1.1" 404 162 "-" "Mozilla/5.0 (compatible; DotBot/1.2; +https://opensiteexplorer.org/dotbot; help@moz.com)"
185.191.171.37 - - [29/Jun/2022:00:44:09 +0000] "GET /robots.txt HTTP/1.1" 404 134 "-" "Mozilla/5.0 (compatible; SemrushBot/7~bl; +http://www.semrush.com/bot.html)"
185.191.171.3 - - [29/Jun/2022:00:44:11 +0000] "GET /img_6581 HTTP/1.1" 301 178 "-" "Mozilla/5.0 (compatible; SemrushBot/7~bl; +http://www.semrush.com/bot.html)"
185.191.171.10 - - [29/Jun/2022:00:44:13 +0000] "GET /img_6581/ HTTP/1.1" 200 7885 "-" "Mozilla/5.0 (compatible; SemrushBot/7~bl; +http://www.semrush.com/bot.html)"
114.119.147.97 - - [29/Jun/2022:00:45:04 +0000] "GET /node/1101/img_6609?share=twitter HTTP/1.1" 302 154 "https://mrchoke.org/node/1101/img_6609?ak_action=accept_mobile" "Mozilla/5.0 (Linux; Android 7.0;) AppleWebKit/537.36 (KHTML, like Gecko) Mobile Safari/537.36 (compatible; PetalBot;+https://webmaster.petalsearch.com/site/petalbot)"
114.119.147.97 - - [29/Jun/2022:00:45:05 +0000] "GET /node/1101/img_6609?share=twitter HTTP/1.1" 301 178 "https://mrchoke.org/node/1101/img_6609?ak_action=accept_mobile" "Mozilla/5.0 (Linux; Android 7.0;) AppleWebKit/537.36 (KHTML, like Gecko) Mobile Safari/537.36 (compatible; PetalBot;+https://webmaster.petalsearch.com/site/petalbot)"
114.119.147.97 - - [29/Jun/2022:00:45:05 +0000] "GET /node/1101/img_6609/?share=twitter HTTP/1.1" 200 7856 "https://mrchoke.org/node/1101/img_6609?ak_action=accept_mobile" "Mozilla/5.0 (Linux; Android 7.0;) AppleWebKit/537.36 (KHTML, like Gecko) Mobile Safari/537.36 (compatible; PetalBot;+https://webmaster.petalsearch.com/site/petalbot)"
185.191.171.37 - - [29/Jun/2022:00:45:22 +0000] "GET /robots.txt HTTP/1.1" 404 134 "-" "Mozilla/5.0 (compatible; SemrushBot/7~bl; +http://www.semrush.com/bot.html)"
185.191.171.40 - - [29/Jun/2022:00:45:23 +0000] "GET /node/1731/img_7749 HTTP/1.1" 302 154 "-" "Mozilla/5.0 (compatible; SemrushBot/7~bl; +http://www.semrush.com/bot.html)"
185.191.171.15 - - [29/Jun/2022:00:45:26 +0000] "GET /node/1731/img_7749 HTTP/1.1" 301 178 "-" "Mozilla/5.0 (compatible; SemrushBot/7~bl; +http://www.semrush.com/bot.html)"
185.191.171.36 - - [29/Jun/2022:00:45:28 +0000] "GET /node/1731/img_7749/ HTTP/1.1" 200 7906 "-" "Mozilla/5.0 (compatible; SemrushBot/7~bl; +http://www.semrush.com/bot.html)"
185.191.171.9 - - [29/Jun/2022:00:45:50 +0000] "GET /node/date/2004/07/21 HTTP/1.1" 301 178 "-" "Mozilla/5.0 (compatible; SemrushBot/7~bl; +http://www.semrush.com/bot.html)"
185.191.171.19 - - [29/Jun/2022:00:45:52 +0000] "GET /node/date/2004/07/21/ HTTP/1.1" 200 7733 "-" "Mozilla/5.0 (compatible; SemrushBot/7~bl; +http://www.semrush.com/bot.html)"
216.244.66.229 - - [29/Jun/2022:00:46:11 +0000] "GET /node/83/feed HTTP/1.1" 404 162 "-" "Mozilla/5.0 (compatible; DotBot/1.2; +https://opensiteexplorer.org/dotbot; help@moz.com)"
114.119.147.73 - - [29/Jun/2022:00:48:07 +0000] "GET /node/790/img_6168 HTTP/1.1" 301 178 "https://mrchoke.org/node/790/img_6167?share=facebook" "Mozilla/5.0 (Linux; Android 7.0;) AppleWebKit/537.36 (KHTML, like Gecko) Mobile Safari/537.36 (compatible; PetalBot;+https://webmaster.petalsearch.com/site/petalbot)"
114.119.147.73 - - [29/Jun/2022:00:48:08 +0000] "GET /node/790/img_6168/ HTTP/1.1" 200 7907 "https://mrchoke.org/node/790/img_6167?share=facebook" "Mozilla/5.0 (Linux; Android 7.0;) AppleWebKit/537.36 (KHTML, like Gecko) Mobile Safari/537.36 (compatible; PetalBot;+https://webmaster.petalsearch.com/site/petalbot)"
186.33.68.29 - - [29/Jun/2022:00:48:09 +0000] "GET / HTTP/1.1" 200 612 "-" "Mozilla/5.0 (Macintosh; Intel Mac OS X 10_11_6) AppleWebKit/601.7.7 (KHTML, like Gecko) Version/9.1.2 Safari/601.7.7"
114.119.147.97 - - [29/Jun/2022:00:51:04 +0000] "GET /node/1367/img_7255 HTTP/1.1" 302 154 "https://mrchoke.org/node/1367/img_7261?ak_action=accept_mobile" "Mozilla/5.0 (Linux; Android 7.0;) AppleWebKit/537.36 (KHTML, like Gecko) Mobile Safari/537.36 (compatible; PetalBot;+https://webmaster.petalsearch.com/site/petalbot)"
114.119.147.97 - - [29/Jun/2022:00:51:04 +0000] "GET /node/1367/img_7255 HTTP/1.1" 301 178 "https://mrchoke.org/node/1367/img_7261?ak_action=accept_mobile" "Mozilla/5.0 (Linux; Android 7.0;) AppleWebKit/537.36 (KHTML, like Gecko) Mobile Safari/537.36 (compatible; PetalBot;+https://webmaster.petalsearch.com/site/petalbot)"
114.119.147.97 - - [29/Jun/2022:00:51:04 +0000] "GET /node/1367/img_7255/ HTTP/1.1" 200 7918 "https://mrchoke.org/node/1367/img_7261?ak_action=accept_mobile" "Mozilla/5.0 (Linux; Android 7.0;) AppleWebKit/537.36 (KHTML, like Gecko) Mobile Safari/537.36 (compatible; PetalBot;+https://webmaster.petalsearch.com/site/petalbot)"
185.191.171.37 - - [29/Jun/2022:00:51:46 +0000] "GET /node/date/2014/01 HTTP/1.1" 302 154 "-" "Mozilla/5.0 (compatible; SemrushBot/7~bl; +http://www.semrush.com/bot.html)"
185.191.171.35 - - [29/Jun/2022:00:51:48 +0000] "GET /node/date/2014/01 HTTP/1.1" 301 178 "-" "Mozilla/5.0 (compatible; SemrushBot/7~bl; +http://www.semrush.com/bot.html)"
185.191.171.42 - - [29/Jun/2022:00:51:50 +0000] "GET /node/date/2014/01/ HTTP/1.1" 200 16563 "-" "Mozilla/5.0 (compatible; SemrushBot/7~bl; +http://www.semrush.com/bot.html)"
51.222.253.6 - - [29/Jun/2022:00:52:52 +0000] "GET /robots.txt HTTP/2.0" 404 123 "-" "Mozilla/5.0 (compatible; AhrefsBot/7.0; +http://ahrefs.com/robot/)"
51.222.253.18 - - [29/Jun/2022:00:52:57 +0000] "GET / HTTP/2.0" 200 282 "-" "Mozilla/5.0 (compatible; AhrefsBot/7.0; +http://ahrefs.com/robot/)"
114.119.147.74 - - [29/Jun/2022:00:54:14 +0000] "GET /node/1135?ak_action=accept_mobile HTTP/1.1" 302 154 "https://mrchoke.org/node/1135?ak_action=reject_mobile" "Mozilla/5.0 (Linux; Android 7.0;) AppleWebKit/537.36 (KHTML, like Gecko) Mobile Safari/537.36 (compatible; PetalBot;+https://webmaster.petalsearch.com/site/petalbot)"
114.119.147.74 - - [29/Jun/2022:00:54:14 +0000] "GET /node/1135?ak_action=accept_mobile HTTP/1.1" 301 178 "https://mrchoke.org/node/1135?ak_action=reject_mobile" "Mozilla/5.0 (Linux; Android 7.0;) AppleWebKit/537.36 (KHTML, like Gecko) Mobile Safari/537.36 (compatible; PetalBot;+https://webmaster.petalsearch.com/site/petalbot)"
114.119.147.74 - - [29/Jun/2022:00:54:17 +0000] "GET /node/1135/?ak_action=accept_mobile HTTP/1.1" 200 9987 "https://mrchoke.org/node/1135?ak_action=reject_mobile" "Mozilla/5.0 (Linux; Android 7.0;) AppleWebKit/537.36 (KHTML, like Gecko) Mobile Safari/537.36 (compatible; PetalBot;+https://webmaster.petalsearch.com/site/petalbot)"
104.217.249.182 - - [29/Jun/2022:00:54:34 +0000] "POST /boaform/admin/formLogin HTTP/1.1" 404 134 "http://188.166.238.131:80/admin/login.asp" "Mozilla/5.0 (X11; Ubuntu; Linux x86_64; rv:71.0) Gecko/20100101 Firefox/71.0"
104.217.249.182 - - [29/Jun/2022:00:54:35 +0000] "" 400 0 "-" "-"
87.250.224.4 - - [29/Jun/2022:00:55:33 +0000] "GET /robots.txt HTTP/1.1" 404 162 "-" "Mozilla/5.0 (compatible; YandexBot/3.0; +http://yandex.com/bots)"
87.250.224.154 - - [29/Jun/2022:00:55:37 +0000] "GET /node/category/uncategorized HTTP/1.1" 302 154 "-" "Mozilla/5.0 (compatible; YandexBot/3.0; +http://yandex.com/bots)"
5.255.253.119 - - [29/Jun/2022:00:55:38 +0000] "GET /node/category/uncategorized HTTP/1.1" 301 178 "-" "Mozilla/5.0 (compatible; YandexBot/3.0; +http://yandex.com/bots)"
87.250.224.107 - - [29/Jun/2022:00:55:42 +0000] "GET /node/category/uncategorized/ HTTP/1.1" 200 9824 "-" "Mozilla/5.0 (compatible; YandexBot/3.0; +http://yandex.com/bots)"
216.244.66.229 - - [29/Jun/2022:00:56:55 +0000] "GET /node/213?share=twitter HTTP/1.1" 404 162 "-" "Mozilla/5.0 (compatible; DotBot/1.2; +https://opensiteexplorer.org/dotbot; help@moz.com)"
185.191.171.18 - - [29/Jun/2022:00:58:16 +0000] "GET /node/1504/img_7452 HTTP/1.1" 301 178 "-" "Mozilla/5.0 (compatible; SemrushBot/7~bl; +http://www.semrush.com/bot.html)"
185.191.171.16 - - [29/Jun/2022:00:58:18 +0000] "GET /node/1504/img_7452/ HTTP/1.1" 200 7873 "-" "Mozilla/5.0 (compatible; SemrushBot/7~bl; +http://www.semrush.com/bot.html)"
114.119.147.73 - - [29/Jun/2022:01:00:23 +0000] "GET /node/1101/ch7_3334?ak_action=accept_mobile HTTP/1.1" 302 154 "https://mrchoke.org/node/1101/ch7_3334?ak_action=reject_mobile" "Mozilla/5.0 (Linux; Android 7.0;) AppleWebKit/537.36 (KHTML, like Gecko) Mobile Safari/537.36 (compatible; PetalBot;+https://webmaster.petalsearch.com/site/petalbot)"
114.119.147.73 - - [29/Jun/2022:01:00:23 +0000] "GET /node/1101/ch7_3334?ak_action=accept_mobile HTTP/1.1" 301 178 "https://mrchoke.org/node/1101/ch7_3334?ak_action=reject_mobile" "Mozilla/5.0 (Linux; Android 7.0;) AppleWebKit/537.36 (KHTML, like Gecko) Mobile Safari/537.36 (compatible; PetalBot;+https://webmaster.petalsearch.com/site/petalbot)"
114.119.147.73 - - [29/Jun/2022:01:00:24 +0000] "GET /node/1101/ch7_3334/?ak_action=accept_mobile HTTP/1.1" 200 7899 "https://mrchoke.org/node/1101/ch7_3334?ak_action=reject_mobile" "Mozilla/5.0 (Linux; Android 7.0;) AppleWebKit/537.36 (KHTML, like Gecko) Mobile Safari/537.36 (compatible; PetalBot;+https://webmaster.petalsearch.com/site/petalbot)"
114.119.147.97 - - [29/Jun/2022:01:03:23 +0000] "GET /node/581/img_1725?ak_action=accept_mobile HTTP/1.1" 302 154 "https://mrchoke.org/node/581/img_1725?ak_action=reject_mobile" "Mozilla/5.0 (Linux; Android 7.0;) AppleWebKit/537.36 (KHTML, like Gecko) Mobile Safari/537.36 (compatible; PetalBot;+https://webmaster.petalsearch.com/site/petalbot)"
114.119.147.97 - - [29/Jun/2022:01:03:24 +0000] "GET /node/581/img_1725?ak_action=accept_mobile HTTP/1.1" 301 178 "https://mrchoke.org/node/581/img_1725?ak_action=reject_mobile" "Mozilla/5.0 (Linux; Android 7.0;) AppleWebKit/537.36 (KHTML, like Gecko) Mobile Safari/537.36 (compatible; PetalBot;+https://webmaster.petalsearch.com/site/petalbot)"
114.119.147.97 - - [29/Jun/2022:01:03:26 +0000] "GET /node/581/img_1725/?ak_action=accept_mobile HTTP/1.1" 200 7875 "https://mrchoke.org/node/581/img_1725?ak_action=reject_mobile" "Mozilla/5.0 (Linux; Android 7.0;) AppleWebKit/537.36 (KHTML, like Gecko) Mobile Safari/537.36 (compatible; PetalBot;+https://webmaster.petalsearch.com/site/petalbot)"
185.21.216.169 - - [29/Jun/2022:01:04:06 +0000] "GET / HTTP/1.1" 200 396 "-" "Mozilla/5.0 (Macintosh; Intel Mac OS X 10_15_7) AppleWebKit/537.36 (KHTML, like Gecko) Chrome/102.0.0.0 Safari/537.36"
114.119.147.81 - - [29/Jun/2022:01:09:31 +0000] "GET /node/1829?share=twitter HTTP/1.1" 302 154 "https://mrchoke.org/node/1829?replytocom=715&ak_action=accept_mobile" "Mozilla/5.0 (Linux; Android 7.0;) AppleWebKit/537.36 (KHTML, like Gecko) Mobile Safari/537.36 (compatible; PetalBot;+https://webmaster.petalsearch.com/site/petalbot)"
114.119.147.81 - - [29/Jun/2022:01:09:35 +0000] "GET /node/1829?share=twitter HTTP/1.1" 301 178 "https://mrchoke.org/node/1829?replytocom=715&ak_action=accept_mobile" "Mozilla/5.0 (Linux; Android 7.0;) AppleWebKit/537.36 (KHTML, like Gecko) Mobile Safari/537.36 (compatible; PetalBot;+https://webmaster.petalsearch.com/site/petalbot)"
114.119.147.81 - - [29/Jun/2022:01:09:36 +0000] "GET /node/1829/?share=twitter HTTP/1.1" 200 9864 "https://mrchoke.org/node/1829?replytocom=715&ak_action=accept_mobile" "Mozilla/5.0 (Linux; Android 7.0;) AppleWebKit/537.36 (KHTML, like Gecko) Mobile Safari/537.36 (compatible; PetalBot;+https://webmaster.petalsearch.com/site/petalbot)"
109.237.103.38 - - [29/Jun/2022:01:11:53 +0000] "GET /.env HTTP/1.1" 400 666 "-" "Mozilla/5.0 (X11; Linux x86_64) AppleWebKit/537.36 (KHTML, like Gecko) Chrome/81.0.4044.129 Safari/537.36"
109.237.103.38 - - [29/Jun/2022:01:11:54 +0000] "GET /.env HTTP/1.1" 301 178 "-" "Mozilla/5.0 (X11; Linux x86_64) AppleWebKit/537.36 (KHTML, like Gecko) Chrome/81.0.4044.129 Safari/537.36"
109.237.103.38 - - [29/Jun/2022:01:11:55 +0000] "POST /.env HTTP/1.1" 301 178 "-" "Mozilla/5.0 (X11; Linux x86_64) AppleWebKit/537.36 (KHTML, like Gecko) Chrome/81.0.4044.129 Safari/537.36"
109.237.103.38 - - [29/Jun/2022:01:11:57 +0000] "GET /.aws/credentials HTTP/1.1" 301 178 "-" "Mozilla/5.0 (X11; Linux x86_64) AppleWebKit/537.36 (KHTML, like Gecko) Chrome/81.0.4044.129 Safari/537.36"
109.237.103.38 - - [29/Jun/2022:01:11:58 +0000] "POST /.aws/credentials HTTP/1.1" 301 178 "-" "Mozilla/5.0 (X11; Linux x86_64) AppleWebKit/537.36 (KHTML, like Gecko) Chrome/81.0.4044.129 Safari/537.36"
109.237.103.38 - - [29/Jun/2022:01:11:59 +0000] "GET /.aws/config HTTP/1.1" 301 178 "-" "Mozilla/5.0 (X11; Linux x86_64) AppleWebKit/537.36 (KHTML, like Gecko) Chrome/81.0.4044.129 Safari/537.36"
109.237.103.38 - - [29/Jun/2022:01:12:00 +0000] "POST /.aws/config HTTP/1.1" 301 178 "-" "Mozilla/5.0 (X11; Linux x86_64) AppleWebKit/537.36 (KHTML, like Gecko) Chrome/81.0.4044.129 Safari/537.36"
109.237.103.38 - - [29/Jun/2022:01:12:02 +0000] "GET /aws/credentials HTTP/1.1" 301 178 "-" "Mozilla/5.0 (X11; Linux x86_64) AppleWebKit/537.36 (KHTML, like Gecko) Chrome/81.0.4044.129 Safari/537.36"
109.237.103.38 - - [29/Jun/2022:01:12:04 +0000] "POST /aws/credentials HTTP/1.1" 301 178 "-" "Mozilla/5.0 (X11; Linux x86_64) AppleWebKit/537.36 (KHTML, like Gecko) Chrome/81.0.4044.129 Safari/537.36"
109.237.103.38 - - [29/Jun/2022:01:12:05 +0000] "GET /credentials HTTP/1.1" 301 178 "-" "Mozilla/5.0 (X11; Linux x86_64) AppleWebKit/537.36 (KHTML, like Gecko) Chrome/81.0.4044.129 Safari/537.36"
109.237.103.38 - - [29/Jun/2022:01:12:06 +0000] "POST /credentials HTTP/1.1" 301 178 "-" "Mozilla/5.0 (X11; Linux x86_64) AppleWebKit/537.36 (KHTML, like Gecko) Chrome/81.0.4044.129 Safari/537.36"
109.237.103.38 - - [29/Jun/2022:01:12:10 +0000] "GET /.aws HTTP/1.1" 301 178 "-" "Mozilla/5.0 (X11; Linux x86_64) AppleWebKit/537.36 (KHTML, like Gecko) Chrome/81.0.4044.129 Safari/537.36"
109.237.103.38 - - [29/Jun/2022:01:12:13 +0000] "POST /.aws HTTP/1.1" 301 178 "-" "Mozilla/5.0 (X11; Linux x86_64) AppleWebKit/537.36 (KHTML, like Gecko) Chrome/81.0.4044.129 Safari/537.36"
109.237.103.38 - - [29/Jun/2022:01:12:14 +0000] "GET /public/.env HTTP/1.1" 301 178 "-" "Mozilla/5.0 (X11; Linux x86_64) AppleWebKit/537.36 (KHTML, like Gecko) Chrome/81.0.4044.129 Safari/537.36"
109.237.103.38 - - [29/Jun/2022:01:12:16 +0000] "POST /public/.env HTTP/1.1" 301 178 "-" "Mozilla/5.0 (X11; Linux x86_64) AppleWebKit/537.36 (KHTML, like Gecko) Chrome/81.0.4044.129 Safari/537.36"
109.237.103.38 - - [29/Jun/2022:01:12:17 +0000] "GET /public/.aws/credentials HTTP/1.1" 301 178 "-" "Mozilla/5.0 (X11; Linux x86_64) AppleWebKit/537.36 (KHTML, like Gecko) Chrome/81.0.4044.129 Safari/537.36"
109.237.103.38 - - [29/Jun/2022:01:12:18 +0000] "POST /public/.aws/credentials HTTP/1.1" 301 178 "-" "Mozilla/5.0 (X11; Linux x86_64) AppleWebKit/537.36 (KHTML, like Gecko) Chrome/81.0.4044.129 Safari/537.36"
109.237.103.38 - - [29/Jun/2022:01:12:20 +0000] "GET /.aws/config HTTP/1.1" 301 178 "-" "Mozilla/5.0 (X11; Linux x86_64) AppleWebKit/537.36 (KHTML, like Gecko) Chrome/81.0.4044.129 Safari/537.36"
109.237.103.38 - - [29/Jun/2022:01:12:21 +0000] "POST /.aws/config HTTP/1.1" 301 178 "-" "Mozilla/5.0 (X11; Linux x86_64) AppleWebKit/537.36 (KHTML, like Gecko) Chrome/81.0.4044.129 Safari/537.36"
109.237.103.38 - - [29/Jun/2022:01:12:23 +0000] "GET /public/aws/credentials HTTP/1.1" 301 178 "-" "Mozilla/5.0 (X11; Linux x86_64) AppleWebKit/537.36 (KHTML, like Gecko) Chrome/81.0.4044.129 Safari/537.36"
109.237.103.38 - - [29/Jun/2022:01:12:24 +0000] "POST /public/aws/credentials HTTP/1.1" 301 178 "-" "Mozilla/5.0 (X11; Linux x86_64) AppleWebKit/537.36 (KHTML, like Gecko) Chrome/81.0.4044.129 Safari/537.36"
109.237.103.38 - - [29/Jun/2022:01:12:25 +0000] "GET /public/.aws HTTP/1.1" 301 178 "-" "Mozilla/5.0 (X11; Linux x86_64) AppleWebKit/537.36 (KHTML, like Gecko) Chrome/81.0.4044.129 Safari/537.36"
109.237.103.38 - - [29/Jun/2022:01:12:26 +0000] "POST /public/.aws HTTP/1.1" 301 178 "-" "Mozilla/5.0 (X11; Linux x86_64) AppleWebKit/537.36 (KHTML, like Gecko) Chrome/81.0.4044.129 Safari/537.36"
114.119.147.87 - - [29/Jun/2022:01:12:36 +0000] "GET /node/12?share=linkedin HTTP/1.1" 302 154 "https://mrchoke.org/node/12?ak_action=accept_mobile" "Mozilla/5.0 (Linux; Android 7.0;) AppleWebKit/537.36 (KHTML, like Gecko) Mobile Safari/537.36 (compatible; PetalBot;+https://webmaster.petalsearch.com/site/petalbot)"
114.119.147.87 - - [29/Jun/2022:01:12:36 +0000] "GET /node/12?share=linkedin HTTP/1.1" 301 178 "https://mrchoke.org/node/12?ak_action=accept_mobile" "Mozilla/5.0 (Linux; Android 7.0;) AppleWebKit/537.36 (KHTML, like Gecko) Mobile Safari/537.36 (compatible; PetalBot;+https://webmaster.petalsearch.com/site/petalbot)"
114.119.147.87 - - [29/Jun/2022:01:12:36 +0000] "GET /node/12/?share=linkedin HTTP/1.1" 200 8390 "https://mrchoke.org/node/12?ak_action=accept_mobile" "Mozilla/5.0 (Linux; Android 7.0;) AppleWebKit/537.36 (KHTML, like Gecko) Mobile Safari/537.36 (compatible; PetalBot;+https://webmaster.petalsearch.com/site/petalbot)"
185.191.171.37 - - [29/Jun/2022:01:13:34 +0000] "GET /node/1356/img_7254 HTTP/1.1" 302 154 "-" "Mozilla/5.0 (compatible; SemrushBot/7~bl; +http://www.semrush.com/bot.html)"
185.191.171.26 - - [29/Jun/2022:01:13:35 +0000] "GET /node/1356/img_7254 HTTP/1.1" 301 178 "-" "Mozilla/5.0 (compatible; SemrushBot/7~bl; +http://www.semrush.com/bot.html)"
185.191.171.4 - - [29/Jun/2022:01:13:38 +0000] "GET /node/1356/img_7254/ HTTP/1.1" 200 7923 "-" "Mozilla/5.0 (compatible; SemrushBot/7~bl; +http://www.semrush.com/bot.html)"
185.191.171.35 - - [29/Jun/2022:01:14:43 +0000] "GET /node/341 HTTP/1.1" 301 178 "-" "Mozilla/5.0 (compatible; SemrushBot/7~bl; +http://www.semrush.com/bot.html)"
185.191.171.14 - - [29/Jun/2022:01:14:45 +0000] "GET /node/341/ HTTP/1.1" 200 9029 "-" "Mozilla/5.0 (compatible; SemrushBot/7~bl; +http://www.semrush.com/bot.html)"
2001:470:1:c84::23 - - [29/Jun/2022:01:15:31 +0000] "GET / HTTP/1.1" 200 612 "-" "-"
114.119.147.87 - - [29/Jun/2022:01:15:37 +0000] "GET /node/564?ak_action=reject_mobile HTTP/1.1" 302 154 "https://mrchoke.org/node/564" "Mozilla/5.0 (Linux; Android 7.0;) AppleWebKit/537.36 (KHTML, like Gecko) Mobile Safari/537.36 (compatible; PetalBot;+https://webmaster.petalsearch.com/site/petalbot)"
114.119.147.87 - - [29/Jun/2022:01:15:37 +0000] "GET /node/564?ak_action=reject_mobile HTTP/1.1" 301 178 "https://mrchoke.org/node/564" "Mozilla/5.0 (Linux; Android 7.0;) AppleWebKit/537.36 (KHTML, like Gecko) Mobile Safari/537.36 (compatible; PetalBot;+https://webmaster.petalsearch.com/site/petalbot)"
114.119.147.87 - - [29/Jun/2022:01:15:37 +0000] "GET /node/564/?ak_action=reject_mobile HTTP/1.1" 200 8101 "https://mrchoke.org/node/564" "Mozilla/5.0 (Linux; Android 7.0;) AppleWebKit/537.36 (KHTML, like Gecko) Mobile Safari/537.36 (compatible; PetalBot;+https://webmaster.petalsearch.com/site/petalbot)"
114.119.147.74 - - [29/Jun/2022:01:18:43 +0000] "GET /node/254?share=twitter HTTP/1.1" 302 154 "https://mrchoke.org/node/254" "Mozilla/5.0 (Linux; Android 7.0;) AppleWebKit/537.36 (KHTML, like Gecko) Mobile Safari/537.36 (compatible; PetalBot;+https://webmaster.petalsearch.com/site/petalbot)"
114.119.147.74 - - [29/Jun/2022:01:18:43 +0000] "GET /node/254?share=twitter HTTP/1.1" 301 178 "https://mrchoke.org/node/254" "Mozilla/5.0 (Linux; Android 7.0;) AppleWebKit/537.36 (KHTML, like Gecko) Mobile Safari/537.36 (compatible; PetalBot;+https://webmaster.petalsearch.com/site/petalbot)"
114.119.147.74 - - [29/Jun/2022:01:18:43 +0000] "GET /node/254/?share=twitter HTTP/1.1" 200 10076 "https://mrchoke.org/node/254" "Mozilla/5.0 (Linux; Android 7.0;) AppleWebKit/537.36 (KHTML, like Gecko) Mobile Safari/537.36 (compatible; PetalBot;+https://webmaster.petalsearch.com/site/petalbot)"
114.119.147.75 - - [29/Jun/2022:01:21:53 +0000] "GET /node/308?share=facebook HTTP/1.1" 302 154 "https://mrchoke.org/node/308?ak_action=accept_mobile" "Mozilla/5.0 (Linux; Android 7.0;) AppleWebKit/537.36 (KHTML, like Gecko) Mobile Safari/537.36 (compatible; PetalBot;+https://webmaster.petalsearch.com/site/petalbot)"
114.119.147.75 - - [29/Jun/2022:01:21:53 +0000] "GET /node/308?share=facebook HTTP/1.1" 301 178 "https://mrchoke.org/node/308?ak_action=accept_mobile" "Mozilla/5.0 (Linux; Android 7.0;) AppleWebKit/537.36 (KHTML, like Gecko) Mobile Safari/537.36 (compatible; PetalBot;+https://webmaster.petalsearch.com/site/petalbot)"
114.119.147.75 - - [29/Jun/2022:01:21:53 +0000] "GET /node/308/?share=facebook HTTP/1.1" 200 8352 "https://mrchoke.org/node/308?ak_action=accept_mobile" "Mozilla/5.0 (Linux; Android 7.0;) AppleWebKit/537.36 (KHTML, like Gecko) Mobile Safari/537.36 (compatible; PetalBot;+https://webmaster.petalsearch.com/site/petalbot)"
114.119.147.75 - - [29/Jun/2022:01:24:56 +0000] "GET /node/984/img_6464?ak_action=accept_mobile HTTP/1.1" 302 154 "https://mrchoke.org/node/984/img_6464?ak_action=reject_mobile" "Mozilla/5.0 (Linux; Android 7.0;) AppleWebKit/537.36 (KHTML, like Gecko) Mobile Safari/537.36 (compatible; PetalBot;+https://webmaster.petalsearch.com/site/petalbot)"
114.119.147.75 - - [29/Jun/2022:01:24:59 +0000] "GET /node/984/img_6464?ak_action=accept_mobile HTTP/1.1" 301 178 "https://mrchoke.org/node/984/img_6464?ak_action=reject_mobile" "Mozilla/5.0 (Linux; Android 7.0;) AppleWebKit/537.36 (KHTML, like Gecko) Mobile Safari/537.36 (compatible; PetalBot;+https://webmaster.petalsearch.com/site/petalbot)"
114.119.147.75 - - [29/Jun/2022:01:25:00 +0000] "GET /node/984/img_6464/?ak_action=accept_mobile HTTP/1.1" 200 7886 "https://mrchoke.org/node/984/img_6464?ak_action=reject_mobile" "Mozilla/5.0 (Linux; Android 7.0;) AppleWebKit/537.36 (KHTML, like Gecko) Mobile Safari/537.36 (compatible; PetalBot;+https://webmaster.petalsearch.com/site/petalbot)"
114.119.147.75 - - [29/Jun/2022:01:28:06 +0000] "GET /node/1558?share=facebook HTTP/1.1" 302 154 "https://mrchoke.org/node/1558?ak_action=reject_mobile" "Mozilla/5.0 (Linux; Android 7.0;) AppleWebKit/537.36 (KHTML, like Gecko) Mobile Safari/537.36 (compatible; PetalBot;+https://webmaster.petalsearch.com/site/petalbot)"
114.119.147.75 - - [29/Jun/2022:01:28:11 +0000] "GET /node/1558?share=facebook HTTP/1.1" 301 178 "https://mrchoke.org/node/1558?ak_action=reject_mobile" "Mozilla/5.0 (Linux; Android 7.0;) AppleWebKit/537.36 (KHTML, like Gecko) Mobile Safari/537.36 (compatible; PetalBot;+https://webmaster.petalsearch.com/site/petalbot)"
114.119.147.75 - - [29/Jun/2022:01:28:13 +0000] "GET /node/1558/?share=facebook HTTP/1.1" 200 12881 "https://mrchoke.org/node/1558?ak_action=reject_mobile" "Mozilla/5.0 (Linux; Android 7.0;) AppleWebKit/537.36 (KHTML, like Gecko) Mobile Safari/537.36 (compatible; PetalBot;+https://webmaster.petalsearch.com/site/petalbot)"
114.119.147.73 - - [29/Jun/2022:01:31:03 +0000] "GET /node/1135/img_6616?ak_action=accept_mobile HTTP/1.1" 302 154 "https://mrchoke.org/node/1135/img_6616?ak_action=reject_mobile" "Mozilla/5.0 (Linux; Android 7.0;) AppleWebKit/537.36 (KHTML, like Gecko) Mobile Safari/537.36 (compatible; PetalBot;+https://webmaster.petalsearch.com/site/petalbot)"
114.119.147.73 - - [29/Jun/2022:01:31:03 +0000] "GET /node/1135/img_6616?ak_action=accept_mobile HTTP/1.1" 301 178 "https://mrchoke.org/node/1135/img_6616?ak_action=reject_mobile" "Mozilla/5.0 (Linux; Android 7.0;) AppleWebKit/537.36 (KHTML, like Gecko) Mobile Safari/537.36 (compatible; PetalBot;+https://webmaster.petalsearch.com/site/petalbot)"
114.119.147.73 - - [29/Jun/2022:01:31:03 +0000] "GET /node/1135/img_6616/?ak_action=accept_mobile HTTP/1.1" 200 7859 "https://mrchoke.org/node/1135/img_6616?ak_action=reject_mobile" "Mozilla/5.0 (Linux; Android 7.0;) AppleWebKit/537.36 (KHTML, like Gecko) Mobile Safari/537.36 (compatible; PetalBot;+https://webmaster.petalsearch.com/site/petalbot)"
114.119.147.87 - - [29/Jun/2022:01:34:13 +0000] "GET /node/date/2009/01/08 HTTP/1.1" 302 154 "https://mrchoke.org/node/221?ak_action=accept_mobile" "Mozilla/5.0 (Linux; Android 7.0;) AppleWebKit/537.36 (KHTML, like Gecko) Mobile Safari/537.36 (compatible; PetalBot;+https://webmaster.petalsearch.com/site/petalbot)"
114.119.147.87 - - [29/Jun/2022:01:34:18 +0000] "GET /node/date/2009/01/08 HTTP/1.1" 301 178 "https://mrchoke.org/node/221?ak_action=accept_mobile" "Mozilla/5.0 (Linux; Android 7.0;) AppleWebKit/537.36 (KHTML, like Gecko) Mobile Safari/537.36 (compatible; PetalBot;+https://webmaster.petalsearch.com/site/petalbot)"
114.119.147.87 - - [29/Jun/2022:01:34:22 +0000] "GET /node/date/2009/01/08/ HTTP/1.1" 200 8946 "https://mrchoke.org/node/221?ak_action=accept_mobile" "Mozilla/5.0 (Linux; Android 7.0;) AppleWebKit/537.36 (KHTML, like Gecko) Mobile Safari/537.36 (compatible; PetalBot;+https://webmaster.petalsearch.com/site/petalbot)"
51.222.253.8 - - [29/Jun/2022:01:34:35 +0000] "GET /node/60/ HTTP/2.0" 200 8692 "-" "Mozilla/5.0 (compatible; AhrefsBot/7.0; +http://ahrefs.com/robot/)"
114.119.147.87 - - [29/Jun/2022:01:37:15 +0000] "GET /node/149?share=reddit HTTP/1.1" 302 154 "https://mrchoke.org/node/149?ak_action=reject_mobile" "Mozilla/5.0 (Linux; Android 7.0;) AppleWebKit/537.36 (KHTML, like Gecko) Mobile Safari/537.36 (compatible; PetalBot;+https://webmaster.petalsearch.com/site/petalbot)"
114.119.147.87 - - [29/Jun/2022:01:37:15 +0000] "GET /node/149?share=reddit HTTP/1.1" 301 178 "https://mrchoke.org/node/149?ak_action=reject_mobile" "Mozilla/5.0 (Linux; Android 7.0;) AppleWebKit/537.36 (KHTML, like Gecko) Mobile Safari/537.36 (compatible; PetalBot;+https://webmaster.petalsearch.com/site/petalbot)"
114.119.147.87 - - [29/Jun/2022:01:37:16 +0000] "GET /node/149/?share=reddit HTTP/1.1" 200 8734 "https://mrchoke.org/node/149?ak_action=reject_mobile" "Mozilla/5.0 (Linux; Android 7.0;) AppleWebKit/537.36 (KHTML, like Gecko) Mobile Safari/537.36 (compatible; PetalBot;+https://webmaster.petalsearch.com/site/petalbot)"
185.191.171.2 - - [29/Jun/2022:01:37:28 +0000] "GET /node/category/trip/page/2 HTTP/1.1" 302 154 "-" "Mozilla/5.0 (compatible; SemrushBot/7~bl; +http://www.semrush.com/bot.html)"
185.191.171.34 - - [29/Jun/2022:01:37:29 +0000] "GET /node/category/trip/page/2 HTTP/1.1" 301 178 "-" "Mozilla/5.0 (compatible; SemrushBot/7~bl; +http://www.semrush.com/bot.html)"
185.191.171.2 - - [29/Jun/2022:01:37:32 +0000] "GET /node/category/trip/page/2/ HTTP/1.1" 200 15759 "-" "Mozilla/5.0 (compatible; SemrushBot/7~bl; +http://www.semrush.com/bot.html)"
185.191.171.42 - - [29/Jun/2022:01:40:42 +0000] "GET /node/date/2014/02/08 HTTP/1.1" 301 178 "-" "Mozilla/5.0 (compatible; SemrushBot/7~bl; +http://www.semrush.com/bot.html)"
185.191.171.22 - - [29/Jun/2022:01:40:45 +0000] "GET /node/date/2014/02/08/ HTTP/1.1" 200 9279 "-" "Mozilla/5.0 (compatible; SemrushBot/7~bl; +http://www.semrush.com/bot.html)"
185.191.171.25 - - [29/Jun/2022:01:42:52 +0000] "GET /node/date/2007/01/10 HTTP/1.1" 301 178 "-" "Mozilla/5.0 (compatible; SemrushBot/7~bl; +http://www.semrush.com/bot.html)"
185.191.171.5 - - [29/Jun/2022:01:42:55 +0000] "GET /node/date/2007/01/10/ HTTP/1.1" 200 8799 "-" "Mozilla/5.0 (compatible; SemrushBot/7~bl; +http://www.semrush.com/bot.html)"
114.119.147.74 - - [29/Jun/2022:01:43:17 +0000] "GET /node/450?share=twitter HTTP/1.1" 302 154 "https://mrchoke.org/node/450?replytocom=554&ak_action=reject_mobile" "Mozilla/5.0 (Linux; Android 7.0;) AppleWebKit/537.36 (KHTML, like Gecko) Mobile Safari/537.36 (compatible; PetalBot;+https://webmaster.petalsearch.com/site/petalbot)"
114.119.147.74 - - [29/Jun/2022:01:43:17 +0000] "GET /node/450?share=twitter HTTP/1.1" 301 178 "https://mrchoke.org/node/450?replytocom=554&ak_action=reject_mobile" "Mozilla/5.0 (Linux; Android 7.0;) AppleWebKit/537.36 (KHTML, like Gecko) Mobile Safari/537.36 (compatible; PetalBot;+https://webmaster.petalsearch.com/site/petalbot)"
114.119.147.74 - - [29/Jun/2022:01:43:17 +0000] "GET /node/450/?share=twitter HTTP/1.1" 200 9008 "https://mrchoke.org/node/450?replytocom=554&ak_action=reject_mobile" "Mozilla/5.0 (Linux; Android 7.0;) AppleWebKit/537.36 (KHTML, like Gecko) Mobile Safari/537.36 (compatible; PetalBot;+https://webmaster.petalsearch.com/site/petalbot)"
216.244.66.229 - - [29/Jun/2022:01:45:29 +0000] "GET /robots.txt HTTP/1.1" 404 162 "-" "Mozilla/5.0 (compatible; DotBot/1.2; +https://opensiteexplorer.org/dotbot; help@moz.com)"
114.119.147.74 - - [29/Jun/2022:01:46:21 +0000] "GET /node/33?share=twitter HTTP/1.1" 302 154 "https://mrchoke.org/node/33?ak_action=accept_mobile" "Mozilla/5.0 (Linux; Android 7.0;) AppleWebKit/537.36 (KHTML, like Gecko) Mobile Safari/537.36 (compatible; PetalBot;+https://webmaster.petalsearch.com/site/petalbot)"
114.119.147.74 - - [29/Jun/2022:01:46:24 +0000] "GET /node/33?share=twitter HTTP/1.1" 301 178 "https://mrchoke.org/node/33?ak_action=accept_mobile" "Mozilla/5.0 (Linux; Android 7.0;) AppleWebKit/537.36 (KHTML, like Gecko) Mobile Safari/537.36 (compatible; PetalBot;+https://webmaster.petalsearch.com/site/petalbot)"
114.119.147.74 - - [29/Jun/2022:01:46:25 +0000] "GET /node/33/?share=twitter HTTP/1.1" 200 8858 "https://mrchoke.org/node/33?ak_action=accept_mobile" "Mozilla/5.0 (Linux; Android 7.0;) AppleWebKit/537.36 (KHTML, like Gecko) Mobile Safari/537.36 (compatible; PetalBot;+https://webmaster.petalsearch.com/site/petalbot)"
185.191.171.12 - - [29/Jun/2022:01:47:14 +0000] "GET /robots.txt HTTP/1.1" 404 134 "-" "Mozilla/5.0 (compatible; SemrushBot/7~bl; +http://www.semrush.com/bot.html)"
185.191.171.3 - - [29/Jun/2022:01:47:15 +0000] "GET /node/314 HTTP/1.1" 302 154 "-" "Mozilla/5.0 (compatible; SemrushBot/7~bl; +http://www.semrush.com/bot.html)"
185.191.171.13 - - [29/Jun/2022:01:47:17 +0000] "GET /robots.txt HTTP/1.1" 404 134 "-" "Mozilla/5.0 (compatible; SemrushBot/7~bl; +http://www.semrush.com/bot.html)"
185.191.171.35 - - [29/Jun/2022:01:47:18 +0000] "GET /node/314 HTTP/1.1" 301 178 "-" "Mozilla/5.0 (compatible; SemrushBot/7~bl; +http://www.semrush.com/bot.html)"
185.191.171.3 - - [29/Jun/2022:01:47:20 +0000] "GET /node/314/ HTTP/1.1" 200 8827 "-" "Mozilla/5.0 (compatible; SemrushBot/7~bl; +http://www.semrush.com/bot.html)"
17.121.114.75 - - [29/Jun/2022:01:47:30 +0000] "GET /robots.txt HTTP/1.1" 301 178 "-" "Mozilla/5.0 (Macintosh; Intel Mac OS X 10_15_5) AppleWebKit/605.1.15 (KHTML, like Gecko) Version/13.1.1 Safari/605.1.15 (Applebot/0.1; +http://www.apple.com/go/applebot)"
17.121.113.190 - - [29/Jun/2022:01:47:31 +0000] "GET /robots.txt HTTP/1.1" 404 134 "-" "Mozilla/5.0 (Macintosh; Intel Mac OS X 10_15_5) AppleWebKit/605.1.15 (KHTML, like Gecko) Version/13.1.1 Safari/605.1.15 (Applebot/0.1; +http://www.apple.com/go/applebot)"
17.121.114.75 - - [29/Jun/2022:01:47:31 +0000] "GET / HTTP/1.1" 301 178 "-" "Mozilla/5.0 (Macintosh; Intel Mac OS X 10_15_5) AppleWebKit/605.1.15 (KHTML, like Gecko) Version/13.1.1 Safari/605.1.15 (Applebot/0.1; +http://www.apple.com/go/applebot)"
17.121.113.190 - - [29/Jun/2022:01:47:31 +0000] "GET / HTTP/1.1" 200 294 "-" "Mozilla/5.0 (Macintosh; Intel Mac OS X 10_15_5) AppleWebKit/605.1.15 (KHTML, like Gecko) Version/13.1.1 Safari/605.1.15 (Applebot/0.1; +http://www.apple.com/go/applebot)"
216.244.66.229 - - [29/Jun/2022:01:48:09 +0000] "GET /feed/?attachment_id=1511 HTTP/1.1" 404 162 "-" "Mozilla/5.0 (compatible; DotBot/1.2; +https://opensiteexplorer.org/dotbot; help@moz.com)"
216.244.66.229 - - [29/Jun/2022:01:48:14 +0000] "GET /feed/?attachment_id=1858 HTTP/1.1" 404 162 "-" "Mozilla/5.0 (compatible; DotBot/1.2; +https://opensiteexplorer.org/dotbot; help@moz.com)"
66.249.71.175 - - [29/Jun/2022:01:49:24 +0000] "GET /robots.txt HTTP/1.1" 404 134 "-" "Mozilla/5.0 (compatible; Googlebot/2.1; +http://www.google.com/bot.html)"
114.119.147.74 - - [29/Jun/2022:01:49:24 +0000] "GET /node/333 HTTP/1.1" 302 154 "https://mrchoke.org/node/334" "Mozilla/5.0 (Linux; Android 7.0;) AppleWebKit/537.36 (KHTML, like Gecko) Mobile Safari/537.36 (compatible; PetalBot;+https://webmaster.petalsearch.com/site/petalbot)"
66.249.71.173 - - [29/Jun/2022:01:49:24 +0000] "GET /node/category/music/%E0%B9%80%E0%B8%9E%E0%B8%A5%E0%B8%87%E0%B9%83%E0%B8%95%E0%B9%89/%E0%B8%AB%E0%B8%A5%E0%B8%87_%E0%B8%A5%E0%B8%87%E0%B8%A5%E0%B8%B2%E0%B8%A2/%E0%B8%95%E0%B8%B3%E0%B8%99%E0%B8%B2%E0%B8%99%E0%B8%A3%E0%B8%B1%E0%B8%81%E0%B8%AA%E0%B8%B0%E0%B8%97%E0%B9%89%E0%B8%B2%E0%B8%99%E0%B9%82%E0%B8%A5%E0%B8%81%E0%B8%B21 HTTP/1.1" 404 134 "-" "Mozilla/5.0 (compatible; Googlebot/2.1; +http://www.google.com/bot.html)"
114.119.147.74 - - [29/Jun/2022:01:49:25 +0000] "GET /node/333 HTTP/1.1" 301 178 "https://mrchoke.org/node/334" "Mozilla/5.0 (Linux; Android 7.0;) AppleWebKit/537.36 (KHTML, like Gecko) Mobile Safari/537.36 (compatible; PetalBot;+https://webmaster.petalsearch.com/site/petalbot)"
114.119.147.74 - - [29/Jun/2022:01:49:26 +0000] "GET /node/333/ HTTP/1.1" 200 9458 "https://mrchoke.org/node/334" "Mozilla/5.0 (Linux; Android 7.0;) AppleWebKit/537.36 (KHTML, like Gecko) Mobile Safari/537.36 (compatible; PetalBot;+https://webmaster.petalsearch.com/site/petalbot)"
66.249.71.178 - - [29/Jun/2022:01:52:24 +0000] "GET /node/tag/geoname/feed HTTP/1.1" 302 154 "-" "Mozilla/5.0 (compatible; Googlebot/2.1; +http://www.google.com/bot.html)"
66.249.71.31 - - [29/Jun/2022:01:52:25 +0000] "GET /node/tag/geoname/feed HTTP/1.1" 301 178 "-" "Mozilla/5.0 (compatible; Googlebot/2.1; +http://www.google.com/bot.html)"
66.249.71.28 - - [29/Jun/2022:01:52:25 +0000] "GET /node/tag/geoname/feed/ HTTP/1.1" 403 134 "-" "Mozilla/5.0 (compatible; Googlebot/2.1; +http://www.google.com/bot.html)"
114.119.147.87 - - [29/Jun/2022:01:52:35 +0000] "GET /node/category/domain/page/13?ak_action=reject_mobile HTTP/1.1" 302 154 "https://mrchoke.org/node/category/domain/page/14?ak_action=reject_mobile" "Mozilla/5.0 (Linux; Android 7.0;) AppleWebKit/537.36 (KHTML, like Gecko) Mobile Safari/537.36 (compatible; PetalBot;+https://webmaster.petalsearch.com/site/petalbot)"
114.119.147.87 - - [29/Jun/2022:01:52:37 +0000] "GET /node/category/domain/page/13?ak_action=reject_mobile HTTP/1.1" 301 178 "https://mrchoke.org/node/category/domain/page/14?ak_action=reject_mobile" "Mozilla/5.0 (Linux; Android 7.0;) AppleWebKit/537.36 (KHTML, like Gecko) Mobile Safari/537.36 (compatible; PetalBot;+https://webmaster.petalsearch.com/site/petalbot)"
114.119.147.87 - - [29/Jun/2022:01:52:38 +0000] "GET /node/category/domain/page/13/?ak_action=reject_mobile HTTP/1.1" 200 13934 "https://mrchoke.org/node/category/domain/page/14?ak_action=reject_mobile" "Mozilla/5.0 (Linux; Android 7.0;) AppleWebKit/537.36 (KHTML, like Gecko) Mobile Safari/537.36 (compatible; PetalBot;+https://webmaster.petalsearch.com/site/petalbot)"
194.146.234.33 - - [29/Jun/2022:01:52:46 +0000] "GET / HTTP/1.1" 200 612 "-" "Mozilla/5.0 (Windows NT 10.0; WOW64) AppleWebKit/537.36 (KHTML, like Gecko) Chrome/52.0.2743.116 Safari/537.36"
114.119.147.75 - - [29/Jun/2022:01:55:32 +0000] "GET /node/category/linux/linuxtle/page/2 HTTP/1.1" 302 154 "https://mrchoke.org/node/category/linux/linuxtle" "Mozilla/5.0 (Linux; Android 7.0;) AppleWebKit/537.36 (KHTML, like Gecko) Mobile Safari/537.36 (compatible; PetalBot;+https://webmaster.petalsearch.com/site/petalbot)"
114.119.147.75 - - [29/Jun/2022:01:55:32 +0000] "GET /node/category/linux/linuxtle/page/2 HTTP/1.1" 301 178 "https://mrchoke.org/node/category/linux/linuxtle" "Mozilla/5.0 (Linux; Android 7.0;) AppleWebKit/537.36 (KHTML, like Gecko) Mobile Safari/537.36 (compatible; PetalBot;+https://webmaster.petalsearch.com/site/petalbot)"
114.119.147.75 - - [29/Jun/2022:01:55:32 +0000] "GET /node/category/linux/linuxtle/page/2/ HTTP/1.1" 200 10788 "https://mrchoke.org/node/category/linux/linuxtle" "Mozilla/5.0 (Linux; Android 7.0;) AppleWebKit/537.36 (KHTML, like Gecko) Mobile Safari/537.36 (compatible; PetalBot;+https://webmaster.petalsearch.com/site/petalbot)"
167.235.26.20 - - [29/Jun/2022:01:58:31 +0000] "POST /boaform/admin/formLogin HTTP/1.1" 404 134 "http://188.166.238.131:80/admin/login.asp" "Mozilla/5.0 (X11; Ubuntu; Linux x86_64; rv:71.0) Gecko/20100101 Firefox/71.0"
167.235.26.20 - - [29/Jun/2022:01:58:31 +0000] "" 400 0 "-" "-"
192.241.212.143 - - [29/Jun/2022:02:03:49 +0000] "GET /owa/auth/logon.aspx?url=https%3a%2f%2f1%2fecp%2f HTTP/1.1" 301 178 "-" "Mozilla/5.0 zgrab/0.x"
185.191.171.11 - - [29/Jun/2022:02:06:56 +0000] "GET /node/581/img_1728 HTTP/1.1" 301 178 "-" "Mozilla/5.0 (compatible; SemrushBot/7~bl; +http://www.semrush.com/bot.html)"
185.191.171.35 - - [29/Jun/2022:02:06:58 +0000] "GET /node/581/img_1728/ HTTP/1.1" 200 7872 "-" "Mozilla/5.0 (compatible; SemrushBot/7~bl; +http://www.semrush.com/bot.html)"
185.191.171.45 - - [29/Jun/2022:02:08:46 +0000] "GET /node/512 HTTP/1.1" 302 154 "-" "Mozilla/5.0 (compatible; SemrushBot/7~bl; +http://www.semrush.com/bot.html)"
185.191.171.14 - - [29/Jun/2022:02:08:47 +0000] "GET /node/512 HTTP/1.1" 301 178 "-" "Mozilla/5.0 (compatible; SemrushBot/7~bl; +http://www.semrush.com/bot.html)"
185.191.171.2 - - [29/Jun/2022:02:08:51 +0000] "GET /node/512/ HTTP/1.1" 200 8640 "-" "Mozilla/5.0 (compatible; SemrushBot/7~bl; +http://www.semrush.com/bot.html)"
40.77.167.46 - - [29/Jun/2022:02:14:38 +0000] "GET /wp-content/uploads/2014/01/CH7_3357-766x438.jpg HTTP/2.0" 200 158832 "-" "Mozilla/5.0 (compatible; bingbot/2.0; +http://www.bing.com/bingbot.htm)"
64.62.197.17 - - [29/Jun/2022:02:16:02 +0000] "GET / HTTP/1.1" 301 178 "-" "-"
185.191.171.13 - - [29/Jun/2022:02:16:45 +0000] "GET /ch7_3548 HTTP/1.1" 301 178 "-" "Mozilla/5.0 (compatible; SemrushBot/7~bl; +http://www.semrush.com/bot.html)"
185.191.171.1 - - [29/Jun/2022:02:16:47 +0000] "GET /ch7_3548/ HTTP/1.1" 200 7880 "-" "Mozilla/5.0 (compatible; SemrushBot/7~bl; +http://www.semrush.com/bot.html)"
